[2025-05-12T23:25:31.417+0300][1041.396s][36520] GC(24663)       Merged Howl BitMap             Min: 0, Avg:  0.0, Max: 0, Diff: 0, Sum: 0, Workers: 2
[2025-05-12T23:25:31.417+0300][1041.396s][36520] GC(24663)       Merged Howl Full               Min: 0, Avg:  0.0, Max: 0, Diff: 0, Sum: 0, Workers: 2
[2025-05-12T23:25:31.417+0300][1041.396s][36520] GC(24663)       Merged Cards                   Min: 8, Avg:  8.0, Max: 8, Diff: 0, Sum: 16, Workers: 2
[2025-05-12T23:25:31.417+0300][1041.396s][36520] GC(24663)     Log Buffers (ms):              Min:  0.0, Avg:  0.0, Max:  0.0, Diff:  0.0, Sum:  0.0, Workers: 2
[2025-05-12T23:25:31.417+0300][1041.396s][36520] GC(24663)       Dirty Cards:                   Min: 0, Avg: 51.5, Max: 103, Diff: 103, Sum: 103, Workers: 2
[2025-05-12T23:25:31.417+0300][1041.396s][36520] GC(24663)       Skipped Cards:                 Min: 0, Avg:  0.0, Max: 0, Diff: 0, Sum: 0, Workers: 2
[2025-05-12T23:25:31.417+0300][1041.396s][36520] GC(24663)   Evacuate Collection Set: 0.3ms
[2025-05-12T23:25:31.417+0300][1041.396s][36520] GC(24663)     Ext Root Scanning (ms):        Min:  0.1, Avg:  0.1, Max:  0.1, Diff:  0.0, Sum:  0.2, Workers: 2
[2025-05-12T23:25:31.417+0300][1041.396s][36520] GC(24663)     Scan Heap Roots (ms):          Min:  0.0, Avg:  0.0, Max:  0.0, Diff:  0.0, Sum:  0.1, Workers: 2
[2025-05-12T23:25:31.417+0300][1041.396s][36520] GC(24663)       Scanned Cards:                 Min: 40, Avg: 51.5, Max: 63, Diff: 23, Sum: 103, Workers: 2
[2025-05-12T23:25:31.417+0300][1041.396s][36520] GC(24663)       Scanned Blocks:                Min: 30, Avg: 33.5, Max: 37, Diff: 7, Sum: 67, Workers: 2
[2025-05-12T23:25:31.417+0300][1041.396s][36520] GC(24663)       Claimed Chunks:                Min: 14, Avg: 16.5, Max: 19, Diff: 5, Sum: 33, Workers: 2
[2025-05-12T23:25:31.417+0300][1041.396s][36520] GC(24663)       Found Roots:                   Min: 58, Avg: 59.0, Max: 60, Diff: 2, Sum: 118, Workers: 2
[2025-05-12T23:25:31.417+0300][1041.396s][36520] GC(24663)     Code Root Scan (ms):           Min:  0.0, Avg:  0.0, Max:  0.0, Diff:  0.0, Sum:  0.0, Workers: 2
[2025-05-12T23:25:31.417+0300][1041.396s][36520] GC(24663)     Object Copy (ms):              Min:  0.1, Avg:  0.1, Max:  0.1, Diff:  0.0, Sum:  0.3, Workers: 2
[2025-05-12T23:25:31.417+0300][1041.396s][36520] GC(24663)     Termination (ms):              Min:  0.0, Avg:  0.0, Max:  0.0, Diff:  0.0, Sum:  0.0, Workers: 2
[2025-05-12T23:25:31.417+0300][1041.396s][36520] GC(24663)       Termination Attempts:          Min: 1, Avg:  1.0, Max: 1, Diff: 0, Sum: 2, Workers: 2
[2025-05-12T23:25:31.417+0300][1041.396s][36520] GC(24663)     GC Worker Other (ms):          Min:  0.0, Avg:  0.0, Max:  0.0, Diff:  0.0, Sum:  0.0, Workers: 2
[2025-05-12T23:25:31.417+0300][1041.396s][36520] GC(24663)     GC Worker Total (ms):          Min:  0.3, Avg:  0.3, Max:  0.3, Diff:  0.0, Sum:  0.5, Workers: 2
[2025-05-12T23:25:31.417+0300][1041.396s][36520] GC(24663)   Post Evacuate Collection Set: 0.6ms
[2025-05-12T23:25:31.417+0300][1041.396s][36520] GC(24663)     NMethod List Cleanup: 0.0ms
[2025-05-12T23:25:31.417+0300][1041.396s][36520] GC(24663)     Reference Processing: 0.1ms
[2025-05-12T23:25:31.417+0300][1041.396s][36520] GC(24663)       Notify Soft/WeakReferences: 0.0ms
[2025-05-12T23:25:31.417+0300][1041.396s][36520] GC(24663)         SoftRef (ms):                  Min:  0.0, Avg:  0.0, Max:  0.0, Diff:  0.0, Sum:  0.0, Workers: 1
[2025-05-12T23:25:31.417+0300][1041.396s][36520] GC(24663)         WeakRef (ms):                  Min:  0.0, Avg:  0.0, Max:  0.0, Diff:  0.0, Sum:  0.0, Workers: 1
[2025-05-12T23:25:31.417+0300][1041.396s][36520] GC(24663)         FinalRef (ms):                 Min:  0.0, Avg:  0.0, Max:  0.0, Diff:  0.0, Sum:  0.0, Workers: 1
[2025-05-12T23:25:31.417+0300][1041.396s][36520] GC(24663)         Total (ms):                    Min:  0.0, Avg:  0.0, Max:  0.0, Diff:  0.0, Sum:  0.0, Workers: 1
[2025-05-12T23:25:31.417+0300][1041.396s][36520] GC(24663)       Notify and keep alive finalizable: 0.0ms
[2025-05-12T23:25:31.417+0300][1041.396s][36520] GC(24663)         FinalRef (ms):                 skipped
[2025-05-12T23:25:31.417+0300][1041.396s][36520] GC(24663)       Notify PhantomReferences: 0.0ms
[2025-05-12T23:25:31.417+0300][1041.396s][36520] GC(24663)         PhantomRef (ms):               skipped
[2025-05-12T23:25:31.417+0300][1041.396s][36520] GC(24663)       SoftReference Discovered: 0, Dropped: 0, Processed: 0
[2025-05-12T23:25:31.417+0300][1041.397s][36520] GC(24663)       WeakReference Discovered: 28, Dropped: 5, Processed: 23
[2025-05-12T23:25:31.417+0300][1041.397s][36520] GC(24663)       FinalReference Discovered: 0, Dropped: 0, Processed: 0
[2025-05-12T23:25:31.417+0300][1041.397s][36520] GC(24663)       PhantomReference Discovered: 0, Dropped: 0, Processed: 0
[2025-05-12T23:25:31.417+0300][1041.397s][36520] GC(24663)     Weak Processing: 0.1ms
[2025-05-12T23:25:31.417+0300][1041.397s][36520] GC(24663)       VM Weak                        Min:  0.0, Avg:  0.0, Max:  0.0, Diff:  0.0, Sum:  0.0, Workers: 10
[2025-05-12T23:25:31.417+0300][1041.397s][36520] GC(24663)         Dead                           Min: 0, Avg:  0.0, Max: 0, Diff: 0, Sum: 0, Workers: 10
[2025-05-12T23:25:31.417+0300][1041.397s][36520] GC(24663)         Total                          Min: 0, Avg:  6.7, Max: 41, Diff: 41, Sum: 67, Workers: 10
[2025-05-12T23:25:31.417+0300][1041.397s][36520] GC(24663)       ObjectSynchronizer Weak        Min:  0.0, Avg:  0.0, Max:  0.0, Diff:  0.0, Sum:  0.0, Workers: 10
[2025-05-12T23:25:31.417+0300][1041.397s][36520] GC(24663)         Dead                           Min: 0, Avg:  0.0, Max: 0, Diff: 0, Sum: 0, Workers: 10
[2025-05-12T23:25:31.417+0300][1041.397s][36520] GC(24663)         Total                          Min: 0, Avg:  0.1, Max: 1, Diff: 1, Sum: 1, Workers: 10
[2025-05-12T23:25:31.417+0300][1041.397s][36520] GC(24663)       JVMTI Tag Weak OopStorage      Min:  0.0, Avg:  0.1, Max:  0.1, Diff:  0.0, Sum:  0.5, Workers: 10
[2025-05-12T23:25:31.417+0300][1041.397s][36520] GC(24663)         Dead                           Min: 0, Avg:  0.0, Max: 0, Diff: 0, Sum: 0, Workers: 10
[2025-05-12T23:25:31.417+0300][1041.397s][36520] GC(24663)         Total                          Min: 3390, Avg: 6289.9, Max: 12837, Diff: 9447, Sum: 62899, Workers: 10
[2025-05-12T23:25:31.417+0300][1041.397s][36520] GC(24663)       StringTable Weak               Min:  0.0, Avg:  0.0, Max:  0.0, Diff:  0.0, Sum:  0.2, Workers: 10
[2025-05-12T23:25:31.417+0300][1041.397s][36520] GC(24663)         Dead                           Min: 0, Avg:  1.7, Max: 12, Diff: 12, Sum: 17, Workers: 10
[2025-05-12T23:25:31.417+0300][1041.397s][36520] GC(24663)         Total                          Min: 3520, Avg: 3952.8, Max: 4798, Diff: 1278, Sum: 39528, Workers: 10
[2025-05-12T23:25:31.417+0300][1041.397s][36520] GC(24663)       ResolvedMethodTable Weak       Min:  0.0, Avg:  0.0, Max:  0.0, Diff:  0.0, Sum:  0.0, Workers: 10
[2025-05-12T23:25:31.417+0300][1041.397s][36520] GC(24663)         Dead                           Min: 0, Avg:  0.0, Max: 0, Diff: 0, Sum: 0, Workers: 10
[2025-05-12T23:25:31.417+0300][1041.397s][36520] GC(24663)         Total                          Min: 0, Avg: 65.2, Max: 125, Diff: 125, Sum: 652, Workers: 10
[2025-05-12T23:25:31.417+0300][1041.397s][36520] GC(24663)       JNI Weak                       Min:  0.0, Avg:  0.0, Max:  0.0, Diff:  0.0, Sum:  0.0, Workers: 10
[2025-05-12T23:25:31.417+0300][1041.397s][36520] GC(24663)         Dead                           Min: 0, Avg:  0.0, Max: 0, Diff: 0, Sum: 0, Workers: 10
[2025-05-12T23:25:31.417+0300][1041.397s][36520] GC(24663)         Total                          Min: 0, Avg:  1.1, Max: 11, Diff: 11, Sum: 11, Workers: 10
[2025-05-12T23:25:31.418+0300][1041.397s][36520] GC(24663)       StringDedup Table Weak         Min:  0.0, Avg:  0.0, Max:  0.0, Diff:  0.0, Sum:  0.0, Workers: 10
[2025-05-12T23:25:31.418+0300][1041.397s][36520] GC(24663)         Dead                           Min: 0, Avg:  0.0, Max: 0, Diff: 0, Sum: 0, Workers: 10
[2025-05-12T23:25:31.418+0300][1041.397s][36520] GC(24663)         Total                          Min: 0, Avg:  0.0, Max: 0, Diff: 0, Sum: 0, Workers: 10
[2025-05-12T23:25:31.418+0300][1041.397s][36520] GC(24663)       StringDedup Requests0 Weak     Min:  0.0, Avg:  0.0, Max:  0.0, Diff:  0.0, Sum:  0.0, Workers: 10
[2025-05-12T23:25:31.418+0300][1041.397s][36520] GC(24663)         Dead                           Min: 0, Avg:  0.0, Max: 0, Diff: 0, Sum: 0, Workers: 10
[2025-05-12T23:25:31.418+0300][1041.397s][36520] GC(24663)         Total                          Min: 0, Avg:  0.0, Max: 0, Diff: 0, Sum: 0, Workers: 10
[2025-05-12T23:25:31.418+0300][1041.397s][36520] GC(24663)       StringDedup Requests1 Weak     Min:  0.0, Avg:  0.0, Max:  0.0, Diff:  0.0, Sum:  0.0, Workers: 10
[2025-05-12T23:25:31.418+0300][1041.397s][36520] GC(24663)         Dead                           Min: 0, Avg:  0.0, Max: 0, Diff: 0, Sum: 0, Workers: 10
[2025-05-12T23:25:31.418+0300][1041.397s][36520] GC(24663)         Total                          Min: 0, Avg:  0.0, Max: 0, Diff: 0, Sum: 0, Workers: 10
[2025-05-12T23:25:31.418+0300][1041.397s][36520] GC(24663)       Weak JFR Old Object Samples    Min:  0.0, Avg:  0.0, Max:  0.0, Diff:  0.0, Sum:  0.0, Workers: 10
[2025-05-12T23:25:31.418+0300][1041.397s][36520] GC(24663)         Dead                           Min: 0, Avg:  0.0, Max: 0, Diff: 0, Sum: 0, Workers: 10
[2025-05-12T23:25:31.418+0300][1041.397s][36520] GC(24663)         Total                          Min: 0, Avg:  0.0, Max: 0, Diff: 0, Sum: 0, Workers: 10
[2025-05-12T23:25:31.418+0300][1041.397s][36520] GC(24663)     Post Evacuate Cleanup 1: 0.2ms
[2025-05-12T23:25:31.418+0300][1041.397s][36520] GC(24663)       Merge Per-Thread State (ms):   Min:  0.0, Avg:  0.0, Max:  0.0, Diff:  0.0, Sum:  0.0, Workers: 1
[2025-05-12T23:25:31.418+0300][1041.397s][36520] GC(24663)         Copied Bytes                   Min: 0, Avg:  0.0, Max: 0, Diff: 0, Sum: 0, Workers: 2
[2025-05-12T23:25:31.418+0300][1041.397s][36520] GC(24663)         LAB Waste                      Min: 0, Avg:  0.0, Max: 0, Diff: 0, Sum: 0, Workers: 2
[2025-05-12T23:25:31.418+0300][1041.397s][36520] GC(24663)         LAB Undo Waste                 Min: 0, Avg:  0.0, Max: 0, Diff: 0, Sum: 0, Workers: 2
[2025-05-12T23:25:31.418+0300][1041.397s][36520] GC(24663)       Clear Logged Cards (ms):       Min:  0.0, Avg:  0.0, Max:  0.0, Diff:  0.0, Sum:  0.0, Workers: 2
[2025-05-12T23:25:31.418+0300][1041.397s][36520] GC(24663)       Recalculate Used Memory (ms):  Min:  0.0, Avg:  0.0, Max:  0.0, Diff:  0.0, Sum:  0.0, Workers: 1
[2025-05-12T23:25:31.418+0300][1041.397s][36520] GC(24663)       Restore Retained Regions (ms): Min:  0.0, Avg:  0.0, Max:  0.0, Diff:  0.0, Sum:  0.1, Workers: 2
[2025-05-12T23:25:31.418+0300][1041.397s][36520] GC(24663)         Evacuation Failure Regions:    Min: 1, Avg:  1.0, Max: 1, Diff: 0, Sum: 1, Workers: 1
[2025-05-12T23:25:31.418+0300][1041.397s][36520] GC(24663)         Remove Self Forwards (ms):     Min:  0.0, Avg:  0.0, Max:  0.0, Diff:  0.0, Sum:  0.1, Workers: 2
[2025-05-12T23:25:31.418+0300][1041.397s][36520] GC(24663)           Forward Chunks:                Min: 25, Avg: 26.0, Max: 27, Diff: 2, Sum: 52, Workers: 2
[2025-05-12T23:25:31.418+0300][1041.397s][36520] GC(24663)           Empty Forward Chunks:          Min: 12, Avg: 12.0, Max: 12, Diff: 0, Sum: 12, Workers: 1
[2025-05-12T23:25:31.418+0300][1041.397s][36520] GC(24663)           Forward Objects:               Min: 1345, Avg: 1431.0, Max: 1517, Diff: 172, Sum: 2862, Workers: 2
[2025-05-12T23:25:31.418+0300][1041.397s][36520] GC(24663)           Forward Bytes:                 Min: 71360, Avg: 75716.0, Max: 80072, Diff: 8712, Sum: 151432, Workers: 2
[2025-05-12T23:25:31.418+0300][1041.397s][36520] GC(24663)     Post Evacuate Cleanup 2: 0.1ms
[2025-05-12T23:25:31.418+0300][1041.397s][36520] GC(24663)       Recalculate Used Memory (ms):  Min:  0.0, Avg:  0.0, Max:  0.0, Diff:  0.0, Sum:  0.0, Workers: 1
[2025-05-12T23:25:31.418+0300][1041.397s][36520] GC(24663)       Restore Preserved Marks (ms):  Min:  0.0, Avg:  0.0, Max:  0.0, Diff:  0.0, Sum:  0.0, Workers: 2
[2025-05-12T23:25:31.418+0300][1041.397s][36520] GC(24663)       Clear Retained Region Bitmaps (ms): Min:  0.0, Avg:  0.0, Max:  0.0, Diff:  0.0, Sum:  0.0, Workers: 2
[2025-05-12T23:25:31.418+0300][1041.397s][36520] GC(24663)       Update Derived Pointers (ms):  Min:  0.0, Avg:  0.0, Max:  0.0, Diff:  0.0, Sum:  0.0, Workers: 1
[2025-05-12T23:25:31.418+0300][1041.397s][36520] GC(24663)       Eagerly Reclaim Humongous Objects (ms): skipped
[2025-05-12T23:25:31.418+0300][1041.397s][36520] GC(24663)         Humongous Total                skipped
[2025-05-12T23:25:31.418+0300][1041.397s][36520] GC(24663)         Humongous Candidates           skipped
[2025-05-12T23:25:31.418+0300][1041.397s][36520] GC(24663)         Humongous Reclaimed            skipped
[2025-05-12T23:25:31.418+0300][1041.397s][36520] GC(24663)       Redirty Logged Cards (ms):     Min:  0.0, Avg:  0.0, Max:  0.0, Diff:  0.0, Sum:  0.0, Workers: 2
[2025-05-12T23:25:31.418+0300][1041.397s][36520] GC(24663)         Redirtied Cards:               Min: 0, Avg:  0.0, Max: 0, Diff: 0, Sum: 0, Workers: 2
[2025-05-12T23:25:31.418+0300][1041.397s][36520] GC(24663)       Resize TLABs (ms):             Min:  0.0, Avg:  0.0, Max:  0.0, Diff:  0.0, Sum:  0.0, Workers: 2
[2025-05-12T23:25:31.418+0300][1041.397s][36520] GC(24663)       Free Collection Set (ms):      Min:  0.0, Avg:  0.0, Max:  0.0, Diff:  0.0, Sum:  0.0, Workers: 2
[2025-05-12T23:25:31.418+0300][1041.397s][36520] GC(24663)     Rebuild Free List: 0.1ms
[2025-05-12T23:25:31.418+0300][1041.397s][36520] GC(24663)     Prepare For Mutator: 0.1ms
[2025-05-12T23:25:31.418+0300][1041.397s][36520] GC(24663)     Expand Heap After Collection: 0.0ms
[2025-05-12T23:25:31.418+0300][1041.397s][36520] GC(24663)   Other: 0.3ms
[2025-05-12T23:25:31.418+0300][1041.397s][36520] GC(24663) Coarsening (recent): Inline->AoC 0 (0) AoC->Howl 0 (0) Howl->Full 0 (0) Inline->AoC 0 (0) AoC->BitMap 0 (0) BitMap->Full 0 (0) 
[2025-05-12T23:25:31.418+0300][1041.397s][36520] GC(24663) Coarsening (all): Inline->AoC 10920 (0) AoC->Howl 7731 (0) Howl->Full 0 (0) Inline->AoC 10809 (0) AoC->BitMap 7399 (0) BitMap->Full 0 (0) 
[2025-05-12T23:25:31.418+0300][1041.397s][36520] GC(24663) Eden regions: 1->0(0)
[2025-05-12T23:25:31.418+0300][1041.397s][36520] GC(24663) Survivor regions: 0->0(0)
[2025-05-12T23:25:31.418+0300][1041.397s][36520] GC(24663) Old regions: 11->12
[2025-05-12T23:25:31.418+0300][1041.397s][36520] GC(24663) Humongous regions: 0->0
[2025-05-12T23:25:31.418+0300][1041.397s][36520] GC(24663) Metaspace: 10759K(12736K)->10759K(12736K) NonClass: 9683K(11328K)->9683K(11328K) Class: 1076K(1408K)->1076K(1408K)
[2025-05-12T23:25:31.418+0300][1041.397s][36520] GC(24663) Heap after GC invocations=21136 (full 7074):
[2025-05-12T23:25:31.418+0300][1041.397s][36520] GC(24663)  garbage-first heap   total 12288K, used 12229K [0x00000000ff400000, 0x0000000100000000)
[2025-05-12T23:25:31.418+0300][1041.397s][36520] GC(24663)   region size 1024K, 0 young (0K), 0 survivors (0K)
[2025-05-12T23:25:31.418+0300][1041.397s][36520] GC(24663)  Metaspace       used 10759K, committed 12736K, reserved 1114112K
[2025-05-12T23:25:31.418+0300][1041.397s][36520] GC(24663)   class space    used 1076K, committed 1408K, reserved 1048576K
[2025-05-12T23:25:31.418+0300][1041.397s][36520] GC(24663) Pause Young (Normal) (G1 Evacuation Pause) (Evacuation Failure) 11M->11M(12M) 4.980ms
[2025-05-12T23:25:31.418+0300][1041.397s][36520] GC(24663) User=0.00s Sys=0.00s Real=0.00s
[2025-05-12T23:25:31.418+0300][1041.397s][36520] Attempt heap expansion (allocation request failed). Allocation request: 2048B
[2025-05-12T23:25:31.418+0300][1041.397s][36520] Expand the heap. requested expansion amount: 1048576B expansion amount: 1048576B
[2025-05-12T23:25:31.418+0300][1041.397s][36520] Did not expand the heap (heap already fully expanded)
[2025-05-12T23:25:31.418+0300][1041.397s][36520] Attempting full compaction
[2025-05-12T23:25:31.418+0300][1041.397s][36520] GC(24664) Pause Full (G1 Compaction Pause)
[2025-05-12T23:25:31.418+0300][1041.397s][36520] GC(24664) Heap before GC invocations=21136 (full 7074):
[2025-05-12T23:25:31.418+0300][1041.397s][36520] GC(24664)  garbage-first heap   total 12288K, used 12229K [0x00000000ff400000, 0x0000000100000000)
[2025-05-12T23:25:31.418+0300][1041.397s][36520] GC(24664)   region size 1024K, 0 young (0K), 0 survivors (0K)
[2025-05-12T23:25:31.418+0300][1041.397s][36520] GC(24664)  Metaspace       used 10759K, committed 12736K, reserved 1114112K
[2025-05-12T23:25:31.418+0300][1041.397s][36520] GC(24664)   class space    used 1076K, committed 1408K, reserved 1048576K
[2025-05-12T23:25:31.418+0300][1041.397s][36520] GC(24664) Requesting 1 active workers for full compaction (waste limited workers: 1, adaptive workers: 2, used limited workers: 12)
[2025-05-12T23:25:31.418+0300][1041.397s][36520] GC(24664) Using 1 workers of 10 for full compaction
[2025-05-12T23:25:31.418+0300][1041.397s][36520] GC(24664) Mutator Allocation stats, regions: 0, wasted size: 0B ( 0.0%)
[2025-05-12T23:25:31.418+0300][1041.397s][36520] GC(24664) Phase 1: Mark live objects
[2025-05-12T23:25:31.426+0300][1041.404s][36520] GC(24664) Phase 1: Reference Processing
[2025-05-12T23:25:31.426+0300][1041.404s][36520] GC(24664) ReferenceProcessor::execute queues: 1, RefProcThreadModel::Single, marks_oops_alive: false
[2025-05-12T23:25:31.426+0300][1041.404s][36520] GC(24664) Skipped KeepAliveFinalRefsPhase of Reference Processing: no references
[2025-05-12T23:25:31.426+0300][1041.404s][36520] GC(24664) ReferenceProcessor::execute queues: 1, RefProcThreadModel::Single, marks_oops_alive: false
[2025-05-12T23:25:31.426+0300][1041.404s][36520] GC(24664) Reference Processing: 0.0ms
[2025-05-12T23:25:31.426+0300][1041.404s][36520] GC(24664)   Notify Soft/WeakReferences: 0.0ms
[2025-05-12T23:25:31.426+0300][1041.404s][36520] GC(24664)     SoftRef: 0.0ms
[2025-05-12T23:25:31.426+0300][1041.404s][36520] GC(24664)     WeakRef: 0.0ms
[2025-05-12T23:25:31.426+0300][1041.404s][36520] GC(24664)     FinalRef: 0.0ms
[2025-05-12T23:25:31.426+0300][1041.404s][36520] GC(24664)     Total: 0.0ms
[2025-05-12T23:25:31.426+0300][1041.404s][36520] GC(24664)   Notify and keep alive finalizable: 0.0ms
[2025-05-12T23:25:31.426+0300][1041.405s][36520] GC(24664)     FinalRef: skipped
[2025-05-12T23:25:31.426+0300][1041.405s][36520] GC(24664)   Notify PhantomReferences: 0.0ms
[2025-05-12T23:25:31.426+0300][1041.405s][36520] GC(24664)     PhantomRef: 0.0ms
[2025-05-12T23:25:31.426+0300][1041.405s][36520] GC(24664)   SoftReference Discovered: 46, Dropped: 4, Processed: 42
[2025-05-12T23:25:31.426+0300][1041.405s][36520] GC(24664)   WeakReference Discovered: 34, Dropped: 13, Processed: 21
[2025-05-12T23:25:31.426+0300][1041.405s][36520] GC(24664)   FinalReference Discovered: 0, Dropped: 0, Processed: 0
[2025-05-12T23:25:31.426+0300][1041.405s][36520] GC(24664)   PhantomReference Discovered: 23, Dropped: 23, Processed: 0
[2025-05-12T23:25:31.426+0300][1041.405s][36520] GC(24664) Phase 1: Reference Processing 0.194ms
[2025-05-12T23:25:31.426+0300][1041.405s][36520] GC(24664) Phase 1: Weak Processing
[2025-05-12T23:25:31.426+0300][1041.405s][36520] GC(24664)   VM Weak                        Min:  0.0, Avg:  0.0, Max:  0.0, Diff:  0.0, Sum:  0.0, Workers: 10
[2025-05-12T23:25:31.426+0300][1041.405s][36520] GC(24664)     Dead                           Min: 0, Avg:  2.1, Max: 21, Diff: 21, Sum: 21, Workers: 10
[2025-05-12T23:25:31.426+0300][1041.405s][36520] GC(24664)     Total                          Min: 0, Avg:  6.7, Max: 41, Diff: 41, Sum: 67, Workers: 10
[2025-05-12T23:25:31.426+0300][1041.405s][36520] GC(24664)   ObjectSynchronizer Weak        Min:  0.0, Avg:  0.0, Max:  0.0, Diff:  0.0, Sum:  0.0, Workers: 10
[2025-05-12T23:25:31.426+0300][1041.405s][36520] GC(24664)     Dead                           Min: 0, Avg:  0.0, Max: 0, Diff: 0, Sum: 0, Workers: 10
[2025-05-12T23:25:31.426+0300][1041.405s][36520] GC(24664)     Total                          Min: 0, Avg:  0.1, Max: 1, Diff: 1, Sum: 1, Workers: 10
[2025-05-12T23:25:31.426+0300][1041.405s][36520] GC(24664)   JVMTI Tag Weak OopStorage      Min:  0.0, Avg:  0.0, Max:  0.1, Diff:  0.0, Sum:  0.5, Workers: 10
[2025-05-12T23:25:31.426+0300][1041.405s][36520] GC(24664)     Dead                           Min: 0, Avg:  2.1, Max: 21, Diff: 21, Sum: 21, Workers: 10
[2025-05-12T23:25:31.426+0300][1041.405s][36520] GC(24664)     Total                          Min: 3813, Avg: 6289.9, Max: 14484, Diff: 10671, Sum: 62899, Workers: 10
[2025-05-12T23:25:31.426+0300][1041.405s][36520] GC(24664)   StringTable Weak               Min:  0.0, Avg:  0.0, Max:  0.0, Diff:  0.0, Sum:  0.2, Workers: 10
[2025-05-12T23:25:31.426+0300][1041.405s][36520] GC(24664)     Dead                           Min: 3, Avg: 14.1, Max: 37, Diff: 34, Sum: 141, Workers: 10
[2025-05-12T23:25:31.426+0300][1041.405s][36520] GC(24664)     Total                          Min: 3582, Avg: 3952.8, Max: 4800, Diff: 1218, Sum: 39528, Workers: 10
[2025-05-12T23:25:31.426+0300][1041.405s][36520] GC(24664)   ResolvedMethodTable Weak       Min:  0.0, Avg:  0.0, Max:  0.0, Diff:  0.0, Sum:  0.0, Workers: 10
[2025-05-12T23:25:31.426+0300][1041.405s][36520] GC(24664)     Dead                           Min: 0, Avg:  5.2, Max: 38, Diff: 38, Sum: 52, Workers: 10
[2025-05-12T23:25:31.426+0300][1041.405s][36520] GC(24664)     Total                          Min: 0, Avg: 65.2, Max: 125, Diff: 125, Sum: 652, Workers: 10
[2025-05-12T23:25:31.426+0300][1041.405s][36520] GC(24664)   JNI Weak                       Min:  0.0, Avg:  0.0, Max:  0.0, Diff:  0.0, Sum:  0.0, Workers: 10
[2025-05-12T23:25:31.426+0300][1041.405s][36520] GC(24664)     Dead                           Min: 0, Avg:  0.0, Max: 0, Diff: 0, Sum: 0, Workers: 10
[2025-05-12T23:25:31.426+0300][1041.405s][36520] GC(24664)     Total                          Min: 0, Avg:  1.1, Max: 11, Diff: 11, Sum: 11, Workers: 10
[2025-05-12T23:25:31.426+0300][1041.405s][36520] GC(24664)   StringDedup Table Weak         Min:  0.0, Avg:  0.0, Max:  0.0, Diff:  0.0, Sum:  0.0, Workers: 10
[2025-05-12T23:25:31.426+0300][1041.405s][36520] GC(24664)     Dead                           Min: 0, Avg:  0.0, Max: 0, Diff: 0, Sum: 0, Workers: 10
[2025-05-12T23:25:31.426+0300][1041.405s][36520] GC(24664)     Total                          Min: 0, Avg:  0.0, Max: 0, Diff: 0, Sum: 0, Workers: 10
[2025-05-12T23:25:31.426+0300][1041.405s][36520] GC(24664)   StringDedup Requests0 Weak     Min:  0.0, Avg:  0.0, Max:  0.0, Diff:  0.0, Sum:  0.0, Workers: 10
[2025-05-12T23:25:31.426+0300][1041.405s][36520] GC(24664)     Dead                           Min: 0, Avg:  0.0, Max: 0, Diff: 0, Sum: 0, Workers: 10
[2025-05-12T23:25:31.426+0300][1041.405s][36520] GC(24664)     Total                          Min: 0, Avg:  0.0, Max: 0, Diff: 0, Sum: 0, Workers: 10
[2025-05-12T23:25:31.426+0300][1041.405s][36520] GC(24664)   StringDedup Requests1 Weak     Min:  0.0, Avg:  0.0, Max:  0.0, Diff:  0.0, Sum:  0.0, Workers: 10
[2025-05-12T23:25:31.426+0300][1041.405s][36520] GC(24664)     Dead                           Min: 0, Avg:  0.0, Max: 0, Diff: 0, Sum: 0, Workers: 10
[2025-05-12T23:25:31.426+0300][1041.405s][36520] GC(24664)     Total                          Min: 0, Avg:  0.0, Max: 0, Diff: 0, Sum: 0, Workers: 10
[2025-05-12T23:25:31.426+0300][1041.405s][36520] GC(24664)   Weak JFR Old Object Samples    Min:  0.0, Avg:  0.0, Max:  0.0, Diff:  0.0, Sum:  0.0, Workers: 10
[2025-05-12T23:25:31.426+0300][1041.405s][36520] GC(24664)     Dead                           Min: 0, Avg:  0.0, Max: 0, Diff: 0, Sum: 0, Workers: 10
[2025-05-12T23:25:31.426+0300][1041.405s][36520] GC(24664)     Total                          Min: 0, Avg:  0.0, Max: 0, Diff: 0, Sum: 0, Workers: 10
[2025-05-12T23:25:31.426+0300][1041.405s][36520] GC(24664) Phase 1: Weak Processing 0.459ms
[2025-05-12T23:25:31.426+0300][1041.405s][36520] GC(24664) Phase 1: Class Unloading and Cleanup
[2025-05-12T23:25:31.426+0300][1041.405s][36520] GC(24664) ClassLoaderData
[2025-05-12T23:25:31.426+0300][1041.405s][36520] GC(24664) ClassLoaderData 0.065ms
[2025-05-12T23:25:31.426+0300][1041.405s][36520] GC(24664) Trigger cleanups
[2025-05-12T23:25:31.426+0300][1041.405s][36520] GC(24664) Trigger cleanups 0.009ms
[2025-05-12T23:25:31.430+0300][1041.409s][36520] GC(24664) Phase 1: Class Unloading and Cleanup 3.836ms
[2025-05-12T23:25:31.430+0300][1041.409s][36520] GC(24664) Report Object Count
[2025-05-12T23:25:31.430+0300][1041.409s][36520] GC(24664) Report Object Count 0.011ms
[2025-05-12T23:25:31.430+0300][1041.409s][36520] GC(24664) Phase 1: Mark live objects 11.466ms
[2025-05-12T23:25:31.430+0300][1041.409s][36520] GC(24664) Phase 2: Prepare compaction
[2025-05-12T23:25:31.430+0300][1041.409s][36520] GC(24664) Phase 2: Determine work lists
[2025-05-12T23:25:31.430+0300][1041.409s][36520] GC(24664) Phase 2: Determine work lists 0.010ms
[2025-05-12T23:25:31.430+0300][1041.409s][36520] GC(24664) Phase 2: Prepare parallel compaction
[2025-05-12T23:25:31.430+0300][1041.409s][36520] GC(24664) Phase 2: Prepare parallel compaction 0.203ms
[2025-05-12T23:25:31.430+0300][1041.409s][36520] GC(24664) Phase 2: Prepare compaction 0.255ms
[2025-05-12T23:25:31.430+0300][1041.409s][36520] GC(24664) Phase 3: Adjust pointers
[2025-05-12T23:25:31.434+0300][1041.413s][36520] GC(24664) Phase 3: Adjust pointers 4.167ms
[2025-05-12T23:25:31.434+0300][1041.414s][36520] GC(24664) Phase 4: Compact heap
[2025-05-12T23:25:31.435+0300][1041.414s][36520] GC(24664) Phase 4: Compact heap 0.192ms
[2025-05-12T23:25:31.435+0300][1041.414s][36520] GC(24664) Phase 5: Reset Metadata
[2025-05-12T23:25:31.436+0300][1041.415s][36520] GC(24664) Phase 5: Reset Metadata 1.414ms
[2025-05-12T23:25:31.436+0300][1041.416s][36520] GC(24664) Running G1 Clear Bitmap with 1 workers for 1 work units.
[2025-05-12T23:25:31.438+0300][1041.417s][36520] GC(24664) Request concurrent cycle initiation (occupancy higher than threshold) occupancy: 11534336B allocation request: 0B threshold: 3772249B (29.98) source: end of Full GC
[2025-05-12T23:25:31.438+0300][1041.417s][36520] Old generation allocation in the last mutator period, old gen allocated: 0B, humongous allocated: 0B, old gen growth: 0B.
[2025-05-12T23:25:31.438+0300][1041.417s][36520] GC(24664) Coarsening (recent): Inline->AoC 0 (0) AoC->Howl 0 (0) Howl->Full 0 (0) Inline->AoC 0 (0) AoC->BitMap 0 (0) BitMap->Full 0 (0) 
[2025-05-12T23:25:31.438+0300][1041.417s][36520] GC(24664) Coarsening (all): Inline->AoC 10920 (0) AoC->Howl 7731 (0) Howl->Full 0 (0) Inline->AoC 10809 (0) AoC->BitMap 7399 (0) BitMap->Full 0 (0) 
[2025-05-12T23:25:31.438+0300][1041.417s][36520] GC(24664) Eden regions: 0->0(1)
[2025-05-12T23:25:31.438+0300][1041.417s][36520] GC(24664) Survivor regions: 0->0(0)
[2025-05-12T23:25:31.438+0300][1041.417s][36520] GC(24664) Old regions: 12->11
[2025-05-12T23:25:31.438+0300][1041.417s][36520] GC(24664) Humongous regions: 0->0
[2025-05-12T23:25:31.438+0300][1041.417s][36520] GC(24664) Metaspace: 10759K(12736K)->10716K(12736K) NonClass: 9683K(11328K)->9652K(11328K) Class: 1076K(1408K)->1064K(1408K)
[2025-05-12T23:25:31.438+0300][1041.417s][36520] GC(24664) Heap after GC invocations=21137 (full 7075):
[2025-05-12T23:25:31.438+0300][1041.417s][36520] GC(24664)  garbage-first heap   total 12288K, used 11163K [0x00000000ff400000, 0x0000000100000000)
[2025-05-12T23:25:31.438+0300][1041.417s][36520] GC(24664)   region size 1024K, 0 young (0K), 0 survivors (0K)
[2025-05-12T23:25:31.438+0300][1041.417s][36520] GC(24664)  Metaspace       used 10716K, committed 12736K, reserved 1114112K
[2025-05-12T23:25:31.438+0300][1041.417s][36520] GC(24664)   class space    used 1064K, committed 1408K, reserved 1048576K
[2025-05-12T23:25:31.438+0300][1041.417s][36520] GC(24664) Pause Full (G1 Compaction Pause) 11M->10M(12M) 19.818ms
[2025-05-12T23:25:31.438+0300][1041.417s][36520] GC(24664) User=0.00s Sys=0.00s Real=0.02s
[2025-05-12T23:25:31.438+0300][1041.417s][9340 ] G1 Service Thread (Card Set Free Memory Task) (run: 23.448ms) (cpu: 0.000ms)
[2025-05-12T23:25:31.453+0300][1041.433s][36520] GC(24665) Initiate concurrent cycle (concurrent cycle initiation requested)
[2025-05-12T23:25:31.453+0300][1041.433s][36520] GC(24665) Pause Young (Concurrent Start) (G1 Evacuation Pause)
[2025-05-12T23:25:31.453+0300][1041.433s][36520] GC(24665) Heap before GC invocations=21137 (full 7075):
[2025-05-12T23:25:31.453+0300][1041.433s][36520] GC(24665)  garbage-first heap   total 12288K, used 12187K [0x00000000ff400000, 0x0000000100000000)
[2025-05-12T23:25:31.453+0300][1041.433s][36520] GC(24665)   region size 1024K, 1 young (1024K), 0 survivors (0K)
[2025-05-12T23:25:31.453+0300][1041.433s][36520] GC(24665)  Metaspace       used 10757K, committed 12736K, reserved 1114112K
[2025-05-12T23:25:31.453+0300][1041.433s][36520] GC(24665)   class space    used 1075K, committed 1408K, reserved 1048576K
[2025-05-12T23:25:31.453+0300][1041.433s][36520] GC(24665) Using 2 workers of 10 for evacuation
[2025-05-12T23:25:31.453+0300][1041.433s][36520] GC(24665) Desired survivor size 524288 bytes, new threshold 15 (max threshold 15)
[2025-05-12T23:25:31.454+0300][1041.433s][36520] GC(24665) TLAB totals: thrds: 1  refills: 319 max: 319 slow allocs: 159 max 159 waste: 22.1% gc: 0B max: 0B slow: 191328B max: 191328B
[2025-05-12T23:25:31.454+0300][1041.433s][36520] GC(24665) Mutator refinement: 0.00ms, refined: 0, precleaned: 0, dirtied: 90
[2025-05-12T23:25:31.454+0300][1041.433s][36520] GC(24665) Concurrent refinement: 0.00ms, refined: 0, precleaned: 0, dirtied: 0
[2025-05-12T23:25:31.454+0300][1041.433s][36520] GC(24665) Total refinement: 0.00ms, refined: 0, precleaned: 0, dirtied: 90
[2025-05-12T23:25:31.454+0300][1041.433s][36520] GC(24665) Generate dirty cards rate: 5.63 cards/ms
[2025-05-12T23:25:31.454+0300][1041.433s][36520] GC(24665) Mutator Allocation stats, regions: 1, wasted size: 1368B ( 0.1%)
[2025-05-12T23:25:31.454+0300][1041.433s][36520] GC(24665) No candidates to reclaim.
[2025-05-12T23:25:31.454+0300][1041.433s][36520] GC(24665) Running G1 Merge Heap Roots using 2 workers for 1 regions
[2025-05-12T23:25:31.454+0300][1041.433s][36520] GC(24665) Visited cards 992 Total dirty 12288 (8.07%) Total old 26624 (3.73%)
[2025-05-12T23:25:31.454+0300][1041.433s][18860] GC(24665) Attempt heap expansion (region allocation request failed). Allocation request: 2064B
[2025-05-12T23:25:31.454+0300][1041.433s][18860] GC(24665) Did not expand the heap (heap already fully expanded)
[2025-05-12T23:25:31.454+0300][1041.434s][36520] GC(24665) ReferenceProcessor::execute queues: 1, RefProcThreadModel::Single, marks_oops_alive: false
[2025-05-12T23:25:31.454+0300][1041.434s][36520] GC(24665) Skipped KeepAliveFinalRefsPhase of Reference Processing: no references
[2025-05-12T23:25:31.454+0300][1041.434s][36520] GC(24665) Skipped PhantomRefsPhase of Reference Processing: no references
[2025-05-12T23:25:31.454+0300][1041.434s][36520] GC(24665) Initializing removing self forwards with 64 chunks per region
[2025-05-12T23:25:31.455+0300][1041.434s][36520] GC(24665) Running G1 Rebuild Free List Task using 2 workers for rebuilding free list of regions
[2025-05-12T23:25:31.455+0300][1041.434s][36520] GC(24665) Young PLAB allocation: allocated: 0B, wasted: 0B, unused: 0B, used: 0B, undo waste: 0B, 
[2025-05-12T23:25:31.455+0300][1041.434s][36520] GC(24665) Young other allocation: region end waste: 0B, regions filled: 0, num plab filled: 2, direct allocated: 0B, num direct allocated: 0, failure used: 0B, failure wasted: 0B
[2025-05-12T23:25:31.455+0300][1041.434s][36520] GC(24665) Young sizing: calculated: 0B, actual: 2064B
[2025-05-12T23:25:31.455+0300][1041.434s][36520] GC(24665) Old PLAB allocation: allocated: 0B, wasted: 0B, unused: 0B, used: 0B, undo waste: 0B, 
[2025-05-12T23:25:31.455+0300][1041.434s][36520] GC(24665) Old other allocation: region end waste: 0B, regions filled: 0, num plab filled: 2, direct allocated: 0B, num direct allocated: 0, failure used: 221112B, failure wasted: 827464B
[2025-05-12T23:25:31.455+0300][1041.434s][36520] GC(24665) Old sizing: calculated: 0B, actual: 2064B
[2025-05-12T23:25:31.455+0300][1041.434s][36520] GC(24665) Heap expansion: short term pause time ratio 37.28% long term pause time ratio 41.08% threshold 7.69% pause time ratio 7.69% fully expanded true resize by 0B
[2025-05-12T23:25:31.455+0300][1041.434s][9340 ] G1 Service Thread (Card Set Free Memory Task) (run 0.045ms after schedule)
[2025-05-12T23:25:31.455+0300][1041.434s][36520] GC(24665) MMU: 7.6ms (200.0ms/201.0ms)
[2025-05-12T23:25:31.455+0300][1041.434s][36520] Old generation allocation in the last mutator period, old gen allocated: 1048576B, humongous allocated: 0B, old gen growth: 1048576B.
[2025-05-12T23:25:31.455+0300][1041.434s][36520] GC(24665) Basic information (value update), threshold: 3590004B (28.53), target occupancy: 12582912B, current occupancy: 12479616B, recent allocation size: 1048576B, recent allocation duration: 15.98ms, recent old gen allocation rate: 65618022.53B/s, recent marking phase length: 120.12ms
[2025-05-12T23:25:31.455+0300][1041.434s][36520] GC(24665) Adaptive IHOP information (value update), threshold: 3590004B (33.57), internal target occupancy: 10695475B, occupancy: 12479616B, additional buffer size: 1048576B, predicted old gen allocation rate: 50188527.58B/s, predicted marking phase length: 120.68ms, prediction active: true
[2025-05-12T23:25:31.455+0300][1041.434s][36520] GC(24665) GC refinement: goal: 18446744073709551615 + 102 / 20.00ms, actual: 90 / 0.03ms, 
[2025-05-12T23:25:31.455+0300][1041.434s][36520] GC(24665) Unchanged pending cards target: 18446744073709551615
[2025-05-12T23:25:31.455+0300][1041.434s][36520] GC(24665)   Pre Evacuate Collection Set: 0.2ms
[2025-05-12T23:25:31.455+0300][1041.434s][36520] GC(24665)     Pre Evacuate Prepare: 0.1ms
[2025-05-12T23:25:31.455+0300][1041.434s][36520] GC(24665)       JT Retire TLABs And Flush Logs (ms): Min:  0.0, Avg:  0.0, Max:  0.0, Diff:  0.0, Sum:  0.0, Workers: 2
[2025-05-12T23:25:31.455+0300][1041.434s][36520] GC(24665)       Non-JT Flush Logs (ms):        Min:  0.0, Avg:  0.0, Max:  0.0, Diff:  0.0, Sum:  0.0, Workers: 1
[2025-05-12T23:25:31.455+0300][1041.434s][36520] GC(24665)     Choose Collection Set: 0.0ms
[2025-05-12T23:25:31.455+0300][1041.434s][36520] GC(24665)     Region Register: 0.1ms
[2025-05-12T23:25:31.455+0300][1041.434s][36520] GC(24665)     Prepare Heap Roots: 0.0ms
[2025-05-12T23:25:31.455+0300][1041.434s][36520] GC(24665)     Reset Marking State (ms):      Min:  0.0, Avg:  0.0, Max:  0.0, Diff:  0.0, Sum:  0.0, Workers: 1
[2025-05-12T23:25:31.455+0300][1041.434s][36520] GC(24665)     Note Start Of Mark (ms):       Min:  0.0, Avg:  0.0, Max:  0.0, Diff:  0.0, Sum:  0.0, Workers: 2
[2025-05-12T23:25:31.455+0300][1041.434s][36520] GC(24665)   Merge Heap Roots: 0.1ms
[2025-05-12T23:25:31.455+0300][1041.434s][36520] GC(24665)     Prepare Merge Heap Roots: 0.0ms
[2025-05-12T23:25:31.455+0300][1041.434s][36520] GC(24665)     Remembered Sets (ms):          Min:  0.0, Avg:  0.0, Max:  0.0, Diff:  0.0, Sum:  0.0, Workers: 2
[2025-05-12T23:25:31.455+0300][1041.434s][36520] GC(24665)       Eager Reclaim (ms):            skipped
[2025-05-12T23:25:31.455+0300][1041.434s][36520] GC(24665)       Merged Inline                  Min: 0, Avg:  0.0, Max: 0, Diff: 0, Sum: 0, Workers: 2
[2025-05-12T23:25:31.455+0300][1041.434s][36520] GC(24665)       Merged ArrayOfCards            Min: 0, Avg:  0.0, Max: 0, Diff: 0, Sum: 0, Workers: 2
[2025-05-12T23:25:31.455+0300][1041.434s][36520] GC(24665)       Merged Howl                    Min: 0, Avg:  0.0, Max: 0, Diff: 0, Sum: 0, Workers: 2
[2025-05-12T23:25:31.455+0300][1041.434s][36520] GC(24665)       Merged Full                    Min: 0, Avg:  0.0, Max: 0, Diff: 0, Sum: 0, Workers: 2
[2025-05-12T23:25:31.455+0300][1041.434s][36520] GC(24665)       Merged Howl Inline             Min: 0, Avg:  0.0, Max: 0, Diff: 0, Sum: 0, Workers: 2
[2025-05-12T23:25:31.455+0300][1041.435s][36520] GC(24665)       Merged Howl ArrayOfCards       Min: 0, Avg:  0.0, Max: 0, Diff: 0, Sum: 0, Workers: 2
[2025-05-12T23:25:31.455+0300][1041.435s][36520] GC(24665)       Merged Howl BitMap             Min: 0, Avg:  0.0, Max: 0, Diff: 0, Sum: 0, Workers: 2
[2025-05-12T23:25:31.455+0300][1041.435s][36520] GC(24665)       Merged Howl Full               Min: 0, Avg:  0.0, Max: 0, Diff: 0, Sum: 0, Workers: 2
[2025-05-12T23:25:31.455+0300][1041.435s][36520] GC(24665)       Merged Cards                   Min: 8, Avg:  8.0, Max: 8, Diff: 0, Sum: 16, Workers: 2
[2025-05-12T23:25:31.455+0300][1041.435s][36520] GC(24665)     Log Buffers (ms):              Min:  0.0, Avg:  0.0, Max:  0.0, Diff:  0.0, Sum:  0.0, Workers: 2
[2025-05-12T23:25:31.455+0300][1041.435s][36520] GC(24665)       Dirty Cards:                   Min: 16, Avg: 45.0, Max: 74, Diff: 58, Sum: 90, Workers: 2
[2025-05-12T23:25:31.455+0300][1041.435s][36520] GC(24665)       Skipped Cards:                 Min: 0, Avg:  0.0, Max: 0, Diff: 0, Sum: 0, Workers: 2
[2025-05-12T23:25:31.455+0300][1041.435s][36520] GC(24665)   Evacuate Collection Set: 0.4ms
[2025-05-12T23:25:31.455+0300][1041.435s][36520] GC(24665)     Ext Root Scanning (ms):        Min:  0.1, Avg:  0.2, Max:  0.2, Diff:  0.0, Sum:  0.3, Workers: 2
[2025-05-12T23:25:31.455+0300][1041.435s][36520] GC(24665)     Scan Heap Roots (ms):          Min:  0.0, Avg:  0.0, Max:  0.0, Diff:  0.0, Sum:  0.1, Workers: 2
[2025-05-12T23:25:31.455+0300][1041.435s][36520] GC(24665)       Scanned Cards:                 Min: 43, Avg: 45.0, Max: 47, Diff: 4, Sum: 90, Workers: 2
[2025-05-12T23:25:31.455+0300][1041.435s][36520] GC(24665)       Scanned Blocks:                Min: 28, Avg: 29.0, Max: 30, Diff: 2, Sum: 58, Workers: 2
[2025-05-12T23:25:31.455+0300][1041.435s][36520] GC(24665)       Claimed Chunks:                Min: 14, Avg: 15.5, Max: 17, Diff: 3, Sum: 31, Workers: 2
[2025-05-12T23:25:31.455+0300][1041.435s][36520] GC(24665)       Found Roots:                   Min: 50, Avg: 57.5, Max: 65, Diff: 15, Sum: 115, Workers: 2
[2025-05-12T23:25:31.455+0300][1041.435s][36520] GC(24665)     Code Root Scan (ms):           Min:  0.0, Avg:  0.0, Max:  0.0, Diff:  0.0, Sum:  0.0, Workers: 2
[2025-05-12T23:25:31.455+0300][1041.435s][36520] GC(24665)     Object Copy (ms):              Min:  0.2, Avg:  0.2, Max:  0.2, Diff:  0.1, Sum:  0.4, Workers: 2
[2025-05-12T23:25:31.455+0300][1041.435s][36520] GC(24665)     Termination (ms):              Min:  0.0, Avg:  0.0, Max:  0.0, Diff:  0.0, Sum:  0.0, Workers: 2
[2025-05-12T23:25:31.455+0300][1041.435s][36520] GC(24665)       Termination Attempts:          Min: 1, Avg:  1.0, Max: 1, Diff: 0, Sum: 2, Workers: 2
[2025-05-12T23:25:31.455+0300][1041.435s][36520] GC(24665)     GC Worker Other (ms):          Min:  0.0, Avg:  0.0, Max:  0.0, Diff:  0.0, Sum:  0.0, Workers: 2
[2025-05-12T23:25:31.455+0300][1041.435s][36520] GC(24665)     GC Worker Total (ms):          Min:  0.4, Avg:  0.4, Max:  0.4, Diff:  0.0, Sum:  0.8, Workers: 2
[2025-05-12T23:25:31.455+0300][1041.435s][36520] GC(24665)   Post Evacuate Collection Set: 0.4ms
[2025-05-12T23:25:31.455+0300][1041.435s][36520] GC(24665)     NMethod List Cleanup: 0.0ms
[2025-05-12T23:25:31.455+0300][1041.435s][36520] GC(24665)     Reference Processing: 0.0ms
[2025-05-12T23:25:31.455+0300][1041.435s][36520] GC(24665)       Notify Soft/WeakReferences: 0.0ms
[2025-05-12T23:25:31.455+0300][1041.435s][36520] GC(24665)         SoftRef (ms):                  Min:  0.0, Avg:  0.0, Max:  0.0, Diff:  0.0, Sum:  0.0, Workers: 1
[2025-05-12T23:25:31.455+0300][1041.435s][36520] GC(24665)         WeakRef (ms):                  Min:  0.0, Avg:  0.0, Max:  0.0, Diff:  0.0, Sum:  0.0, Workers: 1
[2025-05-12T23:25:31.455+0300][1041.435s][36520] GC(24665)         FinalRef (ms):                 Min:  0.0, Avg:  0.0, Max:  0.0, Diff:  0.0, Sum:  0.0, Workers: 1
[2025-05-12T23:25:31.455+0300][1041.435s][36520] GC(24665)         Total (ms):                    Min:  0.0, Avg:  0.0, Max:  0.0, Diff:  0.0, Sum:  0.0, Workers: 1
[2025-05-12T23:25:31.455+0300][1041.435s][36520] GC(24665)       Notify and keep alive finalizable: 0.0ms
[2025-05-12T23:25:31.455+0300][1041.435s][36520] GC(24665)         FinalRef (ms):                 skipped
[2025-05-12T23:25:31.455+0300][1041.435s][36520] GC(24665)       Notify PhantomReferences: 0.0ms
[2025-05-12T23:25:31.455+0300][1041.435s][36520] GC(24665)         PhantomRef (ms):               skipped
[2025-05-12T23:25:31.455+0300][1041.435s][36520] GC(24665)       SoftReference Discovered: 0, Dropped: 0, Processed: 0
[2025-05-12T23:25:31.455+0300][1041.435s][36520] GC(24665)       WeakReference Discovered: 42, Dropped: 19, Processed: 23
[2025-05-12T23:25:31.455+0300][1041.435s][36520] GC(24665)       FinalReference Discovered: 0, Dropped: 0, Processed: 0
[2025-05-12T23:25:31.455+0300][1041.435s][36520] GC(24665)       PhantomReference Discovered: 0, Dropped: 0, Processed: 0
[2025-05-12T23:25:31.455+0300][1041.435s][36520] GC(24665)     Weak Processing: 0.1ms
[2025-05-12T23:25:31.455+0300][1041.435s][36520] GC(24665)       VM Weak                        Min:  0.0, Avg:  0.0, Max:  0.0, Diff:  0.0, Sum:  0.0, Workers: 10
[2025-05-12T23:25:31.455+0300][1041.435s][36520] GC(24665)         Dead                           Min: 0, Avg:  0.0, Max: 0, Diff: 0, Sum: 0, Workers: 10
[2025-05-12T23:25:31.455+0300][1041.435s][36520] GC(24665)         Total                          Min: 0, Avg:  6.6, Max: 40, Diff: 40, Sum: 66, Workers: 10
[2025-05-12T23:25:31.455+0300][1041.435s][36520] GC(24665)       ObjectSynchronizer Weak        Min:  0.0, Avg:  0.0, Max:  0.0, Diff:  0.0, Sum:  0.0, Workers: 10
[2025-05-12T23:25:31.455+0300][1041.435s][36520] GC(24665)         Dead                           Min: 0, Avg:  0.0, Max: 0, Diff: 0, Sum: 0, Workers: 10
[2025-05-12T23:25:31.455+0300][1041.435s][36520] GC(24665)         Total                          Min: 0, Avg:  0.1, Max: 1, Diff: 1, Sum: 1, Workers: 10
[2025-05-12T23:25:31.455+0300][1041.435s][36520] GC(24665)       JVMTI Tag Weak OopStorage      Min:  0.0, Avg:  0.1, Max:  0.1, Diff:  0.0, Sum:  0.5, Workers: 10
[2025-05-12T23:25:31.455+0300][1041.435s][36520] GC(24665)         Dead                           Min: 0, Avg:  0.0, Max: 0, Diff: 0, Sum: 0, Workers: 10
[2025-05-12T23:25:31.455+0300][1041.435s][36520] GC(24665)         Total                          Min: 3067, Avg: 6289.8, Max: 12015, Diff: 8948, Sum: 62898, Workers: 10
[2025-05-12T23:25:31.455+0300][1041.435s][36520] GC(24665)       StringTable Weak               Min:  0.0, Avg:  0.0, Max:  0.0, Diff:  0.0, Sum:  0.2, Workers: 10
[2025-05-12T23:25:31.455+0300][1041.435s][36520] GC(24665)         Dead                           Min: 0, Avg:  0.0, Max: 0, Diff: 0, Sum: 0, Workers: 10
[2025-05-12T23:25:31.455+0300][1041.435s][36520] GC(24665)         Total                          Min: 3456, Avg: 3952.8, Max: 4736, Diff: 1280, Sum: 39528, Workers: 10
[2025-05-12T23:25:31.455+0300][1041.435s][36520] GC(24665)       ResolvedMethodTable Weak       Min:  0.0, Avg:  0.0, Max:  0.0, Diff:  0.0, Sum:  0.0, Workers: 10
[2025-05-12T23:25:31.455+0300][1041.435s][36520] GC(24665)         Dead                           Min: 0, Avg:  0.0, Max: 0, Diff: 0, Sum: 0, Workers: 10
[2025-05-12T23:25:31.455+0300][1041.435s][36520] GC(24665)         Total                          Min: 0, Avg: 66.8, Max: 128, Diff: 128, Sum: 668, Workers: 10
[2025-05-12T23:25:31.455+0300][1041.435s][36520] GC(24665)       JNI Weak                       Min:  0.0, Avg:  0.0, Max:  0.0, Diff:  0.0, Sum:  0.0, Workers: 10
[2025-05-12T23:25:31.455+0300][1041.435s][36520] GC(24665)         Dead                           Min: 0, Avg:  0.0, Max: 0, Diff: 0, Sum: 0, Workers: 10
[2025-05-12T23:25:31.455+0300][1041.435s][36520] GC(24665)         Total                          Min: 0, Avg:  1.1, Max: 11, Diff: 11, Sum: 11, Workers: 10
[2025-05-12T23:25:31.456+0300][1041.435s][36520] GC(24665)       StringDedup Table Weak         Min:  0.0, Avg:  0.0, Max:  0.0, Diff:  0.0, Sum:  0.0, Workers: 10
[2025-05-12T23:25:31.456+0300][1041.435s][36520] GC(24665)         Dead                           Min: 0, Avg:  0.0, Max: 0, Diff: 0, Sum: 0, Workers: 10
[2025-05-12T23:25:31.456+0300][1041.435s][36520] GC(24665)         Total                          Min: 0, Avg:  0.0, Max: 0, Diff: 0, Sum: 0, Workers: 10
[2025-05-12T23:25:31.456+0300][1041.435s][36520] GC(24665)       StringDedup Requests0 Weak     Min:  0.0, Avg:  0.0, Max:  0.0, Diff:  0.0, Sum:  0.0, Workers: 10
[2025-05-12T23:25:31.456+0300][1041.435s][36520] GC(24665)         Dead                           Min: 0, Avg:  0.0, Max: 0, Diff: 0, Sum: 0, Workers: 10
[2025-05-12T23:25:31.456+0300][1041.435s][36520] GC(24665)         Total                          Min: 0, Avg:  0.0, Max: 0, Diff: 0, Sum: 0, Workers: 10
[2025-05-12T23:25:31.456+0300][1041.435s][36520] GC(24665)       StringDedup Requests1 Weak     Min:  0.0, Avg:  0.0, Max:  0.0, Diff:  0.0, Sum:  0.0, Workers: 10
[2025-05-12T23:25:31.456+0300][1041.435s][36520] GC(24665)         Dead                           Min: 0, Avg:  0.0, Max: 0, Diff: 0, Sum: 0, Workers: 10
[2025-05-12T23:25:31.456+0300][1041.435s][36520] GC(24665)         Total                          Min: 0, Avg:  0.0, Max: 0, Diff: 0, Sum: 0, Workers: 10
[2025-05-12T23:25:31.456+0300][1041.435s][36520] GC(24665)       Weak JFR Old Object Samples    Min:  0.0, Avg:  0.0, Max:  0.0, Diff:  0.0, Sum:  0.0, Workers: 10
[2025-05-12T23:25:31.456+0300][1041.435s][36520] GC(24665)         Dead                           Min: 0, Avg:  0.0, Max: 0, Diff: 0, Sum: 0, Workers: 10
[2025-05-12T23:25:31.456+0300][1041.435s][36520] GC(24665)         Total                          Min: 0, Avg:  0.0, Max: 0, Diff: 0, Sum: 0, Workers: 10
[2025-05-12T23:25:31.456+0300][1041.435s][36520] GC(24665)     Post Evacuate Cleanup 1: 0.1ms
[2025-05-12T23:25:31.456+0300][1041.435s][36520] GC(24665)       Merge Per-Thread State (ms):   Min:  0.0, Avg:  0.0, Max:  0.0, Diff:  0.0, Sum:  0.0, Workers: 1
[2025-05-12T23:25:31.456+0300][1041.435s][36520] GC(24665)         Copied Bytes                   Min: 0, Avg:  0.0, Max: 0, Diff: 0, Sum: 0, Workers: 2
[2025-05-12T23:25:31.456+0300][1041.435s][36520] GC(24665)         LAB Waste                      Min: 0, Avg:  0.0, Max: 0, Diff: 0, Sum: 0, Workers: 2
[2025-05-12T23:25:31.456+0300][1041.435s][36520] GC(24665)         LAB Undo Waste                 Min: 0, Avg:  0.0, Max: 0, Diff: 0, Sum: 0, Workers: 2
[2025-05-12T23:25:31.456+0300][1041.435s][36520] GC(24665)       Clear Logged Cards (ms):       Min:  0.0, Avg:  0.0, Max:  0.0, Diff:  0.0, Sum:  0.0, Workers: 2
[2025-05-12T23:25:31.456+0300][1041.435s][36520] GC(24665)       Recalculate Used Memory (ms):  Min:  0.0, Avg:  0.0, Max:  0.0, Diff:  0.0, Sum:  0.0, Workers: 1
[2025-05-12T23:25:31.456+0300][1041.435s][36520] GC(24665)       Restore Retained Regions (ms): Min:  0.0, Avg:  0.1, Max:  0.1, Diff:  0.0, Sum:  0.1, Workers: 2
[2025-05-12T23:25:31.456+0300][1041.435s][36520] GC(24665)         Evacuation Failure Regions:    Min: 1, Avg:  1.0, Max: 1, Diff: 0, Sum: 1, Workers: 1
[2025-05-12T23:25:31.456+0300][1041.435s][36520] GC(24665)         Remove Self Forwards (ms):     Min:  0.0, Avg:  0.1, Max:  0.1, Diff:  0.0, Sum:  0.1, Workers: 2
[2025-05-12T23:25:31.456+0300][1041.435s][36520] GC(24665)           Forward Chunks:                Min: 19, Avg: 28.5, Max: 38, Diff: 19, Sum: 57, Workers: 2
[2025-05-12T23:25:31.456+0300][1041.435s][36520] GC(24665)           Empty Forward Chunks:          Min: 3, Avg:  3.5, Max: 4, Diff: 1, Sum: 7, Workers: 2
[2025-05-12T23:25:31.456+0300][1041.435s][36520] GC(24665)           Forward Objects:               Min: 1531, Avg: 2131.0, Max: 2731, Diff: 1200, Sum: 4262, Workers: 2
[2025-05-12T23:25:31.456+0300][1041.435s][36520] GC(24665)           Forward Bytes:                 Min: 71600, Avg: 110556.0, Max: 149512, Diff: 77912, Sum: 221112, Workers: 2
[2025-05-12T23:25:31.456+0300][1041.435s][36520] GC(24665)     Post Evacuate Cleanup 2: 0.0ms
[2025-05-12T23:25:31.456+0300][1041.435s][36520] GC(24665)       Recalculate Used Memory (ms):  Min:  0.0, Avg:  0.0, Max:  0.0, Diff:  0.0, Sum:  0.0, Workers: 1
[2025-05-12T23:25:31.456+0300][1041.435s][36520] GC(24665)       Restore Preserved Marks (ms):  Min:  0.0, Avg:  0.0, Max:  0.0, Diff:  0.0, Sum:  0.0, Workers: 2
[2025-05-12T23:25:31.456+0300][1041.435s][36520] GC(24665)       Clear Retained Region Bitmaps (ms): skipped
[2025-05-12T23:25:31.456+0300][1041.435s][36520] GC(24665)       Update Derived Pointers (ms):  Min:  0.0, Avg:  0.0, Max:  0.0, Diff:  0.0, Sum:  0.0, Workers: 1
[2025-05-12T23:25:31.456+0300][1041.435s][36520] GC(24665)       Eagerly Reclaim Humongous Objects (ms): skipped
[2025-05-12T23:25:31.456+0300][1041.435s][36520] GC(24665)         Humongous Total                skipped
[2025-05-12T23:25:31.456+0300][1041.435s][36520] GC(24665)         Humongous Candidates           skipped
[2025-05-12T23:25:31.456+0300][1041.435s][36520] GC(24665)         Humongous Reclaimed            skipped
[2025-05-12T23:25:31.456+0300][1041.435s][36520] GC(24665)       Redirty Logged Cards (ms):     Min:  0.0, Avg:  0.0, Max:  0.0, Diff:  0.0, Sum:  0.0, Workers: 2
[2025-05-12T23:25:31.456+0300][1041.435s][36520] GC(24665)         Redirtied Cards:               Min: 0, Avg:  0.0, Max: 0, Diff: 0, Sum: 0, Workers: 2
[2025-05-12T23:25:31.456+0300][1041.435s][36520] GC(24665)       Resize TLABs (ms):             Min:  0.0, Avg:  0.0, Max:  0.0, Diff:  0.0, Sum:  0.0, Workers: 2
[2025-05-12T23:25:31.456+0300][1041.435s][36520] GC(24665)       Free Collection Set (ms):      Min:  0.0, Avg:  0.0, Max:  0.0, Diff:  0.0, Sum:  0.0, Workers: 2
[2025-05-12T23:25:31.456+0300][1041.435s][36520] GC(24665)     Rebuild Free List: 0.1ms
[2025-05-12T23:25:31.456+0300][1041.435s][36520] GC(24665)     Prepare For Mutator: 0.1ms
[2025-05-12T23:25:31.456+0300][1041.435s][36520] GC(24665)     Expand Heap After Collection: 0.0ms
[2025-05-12T23:25:31.456+0300][1041.435s][36520] GC(24665)   Other: 0.3ms
[2025-05-12T23:25:31.456+0300][1041.435s][36520] GC(24665) Coarsening (recent): Inline->AoC 0 (0) AoC->Howl 0 (0) Howl->Full 0 (0) Inline->AoC 0 (0) AoC->BitMap 0 (0) BitMap->Full 0 (0) 
[2025-05-12T23:25:31.456+0300][1041.435s][36520] GC(24665) Coarsening (all): Inline->AoC 10920 (0) AoC->Howl 7731 (0) Howl->Full 0 (0) Inline->AoC 10809 (0) AoC->BitMap 7399 (0) BitMap->Full 0 (0) 
[2025-05-12T23:25:31.456+0300][1041.435s][36520] GC(24665) Eden regions: 1->0(0)
[2025-05-12T23:25:31.456+0300][1041.435s][36520] GC(24665) Survivor regions: 0->0(0)
[2025-05-12T23:25:31.456+0300][1041.435s][36520] GC(24665) Old regions: 11->12
[2025-05-12T23:25:31.456+0300][1041.435s][36520] GC(24665) Humongous regions: 0->0
[2025-05-12T23:25:31.456+0300][1041.435s][36520] GC(24665) Metaspace: 10757K(12736K)->10757K(12736K) NonClass: 9682K(11328K)->9682K(11328K) Class: 1075K(1408K)->1075K(1408K)
[2025-05-12T23:25:31.456+0300][1041.435s][36520] GC(24665) Heap after GC invocations=21138 (full 7075):
[2025-05-12T23:25:31.456+0300][1041.436s][36520] GC(24665)  garbage-first heap   total 12288K, used 12187K [0x00000000ff400000, 0x0000000100000000)
[2025-05-12T23:25:31.456+0300][1041.436s][36520] GC(24665)   region size 1024K, 0 young (0K), 0 survivors (0K)
[2025-05-12T23:25:31.456+0300][1041.436s][36520] GC(24665)  Metaspace       used 10757K, committed 12736K, reserved 1114112K
[2025-05-12T23:25:31.456+0300][1041.436s][36520] GC(24665)   class space    used 1075K, committed 1408K, reserved 1048576K
[2025-05-12T23:25:31.456+0300][1041.436s][36520] GC(24665) Pause Young (Concurrent Start) (G1 Evacuation Pause) (Evacuation Failure) 11M->11M(12M) 2.705ms
[2025-05-12T23:25:31.456+0300][1041.436s][36520] GC(24665) User=0.00s Sys=0.00s Real=0.00s
[2025-05-12T23:25:31.456+0300][1041.436s][36520] Attempt heap expansion (allocation request failed). Allocation request: 2048B
[2025-05-12T23:25:31.456+0300][1041.436s][34628] GC(24666) Concurrent Mark Cycle
[2025-05-12T23:25:31.456+0300][1041.436s][36520] Expand the heap. requested expansion amount: 1048576B expansion amount: 1048576B
[2025-05-12T23:25:31.456+0300][1041.436s][34628] GC(24666) Concurrent Scan Root Regions
[2025-05-12T23:25:31.456+0300][1041.436s][36520] Did not expand the heap (heap already fully expanded)
[2025-05-12T23:25:31.456+0300][1041.436s][34628] GC(24666) Concurrent Scan Root Regions 0.035ms
[2025-05-12T23:25:31.456+0300][1041.436s][36520] Attempting full compaction
[2025-05-12T23:25:31.456+0300][1041.436s][34628] GC(24666) Concurrent Mark
[2025-05-12T23:25:31.456+0300][1041.436s][36520] GC(24667) Pause Full (G1 Compaction Pause)
[2025-05-12T23:25:31.456+0300][1041.436s][34628] GC(24666) Concurrent Mark From Roots
[2025-05-12T23:25:31.456+0300][1041.436s][36520] GC(24667) Heap before GC invocations=21138 (full 7075):
[2025-05-12T23:25:31.456+0300][1041.436s][34628] GC(24666) Using 3 workers of 3 for marking
[2025-05-12T23:25:31.456+0300][1041.436s][36520] GC(24667)  garbage-first heap   total 12288K, used 12187K [0x00000000ff400000, 0x0000000100000000)
[2025-05-12T23:25:31.456+0300][1041.436s][36520] GC(24667)   region size 1024K, 0 young (0K), 0 survivors (0K)
[2025-05-12T23:25:31.456+0300][1041.436s][36520] GC(24667)  Metaspace       used 10757K, committed 12736K, reserved 1114112K
[2025-05-12T23:25:31.456+0300][1041.436s][36520] GC(24667)   class space    used 1075K, committed 1408K, reserved 1048576K
[2025-05-12T23:25:31.456+0300][1041.436s][36520] GC(24667) Requesting 1 active workers for full compaction (waste limited workers: 1, adaptive workers: 2, used limited workers: 12)
[2025-05-12T23:25:31.456+0300][1041.436s][36520] GC(24667) Using 1 workers of 10 for full compaction
[2025-05-12T23:25:31.456+0300][1041.436s][36520] GC(24667) Clear Bitmap
[2025-05-12T23:25:31.456+0300][1041.436s][36520] GC(24667) Running G1 Clear Bitmap with 1 workers for 1 work units.
[2025-05-12T23:25:31.456+0300][1041.436s][36520] GC(24667) Clear Bitmap 0.080ms
[2025-05-12T23:25:31.456+0300][1041.436s][36520] GC(24667) Mutator Allocation stats, regions: 0, wasted size: 0B ( 0.0%)
[2025-05-12T23:25:31.456+0300][1041.436s][36520] GC(24667) Phase 1: Mark live objects
[2025-05-12T23:25:31.464+0300][1041.443s][36520] GC(24667) Phase 1: Reference Processing
[2025-05-12T23:25:31.464+0300][1041.443s][36520] GC(24667) ReferenceProcessor::execute queues: 1, RefProcThreadModel::Single, marks_oops_alive: false
[2025-05-12T23:25:31.464+0300][1041.443s][36520] GC(24667) Skipped KeepAliveFinalRefsPhase of Reference Processing: no references
[2025-05-12T23:25:31.464+0300][1041.443s][36520] GC(24667) ReferenceProcessor::execute queues: 1, RefProcThreadModel::Single, marks_oops_alive: false
[2025-05-12T23:25:31.464+0300][1041.443s][36520] GC(24667) Reference Processing: 0.0ms
[2025-05-12T23:25:31.464+0300][1041.443s][36520] GC(24667)   Notify Soft/WeakReferences: 0.0ms
[2025-05-12T23:25:31.464+0300][1041.443s][36520] GC(24667)     SoftRef: 0.0ms
[2025-05-12T23:25:31.464+0300][1041.443s][36520] GC(24667)     WeakRef: 0.0ms
[2025-05-12T23:25:31.464+0300][1041.443s][36520] GC(24667)     FinalRef: 0.0ms
[2025-05-12T23:25:31.464+0300][1041.443s][36520] GC(24667)     Total: 0.0ms
[2025-05-12T23:25:31.464+0300][1041.443s][36520] GC(24667)   Notify and keep alive finalizable: 0.0ms
[2025-05-12T23:25:31.464+0300][1041.443s][36520] GC(24667)     FinalRef: skipped
[2025-05-12T23:25:31.464+0300][1041.443s][36520] GC(24667)   Notify PhantomReferences: 0.0ms
[2025-05-12T23:25:31.464+0300][1041.443s][36520] GC(24667)     PhantomRef: 0.0ms
[2025-05-12T23:25:31.464+0300][1041.443s][36520] GC(24667)   SoftReference Discovered: 47, Dropped: 4, Processed: 43
[2025-05-12T23:25:31.464+0300][1041.443s][36520] GC(24667)   WeakReference Discovered: 32, Dropped: 13, Processed: 19
[2025-05-12T23:25:31.464+0300][1041.443s][36520] GC(24667)   FinalReference Discovered: 0, Dropped: 0, Processed: 0
[2025-05-12T23:25:31.464+0300][1041.443s][36520] GC(24667)   PhantomReference Discovered: 23, Dropped: 23, Processed: 0
[2025-05-12T23:25:31.464+0300][1041.443s][36520] GC(24667) Phase 1: Reference Processing 0.181ms
[2025-05-12T23:25:31.464+0300][1041.443s][36520] GC(24667) Phase 1: Weak Processing
[2025-05-12T23:25:31.464+0300][1041.443s][36520] GC(24667)   VM Weak                        Min:  0.0, Avg:  0.0, Max:  0.0, Diff:  0.0, Sum:  0.0, Workers: 10
[2025-05-12T23:25:31.464+0300][1041.443s][36520] GC(24667)     Dead                           Min: 0, Avg:  1.8, Max: 18, Diff: 18, Sum: 18, Workers: 10
[2025-05-12T23:25:31.464+0300][1041.443s][36520] GC(24667)     Total                          Min: 0, Avg:  6.6, Max: 40, Diff: 40, Sum: 66, Workers: 10
[2025-05-12T23:25:31.464+0300][1041.443s][36520] GC(24667)   ObjectSynchronizer Weak        Min:  0.0, Avg:  0.0, Max:  0.0, Diff:  0.0, Sum:  0.0, Workers: 10
[2025-05-12T23:25:31.464+0300][1041.443s][36520] GC(24667)     Dead                           Min: 0, Avg:  0.0, Max: 0, Diff: 0, Sum: 0, Workers: 10
[2025-05-12T23:25:31.464+0300][1041.443s][36520] GC(24667)     Total                          Min: 0, Avg:  0.1, Max: 1, Diff: 1, Sum: 1, Workers: 10
[2025-05-12T23:25:31.464+0300][1041.443s][36520] GC(24667)   JVMTI Tag Weak OopStorage      Min:  0.0, Avg:  0.0, Max:  0.1, Diff:  0.1, Sum:  0.5, Workers: 10
[2025-05-12T23:25:31.464+0300][1041.443s][36520] GC(24667)     Dead                           Min: 0, Avg:  1.8, Max: 18, Diff: 18, Sum: 18, Workers: 10
[2025-05-12T23:25:31.464+0300][1041.443s][36520] GC(24667)     Total                          Min: 3530, Avg: 6289.8, Max: 15942, Diff: 12412, Sum: 62898, Workers: 10
[2025-05-12T23:25:31.464+0300][1041.443s][36520] GC(24667)   StringTable Weak               Min:  0.0, Avg:  0.0, Max:  0.0, Diff:  0.0, Sum:  0.2, Workers: 10
[2025-05-12T23:25:31.464+0300][1041.444s][36520] GC(24667)     Dead                           Min: 1, Avg:  6.8, Max: 18, Diff: 17, Sum: 68, Workers: 10
[2025-05-12T23:25:31.464+0300][1041.444s][36520] GC(24667)     Total                          Min: 3584, Avg: 3952.8, Max: 4736, Diff: 1152, Sum: 39528, Workers: 10
[2025-05-12T23:25:31.464+0300][1041.444s][36520] GC(24667)   ResolvedMethodTable Weak       Min:  0.0, Avg:  0.0, Max:  0.0, Diff:  0.0, Sum:  0.0, Workers: 10
[2025-05-12T23:25:31.464+0300][1041.444s][36520] GC(24667)     Dead                           Min: 0, Avg:  3.5, Max: 19, Diff: 19, Sum: 35, Workers: 10
[2025-05-12T23:25:31.464+0300][1041.444s][36520] GC(24667)     Total                          Min: 0, Avg: 66.8, Max: 128, Diff: 128, Sum: 668, Workers: 10
[2025-05-12T23:25:31.464+0300][1041.444s][36520] GC(24667)   JNI Weak                       Min:  0.0, Avg:  0.0, Max:  0.0, Diff:  0.0, Sum:  0.0, Workers: 10
[2025-05-12T23:25:31.464+0300][1041.444s][36520] GC(24667)     Dead                           Min: 0, Avg:  0.0, Max: 0, Diff: 0, Sum: 0, Workers: 10
[2025-05-12T23:25:31.464+0300][1041.444s][36520] GC(24667)     Total                          Min: 0, Avg:  1.1, Max: 11, Diff: 11, Sum: 11, Workers: 10
[2025-05-12T23:25:31.464+0300][1041.444s][36520] GC(24667)   StringDedup Table Weak         Min:  0.0, Avg:  0.0, Max:  0.0, Diff:  0.0, Sum:  0.0, Workers: 10
[2025-05-12T23:25:31.464+0300][1041.444s][36520] GC(24667)     Dead                           Min: 0, Avg:  0.0, Max: 0, Diff: 0, Sum: 0, Workers: 10
[2025-05-12T23:25:31.464+0300][1041.444s][36520] GC(24667)     Total                          Min: 0, Avg:  0.0, Max: 0, Diff: 0, Sum: 0, Workers: 10
[2025-05-12T23:25:31.464+0300][1041.444s][36520] GC(24667)   StringDedup Requests0 Weak     Min:  0.0, Avg:  0.0, Max:  0.0, Diff:  0.0, Sum:  0.0, Workers: 10
[2025-05-12T23:25:31.464+0300][1041.444s][36520] GC(24667)     Dead                           Min: 0, Avg:  0.0, Max: 0, Diff: 0, Sum: 0, Workers: 10
[2025-05-12T23:25:31.464+0300][1041.444s][36520] GC(24667)     Total                          Min: 0, Avg:  0.0, Max: 0, Diff: 0, Sum: 0, Workers: 10
[2025-05-12T23:25:31.464+0300][1041.444s][36520] GC(24667)   StringDedup Requests1 Weak     Min:  0.0, Avg:  0.0, Max:  0.0, Diff:  0.0, Sum:  0.0, Workers: 10
[2025-05-12T23:25:31.464+0300][1041.444s][36520] GC(24667)     Dead                           Min: 0, Avg:  0.0, Max: 0, Diff: 0, Sum: 0, Workers: 10
[2025-05-12T23:25:31.464+0300][1041.444s][36520] GC(24667)     Total                          Min: 0, Avg:  0.0, Max: 0, Diff: 0, Sum: 0, Workers: 10
[2025-05-12T23:25:31.464+0300][1041.444s][36520] GC(24667)   Weak JFR Old Object Samples    Min:  0.0, Avg:  0.0, Max:  0.0, Diff:  0.0, Sum:  0.0, Workers: 10
[2025-05-12T23:25:31.464+0300][1041.444s][36520] GC(24667)     Dead                           Min: 0, Avg:  0.0, Max: 0, Diff: 0, Sum: 0, Workers: 10
[2025-05-12T23:25:31.464+0300][1041.444s][36520] GC(24667)     Total                          Min: 0, Avg:  0.0, Max: 0, Diff: 0, Sum: 0, Workers: 10
[2025-05-12T23:25:31.464+0300][1041.444s][36520] GC(24667) Phase 1: Weak Processing 0.454ms
[2025-05-12T23:25:31.464+0300][1041.444s][36520] GC(24667) Phase 1: Class Unloading and Cleanup
[2025-05-12T23:25:31.464+0300][1041.444s][36520] GC(24667) ClassLoaderData
[2025-05-12T23:25:31.464+0300][1041.444s][36520] GC(24667) ClassLoaderData 0.058ms
[2025-05-12T23:25:31.464+0300][1041.444s][36520] GC(24667) Trigger cleanups
[2025-05-12T23:25:31.464+0300][1041.444s][36520] GC(24667) Trigger cleanups 0.008ms
[2025-05-12T23:25:31.468+0300][1041.448s][36520] GC(24667) Phase 1: Class Unloading and Cleanup 3.825ms
[2025-05-12T23:25:31.468+0300][1041.448s][36520] GC(24667) Report Object Count
[2025-05-12T23:25:31.468+0300][1041.448s][36520] GC(24667) Report Object Count 0.020ms
[2025-05-12T23:25:31.468+0300][1041.448s][36520] GC(24667) Phase 1: Mark live objects 11.598ms
[2025-05-12T23:25:31.468+0300][1041.448s][36520] GC(24667) Phase 2: Prepare compaction
[2025-05-12T23:25:31.468+0300][1041.448s][36520] GC(24667) Phase 2: Determine work lists
[2025-05-12T23:25:31.468+0300][1041.448s][36520] GC(24667) Phase 2: Determine work lists 0.009ms
[2025-05-12T23:25:31.468+0300][1041.448s][36520] GC(24667) Phase 2: Prepare parallel compaction
[2025-05-12T23:25:31.469+0300][1041.448s][36520] GC(24667) Phase 2: Prepare parallel compaction 0.307ms
[2025-05-12T23:25:31.469+0300][1041.448s][36520] GC(24667) Phase 2: Prepare compaction 0.355ms
[2025-05-12T23:25:31.469+0300][1041.448s][36520] GC(24667) Phase 3: Adjust pointers
[2025-05-12T23:25:31.474+0300][1041.452s][36520] GC(24667) Phase 3: Adjust pointers 4.451ms
[2025-05-12T23:25:31.474+0300][1041.452s][36520] GC(24667) Phase 4: Compact heap
[2025-05-12T23:25:31.474+0300][1041.453s][36520] GC(24667) Phase 4: Compact heap 0.218ms
[2025-05-12T23:25:31.474+0300][1041.453s][36520] GC(24667) Phase 5: Reset Metadata
[2025-05-12T23:25:31.475+0300][1041.454s][36520] GC(24667) Phase 5: Reset Metadata 1.486ms
[2025-05-12T23:25:31.476+0300][1041.455s][36520] GC(24667) Running G1 Clear Bitmap with 1 workers for 1 work units.
[2025-05-12T23:25:31.477+0300][1041.456s][36520] Old generation allocation in the last mutator period, old gen allocated: 0B, humongous allocated: 0B, old gen growth: 0B.
[2025-05-12T23:25:31.477+0300][1041.456s][36520] GC(24667) Coarsening (recent): Inline->AoC 0 (0) AoC->Howl 0 (0) Howl->Full 0 (0) Inline->AoC 0 (0) AoC->BitMap 0 (0) BitMap->Full 0 (0) 
[2025-05-12T23:25:31.477+0300][1041.456s][36520] GC(24667) Coarsening (all): Inline->AoC 10920 (0) AoC->Howl 7731 (0) Howl->Full 0 (0) Inline->AoC 10809 (0) AoC->BitMap 7399 (0) BitMap->Full 0 (0) 
[2025-05-12T23:25:31.477+0300][1041.456s][36520] GC(24667) Eden regions: 0->0(1)
[2025-05-12T23:25:31.477+0300][1041.456s][36520] GC(24667) Survivor regions: 0->0(0)
[2025-05-12T23:25:31.477+0300][1041.456s][36520] GC(24667) Old regions: 12->11
[2025-05-12T23:25:31.477+0300][1041.456s][36520] GC(24667) Humongous regions: 0->0
[2025-05-12T23:25:31.477+0300][1041.456s][36520] GC(24667) Metaspace: 10757K(12736K)->10722K(12736K) NonClass: 9682K(11328K)->9656K(11328K) Class: 1075K(1408K)->1066K(1408K)
[2025-05-12T23:25:31.477+0300][1041.456s][36520] GC(24667) Heap after GC invocations=21139 (full 7076):
[2025-05-12T23:25:31.477+0300][1041.456s][36520] GC(24667)  garbage-first heap   total 12288K, used 11249K [0x00000000ff400000, 0x0000000100000000)
[2025-05-12T23:25:31.477+0300][1041.456s][36520] GC(24667)   region size 1024K, 0 young (0K), 0 survivors (0K)
[2025-05-12T23:25:31.477+0300][1041.456s][36520] GC(24667)  Metaspace       used 10722K, committed 12736K, reserved 1114112K
[2025-05-12T23:25:31.477+0300][1041.456s][36520] GC(24667)   class space    used 1066K, committed 1408K, reserved 1048576K
[2025-05-12T23:25:31.477+0300][1041.456s][36520] GC(24667) Pause Full (G1 Compaction Pause) 11M->10M(12M) 20.436ms
[2025-05-12T23:25:31.477+0300][1041.456s][36520] GC(24667) User=0.00s Sys=0.00s Real=0.02s
[2025-05-12T23:25:31.477+0300][1041.456s][9340 ] G1 Service Thread (Card Set Free Memory Task) (run: 22.014ms) (cpu: 0.000ms)
[2025-05-12T23:25:31.477+0300][1041.456s][34628] ---------------------------------------------------------------------
[2025-05-12T23:25:31.477+0300][1041.456s][34628] Marking Stats, task = 0, calls = 0
[2025-05-12T23:25:31.477+0300][1041.456s][34628]   Elapsed time = 0.00ms, Termination time = 0.00ms
[2025-05-12T23:25:31.477+0300][1041.456s][34628]   Step Times (cum): num = 5369, avg = 0.16ms, sd = 1.55ms max = 16.00ms, total = 833.00ms
[2025-05-12T23:25:31.477+0300][1041.456s][34628]   Mark Stats Cache: hits 2535 misses 0 ratio 100.000
[2025-05-12T23:25:31.477+0300][1041.456s][34628] ---------------------------------------------------------------------
[2025-05-12T23:25:31.477+0300][1041.456s][34628] Marking Stats, task = 1, calls = 0
[2025-05-12T23:25:31.477+0300][1041.456s][34628]   Elapsed time = 0.00ms, Termination time = 0.00ms
[2025-05-12T23:25:31.477+0300][1041.456s][34628]   Step Times (cum): num = 13793, avg = 0.02ms, sd = 0.58ms max = 16.00ms, total = 296.00ms
[2025-05-12T23:25:31.477+0300][1041.456s][34628]   Mark Stats Cache: hits 4943 misses 0 ratio 100.000
[2025-05-12T23:25:31.477+0300][1041.456s][34628] ---------------------------------------------------------------------
[2025-05-12T23:25:31.477+0300][1041.456s][34628] Marking Stats, task = 2, calls = 0
[2025-05-12T23:25:31.477+0300][1041.456s][34628]   Elapsed time = 0.00ms, Termination time = 0.00ms
[2025-05-12T23:25:31.477+0300][1041.456s][34628]   Step Times (cum): num = 13231, avg = 0.02ms, sd = 0.61ms max = 16.00ms, total = 313.00ms
[2025-05-12T23:25:31.477+0300][1041.456s][34628]   Mark Stats Cache: hits 0 misses 0 ratio 0.000
[2025-05-12T23:25:31.477+0300][1041.456s][34628] ---------------------------------------------------------------------
[2025-05-12T23:25:31.477+0300][1041.456s][34628] GC(24666) Concurrent Mark From Roots 20.744ms
[2025-05-12T23:25:31.477+0300][1041.456s][34628] GC(24666) Concurrent Mark Abort
[2025-05-12T23:25:31.477+0300][1041.456s][34628] GC(24666) Concurrent Mark Cycle 20.918ms
[2025-05-12T23:25:31.506+0300][1041.485s][36520] GC(24668) Pause Young (Normal) (G1 Evacuation Pause)
[2025-05-12T23:25:31.506+0300][1041.485s][36520] GC(24668) Heap before GC invocations=21139 (full 7076):
[2025-05-12T23:25:31.506+0300][1041.485s][36520] GC(24668)  garbage-first heap   total 12288K, used 12273K [0x00000000ff400000, 0x0000000100000000)
[2025-05-12T23:25:31.506+0300][1041.485s][36520] GC(24668)   region size 1024K, 1 young (1024K), 0 survivors (0K)
[2025-05-12T23:25:31.506+0300][1041.485s][36520] GC(24668)  Metaspace       used 10759K, committed 12736K, reserved 1114112K
[2025-05-12T23:25:31.506+0300][1041.485s][36520] GC(24668)   class space    used 1076K, committed 1408K, reserved 1048576K
[2025-05-12T23:25:31.506+0300][1041.485s][36520] GC(24668) Using 2 workers of 10 for evacuation
[2025-05-12T23:25:31.506+0300][1041.485s][36520] GC(24668) Desired survivor size 524288 bytes, new threshold 15 (max threshold 15)
[2025-05-12T23:25:31.506+0300][1041.485s][36520] GC(24668) TLAB totals: thrds: 1  refills: 317 max: 317 slow allocs: 151 max 151 waste: 22.1% gc: 0B max: 0B slow: 189512B max: 189512B
[2025-05-12T23:25:31.506+0300][1041.485s][36520] GC(24668) Mutator refinement: 0.00ms, refined: 0, precleaned: 0, dirtied: 101
[2025-05-12T23:25:31.506+0300][1041.485s][36520] GC(24668) Concurrent refinement: 0.00ms, refined: 0, precleaned: 0, dirtied: 0
[2025-05-12T23:25:31.506+0300][1041.485s][36520] GC(24668) Total refinement: 0.00ms, refined: 0, precleaned: 0, dirtied: 101
[2025-05-12T23:25:31.506+0300][1041.485s][36520] GC(24668) Generate dirty cards rate: 3.47 cards/ms
[2025-05-12T23:25:31.506+0300][1041.485s][36520] GC(24668) Mutator Allocation stats, regions: 1, wasted size: 0B ( 0.0%)
[2025-05-12T23:25:31.506+0300][1041.485s][36520] GC(24668) No candidates to reclaim.
[2025-05-12T23:25:31.506+0300][1041.485s][36520] GC(24668) Running G1 Merge Heap Roots using 2 workers for 1 regions
[2025-05-12T23:25:31.506+0300][1041.485s][36520] GC(24668) Visited cards 1120 Total dirty 12288 (9.11%) Total old 26624 (4.21%)
[2025-05-12T23:25:31.506+0300][1041.485s][18860] GC(24668) Attempt heap expansion (region allocation request failed). Allocation request: 2064B
[2025-05-12T23:25:31.506+0300][1041.485s][18860] GC(24668) Did not expand the heap (heap already fully expanded)
[2025-05-12T23:25:31.507+0300][1041.486s][36520] GC(24668) ReferenceProcessor::execute queues: 1, RefProcThreadModel::Single, marks_oops_alive: false
[2025-05-12T23:25:31.507+0300][1041.486s][36520] GC(24668) Skipped KeepAliveFinalRefsPhase of Reference Processing: no references
[2025-05-12T23:25:31.507+0300][1041.486s][36520] GC(24668) Skipped PhantomRefsPhase of Reference Processing: no references
[2025-05-12T23:25:31.507+0300][1041.486s][36520] GC(24668) Initializing removing self forwards with 64 chunks per region
[2025-05-12T23:25:31.507+0300][1041.486s][36520] GC(24668) Running G1 Rebuild Free List Task using 2 workers for rebuilding free list of regions
[2025-05-12T23:25:31.507+0300][1041.486s][36520] GC(24668) Young PLAB allocation: allocated: 0B, wasted: 0B, unused: 0B, used: 0B, undo waste: 0B, 
[2025-05-12T23:25:31.507+0300][1041.486s][36520] GC(24668) Young other allocation: region end waste: 0B, regions filled: 0, num plab filled: 2, direct allocated: 0B, num direct allocated: 0, failure used: 0B, failure wasted: 0B
[2025-05-12T23:25:31.507+0300][1041.486s][36520] GC(24668) Young sizing: calculated: 0B, actual: 2064B
[2025-05-12T23:25:31.507+0300][1041.486s][36520] GC(24668) Old PLAB allocation: allocated: 0B, wasted: 0B, unused: 0B, used: 0B, undo waste: 0B, 
[2025-05-12T23:25:31.507+0300][1041.486s][36520] GC(24668) Old other allocation: region end waste: 0B, regions filled: 0, num plab filled: 2, direct allocated: 0B, num direct allocated: 0, failure used: 186776B, failure wasted: 861800B
[2025-05-12T23:25:31.507+0300][1041.486s][36520] GC(24668) Old sizing: calculated: 0B, actual: 2064B
[2025-05-12T23:25:31.507+0300][1041.486s][36520] GC(24668) Heap expansion: short term pause time ratio 51.40% long term pause time ratio 42.16% threshold 7.69% pause time ratio 7.69% fully expanded true resize by 0B
[2025-05-12T23:25:31.507+0300][1041.486s][9340 ] G1 Service Thread (Card Set Free Memory Task) (run 0.012ms after schedule)
[2025-05-12T23:25:31.507+0300][1041.486s][36520] GC(24668) Request concurrent cycle initiation (occupancy higher than threshold) occupancy: 12582912B allocation request: 0B threshold: 3590004B (28.53) source: end of GC
[2025-05-12T23:25:31.507+0300][1041.486s][36520] GC(24668) MMU: 7.2ms (200.0ms/201.0ms)
[2025-05-12T23:25:31.507+0300][1041.486s][36520] Old generation allocation in the last mutator period, old gen allocated: 1048576B, humongous allocated: 0B, old gen growth: 1048576B.
[2025-05-12T23:25:31.507+0300][1041.486s][36520] GC(24668) Basic information (value update), threshold: 3649663B (29.00), target occupancy: 12582912B, current occupancy: 12567576B, recent allocation size: 1048576B, recent allocation duration: 29.14ms, recent old gen allocation rate: 35988275.91B/s, recent marking phase length: 120.12ms
[2025-05-12T23:25:31.507+0300][1041.486s][36520] GC(24668) Adaptive IHOP information (value update), threshold: 3649663B (34.12), internal target occupancy: 10695475B, occupancy: 12567576B, additional buffer size: 1048576B, predicted old gen allocation rate: 49694187.49B/s, predicted marking phase length: 120.68ms, prediction active: true
[2025-05-12T23:25:31.507+0300][1041.486s][36520] GC(24668) GC refinement: goal: 18446744073709551615 + 102 / 20.00ms, actual: 101 / 0.04ms, 
[2025-05-12T23:25:31.507+0300][1041.486s][36520] GC(24668) Unchanged pending cards target: 18446744073709551615
[2025-05-12T23:25:31.507+0300][1041.486s][36520] GC(24668)   Pre Evacuate Collection Set: 0.1ms
[2025-05-12T23:25:31.507+0300][1041.486s][36520] GC(24668)     Pre Evacuate Prepare: 0.1ms
[2025-05-12T23:25:31.507+0300][1041.487s][36520] GC(24668)       JT Retire TLABs And Flush Logs (ms): Min:  0.0, Avg:  0.0, Max:  0.0, Diff:  0.0, Sum:  0.0, Workers: 2
[2025-05-12T23:25:31.508+0300][1041.487s][36520] GC(24668)       Non-JT Flush Logs (ms):        Min:  0.0, Avg:  0.0, Max:  0.0, Diff:  0.0, Sum:  0.0, Workers: 1
[2025-05-12T23:25:31.508+0300][1041.487s][36520] GC(24668)     Choose Collection Set: 0.0ms
[2025-05-12T23:25:31.508+0300][1041.487s][36520] GC(24668)     Region Register: 0.1ms
[2025-05-12T23:25:31.508+0300][1041.487s][36520] GC(24668)     Prepare Heap Roots: 0.0ms
[2025-05-12T23:25:31.508+0300][1041.487s][36520] GC(24668)   Merge Heap Roots: 0.1ms
[2025-05-12T23:25:31.508+0300][1041.487s][36520] GC(24668)     Prepare Merge Heap Roots: 0.0ms
[2025-05-12T23:25:31.508+0300][1041.487s][36520] GC(24668)     Remembered Sets (ms):          Min:  0.0, Avg:  0.0, Max:  0.0, Diff:  0.0, Sum:  0.0, Workers: 2
[2025-05-12T23:25:31.508+0300][1041.487s][36520] GC(24668)       Eager Reclaim (ms):            skipped
[2025-05-12T23:25:31.508+0300][1041.487s][36520] GC(24668)       Merged Inline                  Min: 0, Avg:  0.0, Max: 0, Diff: 0, Sum: 0, Workers: 2
[2025-05-12T23:25:31.508+0300][1041.487s][36520] GC(24668)       Merged ArrayOfCards            Min: 0, Avg:  0.0, Max: 0, Diff: 0, Sum: 0, Workers: 2
[2025-05-12T23:25:31.508+0300][1041.487s][36520] GC(24668)       Merged Howl                    Min: 0, Avg:  0.0, Max: 0, Diff: 0, Sum: 0, Workers: 2
[2025-05-12T23:25:31.508+0300][1041.487s][36520] GC(24668)       Merged Full                    Min: 0, Avg:  0.0, Max: 0, Diff: 0, Sum: 0, Workers: 2
[2025-05-12T23:25:31.508+0300][1041.487s][36520] GC(24668)       Merged Howl Inline             Min: 0, Avg:  0.0, Max: 0, Diff: 0, Sum: 0, Workers: 2
[2025-05-12T23:25:31.508+0300][1041.487s][36520] GC(24668)       Merged Howl ArrayOfCards       Min: 0, Avg:  0.0, Max: 0, Diff: 0, Sum: 0, Workers: 2
[2025-05-12T23:25:31.508+0300][1041.487s][36520] GC(24668)       Merged Howl BitMap             Min: 0, Avg:  0.0, Max: 0, Diff: 0, Sum: 0, Workers: 2
[2025-05-12T23:25:31.508+0300][1041.487s][36520] GC(24668)       Merged Howl Full               Min: 0, Avg:  0.0, Max: 0, Diff: 0, Sum: 0, Workers: 2
[2025-05-12T23:25:31.508+0300][1041.487s][36520] GC(24668)       Merged Cards                   Min: 8, Avg:  8.0, Max: 8, Diff: 0, Sum: 16, Workers: 2
[2025-05-12T23:25:31.508+0300][1041.487s][36520] GC(24668)     Log Buffers (ms):              Min:  0.0, Avg:  0.0, Max:  0.0, Diff:  0.0, Sum:  0.0, Workers: 2
[2025-05-12T23:25:31.508+0300][1041.487s][36520] GC(24668)       Dirty Cards:                   Min: 0, Avg: 50.5, Max: 101, Diff: 101, Sum: 101, Workers: 2
[2025-05-12T23:25:31.508+0300][1041.487s][36520] GC(24668)       Skipped Cards:                 Min: 0, Avg:  0.0, Max: 0, Diff: 0, Sum: 0, Workers: 2
[2025-05-12T23:25:31.508+0300][1041.487s][36520] GC(24668)   Evacuate Collection Set: 0.4ms
[2025-05-12T23:25:31.508+0300][1041.487s][36520] GC(24668)     Ext Root Scanning (ms):        Min:  0.1, Avg:  0.1, Max:  0.1, Diff:  0.0, Sum:  0.2, Workers: 2
[2025-05-12T23:25:31.508+0300][1041.487s][36520] GC(24668)     Scan Heap Roots (ms):          Min:  0.0, Avg:  0.0, Max:  0.0, Diff:  0.0, Sum:  0.1, Workers: 2
[2025-05-12T23:25:31.508+0300][1041.487s][36520] GC(24668)       Scanned Cards:                 Min: 42, Avg: 50.5, Max: 59, Diff: 17, Sum: 101, Workers: 2
[2025-05-12T23:25:31.508+0300][1041.487s][36520] GC(24668)       Scanned Blocks:                Min: 28, Avg: 35.5, Max: 43, Diff: 15, Sum: 71, Workers: 2
[2025-05-12T23:25:31.508+0300][1041.487s][36520] GC(24668)       Claimed Chunks:                Min: 13, Avg: 17.5, Max: 22, Diff: 9, Sum: 35, Workers: 2
[2025-05-12T23:25:31.508+0300][1041.487s][36520] GC(24668)       Found Roots:                   Min: 21, Avg: 50.0, Max: 79, Diff: 58, Sum: 100, Workers: 2
[2025-05-12T23:25:31.508+0300][1041.487s][36520] GC(24668)     Code Root Scan (ms):           Min:  0.0, Avg:  0.0, Max:  0.0, Diff:  0.0, Sum:  0.0, Workers: 2
[2025-05-12T23:25:31.508+0300][1041.487s][36520] GC(24668)     Object Copy (ms):              Min:  0.1, Avg:  0.2, Max:  0.2, Diff:  0.0, Sum:  0.3, Workers: 2
[2025-05-12T23:25:31.508+0300][1041.487s][36520] GC(24668)     Termination (ms):              Min:  0.0, Avg:  0.0, Max:  0.0, Diff:  0.0, Sum:  0.0, Workers: 2
[2025-05-12T23:25:31.508+0300][1041.487s][36520] GC(24668)       Termination Attempts:          Min: 1, Avg:  1.0, Max: 1, Diff: 0, Sum: 2, Workers: 2
[2025-05-12T23:25:31.508+0300][1041.487s][36520] GC(24668)     GC Worker Other (ms):          Min:  0.0, Avg:  0.0, Max:  0.0, Diff:  0.0, Sum:  0.0, Workers: 2
[2025-05-12T23:25:31.508+0300][1041.487s][36520] GC(24668)     GC Worker Total (ms):          Min:  0.3, Avg:  0.3, Max:  0.3, Diff:  0.0, Sum:  0.6, Workers: 2
[2025-05-12T23:25:31.508+0300][1041.487s][36520] GC(24668)   Post Evacuate Collection Set: 0.6ms
[2025-05-12T23:25:31.508+0300][1041.487s][36520] GC(24668)     NMethod List Cleanup: 0.0ms
[2025-05-12T23:25:31.508+0300][1041.487s][36520] GC(24668)     Reference Processing: 0.0ms
[2025-05-12T23:25:31.508+0300][1041.487s][36520] GC(24668)       Notify Soft/WeakReferences: 0.0ms
[2025-05-12T23:25:31.508+0300][1041.487s][36520] GC(24668)         SoftRef (ms):                  Min:  0.0, Avg:  0.0, Max:  0.0, Diff:  0.0, Sum:  0.0, Workers: 1
[2025-05-12T23:25:31.508+0300][1041.487s][36520] GC(24668)         WeakRef (ms):                  Min:  0.0, Avg:  0.0, Max:  0.0, Diff:  0.0, Sum:  0.0, Workers: 1
[2025-05-12T23:25:31.508+0300][1041.487s][36520] GC(24668)         FinalRef (ms):                 Min:  0.0, Avg:  0.0, Max:  0.0, Diff:  0.0, Sum:  0.0, Workers: 1
[2025-05-12T23:25:31.508+0300][1041.487s][36520] GC(24668)         Total (ms):                    Min:  0.0, Avg:  0.0, Max:  0.0, Diff:  0.0, Sum:  0.0, Workers: 1
[2025-05-12T23:25:31.508+0300][1041.487s][36520] GC(24668)       Notify and keep alive finalizable: 0.0ms
[2025-05-12T23:25:31.508+0300][1041.487s][36520] GC(24668)         FinalRef (ms):                 skipped
[2025-05-12T23:25:31.508+0300][1041.487s][36520] GC(24668)       Notify PhantomReferences: 0.0ms
[2025-05-12T23:25:31.508+0300][1041.487s][36520] GC(24668)         PhantomRef (ms):               skipped
[2025-05-12T23:25:31.508+0300][1041.487s][36520] GC(24668)       SoftReference Discovered: 0, Dropped: 0, Processed: 0
[2025-05-12T23:25:31.508+0300][1041.487s][36520] GC(24668)       WeakReference Discovered: 23, Dropped: 1, Processed: 22
[2025-05-12T23:25:31.508+0300][1041.487s][36520] GC(24668)       FinalReference Discovered: 0, Dropped: 0, Processed: 0
[2025-05-12T23:25:31.508+0300][1041.487s][36520] GC(24668)       PhantomReference Discovered: 0, Dropped: 0, Processed: 0
[2025-05-12T23:25:31.508+0300][1041.487s][36520] GC(24668)     Weak Processing: 0.1ms
[2025-05-12T23:25:31.508+0300][1041.487s][36520] GC(24668)       VM Weak                        Min:  0.0, Avg:  0.0, Max:  0.0, Diff:  0.0, Sum:  0.0, Workers: 10
[2025-05-12T23:25:31.508+0300][1041.487s][36520] GC(24668)         Dead                           Min: 0, Avg:  0.0, Max: 0, Diff: 0, Sum: 0, Workers: 10
[2025-05-12T23:25:31.508+0300][1041.487s][36520] GC(24668)         Total                          Min: 0, Avg:  6.7, Max: 67, Diff: 67, Sum: 67, Workers: 10
[2025-05-12T23:25:31.508+0300][1041.487s][36520] GC(24668)       ObjectSynchronizer Weak        Min:  0.0, Avg:  0.0, Max:  0.0, Diff:  0.0, Sum:  0.0, Workers: 10
[2025-05-12T23:25:31.508+0300][1041.487s][36520] GC(24668)         Dead                           Min: 0, Avg:  0.0, Max: 0, Diff: 0, Sum: 0, Workers: 10
[2025-05-12T23:25:31.508+0300][1041.487s][36520] GC(24668)         Total                          Min: 0, Avg:  0.1, Max: 1, Diff: 1, Sum: 1, Workers: 10
[2025-05-12T23:25:31.508+0300][1041.487s][36520] GC(24668)       JVMTI Tag Weak OopStorage      Min:  0.0, Avg:  0.1, Max:  0.1, Diff:  0.0, Sum:  0.5, Workers: 10
[2025-05-12T23:25:31.508+0300][1041.487s][36520] GC(24668)         Dead                           Min: 0, Avg:  0.0, Max: 0, Diff: 0, Sum: 0, Workers: 10
[2025-05-12T23:25:31.508+0300][1041.487s][36520] GC(24668)         Total                          Min: 4522, Avg: 6289.9, Max: 14801, Diff: 10279, Sum: 62899, Workers: 10
[2025-05-12T23:25:31.508+0300][1041.487s][36520] GC(24668)       StringTable Weak               Min:  0.0, Avg:  0.0, Max:  0.0, Diff:  0.0, Sum:  0.2, Workers: 10
[2025-05-12T23:25:31.508+0300][1041.487s][36520] GC(24668)         Dead                           Min: 0, Avg:  0.0, Max: 0, Diff: 0, Sum: 0, Workers: 10
[2025-05-12T23:25:31.508+0300][1041.487s][36520] GC(24668)         Total                          Min: 3392, Avg: 3952.9, Max: 4800, Diff: 1408, Sum: 39529, Workers: 10
[2025-05-12T23:25:31.508+0300][1041.487s][36520] GC(24668)       ResolvedMethodTable Weak       Min:  0.0, Avg:  0.0, Max:  0.0, Diff:  0.0, Sum:  0.0, Workers: 10
[2025-05-12T23:25:31.508+0300][1041.487s][36520] GC(24668)         Dead                           Min: 0, Avg:  0.0, Max: 0, Diff: 0, Sum: 0, Workers: 10
[2025-05-12T23:25:31.508+0300][1041.487s][36520] GC(24668)         Total                          Min: 2, Avg: 68.1, Max: 126, Diff: 124, Sum: 681, Workers: 10
[2025-05-12T23:25:31.508+0300][1041.487s][36520] GC(24668)       JNI Weak                       Min:  0.0, Avg:  0.0, Max:  0.0, Diff:  0.0, Sum:  0.0, Workers: 10
[2025-05-12T23:25:31.508+0300][1041.487s][36520] GC(24668)         Dead                           Min: 0, Avg:  0.0, Max: 0, Diff: 0, Sum: 0, Workers: 10
[2025-05-12T23:25:31.508+0300][1041.487s][36520] GC(24668)         Total                          Min: 0, Avg:  1.1, Max: 11, Diff: 11, Sum: 11, Workers: 10
[2025-05-12T23:25:31.508+0300][1041.487s][36520] GC(24668)       StringDedup Table Weak         Min:  0.0, Avg:  0.0, Max:  0.0, Diff:  0.0, Sum:  0.0, Workers: 10
[2025-05-12T23:25:31.508+0300][1041.487s][36520] GC(24668)         Dead                           Min: 0, Avg:  0.0, Max: 0, Diff: 0, Sum: 0, Workers: 10
[2025-05-12T23:25:31.508+0300][1041.487s][36520] GC(24668)         Total                          Min: 0, Avg:  0.0, Max: 0, Diff: 0, Sum: 0, Workers: 10
[2025-05-12T23:25:31.508+0300][1041.487s][36520] GC(24668)       StringDedup Requests0 Weak     Min:  0.0, Avg:  0.0, Max:  0.0, Diff:  0.0, Sum:  0.0, Workers: 10
[2025-05-12T23:25:31.508+0300][1041.487s][36520] GC(24668)         Dead                           Min: 0, Avg:  0.0, Max: 0, Diff: 0, Sum: 0, Workers: 10
[2025-05-12T23:25:31.508+0300][1041.487s][36520] GC(24668)         Total                          Min: 0, Avg:  0.0, Max: 0, Diff: 0, Sum: 0, Workers: 10
[2025-05-12T23:25:31.508+0300][1041.487s][36520] GC(24668)       StringDedup Requests1 Weak     Min:  0.0, Avg:  0.0, Max:  0.0, Diff:  0.0, Sum:  0.0, Workers: 10
[2025-05-12T23:25:31.508+0300][1041.487s][36520] GC(24668)         Dead                           Min: 0, Avg:  0.0, Max: 0, Diff: 0, Sum: 0, Workers: 10
[2025-05-12T23:25:31.508+0300][1041.487s][36520] GC(24668)         Total                          Min: 0, Avg:  0.0, Max: 0, Diff: 0, Sum: 0, Workers: 10
[2025-05-12T23:25:31.508+0300][1041.487s][36520] GC(24668)       Weak JFR Old Object Samples    Min:  0.0, Avg:  0.0, Max:  0.0, Diff:  0.0, Sum:  0.0, Workers: 10
[2025-05-12T23:25:31.508+0300][1041.487s][36520] GC(24668)         Dead                           Min: 0, Avg:  0.0, Max: 0, Diff: 0, Sum: 0, Workers: 10
[2025-05-12T23:25:31.508+0300][1041.487s][36520] GC(24668)         Total                          Min: 0, Avg:  0.0, Max: 0, Diff: 0, Sum: 0, Workers: 10
[2025-05-12T23:25:31.508+0300][1041.487s][36520] GC(24668)     Post Evacuate Cleanup 1: 0.2ms
[2025-05-12T23:25:31.508+0300][1041.487s][36520] GC(24668)       Merge Per-Thread State (ms):   Min:  0.0, Avg:  0.0, Max:  0.0, Diff:  0.0, Sum:  0.0, Workers: 1
[2025-05-12T23:25:31.508+0300][1041.487s][36520] GC(24668)         Copied Bytes                   Min: 0, Avg:  0.0, Max: 0, Diff: 0, Sum: 0, Workers: 2
[2025-05-12T23:25:31.508+0300][1041.487s][36520] GC(24668)         LAB Waste                      Min: 0, Avg:  0.0, Max: 0, Diff: 0, Sum: 0, Workers: 2
[2025-05-12T23:25:31.508+0300][1041.487s][36520] GC(24668)         LAB Undo Waste                 Min: 0, Avg:  0.0, Max: 0, Diff: 0, Sum: 0, Workers: 2
[2025-05-12T23:25:31.508+0300][1041.487s][36520] GC(24668)       Clear Logged Cards (ms):       Min:  0.0, Avg:  0.0, Max:  0.0, Diff:  0.0, Sum:  0.0, Workers: 2
[2025-05-12T23:25:31.508+0300][1041.487s][36520] GC(24668)       Recalculate Used Memory (ms):  Min:  0.0, Avg:  0.0, Max:  0.0, Diff:  0.0, Sum:  0.0, Workers: 1
[2025-05-12T23:25:31.508+0300][1041.487s][36520] GC(24668)       Restore Retained Regions (ms): Min:  0.0, Avg:  0.0, Max:  0.0, Diff:  0.0, Sum:  0.1, Workers: 2
[2025-05-12T23:25:31.508+0300][1041.487s][36520] GC(24668)         Evacuation Failure Regions:    Min: 1, Avg:  1.0, Max: 1, Diff: 0, Sum: 1, Workers: 1
[2025-05-12T23:25:31.508+0300][1041.487s][36520] GC(24668)         Remove Self Forwards (ms):     Min:  0.0, Avg:  0.0, Max:  0.0, Diff:  0.0, Sum:  0.1, Workers: 2
[2025-05-12T23:25:31.508+0300][1041.487s][36520] GC(24668)           Forward Chunks:                Min: 24, Avg: 28.0, Max: 32, Diff: 8, Sum: 56, Workers: 2
[2025-05-12T23:25:31.508+0300][1041.487s][36520] GC(24668)           Empty Forward Chunks:          Min: 3, Avg:  4.0, Max: 5, Diff: 2, Sum: 8, Workers: 2
[2025-05-12T23:25:31.508+0300][1041.487s][36520] GC(24668)           Forward Objects:               Min: 1537, Avg: 1712.5, Max: 1888, Diff: 351, Sum: 3425, Workers: 2
[2025-05-12T23:25:31.508+0300][1041.487s][36520] GC(24668)           Forward Bytes:                 Min: 81304, Avg: 93388.0, Max: 105472, Diff: 24168, Sum: 186776, Workers: 2
[2025-05-12T23:25:31.508+0300][1041.487s][36520] GC(24668)     Post Evacuate Cleanup 2: 0.1ms
[2025-05-12T23:25:31.508+0300][1041.487s][36520] GC(24668)       Recalculate Used Memory (ms):  Min:  0.0, Avg:  0.0, Max:  0.0, Diff:  0.0, Sum:  0.0, Workers: 1
[2025-05-12T23:25:31.508+0300][1041.487s][36520] GC(24668)       Restore Preserved Marks (ms):  Min:  0.0, Avg:  0.0, Max:  0.0, Diff:  0.0, Sum:  0.0, Workers: 2
[2025-05-12T23:25:31.508+0300][1041.487s][36520] GC(24668)       Clear Retained Region Bitmaps (ms): Min:  0.0, Avg:  0.0, Max:  0.0, Diff:  0.0, Sum:  0.0, Workers: 2
[2025-05-12T23:25:31.508+0300][1041.487s][36520] GC(24668)       Update Derived Pointers (ms):  Min:  0.0, Avg:  0.0, Max:  0.0, Diff:  0.0, Sum:  0.0, Workers: 1
[2025-05-12T23:25:31.508+0300][1041.487s][36520] GC(24668)       Eagerly Reclaim Humongous Objects (ms): skipped
[2025-05-12T23:25:31.508+0300][1041.487s][36520] GC(24668)         Humongous Total                skipped
[2025-05-12T23:25:31.508+0300][1041.487s][36520] GC(24668)         Humongous Candidates           skipped
[2025-05-12T23:25:31.508+0300][1041.487s][36520] GC(24668)         Humongous Reclaimed            skipped
[2025-05-12T23:25:31.508+0300][1041.487s][36520] GC(24668)       Redirty Logged Cards (ms):     Min:  0.0, Avg:  0.0, Max:  0.0, Diff:  0.0, Sum:  0.0, Workers: 2
[2025-05-12T23:25:31.508+0300][1041.487s][36520] GC(24668)         Redirtied Cards:               Min: 0, Avg:  0.0, Max: 0, Diff: 0, Sum: 0, Workers: 2
[2025-05-12T23:25:31.508+0300][1041.487s][36520] GC(24668)       Resize TLABs (ms):             Min:  0.0, Avg:  0.0, Max:  0.0, Diff:  0.0, Sum:  0.0, Workers: 2
[2025-05-12T23:25:31.508+0300][1041.488s][36520] GC(24668)       Free Collection Set (ms):      Min:  0.0, Avg:  0.0, Max:  0.0, Diff:  0.0, Sum:  0.0, Workers: 2
[2025-05-12T23:25:31.508+0300][1041.488s][36520] GC(24668)     Rebuild Free List: 0.1ms
[2025-05-12T23:25:31.509+0300][1041.488s][36520] GC(24668)     Prepare For Mutator: 0.1ms
[2025-05-12T23:25:31.509+0300][1041.488s][36520] GC(24668)     Expand Heap After Collection: 0.0ms
[2025-05-12T23:25:31.509+0300][1041.488s][36520] GC(24668)   Other: 0.3ms
[2025-05-12T23:25:31.509+0300][1041.488s][36520] GC(24668) Coarsening (recent): Inline->AoC 0 (0) AoC->Howl 0 (0) Howl->Full 0 (0) Inline->AoC 0 (0) AoC->BitMap 0 (0) BitMap->Full 0 (0) 
[2025-05-12T23:25:31.509+0300][1041.488s][36520] GC(24668) Coarsening (all): Inline->AoC 10920 (0) AoC->Howl 7731 (0) Howl->Full 0 (0) Inline->AoC 10809 (0) AoC->BitMap 7399 (0) BitMap->Full 0 (0) 
[2025-05-12T23:25:31.509+0300][1041.488s][36520] GC(24668) Eden regions: 1->0(0)
[2025-05-12T23:25:31.509+0300][1041.488s][36520] GC(24668) Survivor regions: 0->0(0)
[2025-05-12T23:25:31.509+0300][1041.488s][36520] GC(24668) Old regions: 11->12
[2025-05-12T23:25:31.509+0300][1041.488s][36520] GC(24668) Humongous regions: 0->0
[2025-05-12T23:25:31.509+0300][1041.488s][36520] GC(24668) Metaspace: 10759K(12736K)->10759K(12736K) NonClass: 9683K(11328K)->9683K(11328K) Class: 1076K(1408K)->1076K(1408K)
[2025-05-12T23:25:31.509+0300][1041.488s][36520] GC(24668) Heap after GC invocations=21140 (full 7076):
[2025-05-12T23:25:31.509+0300][1041.488s][36520] GC(24668)  garbage-first heap   total 12288K, used 12273K [0x00000000ff400000, 0x0000000100000000)
[2025-05-12T23:25:31.509+0300][1041.488s][36520] GC(24668)   region size 1024K, 0 young (0K), 0 survivors (0K)
[2025-05-12T23:25:31.509+0300][1041.488s][36520] GC(24668)  Metaspace       used 10759K, committed 12736K, reserved 1114112K
[2025-05-12T23:25:31.509+0300][1041.488s][36520] GC(24668)   class space    used 1076K, committed 1408K, reserved 1048576K
[2025-05-12T23:25:31.509+0300][1041.488s][36520] GC(24668) Pause Young (Normal) (G1 Evacuation Pause) (Evacuation Failure) 11M->11M(12M) 2.728ms
[2025-05-12T23:25:31.509+0300][1041.488s][36520] GC(24668) User=0.00s Sys=0.00s Real=0.00s
[2025-05-12T23:25:31.509+0300][1041.488s][36520] Attempt heap expansion (allocation request failed). Allocation request: 2048B
[2025-05-12T23:25:31.509+0300][1041.488s][36520] Expand the heap. requested expansion amount: 1048576B expansion amount: 1048576B
[2025-05-12T23:25:31.509+0300][1041.488s][36520] Did not expand the heap (heap already fully expanded)
[2025-05-12T23:25:31.509+0300][1041.488s][36520] Attempting full compaction
[2025-05-12T23:25:31.509+0300][1041.488s][36520] GC(24669) Pause Full (G1 Compaction Pause)
[2025-05-12T23:25:31.509+0300][1041.488s][36520] GC(24669) Heap before GC invocations=21140 (full 7076):
[2025-05-12T23:25:31.509+0300][1041.488s][36520] GC(24669)  garbage-first heap   total 12288K, used 12273K [0x00000000ff400000, 0x0000000100000000)
[2025-05-12T23:25:31.509+0300][1041.488s][36520] GC(24669)   region size 1024K, 0 young (0K), 0 survivors (0K)
[2025-05-12T23:25:31.509+0300][1041.488s][36520] GC(24669)  Metaspace       used 10759K, committed 12736K, reserved 1114112K
[2025-05-12T23:25:31.509+0300][1041.488s][36520] GC(24669)   class space    used 1076K, committed 1408K, reserved 1048576K
[2025-05-12T23:25:31.509+0300][1041.488s][36520] GC(24669) Requesting 1 active workers for full compaction (waste limited workers: 1, adaptive workers: 2, used limited workers: 12)
[2025-05-12T23:25:31.509+0300][1041.488s][36520] GC(24669) Using 1 workers of 10 for full compaction
[2025-05-12T23:25:31.509+0300][1041.488s][36520] GC(24669) Mutator Allocation stats, regions: 0, wasted size: 0B ( 0.0%)
[2025-05-12T23:25:31.509+0300][1041.488s][36520] GC(24669) Phase 1: Mark live objects
[2025-05-12T23:25:31.516+0300][1041.495s][36520] GC(24669) Phase 1: Reference Processing
[2025-05-12T23:25:31.516+0300][1041.495s][36520] GC(24669) ReferenceProcessor::execute queues: 1, RefProcThreadModel::Single, marks_oops_alive: false
[2025-05-12T23:25:31.516+0300][1041.495s][36520] GC(24669) Skipped KeepAliveFinalRefsPhase of Reference Processing: no references
[2025-05-12T23:25:31.516+0300][1041.495s][36520] GC(24669) ReferenceProcessor::execute queues: 1, RefProcThreadModel::Single, marks_oops_alive: false
[2025-05-12T23:25:31.516+0300][1041.495s][36520] GC(24669) Reference Processing: 0.0ms
[2025-05-12T23:25:31.516+0300][1041.495s][36520] GC(24669)   Notify Soft/WeakReferences: 0.0ms
[2025-05-12T23:25:31.516+0300][1041.495s][36520] GC(24669)     SoftRef: 0.0ms
[2025-05-12T23:25:31.516+0300][1041.495s][36520] GC(24669)     WeakRef: 0.0ms
[2025-05-12T23:25:31.516+0300][1041.495s][36520] GC(24669)     FinalRef: 0.0ms
[2025-05-12T23:25:31.516+0300][1041.495s][36520] GC(24669)     Total: 0.0ms
[2025-05-12T23:25:31.516+0300][1041.495s][36520] GC(24669)   Notify and keep alive finalizable: 0.0ms
[2025-05-12T23:25:31.516+0300][1041.495s][36520] GC(24669)     FinalRef: skipped
[2025-05-12T23:25:31.516+0300][1041.495s][36520] GC(24669)   Notify PhantomReferences: 0.0ms
[2025-05-12T23:25:31.516+0300][1041.495s][36520] GC(24669)     PhantomRef: 0.0ms
[2025-05-12T23:25:31.516+0300][1041.495s][36520] GC(24669)   SoftReference Discovered: 46, Dropped: 4, Processed: 42
[2025-05-12T23:25:31.516+0300][1041.495s][36520] GC(24669)   WeakReference Discovered: 32, Dropped: 13, Processed: 19
[2025-05-12T23:25:31.516+0300][1041.495s][36520] GC(24669)   FinalReference Discovered: 0, Dropped: 0, Processed: 0
[2025-05-12T23:25:31.516+0300][1041.495s][36520] GC(24669)   PhantomReference Discovered: 23, Dropped: 23, Processed: 0
[2025-05-12T23:25:31.516+0300][1041.495s][36520] GC(24669) Phase 1: Reference Processing 0.201ms
[2025-05-12T23:25:31.516+0300][1041.496s][36520] GC(24669) Phase 1: Weak Processing
[2025-05-12T23:25:31.516+0300][1041.496s][36520] GC(24669)   VM Weak                        Min:  0.0, Avg:  0.0, Max:  0.0, Diff:  0.0, Sum:  0.0, Workers: 10
[2025-05-12T23:25:31.516+0300][1041.496s][36520] GC(24669)     Dead                           Min: 0, Avg:  2.0, Max: 20, Diff: 20, Sum: 20, Workers: 10
[2025-05-12T23:25:31.516+0300][1041.496s][36520] GC(24669)     Total                          Min: 0, Avg:  6.7, Max: 67, Diff: 67, Sum: 67, Workers: 10
[2025-05-12T23:25:31.516+0300][1041.496s][36520] GC(24669)   ObjectSynchronizer Weak        Min:  0.0, Avg:  0.0, Max:  0.0, Diff:  0.0, Sum:  0.0, Workers: 10
[2025-05-12T23:25:31.516+0300][1041.496s][36520] GC(24669)     Dead                           Min: 0, Avg:  0.0, Max: 0, Diff: 0, Sum: 0, Workers: 10
[2025-05-12T23:25:31.516+0300][1041.496s][36520] GC(24669)     Total                          Min: 0, Avg:  0.1, Max: 1, Diff: 1, Sum: 1, Workers: 10
[2025-05-12T23:25:31.516+0300][1041.496s][36520] GC(24669)   JVMTI Tag Weak OopStorage      Min:  0.0, Avg:  0.1, Max:  0.1, Diff:  0.0, Sum:  0.5, Workers: 10
[2025-05-12T23:25:31.516+0300][1041.496s][36520] GC(24669)     Dead                           Min: 0, Avg:  2.0, Max: 20, Diff: 20, Sum: 20, Workers: 10
[2025-05-12T23:25:31.517+0300][1041.496s][36520] GC(24669)     Total                          Min: 4129, Avg: 6289.9, Max: 10315, Diff: 6186, Sum: 62899, Workers: 10
[2025-05-12T23:25:31.517+0300][1041.496s][36520] GC(24669)   StringTable Weak               Min:  0.0, Avg:  0.0, Max:  0.0, Diff:  0.0, Sum:  0.2, Workers: 10
[2025-05-12T23:25:31.517+0300][1041.496s][36520] GC(24669)     Dead                           Min: 1, Avg:  9.0, Max: 33, Diff: 32, Sum: 90, Workers: 10
[2025-05-12T23:25:31.517+0300][1041.496s][36520] GC(24669)     Total                          Min: 3581, Avg: 3952.9, Max: 4288, Diff: 707, Sum: 39529, Workers: 10
[2025-05-12T23:25:31.517+0300][1041.496s][36520] GC(24669)   ResolvedMethodTable Weak       Min:  0.0, Avg:  0.0, Max:  0.0, Diff:  0.0, Sum:  0.0, Workers: 10
[2025-05-12T23:25:31.517+0300][1041.496s][36520] GC(24669)     Dead                           Min: 0, Avg:  3.7, Max: 13, Diff: 13, Sum: 37, Workers: 10
[2025-05-12T23:25:31.517+0300][1041.496s][36520] GC(24669)     Total                          Min: 0, Avg: 68.1, Max: 126, Diff: 126, Sum: 681, Workers: 10
[2025-05-12T23:25:31.517+0300][1041.496s][36520] GC(24669)   JNI Weak                       Min:  0.0, Avg:  0.0, Max:  0.0, Diff:  0.0, Sum:  0.0, Workers: 10
[2025-05-12T23:25:31.517+0300][1041.496s][36520] GC(24669)     Dead                           Min: 0, Avg:  0.0, Max: 0, Diff: 0, Sum: 0, Workers: 10
[2025-05-12T23:25:31.517+0300][1041.496s][36520] GC(24669)     Total                          Min: 0, Avg:  1.1, Max: 11, Diff: 11, Sum: 11, Workers: 10
[2025-05-12T23:25:31.517+0300][1041.496s][36520] GC(24669)   StringDedup Table Weak         Min:  0.0, Avg:  0.0, Max:  0.0, Diff:  0.0, Sum:  0.0, Workers: 10
[2025-05-12T23:25:31.517+0300][1041.496s][36520] GC(24669)     Dead                           Min: 0, Avg:  0.0, Max: 0, Diff: 0, Sum: 0, Workers: 10
[2025-05-12T23:25:31.517+0300][1041.496s][36520] GC(24669)     Total                          Min: 0, Avg:  0.0, Max: 0, Diff: 0, Sum: 0, Workers: 10
[2025-05-12T23:25:31.517+0300][1041.496s][36520] GC(24669)   StringDedup Requests0 Weak     Min:  0.0, Avg:  0.0, Max:  0.0, Diff:  0.0, Sum:  0.0, Workers: 10
[2025-05-12T23:25:31.517+0300][1041.496s][36520] GC(24669)     Dead                           Min: 0, Avg:  0.0, Max: 0, Diff: 0, Sum: 0, Workers: 10
[2025-05-12T23:25:31.517+0300][1041.496s][36520] GC(24669)     Total                          Min: 0, Avg:  0.0, Max: 0, Diff: 0, Sum: 0, Workers: 10
[2025-05-12T23:25:31.517+0300][1041.496s][36520] GC(24669)   StringDedup Requests1 Weak     Min:  0.0, Avg:  0.0, Max:  0.0, Diff:  0.0, Sum:  0.0, Workers: 10
[2025-05-12T23:25:31.517+0300][1041.496s][36520] GC(24669)     Dead                           Min: 0, Avg:  0.0, Max: 0, Diff: 0, Sum: 0, Workers: 10
[2025-05-12T23:25:31.517+0300][1041.496s][36520] GC(24669)     Total                          Min: 0, Avg:  0.0, Max: 0, Diff: 0, Sum: 0, Workers: 10
[2025-05-12T23:25:31.517+0300][1041.496s][36520] GC(24669)   Weak JFR Old Object Samples    Min:  0.0, Avg:  0.0, Max:  0.0, Diff:  0.0, Sum:  0.0, Workers: 10
[2025-05-12T23:25:31.517+0300][1041.496s][36520] GC(24669)     Dead                           Min: 0, Avg:  0.0, Max: 0, Diff: 0, Sum: 0, Workers: 10
[2025-05-12T23:25:31.517+0300][1041.496s][36520] GC(24669)     Total                          Min: 0, Avg:  0.0, Max: 0, Diff: 0, Sum: 0, Workers: 10
[2025-05-12T23:25:31.517+0300][1041.496s][36520] GC(24669) Phase 1: Weak Processing 0.452ms
[2025-05-12T23:25:31.517+0300][1041.496s][36520] GC(24669) Phase 1: Class Unloading and Cleanup
[2025-05-12T23:25:31.517+0300][1041.496s][36520] GC(24669) ClassLoaderData
[2025-05-12T23:25:31.517+0300][1041.496s][36520] GC(24669) ClassLoaderData 0.068ms
[2025-05-12T23:25:31.517+0300][1041.496s][36520] GC(24669) Trigger cleanups
[2025-05-12T23:25:31.517+0300][1041.496s][36520] GC(24669) Trigger cleanups 0.009ms
[2025-05-12T23:25:31.520+0300][1041.500s][36520] GC(24669) Phase 1: Class Unloading and Cleanup 3.762ms
[2025-05-12T23:25:31.520+0300][1041.500s][36520] GC(24669) Report Object Count
[2025-05-12T23:25:31.520+0300][1041.500s][36520] GC(24669) Report Object Count 0.012ms
[2025-05-12T23:25:31.520+0300][1041.500s][36520] GC(24669) Phase 1: Mark live objects 11.943ms
[2025-05-12T23:25:31.520+0300][1041.500s][36520] GC(24669) Phase 2: Prepare compaction
[2025-05-12T23:25:31.520+0300][1041.500s][36520] GC(24669) Phase 2: Determine work lists
[2025-05-12T23:25:31.520+0300][1041.500s][36520] GC(24669) Phase 2: Determine work lists 0.009ms
[2025-05-12T23:25:31.520+0300][1041.500s][36520] GC(24669) Phase 2: Prepare parallel compaction
[2025-05-12T23:25:31.520+0300][1041.500s][36520] GC(24669) Phase 2: Prepare parallel compaction 0.279ms
[2025-05-12T23:25:31.520+0300][1041.500s][36520] GC(24669) Phase 2: Prepare compaction 0.328ms
[2025-05-12T23:25:31.520+0300][1041.500s][36520] GC(24669) Phase 3: Adjust pointers
[2025-05-12T23:25:31.526+0300][1041.505s][36520] GC(24669) Phase 3: Adjust pointers 4.416ms
[2025-05-12T23:25:31.526+0300][1041.505s][36520] GC(24669) Phase 4: Compact heap
[2025-05-12T23:25:31.526+0300][1041.505s][36520] GC(24669) Phase 4: Compact heap 0.215ms
[2025-05-12T23:25:31.526+0300][1041.505s][36520] GC(24669) Phase 5: Reset Metadata
[2025-05-12T23:25:31.528+0300][1041.506s][36520] GC(24669) Phase 5: Reset Metadata 1.535ms
[2025-05-12T23:25:31.528+0300][1041.507s][36520] GC(24669) Running G1 Clear Bitmap with 1 workers for 1 work units.
[2025-05-12T23:25:31.529+0300][1041.508s][36520] GC(24669) Request concurrent cycle initiation (occupancy higher than threshold) occupancy: 11534336B allocation request: 0B threshold: 3649663B (29.00) source: end of Full GC
[2025-05-12T23:25:31.529+0300][1041.508s][36520] Old generation allocation in the last mutator period, old gen allocated: 0B, humongous allocated: 0B, old gen growth: 0B.
[2025-05-12T23:25:31.529+0300][1041.508s][36520] GC(24669) Coarsening (recent): Inline->AoC 0 (0) AoC->Howl 0 (0) Howl->Full 0 (0) Inline->AoC 0 (0) AoC->BitMap 0 (0) BitMap->Full 0 (0) 
[2025-05-12T23:25:31.529+0300][1041.508s][36520] GC(24669) Coarsening (all): Inline->AoC 10920 (0) AoC->Howl 7731 (0) Howl->Full 0 (0) Inline->AoC 10809 (0) AoC->BitMap 7399 (0) BitMap->Full 0 (0) 
[2025-05-12T23:25:31.529+0300][1041.508s][36520] GC(24669) Eden regions: 0->0(1)
[2025-05-12T23:25:31.529+0300][1041.508s][36520] GC(24669) Survivor regions: 0->0(0)
[2025-05-12T23:25:31.529+0300][1041.508s][36520] GC(24669) Old regions: 12->11
[2025-05-12T23:25:31.529+0300][1041.508s][36520] GC(24669) Humongous regions: 0->0
[2025-05-12T23:25:31.530+0300][1041.508s][36520] GC(24669) Metaspace: 10759K(12736K)->10718K(12736K) NonClass: 9683K(11328K)->9653K(11328K) Class: 1076K(1408K)->1064K(1408K)
[2025-05-12T23:25:31.530+0300][1041.508s][36520] GC(24669) Heap after GC invocations=21141 (full 7077):
[2025-05-12T23:25:31.530+0300][1041.508s][36520] GC(24669)  garbage-first heap   total 12288K, used 11241K [0x00000000ff400000, 0x0000000100000000)
[2025-05-12T23:25:31.530+0300][1041.508s][36520] GC(24669)   region size 1024K, 0 young (0K), 0 survivors (0K)
[2025-05-12T23:25:31.530+0300][1041.508s][36520] GC(24669)  Metaspace       used 10718K, committed 12736K, reserved 1114112K
[2025-05-12T23:25:31.530+0300][1041.508s][36520] GC(24669)   class space    used 1064K, committed 1408K, reserved 1048576K
[2025-05-12T23:25:31.530+0300][1041.508s][36520] GC(24669) Pause Full (G1 Compaction Pause) 11M->10M(12M) 20.660ms
[2025-05-12T23:25:31.530+0300][1041.508s][36520] GC(24669) User=0.00s Sys=0.00s Real=0.02s
[2025-05-12T23:25:31.530+0300][1041.508s][9340 ] G1 Service Thread (Card Set Free Memory Task) (run: 22.139ms) (cpu: 0.000ms)
[2025-05-12T23:25:31.558+0300][1041.537s][36520] GC(24670) Initiate concurrent cycle (concurrent cycle initiation requested)
[2025-05-12T23:25:31.558+0300][1041.537s][36520] GC(24670) Pause Young (Concurrent Start) (G1 Evacuation Pause)
[2025-05-12T23:25:31.558+0300][1041.537s][36520] GC(24670) Heap before GC invocations=21141 (full 7077):
[2025-05-12T23:25:31.558+0300][1041.537s][36520] GC(24670)  garbage-first heap   total 12288K, used 11241K [0x00000000ff400000, 0x0000000100000000)
[2025-05-12T23:25:31.558+0300][1041.537s][36520] GC(24670)   region size 1024K, 1 young (1024K), 0 survivors (0K)
[2025-05-12T23:25:31.558+0300][1041.537s][36520] GC(24670)  Metaspace       used 10759K, committed 12736K, reserved 1114112K
[2025-05-12T23:25:31.558+0300][1041.537s][36520] GC(24670)   class space    used 1076K, committed 1408K, reserved 1048576K
[2025-05-12T23:25:31.558+0300][1041.537s][36520] GC(24670) Using 2 workers of 10 for evacuation
[2025-05-12T23:25:31.558+0300][1041.537s][36520] GC(24670) Desired survivor size 524288 bytes, new threshold 15 (max threshold 15)
[2025-05-12T23:25:31.558+0300][1041.538s][36520] GC(24670) TLAB totals: thrds: 2  refills: 317 max: 316 slow allocs: 157 max 157 waste: 22.3% gc: 3040B max: 2352B slow: 188472B max: 188472B
[2025-05-12T23:25:31.558+0300][1041.538s][36520] GC(24670) Mutator refinement: 0.00ms, refined: 0, precleaned: 0, dirtied: 113
[2025-05-12T23:25:31.558+0300][1041.538s][36520] GC(24670) Concurrent refinement: 0.00ms, refined: 0, precleaned: 0, dirtied: 0
[2025-05-12T23:25:31.558+0300][1041.538s][36520] GC(24670) Total refinement: 0.00ms, refined: 0, precleaned: 0, dirtied: 113
[2025-05-12T23:25:31.558+0300][1041.538s][36520] GC(24670) Generate dirty cards rate: 3.86 cards/ms
[2025-05-12T23:25:31.558+0300][1041.538s][36520] GC(24670) Mutator Allocation stats, regions: 1, wasted size: 0B ( 0.0%)
[2025-05-12T23:25:31.558+0300][1041.538s][36520] GC(24670) No candidates to reclaim.
[2025-05-12T23:25:31.558+0300][1041.538s][36520] GC(24670) Running G1 Merge Heap Roots using 2 workers for 1 regions
[2025-05-12T23:25:31.558+0300][1041.538s][36520] GC(24670) Visited cards 1120 Total dirty 12288 (9.11%) Total old 26624 (4.21%)
[2025-05-12T23:25:31.558+0300][1041.538s][13972] GC(24670) Attempt heap expansion (region allocation request failed). Allocation request: 2064B
[2025-05-12T23:25:31.558+0300][1041.538s][13972] GC(24670) Did not expand the heap (heap already fully expanded)
[2025-05-12T23:25:31.559+0300][1041.538s][36520] GC(24670) ReferenceProcessor::execute queues: 1, RefProcThreadModel::Single, marks_oops_alive: false
[2025-05-12T23:25:31.559+0300][1041.538s][36520] GC(24670) Skipped KeepAliveFinalRefsPhase of Reference Processing: no references
[2025-05-12T23:25:31.559+0300][1041.538s][36520] GC(24670) Skipped PhantomRefsPhase of Reference Processing: no references
[2025-05-12T23:25:31.559+0300][1041.539s][36520] GC(24670) Initializing removing self forwards with 64 chunks per region
[2025-05-12T23:25:31.559+0300][1041.539s][36520] GC(24670) Running G1 Rebuild Free List Task using 2 workers for rebuilding free list of regions
[2025-05-12T23:25:31.559+0300][1041.539s][36520] GC(24670) Young PLAB allocation: allocated: 0B, wasted: 0B, unused: 0B, used: 0B, undo waste: 0B, 
[2025-05-12T23:25:31.559+0300][1041.539s][36520] GC(24670) Young other allocation: region end waste: 0B, regions filled: 0, num plab filled: 2, direct allocated: 0B, num direct allocated: 0, failure used: 0B, failure wasted: 0B
[2025-05-12T23:25:31.559+0300][1041.539s][36520] GC(24670) Young sizing: calculated: 0B, actual: 2064B
[2025-05-12T23:25:31.559+0300][1041.539s][36520] GC(24670) Old PLAB allocation: allocated: 0B, wasted: 0B, unused: 0B, used: 0B, undo waste: 0B, 
[2025-05-12T23:25:31.559+0300][1041.539s][36520] GC(24670) Old other allocation: region end waste: 0B, regions filled: 0, num plab filled: 2, direct allocated: 0B, num direct allocated: 0, failure used: 158024B, failure wasted: 890552B
[2025-05-12T23:25:31.559+0300][1041.539s][36520] GC(24670) Old sizing: calculated: 0B, actual: 2064B
[2025-05-12T23:25:31.559+0300][1041.539s][36520] GC(24670) Heap expansion: short term pause time ratio 38.93% long term pause time ratio 41.76% threshold 7.69% pause time ratio 7.69% fully expanded true resize by 0B
[2025-05-12T23:25:31.559+0300][1041.539s][9340 ] G1 Service Thread (Card Set Free Memory Task) (run 0.009ms after schedule)
[2025-05-12T23:25:31.559+0300][1041.539s][36520] GC(24670) MMU: 7.0ms (200.0ms/201.0ms)
[2025-05-12T23:25:31.559+0300][1041.539s][36520] Old generation allocation in the last mutator period, old gen allocated: 1048576B, humongous allocated: 0B, old gen growth: 1048576B.
[2025-05-12T23:25:31.559+0300][1041.539s][36520] GC(24670) Basic information (value update), threshold: 3708132B (29.47), target occupancy: 12582912B, current occupancy: 12552832B, recent allocation size: 1048576B, recent allocation duration: 29.31ms, recent old gen allocation rate: 35778418.49B/s, recent marking phase length: 120.12ms
[2025-05-12T23:25:31.559+0300][1041.539s][36520] GC(24670) Adaptive IHOP information (value update), threshold: 3708132B (34.67), internal target occupancy: 10695475B, occupancy: 12552832B, additional buffer size: 1048576B, predicted old gen allocation rate: 49209703.00B/s, predicted marking phase length: 120.68ms, prediction active: true
[2025-05-12T23:25:31.559+0300][1041.539s][36520] GC(24670) GC refinement: goal: 18446744073709551615 + 107 / 20.00ms, actual: 113 / 0.05ms, 
[2025-05-12T23:25:31.559+0300][1041.539s][36520] GC(24670) Unchanged pending cards target: 18446744073709551615
[2025-05-12T23:25:31.559+0300][1041.539s][36520] GC(24670)   Pre Evacuate Collection Set: 0.2ms
[2025-05-12T23:25:31.559+0300][1041.539s][36520] GC(24670)     Pre Evacuate Prepare: 0.1ms
[2025-05-12T23:25:31.559+0300][1041.539s][36520] GC(24670)       JT Retire TLABs And Flush Logs (ms): Min:  0.0, Avg:  0.0, Max:  0.0, Diff:  0.0, Sum:  0.0, Workers: 2
[2025-05-12T23:25:31.559+0300][1041.539s][36520] GC(24670)       Non-JT Flush Logs (ms):        Min:  0.0, Avg:  0.0, Max:  0.0, Diff:  0.0, Sum:  0.0, Workers: 1
[2025-05-12T23:25:31.559+0300][1041.539s][36520] GC(24670)     Choose Collection Set: 0.0ms
[2025-05-12T23:25:31.559+0300][1041.539s][36520] GC(24670)     Region Register: 0.1ms
[2025-05-12T23:25:31.559+0300][1041.539s][36520] GC(24670)     Prepare Heap Roots: 0.0ms
[2025-05-12T23:25:31.559+0300][1041.539s][36520] GC(24670)     Reset Marking State (ms):      Min:  0.0, Avg:  0.0, Max:  0.0, Diff:  0.0, Sum:  0.0, Workers: 1
[2025-05-12T23:25:31.559+0300][1041.539s][36520] GC(24670)     Note Start Of Mark (ms):       Min:  0.0, Avg:  0.0, Max:  0.0, Diff:  0.0, Sum:  0.0, Workers: 2
[2025-05-12T23:25:31.559+0300][1041.539s][36520] GC(24670)   Merge Heap Roots: 0.1ms
[2025-05-12T23:25:31.559+0300][1041.539s][36520] GC(24670)     Prepare Merge Heap Roots: 0.0ms
[2025-05-12T23:25:31.559+0300][1041.539s][36520] GC(24670)     Remembered Sets (ms):          Min:  0.0, Avg:  0.0, Max:  0.0, Diff:  0.0, Sum:  0.0, Workers: 2
[2025-05-12T23:25:31.559+0300][1041.539s][36520] GC(24670)       Eager Reclaim (ms):            skipped
[2025-05-12T23:25:31.559+0300][1041.539s][36520] GC(24670)       Merged Inline                  Min: 0, Avg:  0.0, Max: 0, Diff: 0, Sum: 0, Workers: 2
[2025-05-12T23:25:31.559+0300][1041.539s][36520] GC(24670)       Merged ArrayOfCards            Min: 0, Avg:  0.0, Max: 0, Diff: 0, Sum: 0, Workers: 2
[2025-05-12T23:25:31.559+0300][1041.539s][36520] GC(24670)       Merged Howl                    Min: 0, Avg:  0.0, Max: 0, Diff: 0, Sum: 0, Workers: 2
[2025-05-12T23:25:31.559+0300][1041.539s][36520] GC(24670)       Merged Full                    Min: 0, Avg:  0.0, Max: 0, Diff: 0, Sum: 0, Workers: 2
[2025-05-12T23:25:31.559+0300][1041.539s][36520] GC(24670)       Merged Howl Inline             Min: 0, Avg:  0.0, Max: 0, Diff: 0, Sum: 0, Workers: 2
[2025-05-12T23:25:31.559+0300][1041.539s][36520] GC(24670)       Merged Howl ArrayOfCards       Min: 0, Avg:  0.0, Max: 0, Diff: 0, Sum: 0, Workers: 2
[2025-05-12T23:25:31.559+0300][1041.539s][36520] GC(24670)       Merged Howl BitMap             Min: 0, Avg:  0.0, Max: 0, Diff: 0, Sum: 0, Workers: 2
[2025-05-12T23:25:31.559+0300][1041.539s][36520] GC(24670)       Merged Howl Full               Min: 0, Avg:  0.0, Max: 0, Diff: 0, Sum: 0, Workers: 2
[2025-05-12T23:25:31.559+0300][1041.539s][36520] GC(24670)       Merged Cards                   Min: 8, Avg:  8.0, Max: 8, Diff: 0, Sum: 16, Workers: 2
[2025-05-12T23:25:31.559+0300][1041.539s][36520] GC(24670)     Log Buffers (ms):              Min:  0.0, Avg:  0.0, Max:  0.0, Diff:  0.0, Sum:  0.0, Workers: 2
[2025-05-12T23:25:31.559+0300][1041.539s][36520] GC(24670)       Dirty Cards:                   Min: 24, Avg: 56.5, Max: 89, Diff: 65, Sum: 113, Workers: 2
[2025-05-12T23:25:31.559+0300][1041.539s][36520] GC(24670)       Skipped Cards:                 Min: 0, Avg:  0.0, Max: 0, Diff: 0, Sum: 0, Workers: 2
[2025-05-12T23:25:31.559+0300][1041.539s][36520] GC(24670)   Evacuate Collection Set: 0.4ms
[2025-05-12T23:25:31.559+0300][1041.539s][36520] GC(24670)     Ext Root Scanning (ms):        Min:  0.1, Avg:  0.1, Max:  0.2, Diff:  0.1, Sum:  0.3, Workers: 2
[2025-05-12T23:25:31.559+0300][1041.539s][36520] GC(24670)     Scan Heap Roots (ms):          Min:  0.0, Avg:  0.0, Max:  0.1, Diff:  0.0, Sum:  0.1, Workers: 2
[2025-05-12T23:25:31.559+0300][1041.539s][36520] GC(24670)       Scanned Cards:                 Min: 31, Avg: 56.5, Max: 82, Diff: 51, Sum: 113, Workers: 2
[2025-05-12T23:25:31.559+0300][1041.539s][36520] GC(24670)       Scanned Blocks:                Min: 25, Avg: 36.5, Max: 48, Diff: 23, Sum: 73, Workers: 2
[2025-05-12T23:25:31.559+0300][1041.539s][36520] GC(24670)       Claimed Chunks:                Min: 15, Avg: 17.5, Max: 20, Diff: 5, Sum: 35, Workers: 2
[2025-05-12T23:25:31.559+0300][1041.539s][36520] GC(24670)       Found Roots:                   Min: 32, Avg: 71.5, Max: 111, Diff: 79, Sum: 143, Workers: 2
[2025-05-12T23:25:31.559+0300][1041.539s][36520] GC(24670)     Code Root Scan (ms):           Min:  0.0, Avg:  0.0, Max:  0.0, Diff:  0.0, Sum:  0.0, Workers: 2
[2025-05-12T23:25:31.559+0300][1041.539s][36520] GC(24670)     Object Copy (ms):              Min:  0.1, Avg:  0.2, Max:  0.2, Diff:  0.0, Sum:  0.3, Workers: 2
[2025-05-12T23:25:31.559+0300][1041.539s][36520] GC(24670)     Termination (ms):              Min:  0.0, Avg:  0.0, Max:  0.0, Diff:  0.0, Sum:  0.0, Workers: 2
[2025-05-12T23:25:31.559+0300][1041.539s][36520] GC(24670)       Termination Attempts:          Min: 1, Avg:  1.0, Max: 1, Diff: 0, Sum: 2, Workers: 2
[2025-05-12T23:25:31.559+0300][1041.539s][36520] GC(24670)     GC Worker Other (ms):          Min:  0.0, Avg:  0.0, Max:  0.0, Diff:  0.0, Sum:  0.0, Workers: 2
[2025-05-12T23:25:31.559+0300][1041.539s][36520] GC(24670)     GC Worker Total (ms):          Min:  0.3, Avg:  0.3, Max:  0.3, Diff:  0.0, Sum:  0.7, Workers: 2
[2025-05-12T23:25:31.559+0300][1041.539s][36520] GC(24670)   Post Evacuate Collection Set: 0.5ms
[2025-05-12T23:25:31.559+0300][1041.539s][36520] GC(24670)     NMethod List Cleanup: 0.0ms
[2025-05-12T23:25:31.559+0300][1041.539s][36520] GC(24670)     Reference Processing: 0.0ms
[2025-05-12T23:25:31.559+0300][1041.539s][36520] GC(24670)       Notify Soft/WeakReferences: 0.0ms
[2025-05-12T23:25:31.559+0300][1041.539s][36520] GC(24670)         SoftRef (ms):                  Min:  0.0, Avg:  0.0, Max:  0.0, Diff:  0.0, Sum:  0.0, Workers: 1
[2025-05-12T23:25:31.559+0300][1041.539s][36520] GC(24670)         WeakRef (ms):                  Min:  0.0, Avg:  0.0, Max:  0.0, Diff:  0.0, Sum:  0.0, Workers: 1
[2025-05-12T23:25:31.559+0300][1041.539s][36520] GC(24670)         FinalRef (ms):                 Min:  0.0, Avg:  0.0, Max:  0.0, Diff:  0.0, Sum:  0.0, Workers: 1
[2025-05-12T23:25:31.559+0300][1041.539s][36520] GC(24670)         Total (ms):                    Min:  0.0, Avg:  0.0, Max:  0.0, Diff:  0.0, Sum:  0.0, Workers: 1
[2025-05-12T23:25:31.559+0300][1041.539s][36520] GC(24670)       Notify and keep alive finalizable: 0.0ms
[2025-05-12T23:25:31.559+0300][1041.539s][36520] GC(24670)         FinalRef (ms):                 skipped
[2025-05-12T23:25:31.559+0300][1041.539s][36520] GC(24670)       Notify PhantomReferences: 0.0ms
[2025-05-12T23:25:31.559+0300][1041.539s][36520] GC(24670)         PhantomRef (ms):               skipped
[2025-05-12T23:25:31.559+0300][1041.539s][36520] GC(24670)       SoftReference Discovered: 0, Dropped: 0, Processed: 0
[2025-05-12T23:25:31.559+0300][1041.539s][36520] GC(24670)       WeakReference Discovered: 42, Dropped: 19, Processed: 23
[2025-05-12T23:25:31.559+0300][1041.539s][36520] GC(24670)       FinalReference Discovered: 0, Dropped: 0, Processed: 0
[2025-05-12T23:25:31.561+0300][1041.539s][36520] GC(24670)       PhantomReference Discovered: 0, Dropped: 0, Processed: 0
[2025-05-12T23:25:31.561+0300][1041.539s][36520] GC(24670)     Weak Processing: 0.1ms
[2025-05-12T23:25:31.561+0300][1041.539s][36520] GC(24670)       VM Weak                        Min:  0.0, Avg:  0.0, Max:  0.0, Diff:  0.0, Sum:  0.0, Workers: 10
[2025-05-12T23:25:31.561+0300][1041.539s][36520] GC(24670)         Dead                           Min: 0, Avg:  0.0, Max: 0, Diff: 0, Sum: 0, Workers: 10
[2025-05-12T23:25:31.561+0300][1041.539s][36520] GC(24670)         Total                          Min: 0, Avg:  6.7, Max: 41, Diff: 41, Sum: 67, Workers: 10
[2025-05-12T23:25:31.561+0300][1041.539s][36520] GC(24670)       ObjectSynchronizer Weak        Min:  0.0, Avg:  0.0, Max:  0.0, Diff:  0.0, Sum:  0.0, Workers: 10
[2025-05-12T23:25:31.561+0300][1041.539s][36520] GC(24670)         Dead                           Min: 0, Avg:  0.0, Max: 0, Diff: 0, Sum: 0, Workers: 10
[2025-05-12T23:25:31.561+0300][1041.540s][36520] GC(24670)         Total                          Min: 0, Avg:  0.1, Max: 1, Diff: 1, Sum: 1, Workers: 10
[2025-05-12T23:25:31.561+0300][1041.540s][36520] GC(24670)       JVMTI Tag Weak OopStorage      Min:  0.0, Avg:  0.1, Max:  0.1, Diff:  0.0, Sum:  0.5, Workers: 10
[2025-05-12T23:25:31.561+0300][1041.540s][36520] GC(24670)         Dead                           Min: 0, Avg:  0.0, Max: 0, Diff: 0, Sum: 0, Workers: 10
[2025-05-12T23:25:31.561+0300][1041.540s][36520] GC(24670)         Total                          Min: 3337, Avg: 6289.9, Max: 11469, Diff: 8132, Sum: 62899, Workers: 10
[2025-05-12T23:25:31.561+0300][1041.540s][36520] GC(24670)       StringTable Weak               Min:  0.0, Avg:  0.0, Max:  0.0, Diff:  0.0, Sum:  0.2, Workers: 10
[2025-05-12T23:25:31.561+0300][1041.540s][36520] GC(24670)         Dead                           Min: 0, Avg:  1.7, Max: 9, Diff: 9, Sum: 17, Workers: 10
[2025-05-12T23:25:31.561+0300][1041.540s][36520] GC(24670)         Total                          Min: 3581, Avg: 3952.9, Max: 4800, Diff: 1219, Sum: 39529, Workers: 10
[2025-05-12T23:25:31.561+0300][1041.540s][36520] GC(24670)       ResolvedMethodTable Weak       Min:  0.0, Avg:  0.0, Max:  0.0, Diff:  0.0, Sum:  0.0, Workers: 10
[2025-05-12T23:25:31.561+0300][1041.540s][36520] GC(24670)         Dead                           Min: 0, Avg:  0.0, Max: 0, Diff: 0, Sum: 0, Workers: 10
[2025-05-12T23:25:31.561+0300][1041.540s][36520] GC(24670)         Total                          Min: 0, Avg: 69.6, Max: 128, Diff: 128, Sum: 696, Workers: 10
[2025-05-12T23:25:31.561+0300][1041.540s][36520] GC(24670)       JNI Weak                       Min:  0.0, Avg:  0.0, Max:  0.0, Diff:  0.0, Sum:  0.0, Workers: 10
[2025-05-12T23:25:31.561+0300][1041.540s][36520] GC(24670)         Dead                           Min: 0, Avg:  0.0, Max: 0, Diff: 0, Sum: 0, Workers: 10
[2025-05-12T23:25:31.561+0300][1041.540s][36520] GC(24670)         Total                          Min: 0, Avg:  1.1, Max: 11, Diff: 11, Sum: 11, Workers: 10
[2025-05-12T23:25:31.561+0300][1041.540s][36520] GC(24670)       StringDedup Table Weak         Min:  0.0, Avg:  0.0, Max:  0.0, Diff:  0.0, Sum:  0.0, Workers: 10
[2025-05-12T23:25:31.561+0300][1041.540s][36520] GC(24670)         Dead                           Min: 0, Avg:  0.0, Max: 0, Diff: 0, Sum: 0, Workers: 10
[2025-05-12T23:25:31.561+0300][1041.540s][36520] GC(24670)         Total                          Min: 0, Avg:  0.0, Max: 0, Diff: 0, Sum: 0, Workers: 10
[2025-05-12T23:25:31.561+0300][1041.540s][36520] GC(24670)       StringDedup Requests0 Weak     Min:  0.0, Avg:  0.0, Max:  0.0, Diff:  0.0, Sum:  0.0, Workers: 10
[2025-05-12T23:25:31.561+0300][1041.540s][36520] GC(24670)         Dead                           Min: 0, Avg:  0.0, Max: 0, Diff: 0, Sum: 0, Workers: 10
[2025-05-12T23:25:31.561+0300][1041.540s][36520] GC(24670)         Total                          Min: 0, Avg:  0.0, Max: 0, Diff: 0, Sum: 0, Workers: 10
[2025-05-12T23:25:31.561+0300][1041.540s][36520] GC(24670)       StringDedup Requests1 Weak     Min:  0.0, Avg:  0.0, Max:  0.0, Diff:  0.0, Sum:  0.0, Workers: 10
[2025-05-12T23:25:31.561+0300][1041.540s][36520] GC(24670)         Dead                           Min: 0, Avg:  0.0, Max: 0, Diff: 0, Sum: 0, Workers: 10
[2025-05-12T23:25:31.561+0300][1041.540s][36520] GC(24670)         Total                          Min: 0, Avg:  0.0, Max: 0, Diff: 0, Sum: 0, Workers: 10
[2025-05-12T23:25:31.561+0300][1041.540s][36520] GC(24670)       Weak JFR Old Object Samples    Min:  0.0, Avg:  0.0, Max:  0.0, Diff:  0.0, Sum:  0.0, Workers: 10
[2025-05-12T23:25:31.561+0300][1041.540s][36520] GC(24670)         Dead                           Min: 0, Avg:  0.0, Max: 0, Diff: 0, Sum: 0, Workers: 10
[2025-05-12T23:25:31.561+0300][1041.540s][36520] GC(24670)         Total                          Min: 0, Avg:  0.0, Max: 0, Diff: 0, Sum: 0, Workers: 10
[2025-05-12T23:25:31.561+0300][1041.540s][36520] GC(24670)     Post Evacuate Cleanup 1: 0.1ms
[2025-05-12T23:25:31.561+0300][1041.540s][36520] GC(24670)       Merge Per-Thread State (ms):   Min:  0.0, Avg:  0.0, Max:  0.0, Diff:  0.0, Sum:  0.0, Workers: 1
[2025-05-12T23:25:31.561+0300][1041.540s][36520] GC(24670)         Copied Bytes                   Min: 0, Avg:  0.0, Max: 0, Diff: 0, Sum: 0, Workers: 2
[2025-05-12T23:25:31.561+0300][1041.540s][36520] GC(24670)         LAB Waste                      Min: 0, Avg:  0.0, Max: 0, Diff: 0, Sum: 0, Workers: 2
[2025-05-12T23:25:31.561+0300][1041.540s][36520] GC(24670)         LAB Undo Waste                 Min: 0, Avg:  0.0, Max: 0, Diff: 0, Sum: 0, Workers: 2
[2025-05-12T23:25:31.561+0300][1041.540s][36520] GC(24670)       Clear Logged Cards (ms):       Min:  0.0, Avg:  0.0, Max:  0.0, Diff:  0.0, Sum:  0.0, Workers: 2
[2025-05-12T23:25:31.561+0300][1041.540s][36520] GC(24670)       Recalculate Used Memory (ms):  Min:  0.0, Avg:  0.0, Max:  0.0, Diff:  0.0, Sum:  0.0, Workers: 1
[2025-05-12T23:25:31.561+0300][1041.540s][36520] GC(24670)       Restore Retained Regions (ms): Min:  0.0, Avg:  0.0, Max:  0.1, Diff:  0.0, Sum:  0.1, Workers: 2
[2025-05-12T23:25:31.561+0300][1041.540s][36520] GC(24670)         Evacuation Failure Regions:    Min: 1, Avg:  1.0, Max: 1, Diff: 0, Sum: 1, Workers: 1
[2025-05-12T23:25:31.561+0300][1041.540s][36520] GC(24670)         Remove Self Forwards (ms):     Min:  0.0, Avg:  0.0, Max:  0.1, Diff:  0.0, Sum:  0.1, Workers: 2
[2025-05-12T23:25:31.561+0300][1041.540s][36520] GC(24670)           Forward Chunks:                Min: 19, Avg: 26.5, Max: 34, Diff: 15, Sum: 53, Workers: 2
[2025-05-12T23:25:31.561+0300][1041.540s][36520] GC(24670)           Empty Forward Chunks:          Min: 3, Avg:  5.5, Max: 8, Diff: 5, Sum: 11, Workers: 2
[2025-05-12T23:25:31.561+0300][1041.540s][36520] GC(24670)           Forward Objects:               Min: 947, Avg: 1695.0, Max: 2443, Diff: 1496, Sum: 3390, Workers: 2
[2025-05-12T23:25:31.561+0300][1041.540s][36520] GC(24670)           Forward Bytes:                 Min: 43800, Avg: 79012.0, Max: 114224, Diff: 70424, Sum: 158024, Workers: 2
[2025-05-12T23:25:31.561+0300][1041.540s][36520] GC(24670)     Post Evacuate Cleanup 2: 0.1ms
[2025-05-12T23:25:31.561+0300][1041.540s][36520] GC(24670)       Recalculate Used Memory (ms):  Min:  0.0, Avg:  0.0, Max:  0.0, Diff:  0.0, Sum:  0.0, Workers: 1
[2025-05-12T23:25:31.561+0300][1041.540s][36520] GC(24670)       Restore Preserved Marks (ms):  Min:  0.0, Avg:  0.0, Max:  0.0, Diff:  0.0, Sum:  0.0, Workers: 2
[2025-05-12T23:25:31.561+0300][1041.540s][36520] GC(24670)       Clear Retained Region Bitmaps (ms): skipped
[2025-05-12T23:25:31.561+0300][1041.540s][36520] GC(24670)       Update Derived Pointers (ms):  Min:  0.0, Avg:  0.0, Max:  0.0, Diff:  0.0, Sum:  0.0, Workers: 1
[2025-05-12T23:25:31.561+0300][1041.540s][36520] GC(24670)       Eagerly Reclaim Humongous Objects (ms): skipped
[2025-05-12T23:25:31.561+0300][1041.540s][36520] GC(24670)         Humongous Total                skipped
[2025-05-12T23:25:31.561+0300][1041.540s][36520] GC(24670)         Humongous Candidates           skipped
[2025-05-12T23:25:31.561+0300][1041.540s][36520] GC(24670)         Humongous Reclaimed            skipped
[2025-05-12T23:25:31.561+0300][1041.540s][36520] GC(24670)       Redirty Logged Cards (ms):     Min:  0.0, Avg:  0.0, Max:  0.0, Diff:  0.0, Sum:  0.0, Workers: 2
[2025-05-12T23:25:31.561+0300][1041.540s][36520] GC(24670)         Redirtied Cards:               Min: 0, Avg:  0.0, Max: 0, Diff: 0, Sum: 0, Workers: 2
[2025-05-12T23:25:31.561+0300][1041.540s][36520] GC(24670)       Resize TLABs (ms):             Min:  0.0, Avg:  0.0, Max:  0.0, Diff:  0.0, Sum:  0.0, Workers: 2
[2025-05-12T23:25:31.561+0300][1041.540s][36520] GC(24670)       Free Collection Set (ms):      Min:  0.0, Avg:  0.0, Max:  0.0, Diff:  0.0, Sum:  0.0, Workers: 2
[2025-05-12T23:25:31.561+0300][1041.540s][36520] GC(24670)     Rebuild Free List: 0.1ms
[2025-05-12T23:25:31.561+0300][1041.540s][36520] GC(24670)     Prepare For Mutator: 0.1ms
[2025-05-12T23:25:31.561+0300][1041.540s][36520] GC(24670)     Expand Heap After Collection: 0.0ms
[2025-05-12T23:25:31.561+0300][1041.540s][36520] GC(24670)   Other: 0.3ms
[2025-05-12T23:25:31.561+0300][1041.540s][36520] GC(24670) Coarsening (recent): Inline->AoC 0 (0) AoC->Howl 0 (0) Howl->Full 0 (0) Inline->AoC 0 (0) AoC->BitMap 0 (0) BitMap->Full 0 (0) 
[2025-05-12T23:25:31.561+0300][1041.540s][36520] GC(24670) Coarsening (all): Inline->AoC 10920 (0) AoC->Howl 7731 (0) Howl->Full 0 (0) Inline->AoC 10809 (0) AoC->BitMap 7399 (0) BitMap->Full 0 (0) 
[2025-05-12T23:25:31.561+0300][1041.540s][36520] GC(24670) Eden regions: 1->0(0)
[2025-05-12T23:25:31.561+0300][1041.540s][36520] GC(24670) Survivor regions: 0->0(0)
[2025-05-12T23:25:31.561+0300][1041.540s][36520] GC(24670) Old regions: 11->12
[2025-05-12T23:25:31.561+0300][1041.540s][36520] GC(24670) Humongous regions: 0->0
[2025-05-12T23:25:31.561+0300][1041.540s][36520] GC(24670) Metaspace: 10759K(12736K)->10759K(12736K) NonClass: 9683K(11328K)->9683K(11328K) Class: 1076K(1408K)->1076K(1408K)
[2025-05-12T23:25:31.561+0300][1041.540s][36520] GC(24670) Heap after GC invocations=21142 (full 7077):
[2025-05-12T23:25:31.561+0300][1041.540s][36520] GC(24670)  garbage-first heap   total 12288K, used 12258K [0x00000000ff400000, 0x0000000100000000)
[2025-05-12T23:25:31.561+0300][1041.540s][36520] GC(24670)   region size 1024K, 0 young (0K), 0 survivors (0K)
[2025-05-12T23:25:31.561+0300][1041.540s][36520] GC(24670)  Metaspace       used 10759K, committed 12736K, reserved 1114112K
[2025-05-12T23:25:31.561+0300][1041.540s][36520] GC(24670)   class space    used 1076K, committed 1408K, reserved 1048576K
[2025-05-12T23:25:31.561+0300][1041.540s][36520] GC(24670) Pause Young (Concurrent Start) (G1 Evacuation Pause) (Evacuation Failure) 11M->11M(12M) 2.768ms
[2025-05-12T23:25:31.561+0300][1041.540s][36520] GC(24670) User=0.00s Sys=0.00s Real=0.00s
[2025-05-12T23:25:31.561+0300][1041.540s][36520] Attempt heap expansion (allocation request failed). Allocation request: 16400B
[2025-05-12T23:25:31.561+0300][1041.540s][34628] GC(24671) Concurrent Mark Cycle
[2025-05-12T23:25:31.561+0300][1041.540s][36520] Expand the heap. requested expansion amount: 1048576B expansion amount: 1048576B
[2025-05-12T23:25:31.561+0300][1041.540s][34628] GC(24671) Concurrent Scan Root Regions
[2025-05-12T23:25:31.561+0300][1041.540s][36520] Did not expand the heap (heap already fully expanded)
[2025-05-12T23:25:31.561+0300][1041.540s][34628] GC(24671) Concurrent Scan Root Regions 0.036ms
[2025-05-12T23:25:31.561+0300][1041.540s][36520] Attempting full compaction
[2025-05-12T23:25:31.561+0300][1041.540s][34628] GC(24671) Concurrent Mark
[2025-05-12T23:25:31.561+0300][1041.540s][36520] GC(24672) Pause Full (G1 Compaction Pause)
[2025-05-12T23:25:31.561+0300][1041.540s][34628] GC(24671) Concurrent Mark From Roots
[2025-05-12T23:25:31.561+0300][1041.540s][36520] GC(24672) Heap before GC invocations=21142 (full 7077):
[2025-05-12T23:25:31.561+0300][1041.540s][34628] GC(24671) Using 3 workers of 3 for marking
[2025-05-12T23:25:31.561+0300][1041.540s][36520] GC(24672)  garbage-first heap   total 12288K, used 12258K [0x00000000ff400000, 0x0000000100000000)
[2025-05-12T23:25:31.561+0300][1041.540s][36520] GC(24672)   region size 1024K, 0 young (0K), 0 survivors (0K)
[2025-05-12T23:25:31.561+0300][1041.540s][36520] GC(24672)  Metaspace       used 10759K, committed 12736K, reserved 1114112K
[2025-05-12T23:25:31.561+0300][1041.540s][36520] GC(24672)   class space    used 1076K, committed 1408K, reserved 1048576K
[2025-05-12T23:25:31.561+0300][1041.540s][36520] GC(24672) Requesting 1 active workers for full compaction (waste limited workers: 1, adaptive workers: 2, used limited workers: 12)
[2025-05-12T23:25:31.561+0300][1041.540s][36520] GC(24672) Using 1 workers of 10 for full compaction
[2025-05-12T23:25:31.561+0300][1041.540s][36520] GC(24672) Clear Bitmap
[2025-05-12T23:25:31.561+0300][1041.540s][36520] GC(24672) Running G1 Clear Bitmap with 1 workers for 1 work units.
[2025-05-12T23:25:31.561+0300][1041.541s][36520] GC(24672) Clear Bitmap 0.078ms
[2025-05-12T23:25:31.561+0300][1041.541s][36520] GC(24672) Mutator Allocation stats, regions: 0, wasted size: 0B ( 0.0%)
[2025-05-12T23:25:31.561+0300][1041.541s][36520] GC(24672) Phase 1: Mark live objects
[2025-05-12T23:25:31.568+0300][1041.548s][36520] GC(24672) Phase 1: Reference Processing
[2025-05-12T23:25:31.568+0300][1041.548s][36520] GC(24672) ReferenceProcessor::execute queues: 1, RefProcThreadModel::Single, marks_oops_alive: false
[2025-05-12T23:25:31.568+0300][1041.548s][36520] GC(24672) Skipped KeepAliveFinalRefsPhase of Reference Processing: no references
[2025-05-12T23:25:31.568+0300][1041.548s][36520] GC(24672) ReferenceProcessor::execute queues: 1, RefProcThreadModel::Single, marks_oops_alive: false
[2025-05-12T23:25:31.568+0300][1041.548s][36520] GC(24672) Reference Processing: 0.1ms
[2025-05-12T23:25:31.568+0300][1041.548s][36520] GC(24672)   Notify Soft/WeakReferences: 0.1ms
[2025-05-12T23:25:31.568+0300][1041.548s][36520] GC(24672)     SoftRef: 0.0ms
[2025-05-12T23:25:31.568+0300][1041.548s][36520] GC(24672)     WeakRef: 0.0ms
[2025-05-12T23:25:31.568+0300][1041.548s][36520] GC(24672)     FinalRef: 0.0ms
[2025-05-12T23:25:31.568+0300][1041.548s][36520] GC(24672)     Total: 0.0ms
[2025-05-12T23:25:31.568+0300][1041.548s][36520] GC(24672)   Notify and keep alive finalizable: 0.0ms
[2025-05-12T23:25:31.568+0300][1041.548s][36520] GC(24672)     FinalRef: skipped
[2025-05-12T23:25:31.568+0300][1041.548s][36520] GC(24672)   Notify PhantomReferences: 0.0ms
[2025-05-12T23:25:31.568+0300][1041.548s][36520] GC(24672)     PhantomRef: 0.0ms
[2025-05-12T23:25:31.568+0300][1041.548s][36520] GC(24672)   SoftReference Discovered: 46, Dropped: 4, Processed: 42
[2025-05-12T23:25:31.568+0300][1041.548s][36520] GC(24672)   WeakReference Discovered: 33, Dropped: 14, Processed: 19
[2025-05-12T23:25:31.568+0300][1041.548s][36520] GC(24672)   FinalReference Discovered: 0, Dropped: 0, Processed: 0
[2025-05-12T23:25:31.568+0300][1041.548s][36520] GC(24672)   PhantomReference Discovered: 23, Dropped: 23, Processed: 0
[2025-05-12T23:25:31.568+0300][1041.548s][36520] GC(24672) Phase 1: Reference Processing 0.251ms
[2025-05-12T23:25:31.568+0300][1041.548s][36520] GC(24672) Phase 1: Weak Processing
[2025-05-12T23:25:31.568+0300][1041.548s][36520] GC(24672)   VM Weak                        Min:  0.0, Avg:  0.0, Max:  0.0, Diff:  0.0, Sum:  0.0, Workers: 10
[2025-05-12T23:25:31.569+0300][1041.548s][36520] GC(24672)     Dead                           Min: 0, Avg:  2.0, Max: 20, Diff: 20, Sum: 20, Workers: 10
[2025-05-12T23:25:31.569+0300][1041.548s][36520] GC(24672)     Total                          Min: 0, Avg:  6.7, Max: 41, Diff: 41, Sum: 67, Workers: 10
[2025-05-12T23:25:31.569+0300][1041.548s][36520] GC(24672)   ObjectSynchronizer Weak        Min:  0.0, Avg:  0.0, Max:  0.0, Diff:  0.0, Sum:  0.0, Workers: 10
[2025-05-12T23:25:31.569+0300][1041.548s][36520] GC(24672)     Dead                           Min: 0, Avg:  0.0, Max: 0, Diff: 0, Sum: 0, Workers: 10
[2025-05-12T23:25:31.569+0300][1041.548s][36520] GC(24672)     Total                          Min: 0, Avg:  0.1, Max: 1, Diff: 1, Sum: 1, Workers: 10
[2025-05-12T23:25:31.569+0300][1041.548s][36520] GC(24672)   JVMTI Tag Weak OopStorage      Min:  0.0, Avg:  0.1, Max:  0.1, Diff:  0.0, Sum:  0.5, Workers: 10
[2025-05-12T23:25:31.569+0300][1041.548s][36520] GC(24672)     Dead                           Min: 0, Avg:  2.0, Max: 20, Diff: 20, Sum: 20, Workers: 10
[2025-05-12T23:25:31.569+0300][1041.548s][36520] GC(24672)     Total                          Min: 5579, Avg: 6289.9, Max: 8715, Diff: 3136, Sum: 62899, Workers: 10
[2025-05-12T23:25:31.569+0300][1041.548s][36520] GC(24672)   StringTable Weak               Min:  0.0, Avg:  0.0, Max:  0.0, Diff:  0.0, Sum:  0.2, Workers: 10
[2025-05-12T23:25:31.569+0300][1041.548s][36520] GC(24672)     Dead                           Min: 1, Avg:  7.3, Max: 17, Diff: 16, Sum: 73, Workers: 10
[2025-05-12T23:25:31.569+0300][1041.548s][36520] GC(24672)     Total                          Min: 3520, Avg: 3952.9, Max: 4541, Diff: 1021, Sum: 39529, Workers: 10
[2025-05-12T23:25:31.569+0300][1041.548s][36520] GC(24672)   ResolvedMethodTable Weak       Min:  0.0, Avg:  0.0, Max:  0.0, Diff:  0.0, Sum:  0.0, Workers: 10
[2025-05-12T23:25:31.569+0300][1041.548s][36520] GC(24672)     Dead                           Min: 0, Avg:  3.7, Max: 24, Diff: 24, Sum: 37, Workers: 10
[2025-05-12T23:25:31.569+0300][1041.548s][36520] GC(24672)     Total                          Min: 10, Avg: 69.6, Max: 126, Diff: 116, Sum: 696, Workers: 10
[2025-05-12T23:25:31.569+0300][1041.548s][36520] GC(24672)   JNI Weak                       Min:  0.0, Avg:  0.0, Max:  0.0, Diff:  0.0, Sum:  0.0, Workers: 10
[2025-05-12T23:25:31.569+0300][1041.548s][36520] GC(24672)     Dead                           Min: 0, Avg:  0.0, Max: 0, Diff: 0, Sum: 0, Workers: 10
[2025-05-12T23:25:31.569+0300][1041.548s][36520] GC(24672)     Total                          Min: 0, Avg:  1.1, Max: 11, Diff: 11, Sum: 11, Workers: 10
[2025-05-12T23:25:31.569+0300][1041.548s][36520] GC(24672)   StringDedup Table Weak         Min:  0.0, Avg:  0.0, Max:  0.0, Diff:  0.0, Sum:  0.0, Workers: 10
[2025-05-12T23:25:31.569+0300][1041.548s][36520] GC(24672)     Dead                           Min: 0, Avg:  0.0, Max: 0, Diff: 0, Sum: 0, Workers: 10
[2025-05-12T23:25:31.569+0300][1041.548s][36520] GC(24672)     Total                          Min: 0, Avg:  0.0, Max: 0, Diff: 0, Sum: 0, Workers: 10
[2025-05-12T23:25:31.569+0300][1041.548s][36520] GC(24672)   StringDedup Requests0 Weak     Min:  0.0, Avg:  0.0, Max:  0.0, Diff:  0.0, Sum:  0.0, Workers: 10
[2025-05-12T23:25:31.569+0300][1041.548s][36520] GC(24672)     Dead                           Min: 0, Avg:  0.0, Max: 0, Diff: 0, Sum: 0, Workers: 10
[2025-05-12T23:25:31.569+0300][1041.548s][36520] GC(24672)     Total                          Min: 0, Avg:  0.0, Max: 0, Diff: 0, Sum: 0, Workers: 10
[2025-05-12T23:25:31.569+0300][1041.548s][36520] GC(24672)   StringDedup Requests1 Weak     Min:  0.0, Avg:  0.0, Max:  0.0, Diff:  0.0, Sum:  0.0, Workers: 10
[2025-05-12T23:25:31.569+0300][1041.548s][36520] GC(24672)     Dead                           Min: 0, Avg:  0.0, Max: 0, Diff: 0, Sum: 0, Workers: 10
[2025-05-12T23:25:31.569+0300][1041.548s][36520] GC(24672)     Total                          Min: 0, Avg:  0.0, Max: 0, Diff: 0, Sum: 0, Workers: 10
[2025-05-12T23:25:31.569+0300][1041.548s][36520] GC(24672)   Weak JFR Old Object Samples    Min:  0.0, Avg:  0.0, Max:  0.0, Diff:  0.0, Sum:  0.0, Workers: 10
[2025-05-12T23:25:31.569+0300][1041.548s][36520] GC(24672)     Dead                           Min: 0, Avg:  0.0, Max: 0, Diff: 0, Sum: 0, Workers: 10
[2025-05-12T23:25:31.569+0300][1041.548s][36520] GC(24672)     Total                          Min: 0, Avg:  0.0, Max: 0, Diff: 0, Sum: 0, Workers: 10
[2025-05-12T23:25:31.569+0300][1041.548s][36520] GC(24672) Phase 1: Weak Processing 0.448ms
[2025-05-12T23:25:31.569+0300][1041.548s][36520] GC(24672) Phase 1: Class Unloading and Cleanup
[2025-05-12T23:25:31.569+0300][1041.548s][36520] GC(24672) ClassLoaderData
[2025-05-12T23:25:31.569+0300][1041.548s][36520] GC(24672) ClassLoaderData 0.063ms
[2025-05-12T23:25:31.569+0300][1041.548s][36520] GC(24672) Trigger cleanups
[2025-05-12T23:25:31.569+0300][1041.548s][36520] GC(24672) Trigger cleanups 0.009ms
[2025-05-12T23:25:31.573+0300][1041.552s][36520] GC(24672) Phase 1: Class Unloading and Cleanup 3.923ms
[2025-05-12T23:25:31.573+0300][1041.552s][36520] GC(24672) Report Object Count
[2025-05-12T23:25:31.573+0300][1041.552s][36520] GC(24672) Report Object Count 0.011ms
[2025-05-12T23:25:31.573+0300][1041.552s][36520] GC(24672) Phase 1: Mark live objects 11.626ms
[2025-05-12T23:25:31.573+0300][1041.552s][36520] GC(24672) Phase 2: Prepare compaction
[2025-05-12T23:25:31.573+0300][1041.552s][36520] GC(24672) Phase 2: Determine work lists
[2025-05-12T23:25:31.573+0300][1041.552s][36520] GC(24672) Phase 2: Determine work lists 0.010ms
[2025-05-12T23:25:31.573+0300][1041.552s][36520] GC(24672) Phase 2: Prepare parallel compaction
[2025-05-12T23:25:31.574+0300][1041.552s][36520] GC(24672) Phase 2: Prepare parallel compaction 0.173ms
[2025-05-12T23:25:31.574+0300][1041.552s][36520] GC(24672) Phase 2: Prepare compaction 0.217ms
[2025-05-12T23:25:31.574+0300][1041.552s][36520] GC(24672) Phase 3: Adjust pointers
[2025-05-12T23:25:31.578+0300][1041.557s][36520] GC(24672) Phase 3: Adjust pointers 4.564ms
[2025-05-12T23:25:31.578+0300][1041.557s][36520] GC(24672) Phase 4: Compact heap
[2025-05-12T23:25:31.578+0300][1041.557s][36520] GC(24672) Phase 4: Compact heap 0.210ms
[2025-05-12T23:25:31.578+0300][1041.557s][36520] GC(24672) Phase 5: Reset Metadata
[2025-05-12T23:25:31.580+0300][1041.559s][36520] GC(24672) Phase 5: Reset Metadata 1.595ms
[2025-05-12T23:25:31.580+0300][1041.559s][36520] GC(24672) Running G1 Clear Bitmap with 1 workers for 1 work units.
[2025-05-12T23:25:31.581+0300][1041.561s][36520] Old generation allocation in the last mutator period, old gen allocated: 0B, humongous allocated: 0B, old gen growth: 0B.
[2025-05-12T23:25:31.581+0300][1041.561s][36520] GC(24672) Coarsening (recent): Inline->AoC 0 (0) AoC->Howl 0 (0) Howl->Full 0 (0) Inline->AoC 0 (0) AoC->BitMap 0 (0) BitMap->Full 0 (0) 
[2025-05-12T23:25:31.581+0300][1041.561s][36520] GC(24672) Coarsening (all): Inline->AoC 10920 (0) AoC->Howl 7731 (0) Howl->Full 0 (0) Inline->AoC 10809 (0) AoC->BitMap 7399 (0) BitMap->Full 0 (0) 
[2025-05-12T23:25:31.581+0300][1041.561s][36520] GC(24672) Eden regions: 0->0(1)
[2025-05-12T23:25:31.581+0300][1041.561s][36520] GC(24672) Survivor regions: 0->0(0)
[2025-05-12T23:25:31.581+0300][1041.561s][36520] GC(24672) Old regions: 12->11
[2025-05-12T23:25:31.581+0300][1041.561s][36520] GC(24672) Humongous regions: 0->0
[2025-05-12T23:25:31.581+0300][1041.561s][36520] GC(24672) Metaspace: 10759K(12736K)->10718K(12736K) NonClass: 9683K(11328K)->9653K(11328K) Class: 1076K(1408K)->1064K(1408K)
[2025-05-12T23:25:31.581+0300][1041.561s][36520] GC(24672) Heap after GC invocations=21143 (full 7078):
[2025-05-12T23:25:31.581+0300][1041.561s][36520] GC(24672)  garbage-first heap   total 12288K, used 11206K [0x00000000ff400000, 0x0000000100000000)
[2025-05-12T23:25:31.581+0300][1041.561s][36520] GC(24672)   region size 1024K, 0 young (0K), 0 survivors (0K)
[2025-05-12T23:25:31.581+0300][1041.561s][36520] GC(24672)  Metaspace       used 10718K, committed 12736K, reserved 1114112K
[2025-05-12T23:25:31.581+0300][1041.561s][36520] GC(24672)   class space    used 1064K, committed 1408K, reserved 1048576K
[2025-05-12T23:25:31.581+0300][1041.561s][36520] GC(24672) Pause Full (G1 Compaction Pause) 11M->10M(12M) 20.517ms
[2025-05-12T23:25:31.581+0300][1041.561s][36520] GC(24672) User=0.00s Sys=0.00s Real=0.02s
[2025-05-12T23:25:31.581+0300][1041.561s][34628] ---------------------------------------------------------------------
[2025-05-12T23:25:31.581+0300][1041.561s][9340 ] G1 Service Thread (Card Set Free Memory Task) (run: 22.124ms) (cpu: 0.000ms)
[2025-05-12T23:25:31.581+0300][1041.561s][34628] Marking Stats, task = 0, calls = 0
[2025-05-12T23:25:31.581+0300][1041.561s][34628]   Elapsed time = 0.00ms, Termination time = 0.00ms
[2025-05-12T23:25:31.581+0300][1041.561s][34628]   Step Times (cum): num = 5369, avg = 0.16ms, sd = 1.55ms max = 16.00ms, total = 833.00ms
[2025-05-12T23:25:31.581+0300][1041.561s][34628]   Mark Stats Cache: hits 1908 misses 0 ratio 100.000
[2025-05-12T23:25:31.582+0300][1041.561s][34628] ---------------------------------------------------------------------
[2025-05-12T23:25:31.582+0300][1041.561s][34628] Marking Stats, task = 1, calls = 0
[2025-05-12T23:25:31.582+0300][1041.561s][34628]   Elapsed time = 0.00ms, Termination time = 0.00ms
[2025-05-12T23:25:31.582+0300][1041.561s][34628]   Step Times (cum): num = 13793, avg = 0.02ms, sd = 0.58ms max = 16.00ms, total = 296.00ms
[2025-05-12T23:25:31.582+0300][1041.561s][34628]   Mark Stats Cache: hits 4663 misses 0 ratio 100.000
[2025-05-12T23:25:31.582+0300][1041.561s][34628] ---------------------------------------------------------------------
[2025-05-12T23:25:31.582+0300][1041.561s][34628] Marking Stats, task = 2, calls = 0
[2025-05-12T23:25:31.582+0300][1041.561s][34628]   Elapsed time = 0.00ms, Termination time = 0.00ms
[2025-05-12T23:25:31.582+0300][1041.561s][34628]   Step Times (cum): num = 13231, avg = 0.02ms, sd = 0.61ms max = 16.00ms, total = 313.00ms
[2025-05-12T23:25:31.582+0300][1041.561s][34628]   Mark Stats Cache: hits 0 misses 0 ratio 0.000
[2025-05-12T23:25:31.582+0300][1041.561s][34628] ---------------------------------------------------------------------
[2025-05-12T23:25:31.582+0300][1041.561s][34628] GC(24671) Concurrent Mark From Roots 20.848ms
[2025-05-12T23:25:31.582+0300][1041.561s][34628] GC(24671) Concurrent Mark Abort
[2025-05-12T23:25:31.582+0300][1041.561s][34628] GC(24671) Concurrent Mark Cycle 21.021ms
[2025-05-12T23:25:31.609+0300][1041.588s][36520] GC(24673) Pause Young (Normal) (G1 Evacuation Pause)
[2025-05-12T23:25:31.609+0300][1041.588s][36520] GC(24673) Heap before GC invocations=21143 (full 7078):
[2025-05-12T23:25:31.609+0300][1041.588s][36520] GC(24673)  garbage-first heap   total 12288K, used 12230K [0x00000000ff400000, 0x0000000100000000)
[2025-05-12T23:25:31.609+0300][1041.588s][36520] GC(24673)   region size 1024K, 1 young (1024K), 0 survivors (0K)
[2025-05-12T23:25:31.609+0300][1041.588s][36520] GC(24673)  Metaspace       used 10759K, committed 12736K, reserved 1114112K
[2025-05-12T23:25:31.609+0300][1041.588s][36520] GC(24673)   class space    used 1076K, committed 1408K, reserved 1048576K
[2025-05-12T23:25:31.609+0300][1041.588s][36520] GC(24673) Using 2 workers of 10 for evacuation
[2025-05-12T23:25:31.609+0300][1041.588s][36520] GC(24673) Desired survivor size 524288 bytes, new threshold 15 (max threshold 15)
[2025-05-12T23:25:31.609+0300][1041.588s][36520] GC(24673) TLAB totals: thrds: 1  refills: 311 max: 311 slow allocs: 152 max 152 waste: 22.0% gc: 0B max: 0B slow: 186248B max: 186248B
[2025-05-12T23:25:31.609+0300][1041.588s][36520] GC(24673) Mutator refinement: 0.00ms, refined: 0, precleaned: 0, dirtied: 102
[2025-05-12T23:25:31.609+0300][1041.588s][36520] GC(24673) Concurrent refinement: 0.00ms, refined: 0, precleaned: 0, dirtied: 0
[2025-05-12T23:25:31.609+0300][1041.588s][36520] GC(24673) Total refinement: 0.00ms, refined: 0, precleaned: 0, dirtied: 102
[2025-05-12T23:25:31.609+0300][1041.588s][36520] GC(24673) Generate dirty cards rate: 3.68 cards/ms
[2025-05-12T23:25:31.609+0300][1041.588s][36520] GC(24673) Mutator Allocation stats, regions: 1, wasted size: 1040B ( 0.1%)
[2025-05-12T23:25:31.609+0300][1041.589s][36520] GC(24673) No candidates to reclaim.
[2025-05-12T23:25:31.609+0300][1041.589s][36520] GC(24673) Running G1 Merge Heap Roots using 2 workers for 1 regions
[2025-05-12T23:25:31.610+0300][1041.589s][36520] GC(24673) Visited cards 1056 Total dirty 12288 (8.59%) Total old 26624 (3.97%)
[2025-05-12T23:25:31.610+0300][1041.589s][13972] GC(24673) Attempt heap expansion (region allocation request failed). Allocation request: 2064B
[2025-05-12T23:25:31.610+0300][1041.589s][13972] GC(24673) Did not expand the heap (heap already fully expanded)
[2025-05-12T23:25:31.610+0300][1041.589s][36520] GC(24673) ReferenceProcessor::execute queues: 1, RefProcThreadModel::Single, marks_oops_alive: false
[2025-05-12T23:25:31.610+0300][1041.589s][36520] GC(24673) Skipped KeepAliveFinalRefsPhase of Reference Processing: no references
[2025-05-12T23:25:31.610+0300][1041.589s][36520] GC(24673) Skipped PhantomRefsPhase of Reference Processing: no references
[2025-05-12T23:25:31.611+0300][1041.589s][36520] GC(24673) Initializing removing self forwards with 64 chunks per region
[2025-05-12T23:25:31.611+0300][1041.590s][36520] GC(24673) Running G1 Rebuild Free List Task using 2 workers for rebuilding free list of regions
[2025-05-12T23:25:31.611+0300][1041.590s][36520] GC(24673) Young PLAB allocation: allocated: 0B, wasted: 0B, unused: 0B, used: 0B, undo waste: 0B, 
[2025-05-12T23:25:31.611+0300][1041.590s][36520] GC(24673) Young other allocation: region end waste: 0B, regions filled: 0, num plab filled: 2, direct allocated: 0B, num direct allocated: 0, failure used: 0B, failure wasted: 0B
[2025-05-12T23:25:31.611+0300][1041.590s][36520] GC(24673) Young sizing: calculated: 0B, actual: 2064B
[2025-05-12T23:25:31.611+0300][1041.590s][36520] GC(24673) Old PLAB allocation: allocated: 0B, wasted: 0B, unused: 0B, used: 0B, undo waste: 0B, 
[2025-05-12T23:25:31.611+0300][1041.590s][36520] GC(24673) Old other allocation: region end waste: 0B, regions filled: 0, num plab filled: 2, direct allocated: 0B, num direct allocated: 0, failure used: 151432B, failure wasted: 897144B
[2025-05-12T23:25:31.611+0300][1041.590s][36520] GC(24673) Old sizing: calculated: 0B, actual: 2064B
[2025-05-12T23:25:31.611+0300][1041.590s][36520] GC(24673) Heap expansion: short term pause time ratio 38.43% long term pause time ratio 40.55% threshold 7.69% pause time ratio 7.69% fully expanded true resize by 0B
[2025-05-12T23:25:31.611+0300][1041.590s][36520] GC(24673) Request concurrent cycle initiation (occupancy higher than threshold) occupancy: 12582912B allocation request: 0B threshold: 3708132B (29.47) source: end of GC
[2025-05-12T23:25:31.611+0300][1041.590s][36520] GC(24673) MMU: 6.7ms (200.0ms/201.0ms)
[2025-05-12T23:25:31.611+0300][1041.590s][36520] Old generation allocation in the last mutator period, old gen allocated: 1048576B, humongous allocated: 0B, old gen growth: 1048576B.
[2025-05-12T23:25:31.611+0300][1041.590s][36520] GC(24673) Basic information (value update), threshold: 3755346B (29.84), target occupancy: 12582912B, current occupancy: 12524096B, recent allocation size: 1048576B, recent allocation duration: 27.70ms, recent old gen allocation rate: 37852542.81B/s, recent marking phase length: 120.12ms
[2025-05-12T23:25:31.611+0300][1041.590s][9340 ] G1 Service Thread (Card Set Free Memory Task) (run 0.048ms after schedule)
[2025-05-12T23:25:31.611+0300][1041.590s][36520] GC(24673) Adaptive IHOP information (value update), threshold: 3755346B (35.11), internal target occupancy: 10695475B, occupancy: 12524096B, additional buffer size: 1048576B, predicted old gen allocation rate: 48818474.76B/s, predicted marking phase length: 120.68ms, prediction active: true
[2025-05-12T23:25:31.611+0300][1041.590s][36520] GC(24673) GC refinement: goal: 18446744073709551615 + 106 / 20.00ms, actual: 102 / 0.04ms, 
[2025-05-12T23:25:31.611+0300][1041.590s][36520] GC(24673) Unchanged pending cards target: 18446744073709551615
[2025-05-12T23:25:31.611+0300][1041.590s][36520] GC(24673)   Pre Evacuate Collection Set: 0.2ms
[2025-05-12T23:25:31.611+0300][1041.590s][36520] GC(24673)     Pre Evacuate Prepare: 0.1ms
[2025-05-12T23:25:31.611+0300][1041.590s][36520] GC(24673)       JT Retire TLABs And Flush Logs (ms): Min:  0.0, Avg:  0.0, Max:  0.0, Diff:  0.0, Sum:  0.0, Workers: 2
[2025-05-12T23:25:31.611+0300][1041.590s][36520] GC(24673)       Non-JT Flush Logs (ms):        Min:  0.0, Avg:  0.0, Max:  0.0, Diff:  0.0, Sum:  0.0, Workers: 1
[2025-05-12T23:25:31.611+0300][1041.590s][36520] GC(24673)     Choose Collection Set: 0.0ms
[2025-05-12T23:25:31.611+0300][1041.590s][36520] GC(24673)     Region Register: 0.1ms
[2025-05-12T23:25:31.611+0300][1041.590s][36520] GC(24673)     Prepare Heap Roots: 0.0ms
[2025-05-12T23:25:31.611+0300][1041.590s][36520] GC(24673)   Merge Heap Roots: 0.1ms
[2025-05-12T23:25:31.611+0300][1041.590s][36520] GC(24673)     Prepare Merge Heap Roots: 0.0ms
[2025-05-12T23:25:31.611+0300][1041.590s][36520] GC(24673)     Remembered Sets (ms):          Min:  0.0, Avg:  0.0, Max:  0.0, Diff:  0.0, Sum:  0.0, Workers: 2
[2025-05-12T23:25:31.611+0300][1041.590s][36520] GC(24673)       Eager Reclaim (ms):            skipped
[2025-05-12T23:25:31.611+0300][1041.590s][36520] GC(24673)       Merged Inline                  Min: 0, Avg:  0.0, Max: 0, Diff: 0, Sum: 0, Workers: 2
[2025-05-12T23:25:31.611+0300][1041.590s][36520] GC(24673)       Merged ArrayOfCards            Min: 0, Avg:  0.0, Max: 0, Diff: 0, Sum: 0, Workers: 2
[2025-05-12T23:25:31.611+0300][1041.590s][36520] GC(24673)       Merged Howl                    Min: 0, Avg:  0.0, Max: 0, Diff: 0, Sum: 0, Workers: 2
[2025-05-12T23:25:31.611+0300][1041.590s][36520] GC(24673)       Merged Full                    Min: 0, Avg:  0.0, Max: 0, Diff: 0, Sum: 0, Workers: 2
[2025-05-12T23:25:31.611+0300][1041.590s][36520] GC(24673)       Merged Howl Inline             Min: 0, Avg:  0.0, Max: 0, Diff: 0, Sum: 0, Workers: 2
[2025-05-12T23:25:31.611+0300][1041.590s][36520] GC(24673)       Merged Howl ArrayOfCards       Min: 0, Avg:  0.0, Max: 0, Diff: 0, Sum: 0, Workers: 2
[2025-05-12T23:25:31.611+0300][1041.590s][36520] GC(24673)       Merged Howl BitMap             Min: 0, Avg:  0.0, Max: 0, Diff: 0, Sum: 0, Workers: 2
[2025-05-12T23:25:31.611+0300][1041.590s][36520] GC(24673)       Merged Howl Full               Min: 0, Avg:  0.0, Max: 0, Diff: 0, Sum: 0, Workers: 2
[2025-05-12T23:25:31.611+0300][1041.590s][36520] GC(24673)       Merged Cards                   Min: 8, Avg:  8.0, Max: 8, Diff: 0, Sum: 16, Workers: 2
[2025-05-12T23:25:31.611+0300][1041.590s][36520] GC(24673)     Log Buffers (ms):              Min:  0.0, Avg:  0.0, Max:  0.0, Diff:  0.0, Sum:  0.0, Workers: 2
[2025-05-12T23:25:31.611+0300][1041.590s][36520] GC(24673)       Dirty Cards:                   Min: 0, Avg: 51.0, Max: 102, Diff: 102, Sum: 102, Workers: 2
[2025-05-12T23:25:31.611+0300][1041.590s][36520] GC(24673)       Skipped Cards:                 Min: 0, Avg:  0.0, Max: 0, Diff: 0, Sum: 0, Workers: 2
[2025-05-12T23:25:31.611+0300][1041.590s][36520] GC(24673)   Evacuate Collection Set: 0.3ms
[2025-05-12T23:25:31.611+0300][1041.590s][36520] GC(24673)     Ext Root Scanning (ms):        Min:  0.1, Avg:  0.1, Max:  0.1, Diff:  0.0, Sum:  0.2, Workers: 2
[2025-05-12T23:25:31.611+0300][1041.590s][36520] GC(24673)     Scan Heap Roots (ms):          Min:  0.0, Avg:  0.0, Max:  0.1, Diff:  0.0, Sum:  0.1, Workers: 2
[2025-05-12T23:25:31.611+0300][1041.590s][36520] GC(24673)       Scanned Cards:                 Min: 27, Avg: 51.0, Max: 75, Diff: 48, Sum: 102, Workers: 2
[2025-05-12T23:25:31.611+0300][1041.590s][36520] GC(24673)       Scanned Blocks:                Min: 17, Avg: 33.0, Max: 49, Diff: 32, Sum: 66, Workers: 2
[2025-05-12T23:25:31.611+0300][1041.590s][36520] GC(24673)       Claimed Chunks:                Min: 10, Avg: 16.5, Max: 23, Diff: 13, Sum: 33, Workers: 2
[2025-05-12T23:25:31.611+0300][1041.590s][36520] GC(24673)       Found Roots:                   Min: 50, Avg: 59.0, Max: 68, Diff: 18, Sum: 118, Workers: 2
[2025-05-12T23:25:31.611+0300][1041.590s][36520] GC(24673)     Code Root Scan (ms):           Min:  0.0, Avg:  0.0, Max:  0.0, Diff:  0.0, Sum:  0.0, Workers: 2
[2025-05-12T23:25:31.611+0300][1041.590s][36520] GC(24673)     Object Copy (ms):              Min:  0.1, Avg:  0.1, Max:  0.1, Diff:  0.0, Sum:  0.3, Workers: 2
[2025-05-12T23:25:31.611+0300][1041.590s][36520] GC(24673)     Termination (ms):              Min:  0.0, Avg:  0.0, Max:  0.0, Diff:  0.0, Sum:  0.0, Workers: 2
[2025-05-12T23:25:31.611+0300][1041.590s][36520] GC(24673)       Termination Attempts:          Min: 1, Avg:  1.0, Max: 1, Diff: 0, Sum: 2, Workers: 2
[2025-05-12T23:25:31.611+0300][1041.590s][36520] GC(24673)     GC Worker Other (ms):          Min:  0.0, Avg:  0.0, Max:  0.0, Diff:  0.0, Sum:  0.0, Workers: 2
[2025-05-12T23:25:31.611+0300][1041.590s][36520] GC(24673)     GC Worker Total (ms):          Min:  0.2, Avg:  0.3, Max:  0.3, Diff:  0.0, Sum:  0.5, Workers: 2
[2025-05-12T23:25:31.611+0300][1041.590s][36520] GC(24673)   Post Evacuate Collection Set: 0.6ms
[2025-05-12T23:25:31.611+0300][1041.590s][36520] GC(24673)     NMethod List Cleanup: 0.0ms
[2025-05-12T23:25:31.611+0300][1041.590s][36520] GC(24673)     Reference Processing: 0.1ms
[2025-05-12T23:25:31.611+0300][1041.590s][36520] GC(24673)       Notify Soft/WeakReferences: 0.0ms
[2025-05-12T23:25:31.612+0300][1041.590s][36520] GC(24673)         SoftRef (ms):                  Min:  0.0, Avg:  0.0, Max:  0.0, Diff:  0.0, Sum:  0.0, Workers: 1
[2025-05-12T23:25:31.612+0300][1041.590s][36520] GC(24673)         WeakRef (ms):                  Min:  0.0, Avg:  0.0, Max:  0.0, Diff:  0.0, Sum:  0.0, Workers: 1
[2025-05-12T23:25:31.612+0300][1041.590s][36520] GC(24673)         FinalRef (ms):                 Min:  0.0, Avg:  0.0, Max:  0.0, Diff:  0.0, Sum:  0.0, Workers: 1
[2025-05-12T23:25:31.612+0300][1041.590s][36520] GC(24673)         Total (ms):                    Min:  0.0, Avg:  0.0, Max:  0.0, Diff:  0.0, Sum:  0.0, Workers: 1
[2025-05-12T23:25:31.612+0300][1041.590s][36520] GC(24673)       Notify and keep alive finalizable: 0.0ms
[2025-05-12T23:25:31.612+0300][1041.590s][36520] GC(24673)         FinalRef (ms):                 skipped
[2025-05-12T23:25:31.612+0300][1041.590s][36520] GC(24673)       Notify PhantomReferences: 0.0ms
[2025-05-12T23:25:31.612+0300][1041.590s][36520] GC(24673)         PhantomRef (ms):               skipped
[2025-05-12T23:25:31.612+0300][1041.590s][36520] GC(24673)       SoftReference Discovered: 0, Dropped: 0, Processed: 0
[2025-05-12T23:25:31.612+0300][1041.590s][36520] GC(24673)       WeakReference Discovered: 39, Dropped: 16, Processed: 23
[2025-05-12T23:25:31.612+0300][1041.590s][36520] GC(24673)       FinalReference Discovered: 0, Dropped: 0, Processed: 0
[2025-05-12T23:25:31.612+0300][1041.590s][36520] GC(24673)       PhantomReference Discovered: 0, Dropped: 0, Processed: 0
[2025-05-12T23:25:31.612+0300][1041.590s][36520] GC(24673)     Weak Processing: 0.1ms
[2025-05-12T23:25:31.612+0300][1041.590s][36520] GC(24673)       VM Weak                        Min:  0.0, Avg:  0.0, Max:  0.0, Diff:  0.0, Sum:  0.0, Workers: 10
[2025-05-12T23:25:31.612+0300][1041.590s][36520] GC(24673)         Dead                           Min: 0, Avg:  0.0, Max: 0, Diff: 0, Sum: 0, Workers: 10
[2025-05-12T23:25:31.612+0300][1041.590s][36520] GC(24673)         Total                          Min: 0, Avg:  6.7, Max: 64, Diff: 64, Sum: 67, Workers: 10
[2025-05-12T23:25:31.612+0300][1041.591s][36520] GC(24673)       ObjectSynchronizer Weak        Min:  0.0, Avg:  0.0, Max:  0.0, Diff:  0.0, Sum:  0.0, Workers: 10
[2025-05-12T23:25:31.612+0300][1041.591s][36520] GC(24673)         Dead                           Min: 0, Avg:  0.0, Max: 0, Diff: 0, Sum: 0, Workers: 10
[2025-05-12T23:25:31.612+0300][1041.591s][36520] GC(24673)         Total                          Min: 0, Avg:  0.1, Max: 1, Diff: 1, Sum: 1, Workers: 10
[2025-05-12T23:25:31.612+0300][1041.591s][36520] GC(24673)       JVMTI Tag Weak OopStorage      Min:  0.0, Avg:  0.1, Max:  0.1, Diff:  0.0, Sum:  0.6, Workers: 10
[2025-05-12T23:25:31.612+0300][1041.591s][36520] GC(24673)         Dead                           Min: 0, Avg:  0.0, Max: 0, Diff: 0, Sum: 0, Workers: 10
[2025-05-12T23:25:31.612+0300][1041.591s][36520] GC(24673)         Total                          Min: 3491, Avg: 6289.9, Max: 8640, Diff: 5149, Sum: 62899, Workers: 10
[2025-05-12T23:25:31.612+0300][1041.591s][36520] GC(24673)       StringTable Weak               Min:  0.0, Avg:  0.0, Max:  0.0, Diff:  0.0, Sum:  0.3, Workers: 10
[2025-05-12T23:25:31.612+0300][1041.591s][36520] GC(24673)         Dead                           Min: 0, Avg:  1.7, Max: 10, Diff: 10, Sum: 17, Workers: 10
[2025-05-12T23:25:31.612+0300][1041.591s][36520] GC(24673)         Total                          Min: 3198, Avg: 3952.9, Max: 4477, Diff: 1279, Sum: 39529, Workers: 10
[2025-05-12T23:25:31.612+0300][1041.591s][36520] GC(24673)       ResolvedMethodTable Weak       Min:  0.0, Avg:  0.0, Max:  0.0, Diff:  0.0, Sum:  0.0, Workers: 10
[2025-05-12T23:25:31.612+0300][1041.591s][36520] GC(24673)         Dead                           Min: 0, Avg:  0.0, Max: 0, Diff: 0, Sum: 0, Workers: 10
[2025-05-12T23:25:31.612+0300][1041.591s][36520] GC(24673)         Total                          Min: 0, Avg: 71.0, Max: 123, Diff: 123, Sum: 710, Workers: 10
[2025-05-12T23:25:31.612+0300][1041.591s][36520] GC(24673)       JNI Weak                       Min:  0.0, Avg:  0.0, Max:  0.0, Diff:  0.0, Sum:  0.0, Workers: 10
[2025-05-12T23:25:31.612+0300][1041.591s][36520] GC(24673)         Dead                           Min: 0, Avg:  0.0, Max: 0, Diff: 0, Sum: 0, Workers: 10
[2025-05-12T23:25:31.612+0300][1041.591s][36520] GC(24673)         Total                          Min: 0, Avg:  1.1, Max: 11, Diff: 11, Sum: 11, Workers: 10
[2025-05-12T23:25:31.612+0300][1041.591s][36520] GC(24673)       StringDedup Table Weak         Min:  0.0, Avg:  0.0, Max:  0.0, Diff:  0.0, Sum:  0.0, Workers: 10
[2025-05-12T23:25:31.612+0300][1041.591s][36520] GC(24673)         Dead                           Min: 0, Avg:  0.0, Max: 0, Diff: 0, Sum: 0, Workers: 10
[2025-05-12T23:25:31.612+0300][1041.591s][36520] GC(24673)         Total                          Min: 0, Avg:  0.0, Max: 0, Diff: 0, Sum: 0, Workers: 10
[2025-05-12T23:25:31.612+0300][1041.591s][36520] GC(24673)       StringDedup Requests0 Weak     Min:  0.0, Avg:  0.0, Max:  0.0, Diff:  0.0, Sum:  0.0, Workers: 10
[2025-05-12T23:25:31.612+0300][1041.591s][36520] GC(24673)         Dead                           Min: 0, Avg:  0.0, Max: 0, Diff: 0, Sum: 0, Workers: 10
[2025-05-12T23:25:31.612+0300][1041.591s][36520] GC(24673)         Total                          Min: 0, Avg:  0.0, Max: 0, Diff: 0, Sum: 0, Workers: 10
[2025-05-12T23:25:31.612+0300][1041.591s][36520] GC(24673)       StringDedup Requests1 Weak     Min:  0.0, Avg:  0.0, Max:  0.0, Diff:  0.0, Sum:  0.0, Workers: 10
[2025-05-12T23:25:31.612+0300][1041.591s][36520] GC(24673)         Dead                           Min: 0, Avg:  0.0, Max: 0, Diff: 0, Sum: 0, Workers: 10
[2025-05-12T23:25:31.612+0300][1041.591s][36520] GC(24673)         Total                          Min: 0, Avg:  0.0, Max: 0, Diff: 0, Sum: 0, Workers: 10
[2025-05-12T23:25:31.612+0300][1041.591s][36520] GC(24673)       Weak JFR Old Object Samples    Min:  0.0, Avg:  0.0, Max:  0.0, Diff:  0.0, Sum:  0.0, Workers: 10
[2025-05-12T23:25:31.612+0300][1041.591s][36520] GC(24673)         Dead                           Min: 0, Avg:  0.0, Max: 0, Diff: 0, Sum: 0, Workers: 10
[2025-05-12T23:25:31.612+0300][1041.591s][36520] GC(24673)         Total                          Min: 0, Avg:  0.0, Max: 0, Diff: 0, Sum: 0, Workers: 10
[2025-05-12T23:25:31.612+0300][1041.591s][36520] GC(24673)     Post Evacuate Cleanup 1: 0.2ms
[2025-05-12T23:25:31.612+0300][1041.591s][36520] GC(24673)       Merge Per-Thread State (ms):   Min:  0.0, Avg:  0.0, Max:  0.0, Diff:  0.0, Sum:  0.0, Workers: 1
[2025-05-12T23:25:31.612+0300][1041.591s][36520] GC(24673)         Copied Bytes                   Min: 0, Avg:  0.0, Max: 0, Diff: 0, Sum: 0, Workers: 2
[2025-05-12T23:25:31.612+0300][1041.591s][36520] GC(24673)         LAB Waste                      Min: 0, Avg:  0.0, Max: 0, Diff: 0, Sum: 0, Workers: 2
[2025-05-12T23:25:31.612+0300][1041.591s][36520] GC(24673)         LAB Undo Waste                 Min: 0, Avg:  0.0, Max: 0, Diff: 0, Sum: 0, Workers: 2
[2025-05-12T23:25:31.612+0300][1041.591s][36520] GC(24673)       Clear Logged Cards (ms):       Min:  0.0, Avg:  0.0, Max:  0.0, Diff:  0.0, Sum:  0.0, Workers: 2
[2025-05-12T23:25:31.612+0300][1041.591s][36520] GC(24673)       Recalculate Used Memory (ms):  Min:  0.0, Avg:  0.0, Max:  0.0, Diff:  0.0, Sum:  0.0, Workers: 1
[2025-05-12T23:25:31.612+0300][1041.591s][36520] GC(24673)       Restore Retained Regions (ms): Min:  0.0, Avg:  0.0, Max:  0.1, Diff:  0.0, Sum:  0.1, Workers: 2
[2025-05-12T23:25:31.612+0300][1041.591s][36520] GC(24673)         Evacuation Failure Regions:    Min: 1, Avg:  1.0, Max: 1, Diff: 0, Sum: 1, Workers: 1
[2025-05-12T23:25:31.612+0300][1041.591s][36520] GC(24673)         Remove Self Forwards (ms):     Min:  0.0, Avg:  0.0, Max:  0.1, Diff:  0.0, Sum:  0.1, Workers: 2
[2025-05-12T23:25:31.612+0300][1041.591s][36520] GC(24673)           Forward Chunks:                Min: 9, Avg: 26.0, Max: 43, Diff: 34, Sum: 52, Workers: 2
[2025-05-12T23:25:31.612+0300][1041.591s][36520] GC(24673)           Empty Forward Chunks:          Min: 6, Avg:  6.0, Max: 6, Diff: 0, Sum: 12, Workers: 2
[2025-05-12T23:25:31.612+0300][1041.591s][36520] GC(24673)           Forward Objects:               Min: 604, Avg: 1431.0, Max: 2258, Diff: 1654, Sum: 2862, Workers: 2
[2025-05-12T23:25:31.612+0300][1041.591s][36520] GC(24673)           Forward Bytes:                 Min: 29496, Avg: 75716.0, Max: 121936, Diff: 92440, Sum: 151432, Workers: 2
[2025-05-12T23:25:31.612+0300][1041.591s][36520] GC(24673)     Post Evacuate Cleanup 2: 0.1ms
[2025-05-12T23:25:31.612+0300][1041.591s][36520] GC(24673)       Recalculate Used Memory (ms):  Min:  0.0, Avg:  0.0, Max:  0.0, Diff:  0.0, Sum:  0.0, Workers: 1
[2025-05-12T23:25:31.612+0300][1041.591s][36520] GC(24673)       Restore Preserved Marks (ms):  Min:  0.0, Avg:  0.0, Max:  0.0, Diff:  0.0, Sum:  0.0, Workers: 2
[2025-05-12T23:25:31.612+0300][1041.591s][36520] GC(24673)       Clear Retained Region Bitmaps (ms): Min:  0.0, Avg:  0.0, Max:  0.0, Diff:  0.0, Sum:  0.0, Workers: 2
[2025-05-12T23:25:31.612+0300][1041.591s][36520] GC(24673)       Update Derived Pointers (ms):  Min:  0.0, Avg:  0.0, Max:  0.0, Diff:  0.0, Sum:  0.0, Workers: 1
[2025-05-12T23:25:31.612+0300][1041.591s][36520] GC(24673)       Eagerly Reclaim Humongous Objects (ms): skipped
[2025-05-12T23:25:31.612+0300][1041.591s][36520] GC(24673)         Humongous Total                skipped
[2025-05-12T23:25:31.612+0300][1041.591s][36520] GC(24673)         Humongous Candidates           skipped
[2025-05-12T23:25:31.612+0300][1041.591s][36520] GC(24673)         Humongous Reclaimed            skipped
[2025-05-12T23:25:31.612+0300][1041.591s][36520] GC(24673)       Redirty Logged Cards (ms):     Min:  0.0, Avg:  0.0, Max:  0.0, Diff:  0.0, Sum:  0.0, Workers: 2
[2025-05-12T23:25:31.612+0300][1041.591s][36520] GC(24673)         Redirtied Cards:               Min: 0, Avg:  0.0, Max: 0, Diff: 0, Sum: 0, Workers: 2
[2025-05-12T23:25:31.612+0300][1041.591s][36520] GC(24673)       Resize TLABs (ms):             Min:  0.0, Avg:  0.0, Max:  0.0, Diff:  0.0, Sum:  0.0, Workers: 2
[2025-05-12T23:25:31.612+0300][1041.591s][36520] GC(24673)       Free Collection Set (ms):      Min:  0.0, Avg:  0.0, Max:  0.0, Diff:  0.0, Sum:  0.0, Workers: 2
[2025-05-12T23:25:31.612+0300][1041.591s][36520] GC(24673)     Rebuild Free List: 0.1ms
[2025-05-12T23:25:31.612+0300][1041.591s][36520] GC(24673)     Prepare For Mutator: 0.1ms
[2025-05-12T23:25:31.612+0300][1041.591s][36520] GC(24673)     Expand Heap After Collection: 0.0ms
[2025-05-12T23:25:31.612+0300][1041.591s][36520] GC(24673)   Other: 0.2ms
[2025-05-12T23:25:31.612+0300][1041.591s][36520] GC(24673) Coarsening (recent): Inline->AoC 0 (0) AoC->Howl 0 (0) Howl->Full 0 (0) Inline->AoC 0 (0) AoC->BitMap 0 (0) BitMap->Full 0 (0) 
[2025-05-12T23:25:31.612+0300][1041.591s][36520] GC(24673) Coarsening (all): Inline->AoC 10920 (0) AoC->Howl 7731 (0) Howl->Full 0 (0) Inline->AoC 10809 (0) AoC->BitMap 7399 (0) BitMap->Full 0 (0) 
[2025-05-12T23:25:31.612+0300][1041.591s][36520] GC(24673) Eden regions: 1->0(0)
[2025-05-12T23:25:31.612+0300][1041.591s][36520] GC(24673) Survivor regions: 0->0(0)
[2025-05-12T23:25:31.612+0300][1041.591s][36520] GC(24673) Old regions: 11->12
[2025-05-12T23:25:31.612+0300][1041.591s][36520] GC(24673) Humongous regions: 0->0
[2025-05-12T23:25:31.612+0300][1041.591s][36520] GC(24673) Metaspace: 10759K(12736K)->10759K(12736K) NonClass: 9683K(11328K)->9683K(11328K) Class: 1076K(1408K)->1076K(1408K)
[2025-05-12T23:25:31.612+0300][1041.591s][36520] GC(24673) Heap after GC invocations=21144 (full 7078):
[2025-05-12T23:25:31.612+0300][1041.591s][36520] GC(24673)  garbage-first heap   total 12288K, used 12230K [0x00000000ff400000, 0x0000000100000000)
[2025-05-12T23:25:31.612+0300][1041.591s][36520] GC(24673)   region size 1024K, 0 young (0K), 0 survivors (0K)
[2025-05-12T23:25:31.612+0300][1041.591s][36520] GC(24673)  Metaspace       used 10759K, committed 12736K, reserved 1114112K
[2025-05-12T23:25:31.612+0300][1041.591s][36520] GC(24673)   class space    used 1076K, committed 1408K, reserved 1048576K
[2025-05-12T23:25:31.612+0300][1041.591s][36520] GC(24673) Pause Young (Normal) (G1 Evacuation Pause) (Evacuation Failure) 11M->11M(12M) 3.081ms
[2025-05-12T23:25:31.612+0300][1041.591s][36520] GC(24673) User=0.00s Sys=0.00s Real=0.00s
[2025-05-12T23:25:31.612+0300][1041.591s][36520] Attempt heap expansion (allocation request failed). Allocation request: 2048B
[2025-05-12T23:25:31.613+0300][1041.591s][36520] Expand the heap. requested expansion amount: 1048576B expansion amount: 1048576B
[2025-05-12T23:25:31.613+0300][1041.591s][36520] Did not expand the heap (heap already fully expanded)
[2025-05-12T23:25:31.613+0300][1041.591s][36520] Attempting full compaction
[2025-05-12T23:25:31.613+0300][1041.591s][36520] GC(24674) Pause Full (G1 Compaction Pause)
[2025-05-12T23:25:31.613+0300][1041.591s][36520] GC(24674) Heap before GC invocations=21144 (full 7078):
[2025-05-12T23:25:31.613+0300][1041.591s][36520] GC(24674)  garbage-first heap   total 12288K, used 12230K [0x00000000ff400000, 0x0000000100000000)
[2025-05-12T23:25:31.613+0300][1041.591s][36520] GC(24674)   region size 1024K, 0 young (0K), 0 survivors (0K)
[2025-05-12T23:25:31.613+0300][1041.591s][36520] GC(24674)  Metaspace       used 10759K, committed 12736K, reserved 1114112K
[2025-05-12T23:25:31.613+0300][1041.591s][36520] GC(24674)   class space    used 1076K, committed 1408K, reserved 1048576K
[2025-05-12T23:25:31.613+0300][1041.591s][36520] GC(24674) Requesting 1 active workers for full compaction (waste limited workers: 1, adaptive workers: 2, used limited workers: 12)
[2025-05-12T23:25:31.613+0300][1041.591s][36520] GC(24674) Using 1 workers of 10 for full compaction
[2025-05-12T23:25:31.613+0300][1041.592s][36520] GC(24674) Mutator Allocation stats, regions: 0, wasted size: 0B ( 0.0%)
[2025-05-12T23:25:31.613+0300][1041.592s][36520] GC(24674) Phase 1: Mark live objects
[2025-05-12T23:25:31.620+0300][1041.598s][36520] GC(24674) Phase 1: Reference Processing
[2025-05-12T23:25:31.620+0300][1041.598s][36520] GC(24674) ReferenceProcessor::execute queues: 1, RefProcThreadModel::Single, marks_oops_alive: false
[2025-05-12T23:25:31.620+0300][1041.598s][36520] GC(24674) Skipped KeepAliveFinalRefsPhase of Reference Processing: no references
[2025-05-12T23:25:31.620+0300][1041.598s][36520] GC(24674) ReferenceProcessor::execute queues: 1, RefProcThreadModel::Single, marks_oops_alive: false
[2025-05-12T23:25:31.620+0300][1041.599s][36520] GC(24674) Reference Processing: 0.0ms
[2025-05-12T23:25:31.620+0300][1041.599s][36520] GC(24674)   Notify Soft/WeakReferences: 0.0ms
[2025-05-12T23:25:31.620+0300][1041.599s][36520] GC(24674)     SoftRef: 0.0ms
[2025-05-12T23:25:31.620+0300][1041.599s][36520] GC(24674)     WeakRef: 0.0ms
[2025-05-12T23:25:31.620+0300][1041.599s][36520] GC(24674)     FinalRef: 0.0ms
[2025-05-12T23:25:31.620+0300][1041.599s][36520] GC(24674)     Total: 0.0ms
[2025-05-12T23:25:31.620+0300][1041.599s][36520] GC(24674)   Notify and keep alive finalizable: 0.0ms
[2025-05-12T23:25:31.620+0300][1041.599s][36520] GC(24674)     FinalRef: skipped
[2025-05-12T23:25:31.620+0300][1041.599s][36520] GC(24674)   Notify PhantomReferences: 0.0ms
[2025-05-12T23:25:31.620+0300][1041.599s][36520] GC(24674)     PhantomRef: 0.0ms
[2025-05-12T23:25:31.620+0300][1041.599s][36520] GC(24674)   SoftReference Discovered: 46, Dropped: 4, Processed: 42
[2025-05-12T23:25:31.620+0300][1041.599s][36520] GC(24674)   WeakReference Discovered: 34, Dropped: 13, Processed: 21
[2025-05-12T23:25:31.620+0300][1041.599s][36520] GC(24674)   FinalReference Discovered: 0, Dropped: 0, Processed: 0
[2025-05-12T23:25:31.620+0300][1041.599s][36520] GC(24674)   PhantomReference Discovered: 23, Dropped: 23, Processed: 0
[2025-05-12T23:25:31.620+0300][1041.599s][36520] GC(24674) Phase 1: Reference Processing 0.202ms
[2025-05-12T23:25:31.620+0300][1041.599s][36520] GC(24674) Phase 1: Weak Processing
[2025-05-12T23:25:31.620+0300][1041.599s][36520] GC(24674)   VM Weak                        Min:  0.0, Avg:  0.0, Max:  0.0, Diff:  0.0, Sum:  0.0, Workers: 10
[2025-05-12T23:25:31.620+0300][1041.599s][36520] GC(24674)     Dead                           Min: 0, Avg:  2.1, Max: 21, Diff: 21, Sum: 21, Workers: 10
[2025-05-12T23:25:31.620+0300][1041.599s][36520] GC(24674)     Total                          Min: 0, Avg:  6.7, Max: 41, Diff: 41, Sum: 67, Workers: 10
[2025-05-12T23:25:31.620+0300][1041.599s][36520] GC(24674)   ObjectSynchronizer Weak        Min:  0.0, Avg:  0.0, Max:  0.0, Diff:  0.0, Sum:  0.0, Workers: 10
[2025-05-12T23:25:31.620+0300][1041.599s][36520] GC(24674)     Dead                           Min: 0, Avg:  0.0, Max: 0, Diff: 0, Sum: 0, Workers: 10
[2025-05-12T23:25:31.620+0300][1041.599s][36520] GC(24674)     Total                          Min: 0, Avg:  0.1, Max: 1, Diff: 1, Sum: 1, Workers: 10
[2025-05-12T23:25:31.620+0300][1041.599s][36520] GC(24674)   JVMTI Tag Weak OopStorage      Min:  0.0, Avg:  0.1, Max:  0.1, Diff:  0.1, Sum:  0.6, Workers: 10
[2025-05-12T23:25:31.620+0300][1041.599s][36520] GC(24674)     Dead                           Min: 0, Avg:  2.1, Max: 21, Diff: 21, Sum: 21, Workers: 10
[2025-05-12T23:25:31.620+0300][1041.599s][36520] GC(24674)     Total                          Min: 0, Avg: 6289.9, Max: 8891, Diff: 8891, Sum: 62899, Workers: 10
[2025-05-12T23:25:31.620+0300][1041.599s][36520] GC(24674)   StringTable Weak               Min:  0.0, Avg:  0.0, Max:  0.0, Diff:  0.0, Sum:  0.3, Workers: 10
[2025-05-12T23:25:31.620+0300][1041.599s][36520] GC(24674)     Dead                           Min: 3, Avg: 14.1, Max: 24, Diff: 21, Sum: 141, Workers: 10
[2025-05-12T23:25:31.620+0300][1041.599s][36520] GC(24674)     Total                          Min: 1536, Avg: 3952.9, Max: 4529, Diff: 2993, Sum: 39529, Workers: 10
[2025-05-12T23:25:31.620+0300][1041.599s][36520] GC(24674)   ResolvedMethodTable Weak       Min:  0.0, Avg:  0.0, Max:  0.0, Diff:  0.0, Sum:  0.0, Workers: 10
[2025-05-12T23:25:31.620+0300][1041.599s][36520] GC(24674)     Dead                           Min: 0, Avg:  5.2, Max: 37, Diff: 37, Sum: 52, Workers: 10
[2025-05-12T23:25:31.620+0300][1041.599s][36520] GC(24674)     Total                          Min: 0, Avg: 71.0, Max: 128, Diff: 128, Sum: 710, Workers: 10
[2025-05-12T23:25:31.620+0300][1041.599s][36520] GC(24674)   JNI Weak                       Min:  0.0, Avg:  0.0, Max:  0.0, Diff:  0.0, Sum:  0.0, Workers: 10
[2025-05-12T23:25:31.620+0300][1041.599s][36520] GC(24674)     Dead                           Min: 0, Avg:  0.0, Max: 0, Diff: 0, Sum: 0, Workers: 10
[2025-05-12T23:25:31.620+0300][1041.599s][36520] GC(24674)     Total                          Min: 0, Avg:  1.1, Max: 11, Diff: 11, Sum: 11, Workers: 10
[2025-05-12T23:25:31.620+0300][1041.599s][36520] GC(24674)   StringDedup Table Weak         Min:  0.0, Avg:  0.0, Max:  0.0, Diff:  0.0, Sum:  0.0, Workers: 10
[2025-05-12T23:25:31.620+0300][1041.599s][36520] GC(24674)     Dead                           Min: 0, Avg:  0.0, Max: 0, Diff: 0, Sum: 0, Workers: 10
[2025-05-12T23:25:31.620+0300][1041.599s][36520] GC(24674)     Total                          Min: 0, Avg:  0.0, Max: 0, Diff: 0, Sum: 0, Workers: 10
[2025-05-12T23:25:31.620+0300][1041.599s][36520] GC(24674)   StringDedup Requests0 Weak     Min:  0.0, Avg:  0.0, Max:  0.0, Diff:  0.0, Sum:  0.0, Workers: 10
[2025-05-12T23:25:31.620+0300][1041.599s][36520] GC(24674)     Dead                           Min: 0, Avg:  0.0, Max: 0, Diff: 0, Sum: 0, Workers: 10
[2025-05-12T23:25:31.620+0300][1041.599s][36520] GC(24674)     Total                          Min: 0, Avg:  0.0, Max: 0, Diff: 0, Sum: 0, Workers: 10
[2025-05-12T23:25:31.620+0300][1041.599s][36520] GC(24674)   StringDedup Requests1 Weak     Min:  0.0, Avg:  0.0, Max:  0.0, Diff:  0.0, Sum:  0.0, Workers: 10
[2025-05-12T23:25:31.620+0300][1041.599s][36520] GC(24674)     Dead                           Min: 0, Avg:  0.0, Max: 0, Diff: 0, Sum: 0, Workers: 10
[2025-05-12T23:25:31.620+0300][1041.599s][36520] GC(24674)     Total                          Min: 0, Avg:  0.0, Max: 0, Diff: 0, Sum: 0, Workers: 10
[2025-05-12T23:25:31.620+0300][1041.599s][36520] GC(24674)   Weak JFR Old Object Samples    Min:  0.0, Avg:  0.0, Max:  0.0, Diff:  0.0, Sum:  0.0, Workers: 10
[2025-05-12T23:25:31.620+0300][1041.599s][36520] GC(24674)     Dead                           Min: 0, Avg:  0.0, Max: 0, Diff: 0, Sum: 0, Workers: 10
[2025-05-12T23:25:31.620+0300][1041.599s][36520] GC(24674)     Total                          Min: 0, Avg:  0.0, Max: 0, Diff: 0, Sum: 0, Workers: 10
[2025-05-12T23:25:31.620+0300][1041.599s][36520] GC(24674) Phase 1: Weak Processing 0.523ms
[2025-05-12T23:25:31.620+0300][1041.599s][36520] GC(24674) Phase 1: Class Unloading and Cleanup
[2025-05-12T23:25:31.620+0300][1041.599s][36520] GC(24674) ClassLoaderData
[2025-05-12T23:25:31.620+0300][1041.599s][36520] GC(24674) ClassLoaderData 0.095ms
[2025-05-12T23:25:31.620+0300][1041.599s][36520] GC(24674) Trigger cleanups
[2025-05-12T23:25:31.620+0300][1041.599s][36520] GC(24674) Trigger cleanups 0.009ms
[2025-05-12T23:25:31.624+0300][1041.603s][36520] GC(24674) Phase 1: Class Unloading and Cleanup 4.032ms
[2025-05-12T23:25:31.624+0300][1041.603s][36520] GC(24674) Report Object Count
[2025-05-12T23:25:31.624+0300][1041.603s][36520] GC(24674) Report Object Count 0.013ms
[2025-05-12T23:25:31.624+0300][1041.603s][36520] GC(24674) Phase 1: Mark live objects 11.706ms
[2025-05-12T23:25:31.624+0300][1041.603s][36520] GC(24674) Phase 2: Prepare compaction
[2025-05-12T23:25:31.624+0300][1041.603s][36520] GC(24674) Phase 2: Determine work lists
[2025-05-12T23:25:31.624+0300][1041.603s][36520] GC(24674) Phase 2: Determine work lists 0.010ms
[2025-05-12T23:25:31.624+0300][1041.603s][36520] GC(24674) Phase 2: Prepare parallel compaction
[2025-05-12T23:25:31.625+0300][1041.604s][36520] GC(24674) Phase 2: Prepare parallel compaction 0.249ms
[2025-05-12T23:25:31.625+0300][1041.604s][36520] GC(24674) Phase 2: Prepare compaction 0.299ms
[2025-05-12T23:25:31.625+0300][1041.604s][36520] GC(24674) Phase 3: Adjust pointers
[2025-05-12T23:25:31.629+0300][1041.608s][36520] GC(24674) Phase 3: Adjust pointers 4.258ms
[2025-05-12T23:25:31.629+0300][1041.608s][36520] GC(24674) Phase 4: Compact heap
[2025-05-12T23:25:31.629+0300][1041.608s][36520] GC(24674) Phase 4: Compact heap 0.160ms
[2025-05-12T23:25:31.629+0300][1041.608s][36520] GC(24674) Phase 5: Reset Metadata
[2025-05-12T23:25:31.631+0300][1041.610s][36520] GC(24674) Phase 5: Reset Metadata 1.669ms
[2025-05-12T23:25:31.631+0300][1041.610s][36520] GC(24674) Running G1 Clear Bitmap with 1 workers for 1 work units.
[2025-05-12T23:25:31.632+0300][1041.612s][36520] GC(24674) Request concurrent cycle initiation (occupancy higher than threshold) occupancy: 11534336B allocation request: 0B threshold: 3755346B (29.84) source: end of Full GC
[2025-05-12T23:25:31.632+0300][1041.612s][36520] Old generation allocation in the last mutator period, old gen allocated: 0B, humongous allocated: 0B, old gen growth: 0B.
[2025-05-12T23:25:31.632+0300][1041.612s][36520] GC(24674) Coarsening (recent): Inline->AoC 0 (0) AoC->Howl 0 (0) Howl->Full 0 (0) Inline->AoC 0 (0) AoC->BitMap 0 (0) BitMap->Full 0 (0) 
[2025-05-12T23:25:31.632+0300][1041.612s][36520] GC(24674) Coarsening (all): Inline->AoC 10920 (0) AoC->Howl 7731 (0) Howl->Full 0 (0) Inline->AoC 10809 (0) AoC->BitMap 7399 (0) BitMap->Full 0 (0) 
[2025-05-12T23:25:31.632+0300][1041.612s][36520] GC(24674) Eden regions: 0->0(1)
[2025-05-12T23:25:31.632+0300][1041.612s][36520] GC(24674) Survivor regions: 0->0(0)
[2025-05-12T23:25:31.632+0300][1041.612s][36520] GC(24674) Old regions: 12->11
[2025-05-12T23:25:31.632+0300][1041.612s][36520] GC(24674) Humongous regions: 0->0
[2025-05-12T23:25:31.632+0300][1041.612s][36520] GC(24674) Metaspace: 10759K(12736K)->10716K(12736K) NonClass: 9683K(11328K)->9652K(11328K) Class: 1076K(1408K)->1064K(1408K)
[2025-05-12T23:25:31.632+0300][1041.612s][36520] GC(24674) Heap after GC invocations=21145 (full 7079):
[2025-05-12T23:25:31.632+0300][1041.612s][36520] GC(24674)  garbage-first heap   total 12288K, used 11164K [0x00000000ff400000, 0x0000000100000000)
[2025-05-12T23:25:31.633+0300][1041.612s][36520] GC(24674)   region size 1024K, 0 young (0K), 0 survivors (0K)
[2025-05-12T23:25:31.633+0300][1041.612s][36520] GC(24674)  Metaspace       used 10716K, committed 12736K, reserved 1114112K
[2025-05-12T23:25:31.633+0300][1041.612s][36520] GC(24674)   class space    used 1064K, committed 1408K, reserved 1048576K
[2025-05-12T23:25:31.633+0300][1041.612s][36520] GC(24674) Pause Full (G1 Compaction Pause) 11M->10M(12M) 20.474ms
[2025-05-12T23:25:31.633+0300][1041.612s][36520] GC(24674) User=0.00s Sys=0.00s Real=0.02s
[2025-05-12T23:25:31.633+0300][1041.612s][9340 ] G1 Service Thread (Card Set Free Memory Task) (run: 22.244ms) (cpu: 0.000ms)
[2025-05-12T23:25:31.649+0300][1041.628s][36520] GC(24675) Initiate concurrent cycle (concurrent cycle initiation requested)
[2025-05-12T23:25:31.649+0300][1041.628s][36520] GC(24675) Pause Young (Concurrent Start) (G1 Evacuation Pause)
[2025-05-12T23:25:31.649+0300][1041.628s][36520] GC(24675) Heap before GC invocations=21145 (full 7079):
[2025-05-12T23:25:31.649+0300][1041.628s][36520] GC(24675)  garbage-first heap   total 12288K, used 12188K [0x00000000ff400000, 0x0000000100000000)
[2025-05-12T23:25:31.650+0300][1041.628s][36520] GC(24675)   region size 1024K, 1 young (1024K), 0 survivors (0K)
[2025-05-12T23:25:31.650+0300][1041.628s][36520] GC(24675)  Metaspace       used 10757K, committed 12736K, reserved 1114112K
[2025-05-12T23:25:31.650+0300][1041.628s][36520] GC(24675)   class space    used 1075K, committed 1408K, reserved 1048576K
[2025-05-12T23:25:31.650+0300][1041.628s][36520] GC(24675) Using 2 workers of 10 for evacuation
[2025-05-12T23:25:31.650+0300][1041.628s][36520] GC(24675) Desired survivor size 524288 bytes, new threshold 15 (max threshold 15)
[2025-05-12T23:25:31.650+0300][1041.628s][36520] GC(24675) TLAB totals: thrds: 1  refills: 319 max: 319 slow allocs: 159 max 159 waste: 22.1% gc: 0B max: 0B slow: 191328B max: 191328B
[2025-05-12T23:25:31.650+0300][1041.629s][36520] GC(24675) Mutator refinement: 0.00ms, refined: 0, precleaned: 0, dirtied: 91
[2025-05-12T23:25:31.650+0300][1041.629s][36520] GC(24675) Concurrent refinement: 0.00ms, refined: 0, precleaned: 0, dirtied: 0
[2025-05-12T23:25:31.650+0300][1041.629s][36520] GC(24675) Total refinement: 0.00ms, refined: 0, precleaned: 0, dirtied: 91
[2025-05-12T23:25:31.650+0300][1041.629s][36520] GC(24675) Generate dirty cards rate: 5.44 cards/ms
[2025-05-12T23:25:31.650+0300][1041.629s][36520] GC(24675) Mutator Allocation stats, regions: 1, wasted size: 1368B ( 0.1%)
[2025-05-12T23:25:31.650+0300][1041.629s][36520] GC(24675) No candidates to reclaim.
[2025-05-12T23:25:31.650+0300][1041.629s][36520] GC(24675) Running G1 Merge Heap Roots using 2 workers for 1 regions
[2025-05-12T23:25:31.650+0300][1041.629s][36520] GC(24675) Visited cards 992 Total dirty 12288 (8.07%) Total old 26624 (3.73%)
[2025-05-12T23:25:31.650+0300][1041.629s][33648] GC(24675) Attempt heap expansion (region allocation request failed). Allocation request: 2064B
[2025-05-12T23:25:31.650+0300][1041.629s][33648] GC(24675) Did not expand the heap (heap already fully expanded)
[2025-05-12T23:25:31.650+0300][1041.629s][36520] GC(24675) ReferenceProcessor::execute queues: 1, RefProcThreadModel::Single, marks_oops_alive: false
[2025-05-12T23:25:31.650+0300][1041.629s][36520] GC(24675) Skipped KeepAliveFinalRefsPhase of Reference Processing: no references
[2025-05-12T23:25:31.650+0300][1041.629s][36520] GC(24675) Skipped PhantomRefsPhase of Reference Processing: no references
[2025-05-12T23:25:31.650+0300][1041.629s][36520] GC(24675) Initializing removing self forwards with 64 chunks per region
[2025-05-12T23:25:31.650+0300][1041.630s][36520] GC(24675) Running G1 Rebuild Free List Task using 2 workers for rebuilding free list of regions
[2025-05-12T23:25:31.650+0300][1041.630s][36520] GC(24675) Young PLAB allocation: allocated: 0B, wasted: 0B, unused: 0B, used: 0B, undo waste: 0B, 
[2025-05-12T23:25:31.650+0300][1041.630s][36520] GC(24675) Young other allocation: region end waste: 0B, regions filled: 0, num plab filled: 2, direct allocated: 0B, num direct allocated: 0, failure used: 0B, failure wasted: 0B
[2025-05-12T23:25:31.650+0300][1041.630s][36520] GC(24675) Young sizing: calculated: 0B, actual: 2064B
[2025-05-12T23:25:31.650+0300][1041.630s][36520] GC(24675) Old PLAB allocation: allocated: 0B, wasted: 0B, unused: 0B, used: 0B, undo waste: 0B, 
[2025-05-12T23:25:31.650+0300][1041.630s][36520] GC(24675) Old other allocation: region end waste: 0B, regions filled: 0, num plab filled: 2, direct allocated: 0B, num direct allocated: 0, failure used: 221112B, failure wasted: 827464B
[2025-05-12T23:25:31.650+0300][1041.630s][36520] GC(24675) Old sizing: calculated: 0B, actual: 2064B
[2025-05-12T23:25:31.650+0300][1041.630s][36520] GC(24675) Heap expansion: short term pause time ratio 39.47% long term pause time ratio 40.47% threshold 7.69% pause time ratio 7.69% fully expanded true resize by 0B
[2025-05-12T23:25:31.650+0300][1041.630s][9340 ] G1 Service Thread (Card Set Free Memory Task) (run 0.008ms after schedule)
[2025-05-12T23:25:31.650+0300][1041.630s][36520] GC(24675) MMU: 6.7ms (200.0ms/201.0ms)
[2025-05-12T23:25:31.650+0300][1041.630s][36520] Old generation allocation in the last mutator period, old gen allocated: 1048576B, humongous allocated: 0B, old gen growth: 1048576B.
[2025-05-12T23:25:31.650+0300][1041.630s][36520] GC(24675) Basic information (value update), threshold: 3606594B (28.66), target occupancy: 12582912B, current occupancy: 12480624B, recent allocation size: 1048576B, recent allocation duration: 16.72ms, recent old gen allocation rate: 62724754.89B/s, recent marking phase length: 120.12ms
[2025-05-12T23:25:31.650+0300][1041.630s][36520] GC(24675) Adaptive IHOP information (value update), threshold: 3606594B (33.72), internal target occupancy: 10695475B, occupancy: 12480624B, additional buffer size: 1048576B, predicted old gen allocation rate: 50051060.58B/s, predicted marking phase length: 120.68ms, prediction active: true
[2025-05-12T23:25:31.650+0300][1041.630s][36520] GC(24675) GC refinement: goal: 18446744073709551615 + 103 / 20.00ms, actual: 91 / 0.04ms, 
[2025-05-12T23:25:31.650+0300][1041.630s][36520] GC(24675) Unchanged pending cards target: 18446744073709551615
[2025-05-12T23:25:31.651+0300][1041.630s][36520] GC(24675)   Pre Evacuate Collection Set: 0.2ms
[2025-05-12T23:25:31.651+0300][1041.630s][36520] GC(24675)     Pre Evacuate Prepare: 0.1ms
[2025-05-12T23:25:31.651+0300][1041.630s][36520] GC(24675)       JT Retire TLABs And Flush Logs (ms): Min:  0.0, Avg:  0.0, Max:  0.0, Diff:  0.0, Sum:  0.0, Workers: 2
[2025-05-12T23:25:31.651+0300][1041.630s][36520] GC(24675)       Non-JT Flush Logs (ms):        Min:  0.0, Avg:  0.0, Max:  0.0, Diff:  0.0, Sum:  0.0, Workers: 1
[2025-05-12T23:25:31.651+0300][1041.630s][36520] GC(24675)     Choose Collection Set: 0.0ms
[2025-05-12T23:25:31.651+0300][1041.630s][36520] GC(24675)     Region Register: 0.1ms
[2025-05-12T23:25:31.651+0300][1041.630s][36520] GC(24675)     Prepare Heap Roots: 0.0ms
[2025-05-12T23:25:31.651+0300][1041.630s][36520] GC(24675)     Reset Marking State (ms):      Min:  0.0, Avg:  0.0, Max:  0.0, Diff:  0.0, Sum:  0.0, Workers: 1
[2025-05-12T23:25:31.651+0300][1041.630s][36520] GC(24675)     Note Start Of Mark (ms):       Min:  0.0, Avg:  0.0, Max:  0.0, Diff:  0.0, Sum:  0.0, Workers: 2
[2025-05-12T23:25:31.651+0300][1041.630s][36520] GC(24675)   Merge Heap Roots: 0.1ms
[2025-05-12T23:25:31.651+0300][1041.630s][36520] GC(24675)     Prepare Merge Heap Roots: 0.0ms
[2025-05-12T23:25:31.651+0300][1041.630s][36520] GC(24675)     Remembered Sets (ms):          Min:  0.0, Avg:  0.0, Max:  0.0, Diff:  0.0, Sum:  0.0, Workers: 2
[2025-05-12T23:25:31.651+0300][1041.630s][36520] GC(24675)       Eager Reclaim (ms):            skipped
[2025-05-12T23:25:31.651+0300][1041.630s][36520] GC(24675)       Merged Inline                  Min: 0, Avg:  0.0, Max: 0, Diff: 0, Sum: 0, Workers: 2
[2025-05-12T23:25:31.651+0300][1041.630s][36520] GC(24675)       Merged ArrayOfCards            Min: 0, Avg:  0.0, Max: 0, Diff: 0, Sum: 0, Workers: 2
[2025-05-12T23:25:31.651+0300][1041.630s][36520] GC(24675)       Merged Howl                    Min: 0, Avg:  0.0, Max: 0, Diff: 0, Sum: 0, Workers: 2
[2025-05-12T23:25:31.651+0300][1041.630s][36520] GC(24675)       Merged Full                    Min: 0, Avg:  0.0, Max: 0, Diff: 0, Sum: 0, Workers: 2
[2025-05-12T23:25:31.651+0300][1041.630s][36520] GC(24675)       Merged Howl Inline             Min: 0, Avg:  0.0, Max: 0, Diff: 0, Sum: 0, Workers: 2
[2025-05-12T23:25:31.651+0300][1041.630s][36520] GC(24675)       Merged Howl ArrayOfCards       Min: 0, Avg:  0.0, Max: 0, Diff: 0, Sum: 0, Workers: 2
[2025-05-12T23:25:31.651+0300][1041.630s][36520] GC(24675)       Merged Howl BitMap             Min: 0, Avg:  0.0, Max: 0, Diff: 0, Sum: 0, Workers: 2
[2025-05-12T23:25:31.651+0300][1041.630s][36520] GC(24675)       Merged Howl Full               Min: 0, Avg:  0.0, Max: 0, Diff: 0, Sum: 0, Workers: 2
[2025-05-12T23:25:31.651+0300][1041.630s][36520] GC(24675)       Merged Cards                   Min: 8, Avg:  8.0, Max: 8, Diff: 0, Sum: 16, Workers: 2
[2025-05-12T23:25:31.651+0300][1041.630s][36520] GC(24675)     Log Buffers (ms):              Min:  0.0, Avg:  0.0, Max:  0.0, Diff:  0.0, Sum:  0.0, Workers: 2
[2025-05-12T23:25:31.651+0300][1041.630s][36520] GC(24675)       Dirty Cards:                   Min: 16, Avg: 45.5, Max: 75, Diff: 59, Sum: 91, Workers: 2
[2025-05-12T23:25:31.651+0300][1041.630s][36520] GC(24675)       Skipped Cards:                 Min: 0, Avg:  0.0, Max: 0, Diff: 0, Sum: 0, Workers: 2
[2025-05-12T23:25:31.651+0300][1041.630s][36520] GC(24675)   Evacuate Collection Set: 0.4ms
[2025-05-12T23:25:31.651+0300][1041.630s][36520] GC(24675)     Ext Root Scanning (ms):        Min:  0.1, Avg:  0.2, Max:  0.2, Diff:  0.0, Sum:  0.3, Workers: 2
[2025-05-12T23:25:31.651+0300][1041.630s][36520] GC(24675)     Scan Heap Roots (ms):          Min:  0.0, Avg:  0.0, Max:  0.0, Diff:  0.0, Sum:  0.1, Workers: 2
[2025-05-12T23:25:31.651+0300][1041.630s][36520] GC(24675)       Scanned Cards:                 Min: 41, Avg: 45.5, Max: 50, Diff: 9, Sum: 91, Workers: 2
[2025-05-12T23:25:31.651+0300][1041.630s][36520] GC(24675)       Scanned Blocks:                Min: 28, Avg: 29.5, Max: 31, Diff: 3, Sum: 59, Workers: 2
[2025-05-12T23:25:31.651+0300][1041.630s][36520] GC(24675)       Claimed Chunks:                Min: 15, Avg: 15.5, Max: 16, Diff: 1, Sum: 31, Workers: 2
[2025-05-12T23:25:31.651+0300][1041.630s][36520] GC(24675)       Found Roots:                   Min: 55, Avg: 58.0, Max: 61, Diff: 6, Sum: 116, Workers: 2
[2025-05-12T23:25:31.651+0300][1041.630s][36520] GC(24675)     Code Root Scan (ms):           Min:  0.0, Avg:  0.0, Max:  0.0, Diff:  0.0, Sum:  0.0, Workers: 2
[2025-05-12T23:25:31.651+0300][1041.630s][36520] GC(24675)     Object Copy (ms):              Min:  0.2, Avg:  0.2, Max:  0.2, Diff:  0.0, Sum:  0.4, Workers: 2
[2025-05-12T23:25:31.651+0300][1041.630s][36520] GC(24675)     Termination (ms):              Min:  0.0, Avg:  0.0, Max:  0.0, Diff:  0.0, Sum:  0.0, Workers: 2
[2025-05-12T23:25:31.651+0300][1041.630s][36520] GC(24675)       Termination Attempts:          Min: 1, Avg:  1.0, Max: 1, Diff: 0, Sum: 2, Workers: 2
[2025-05-12T23:25:31.651+0300][1041.630s][36520] GC(24675)     GC Worker Other (ms):          Min:  0.0, Avg:  0.0, Max:  0.0, Diff:  0.0, Sum:  0.0, Workers: 2
[2025-05-12T23:25:31.651+0300][1041.630s][36520] GC(24675)     GC Worker Total (ms):          Min:  0.4, Avg:  0.4, Max:  0.4, Diff:  0.0, Sum:  0.8, Workers: 2
[2025-05-12T23:25:31.651+0300][1041.630s][36520] GC(24675)   Post Evacuate Collection Set: 0.5ms
[2025-05-12T23:25:31.651+0300][1041.630s][36520] GC(24675)     NMethod List Cleanup: 0.0ms
[2025-05-12T23:25:31.651+0300][1041.630s][36520] GC(24675)     Reference Processing: 0.1ms
[2025-05-12T23:25:31.651+0300][1041.630s][36520] GC(24675)       Notify Soft/WeakReferences: 0.0ms
[2025-05-12T23:25:31.651+0300][1041.630s][36520] GC(24675)         SoftRef (ms):                  Min:  0.0, Avg:  0.0, Max:  0.0, Diff:  0.0, Sum:  0.0, Workers: 1
[2025-05-12T23:25:31.651+0300][1041.630s][36520] GC(24675)         WeakRef (ms):                  Min:  0.0, Avg:  0.0, Max:  0.0, Diff:  0.0, Sum:  0.0, Workers: 1
[2025-05-12T23:25:31.651+0300][1041.630s][36520] GC(24675)         FinalRef (ms):                 Min:  0.0, Avg:  0.0, Max:  0.0, Diff:  0.0, Sum:  0.0, Workers: 1
[2025-05-12T23:25:31.651+0300][1041.630s][36520] GC(24675)         Total (ms):                    Min:  0.0, Avg:  0.0, Max:  0.0, Diff:  0.0, Sum:  0.0, Workers: 1
[2025-05-12T23:25:31.651+0300][1041.630s][36520] GC(24675)       Notify and keep alive finalizable: 0.0ms
[2025-05-12T23:25:31.651+0300][1041.630s][36520] GC(24675)         FinalRef (ms):                 skipped
[2025-05-12T23:25:31.651+0300][1041.630s][36520] GC(24675)       Notify PhantomReferences: 0.0ms
[2025-05-12T23:25:31.651+0300][1041.630s][36520] GC(24675)         PhantomRef (ms):               skipped
[2025-05-12T23:25:31.651+0300][1041.630s][36520] GC(24675)       SoftReference Discovered: 0, Dropped: 0, Processed: 0
[2025-05-12T23:25:31.651+0300][1041.630s][36520] GC(24675)       WeakReference Discovered: 26, Dropped: 3, Processed: 23
[2025-05-12T23:25:31.651+0300][1041.630s][36520] GC(24675)       FinalReference Discovered: 0, Dropped: 0, Processed: 0
[2025-05-12T23:25:31.651+0300][1041.630s][36520] GC(24675)       PhantomReference Discovered: 0, Dropped: 0, Processed: 0
[2025-05-12T23:25:31.651+0300][1041.630s][36520] GC(24675)     Weak Processing: 0.1ms
[2025-05-12T23:25:31.651+0300][1041.630s][36520] GC(24675)       VM Weak                        Min:  0.0, Avg:  0.0, Max:  0.0, Diff:  0.0, Sum:  0.0, Workers: 10
[2025-05-12T23:25:31.651+0300][1041.630s][36520] GC(24675)         Dead                           Min: 0, Avg:  0.0, Max: 0, Diff: 0, Sum: 0, Workers: 10
[2025-05-12T23:25:31.651+0300][1041.630s][36520] GC(24675)         Total                          Min: 0, Avg:  6.6, Max: 40, Diff: 40, Sum: 66, Workers: 10
[2025-05-12T23:25:31.651+0300][1041.630s][36520] GC(24675)       ObjectSynchronizer Weak        Min:  0.0, Avg:  0.0, Max:  0.0, Diff:  0.0, Sum:  0.0, Workers: 10
[2025-05-12T23:25:31.651+0300][1041.630s][36520] GC(24675)         Dead                           Min: 0, Avg:  0.0, Max: 0, Diff: 0, Sum: 0, Workers: 10
[2025-05-12T23:25:31.651+0300][1041.630s][36520] GC(24675)         Total                          Min: 0, Avg:  0.1, Max: 1, Diff: 1, Sum: 1, Workers: 10
[2025-05-12T23:25:31.651+0300][1041.630s][36520] GC(24675)       JVMTI Tag Weak OopStorage      Min:  0.0, Avg:  0.1, Max:  0.1, Diff:  0.0, Sum:  0.5, Workers: 10
[2025-05-12T23:25:31.651+0300][1041.631s][36520] GC(24675)         Dead                           Min: 0, Avg:  0.0, Max: 0, Diff: 0, Sum: 0, Workers: 10
[2025-05-12T23:25:31.651+0300][1041.631s][36520] GC(24675)         Total                          Min: 3003, Avg: 6289.8, Max: 8950, Diff: 5947, Sum: 62898, Workers: 10
[2025-05-12T23:25:31.651+0300][1041.631s][36520] GC(24675)       StringTable Weak               Min:  0.0, Avg:  0.0, Max:  0.0, Diff:  0.0, Sum:  0.2, Workers: 10
[2025-05-12T23:25:31.651+0300][1041.631s][36520] GC(24675)         Dead                           Min: 0, Avg:  0.0, Max: 0, Diff: 0, Sum: 0, Workers: 10
[2025-05-12T23:25:31.651+0300][1041.631s][36520] GC(24675)         Total                          Min: 3520, Avg: 3952.9, Max: 4862, Diff: 1342, Sum: 39529, Workers: 10
[2025-05-12T23:25:31.651+0300][1041.631s][36520] GC(24675)       ResolvedMethodTable Weak       Min:  0.0, Avg:  0.0, Max:  0.0, Diff:  0.0, Sum:  0.0, Workers: 10
[2025-05-12T23:25:31.651+0300][1041.631s][36520] GC(24675)         Dead                           Min: 0, Avg:  0.0, Max: 0, Diff: 0, Sum: 0, Workers: 10
[2025-05-12T23:25:31.651+0300][1041.631s][36520] GC(24675)         Total                          Min: 0, Avg: 72.2, Max: 128, Diff: 128, Sum: 722, Workers: 10
[2025-05-12T23:25:31.651+0300][1041.631s][36520] GC(24675)       JNI Weak                       Min:  0.0, Avg:  0.0, Max:  0.0, Diff:  0.0, Sum:  0.0, Workers: 10
[2025-05-12T23:25:31.651+0300][1041.631s][36520] GC(24675)         Dead                           Min: 0, Avg:  0.0, Max: 0, Diff: 0, Sum: 0, Workers: 10
[2025-05-12T23:25:31.651+0300][1041.631s][36520] GC(24675)         Total                          Min: 0, Avg:  1.1, Max: 11, Diff: 11, Sum: 11, Workers: 10
[2025-05-12T23:25:31.651+0300][1041.631s][36520] GC(24675)       StringDedup Table Weak         Min:  0.0, Avg:  0.0, Max:  0.0, Diff:  0.0, Sum:  0.0, Workers: 10
[2025-05-12T23:25:31.651+0300][1041.631s][36520] GC(24675)         Dead                           Min: 0, Avg:  0.0, Max: 0, Diff: 0, Sum: 0, Workers: 10
[2025-05-12T23:25:31.651+0300][1041.631s][36520] GC(24675)         Total                          Min: 0, Avg:  0.0, Max: 0, Diff: 0, Sum: 0, Workers: 10
[2025-05-12T23:25:31.651+0300][1041.631s][36520] GC(24675)       StringDedup Requests0 Weak     Min:  0.0, Avg:  0.0, Max:  0.0, Diff:  0.0, Sum:  0.0, Workers: 10
[2025-05-12T23:25:31.651+0300][1041.631s][36520] GC(24675)         Dead                           Min: 0, Avg:  0.0, Max: 0, Diff: 0, Sum: 0, Workers: 10
[2025-05-12T23:25:31.651+0300][1041.631s][36520] GC(24675)         Total                          Min: 0, Avg:  0.0, Max: 0, Diff: 0, Sum: 0, Workers: 10
[2025-05-12T23:25:31.651+0300][1041.631s][36520] GC(24675)       StringDedup Requests1 Weak     Min:  0.0, Avg:  0.0, Max:  0.0, Diff:  0.0, Sum:  0.0, Workers: 10
[2025-05-12T23:25:31.651+0300][1041.631s][36520] GC(24675)         Dead                           Min: 0, Avg:  0.0, Max: 0, Diff: 0, Sum: 0, Workers: 10
[2025-05-12T23:25:31.651+0300][1041.631s][36520] GC(24675)         Total                          Min: 0, Avg:  0.0, Max: 0, Diff: 0, Sum: 0, Workers: 10
[2025-05-12T23:25:31.651+0300][1041.631s][36520] GC(24675)       Weak JFR Old Object Samples    Min:  0.0, Avg:  0.0, Max:  0.0, Diff:  0.0, Sum:  0.0, Workers: 10
[2025-05-12T23:25:31.651+0300][1041.631s][36520] GC(24675)         Dead                           Min: 0, Avg:  0.0, Max: 0, Diff: 0, Sum: 0, Workers: 10
[2025-05-12T23:25:31.652+0300][1041.631s][36520] GC(24675)         Total                          Min: 0, Avg:  0.0, Max: 0, Diff: 0, Sum: 0, Workers: 10
[2025-05-12T23:25:31.652+0300][1041.631s][36520] GC(24675)     Post Evacuate Cleanup 1: 0.1ms
[2025-05-12T23:25:31.652+0300][1041.631s][36520] GC(24675)       Merge Per-Thread State (ms):   Min:  0.0, Avg:  0.0, Max:  0.0, Diff:  0.0, Sum:  0.0, Workers: 1
[2025-05-12T23:25:31.652+0300][1041.631s][36520] GC(24675)         Copied Bytes                   Min: 0, Avg:  0.0, Max: 0, Diff: 0, Sum: 0, Workers: 2
[2025-05-12T23:25:31.652+0300][1041.631s][36520] GC(24675)         LAB Waste                      Min: 0, Avg:  0.0, Max: 0, Diff: 0, Sum: 0, Workers: 2
[2025-05-12T23:25:31.652+0300][1041.631s][36520] GC(24675)         LAB Undo Waste                 Min: 0, Avg:  0.0, Max: 0, Diff: 0, Sum: 0, Workers: 2
[2025-05-12T23:25:31.652+0300][1041.631s][36520] GC(24675)       Clear Logged Cards (ms):       Min:  0.0, Avg:  0.0, Max:  0.0, Diff:  0.0, Sum:  0.0, Workers: 2
[2025-05-12T23:25:31.652+0300][1041.631s][36520] GC(24675)       Recalculate Used Memory (ms):  Min:  0.0, Avg:  0.0, Max:  0.0, Diff:  0.0, Sum:  0.0, Workers: 1
[2025-05-12T23:25:31.652+0300][1041.631s][36520] GC(24675)       Restore Retained Regions (ms): Min:  0.1, Avg:  0.1, Max:  0.1, Diff:  0.0, Sum:  0.1, Workers: 2
[2025-05-12T23:25:31.652+0300][1041.631s][36520] GC(24675)         Evacuation Failure Regions:    Min: 1, Avg:  1.0, Max: 1, Diff: 0, Sum: 1, Workers: 1
[2025-05-12T23:25:31.652+0300][1041.631s][36520] GC(24675)         Remove Self Forwards (ms):     Min:  0.1, Avg:  0.1, Max:  0.1, Diff:  0.0, Sum:  0.1, Workers: 2
[2025-05-12T23:25:31.652+0300][1041.631s][36520] GC(24675)           Forward Chunks:                Min: 27, Avg: 28.5, Max: 30, Diff: 3, Sum: 57, Workers: 2
[2025-05-12T23:25:31.652+0300][1041.631s][36520] GC(24675)           Empty Forward Chunks:          Min: 2, Avg:  3.5, Max: 5, Diff: 3, Sum: 7, Workers: 2
[2025-05-12T23:25:31.652+0300][1041.631s][36520] GC(24675)           Forward Objects:               Min: 2049, Avg: 2131.0, Max: 2213, Diff: 164, Sum: 4262, Workers: 2
[2025-05-12T23:25:31.652+0300][1041.631s][36520] GC(24675)           Forward Bytes:                 Min: 103664, Avg: 110556.0, Max: 117448, Diff: 13784, Sum: 221112, Workers: 2
[2025-05-12T23:25:31.652+0300][1041.631s][36520] GC(24675)     Post Evacuate Cleanup 2: 0.1ms
[2025-05-12T23:25:31.652+0300][1041.631s][36520] GC(24675)       Recalculate Used Memory (ms):  Min:  0.0, Avg:  0.0, Max:  0.0, Diff:  0.0, Sum:  0.0, Workers: 1
[2025-05-12T23:25:31.652+0300][1041.631s][36520] GC(24675)       Restore Preserved Marks (ms):  Min:  0.0, Avg:  0.0, Max:  0.0, Diff:  0.0, Sum:  0.0, Workers: 2
[2025-05-12T23:25:31.652+0300][1041.631s][36520] GC(24675)       Clear Retained Region Bitmaps (ms): skipped
[2025-05-12T23:25:31.652+0300][1041.631s][36520] GC(24675)       Update Derived Pointers (ms):  Min:  0.0, Avg:  0.0, Max:  0.0, Diff:  0.0, Sum:  0.0, Workers: 1
[2025-05-12T23:25:31.652+0300][1041.631s][36520] GC(24675)       Eagerly Reclaim Humongous Objects (ms): skipped
[2025-05-12T23:25:31.652+0300][1041.631s][36520] GC(24675)         Humongous Total                skipped
[2025-05-12T23:25:31.652+0300][1041.631s][36520] GC(24675)         Humongous Candidates           skipped
[2025-05-12T23:25:31.652+0300][1041.631s][36520] GC(24675)         Humongous Reclaimed            skipped
[2025-05-12T23:25:31.652+0300][1041.631s][36520] GC(24675)       Redirty Logged Cards (ms):     Min:  0.0, Avg:  0.0, Max:  0.0, Diff:  0.0, Sum:  0.0, Workers: 2
[2025-05-12T23:25:31.652+0300][1041.631s][36520] GC(24675)         Redirtied Cards:               Min: 0, Avg:  0.0, Max: 0, Diff: 0, Sum: 0, Workers: 2
[2025-05-12T23:25:31.652+0300][1041.631s][36520] GC(24675)       Resize TLABs (ms):             Min:  0.0, Avg:  0.0, Max:  0.0, Diff:  0.0, Sum:  0.0, Workers: 2
[2025-05-12T23:25:31.652+0300][1041.631s][36520] GC(24675)       Free Collection Set (ms):      Min:  0.0, Avg:  0.0, Max:  0.0, Diff:  0.0, Sum:  0.0, Workers: 2
[2025-05-12T23:25:31.652+0300][1041.631s][36520] GC(24675)     Rebuild Free List: 0.0ms
[2025-05-12T23:25:31.652+0300][1041.631s][36520] GC(24675)     Prepare For Mutator: 0.1ms
[2025-05-12T23:25:31.652+0300][1041.631s][36520] GC(24675)     Expand Heap After Collection: 0.0ms
[2025-05-12T23:25:31.652+0300][1041.631s][36520] GC(24675)   Other: 0.3ms
[2025-05-12T23:25:31.652+0300][1041.631s][36520] GC(24675) Coarsening (recent): Inline->AoC 0 (0) AoC->Howl 0 (0) Howl->Full 0 (0) Inline->AoC 0 (0) AoC->BitMap 0 (0) BitMap->Full 0 (0) 
[2025-05-12T23:25:31.652+0300][1041.631s][36520] GC(24675) Coarsening (all): Inline->AoC 10920 (0) AoC->Howl 7731 (0) Howl->Full 0 (0) Inline->AoC 10809 (0) AoC->BitMap 7399 (0) BitMap->Full 0 (0) 
[2025-05-12T23:25:31.652+0300][1041.631s][36520] GC(24675) Eden regions: 1->0(0)
[2025-05-12T23:25:31.652+0300][1041.631s][36520] GC(24675) Survivor regions: 0->0(0)
[2025-05-12T23:25:31.652+0300][1041.631s][36520] GC(24675) Old regions: 11->12
[2025-05-12T23:25:31.652+0300][1041.631s][36520] GC(24675) Humongous regions: 0->0
[2025-05-12T23:25:31.652+0300][1041.631s][36520] GC(24675) Metaspace: 10757K(12736K)->10757K(12736K) NonClass: 9682K(11328K)->9682K(11328K) Class: 1075K(1408K)->1075K(1408K)
[2025-05-12T23:25:31.652+0300][1041.631s][36520] GC(24675) Heap after GC invocations=21146 (full 7079):
[2025-05-12T23:25:31.652+0300][1041.631s][36520] GC(24675)  garbage-first heap   total 12288K, used 12188K [0x00000000ff400000, 0x0000000100000000)
[2025-05-12T23:25:31.652+0300][1041.631s][36520] GC(24675)   region size 1024K, 0 young (0K), 0 survivors (0K)
[2025-05-12T23:25:31.652+0300][1041.631s][36520] GC(24675)  Metaspace       used 10757K, committed 12736K, reserved 1114112K
[2025-05-12T23:25:31.652+0300][1041.631s][36520] GC(24675)   class space    used 1075K, committed 1408K, reserved 1048576K
[2025-05-12T23:25:31.652+0300][1041.631s][36520] GC(24675) Pause Young (Concurrent Start) (G1 Evacuation Pause) (Evacuation Failure) 11M->11M(12M) 2.984ms
[2025-05-12T23:25:31.652+0300][1041.631s][36520] GC(24675) User=0.00s Sys=0.00s Real=0.00s
[2025-05-12T23:25:31.652+0300][1041.631s][36520] Attempt heap expansion (allocation request failed). Allocation request: 2048B
[2025-05-12T23:25:31.652+0300][1041.631s][34628] GC(24676) Concurrent Mark Cycle
[2025-05-12T23:25:31.652+0300][1041.631s][36520] Expand the heap. requested expansion amount: 1048576B expansion amount: 1048576B
[2025-05-12T23:25:31.652+0300][1041.631s][34628] GC(24676) Concurrent Scan Root Regions
[2025-05-12T23:25:31.652+0300][1041.631s][36520] Did not expand the heap (heap already fully expanded)
[2025-05-12T23:25:31.652+0300][1041.631s][34628] GC(24676) Concurrent Scan Root Regions 0.032ms
[2025-05-12T23:25:31.652+0300][1041.631s][36520] Attempting full compaction
[2025-05-12T23:25:31.652+0300][1041.631s][34628] GC(24676) Concurrent Mark
[2025-05-12T23:25:31.652+0300][1041.631s][36520] GC(24677) Pause Full (G1 Compaction Pause)
[2025-05-12T23:25:31.652+0300][1041.631s][34628] GC(24676) Concurrent Mark From Roots
[2025-05-12T23:25:31.652+0300][1041.631s][36520] GC(24677) Heap before GC invocations=21146 (full 7079):
[2025-05-12T23:25:31.652+0300][1041.631s][34628] GC(24676) Using 3 workers of 3 for marking
[2025-05-12T23:25:31.652+0300][1041.632s][36520] GC(24677)  garbage-first heap   total 12288K, used 12188K [0x00000000ff400000, 0x0000000100000000)
[2025-05-12T23:25:31.652+0300][1041.632s][36520] GC(24677)   region size 1024K, 0 young (0K), 0 survivors (0K)
[2025-05-12T23:25:31.652+0300][1041.632s][36520] GC(24677)  Metaspace       used 10757K, committed 12736K, reserved 1114112K
[2025-05-12T23:25:31.652+0300][1041.632s][36520] GC(24677)   class space    used 1075K, committed 1408K, reserved 1048576K
[2025-05-12T23:25:31.652+0300][1041.632s][36520] GC(24677) Requesting 1 active workers for full compaction (waste limited workers: 1, adaptive workers: 2, used limited workers: 12)
[2025-05-12T23:25:31.652+0300][1041.632s][36520] GC(24677) Using 1 workers of 10 for full compaction
[2025-05-12T23:25:31.652+0300][1041.632s][36520] GC(24677) Clear Bitmap
[2025-05-12T23:25:31.652+0300][1041.632s][36520] GC(24677) Running G1 Clear Bitmap with 1 workers for 1 work units.
[2025-05-12T23:25:31.652+0300][1041.632s][36520] GC(24677) Clear Bitmap 0.047ms
[2025-05-12T23:25:31.652+0300][1041.632s][36520] GC(24677) Mutator Allocation stats, regions: 0, wasted size: 0B ( 0.0%)
[2025-05-12T23:25:31.652+0300][1041.632s][36520] GC(24677) Phase 1: Mark live objects
[2025-05-12T23:25:31.660+0300][1041.639s][36520] GC(24677) Phase 1: Reference Processing
[2025-05-12T23:25:31.660+0300][1041.639s][36520] GC(24677) ReferenceProcessor::execute queues: 1, RefProcThreadModel::Single, marks_oops_alive: false
[2025-05-12T23:25:31.660+0300][1041.639s][36520] GC(24677) Skipped KeepAliveFinalRefsPhase of Reference Processing: no references
[2025-05-12T23:25:31.660+0300][1041.639s][36520] GC(24677) ReferenceProcessor::execute queues: 1, RefProcThreadModel::Single, marks_oops_alive: false
[2025-05-12T23:25:31.660+0300][1041.639s][36520] GC(24677) Reference Processing: 0.0ms
[2025-05-12T23:25:31.660+0300][1041.639s][36520] GC(24677)   Notify Soft/WeakReferences: 0.0ms
[2025-05-12T23:25:31.660+0300][1041.639s][36520] GC(24677)     SoftRef: 0.0ms
[2025-05-12T23:25:31.660+0300][1041.639s][36520] GC(24677)     WeakRef: 0.0ms
[2025-05-12T23:25:31.660+0300][1041.639s][36520] GC(24677)     FinalRef: 0.0ms
[2025-05-12T23:25:31.660+0300][1041.639s][36520] GC(24677)     Total: 0.0ms
[2025-05-12T23:25:31.660+0300][1041.639s][36520] GC(24677)   Notify and keep alive finalizable: 0.0ms
[2025-05-12T23:25:31.660+0300][1041.639s][36520] GC(24677)     FinalRef: skipped
[2025-05-12T23:25:31.660+0300][1041.639s][36520] GC(24677)   Notify PhantomReferences: 0.0ms
[2025-05-12T23:25:31.660+0300][1041.639s][36520] GC(24677)     PhantomRef: 0.0ms
[2025-05-12T23:25:31.660+0300][1041.639s][36520] GC(24677)   SoftReference Discovered: 47, Dropped: 4, Processed: 43
[2025-05-12T23:25:31.660+0300][1041.639s][36520] GC(24677)   WeakReference Discovered: 32, Dropped: 13, Processed: 19
[2025-05-12T23:25:31.660+0300][1041.639s][36520] GC(24677)   FinalReference Discovered: 0, Dropped: 0, Processed: 0
[2025-05-12T23:25:31.660+0300][1041.639s][36520] GC(24677)   PhantomReference Discovered: 23, Dropped: 23, Processed: 0
[2025-05-12T23:25:31.660+0300][1041.639s][36520] GC(24677) Phase 1: Reference Processing 0.206ms
[2025-05-12T23:25:31.660+0300][1041.639s][36520] GC(24677) Phase 1: Weak Processing
[2025-05-12T23:25:31.660+0300][1041.639s][36520] GC(24677)   VM Weak                        Min:  0.0, Avg:  0.0, Max:  0.0, Diff:  0.0, Sum:  0.0, Workers: 10
[2025-05-12T23:25:31.660+0300][1041.639s][36520] GC(24677)     Dead                           Min: 0, Avg:  1.8, Max: 18, Diff: 18, Sum: 18, Workers: 10
[2025-05-12T23:25:31.660+0300][1041.639s][36520] GC(24677)     Total                          Min: 0, Avg:  6.6, Max: 62, Diff: 62, Sum: 66, Workers: 10
[2025-05-12T23:25:31.660+0300][1041.639s][36520] GC(24677)   ObjectSynchronizer Weak        Min:  0.0, Avg:  0.0, Max:  0.0, Diff:  0.0, Sum:  0.0, Workers: 10
[2025-05-12T23:25:31.660+0300][1041.639s][36520] GC(24677)     Dead                           Min: 0, Avg:  0.0, Max: 0, Diff: 0, Sum: 0, Workers: 10
[2025-05-12T23:25:31.661+0300][1041.639s][36520] GC(24677)     Total                          Min: 0, Avg:  0.1, Max: 1, Diff: 1, Sum: 1, Workers: 10
[2025-05-12T23:25:31.661+0300][1041.639s][36520] GC(24677)   JVMTI Tag Weak OopStorage      Min:  0.1, Avg:  0.1, Max:  0.1, Diff:  0.0, Sum:  0.5, Workers: 10
[2025-05-12T23:25:31.661+0300][1041.639s][36520] GC(24677)     Dead                           Min: 0, Avg:  1.8, Max: 18, Diff: 18, Sum: 18, Workers: 10
[2025-05-12T23:25:31.661+0300][1041.639s][36520] GC(24677)     Total                          Min: 5893, Avg: 6289.8, Max: 6812, Diff: 919, Sum: 62898, Workers: 10
[2025-05-12T23:25:31.661+0300][1041.639s][36520] GC(24677)   StringTable Weak               Min:  0.0, Avg:  0.0, Max:  0.0, Diff:  0.0, Sum:  0.3, Workers: 10
[2025-05-12T23:25:31.661+0300][1041.639s][36520] GC(24677)     Dead                           Min: 1, Avg:  6.8, Max: 14, Diff: 13, Sum: 68, Workers: 10
[2025-05-12T23:25:31.661+0300][1041.639s][36520] GC(24677)     Total                          Min: 3712, Avg: 3952.9, Max: 4288, Diff: 576, Sum: 39529, Workers: 10
[2025-05-12T23:25:31.661+0300][1041.639s][36520] GC(24677)   ResolvedMethodTable Weak       Min:  0.0, Avg:  0.0, Max:  0.0, Diff:  0.0, Sum:  0.0, Workers: 10
[2025-05-12T23:25:31.661+0300][1041.639s][36520] GC(24677)     Dead                           Min: 0, Avg:  3.5, Max: 18, Diff: 18, Sum: 35, Workers: 10
[2025-05-12T23:25:31.661+0300][1041.639s][36520] GC(24677)     Total                          Min: 0, Avg: 72.2, Max: 128, Diff: 128, Sum: 722, Workers: 10
[2025-05-12T23:25:31.661+0300][1041.639s][36520] GC(24677)   JNI Weak                       Min:  0.0, Avg:  0.0, Max:  0.0, Diff:  0.0, Sum:  0.0, Workers: 10
[2025-05-12T23:25:31.661+0300][1041.639s][36520] GC(24677)     Dead                           Min: 0, Avg:  0.0, Max: 0, Diff: 0, Sum: 0, Workers: 10
[2025-05-12T23:25:31.661+0300][1041.639s][36520] GC(24677)     Total                          Min: 0, Avg:  1.1, Max: 11, Diff: 11, Sum: 11, Workers: 10
[2025-05-12T23:25:31.661+0300][1041.639s][36520] GC(24677)   StringDedup Table Weak         Min:  0.0, Avg:  0.0, Max:  0.0, Diff:  0.0, Sum:  0.0, Workers: 10
[2025-05-12T23:25:31.661+0300][1041.639s][36520] GC(24677)     Dead                           Min: 0, Avg:  0.0, Max: 0, Diff: 0, Sum: 0, Workers: 10
[2025-05-12T23:25:31.661+0300][1041.639s][36520] GC(24677)     Total                          Min: 0, Avg:  0.0, Max: 0, Diff: 0, Sum: 0, Workers: 10
[2025-05-12T23:25:31.661+0300][1041.639s][36520] GC(24677)   StringDedup Requests0 Weak     Min:  0.0, Avg:  0.0, Max:  0.0, Diff:  0.0, Sum:  0.0, Workers: 10
[2025-05-12T23:25:31.661+0300][1041.639s][36520] GC(24677)     Dead                           Min: 0, Avg:  0.0, Max: 0, Diff: 0, Sum: 0, Workers: 10
[2025-05-12T23:25:31.661+0300][1041.640s][36520] GC(24677)     Total                          Min: 0, Avg:  0.0, Max: 0, Diff: 0, Sum: 0, Workers: 10
[2025-05-12T23:25:31.661+0300][1041.640s][36520] GC(24677)   StringDedup Requests1 Weak     Min:  0.0, Avg:  0.0, Max:  0.0, Diff:  0.0, Sum:  0.0, Workers: 10
[2025-05-12T23:25:31.661+0300][1041.640s][36520] GC(24677)     Dead                           Min: 0, Avg:  0.0, Max: 0, Diff: 0, Sum: 0, Workers: 10
[2025-05-12T23:25:31.661+0300][1041.640s][36520] GC(24677)     Total                          Min: 0, Avg:  0.0, Max: 0, Diff: 0, Sum: 0, Workers: 10
[2025-05-12T23:25:31.661+0300][1041.640s][36520] GC(24677)   Weak JFR Old Object Samples    Min:  0.0, Avg:  0.0, Max:  0.0, Diff:  0.0, Sum:  0.0, Workers: 10
[2025-05-12T23:25:31.661+0300][1041.640s][36520] GC(24677)     Dead                           Min: 0, Avg:  0.0, Max: 0, Diff: 0, Sum: 0, Workers: 10
[2025-05-12T23:25:31.661+0300][1041.640s][36520] GC(24677)     Total                          Min: 0, Avg:  0.0, Max: 0, Diff: 0, Sum: 0, Workers: 10
[2025-05-12T23:25:31.661+0300][1041.640s][36520] GC(24677) Phase 1: Weak Processing 0.638ms
[2025-05-12T23:25:31.661+0300][1041.640s][36520] GC(24677) Phase 1: Class Unloading and Cleanup
[2025-05-12T23:25:31.661+0300][1041.640s][36520] GC(24677) ClassLoaderData
[2025-05-12T23:25:31.661+0300][1041.640s][36520] GC(24677) ClassLoaderData 0.109ms
[2025-05-12T23:25:31.661+0300][1041.640s][36520] GC(24677) Trigger cleanups
[2025-05-12T23:25:31.661+0300][1041.640s][36520] GC(24677) Trigger cleanups 0.014ms
[2025-05-12T23:25:31.664+0300][1041.643s][36520] GC(24677) Phase 1: Class Unloading and Cleanup 3.789ms
[2025-05-12T23:25:31.664+0300][1041.643s][36520] GC(24677) Report Object Count
[2025-05-12T23:25:31.664+0300][1041.643s][36520] GC(24677) Report Object Count 0.012ms
[2025-05-12T23:25:31.664+0300][1041.643s][36520] GC(24677) Phase 1: Mark live objects 11.789ms
[2025-05-12T23:25:31.664+0300][1041.643s][36520] GC(24677) Phase 2: Prepare compaction
[2025-05-12T23:25:31.664+0300][1041.643s][36520] GC(24677) Phase 2: Determine work lists
[2025-05-12T23:25:31.664+0300][1041.644s][36520] GC(24677) Phase 2: Determine work lists 0.009ms
[2025-05-12T23:25:31.664+0300][1041.644s][36520] GC(24677) Phase 2: Prepare parallel compaction
[2025-05-12T23:25:31.665+0300][1041.644s][36520] GC(24677) Phase 2: Prepare parallel compaction 0.253ms
[2025-05-12T23:25:31.665+0300][1041.644s][36520] GC(24677) Phase 2: Prepare compaction 0.301ms
[2025-05-12T23:25:31.665+0300][1041.644s][36520] GC(24677) Phase 3: Adjust pointers
[2025-05-12T23:25:31.668+0300][1041.648s][36520] GC(24677) Phase 3: Adjust pointers 4.126ms
[2025-05-12T23:25:31.668+0300][1041.648s][36520] GC(24677) Phase 4: Compact heap
[2025-05-12T23:25:31.669+0300][1041.648s][36520] GC(24677) Phase 4: Compact heap 0.232ms
[2025-05-12T23:25:31.669+0300][1041.648s][36520] GC(24677) Phase 5: Reset Metadata
[2025-05-12T23:25:31.670+0300][1041.650s][36520] GC(24677) Phase 5: Reset Metadata 1.589ms
[2025-05-12T23:25:31.671+0300][1041.650s][36520] GC(24677) Running G1 Clear Bitmap with 1 workers for 1 work units.
[2025-05-12T23:25:31.673+0300][1041.652s][36520] Old generation allocation in the last mutator period, old gen allocated: 0B, humongous allocated: 0B, old gen growth: 0B.
[2025-05-12T23:25:31.673+0300][1041.652s][36520] GC(24677) Coarsening (recent): Inline->AoC 0 (0) AoC->Howl 0 (0) Howl->Full 0 (0) Inline->AoC 0 (0) AoC->BitMap 0 (0) BitMap->Full 0 (0) 
[2025-05-12T23:25:31.673+0300][1041.652s][36520] GC(24677) Coarsening (all): Inline->AoC 10920 (0) AoC->Howl 7731 (0) Howl->Full 0 (0) Inline->AoC 10809 (0) AoC->BitMap 7399 (0) BitMap->Full 0 (0) 
[2025-05-12T23:25:31.673+0300][1041.652s][36520] GC(24677) Eden regions: 0->0(1)
[2025-05-12T23:25:31.673+0300][1041.652s][36520] GC(24677) Survivor regions: 0->0(0)
[2025-05-12T23:25:31.673+0300][1041.652s][36520] GC(24677) Old regions: 12->11
[2025-05-12T23:25:31.673+0300][1041.652s][36520] GC(24677) Humongous regions: 0->0
[2025-05-12T23:25:31.673+0300][1041.652s][36520] GC(24677) Metaspace: 10757K(12736K)->10722K(12736K) NonClass: 9682K(11328K)->9656K(11328K) Class: 1075K(1408K)->1066K(1408K)
[2025-05-12T23:25:31.673+0300][1041.652s][36520] GC(24677) Heap after GC invocations=21147 (full 7080):
[2025-05-12T23:25:31.673+0300][1041.652s][36520] GC(24677)  garbage-first heap   total 12288K, used 11250K [0x00000000ff400000, 0x0000000100000000)
[2025-05-12T23:25:31.673+0300][1041.652s][36520] GC(24677)   region size 1024K, 0 young (0K), 0 survivors (0K)
[2025-05-12T23:25:31.673+0300][1041.652s][36520] GC(24677)  Metaspace       used 10722K, committed 12736K, reserved 1114112K
[2025-05-12T23:25:31.673+0300][1041.652s][36520] GC(24677)   class space    used 1066K, committed 1408K, reserved 1048576K
[2025-05-12T23:25:31.673+0300][1041.652s][36520] GC(24677) Pause Full (G1 Compaction Pause) 11M->10M(12M) 20.689ms
[2025-05-12T23:25:31.673+0300][1041.652s][36520] GC(24677) User=0.00s Sys=0.00s Real=0.02s
[2025-05-12T23:25:31.673+0300][1041.652s][9340 ] G1 Service Thread (Card Set Free Memory Task) (run: 22.543ms) (cpu: 0.000ms)
[2025-05-12T23:25:31.673+0300][1041.652s][34628] ---------------------------------------------------------------------
[2025-05-12T23:25:31.673+0300][1041.652s][34628] Marking Stats, task = 0, calls = 0
[2025-05-12T23:25:31.673+0300][1041.652s][34628]   Elapsed time = 0.00ms, Termination time = 0.00ms
[2025-05-12T23:25:31.673+0300][1041.652s][34628]   Step Times (cum): num = 5369, avg = 0.16ms, sd = 1.55ms max = 16.00ms, total = 833.00ms
[2025-05-12T23:25:31.673+0300][1041.652s][34628]   Mark Stats Cache: hits 2359 misses 0 ratio 100.000
[2025-05-12T23:25:31.673+0300][1041.652s][34628] ---------------------------------------------------------------------
[2025-05-12T23:25:31.673+0300][1041.652s][34628] Marking Stats, task = 1, calls = 0
[2025-05-12T23:25:31.673+0300][1041.652s][34628]   Elapsed time = 0.00ms, Termination time = 0.00ms
[2025-05-12T23:25:31.673+0300][1041.652s][34628]   Step Times (cum): num = 13793, avg = 0.02ms, sd = 0.58ms max = 16.00ms, total = 296.00ms
[2025-05-12T23:25:31.673+0300][1041.652s][34628]   Mark Stats Cache: hits 5119 misses 0 ratio 100.000
[2025-05-12T23:25:31.673+0300][1041.652s][34628] ---------------------------------------------------------------------
[2025-05-12T23:25:31.673+0300][1041.652s][34628] Marking Stats, task = 2, calls = 0
[2025-05-12T23:25:31.673+0300][1041.652s][34628]   Elapsed time = 0.00ms, Termination time = 0.00ms
[2025-05-12T23:25:31.673+0300][1041.652s][34628]   Step Times (cum): num = 13231, avg = 0.02ms, sd = 0.61ms max = 16.00ms, total = 313.00ms
[2025-05-12T23:25:31.673+0300][1041.652s][34628]   Mark Stats Cache: hits 0 misses 0 ratio 0.000
[2025-05-12T23:25:31.673+0300][1041.652s][34628] ---------------------------------------------------------------------
[2025-05-12T23:25:31.673+0300][1041.652s][34628] GC(24676) Concurrent Mark From Roots 21.014ms
[2025-05-12T23:25:31.673+0300][1041.652s][34628] GC(24676) Concurrent Mark Abort
[2025-05-12T23:25:31.673+0300][1041.652s][34628] GC(24676) Concurrent Mark Cycle 21.183ms
[2025-05-12T23:25:31.700+0300][1041.679s][36520] GC(24678) Pause Young (Normal) (G1 Evacuation Pause)
[2025-05-12T23:25:31.700+0300][1041.679s][36520] GC(24678) Heap before GC invocations=21147 (full 7080):
[2025-05-12T23:25:31.700+0300][1041.679s][36520] GC(24678)  garbage-first heap   total 12288K, used 12274K [0x00000000ff400000, 0x0000000100000000)
[2025-05-12T23:25:31.700+0300][1041.679s][36520] GC(24678)   region size 1024K, 1 young (1024K), 0 survivors (0K)
[2025-05-12T23:25:31.700+0300][1041.679s][36520] GC(24678)  Metaspace       used 10759K, committed 12736K, reserved 1114112K
[2025-05-12T23:25:31.700+0300][1041.679s][36520] GC(24678)   class space    used 1076K, committed 1408K, reserved 1048576K
[2025-05-12T23:25:31.700+0300][1041.679s][36520] GC(24678) Using 2 workers of 10 for evacuation
[2025-05-12T23:25:31.700+0300][1041.679s][36520] GC(24678) Desired survivor size 524288 bytes, new threshold 15 (max threshold 15)
[2025-05-12T23:25:31.700+0300][1041.679s][36520] GC(24678) TLAB totals: thrds: 1  refills: 317 max: 317 slow allocs: 151 max 151 waste: 22.1% gc: 0B max: 0B slow: 189512B max: 189512B
[2025-05-12T23:25:31.700+0300][1041.679s][36520] GC(24678) Mutator refinement: 0.00ms, refined: 0, precleaned: 0, dirtied: 102
[2025-05-12T23:25:31.700+0300][1041.679s][36520] GC(24678) Concurrent refinement: 0.00ms, refined: 0, precleaned: 0, dirtied: 0
[2025-05-12T23:25:31.700+0300][1041.679s][36520] GC(24678) Total refinement: 0.00ms, refined: 0, precleaned: 0, dirtied: 102
[2025-05-12T23:25:31.700+0300][1041.679s][36520] GC(24678) Generate dirty cards rate: 3.79 cards/ms
[2025-05-12T23:25:31.700+0300][1041.679s][36520] GC(24678) Mutator Allocation stats, regions: 1, wasted size: 0B ( 0.0%)
[2025-05-12T23:25:31.700+0300][1041.679s][36520] GC(24678) No candidates to reclaim.
[2025-05-12T23:25:31.700+0300][1041.679s][36520] GC(24678) Running G1 Merge Heap Roots using 2 workers for 1 regions
[2025-05-12T23:25:31.700+0300][1041.679s][36520] GC(24678) Visited cards 1152 Total dirty 12288 (9.38%) Total old 26624 (4.33%)
[2025-05-12T23:25:31.700+0300][1041.679s][34024] GC(24678) Attempt heap expansion (region allocation request failed). Allocation request: 2064B
[2025-05-12T23:25:31.700+0300][1041.679s][34024] GC(24678) Did not expand the heap (heap already fully expanded)
[2025-05-12T23:25:31.700+0300][1041.680s][36520] GC(24678) ReferenceProcessor::execute queues: 1, RefProcThreadModel::Single, marks_oops_alive: false
[2025-05-12T23:25:31.700+0300][1041.680s][36520] GC(24678) Skipped KeepAliveFinalRefsPhase of Reference Processing: no references
[2025-05-12T23:25:31.700+0300][1041.680s][36520] GC(24678) Skipped PhantomRefsPhase of Reference Processing: no references
[2025-05-12T23:25:31.700+0300][1041.680s][36520] GC(24678) Initializing removing self forwards with 64 chunks per region
[2025-05-12T23:25:31.701+0300][1041.680s][36520] GC(24678) Running G1 Rebuild Free List Task using 2 workers for rebuilding free list of regions
[2025-05-12T23:25:31.701+0300][1041.680s][36520] GC(24678) Young PLAB allocation: allocated: 0B, wasted: 0B, unused: 0B, used: 0B, undo waste: 0B, 
[2025-05-12T23:25:31.701+0300][1041.680s][36520] GC(24678) Young other allocation: region end waste: 0B, regions filled: 0, num plab filled: 2, direct allocated: 0B, num direct allocated: 0, failure used: 0B, failure wasted: 0B
[2025-05-12T23:25:31.701+0300][1041.680s][36520] GC(24678) Young sizing: calculated: 0B, actual: 2064B
[2025-05-12T23:25:31.701+0300][1041.680s][36520] GC(24678) Old PLAB allocation: allocated: 0B, wasted: 0B, unused: 0B, used: 0B, undo waste: 0B, 
[2025-05-12T23:25:31.701+0300][1041.680s][36520] GC(24678) Old other allocation: region end waste: 0B, regions filled: 0, num plab filled: 2, direct allocated: 0B, num direct allocated: 0, failure used: 186776B, failure wasted: 861800B
[2025-05-12T23:25:31.701+0300][1041.680s][36520] GC(24678) Old sizing: calculated: 0B, actual: 2064B
[2025-05-12T23:25:31.701+0300][1041.680s][36520] GC(24678) Heap expansion: short term pause time ratio 50.46% long term pause time ratio 41.26% threshold 7.69% pause time ratio 7.69% fully expanded true resize by 0B
[2025-05-12T23:25:31.701+0300][1041.680s][36520] GC(24678) Request concurrent cycle initiation (occupancy higher than threshold) occupancy: 12582912B allocation request: 0B threshold: 3606594B (28.66) source: end of GC
[2025-05-12T23:25:31.701+0300][1041.680s][36520] GC(24678) MMU: 6.6ms (200.0ms/201.0ms)
[2025-05-12T23:25:31.701+0300][1041.680s][36520] Old generation allocation in the last mutator period, old gen allocated: 1048576B, humongous allocated: 0B, old gen growth: 1048576B.
[2025-05-12T23:25:31.701+0300][1041.680s][36520] GC(24678) Basic information (value update), threshold: 3652560B (29.03), target occupancy: 12582912B, current occupancy: 12568584B, recent allocation size: 1048576B, recent allocation duration: 26.94ms, recent old gen allocation rate: 38925966.21B/s, recent marking phase length: 120.12ms
[2025-05-12T23:25:31.701+0300][1041.680s][9340 ] G1 Service Thread (Card Set Free Memory Task) (run 0.047ms after schedule)
[2025-05-12T23:25:31.701+0300][1041.680s][36520] GC(24678) Adaptive IHOP information (value update), threshold: 3652560B (34.15), internal target occupancy: 10695475B, occupancy: 12568584B, additional buffer size: 1048576B, predicted old gen allocation rate: 49670175.78B/s, predicted marking phase length: 120.68ms, prediction active: true
[2025-05-12T23:25:31.701+0300][1041.680s][36520] GC(24678) GC refinement: goal: 18446744073709551615 + 103 / 20.00ms, actual: 102 / 0.04ms, 
[2025-05-12T23:25:31.701+0300][1041.680s][36520] GC(24678) Unchanged pending cards target: 18446744073709551615
[2025-05-12T23:25:31.701+0300][1041.680s][36520] GC(24678)   Pre Evacuate Collection Set: 0.2ms
[2025-05-12T23:25:31.701+0300][1041.680s][36520] GC(24678)     Pre Evacuate Prepare: 0.1ms
[2025-05-12T23:25:31.701+0300][1041.680s][36520] GC(24678)       JT Retire TLABs And Flush Logs (ms): Min:  0.0, Avg:  0.0, Max:  0.0, Diff:  0.0, Sum:  0.0, Workers: 2
[2025-05-12T23:25:31.701+0300][1041.680s][36520] GC(24678)       Non-JT Flush Logs (ms):        Min:  0.0, Avg:  0.0, Max:  0.0, Diff:  0.0, Sum:  0.0, Workers: 1
[2025-05-12T23:25:31.701+0300][1041.680s][36520] GC(24678)     Choose Collection Set: 0.0ms
[2025-05-12T23:25:31.701+0300][1041.680s][36520] GC(24678)     Region Register: 0.1ms
[2025-05-12T23:25:31.701+0300][1041.680s][36520] GC(24678)     Prepare Heap Roots: 0.0ms
[2025-05-12T23:25:31.701+0300][1041.680s][36520] GC(24678)   Merge Heap Roots: 0.1ms
[2025-05-12T23:25:31.701+0300][1041.680s][36520] GC(24678)     Prepare Merge Heap Roots: 0.0ms
[2025-05-12T23:25:31.701+0300][1041.680s][36520] GC(24678)     Remembered Sets (ms):          Min:  0.0, Avg:  0.0, Max:  0.0, Diff:  0.0, Sum:  0.0, Workers: 2
[2025-05-12T23:25:31.701+0300][1041.680s][36520] GC(24678)       Eager Reclaim (ms):            skipped
[2025-05-12T23:25:31.701+0300][1041.680s][36520] GC(24678)       Merged Inline                  Min: 0, Avg:  0.0, Max: 0, Diff: 0, Sum: 0, Workers: 2
[2025-05-12T23:25:31.701+0300][1041.680s][36520] GC(24678)       Merged ArrayOfCards            Min: 0, Avg:  0.0, Max: 0, Diff: 0, Sum: 0, Workers: 2
[2025-05-12T23:25:31.701+0300][1041.680s][36520] GC(24678)       Merged Howl                    Min: 0, Avg:  0.0, Max: 0, Diff: 0, Sum: 0, Workers: 2
[2025-05-12T23:25:31.701+0300][1041.680s][36520] GC(24678)       Merged Full                    Min: 0, Avg:  0.0, Max: 0, Diff: 0, Sum: 0, Workers: 2
[2025-05-12T23:25:31.701+0300][1041.680s][36520] GC(24678)       Merged Howl Inline             Min: 0, Avg:  0.0, Max: 0, Diff: 0, Sum: 0, Workers: 2
[2025-05-12T23:25:31.701+0300][1041.680s][36520] GC(24678)       Merged Howl ArrayOfCards       Min: 0, Avg:  0.0, Max: 0, Diff: 0, Sum: 0, Workers: 2
[2025-05-12T23:25:31.701+0300][1041.680s][36520] GC(24678)       Merged Howl BitMap             Min: 0, Avg:  0.0, Max: 0, Diff: 0, Sum: 0, Workers: 2
[2025-05-12T23:25:31.701+0300][1041.680s][36520] GC(24678)       Merged Howl Full               Min: 0, Avg:  0.0, Max: 0, Diff: 0, Sum: 0, Workers: 2
[2025-05-12T23:25:31.701+0300][1041.680s][36520] GC(24678)       Merged Cards                   Min: 8, Avg:  8.0, Max: 8, Diff: 0, Sum: 16, Workers: 2
[2025-05-12T23:25:31.701+0300][1041.680s][36520] GC(24678)     Log Buffers (ms):              Min:  0.0, Avg:  0.0, Max:  0.0, Diff:  0.0, Sum:  0.0, Workers: 2
[2025-05-12T23:25:31.701+0300][1041.680s][36520] GC(24678)       Dirty Cards:                   Min: 0, Avg: 51.0, Max: 102, Diff: 102, Sum: 102, Workers: 2
[2025-05-12T23:25:31.701+0300][1041.680s][36520] GC(24678)       Skipped Cards:                 Min: 0, Avg:  0.0, Max: 0, Diff: 0, Sum: 0, Workers: 2
[2025-05-12T23:25:31.701+0300][1041.680s][36520] GC(24678)   Evacuate Collection Set: 0.3ms
[2025-05-12T23:25:31.701+0300][1041.680s][36520] GC(24678)     Ext Root Scanning (ms):        Min:  0.1, Avg:  0.1, Max:  0.1, Diff:  0.0, Sum:  0.2, Workers: 2
[2025-05-12T23:25:31.701+0300][1041.680s][36520] GC(24678)     Scan Heap Roots (ms):          Min:  0.0, Avg:  0.0, Max:  0.1, Diff:  0.0, Sum:  0.1, Workers: 2
[2025-05-12T23:25:31.701+0300][1041.680s][36520] GC(24678)       Scanned Cards:                 Min: 16, Avg: 51.0, Max: 86, Diff: 70, Sum: 102, Workers: 2
[2025-05-12T23:25:31.701+0300][1041.680s][36520] GC(24678)       Scanned Blocks:                Min: 8, Avg: 35.5, Max: 63, Diff: 55, Sum: 71, Workers: 2
[2025-05-12T23:25:31.701+0300][1041.680s][36520] GC(24678)       Claimed Chunks:                Min: 7, Avg: 18.0, Max: 29, Diff: 22, Sum: 36, Workers: 2
[2025-05-12T23:25:31.701+0300][1041.680s][36520] GC(24678)       Found Roots:                   Min: 33, Avg: 50.0, Max: 67, Diff: 34, Sum: 100, Workers: 2
[2025-05-12T23:25:31.701+0300][1041.680s][36520] GC(24678)     Code Root Scan (ms):           Min:  0.0, Avg:  0.0, Max:  0.0, Diff:  0.0, Sum:  0.0, Workers: 2
[2025-05-12T23:25:31.701+0300][1041.680s][36520] GC(24678)     Object Copy (ms):              Min:  0.1, Avg:  0.1, Max:  0.2, Diff:  0.0, Sum:  0.3, Workers: 2
[2025-05-12T23:25:31.701+0300][1041.681s][36520] GC(24678)     Termination (ms):              Min:  0.0, Avg:  0.0, Max:  0.0, Diff:  0.0, Sum:  0.0, Workers: 2
[2025-05-12T23:25:31.701+0300][1041.681s][36520] GC(24678)       Termination Attempts:          Min: 1, Avg:  1.0, Max: 1, Diff: 0, Sum: 2, Workers: 2
[2025-05-12T23:25:31.701+0300][1041.681s][36520] GC(24678)     GC Worker Other (ms):          Min:  0.0, Avg:  0.0, Max:  0.0, Diff:  0.0, Sum:  0.0, Workers: 2
[2025-05-12T23:25:31.701+0300][1041.681s][36520] GC(24678)     GC Worker Total (ms):          Min:  0.3, Avg:  0.3, Max:  0.3, Diff:  0.0, Sum:  0.6, Workers: 2
[2025-05-12T23:25:31.701+0300][1041.681s][36520] GC(24678)   Post Evacuate Collection Set: 0.5ms
[2025-05-12T23:25:31.701+0300][1041.681s][36520] GC(24678)     NMethod List Cleanup: 0.0ms
[2025-05-12T23:25:31.701+0300][1041.681s][36520] GC(24678)     Reference Processing: 0.1ms
[2025-05-12T23:25:31.701+0300][1041.681s][36520] GC(24678)       Notify Soft/WeakReferences: 0.0ms
[2025-05-12T23:25:31.701+0300][1041.681s][36520] GC(24678)         SoftRef (ms):                  Min:  0.0, Avg:  0.0, Max:  0.0, Diff:  0.0, Sum:  0.0, Workers: 1
[2025-05-12T23:25:31.701+0300][1041.681s][36520] GC(24678)         WeakRef (ms):                  Min:  0.0, Avg:  0.0, Max:  0.0, Diff:  0.0, Sum:  0.0, Workers: 1
[2025-05-12T23:25:31.701+0300][1041.681s][36520] GC(24678)         FinalRef (ms):                 Min:  0.0, Avg:  0.0, Max:  0.0, Diff:  0.0, Sum:  0.0, Workers: 1
[2025-05-12T23:25:31.701+0300][1041.681s][36520] GC(24678)         Total (ms):                    Min:  0.0, Avg:  0.0, Max:  0.0, Diff:  0.0, Sum:  0.0, Workers: 1
[2025-05-12T23:25:31.701+0300][1041.681s][36520] GC(24678)       Notify and keep alive finalizable: 0.0ms
[2025-05-12T23:25:31.701+0300][1041.681s][36520] GC(24678)         FinalRef (ms):                 skipped
[2025-05-12T23:25:31.701+0300][1041.681s][36520] GC(24678)       Notify PhantomReferences: 0.0ms
[2025-05-12T23:25:31.701+0300][1041.681s][36520] GC(24678)         PhantomRef (ms):               skipped
[2025-05-12T23:25:31.701+0300][1041.681s][36520] GC(24678)       SoftReference Discovered: 0, Dropped: 0, Processed: 0
[2025-05-12T23:25:31.701+0300][1041.681s][36520] GC(24678)       WeakReference Discovered: 36, Dropped: 14, Processed: 22
[2025-05-12T23:25:31.701+0300][1041.681s][36520] GC(24678)       FinalReference Discovered: 0, Dropped: 0, Processed: 0
[2025-05-12T23:25:31.701+0300][1041.681s][36520] GC(24678)       PhantomReference Discovered: 0, Dropped: 0, Processed: 0
[2025-05-12T23:25:31.701+0300][1041.681s][36520] GC(24678)     Weak Processing: 0.1ms
[2025-05-12T23:25:31.701+0300][1041.681s][36520] GC(24678)       VM Weak                        Min:  0.0, Avg:  0.0, Max:  0.0, Diff:  0.0, Sum:  0.0, Workers: 10
[2025-05-12T23:25:31.701+0300][1041.681s][36520] GC(24678)         Dead                           Min: 0, Avg:  0.0, Max: 0, Diff: 0, Sum: 0, Workers: 10
[2025-05-12T23:25:31.701+0300][1041.681s][36520] GC(24678)         Total                          Min: 0, Avg:  6.7, Max: 62, Diff: 62, Sum: 67, Workers: 10
[2025-05-12T23:25:31.701+0300][1041.681s][36520] GC(24678)       ObjectSynchronizer Weak        Min:  0.0, Avg:  0.0, Max:  0.0, Diff:  0.0, Sum:  0.0, Workers: 10
[2025-05-12T23:25:31.701+0300][1041.681s][36520] GC(24678)         Dead                           Min: 0, Avg:  0.0, Max: 0, Diff: 0, Sum: 0, Workers: 10
[2025-05-12T23:25:31.701+0300][1041.681s][36520] GC(24678)         Total                          Min: 0, Avg:  0.1, Max: 1, Diff: 1, Sum: 1, Workers: 10
[2025-05-12T23:25:31.701+0300][1041.681s][36520] GC(24678)       JVMTI Tag Weak OopStorage      Min:  0.0, Avg:  0.1, Max:  0.1, Diff:  0.0, Sum:  0.6, Workers: 10
[2025-05-12T23:25:31.701+0300][1041.681s][36520] GC(24678)         Dead                           Min: 0, Avg:  0.0, Max: 0, Diff: 0, Sum: 0, Workers: 10
[2025-05-12T23:25:31.701+0300][1041.681s][36520] GC(24678)         Total                          Min: 2743, Avg: 6289.9, Max: 7564, Diff: 4821, Sum: 62899, Workers: 10
[2025-05-12T23:25:31.701+0300][1041.681s][36520] GC(24678)       StringTable Weak               Min:  0.0, Avg:  0.0, Max:  0.0, Diff:  0.0, Sum:  0.3, Workers: 10
[2025-05-12T23:25:31.701+0300][1041.681s][36520] GC(24678)         Dead                           Min: 0, Avg:  0.0, Max: 0, Diff: 0, Sum: 0, Workers: 10
[2025-05-12T23:25:31.701+0300][1041.681s][36520] GC(24678)         Total                          Min: 3647, Avg: 3952.9, Max: 4224, Diff: 577, Sum: 39529, Workers: 10
[2025-05-12T23:25:31.701+0300][1041.681s][36520] GC(24678)       ResolvedMethodTable Weak       Min:  0.0, Avg:  0.0, Max:  0.0, Diff:  0.0, Sum:  0.0, Workers: 10
[2025-05-12T23:25:31.701+0300][1041.681s][36520] GC(24678)         Dead                           Min: 0, Avg:  0.0, Max: 0, Diff: 0, Sum: 0, Workers: 10
[2025-05-12T23:25:31.701+0300][1041.681s][36520] GC(24678)         Total                          Min: 0, Avg: 73.4, Max: 128, Diff: 128, Sum: 734, Workers: 10
[2025-05-12T23:25:31.702+0300][1041.681s][36520] GC(24678)       JNI Weak                       Min:  0.0, Avg:  0.0, Max:  0.0, Diff:  0.0, Sum:  0.0, Workers: 10
[2025-05-12T23:25:31.702+0300][1041.681s][36520] GC(24678)         Dead                           Min: 0, Avg:  0.0, Max: 0, Diff: 0, Sum: 0, Workers: 10
[2025-05-12T23:25:31.702+0300][1041.681s][36520] GC(24678)         Total                          Min: 0, Avg:  1.1, Max: 11, Diff: 11, Sum: 11, Workers: 10
[2025-05-12T23:25:31.702+0300][1041.681s][36520] GC(24678)       StringDedup Table Weak         Min:  0.0, Avg:  0.0, Max:  0.0, Diff:  0.0, Sum:  0.0, Workers: 10
[2025-05-12T23:25:31.702+0300][1041.681s][36520] GC(24678)         Dead                           Min: 0, Avg:  0.0, Max: 0, Diff: 0, Sum: 0, Workers: 10
[2025-05-12T23:25:31.702+0300][1041.681s][36520] GC(24678)         Total                          Min: 0, Avg:  0.0, Max: 0, Diff: 0, Sum: 0, Workers: 10
[2025-05-12T23:25:31.702+0300][1041.681s][36520] GC(24678)       StringDedup Requests0 Weak     Min:  0.0, Avg:  0.0, Max:  0.0, Diff:  0.0, Sum:  0.0, Workers: 10
[2025-05-12T23:25:31.702+0300][1041.681s][36520] GC(24678)         Dead                           Min: 0, Avg:  0.0, Max: 0, Diff: 0, Sum: 0, Workers: 10
[2025-05-12T23:25:31.702+0300][1041.681s][36520] GC(24678)         Total                          Min: 0, Avg:  0.0, Max: 0, Diff: 0, Sum: 0, Workers: 10
[2025-05-12T23:25:31.702+0300][1041.681s][36520] GC(24678)       StringDedup Requests1 Weak     Min:  0.0, Avg:  0.0, Max:  0.0, Diff:  0.0, Sum:  0.0, Workers: 10
[2025-05-12T23:25:31.702+0300][1041.681s][36520] GC(24678)         Dead                           Min: 0, Avg:  0.0, Max: 0, Diff: 0, Sum: 0, Workers: 10
[2025-05-12T23:25:31.702+0300][1041.681s][36520] GC(24678)         Total                          Min: 0, Avg:  0.0, Max: 0, Diff: 0, Sum: 0, Workers: 10
[2025-05-12T23:25:31.702+0300][1041.681s][36520] GC(24678)       Weak JFR Old Object Samples    Min:  0.0, Avg:  0.0, Max:  0.0, Diff:  0.0, Sum:  0.0, Workers: 10
[2025-05-12T23:25:31.702+0300][1041.681s][36520] GC(24678)         Dead                           Min: 0, Avg:  0.0, Max: 0, Diff: 0, Sum: 0, Workers: 10
[2025-05-12T23:25:31.702+0300][1041.681s][36520] GC(24678)         Total                          Min: 0, Avg:  0.0, Max: 0, Diff: 0, Sum: 0, Workers: 10
[2025-05-12T23:25:31.702+0300][1041.681s][36520] GC(24678)     Post Evacuate Cleanup 1: 0.1ms
[2025-05-12T23:25:31.702+0300][1041.681s][36520] GC(24678)       Merge Per-Thread State (ms):   Min:  0.0, Avg:  0.0, Max:  0.0, Diff:  0.0, Sum:  0.0, Workers: 1
[2025-05-12T23:25:31.702+0300][1041.681s][36520] GC(24678)         Copied Bytes                   Min: 0, Avg:  0.0, Max: 0, Diff: 0, Sum: 0, Workers: 2
[2025-05-12T23:25:31.702+0300][1041.681s][36520] GC(24678)         LAB Waste                      Min: 0, Avg:  0.0, Max: 0, Diff: 0, Sum: 0, Workers: 2
[2025-05-12T23:25:31.702+0300][1041.681s][36520] GC(24678)         LAB Undo Waste                 Min: 0, Avg:  0.0, Max: 0, Diff: 0, Sum: 0, Workers: 2
[2025-05-12T23:25:31.702+0300][1041.681s][36520] GC(24678)       Clear Logged Cards (ms):       Min:  0.0, Avg:  0.0, Max:  0.0, Diff:  0.0, Sum:  0.0, Workers: 2
[2025-05-12T23:25:31.702+0300][1041.681s][36520] GC(24678)       Recalculate Used Memory (ms):  Min:  0.0, Avg:  0.0, Max:  0.0, Diff:  0.0, Sum:  0.0, Workers: 1
[2025-05-12T23:25:31.702+0300][1041.681s][36520] GC(24678)       Restore Retained Regions (ms): Min:  0.0, Avg:  0.1, Max:  0.1, Diff:  0.0, Sum:  0.1, Workers: 2
[2025-05-12T23:25:31.702+0300][1041.681s][36520] GC(24678)         Evacuation Failure Regions:    Min: 1, Avg:  1.0, Max: 1, Diff: 0, Sum: 1, Workers: 1
[2025-05-12T23:25:31.702+0300][1041.681s][36520] GC(24678)         Remove Self Forwards (ms):     Min:  0.0, Avg:  0.0, Max:  0.1, Diff:  0.0, Sum:  0.1, Workers: 2
[2025-05-12T23:25:31.702+0300][1041.681s][36520] GC(24678)           Forward Chunks:                Min: 13, Avg: 28.0, Max: 43, Diff: 30, Sum: 56, Workers: 2
[2025-05-12T23:25:31.702+0300][1041.681s][36520] GC(24678)           Empty Forward Chunks:          Min: 2, Avg:  4.0, Max: 6, Diff: 4, Sum: 8, Workers: 2
[2025-05-12T23:25:31.702+0300][1041.681s][36520] GC(24678)           Forward Objects:               Min: 1229, Avg: 1712.5, Max: 2196, Diff: 967, Sum: 3425, Workers: 2
[2025-05-12T23:25:31.702+0300][1041.681s][36520] GC(24678)           Forward Bytes:                 Min: 53576, Avg: 93388.0, Max: 133200, Diff: 79624, Sum: 186776, Workers: 2
[2025-05-12T23:25:31.702+0300][1041.681s][36520] GC(24678)     Post Evacuate Cleanup 2: 0.1ms
[2025-05-12T23:25:31.702+0300][1041.681s][36520] GC(24678)       Recalculate Used Memory (ms):  Min:  0.0, Avg:  0.0, Max:  0.0, Diff:  0.0, Sum:  0.0, Workers: 1
[2025-05-12T23:25:31.702+0300][1041.681s][36520] GC(24678)       Restore Preserved Marks (ms):  Min:  0.0, Avg:  0.0, Max:  0.0, Diff:  0.0, Sum:  0.0, Workers: 2
[2025-05-12T23:25:31.702+0300][1041.681s][36520] GC(24678)       Clear Retained Region Bitmaps (ms): Min:  0.0, Avg:  0.0, Max:  0.0, Diff:  0.0, Sum:  0.0, Workers: 2
[2025-05-12T23:25:31.702+0300][1041.681s][36520] GC(24678)       Update Derived Pointers (ms):  Min:  0.0, Avg:  0.0, Max:  0.0, Diff:  0.0, Sum:  0.0, Workers: 1
[2025-05-12T23:25:31.702+0300][1041.681s][36520] GC(24678)       Eagerly Reclaim Humongous Objects (ms): skipped
[2025-05-12T23:25:31.702+0300][1041.681s][36520] GC(24678)         Humongous Total                skipped
[2025-05-12T23:25:31.702+0300][1041.681s][36520] GC(24678)         Humongous Candidates           skipped
[2025-05-12T23:25:31.702+0300][1041.681s][36520] GC(24678)         Humongous Reclaimed            skipped
[2025-05-12T23:25:31.702+0300][1041.681s][36520] GC(24678)       Redirty Logged Cards (ms):     Min:  0.0, Avg:  0.0, Max:  0.0, Diff:  0.0, Sum:  0.0, Workers: 2
[2025-05-12T23:25:31.702+0300][1041.681s][36520] GC(24678)         Redirtied Cards:               Min: 0, Avg:  0.0, Max: 0, Diff: 0, Sum: 0, Workers: 2
[2025-05-12T23:25:31.702+0300][1041.681s][36520] GC(24678)       Resize TLABs (ms):             Min:  0.0, Avg:  0.0, Max:  0.0, Diff:  0.0, Sum:  0.0, Workers: 2
[2025-05-12T23:25:31.702+0300][1041.681s][36520] GC(24678)       Free Collection Set (ms):      Min:  0.0, Avg:  0.0, Max:  0.0, Diff:  0.0, Sum:  0.0, Workers: 2
[2025-05-12T23:25:31.702+0300][1041.681s][36520] GC(24678)     Rebuild Free List: 0.1ms
[2025-05-12T23:25:31.702+0300][1041.681s][36520] GC(24678)     Prepare For Mutator: 0.1ms
[2025-05-12T23:25:31.702+0300][1041.681s][36520] GC(24678)     Expand Heap After Collection: 0.0ms
[2025-05-12T23:25:31.702+0300][1041.681s][36520] GC(24678)   Other: 0.2ms
[2025-05-12T23:25:31.702+0300][1041.681s][36520] GC(24678) Coarsening (recent): Inline->AoC 0 (0) AoC->Howl 0 (0) Howl->Full 0 (0) Inline->AoC 0 (0) AoC->BitMap 0 (0) BitMap->Full 0 (0) 
[2025-05-12T23:25:31.702+0300][1041.681s][36520] GC(24678) Coarsening (all): Inline->AoC 10920 (0) AoC->Howl 7731 (0) Howl->Full 0 (0) Inline->AoC 10809 (0) AoC->BitMap 7399 (0) BitMap->Full 0 (0) 
[2025-05-12T23:25:31.702+0300][1041.681s][36520] GC(24678) Eden regions: 1->0(0)
[2025-05-12T23:25:31.702+0300][1041.681s][36520] GC(24678) Survivor regions: 0->0(0)
[2025-05-12T23:25:31.702+0300][1041.681s][36520] GC(24678) Old regions: 11->12
[2025-05-12T23:25:31.702+0300][1041.681s][36520] GC(24678) Humongous regions: 0->0
[2025-05-12T23:25:31.702+0300][1041.681s][36520] GC(24678) Metaspace: 10759K(12736K)->10759K(12736K) NonClass: 9683K(11328K)->9683K(11328K) Class: 1076K(1408K)->1076K(1408K)
[2025-05-12T23:25:31.702+0300][1041.681s][36520] GC(24678) Heap after GC invocations=21148 (full 7080):
[2025-05-12T23:25:31.702+0300][1041.681s][36520] GC(24678)  garbage-first heap   total 12288K, used 12274K [0x00000000ff400000, 0x0000000100000000)
[2025-05-12T23:25:31.702+0300][1041.681s][36520] GC(24678)   region size 1024K, 0 young (0K), 0 survivors (0K)
[2025-05-12T23:25:31.702+0300][1041.681s][36520] GC(24678)  Metaspace       used 10759K, committed 12736K, reserved 1114112K
[2025-05-12T23:25:31.702+0300][1041.681s][36520] GC(24678)   class space    used 1076K, committed 1408K, reserved 1048576K
[2025-05-12T23:25:31.702+0300][1041.681s][36520] GC(24678) Pause Young (Normal) (G1 Evacuation Pause) (Evacuation Failure) 11M->11M(12M) 2.665ms
[2025-05-12T23:25:31.702+0300][1041.681s][36520] GC(24678) User=0.00s Sys=0.00s Real=0.00s
[2025-05-12T23:25:31.702+0300][1041.681s][36520] Attempt heap expansion (allocation request failed). Allocation request: 2048B
[2025-05-12T23:25:31.702+0300][1041.681s][36520] Expand the heap. requested expansion amount: 1048576B expansion amount: 1048576B
[2025-05-12T23:25:31.702+0300][1041.681s][36520] Did not expand the heap (heap already fully expanded)
[2025-05-12T23:25:31.702+0300][1041.681s][36520] Attempting full compaction
[2025-05-12T23:25:31.702+0300][1041.682s][36520] GC(24679) Pause Full (G1 Compaction Pause)
[2025-05-12T23:25:31.702+0300][1041.682s][36520] GC(24679) Heap before GC invocations=21148 (full 7080):
[2025-05-12T23:25:31.702+0300][1041.682s][36520] GC(24679)  garbage-first heap   total 12288K, used 12274K [0x00000000ff400000, 0x0000000100000000)
[2025-05-12T23:25:31.702+0300][1041.682s][36520] GC(24679)   region size 1024K, 0 young (0K), 0 survivors (0K)
[2025-05-12T23:25:31.702+0300][1041.682s][36520] GC(24679)  Metaspace       used 10759K, committed 12736K, reserved 1114112K
[2025-05-12T23:25:31.702+0300][1041.682s][36520] GC(24679)   class space    used 1076K, committed 1408K, reserved 1048576K
[2025-05-12T23:25:31.702+0300][1041.682s][36520] GC(24679) Requesting 1 active workers for full compaction (waste limited workers: 1, adaptive workers: 2, used limited workers: 12)
[2025-05-12T23:25:31.702+0300][1041.682s][36520] GC(24679) Using 1 workers of 10 for full compaction
[2025-05-12T23:25:31.702+0300][1041.682s][36520] GC(24679) Mutator Allocation stats, regions: 0, wasted size: 0B ( 0.0%)
[2025-05-12T23:25:31.702+0300][1041.682s][36520] GC(24679) Phase 1: Mark live objects
[2025-05-12T23:25:31.710+0300][1041.689s][36520] GC(24679) Phase 1: Reference Processing
[2025-05-12T23:25:31.710+0300][1041.689s][36520] GC(24679) ReferenceProcessor::execute queues: 1, RefProcThreadModel::Single, marks_oops_alive: false
[2025-05-12T23:25:31.710+0300][1041.689s][36520] GC(24679) Skipped KeepAliveFinalRefsPhase of Reference Processing: no references
[2025-05-12T23:25:31.710+0300][1041.689s][36520] GC(24679) ReferenceProcessor::execute queues: 1, RefProcThreadModel::Single, marks_oops_alive: false
[2025-05-12T23:25:31.710+0300][1041.689s][36520] GC(24679) Reference Processing: 0.0ms
[2025-05-12T23:25:31.710+0300][1041.689s][36520] GC(24679)   Notify Soft/WeakReferences: 0.0ms
[2025-05-12T23:25:31.710+0300][1041.689s][36520] GC(24679)     SoftRef: 0.0ms
[2025-05-12T23:25:31.710+0300][1041.689s][36520] GC(24679)     WeakRef: 0.0ms
[2025-05-12T23:25:31.710+0300][1041.689s][36520] GC(24679)     FinalRef: 0.0ms
[2025-05-12T23:25:31.710+0300][1041.689s][36520] GC(24679)     Total: 0.0ms
[2025-05-12T23:25:31.710+0300][1041.689s][36520] GC(24679)   Notify and keep alive finalizable: 0.0ms
[2025-05-12T23:25:31.710+0300][1041.689s][36520] GC(24679)     FinalRef: skipped
[2025-05-12T23:25:31.710+0300][1041.689s][36520] GC(24679)   Notify PhantomReferences: 0.0ms
[2025-05-12T23:25:31.710+0300][1041.689s][36520] GC(24679)     PhantomRef: 0.0ms
[2025-05-12T23:25:31.710+0300][1041.689s][36520] GC(24679)   SoftReference Discovered: 46, Dropped: 4, Processed: 42
[2025-05-12T23:25:31.710+0300][1041.689s][36520] GC(24679)   WeakReference Discovered: 32, Dropped: 13, Processed: 19
[2025-05-12T23:25:31.710+0300][1041.689s][36520] GC(24679)   FinalReference Discovered: 0, Dropped: 0, Processed: 0
[2025-05-12T23:25:31.710+0300][1041.689s][36520] GC(24679)   PhantomReference Discovered: 23, Dropped: 23, Processed: 0
[2025-05-12T23:25:31.710+0300][1041.689s][36520] GC(24679) Phase 1: Reference Processing 0.218ms
[2025-05-12T23:25:31.710+0300][1041.689s][36520] GC(24679) Phase 1: Weak Processing
[2025-05-12T23:25:31.710+0300][1041.690s][36520] GC(24679)   VM Weak                        Min:  0.0, Avg:  0.0, Max:  0.0, Diff:  0.0, Sum:  0.0, Workers: 10
[2025-05-12T23:25:31.710+0300][1041.690s][36520] GC(24679)     Dead                           Min: 0, Avg:  2.0, Max: 20, Diff: 20, Sum: 20, Workers: 10
[2025-05-12T23:25:31.710+0300][1041.690s][36520] GC(24679)     Total                          Min: 0, Avg:  6.7, Max: 41, Diff: 41, Sum: 67, Workers: 10
[2025-05-12T23:25:31.710+0300][1041.690s][36520] GC(24679)   ObjectSynchronizer Weak        Min:  0.0, Avg:  0.0, Max:  0.0, Diff:  0.0, Sum:  0.0, Workers: 10
[2025-05-12T23:25:31.710+0300][1041.690s][36520] GC(24679)     Dead                           Min: 0, Avg:  0.0, Max: 0, Diff: 0, Sum: 0, Workers: 10
[2025-05-12T23:25:31.710+0300][1041.690s][36520] GC(24679)     Total                          Min: 0, Avg:  0.1, Max: 1, Diff: 1, Sum: 1, Workers: 10
[2025-05-12T23:25:31.710+0300][1041.690s][36520] GC(24679)   JVMTI Tag Weak OopStorage      Min:  0.0, Avg:  0.1, Max:  0.1, Diff:  0.0, Sum:  0.6, Workers: 10
[2025-05-12T23:25:31.710+0300][1041.690s][36520] GC(24679)     Dead                           Min: 0, Avg:  2.0, Max: 20, Diff: 20, Sum: 20, Workers: 10
[2025-05-12T23:25:31.710+0300][1041.690s][36520] GC(24679)     Total                          Min: 3111, Avg: 6289.9, Max: 8151, Diff: 5040, Sum: 62899, Workers: 10
[2025-05-12T23:25:31.710+0300][1041.690s][36520] GC(24679)   StringTable Weak               Min:  0.0, Avg:  0.0, Max:  0.0, Diff:  0.0, Sum:  0.3, Workers: 10
[2025-05-12T23:25:31.710+0300][1041.690s][36520] GC(24679)     Dead                           Min: 2, Avg:  9.0, Max: 29, Diff: 27, Sum: 90, Workers: 10
[2025-05-12T23:25:31.710+0300][1041.690s][36520] GC(24679)     Total                          Min: 3583, Avg: 3952.9, Max: 4160, Diff: 577, Sum: 39529, Workers: 10
[2025-05-12T23:25:31.710+0300][1041.690s][36520] GC(24679)   ResolvedMethodTable Weak       Min:  0.0, Avg:  0.0, Max:  0.0, Diff:  0.0, Sum:  0.0, Workers: 10
[2025-05-12T23:25:31.710+0300][1041.690s][36520] GC(24679)     Dead                           Min: 0, Avg:  3.7, Max: 11, Diff: 11, Sum: 37, Workers: 10
[2025-05-12T23:25:31.710+0300][1041.690s][36520] GC(24679)     Total                          Min: 0, Avg: 73.4, Max: 128, Diff: 128, Sum: 734, Workers: 10
[2025-05-12T23:25:31.710+0300][1041.690s][36520] GC(24679)   JNI Weak                       Min:  0.0, Avg:  0.0, Max:  0.0, Diff:  0.0, Sum:  0.0, Workers: 10
[2025-05-12T23:25:31.710+0300][1041.690s][36520] GC(24679)     Dead                           Min: 0, Avg:  0.0, Max: 0, Diff: 0, Sum: 0, Workers: 10
[2025-05-12T23:25:31.710+0300][1041.690s][36520] GC(24679)     Total                          Min: 0, Avg:  1.1, Max: 11, Diff: 11, Sum: 11, Workers: 10
[2025-05-12T23:25:31.710+0300][1041.690s][36520] GC(24679)   StringDedup Table Weak         Min:  0.0, Avg:  0.0, Max:  0.0, Diff:  0.0, Sum:  0.0, Workers: 10
[2025-05-12T23:25:31.710+0300][1041.690s][36520] GC(24679)     Dead                           Min: 0, Avg:  0.0, Max: 0, Diff: 0, Sum: 0, Workers: 10
[2025-05-12T23:25:31.710+0300][1041.690s][36520] GC(24679)     Total                          Min: 0, Avg:  0.0, Max: 0, Diff: 0, Sum: 0, Workers: 10
[2025-05-12T23:25:31.710+0300][1041.690s][36520] GC(24679)   StringDedup Requests0 Weak     Min:  0.0, Avg:  0.0, Max:  0.0, Diff:  0.0, Sum:  0.0, Workers: 10
[2025-05-12T23:25:31.710+0300][1041.690s][36520] GC(24679)     Dead                           Min: 0, Avg:  0.0, Max: 0, Diff: 0, Sum: 0, Workers: 10
[2025-05-12T23:25:31.710+0300][1041.690s][36520] GC(24679)     Total                          Min: 0, Avg:  0.0, Max: 0, Diff: 0, Sum: 0, Workers: 10
[2025-05-12T23:25:31.710+0300][1041.690s][36520] GC(24679)   StringDedup Requests1 Weak     Min:  0.0, Avg:  0.0, Max:  0.0, Diff:  0.0, Sum:  0.0, Workers: 10
[2025-05-12T23:25:31.710+0300][1041.690s][36520] GC(24679)     Dead                           Min: 0, Avg:  0.0, Max: 0, Diff: 0, Sum: 0, Workers: 10
[2025-05-12T23:25:31.710+0300][1041.690s][36520] GC(24679)     Total                          Min: 0, Avg:  0.0, Max: 0, Diff: 0, Sum: 0, Workers: 10
[2025-05-12T23:25:31.710+0300][1041.690s][36520] GC(24679)   Weak JFR Old Object Samples    Min:  0.0, Avg:  0.0, Max:  0.0, Diff:  0.0, Sum:  0.0, Workers: 10
[2025-05-12T23:25:31.711+0300][1041.690s][36520] GC(24679)     Dead                           Min: 0, Avg:  0.0, Max: 0, Diff: 0, Sum: 0, Workers: 10
[2025-05-12T23:25:31.711+0300][1041.690s][36520] GC(24679)     Total                          Min: 0, Avg:  0.0, Max: 0, Diff: 0, Sum: 0, Workers: 10
[2025-05-12T23:25:31.711+0300][1041.690s][36520] GC(24679) Phase 1: Weak Processing 0.457ms
[2025-05-12T23:25:31.711+0300][1041.690s][36520] GC(24679) Phase 1: Class Unloading and Cleanup
[2025-05-12T23:25:31.711+0300][1041.690s][36520] GC(24679) ClassLoaderData
[2025-05-12T23:25:31.711+0300][1041.690s][36520] GC(24679) ClassLoaderData 0.072ms
[2025-05-12T23:25:31.711+0300][1041.690s][36520] GC(24679) Trigger cleanups
[2025-05-12T23:25:31.711+0300][1041.690s][36520] GC(24679) Trigger cleanups 0.009ms
[2025-05-12T23:25:31.715+0300][1041.694s][36520] GC(24679) Phase 1: Class Unloading and Cleanup 4.218ms
[2025-05-12T23:25:31.715+0300][1041.694s][36520] GC(24679) Report Object Count
[2025-05-12T23:25:31.715+0300][1041.694s][36520] GC(24679) Report Object Count 0.013ms
[2025-05-12T23:25:31.715+0300][1041.694s][36520] GC(24679) Phase 1: Mark live objects 12.537ms
[2025-05-12T23:25:31.715+0300][1041.694s][36520] GC(24679) Phase 2: Prepare compaction
[2025-05-12T23:25:31.715+0300][1041.694s][36520] GC(24679) Phase 2: Determine work lists
[2025-05-12T23:25:31.715+0300][1041.694s][36520] GC(24679) Phase 2: Determine work lists 0.010ms
[2025-05-12T23:25:31.715+0300][1041.694s][36520] GC(24679) Phase 2: Prepare parallel compaction
[2025-05-12T23:25:31.716+0300][1041.694s][36520] GC(24679) Phase 2: Prepare parallel compaction 0.190ms
[2025-05-12T23:25:31.716+0300][1041.694s][36520] GC(24679) Phase 2: Prepare compaction 0.230ms
[2025-05-12T23:25:31.716+0300][1041.694s][36520] GC(24679) Phase 3: Adjust pointers
[2025-05-12T23:25:31.719+0300][1041.699s][36520] GC(24679) Phase 3: Adjust pointers 4.425ms
[2025-05-12T23:25:31.719+0300][1041.699s][36520] GC(24679) Phase 4: Compact heap
[2025-05-12T23:25:31.720+0300][1041.699s][36520] GC(24679) Phase 4: Compact heap 0.173ms
[2025-05-12T23:25:31.720+0300][1041.699s][36520] GC(24679) Phase 5: Reset Metadata
[2025-05-12T23:25:31.722+0300][1041.701s][36520] GC(24679) Phase 5: Reset Metadata 1.663ms
[2025-05-12T23:25:31.722+0300][1041.701s][36520] GC(24679) Running G1 Clear Bitmap with 1 workers for 1 work units.
[2025-05-12T23:25:31.724+0300][1041.703s][36520] GC(24679) Request concurrent cycle initiation (occupancy higher than threshold) occupancy: 11534336B allocation request: 0B threshold: 3652560B (29.03) source: end of Full GC
[2025-05-12T23:25:31.724+0300][1041.703s][36520] Old generation allocation in the last mutator period, old gen allocated: 0B, humongous allocated: 0B, old gen growth: 0B.
[2025-05-12T23:25:31.724+0300][1041.703s][36520] GC(24679) Coarsening (recent): Inline->AoC 0 (0) AoC->Howl 0 (0) Howl->Full 0 (0) Inline->AoC 0 (0) AoC->BitMap 0 (0) BitMap->Full 0 (0) 
[2025-05-12T23:25:31.724+0300][1041.703s][36520] GC(24679) Coarsening (all): Inline->AoC 10920 (0) AoC->Howl 7731 (0) Howl->Full 0 (0) Inline->AoC 10809 (0) AoC->BitMap 7399 (0) BitMap->Full 0 (0) 
[2025-05-12T23:25:31.725+0300][1041.703s][36520] GC(24679) Eden regions: 0->0(1)
[2025-05-12T23:25:31.725+0300][1041.703s][36520] GC(24679) Survivor regions: 0->0(0)
[2025-05-12T23:25:31.725+0300][1041.703s][36520] GC(24679) Old regions: 12->11
[2025-05-12T23:25:31.725+0300][1041.703s][36520] GC(24679) Humongous regions: 0->0
[2025-05-12T23:25:31.725+0300][1041.703s][36520] GC(24679) Metaspace: 10759K(12736K)->10718K(12736K) NonClass: 9683K(11328K)->9653K(11328K) Class: 1076K(1408K)->1064K(1408K)
[2025-05-12T23:25:31.725+0300][1041.703s][36520] GC(24679) Heap after GC invocations=21149 (full 7081):
[2025-05-12T23:25:31.725+0300][1041.704s][36520] GC(24679)  garbage-first heap   total 12288K, used 11242K [0x00000000ff400000, 0x0000000100000000)
[2025-05-12T23:25:31.725+0300][1041.704s][36520] GC(24679)   region size 1024K, 0 young (0K), 0 survivors (0K)
[2025-05-12T23:25:31.725+0300][1041.704s][36520] GC(24679)  Metaspace       used 10718K, committed 12736K, reserved 1114112K
[2025-05-12T23:25:31.725+0300][1041.704s][36520] GC(24679)   class space    used 1064K, committed 1408K, reserved 1048576K
[2025-05-12T23:25:31.725+0300][1041.704s][36520] GC(24679) Pause Full (G1 Compaction Pause) 11M->10M(12M) 22.040ms
[2025-05-12T23:25:31.725+0300][1041.704s][36520] GC(24679) User=0.00s Sys=0.00s Real=0.02s
[2025-05-12T23:25:31.725+0300][1041.704s][9340 ] G1 Service Thread (Card Set Free Memory Task) (run: 23.503ms) (cpu: 0.000ms)
[2025-05-12T23:25:31.752+0300][1041.731s][36520] GC(24680) Initiate concurrent cycle (concurrent cycle initiation requested)
[2025-05-12T23:25:31.752+0300][1041.731s][36520] GC(24680) Pause Young (Concurrent Start) (G1 Evacuation Pause)
[2025-05-12T23:25:31.752+0300][1041.731s][36520] GC(24680) Heap before GC invocations=21149 (full 7081):
[2025-05-12T23:25:31.752+0300][1041.731s][36520] GC(24680)  garbage-first heap   total 12288K, used 11242K [0x00000000ff400000, 0x0000000100000000)
[2025-05-12T23:25:31.752+0300][1041.731s][36520] GC(24680)   region size 1024K, 1 young (1024K), 0 survivors (0K)
[2025-05-12T23:25:31.752+0300][1041.731s][36520] GC(24680)  Metaspace       used 10759K, committed 12736K, reserved 1114112K
[2025-05-12T23:25:31.752+0300][1041.731s][36520] GC(24680)   class space    used 1076K, committed 1408K, reserved 1048576K
[2025-05-12T23:25:31.752+0300][1041.731s][36520] GC(24680) Using 2 workers of 10 for evacuation
[2025-05-12T23:25:31.752+0300][1041.731s][36520] GC(24680) Desired survivor size 524288 bytes, new threshold 15 (max threshold 15)
[2025-05-12T23:25:31.752+0300][1041.732s][36520] GC(24680) TLAB totals: thrds: 1  refills: 316 max: 316 slow allocs: 157 max 157 waste: 22.1% gc: 688B max: 688B slow: 188472B max: 188472B
[2025-05-12T23:25:31.752+0300][1041.732s][36520] GC(24680) Mutator refinement: 0.00ms, refined: 0, precleaned: 0, dirtied: 112
[2025-05-12T23:25:31.752+0300][1041.732s][36520] GC(24680) Concurrent refinement: 0.00ms, refined: 0, precleaned: 0, dirtied: 0
[2025-05-12T23:25:31.752+0300][1041.732s][36520] GC(24680) Total refinement: 0.00ms, refined: 0, precleaned: 0, dirtied: 112
[2025-05-12T23:25:31.752+0300][1041.732s][36520] GC(24680) Generate dirty cards rate: 3.98 cards/ms
[2025-05-12T23:25:31.752+0300][1041.732s][36520] GC(24680) Mutator Allocation stats, regions: 1, wasted size: 0B ( 0.0%)
[2025-05-12T23:25:31.752+0300][1041.732s][36520] GC(24680) No candidates to reclaim.
[2025-05-12T23:25:31.752+0300][1041.732s][36520] GC(24680) Running G1 Merge Heap Roots using 2 workers for 1 regions
[2025-05-12T23:25:31.752+0300][1041.732s][36520] GC(24680) Visited cards 1120 Total dirty 12288 (9.11%) Total old 26624 (4.21%)
[2025-05-12T23:25:31.752+0300][1041.732s][28072] GC(24680) Attempt heap expansion (region allocation request failed). Allocation request: 2064B
[2025-05-12T23:25:31.752+0300][1041.732s][28072] GC(24680) Did not expand the heap (heap already fully expanded)
[2025-05-12T23:25:31.753+0300][1041.732s][36520] GC(24680) ReferenceProcessor::execute queues: 1, RefProcThreadModel::Single, marks_oops_alive: false
[2025-05-12T23:25:31.753+0300][1041.732s][36520] GC(24680) Skipped KeepAliveFinalRefsPhase of Reference Processing: no references
[2025-05-12T23:25:31.753+0300][1041.732s][36520] GC(24680) Skipped PhantomRefsPhase of Reference Processing: no references
[2025-05-12T23:25:31.753+0300][1041.732s][36520] GC(24680) Initializing removing self forwards with 64 chunks per region
[2025-05-12T23:25:31.753+0300][1041.733s][36520] GC(24680) Running G1 Rebuild Free List Task using 2 workers for rebuilding free list of regions
[2025-05-12T23:25:31.753+0300][1041.733s][36520] GC(24680) Young PLAB allocation: allocated: 0B, wasted: 0B, unused: 0B, used: 0B, undo waste: 0B, 
[2025-05-12T23:25:31.753+0300][1041.733s][36520] GC(24680) Young other allocation: region end waste: 0B, regions filled: 0, num plab filled: 2, direct allocated: 0B, num direct allocated: 0, failure used: 0B, failure wasted: 0B
[2025-05-12T23:25:31.753+0300][1041.733s][36520] GC(24680) Young sizing: calculated: 0B, actual: 2064B
[2025-05-12T23:25:31.753+0300][1041.733s][36520] GC(24680) Old PLAB allocation: allocated: 0B, wasted: 0B, unused: 0B, used: 0B, undo waste: 0B, 
[2025-05-12T23:25:31.753+0300][1041.733s][36520] GC(24680) Old other allocation: region end waste: 0B, regions filled: 0, num plab filled: 2, direct allocated: 0B, num direct allocated: 0, failure used: 158024B, failure wasted: 890552B
[2025-05-12T23:25:31.753+0300][1041.733s][36520] GC(24680) Old sizing: calculated: 0B, actual: 2064B
[2025-05-12T23:25:31.753+0300][1041.733s][36520] GC(24680) Heap expansion: short term pause time ratio 42.26% long term pause time ratio 41.62% threshold 7.69% pause time ratio 7.69% fully expanded true resize by 0B
[2025-05-12T23:25:31.753+0300][1041.733s][36520] GC(24680) MMU: 6.6ms (200.0ms/201.0ms)
[2025-05-12T23:25:31.753+0300][1041.733s][36520] Old generation allocation in the last mutator period, old gen allocated: 1048576B, humongous allocated: 0B, old gen growth: 1048576B.
[2025-05-12T23:25:31.753+0300][1041.733s][36520] GC(24680) Basic information (value update), threshold: 3704476B (29.44), target occupancy: 12582912B, current occupancy: 12551200B, recent allocation size: 1048576B, recent allocation duration: 28.12ms, recent old gen allocation rate: 37285883.95B/s, recent marking phase length: 120.12ms
[2025-05-12T23:25:31.753+0300][1041.733s][9340 ] G1 Service Thread (Card Set Free Memory Task) (run 0.045ms after schedule)
[2025-05-12T23:25:31.753+0300][1041.733s][36520] GC(24680) Adaptive IHOP information (value update), threshold: 3704476B (34.64), internal target occupancy: 10695475B, occupancy: 12551200B, additional buffer size: 1048576B, predicted old gen allocation rate: 49239989.70B/s, predicted marking phase length: 120.68ms, prediction active: true
[2025-05-12T23:25:31.753+0300][1041.733s][36520] GC(24680) GC refinement: goal: 18446744073709551615 + 107 / 20.00ms, actual: 112 / 0.04ms, 
[2025-05-12T23:25:31.753+0300][1041.733s][36520] GC(24680) Unchanged pending cards target: 18446744073709551615
[2025-05-12T23:25:31.753+0300][1041.733s][36520] GC(24680)   Pre Evacuate Collection Set: 0.2ms
[2025-05-12T23:25:31.753+0300][1041.733s][36520] GC(24680)     Pre Evacuate Prepare: 0.1ms
[2025-05-12T23:25:31.753+0300][1041.733s][36520] GC(24680)       JT Retire TLABs And Flush Logs (ms): Min:  0.0, Avg:  0.0, Max:  0.0, Diff:  0.0, Sum:  0.0, Workers: 2
[2025-05-12T23:25:31.753+0300][1041.733s][36520] GC(24680)       Non-JT Flush Logs (ms):        Min:  0.0, Avg:  0.0, Max:  0.0, Diff:  0.0, Sum:  0.0, Workers: 1
[2025-05-12T23:25:31.754+0300][1041.733s][36520] GC(24680)     Choose Collection Set: 0.0ms
[2025-05-12T23:25:31.754+0300][1041.733s][36520] GC(24680)     Region Register: 0.1ms
[2025-05-12T23:25:31.754+0300][1041.733s][36520] GC(24680)     Prepare Heap Roots: 0.0ms
[2025-05-12T23:25:31.754+0300][1041.733s][36520] GC(24680)     Reset Marking State (ms):      Min:  0.0, Avg:  0.0, Max:  0.0, Diff:  0.0, Sum:  0.0, Workers: 1
[2025-05-12T23:25:31.754+0300][1041.733s][36520] GC(24680)     Note Start Of Mark (ms):       Min:  0.0, Avg:  0.0, Max:  0.0, Diff:  0.0, Sum:  0.0, Workers: 2
[2025-05-12T23:25:31.754+0300][1041.733s][36520] GC(24680)   Merge Heap Roots: 0.1ms
[2025-05-12T23:25:31.754+0300][1041.733s][36520] GC(24680)     Prepare Merge Heap Roots: 0.0ms
[2025-05-12T23:25:31.754+0300][1041.733s][36520] GC(24680)     Remembered Sets (ms):          Min:  0.0, Avg:  0.0, Max:  0.0, Diff:  0.0, Sum:  0.0, Workers: 2
[2025-05-12T23:25:31.754+0300][1041.733s][36520] GC(24680)       Eager Reclaim (ms):            skipped
[2025-05-12T23:25:31.754+0300][1041.733s][36520] GC(24680)       Merged Inline                  Min: 0, Avg:  0.0, Max: 0, Diff: 0, Sum: 0, Workers: 2
[2025-05-12T23:25:31.754+0300][1041.733s][36520] GC(24680)       Merged ArrayOfCards            Min: 0, Avg:  0.0, Max: 0, Diff: 0, Sum: 0, Workers: 2
[2025-05-12T23:25:31.754+0300][1041.733s][36520] GC(24680)       Merged Howl                    Min: 0, Avg:  0.0, Max: 0, Diff: 0, Sum: 0, Workers: 2
[2025-05-12T23:25:31.754+0300][1041.733s][36520] GC(24680)       Merged Full                    Min: 0, Avg:  0.0, Max: 0, Diff: 0, Sum: 0, Workers: 2
[2025-05-12T23:25:31.754+0300][1041.733s][36520] GC(24680)       Merged Howl Inline             Min: 0, Avg:  0.0, Max: 0, Diff: 0, Sum: 0, Workers: 2
[2025-05-12T23:25:31.754+0300][1041.733s][36520] GC(24680)       Merged Howl ArrayOfCards       Min: 0, Avg:  0.0, Max: 0, Diff: 0, Sum: 0, Workers: 2
[2025-05-12T23:25:31.754+0300][1041.733s][36520] GC(24680)       Merged Howl BitMap             Min: 0, Avg:  0.0, Max: 0, Diff: 0, Sum: 0, Workers: 2
[2025-05-12T23:25:31.754+0300][1041.733s][36520] GC(24680)       Merged Howl Full               Min: 0, Avg:  0.0, Max: 0, Diff: 0, Sum: 0, Workers: 2
[2025-05-12T23:25:31.754+0300][1041.733s][36520] GC(24680)       Merged Cards                   Min: 8, Avg:  8.0, Max: 8, Diff: 0, Sum: 16, Workers: 2
[2025-05-12T23:25:31.754+0300][1041.733s][36520] GC(24680)     Log Buffers (ms):              Min:  0.0, Avg:  0.0, Max:  0.0, Diff:  0.0, Sum:  0.0, Workers: 2
[2025-05-12T23:25:31.754+0300][1041.733s][36520] GC(24680)       Dirty Cards:                   Min: 24, Avg: 56.0, Max: 88, Diff: 64, Sum: 112, Workers: 2
[2025-05-12T23:25:31.754+0300][1041.733s][36520] GC(24680)       Skipped Cards:                 Min: 0, Avg:  0.0, Max: 0, Diff: 0, Sum: 0, Workers: 2
[2025-05-12T23:25:31.754+0300][1041.733s][36520] GC(24680)   Evacuate Collection Set: 0.4ms
[2025-05-12T23:25:31.754+0300][1041.733s][36520] GC(24680)     Ext Root Scanning (ms):        Min:  0.1, Avg:  0.1, Max:  0.2, Diff:  0.1, Sum:  0.3, Workers: 2
[2025-05-12T23:25:31.754+0300][1041.733s][36520] GC(24680)     Scan Heap Roots (ms):          Min:  0.0, Avg:  0.0, Max:  0.1, Diff:  0.0, Sum:  0.1, Workers: 2
[2025-05-12T23:25:31.754+0300][1041.733s][36520] GC(24680)       Scanned Cards:                 Min: 31, Avg: 56.0, Max: 81, Diff: 50, Sum: 112, Workers: 2
[2025-05-12T23:25:31.754+0300][1041.733s][36520] GC(24680)       Scanned Blocks:                Min: 25, Avg: 36.5, Max: 48, Diff: 23, Sum: 73, Workers: 2
[2025-05-12T23:25:31.754+0300][1041.733s][36520] GC(24680)       Claimed Chunks:                Min: 15, Avg: 17.5, Max: 20, Diff: 5, Sum: 35, Workers: 2
[2025-05-12T23:25:31.754+0300][1041.733s][36520] GC(24680)       Found Roots:                   Min: 32, Avg: 72.0, Max: 112, Diff: 80, Sum: 144, Workers: 2
[2025-05-12T23:25:31.754+0300][1041.733s][36520] GC(24680)     Code Root Scan (ms):           Min:  0.0, Avg:  0.0, Max:  0.0, Diff:  0.0, Sum:  0.0, Workers: 2
[2025-05-12T23:25:31.754+0300][1041.733s][36520] GC(24680)     Object Copy (ms):              Min:  0.1, Avg:  0.1, Max:  0.2, Diff:  0.0, Sum:  0.3, Workers: 2
[2025-05-12T23:25:31.754+0300][1041.733s][36520] GC(24680)     Termination (ms):              Min:  0.0, Avg:  0.0, Max:  0.0, Diff:  0.0, Sum:  0.0, Workers: 2
[2025-05-12T23:25:31.754+0300][1041.733s][36520] GC(24680)       Termination Attempts:          Min: 1, Avg:  1.0, Max: 1, Diff: 0, Sum: 2, Workers: 2
[2025-05-12T23:25:31.754+0300][1041.733s][36520] GC(24680)     GC Worker Other (ms):          Min:  0.0, Avg:  0.0, Max:  0.0, Diff:  0.0, Sum:  0.0, Workers: 2
[2025-05-12T23:25:31.754+0300][1041.733s][36520] GC(24680)     GC Worker Total (ms):          Min:  0.3, Avg:  0.3, Max:  0.3, Diff:  0.0, Sum:  0.7, Workers: 2
[2025-05-12T23:25:31.754+0300][1041.733s][36520] GC(24680)   Post Evacuate Collection Set: 0.6ms
[2025-05-12T23:25:31.754+0300][1041.733s][36520] GC(24680)     NMethod List Cleanup: 0.0ms
[2025-05-12T23:25:31.754+0300][1041.733s][36520] GC(24680)     Reference Processing: 0.0ms
[2025-05-12T23:25:31.754+0300][1041.733s][36520] GC(24680)       Notify Soft/WeakReferences: 0.0ms
[2025-05-12T23:25:31.754+0300][1041.733s][36520] GC(24680)         SoftRef (ms):                  Min:  0.0, Avg:  0.0, Max:  0.0, Diff:  0.0, Sum:  0.0, Workers: 1
[2025-05-12T23:25:31.754+0300][1041.733s][36520] GC(24680)         WeakRef (ms):                  Min:  0.0, Avg:  0.0, Max:  0.0, Diff:  0.0, Sum:  0.0, Workers: 1
[2025-05-12T23:25:31.754+0300][1041.733s][36520] GC(24680)         FinalRef (ms):                 Min:  0.0, Avg:  0.0, Max:  0.0, Diff:  0.0, Sum:  0.0, Workers: 1
[2025-05-12T23:25:31.754+0300][1041.733s][36520] GC(24680)         Total (ms):                    Min:  0.0, Avg:  0.0, Max:  0.0, Diff:  0.0, Sum:  0.0, Workers: 1
[2025-05-12T23:25:31.754+0300][1041.733s][36520] GC(24680)       Notify and keep alive finalizable: 0.0ms
[2025-05-12T23:25:31.754+0300][1041.733s][36520] GC(24680)         FinalRef (ms):                 skipped
[2025-05-12T23:25:31.754+0300][1041.733s][36520] GC(24680)       Notify PhantomReferences: 0.0ms
[2025-05-12T23:25:31.754+0300][1041.733s][36520] GC(24680)         PhantomRef (ms):               skipped
[2025-05-12T23:25:31.754+0300][1041.733s][36520] GC(24680)       SoftReference Discovered: 0, Dropped: 0, Processed: 0
[2025-05-12T23:25:31.754+0300][1041.733s][36520] GC(24680)       WeakReference Discovered: 42, Dropped: 19, Processed: 23
[2025-05-12T23:25:31.754+0300][1041.733s][36520] GC(24680)       FinalReference Discovered: 0, Dropped: 0, Processed: 0
[2025-05-12T23:25:31.754+0300][1041.733s][36520] GC(24680)       PhantomReference Discovered: 0, Dropped: 0, Processed: 0
[2025-05-12T23:25:31.754+0300][1041.733s][36520] GC(24680)     Weak Processing: 0.1ms
[2025-05-12T23:25:31.754+0300][1041.733s][36520] GC(24680)       VM Weak                        Min:  0.0, Avg:  0.0, Max:  0.0, Diff:  0.0, Sum:  0.0, Workers: 10
[2025-05-12T23:25:31.754+0300][1041.733s][36520] GC(24680)         Dead                           Min: 0, Avg:  0.0, Max: 0, Diff: 0, Sum: 0, Workers: 10
[2025-05-12T23:25:31.754+0300][1041.733s][36520] GC(24680)         Total                          Min: 0, Avg:  6.7, Max: 59, Diff: 59, Sum: 67, Workers: 10
[2025-05-12T23:25:31.754+0300][1041.733s][36520] GC(24680)       ObjectSynchronizer Weak        Min:  0.0, Avg:  0.0, Max:  0.0, Diff:  0.0, Sum:  0.0, Workers: 10
[2025-05-12T23:25:31.754+0300][1041.733s][36520] GC(24680)         Dead                           Min: 0, Avg:  0.0, Max: 0, Diff: 0, Sum: 0, Workers: 10
[2025-05-12T23:25:31.754+0300][1041.734s][36520] GC(24680)         Total                          Min: 0, Avg:  0.1, Max: 1, Diff: 1, Sum: 1, Workers: 10
[2025-05-12T23:25:31.754+0300][1041.734s][36520] GC(24680)       JVMTI Tag Weak OopStorage      Min:  0.1, Avg:  0.1, Max:  0.1, Diff:  0.0, Sum:  0.6, Workers: 10
[2025-05-12T23:25:31.754+0300][1041.734s][36520] GC(24680)         Dead                           Min: 0, Avg:  0.0, Max: 0, Diff: 0, Sum: 0, Workers: 10
[2025-05-12T23:25:31.754+0300][1041.734s][36520] GC(24680)         Total                          Min: 6013, Avg: 6289.9, Max: 6604, Diff: 591, Sum: 62899, Workers: 10
[2025-05-12T23:25:31.754+0300][1041.734s][36520] GC(24680)       StringTable Weak               Min:  0.0, Avg:  0.0, Max:  0.0, Diff:  0.0, Sum:  0.2, Workers: 10
[2025-05-12T23:25:31.754+0300][1041.734s][36520] GC(24680)         Dead                           Min: 0, Avg:  1.7, Max: 9, Diff: 9, Sum: 17, Workers: 10
[2025-05-12T23:25:31.754+0300][1041.734s][36520] GC(24680)         Total                          Min: 3519, Avg: 3952.9, Max: 4286, Diff: 767, Sum: 39529, Workers: 10
[2025-05-12T23:25:31.754+0300][1041.734s][36520] GC(24680)       ResolvedMethodTable Weak       Min:  0.0, Avg:  0.0, Max:  0.0, Diff:  0.0, Sum:  0.0, Workers: 10
[2025-05-12T23:25:31.754+0300][1041.734s][36520] GC(24680)         Dead                           Min: 0, Avg:  0.0, Max: 0, Diff: 0, Sum: 0, Workers: 10
[2025-05-12T23:25:31.754+0300][1041.734s][36520] GC(24680)         Total                          Min: 0, Avg: 74.8, Max: 126, Diff: 126, Sum: 748, Workers: 10
[2025-05-12T23:25:31.754+0300][1041.734s][36520] GC(24680)       JNI Weak                       Min:  0.0, Avg:  0.0, Max:  0.0, Diff:  0.0, Sum:  0.0, Workers: 10
[2025-05-12T23:25:31.754+0300][1041.734s][36520] GC(24680)         Dead                           Min: 0, Avg:  0.0, Max: 0, Diff: 0, Sum: 0, Workers: 10
[2025-05-12T23:25:31.754+0300][1041.734s][36520] GC(24680)         Total                          Min: 0, Avg:  1.1, Max: 11, Diff: 11, Sum: 11, Workers: 10
[2025-05-12T23:25:31.754+0300][1041.734s][36520] GC(24680)       StringDedup Table Weak         Min:  0.0, Avg:  0.0, Max:  0.0, Diff:  0.0, Sum:  0.0, Workers: 10
[2025-05-12T23:25:31.754+0300][1041.734s][36520] GC(24680)         Dead                           Min: 0, Avg:  0.0, Max: 0, Diff: 0, Sum: 0, Workers: 10
[2025-05-12T23:25:31.754+0300][1041.734s][36520] GC(24680)         Total                          Min: 0, Avg:  0.0, Max: 0, Diff: 0, Sum: 0, Workers: 10
[2025-05-12T23:25:31.754+0300][1041.734s][36520] GC(24680)       StringDedup Requests0 Weak     Min:  0.0, Avg:  0.0, Max:  0.0, Diff:  0.0, Sum:  0.0, Workers: 10
[2025-05-12T23:25:31.754+0300][1041.734s][36520] GC(24680)         Dead                           Min: 0, Avg:  0.0, Max: 0, Diff: 0, Sum: 0, Workers: 10
[2025-05-12T23:25:31.754+0300][1041.734s][36520] GC(24680)         Total                          Min: 0, Avg:  0.0, Max: 0, Diff: 0, Sum: 0, Workers: 10
[2025-05-12T23:25:31.754+0300][1041.734s][36520] GC(24680)       StringDedup Requests1 Weak     Min:  0.0, Avg:  0.0, Max:  0.0, Diff:  0.0, Sum:  0.0, Workers: 10
[2025-05-12T23:25:31.754+0300][1041.734s][36520] GC(24680)         Dead                           Min: 0, Avg:  0.0, Max: 0, Diff: 0, Sum: 0, Workers: 10
[2025-05-12T23:25:31.754+0300][1041.734s][36520] GC(24680)         Total                          Min: 0, Avg:  0.0, Max: 0, Diff: 0, Sum: 0, Workers: 10
[2025-05-12T23:25:31.754+0300][1041.734s][36520] GC(24680)       Weak JFR Old Object Samples    Min:  0.0, Avg:  0.0, Max:  0.0, Diff:  0.0, Sum:  0.0, Workers: 10
[2025-05-12T23:25:31.754+0300][1041.734s][36520] GC(24680)         Dead                           Min: 0, Avg:  0.0, Max: 0, Diff: 0, Sum: 0, Workers: 10
[2025-05-12T23:25:31.754+0300][1041.734s][36520] GC(24680)         Total                          Min: 0, Avg:  0.0, Max: 0, Diff: 0, Sum: 0, Workers: 10
[2025-05-12T23:25:31.754+0300][1041.734s][36520] GC(24680)     Post Evacuate Cleanup 1: 0.1ms
[2025-05-12T23:25:31.754+0300][1041.734s][36520] GC(24680)       Merge Per-Thread State (ms):   Min:  0.0, Avg:  0.0, Max:  0.0, Diff:  0.0, Sum:  0.0, Workers: 1
[2025-05-12T23:25:31.754+0300][1041.734s][36520] GC(24680)         Copied Bytes                   Min: 0, Avg:  0.0, Max: 0, Diff: 0, Sum: 0, Workers: 2
[2025-05-12T23:25:31.754+0300][1041.734s][36520] GC(24680)         LAB Waste                      Min: 0, Avg:  0.0, Max: 0, Diff: 0, Sum: 0, Workers: 2
[2025-05-12T23:25:31.754+0300][1041.734s][36520] GC(24680)         LAB Undo Waste                 Min: 0, Avg:  0.0, Max: 0, Diff: 0, Sum: 0, Workers: 2
[2025-05-12T23:25:31.754+0300][1041.734s][36520] GC(24680)       Clear Logged Cards (ms):       Min:  0.0, Avg:  0.0, Max:  0.0, Diff:  0.0, Sum:  0.0, Workers: 2
[2025-05-12T23:25:31.754+0300][1041.734s][36520] GC(24680)       Recalculate Used Memory (ms):  Min:  0.0, Avg:  0.0, Max:  0.0, Diff:  0.0, Sum:  0.0, Workers: 1
[2025-05-12T23:25:31.754+0300][1041.734s][36520] GC(24680)       Restore Retained Regions (ms): Min:  0.0, Avg:  0.1, Max:  0.1, Diff:  0.0, Sum:  0.1, Workers: 2
[2025-05-12T23:25:31.754+0300][1041.734s][36520] GC(24680)         Evacuation Failure Regions:    Min: 1, Avg:  1.0, Max: 1, Diff: 0, Sum: 1, Workers: 1
[2025-05-12T23:25:31.754+0300][1041.734s][36520] GC(24680)         Remove Self Forwards (ms):     Min:  0.0, Avg:  0.0, Max:  0.1, Diff:  0.0, Sum:  0.1, Workers: 2
[2025-05-12T23:25:31.754+0300][1041.734s][36520] GC(24680)           Forward Chunks:                Min: 22, Avg: 27.5, Max: 33, Diff: 11, Sum: 55, Workers: 2
[2025-05-12T23:25:31.754+0300][1041.734s][36520] GC(24680)           Empty Forward Chunks:          Min: 3, Avg:  4.5, Max: 6, Diff: 3, Sum: 9, Workers: 2
[2025-05-12T23:25:31.754+0300][1041.734s][36520] GC(24680)           Forward Objects:               Min: 1516, Avg: 1695.0, Max: 1874, Diff: 358, Sum: 3390, Workers: 2
[2025-05-12T23:25:31.754+0300][1041.734s][36520] GC(24680)           Forward Bytes:                 Min: 69792, Avg: 79012.0, Max: 88232, Diff: 18440, Sum: 158024, Workers: 2
[2025-05-12T23:25:31.754+0300][1041.734s][36520] GC(24680)     Post Evacuate Cleanup 2: 0.1ms
[2025-05-12T23:25:31.754+0300][1041.734s][36520] GC(24680)       Recalculate Used Memory (ms):  Min:  0.0, Avg:  0.0, Max:  0.0, Diff:  0.0, Sum:  0.0, Workers: 1
[2025-05-12T23:25:31.754+0300][1041.734s][36520] GC(24680)       Restore Preserved Marks (ms):  Min:  0.0, Avg:  0.0, Max:  0.0, Diff:  0.0, Sum:  0.0, Workers: 2
[2025-05-12T23:25:31.754+0300][1041.734s][36520] GC(24680)       Clear Retained Region Bitmaps (ms): skipped
[2025-05-12T23:25:31.754+0300][1041.734s][36520] GC(24680)       Update Derived Pointers (ms):  Min:  0.0, Avg:  0.0, Max:  0.0, Diff:  0.0, Sum:  0.0, Workers: 1
[2025-05-12T23:25:31.754+0300][1041.734s][36520] GC(24680)       Eagerly Reclaim Humongous Objects (ms): skipped
[2025-05-12T23:25:31.754+0300][1041.734s][36520] GC(24680)         Humongous Total                skipped
[2025-05-12T23:25:31.754+0300][1041.734s][36520] GC(24680)         Humongous Candidates           skipped
[2025-05-12T23:25:31.754+0300][1041.734s][36520] GC(24680)         Humongous Reclaimed            skipped
[2025-05-12T23:25:31.754+0300][1041.734s][36520] GC(24680)       Redirty Logged Cards (ms):     Min:  0.0, Avg:  0.0, Max:  0.0, Diff:  0.0, Sum:  0.0, Workers: 2
[2025-05-12T23:25:31.754+0300][1041.734s][36520] GC(24680)         Redirtied Cards:               Min: 0, Avg:  0.0, Max: 0, Diff: 0, Sum: 0, Workers: 2
[2025-05-12T23:25:31.754+0300][1041.734s][36520] GC(24680)       Resize TLABs (ms):             Min:  0.0, Avg:  0.0, Max:  0.0, Diff:  0.0, Sum:  0.0, Workers: 2
[2025-05-12T23:25:31.755+0300][1041.734s][36520] GC(24680)       Free Collection Set (ms):      Min:  0.0, Avg:  0.0, Max:  0.0, Diff:  0.0, Sum:  0.0, Workers: 2
[2025-05-12T23:25:31.755+0300][1041.734s][36520] GC(24680)     Rebuild Free List: 0.1ms
[2025-05-12T23:25:31.755+0300][1041.734s][36520] GC(24680)     Prepare For Mutator: 0.1ms
[2025-05-12T23:25:31.755+0300][1041.734s][36520] GC(24680)     Expand Heap After Collection: 0.0ms
[2025-05-12T23:25:31.755+0300][1041.734s][36520] GC(24680)   Other: 0.3ms
[2025-05-12T23:25:31.755+0300][1041.734s][36520] GC(24680) Coarsening (recent): Inline->AoC 0 (0) AoC->Howl 0 (0) Howl->Full 0 (0) Inline->AoC 0 (0) AoC->BitMap 0 (0) BitMap->Full 0 (0) 
[2025-05-12T23:25:31.755+0300][1041.734s][36520] GC(24680) Coarsening (all): Inline->AoC 10920 (0) AoC->Howl 7731 (0) Howl->Full 0 (0) Inline->AoC 10809 (0) AoC->BitMap 7399 (0) BitMap->Full 0 (0) 
[2025-05-12T23:25:31.755+0300][1041.734s][36520] GC(24680) Eden regions: 1->0(0)
[2025-05-12T23:25:31.755+0300][1041.734s][36520] GC(24680) Survivor regions: 0->0(0)
[2025-05-12T23:25:31.755+0300][1041.734s][36520] GC(24680) Old regions: 11->12
[2025-05-12T23:25:31.755+0300][1041.734s][36520] GC(24680) Humongous regions: 0->0
[2025-05-12T23:25:31.755+0300][1041.734s][36520] GC(24680) Metaspace: 10759K(12736K)->10759K(12736K) NonClass: 9683K(11328K)->9683K(11328K) Class: 1076K(1408K)->1076K(1408K)
[2025-05-12T23:25:31.755+0300][1041.734s][36520] GC(24680) Heap after GC invocations=21150 (full 7081):
[2025-05-12T23:25:31.755+0300][1041.734s][36520] GC(24680)  garbage-first heap   total 12288K, used 12257K [0x00000000ff400000, 0x0000000100000000)
[2025-05-12T23:25:31.755+0300][1041.734s][36520] GC(24680)   region size 1024K, 0 young (0K), 0 survivors (0K)
[2025-05-12T23:25:31.755+0300][1041.734s][36520] GC(24680)  Metaspace       used 10759K, committed 12736K, reserved 1114112K
[2025-05-12T23:25:31.755+0300][1041.734s][36520] GC(24680)   class space    used 1076K, committed 1408K, reserved 1048576K
[2025-05-12T23:25:31.755+0300][1041.734s][36520] GC(24680) Pause Young (Concurrent Start) (G1 Evacuation Pause) (Evacuation Failure) 11M->11M(12M) 2.774ms
[2025-05-12T23:25:31.755+0300][1041.734s][36520] GC(24680) User=0.00s Sys=0.00s Real=0.00s
[2025-05-12T23:25:31.755+0300][1041.734s][36520] Attempt heap expansion (allocation request failed). Allocation request: 16400B
[2025-05-12T23:25:31.755+0300][1041.734s][36520] Expand the heap. requested expansion amount: 1048576B expansion amount: 1048576B
[2025-05-12T23:25:31.755+0300][1041.734s][36520] Did not expand the heap (heap already fully expanded)
[2025-05-12T23:25:31.755+0300][1041.734s][36520] Attempting full compaction
[2025-05-12T23:25:31.755+0300][1041.734s][36520] GC(24682) Pause Full (G1 Compaction Pause)
[2025-05-12T23:25:31.755+0300][1041.734s][34628] GC(24681) Concurrent Mark Cycle
[2025-05-12T23:25:31.755+0300][1041.734s][36520] GC(24682) Heap before GC invocations=21150 (full 7081):
[2025-05-12T23:25:31.755+0300][1041.734s][34628] GC(24681) Concurrent Scan Root Regions
[2025-05-12T23:25:31.755+0300][1041.734s][36520] GC(24682)  garbage-first heap   total 12288K, used 12257K [0x00000000ff400000, 0x0000000100000000)
[2025-05-12T23:25:31.755+0300][1041.734s][34628] GC(24681) Concurrent Scan Root Regions 0.129ms
[2025-05-12T23:25:31.755+0300][1041.734s][36520] GC(24682)   region size 1024K, 0 young (0K), 0 survivors (0K)
[2025-05-12T23:25:31.755+0300][1041.734s][34628] GC(24681) Concurrent Mark
[2025-05-12T23:25:31.755+0300][1041.735s][36520] GC(24682)  Metaspace       used 10759K, committed 12736K, reserved 1114112K
[2025-05-12T23:25:31.755+0300][1041.735s][34628] GC(24681) Concurrent Mark From Roots
[2025-05-12T23:25:31.755+0300][1041.735s][36520] GC(24682)   class space    used 1076K, committed 1408K, reserved 1048576K
[2025-05-12T23:25:31.755+0300][1041.735s][34628] GC(24681) Using 3 workers of 3 for marking
[2025-05-12T23:25:31.755+0300][1041.735s][36520] GC(24682) Requesting 1 active workers for full compaction (waste limited workers: 1, adaptive workers: 2, used limited workers: 12)
[2025-05-12T23:25:31.755+0300][1041.735s][36520] GC(24682) Using 1 workers of 10 for full compaction
[2025-05-12T23:25:31.755+0300][1041.735s][36520] GC(24682) Clear Bitmap
[2025-05-12T23:25:31.755+0300][1041.735s][36520] GC(24682) Running G1 Clear Bitmap with 1 workers for 1 work units.
[2025-05-12T23:25:31.755+0300][1041.735s][36520] GC(24682) Clear Bitmap 0.055ms
[2025-05-12T23:25:31.755+0300][1041.735s][36520] GC(24682) Mutator Allocation stats, regions: 0, wasted size: 0B ( 0.0%)
[2025-05-12T23:25:31.755+0300][1041.735s][36520] GC(24682) Phase 1: Mark live objects
[2025-05-12T23:25:31.763+0300][1041.743s][36520] GC(24682) Phase 1: Reference Processing
[2025-05-12T23:25:31.763+0300][1041.743s][36520] GC(24682) ReferenceProcessor::execute queues: 1, RefProcThreadModel::Single, marks_oops_alive: false
[2025-05-12T23:25:31.763+0300][1041.743s][36520] GC(24682) Skipped KeepAliveFinalRefsPhase of Reference Processing: no references
[2025-05-12T23:25:31.763+0300][1041.743s][36520] GC(24682) ReferenceProcessor::execute queues: 1, RefProcThreadModel::Single, marks_oops_alive: false
[2025-05-12T23:25:31.763+0300][1041.743s][36520] GC(24682) Reference Processing: 0.1ms
[2025-05-12T23:25:31.764+0300][1041.743s][36520] GC(24682)   Notify Soft/WeakReferences: 0.0ms
[2025-05-12T23:25:31.764+0300][1041.743s][36520] GC(24682)     SoftRef: 0.0ms
[2025-05-12T23:25:31.764+0300][1041.743s][36520] GC(24682)     WeakRef: 0.0ms
[2025-05-12T23:25:31.764+0300][1041.743s][36520] GC(24682)     FinalRef: 0.0ms
[2025-05-12T23:25:31.764+0300][1041.743s][36520] GC(24682)     Total: 0.0ms
[2025-05-12T23:25:31.764+0300][1041.743s][36520] GC(24682)   Notify and keep alive finalizable: 0.0ms
[2025-05-12T23:25:31.764+0300][1041.743s][36520] GC(24682)     FinalRef: skipped
[2025-05-12T23:25:31.764+0300][1041.743s][36520] GC(24682)   Notify PhantomReferences: 0.0ms
[2025-05-12T23:25:31.764+0300][1041.743s][36520] GC(24682)     PhantomRef: 0.0ms
[2025-05-12T23:25:31.764+0300][1041.743s][36520] GC(24682)   SoftReference Discovered: 46, Dropped: 4, Processed: 42
[2025-05-12T23:25:31.764+0300][1041.743s][36520] GC(24682)   WeakReference Discovered: 33, Dropped: 14, Processed: 19
[2025-05-12T23:25:31.764+0300][1041.743s][36520] GC(24682)   FinalReference Discovered: 0, Dropped: 0, Processed: 0
[2025-05-12T23:25:31.764+0300][1041.743s][36520] GC(24682)   PhantomReference Discovered: 23, Dropped: 23, Processed: 0
[2025-05-12T23:25:31.764+0300][1041.743s][36520] GC(24682) Phase 1: Reference Processing 0.245ms
[2025-05-12T23:25:31.764+0300][1041.743s][36520] GC(24682) Phase 1: Weak Processing
[2025-05-12T23:25:31.764+0300][1041.743s][36520] GC(24682)   VM Weak                        Min:  0.0, Avg:  0.0, Max:  0.0, Diff:  0.0, Sum:  0.0, Workers: 10
[2025-05-12T23:25:31.764+0300][1041.743s][36520] GC(24682)     Dead                           Min: 0, Avg:  2.0, Max: 20, Diff: 20, Sum: 20, Workers: 10
[2025-05-12T23:25:31.764+0300][1041.743s][36520] GC(24682)     Total                          Min: 0, Avg:  6.7, Max: 41, Diff: 41, Sum: 67, Workers: 10
[2025-05-12T23:25:31.764+0300][1041.743s][36520] GC(24682)   ObjectSynchronizer Weak        Min:  0.0, Avg:  0.0, Max:  0.0, Diff:  0.0, Sum:  0.0, Workers: 10
[2025-05-12T23:25:31.764+0300][1041.743s][36520] GC(24682)     Dead                           Min: 0, Avg:  0.0, Max: 0, Diff: 0, Sum: 0, Workers: 10
[2025-05-12T23:25:31.764+0300][1041.743s][36520] GC(24682)     Total                          Min: 0, Avg:  0.1, Max: 1, Diff: 1, Sum: 1, Workers: 10
[2025-05-12T23:25:31.764+0300][1041.743s][36520] GC(24682)   JVMTI Tag Weak OopStorage      Min:  0.1, Avg:  0.1, Max:  0.1, Diff:  0.0, Sum:  0.6, Workers: 10
[2025-05-12T23:25:31.764+0300][1041.743s][36520] GC(24682)     Dead                           Min: 0, Avg:  2.0, Max: 20, Diff: 20, Sum: 20, Workers: 10
[2025-05-12T23:25:31.764+0300][1041.743s][36520] GC(24682)     Total                          Min: 1280, Avg: 6289.9, Max: 7388, Diff: 6108, Sum: 62899, Workers: 10
[2025-05-12T23:25:31.764+0300][1041.743s][36520] GC(24682)   StringTable Weak               Min:  0.0, Avg:  0.0, Max:  0.0, Diff:  0.0, Sum:  0.3, Workers: 10
[2025-05-12T23:25:31.764+0300][1041.743s][36520] GC(24682)     Dead                           Min: 1, Avg:  7.3, Max: 18, Diff: 17, Sum: 73, Workers: 10
[2025-05-12T23:25:31.764+0300][1041.743s][36520] GC(24682)     Total                          Min: 3582, Avg: 3952.9, Max: 4224, Diff: 642, Sum: 39529, Workers: 10
[2025-05-12T23:25:31.764+0300][1041.743s][36520] GC(24682)   ResolvedMethodTable Weak       Min:  0.0, Avg:  0.0, Max:  0.0, Diff:  0.0, Sum:  0.0, Workers: 10
[2025-05-12T23:25:31.764+0300][1041.743s][36520] GC(24682)     Dead                           Min: 0, Avg:  3.7, Max: 25, Diff: 25, Sum: 37, Workers: 10
[2025-05-12T23:25:31.764+0300][1041.743s][36520] GC(24682)     Total                          Min: 0, Avg: 74.8, Max: 126, Diff: 126, Sum: 748, Workers: 10
[2025-05-12T23:25:31.764+0300][1041.743s][36520] GC(24682)   JNI Weak                       Min:  0.0, Avg:  0.0, Max:  0.0, Diff:  0.0, Sum:  0.0, Workers: 10
[2025-05-12T23:25:31.764+0300][1041.744s][36520] GC(24682)     Dead                           Min: 0, Avg:  0.0, Max: 0, Diff: 0, Sum: 0, Workers: 10
[2025-05-12T23:25:31.764+0300][1041.744s][36520] GC(24682)     Total                          Min: 0, Avg:  1.1, Max: 11, Diff: 11, Sum: 11, Workers: 10
[2025-05-12T23:25:31.764+0300][1041.744s][36520] GC(24682)   StringDedup Table Weak         Min:  0.0, Avg:  0.0, Max:  0.0, Diff:  0.0, Sum:  0.0, Workers: 10
[2025-05-12T23:25:31.764+0300][1041.744s][36520] GC(24682)     Dead                           Min: 0, Avg:  0.0, Max: 0, Diff: 0, Sum: 0, Workers: 10
[2025-05-12T23:25:31.764+0300][1041.744s][36520] GC(24682)     Total                          Min: 0, Avg:  0.0, Max: 0, Diff: 0, Sum: 0, Workers: 10
[2025-05-12T23:25:31.764+0300][1041.744s][36520] GC(24682)   StringDedup Requests0 Weak     Min:  0.0, Avg:  0.0, Max:  0.0, Diff:  0.0, Sum:  0.0, Workers: 10
[2025-05-12T23:25:31.764+0300][1041.744s][36520] GC(24682)     Dead                           Min: 0, Avg:  0.0, Max: 0, Diff: 0, Sum: 0, Workers: 10
[2025-05-12T23:25:31.764+0300][1041.744s][36520] GC(24682)     Total                          Min: 0, Avg:  0.0, Max: 0, Diff: 0, Sum: 0, Workers: 10
[2025-05-12T23:25:31.764+0300][1041.744s][36520] GC(24682)   StringDedup Requests1 Weak     Min:  0.0, Avg:  0.0, Max:  0.0, Diff:  0.0, Sum:  0.0, Workers: 10
[2025-05-12T23:25:31.764+0300][1041.744s][36520] GC(24682)     Dead                           Min: 0, Avg:  0.0, Max: 0, Diff: 0, Sum: 0, Workers: 10
[2025-05-12T23:25:31.764+0300][1041.744s][36520] GC(24682)     Total                          Min: 0, Avg:  0.0, Max: 0, Diff: 0, Sum: 0, Workers: 10
[2025-05-12T23:25:31.764+0300][1041.744s][36520] GC(24682)   Weak JFR Old Object Samples    Min:  0.0, Avg:  0.0, Max:  0.0, Diff:  0.0, Sum:  0.0, Workers: 10
[2025-05-12T23:25:31.764+0300][1041.744s][36520] GC(24682)     Dead                           Min: 0, Avg:  0.0, Max: 0, Diff: 0, Sum: 0, Workers: 10
[2025-05-12T23:25:31.764+0300][1041.744s][36520] GC(24682)     Total                          Min: 0, Avg:  0.0, Max: 0, Diff: 0, Sum: 0, Workers: 10
[2025-05-12T23:25:31.764+0300][1041.744s][36520] GC(24682) Phase 1: Weak Processing 0.477ms
[2025-05-12T23:25:31.764+0300][1041.744s][36520] GC(24682) Phase 1: Class Unloading and Cleanup
[2025-05-12T23:25:31.764+0300][1041.744s][36520] GC(24682) ClassLoaderData
[2025-05-12T23:25:31.764+0300][1041.744s][36520] GC(24682) ClassLoaderData 0.067ms
[2025-05-12T23:25:31.764+0300][1041.744s][36520] GC(24682) Trigger cleanups
[2025-05-12T23:25:31.764+0300][1041.744s][36520] GC(24682) Trigger cleanups 0.009ms
[2025-05-12T23:25:31.769+0300][1041.748s][36520] GC(24682) Phase 1: Class Unloading and Cleanup 4.249ms
[2025-05-12T23:25:31.769+0300][1041.748s][36520] GC(24682) Report Object Count
[2025-05-12T23:25:31.769+0300][1041.748s][36520] GC(24682) Report Object Count 0.012ms
[2025-05-12T23:25:31.769+0300][1041.748s][36520] GC(24682) Phase 1: Mark live objects 13.085ms
[2025-05-12T23:25:31.769+0300][1041.748s][36520] GC(24682) Phase 2: Prepare compaction
[2025-05-12T23:25:31.769+0300][1041.748s][36520] GC(24682) Phase 2: Determine work lists
[2025-05-12T23:25:31.769+0300][1041.748s][36520] GC(24682) Phase 2: Determine work lists 0.010ms
[2025-05-12T23:25:31.769+0300][1041.748s][36520] GC(24682) Phase 2: Prepare parallel compaction
[2025-05-12T23:25:31.769+0300][1041.748s][36520] GC(24682) Phase 2: Prepare parallel compaction 0.278ms
[2025-05-12T23:25:31.769+0300][1041.748s][36520] GC(24682) Phase 2: Prepare compaction 0.329ms
[2025-05-12T23:25:31.769+0300][1041.748s][36520] GC(24682) Phase 3: Adjust pointers
[2025-05-12T23:25:31.774+0300][1041.752s][36520] GC(24682) Phase 3: Adjust pointers 4.186ms
[2025-05-12T23:25:31.774+0300][1041.753s][36520] GC(24682) Phase 4: Compact heap
[2025-05-12T23:25:31.774+0300][1041.753s][36520] GC(24682) Phase 4: Compact heap 0.217ms
[2025-05-12T23:25:31.774+0300][1041.753s][36520] GC(24682) Phase 5: Reset Metadata
[2025-05-12T23:25:31.776+0300][1041.754s][36520] GC(24682) Phase 5: Reset Metadata 1.673ms
[2025-05-12T23:25:31.776+0300][1041.755s][36520] GC(24682) Running G1 Clear Bitmap with 1 workers for 1 work units.
[2025-05-12T23:25:31.777+0300][1041.756s][36520] Old generation allocation in the last mutator period, old gen allocated: 0B, humongous allocated: 0B, old gen growth: 0B.
[2025-05-12T23:25:31.777+0300][1041.756s][36520] GC(24682) Coarsening (recent): Inline->AoC 0 (0) AoC->Howl 0 (0) Howl->Full 0 (0) Inline->AoC 0 (0) AoC->BitMap 0 (0) BitMap->Full 0 (0) 
[2025-05-12T23:25:31.777+0300][1041.756s][36520] GC(24682) Coarsening (all): Inline->AoC 10920 (0) AoC->Howl 7731 (0) Howl->Full 0 (0) Inline->AoC 10809 (0) AoC->BitMap 7399 (0) BitMap->Full 0 (0) 
[2025-05-12T23:25:31.777+0300][1041.756s][36520] GC(24682) Eden regions: 0->0(1)
[2025-05-12T23:25:31.777+0300][1041.756s][36520] GC(24682) Survivor regions: 0->0(0)
[2025-05-12T23:25:31.777+0300][1041.756s][36520] GC(24682) Old regions: 12->11
[2025-05-12T23:25:31.777+0300][1041.756s][36520] GC(24682) Humongous regions: 0->0
[2025-05-12T23:25:31.777+0300][1041.756s][36520] GC(24682) Metaspace: 10759K(12736K)->10718K(12736K) NonClass: 9683K(11328K)->9653K(11328K) Class: 1076K(1408K)->1064K(1408K)
[2025-05-12T23:25:31.777+0300][1041.756s][36520] GC(24682) Heap after GC invocations=21151 (full 7082):
[2025-05-12T23:25:31.777+0300][1041.756s][36520] GC(24682)  garbage-first heap   total 12288K, used 11207K [0x00000000ff400000, 0x0000000100000000)
[2025-05-12T23:25:31.777+0300][1041.756s][36520] GC(24682)   region size 1024K, 0 young (0K), 0 survivors (0K)
[2025-05-12T23:25:31.777+0300][1041.756s][36520] GC(24682)  Metaspace       used 10718K, committed 12736K, reserved 1114112K
[2025-05-12T23:25:31.777+0300][1041.756s][36520] GC(24682)   class space    used 1064K, committed 1408K, reserved 1048576K
[2025-05-12T23:25:31.777+0300][1041.756s][36520] GC(24682) Pause Full (G1 Compaction Pause) 11M->10M(12M) 22.207ms
[2025-05-12T23:25:31.777+0300][1041.756s][36520] GC(24682) User=0.00s Sys=0.00s Real=0.02s
[2025-05-12T23:25:31.778+0300][1041.757s][9340 ] G1 Service Thread (Card Set Free Memory Task) (run: 23.778ms) (cpu: 0.000ms)
[2025-05-12T23:25:31.778+0300][1041.757s][34628] ---------------------------------------------------------------------
[2025-05-12T23:25:31.778+0300][1041.757s][34628] Marking Stats, task = 0, calls = 0
[2025-05-12T23:25:31.778+0300][1041.757s][34628]   Elapsed time = 0.00ms, Termination time = 0.00ms
[2025-05-12T23:25:31.778+0300][1041.757s][34628]   Step Times (cum): num = 5369, avg = 0.16ms, sd = 1.55ms max = 16.00ms, total = 833.00ms
[2025-05-12T23:25:31.778+0300][1041.757s][34628]   Mark Stats Cache: hits 1901 misses 0 ratio 100.000
[2025-05-12T23:25:31.778+0300][1041.757s][34628] ---------------------------------------------------------------------
[2025-05-12T23:25:31.778+0300][1041.757s][34628] Marking Stats, task = 1, calls = 0
[2025-05-12T23:25:31.778+0300][1041.757s][34628]   Elapsed time = 0.00ms, Termination time = 0.00ms
[2025-05-12T23:25:31.778+0300][1041.757s][34628]   Step Times (cum): num = 13793, avg = 0.02ms, sd = 0.58ms max = 16.00ms, total = 296.00ms
[2025-05-12T23:25:31.778+0300][1041.757s][34628]   Mark Stats Cache: hits 4670 misses 0 ratio 100.000
[2025-05-12T23:25:31.778+0300][1041.757s][34628] ---------------------------------------------------------------------
[2025-05-12T23:25:31.778+0300][1041.757s][34628] Marking Stats, task = 2, calls = 0
[2025-05-12T23:25:31.778+0300][1041.757s][34628]   Elapsed time = 0.00ms, Termination time = 0.00ms
[2025-05-12T23:25:31.778+0300][1041.757s][34628]   Step Times (cum): num = 13231, avg = 0.02ms, sd = 0.61ms max = 16.00ms, total = 313.00ms
[2025-05-12T23:25:31.778+0300][1041.757s][34628]   Mark Stats Cache: hits 0 misses 0 ratio 0.000
[2025-05-12T23:25:31.778+0300][1041.757s][34628] ---------------------------------------------------------------------
[2025-05-12T23:25:31.778+0300][1041.757s][34628] GC(24681) Concurrent Mark From Roots 22.131ms
[2025-05-12T23:25:31.778+0300][1041.757s][34628] GC(24681) Concurrent Mark Abort
[2025-05-12T23:25:31.778+0300][1041.757s][34628] GC(24681) Concurrent Mark Cycle 22.554ms
[2025-05-12T23:25:31.798+0300][1041.776s][9340 ] G1 Service Thread (Periodic GC Task) (run 1.872ms after schedule)
[2025-05-12T23:25:31.798+0300][1041.777s][9340 ] G1 Service Thread (Periodic GC Task) (run: 0.034ms) (cpu: 0.000ms)
[2025-05-12T23:25:31.804+0300][1041.783s][36520] GC(24683) Pause Young (Normal) (G1 Evacuation Pause)
[2025-05-12T23:25:31.804+0300][1041.783s][36520] GC(24683) Heap before GC invocations=21151 (full 7082):
[2025-05-12T23:25:31.804+0300][1041.783s][36520] GC(24683)  garbage-first heap   total 12288K, used 12231K [0x00000000ff400000, 0x0000000100000000)
[2025-05-12T23:25:31.804+0300][1041.783s][36520] GC(24683)   region size 1024K, 1 young (1024K), 0 survivors (0K)
[2025-05-12T23:25:31.804+0300][1041.783s][36520] GC(24683)  Metaspace       used 10759K, committed 12736K, reserved 1114112K
[2025-05-12T23:25:31.804+0300][1041.783s][36520] GC(24683)   class space    used 1076K, committed 1408K, reserved 1048576K
[2025-05-12T23:25:31.804+0300][1041.783s][36520] GC(24683) Using 2 workers of 10 for evacuation
[2025-05-12T23:25:31.804+0300][1041.783s][36520] GC(24683) Desired survivor size 524288 bytes, new threshold 15 (max threshold 15)
[2025-05-12T23:25:31.804+0300][1041.784s][36520] GC(24683) TLAB totals: thrds: 1  refills: 311 max: 311 slow allocs: 152 max 152 waste: 22.0% gc: 0B max: 0B slow: 186232B max: 186232B
[2025-05-12T23:25:31.804+0300][1041.784s][36520] GC(24683) Mutator refinement: 0.00ms, refined: 0, precleaned: 0, dirtied: 103
[2025-05-12T23:25:31.804+0300][1041.784s][36520] GC(24683) Concurrent refinement: 0.00ms, refined: 0, precleaned: 0, dirtied: 0
[2025-05-12T23:25:31.804+0300][1041.784s][36520] GC(24683) Total refinement: 0.00ms, refined: 0, precleaned: 0, dirtied: 103
[2025-05-12T23:25:31.804+0300][1041.784s][36520] GC(24683) Generate dirty cards rate: 3.79 cards/ms
[2025-05-12T23:25:31.804+0300][1041.784s][36520] GC(24683) Mutator Allocation stats, regions: 1, wasted size: 1040B ( 0.1%)
[2025-05-12T23:25:31.804+0300][1041.784s][36520] GC(24683) No candidates to reclaim.
[2025-05-12T23:25:31.804+0300][1041.784s][36520] GC(24683) Running G1 Merge Heap Roots using 2 workers for 1 regions
[2025-05-12T23:25:31.804+0300][1041.784s][36520] GC(24683) Visited cards 1056 Total dirty 12288 (8.59%) Total old 26624 (3.97%)
[2025-05-12T23:25:31.804+0300][1041.784s][13972] GC(24683) Attempt heap expansion (region allocation request failed). Allocation request: 2064B
[2025-05-12T23:25:31.804+0300][1041.784s][13972] GC(24683) Did not expand the heap (heap already fully expanded)
[2025-05-12T23:25:31.805+0300][1041.784s][36520] GC(24683) ReferenceProcessor::execute queues: 1, RefProcThreadModel::Single, marks_oops_alive: false
[2025-05-12T23:25:31.805+0300][1041.784s][36520] GC(24683) Skipped KeepAliveFinalRefsPhase of Reference Processing: no references
[2025-05-12T23:25:31.805+0300][1041.784s][36520] GC(24683) Skipped PhantomRefsPhase of Reference Processing: no references
[2025-05-12T23:25:31.805+0300][1041.784s][36520] GC(24683) Initializing removing self forwards with 64 chunks per region
[2025-05-12T23:25:31.805+0300][1041.785s][36520] GC(24683) Running G1 Rebuild Free List Task using 2 workers for rebuilding free list of regions
[2025-05-12T23:25:31.805+0300][1041.785s][36520] GC(24683) Young PLAB allocation: allocated: 0B, wasted: 0B, unused: 0B, used: 0B, undo waste: 0B, 
[2025-05-12T23:25:31.805+0300][1041.785s][36520] GC(24683) Young other allocation: region end waste: 0B, regions filled: 0, num plab filled: 2, direct allocated: 0B, num direct allocated: 0, failure used: 0B, failure wasted: 0B
[2025-05-12T23:25:31.805+0300][1041.785s][36520] GC(24683) Young sizing: calculated: 0B, actual: 2064B
[2025-05-12T23:25:31.805+0300][1041.785s][36520] GC(24683) Old PLAB allocation: allocated: 0B, wasted: 0B, unused: 0B, used: 0B, undo waste: 0B, 
[2025-05-12T23:25:31.805+0300][1041.785s][36520] GC(24683) Old other allocation: region end waste: 0B, regions filled: 0, num plab filled: 2, direct allocated: 0B, num direct allocated: 0, failure used: 151432B, failure wasted: 897144B
[2025-05-12T23:25:31.805+0300][1041.785s][36520] GC(24683) Old sizing: calculated: 0B, actual: 2064B
[2025-05-12T23:25:31.805+0300][1041.785s][36520] GC(24683) Heap expansion: short term pause time ratio 40.57% long term pause time ratio 40.85% threshold 7.69% pause time ratio 7.69% fully expanded true resize by 0B
[2025-05-12T23:25:31.805+0300][1041.785s][36520] GC(24683) Request concurrent cycle initiation (occupancy higher than threshold) occupancy: 12582912B allocation request: 0B threshold: 3704476B (29.44) source: end of GC
[2025-05-12T23:25:31.805+0300][1041.785s][36520] GC(24683) MMU: 6.6ms (200.0ms/201.0ms)
[2025-05-12T23:25:31.805+0300][1041.785s][36520] Old generation allocation in the last mutator period, old gen allocated: 1048576B, humongous allocated: 0B, old gen growth: 1048576B.
[2025-05-12T23:25:31.805+0300][1041.785s][36520] GC(24683) Basic information (value update), threshold: 3748424B (29.79), target occupancy: 12582912B, current occupancy: 12525104B, recent allocation size: 1048576B, recent allocation duration: 27.17ms, recent old gen allocation rate: 38595427.04B/s, recent marking phase length: 120.12ms
[2025-05-12T23:25:31.805+0300][1041.785s][9340 ] G1 Service Thread (Card Set Free Memory Task) (run 0.044ms after schedule)
[2025-05-12T23:25:31.805+0300][1041.785s][36520] GC(24683) Adaptive IHOP information (value update), threshold: 3748424B (35.05), internal target occupancy: 10695475B, occupancy: 12525104B, additional buffer size: 1048576B, predicted old gen allocation rate: 48875829.68B/s, predicted marking phase length: 120.68ms, prediction active: true
[2025-05-12T23:25:31.805+0300][1041.785s][36520] GC(24683) GC refinement: goal: 18446744073709551615 + 106 / 20.00ms, actual: 103 / 0.04ms, 
[2025-05-12T23:25:31.805+0300][1041.785s][36520] GC(24683) Unchanged pending cards target: 18446744073709551615
[2025-05-12T23:25:31.805+0300][1041.785s][36520] GC(24683)   Pre Evacuate Collection Set: 0.2ms
[2025-05-12T23:25:31.805+0300][1041.785s][36520] GC(24683)     Pre Evacuate Prepare: 0.1ms
[2025-05-12T23:25:31.805+0300][1041.785s][36520] GC(24683)       JT Retire TLABs And Flush Logs (ms): Min:  0.0, Avg:  0.0, Max:  0.0, Diff:  0.0, Sum:  0.0, Workers: 2
[2025-05-12T23:25:31.805+0300][1041.785s][36520] GC(24683)       Non-JT Flush Logs (ms):        Min:  0.0, Avg:  0.0, Max:  0.0, Diff:  0.0, Sum:  0.0, Workers: 1
[2025-05-12T23:25:31.805+0300][1041.785s][36520] GC(24683)     Choose Collection Set: 0.0ms
[2025-05-12T23:25:31.805+0300][1041.785s][36520] GC(24683)     Region Register: 0.1ms
[2025-05-12T23:25:31.806+0300][1041.785s][36520] GC(24683)     Prepare Heap Roots: 0.0ms
[2025-05-12T23:25:31.806+0300][1041.785s][36520] GC(24683)   Merge Heap Roots: 0.1ms
[2025-05-12T23:25:31.806+0300][1041.785s][36520] GC(24683)     Prepare Merge Heap Roots: 0.0ms
[2025-05-12T23:25:31.806+0300][1041.785s][36520] GC(24683)     Remembered Sets (ms):          Min:  0.0, Avg:  0.0, Max:  0.0, Diff:  0.0, Sum:  0.0, Workers: 2
[2025-05-12T23:25:31.806+0300][1041.785s][36520] GC(24683)       Eager Reclaim (ms):            skipped
[2025-05-12T23:25:31.806+0300][1041.785s][36520] GC(24683)       Merged Inline                  Min: 0, Avg:  0.0, Max: 0, Diff: 0, Sum: 0, Workers: 2
[2025-05-12T23:25:31.806+0300][1041.785s][36520] GC(24683)       Merged ArrayOfCards            Min: 0, Avg:  0.0, Max: 0, Diff: 0, Sum: 0, Workers: 2
[2025-05-12T23:25:31.806+0300][1041.785s][36520] GC(24683)       Merged Howl                    Min: 0, Avg:  0.0, Max: 0, Diff: 0, Sum: 0, Workers: 2
[2025-05-12T23:25:31.806+0300][1041.785s][36520] GC(24683)       Merged Full                    Min: 0, Avg:  0.0, Max: 0, Diff: 0, Sum: 0, Workers: 2
[2025-05-12T23:25:31.806+0300][1041.785s][36520] GC(24683)       Merged Howl Inline             Min: 0, Avg:  0.0, Max: 0, Diff: 0, Sum: 0, Workers: 2
[2025-05-12T23:25:31.806+0300][1041.785s][36520] GC(24683)       Merged Howl ArrayOfCards       Min: 0, Avg:  0.0, Max: 0, Diff: 0, Sum: 0, Workers: 2
[2025-05-12T23:25:31.806+0300][1041.785s][36520] GC(24683)       Merged Howl BitMap             Min: 0, Avg:  0.0, Max: 0, Diff: 0, Sum: 0, Workers: 2
[2025-05-12T23:25:31.806+0300][1041.785s][36520] GC(24683)       Merged Howl Full               Min: 0, Avg:  0.0, Max: 0, Diff: 0, Sum: 0, Workers: 2
[2025-05-12T23:25:31.806+0300][1041.785s][36520] GC(24683)       Merged Cards                   Min: 8, Avg:  8.0, Max: 8, Diff: 0, Sum: 16, Workers: 2
[2025-05-12T23:25:31.806+0300][1041.785s][36520] GC(24683)     Log Buffers (ms):              Min:  0.0, Avg:  0.0, Max:  0.0, Diff:  0.0, Sum:  0.0, Workers: 2
[2025-05-12T23:25:31.806+0300][1041.785s][36520] GC(24683)       Dirty Cards:                   Min: 0, Avg: 51.5, Max: 103, Diff: 103, Sum: 103, Workers: 2
[2025-05-12T23:25:31.806+0300][1041.785s][36520] GC(24683)       Skipped Cards:                 Min: 0, Avg:  0.0, Max: 0, Diff: 0, Sum: 0, Workers: 2
[2025-05-12T23:25:31.806+0300][1041.785s][36520] GC(24683)   Evacuate Collection Set: 0.3ms
[2025-05-12T23:25:31.806+0300][1041.785s][36520] GC(24683)     Ext Root Scanning (ms):        Min:  0.1, Avg:  0.1, Max:  0.1, Diff:  0.0, Sum:  0.2, Workers: 2
[2025-05-12T23:25:31.806+0300][1041.785s][36520] GC(24683)     Scan Heap Roots (ms):          Min:  0.0, Avg:  0.0, Max:  0.0, Diff:  0.0, Sum:  0.1, Workers: 2
[2025-05-12T23:25:31.806+0300][1041.785s][36520] GC(24683)       Scanned Cards:                 Min: 42, Avg: 51.5, Max: 61, Diff: 19, Sum: 103, Workers: 2
[2025-05-12T23:25:31.806+0300][1041.785s][36520] GC(24683)       Scanned Blocks:                Min: 29, Avg: 34.5, Max: 40, Diff: 11, Sum: 69, Workers: 2
[2025-05-12T23:25:31.806+0300][1041.785s][36520] GC(24683)       Claimed Chunks:                Min: 15, Avg: 16.5, Max: 18, Diff: 3, Sum: 33, Workers: 2
[2025-05-12T23:25:31.806+0300][1041.785s][36520] GC(24683)       Found Roots:                   Min: 57, Avg: 59.0, Max: 61, Diff: 4, Sum: 118, Workers: 2
[2025-05-12T23:25:31.806+0300][1041.785s][36520] GC(24683)     Code Root Scan (ms):           Min:  0.0, Avg:  0.0, Max:  0.0, Diff:  0.0, Sum:  0.0, Workers: 2
[2025-05-12T23:25:31.806+0300][1041.785s][36520] GC(24683)     Object Copy (ms):              Min:  0.1, Avg:  0.1, Max:  0.1, Diff:  0.0, Sum:  0.3, Workers: 2
[2025-05-12T23:25:31.806+0300][1041.785s][36520] GC(24683)     Termination (ms):              Min:  0.0, Avg:  0.0, Max:  0.0, Diff:  0.0, Sum:  0.0, Workers: 2
[2025-05-12T23:25:31.806+0300][1041.785s][36520] GC(24683)       Termination Attempts:          Min: 1, Avg:  1.0, Max: 1, Diff: 0, Sum: 2, Workers: 2
[2025-05-12T23:25:31.806+0300][1041.785s][36520] GC(24683)     GC Worker Other (ms):          Min:  0.0, Avg:  0.0, Max:  0.0, Diff:  0.0, Sum:  0.0, Workers: 2
[2025-05-12T23:25:31.806+0300][1041.785s][36520] GC(24683)     GC Worker Total (ms):          Min:  0.3, Avg:  0.3, Max:  0.3, Diff:  0.0, Sum:  0.5, Workers: 2
[2025-05-12T23:25:31.806+0300][1041.785s][36520] GC(24683)   Post Evacuate Collection Set: 0.6ms
[2025-05-12T23:25:31.806+0300][1041.785s][36520] GC(24683)     NMethod List Cleanup: 0.0ms
[2025-05-12T23:25:31.806+0300][1041.785s][36520] GC(24683)     Reference Processing: 0.1ms
[2025-05-12T23:25:31.806+0300][1041.785s][36520] GC(24683)       Notify Soft/WeakReferences: 0.0ms
[2025-05-12T23:25:31.806+0300][1041.785s][36520] GC(24683)         SoftRef (ms):                  Min:  0.0, Avg:  0.0, Max:  0.0, Diff:  0.0, Sum:  0.0, Workers: 1
[2025-05-12T23:25:31.806+0300][1041.785s][36520] GC(24683)         WeakRef (ms):                  Min:  0.0, Avg:  0.0, Max:  0.0, Diff:  0.0, Sum:  0.0, Workers: 1
[2025-05-12T23:25:31.806+0300][1041.785s][36520] GC(24683)         FinalRef (ms):                 Min:  0.0, Avg:  0.0, Max:  0.0, Diff:  0.0, Sum:  0.0, Workers: 1
[2025-05-12T23:25:31.806+0300][1041.785s][36520] GC(24683)         Total (ms):                    Min:  0.0, Avg:  0.0, Max:  0.0, Diff:  0.0, Sum:  0.0, Workers: 1
[2025-05-12T23:25:31.806+0300][1041.785s][36520] GC(24683)       Notify and keep alive finalizable: 0.0ms
[2025-05-12T23:25:31.806+0300][1041.785s][36520] GC(24683)         FinalRef (ms):                 skipped
[2025-05-12T23:25:31.806+0300][1041.785s][36520] GC(24683)       Notify PhantomReferences: 0.0ms
[2025-05-12T23:25:31.806+0300][1041.785s][36520] GC(24683)         PhantomRef (ms):               skipped
[2025-05-12T23:25:31.806+0300][1041.785s][36520] GC(24683)       SoftReference Discovered: 0, Dropped: 0, Processed: 0
[2025-05-12T23:25:31.806+0300][1041.785s][36520] GC(24683)       WeakReference Discovered: 26, Dropped: 3, Processed: 23
[2025-05-12T23:25:31.806+0300][1041.785s][36520] GC(24683)       FinalReference Discovered: 0, Dropped: 0, Processed: 0
[2025-05-12T23:25:31.806+0300][1041.785s][36520] GC(24683)       PhantomReference Discovered: 0, Dropped: 0, Processed: 0
[2025-05-12T23:25:31.806+0300][1041.785s][36520] GC(24683)     Weak Processing: 0.2ms
[2025-05-12T23:25:31.806+0300][1041.785s][36520] GC(24683)       VM Weak                        Min:  0.0, Avg:  0.0, Max:  0.0, Diff:  0.0, Sum:  0.0, Workers: 10
[2025-05-12T23:25:31.806+0300][1041.786s][36520] GC(24683)         Dead                           Min: 0, Avg:  0.0, Max: 0, Diff: 0, Sum: 0, Workers: 10
[2025-05-12T23:25:31.806+0300][1041.786s][36520] GC(24683)         Total                          Min: 0, Avg:  6.7, Max: 67, Diff: 67, Sum: 67, Workers: 10
[2025-05-12T23:25:31.806+0300][1041.786s][36520] GC(24683)       ObjectSynchronizer Weak        Min:  0.0, Avg:  0.0, Max:  0.0, Diff:  0.0, Sum:  0.0, Workers: 10
[2025-05-12T23:25:31.806+0300][1041.786s][36520] GC(24683)         Dead                           Min: 0, Avg:  0.0, Max: 0, Diff: 0, Sum: 0, Workers: 10
[2025-05-12T23:25:31.806+0300][1041.786s][36520] GC(24683)         Total                          Min: 0, Avg:  0.1, Max: 1, Diff: 1, Sum: 1, Workers: 10
[2025-05-12T23:25:31.806+0300][1041.786s][36520] GC(24683)       JVMTI Tag Weak OopStorage      Min:  0.0, Avg:  0.1, Max:  0.1, Diff:  0.1, Sum:  0.5, Workers: 10
[2025-05-12T23:25:31.806+0300][1041.786s][36520] GC(24683)         Dead                           Min: 0, Avg:  0.0, Max: 0, Diff: 0, Sum: 0, Workers: 10
[2025-05-12T23:25:31.806+0300][1041.786s][36520] GC(24683)         Total                          Min: 4868, Avg: 6289.9, Max: 16745, Diff: 11877, Sum: 62899, Workers: 10
[2025-05-12T23:25:31.806+0300][1041.786s][36520] GC(24683)       StringTable Weak               Min:  0.0, Avg:  0.0, Max:  0.0, Diff:  0.0, Sum:  0.2, Workers: 10
[2025-05-12T23:25:31.806+0300][1041.786s][36520] GC(24683)         Dead                           Min: 0, Avg:  1.7, Max: 8, Diff: 8, Sum: 17, Workers: 10
[2025-05-12T23:25:31.806+0300][1041.786s][36520] GC(24683)         Total                          Min: 3579, Avg: 3952.9, Max: 4416, Diff: 837, Sum: 39529, Workers: 10
[2025-05-12T23:25:31.806+0300][1041.786s][36520] GC(24683)       ResolvedMethodTable Weak       Min:  0.0, Avg:  0.0, Max:  0.0, Diff:  0.0, Sum:  0.0, Workers: 10
[2025-05-12T23:25:31.806+0300][1041.786s][36520] GC(24683)         Dead                           Min: 0, Avg:  0.0, Max: 0, Diff: 0, Sum: 0, Workers: 10
[2025-05-12T23:25:31.806+0300][1041.786s][36520] GC(24683)         Total                          Min: 0, Avg: 75.7, Max: 124, Diff: 124, Sum: 757, Workers: 10
[2025-05-12T23:25:31.806+0300][1041.786s][36520] GC(24683)       JNI Weak                       Min:  0.0, Avg:  0.0, Max:  0.0, Diff:  0.0, Sum:  0.0, Workers: 10
[2025-05-12T23:25:31.806+0300][1041.786s][36520] GC(24683)         Dead                           Min: 0, Avg:  0.0, Max: 0, Diff: 0, Sum: 0, Workers: 10
[2025-05-12T23:25:31.806+0300][1041.786s][36520] GC(24683)         Total                          Min: 0, Avg:  1.1, Max: 11, Diff: 11, Sum: 11, Workers: 10
[2025-05-12T23:25:31.806+0300][1041.786s][36520] GC(24683)       StringDedup Table Weak         Min:  0.0, Avg:  0.0, Max:  0.0, Diff:  0.0, Sum:  0.0, Workers: 10
[2025-05-12T23:25:31.806+0300][1041.786s][36520] GC(24683)         Dead                           Min: 0, Avg:  0.0, Max: 0, Diff: 0, Sum: 0, Workers: 10
[2025-05-12T23:25:31.806+0300][1041.786s][36520] GC(24683)         Total                          Min: 0, Avg:  0.0, Max: 0, Diff: 0, Sum: 0, Workers: 10
[2025-05-12T23:25:31.806+0300][1041.786s][36520] GC(24683)       StringDedup Requests0 Weak     Min:  0.0, Avg:  0.0, Max:  0.0, Diff:  0.0, Sum:  0.0, Workers: 10
[2025-05-12T23:25:31.806+0300][1041.786s][36520] GC(24683)         Dead                           Min: 0, Avg:  0.0, Max: 0, Diff: 0, Sum: 0, Workers: 10
[2025-05-12T23:25:31.806+0300][1041.786s][36520] GC(24683)         Total                          Min: 0, Avg:  0.0, Max: 0, Diff: 0, Sum: 0, Workers: 10
[2025-05-12T23:25:31.806+0300][1041.786s][36520] GC(24683)       StringDedup Requests1 Weak     Min:  0.0, Avg:  0.0, Max:  0.0, Diff:  0.0, Sum:  0.0, Workers: 10
[2025-05-12T23:25:31.806+0300][1041.786s][36520] GC(24683)         Dead                           Min: 0, Avg:  0.0, Max: 0, Diff: 0, Sum: 0, Workers: 10
[2025-05-12T23:25:31.806+0300][1041.786s][36520] GC(24683)         Total                          Min: 0, Avg:  0.0, Max: 0, Diff: 0, Sum: 0, Workers: 10
[2025-05-12T23:25:31.806+0300][1041.786s][36520] GC(24683)       Weak JFR Old Object Samples    Min:  0.0, Avg:  0.0, Max:  0.0, Diff:  0.0, Sum:  0.0, Workers: 10
[2025-05-12T23:25:31.806+0300][1041.786s][36520] GC(24683)         Dead                           Min: 0, Avg:  0.0, Max: 0, Diff: 0, Sum: 0, Workers: 10
[2025-05-12T23:25:31.806+0300][1041.786s][36520] GC(24683)         Total                          Min: 0, Avg:  0.0, Max: 0, Diff: 0, Sum: 0, Workers: 10
[2025-05-12T23:25:31.806+0300][1041.786s][36520] GC(24683)     Post Evacuate Cleanup 1: 0.2ms
[2025-05-12T23:25:31.806+0300][1041.786s][36520] GC(24683)       Merge Per-Thread State (ms):   Min:  0.0, Avg:  0.0, Max:  0.0, Diff:  0.0, Sum:  0.0, Workers: 1
[2025-05-12T23:25:31.806+0300][1041.786s][36520] GC(24683)         Copied Bytes                   Min: 0, Avg:  0.0, Max: 0, Diff: 0, Sum: 0, Workers: 2
[2025-05-12T23:25:31.806+0300][1041.786s][36520] GC(24683)         LAB Waste                      Min: 0, Avg:  0.0, Max: 0, Diff: 0, Sum: 0, Workers: 2
[2025-05-12T23:25:31.806+0300][1041.786s][36520] GC(24683)         LAB Undo Waste                 Min: 0, Avg:  0.0, Max: 0, Diff: 0, Sum: 0, Workers: 2
[2025-05-12T23:25:31.806+0300][1041.786s][36520] GC(24683)       Clear Logged Cards (ms):       Min:  0.0, Avg:  0.0, Max:  0.0, Diff:  0.0, Sum:  0.0, Workers: 2
[2025-05-12T23:25:31.806+0300][1041.786s][36520] GC(24683)       Recalculate Used Memory (ms):  Min:  0.0, Avg:  0.0, Max:  0.0, Diff:  0.0, Sum:  0.0, Workers: 1
[2025-05-12T23:25:31.806+0300][1041.786s][36520] GC(24683)       Restore Retained Regions (ms): Min:  0.0, Avg:  0.0, Max:  0.0, Diff:  0.0, Sum:  0.1, Workers: 2
[2025-05-12T23:25:31.806+0300][1041.786s][36520] GC(24683)         Evacuation Failure Regions:    Min: 1, Avg:  1.0, Max: 1, Diff: 0, Sum: 1, Workers: 1
[2025-05-12T23:25:31.806+0300][1041.786s][36520] GC(24683)         Remove Self Forwards (ms):     Min:  0.0, Avg:  0.0, Max:  0.0, Diff:  0.0, Sum:  0.1, Workers: 2
[2025-05-12T23:25:31.806+0300][1041.786s][36520] GC(24683)           Forward Chunks:                Min: 24, Avg: 26.0, Max: 28, Diff: 4, Sum: 52, Workers: 2
[2025-05-12T23:25:31.806+0300][1041.786s][36520] GC(24683)           Empty Forward Chunks:          Min: 12, Avg: 12.0, Max: 12, Diff: 0, Sum: 12, Workers: 1
[2025-05-12T23:25:31.806+0300][1041.786s][36520] GC(24683)           Forward Objects:               Min: 1358, Avg: 1431.0, Max: 1504, Diff: 146, Sum: 2862, Workers: 2
[2025-05-12T23:25:31.806+0300][1041.786s][36520] GC(24683)           Forward Bytes:                 Min: 70760, Avg: 75716.0, Max: 80672, Diff: 9912, Sum: 151432, Workers: 2
[2025-05-12T23:25:31.806+0300][1041.786s][36520] GC(24683)     Post Evacuate Cleanup 2: 0.1ms
[2025-05-12T23:25:31.806+0300][1041.786s][36520] GC(24683)       Recalculate Used Memory (ms):  Min:  0.0, Avg:  0.0, Max:  0.0, Diff:  0.0, Sum:  0.0, Workers: 1
[2025-05-12T23:25:31.806+0300][1041.786s][36520] GC(24683)       Restore Preserved Marks (ms):  Min:  0.0, Avg:  0.0, Max:  0.0, Diff:  0.0, Sum:  0.0, Workers: 2
[2025-05-12T23:25:31.806+0300][1041.786s][36520] GC(24683)       Clear Retained Region Bitmaps (ms): Min:  0.0, Avg:  0.0, Max:  0.0, Diff:  0.0, Sum:  0.0, Workers: 2
[2025-05-12T23:25:31.806+0300][1041.786s][36520] GC(24683)       Update Derived Pointers (ms):  Min:  0.0, Avg:  0.0, Max:  0.0, Diff:  0.0, Sum:  0.0, Workers: 1
[2025-05-12T23:25:31.806+0300][1041.786s][36520] GC(24683)       Eagerly Reclaim Humongous Objects (ms): skipped
[2025-05-12T23:25:31.806+0300][1041.786s][36520] GC(24683)         Humongous Total                skipped
[2025-05-12T23:25:31.806+0300][1041.786s][36520] GC(24683)         Humongous Candidates           skipped
[2025-05-12T23:25:31.806+0300][1041.786s][36520] GC(24683)         Humongous Reclaimed            skipped
[2025-05-12T23:25:31.806+0300][1041.786s][36520] GC(24683)       Redirty Logged Cards (ms):     Min:  0.0, Avg:  0.0, Max:  0.0, Diff:  0.0, Sum:  0.0, Workers: 2
[2025-05-12T23:25:31.806+0300][1041.786s][36520] GC(24683)         Redirtied Cards:               Min: 0, Avg:  0.0, Max: 0, Diff: 0, Sum: 0, Workers: 2
[2025-05-12T23:25:31.806+0300][1041.786s][36520] GC(24683)       Resize TLABs (ms):             Min:  0.0, Avg:  0.0, Max:  0.0, Diff:  0.0, Sum:  0.0, Workers: 2
[2025-05-12T23:25:31.806+0300][1041.786s][36520] GC(24683)       Free Collection Set (ms):      Min:  0.0, Avg:  0.0, Max:  0.0, Diff:  0.0, Sum:  0.0, Workers: 2
[2025-05-12T23:25:31.806+0300][1041.786s][36520] GC(24683)     Rebuild Free List: 0.1ms
[2025-05-12T23:25:31.806+0300][1041.786s][36520] GC(24683)     Prepare For Mutator: 0.1ms
[2025-05-12T23:25:31.806+0300][1041.786s][36520] GC(24683)     Expand Heap After Collection: 0.0ms
[2025-05-12T23:25:31.806+0300][1041.786s][36520] GC(24683)   Other: 0.3ms
[2025-05-12T23:25:31.807+0300][1041.786s][36520] GC(24683) Coarsening (recent): Inline->AoC 0 (0) AoC->Howl 0 (0) Howl->Full 0 (0) Inline->AoC 0 (0) AoC->BitMap 0 (0) BitMap->Full 0 (0) 
[2025-05-12T23:25:31.807+0300][1041.786s][36520] GC(24683) Coarsening (all): Inline->AoC 10920 (0) AoC->Howl 7731 (0) Howl->Full 0 (0) Inline->AoC 10809 (0) AoC->BitMap 7399 (0) BitMap->Full 0 (0) 
[2025-05-12T23:25:31.807+0300][1041.786s][36520] GC(24683) Eden regions: 1->0(0)
[2025-05-12T23:25:31.807+0300][1041.786s][36520] GC(24683) Survivor regions: 0->0(0)
[2025-05-12T23:25:31.807+0300][1041.786s][36520] GC(24683) Old regions: 11->12
[2025-05-12T23:25:31.807+0300][1041.786s][36520] GC(24683) Humongous regions: 0->0
[2025-05-12T23:25:31.807+0300][1041.786s][36520] GC(24683) Metaspace: 10759K(12736K)->10759K(12736K) NonClass: 9683K(11328K)->9683K(11328K) Class: 1076K(1408K)->1076K(1408K)
[2025-05-12T23:25:31.807+0300][1041.786s][36520] GC(24683) Heap after GC invocations=21152 (full 7082):
[2025-05-12T23:25:31.807+0300][1041.786s][36520] GC(24683)  garbage-first heap   total 12288K, used 12231K [0x00000000ff400000, 0x0000000100000000)
[2025-05-12T23:25:31.807+0300][1041.786s][36520] GC(24683)   region size 1024K, 0 young (0K), 0 survivors (0K)
[2025-05-12T23:25:31.807+0300][1041.786s][36520] GC(24683)  Metaspace       used 10759K, committed 12736K, reserved 1114112K
[2025-05-12T23:25:31.807+0300][1041.786s][36520] GC(24683)   class space    used 1076K, committed 1408K, reserved 1048576K
[2025-05-12T23:25:31.807+0300][1041.786s][36520] GC(24683) Pause Young (Normal) (G1 Evacuation Pause) (Evacuation Failure) 11M->11M(12M) 2.852ms
[2025-05-12T23:25:31.807+0300][1041.786s][36520] GC(24683) User=0.00s Sys=0.00s Real=0.00s
[2025-05-12T23:25:31.807+0300][1041.786s][36520] Attempt heap expansion (allocation request failed). Allocation request: 2048B
[2025-05-12T23:25:31.807+0300][1041.786s][36520] Expand the heap. requested expansion amount: 1048576B expansion amount: 1048576B
[2025-05-12T23:25:31.807+0300][1041.786s][36520] Did not expand the heap (heap already fully expanded)
[2025-05-12T23:25:31.807+0300][1041.786s][36520] Attempting full compaction
[2025-05-12T23:25:31.807+0300][1041.786s][36520] GC(24684) Pause Full (G1 Compaction Pause)
[2025-05-12T23:25:31.807+0300][1041.786s][36520] GC(24684) Heap before GC invocations=21152 (full 7082):
[2025-05-12T23:25:31.807+0300][1041.786s][36520] GC(24684)  garbage-first heap   total 12288K, used 12231K [0x00000000ff400000, 0x0000000100000000)
[2025-05-12T23:25:31.807+0300][1041.786s][36520] GC(24684)   region size 1024K, 0 young (0K), 0 survivors (0K)
[2025-05-12T23:25:31.807+0300][1041.786s][36520] GC(24684)  Metaspace       used 10759K, committed 12736K, reserved 1114112K
[2025-05-12T23:25:31.807+0300][1041.786s][36520] GC(24684)   class space    used 1076K, committed 1408K, reserved 1048576K
[2025-05-12T23:25:31.807+0300][1041.786s][36520] GC(24684) Requesting 1 active workers for full compaction (waste limited workers: 1, adaptive workers: 2, used limited workers: 12)
[2025-05-12T23:25:31.807+0300][1041.786s][36520] GC(24684) Using 1 workers of 10 for full compaction
[2025-05-12T23:25:31.807+0300][1041.786s][36520] GC(24684) Mutator Allocation stats, regions: 0, wasted size: 0B ( 0.0%)
[2025-05-12T23:25:31.807+0300][1041.786s][36520] GC(24684) Phase 1: Mark live objects
[2025-05-12T23:25:31.815+0300][1041.793s][36520] GC(24684) Phase 1: Reference Processing
[2025-05-12T23:25:31.815+0300][1041.793s][36520] GC(24684) ReferenceProcessor::execute queues: 1, RefProcThreadModel::Single, marks_oops_alive: false
[2025-05-12T23:25:31.815+0300][1041.793s][36520] GC(24684) Skipped KeepAliveFinalRefsPhase of Reference Processing: no references
[2025-05-12T23:25:31.815+0300][1041.793s][36520] GC(24684) ReferenceProcessor::execute queues: 1, RefProcThreadModel::Single, marks_oops_alive: false
[2025-05-12T23:25:31.815+0300][1041.793s][36520] GC(24684) Reference Processing: 0.0ms
[2025-05-12T23:25:31.815+0300][1041.793s][36520] GC(24684)   Notify Soft/WeakReferences: 0.0ms
[2025-05-12T23:25:31.815+0300][1041.793s][36520] GC(24684)     SoftRef: 0.0ms
[2025-05-12T23:25:31.815+0300][1041.793s][36520] GC(24684)     WeakRef: 0.0ms
[2025-05-12T23:25:31.815+0300][1041.793s][36520] GC(24684)     FinalRef: 0.0ms
[2025-05-12T23:25:31.815+0300][1041.793s][36520] GC(24684)     Total: 0.0ms
[2025-05-12T23:25:31.815+0300][1041.793s][36520] GC(24684)   Notify and keep alive finalizable: 0.0ms
[2025-05-12T23:25:31.815+0300][1041.793s][36520] GC(24684)     FinalRef: skipped
[2025-05-12T23:25:31.815+0300][1041.793s][36520] GC(24684)   Notify PhantomReferences: 0.0ms
[2025-05-12T23:25:31.815+0300][1041.794s][36520] GC(24684)     PhantomRef: 0.0ms
[2025-05-12T23:25:31.815+0300][1041.794s][36520] GC(24684)   SoftReference Discovered: 46, Dropped: 4, Processed: 42
[2025-05-12T23:25:31.815+0300][1041.794s][36520] GC(24684)   WeakReference Discovered: 34, Dropped: 13, Processed: 21
[2025-05-12T23:25:31.815+0300][1041.794s][36520] GC(24684)   FinalReference Discovered: 0, Dropped: 0, Processed: 0
[2025-05-12T23:25:31.815+0300][1041.794s][36520] GC(24684)   PhantomReference Discovered: 23, Dropped: 23, Processed: 0
[2025-05-12T23:25:31.815+0300][1041.794s][36520] GC(24684) Phase 1: Reference Processing 0.193ms
[2025-05-12T23:25:31.815+0300][1041.794s][36520] GC(24684) Phase 1: Weak Processing
[2025-05-12T23:25:31.815+0300][1041.794s][36520] GC(24684)   VM Weak                        Min:  0.0, Avg:  0.0, Max:  0.0, Diff:  0.0, Sum:  0.0, Workers: 10
[2025-05-12T23:25:31.815+0300][1041.794s][36520] GC(24684)     Dead                           Min: 0, Avg:  2.1, Max: 21, Diff: 21, Sum: 21, Workers: 10
[2025-05-12T23:25:31.815+0300][1041.794s][36520] GC(24684)     Total                          Min: 0, Avg:  6.7, Max: 67, Diff: 67, Sum: 67, Workers: 10
[2025-05-12T23:25:31.815+0300][1041.794s][36520] GC(24684)   ObjectSynchronizer Weak        Min:  0.0, Avg:  0.0, Max:  0.0, Diff:  0.0, Sum:  0.0, Workers: 10
[2025-05-12T23:25:31.815+0300][1041.794s][36520] GC(24684)     Dead                           Min: 0, Avg:  0.0, Max: 0, Diff: 0, Sum: 0, Workers: 10
[2025-05-12T23:25:31.815+0300][1041.794s][36520] GC(24684)     Total                          Min: 0, Avg:  0.1, Max: 1, Diff: 1, Sum: 1, Workers: 10
[2025-05-12T23:25:31.815+0300][1041.794s][36520] GC(24684)   JVMTI Tag Weak OopStorage      Min:  0.0, Avg:  0.0, Max:  0.1, Diff:  0.1, Sum:  0.5, Workers: 10
[2025-05-12T23:25:31.815+0300][1041.794s][36520] GC(24684)     Dead                           Min: 0, Avg:  2.1, Max: 21, Diff: 21, Sum: 21, Workers: 10
[2025-05-12T23:25:31.815+0300][1041.794s][36520] GC(24684)     Total                          Min: 4631, Avg: 6289.9, Max: 17790, Diff: 13159, Sum: 62899, Workers: 10
[2025-05-12T23:25:31.815+0300][1041.794s][36520] GC(24684)   StringTable Weak               Min:  0.0, Avg:  0.0, Max:  0.0, Diff:  0.0, Sum:  0.2, Workers: 10
[2025-05-12T23:25:31.815+0300][1041.794s][36520] GC(24684)     Dead                           Min: 1, Avg: 14.1, Max: 38, Diff: 37, Sum: 141, Workers: 10
[2025-05-12T23:25:31.815+0300][1041.794s][36520] GC(24684)     Total                          Min: 3520, Avg: 3952.9, Max: 4992, Diff: 1472, Sum: 39529, Workers: 10
[2025-05-12T23:25:31.815+0300][1041.794s][36520] GC(24684)   ResolvedMethodTable Weak       Min:  0.0, Avg:  0.0, Max:  0.0, Diff:  0.0, Sum:  0.0, Workers: 10
[2025-05-12T23:25:31.815+0300][1041.794s][36520] GC(24684)     Dead                           Min: 0, Avg:  5.2, Max: 38, Diff: 38, Sum: 52, Workers: 10
[2025-05-12T23:25:31.815+0300][1041.794s][36520] GC(24684)     Total                          Min: 0, Avg: 75.7, Max: 124, Diff: 124, Sum: 757, Workers: 10
[2025-05-12T23:25:31.815+0300][1041.794s][36520] GC(24684)   JNI Weak                       Min:  0.0, Avg:  0.0, Max:  0.0, Diff:  0.0, Sum:  0.0, Workers: 10
[2025-05-12T23:25:31.815+0300][1041.794s][36520] GC(24684)     Dead                           Min: 0, Avg:  0.0, Max: 0, Diff: 0, Sum: 0, Workers: 10
[2025-05-12T23:25:31.815+0300][1041.794s][36520] GC(24684)     Total                          Min: 0, Avg:  1.1, Max: 11, Diff: 11, Sum: 11, Workers: 10
[2025-05-12T23:25:31.815+0300][1041.794s][36520] GC(24684)   StringDedup Table Weak         Min:  0.0, Avg:  0.0, Max:  0.0, Diff:  0.0, Sum:  0.0, Workers: 10
[2025-05-12T23:25:31.815+0300][1041.794s][36520] GC(24684)     Dead                           Min: 0, Avg:  0.0, Max: 0, Diff: 0, Sum: 0, Workers: 10
[2025-05-12T23:25:31.815+0300][1041.794s][36520] GC(24684)     Total                          Min: 0, Avg:  0.0, Max: 0, Diff: 0, Sum: 0, Workers: 10
[2025-05-12T23:25:31.815+0300][1041.794s][36520] GC(24684)   StringDedup Requests0 Weak     Min:  0.0, Avg:  0.0, Max:  0.0, Diff:  0.0, Sum:  0.0, Workers: 10
[2025-05-12T23:25:31.815+0300][1041.794s][36520] GC(24684)     Dead                           Min: 0, Avg:  0.0, Max: 0, Diff: 0, Sum: 0, Workers: 10
[2025-05-12T23:25:31.815+0300][1041.794s][36520] GC(24684)     Total                          Min: 0, Avg:  0.0, Max: 0, Diff: 0, Sum: 0, Workers: 10
[2025-05-12T23:25:31.815+0300][1041.794s][36520] GC(24684)   StringDedup Requests1 Weak     Min:  0.0, Avg:  0.0, Max:  0.0, Diff:  0.0, Sum:  0.0, Workers: 10
[2025-05-12T23:25:31.815+0300][1041.794s][36520] GC(24684)     Dead                           Min: 0, Avg:  0.0, Max: 0, Diff: 0, Sum: 0, Workers: 10
[2025-05-12T23:25:31.815+0300][1041.794s][36520] GC(24684)     Total                          Min: 0, Avg:  0.0, Max: 0, Diff: 0, Sum: 0, Workers: 10
[2025-05-12T23:25:31.815+0300][1041.794s][36520] GC(24684)   Weak JFR Old Object Samples    Min:  0.0, Avg:  0.0, Max:  0.0, Diff:  0.0, Sum:  0.0, Workers: 10
[2025-05-12T23:25:31.815+0300][1041.794s][36520] GC(24684)     Dead                           Min: 0, Avg:  0.0, Max: 0, Diff: 0, Sum: 0, Workers: 10
[2025-05-12T23:25:31.815+0300][1041.794s][36520] GC(24684)     Total                          Min: 0, Avg:  0.0, Max: 0, Diff: 0, Sum: 0, Workers: 10
[2025-05-12T23:25:31.815+0300][1041.794s][36520] GC(24684) Phase 1: Weak Processing 0.511ms
[2025-05-12T23:25:31.815+0300][1041.794s][36520] GC(24684) Phase 1: Class Unloading and Cleanup
[2025-05-12T23:25:31.815+0300][1041.794s][36520] GC(24684) ClassLoaderData
[2025-05-12T23:25:31.815+0300][1041.794s][36520] GC(24684) ClassLoaderData 0.064ms
[2025-05-12T23:25:31.815+0300][1041.794s][36520] GC(24684) Trigger cleanups
[2025-05-12T23:25:31.815+0300][1041.794s][36520] GC(24684) Trigger cleanups 0.009ms
[2025-05-12T23:25:31.819+0300][1041.798s][36520] GC(24684) Phase 1: Class Unloading and Cleanup 3.833ms
[2025-05-12T23:25:31.819+0300][1041.798s][36520] GC(24684) Report Object Count
[2025-05-12T23:25:31.819+0300][1041.798s][36520] GC(24684) Report Object Count 0.011ms
[2025-05-12T23:25:31.819+0300][1041.798s][36520] GC(24684) Phase 1: Mark live objects 11.605ms
[2025-05-12T23:25:31.819+0300][1041.798s][36520] GC(24684) Phase 2: Prepare compaction
[2025-05-12T23:25:31.819+0300][1041.798s][36520] GC(24684) Phase 2: Determine work lists
[2025-05-12T23:25:31.819+0300][1041.798s][36520] GC(24684) Phase 2: Determine work lists 0.010ms
[2025-05-12T23:25:31.819+0300][1041.798s][36520] GC(24684) Phase 2: Prepare parallel compaction
[2025-05-12T23:25:31.820+0300][1041.798s][36520] GC(24684) Phase 2: Prepare parallel compaction 0.248ms
[2025-05-12T23:25:31.820+0300][1041.798s][36520] GC(24684) Phase 2: Prepare compaction 0.297ms
[2025-05-12T23:25:31.820+0300][1041.798s][36520] GC(24684) Phase 3: Adjust pointers
[2025-05-12T23:25:31.823+0300][1041.802s][36520] GC(24684) Phase 3: Adjust pointers 4.145ms
[2025-05-12T23:25:31.823+0300][1041.802s][36520] GC(24684) Phase 4: Compact heap
[2025-05-12T23:25:31.824+0300][1041.803s][36520] GC(24684) Phase 4: Compact heap 0.191ms
[2025-05-12T23:25:31.824+0300][1041.803s][36520] GC(24684) Phase 5: Reset Metadata
[2025-05-12T23:25:31.825+0300][1041.804s][36520] GC(24684) Phase 5: Reset Metadata 1.527ms
[2025-05-12T23:25:31.825+0300][1041.805s][36520] GC(24684) Running G1 Clear Bitmap with 1 workers for 1 work units.
[2025-05-12T23:25:31.827+0300][1041.806s][36520] GC(24684) Request concurrent cycle initiation (occupancy higher than threshold) occupancy: 11534336B allocation request: 0B threshold: 3748424B (29.79) source: end of Full GC
[2025-05-12T23:25:31.827+0300][1041.806s][36520] Old generation allocation in the last mutator period, old gen allocated: 0B, humongous allocated: 0B, old gen growth: 0B.
[2025-05-12T23:25:31.827+0300][1041.806s][36520] GC(24684) Coarsening (recent): Inline->AoC 0 (0) AoC->Howl 0 (0) Howl->Full 0 (0) Inline->AoC 0 (0) AoC->BitMap 0 (0) BitMap->Full 0 (0) 
[2025-05-12T23:25:31.827+0300][1041.806s][36520] GC(24684) Coarsening (all): Inline->AoC 10920 (0) AoC->Howl 7731 (0) Howl->Full 0 (0) Inline->AoC 10809 (0) AoC->BitMap 7399 (0) BitMap->Full 0 (0) 
[2025-05-12T23:25:31.827+0300][1041.806s][36520] GC(24684) Eden regions: 0->0(1)
[2025-05-12T23:25:31.827+0300][1041.806s][36520] GC(24684) Survivor regions: 0->0(0)
[2025-05-12T23:25:31.827+0300][1041.806s][36520] GC(24684) Old regions: 12->11
[2025-05-12T23:25:31.827+0300][1041.806s][36520] GC(24684) Humongous regions: 0->0
[2025-05-12T23:25:31.827+0300][1041.806s][36520] GC(24684) Metaspace: 10759K(12736K)->10716K(12736K) NonClass: 9683K(11328K)->9652K(11328K) Class: 1076K(1408K)->1064K(1408K)
[2025-05-12T23:25:31.827+0300][1041.806s][36520] GC(24684) Heap after GC invocations=21153 (full 7083):
[2025-05-12T23:25:31.827+0300][1041.806s][36520] GC(24684)  garbage-first heap   total 12288K, used 11165K [0x00000000ff400000, 0x0000000100000000)
[2025-05-12T23:25:31.827+0300][1041.806s][36520] GC(24684)   region size 1024K, 0 young (0K), 0 survivors (0K)
[2025-05-12T23:25:31.827+0300][1041.806s][36520] GC(24684)  Metaspace       used 10716K, committed 12736K, reserved 1114112K
[2025-05-12T23:25:31.827+0300][1041.806s][36520] GC(24684)   class space    used 1064K, committed 1408K, reserved 1048576K
[2025-05-12T23:25:31.827+0300][1041.806s][36520] GC(24684) Pause Full (G1 Compaction Pause) 11M->10M(12M) 19.929ms
[2025-05-12T23:25:31.827+0300][1041.806s][36520] GC(24684) User=0.00s Sys=0.00s Real=0.02s
[2025-05-12T23:25:31.827+0300][1041.806s][9340 ] G1 Service Thread (Card Set Free Memory Task) (run: 21.503ms) (cpu: 0.000ms)
[2025-05-12T23:25:31.842+0300][1041.822s][36520] GC(24685) Initiate concurrent cycle (concurrent cycle initiation requested)
[2025-05-12T23:25:31.842+0300][1041.822s][36520] GC(24685) Pause Young (Concurrent Start) (G1 Evacuation Pause)
[2025-05-12T23:25:31.842+0300][1041.822s][36520] GC(24685) Heap before GC invocations=21153 (full 7083):
[2025-05-12T23:25:31.842+0300][1041.822s][36520] GC(24685)  garbage-first heap   total 12288K, used 12189K [0x00000000ff400000, 0x0000000100000000)
[2025-05-12T23:25:31.842+0300][1041.822s][36520] GC(24685)   region size 1024K, 1 young (1024K), 0 survivors (0K)
[2025-05-12T23:25:31.843+0300][1041.822s][36520] GC(24685)  Metaspace       used 10757K, committed 12736K, reserved 1114112K
[2025-05-12T23:25:31.843+0300][1041.822s][36520] GC(24685)   class space    used 1075K, committed 1408K, reserved 1048576K
[2025-05-12T23:25:31.843+0300][1041.822s][36520] GC(24685) Using 2 workers of 10 for evacuation
[2025-05-12T23:25:31.843+0300][1041.822s][36520] GC(24685) Desired survivor size 524288 bytes, new threshold 15 (max threshold 15)
[2025-05-12T23:25:31.843+0300][1041.822s][36520] GC(24685) TLAB totals: thrds: 1  refills: 319 max: 319 slow allocs: 159 max 159 waste: 22.1% gc: 0B max: 0B slow: 191328B max: 191328B
[2025-05-12T23:25:31.843+0300][1041.822s][36520] GC(24685) Mutator refinement: 0.00ms, refined: 0, precleaned: 0, dirtied: 90
[2025-05-12T23:25:31.843+0300][1041.822s][36520] GC(24685) Concurrent refinement: 0.00ms, refined: 0, precleaned: 0, dirtied: 0
[2025-05-12T23:25:31.843+0300][1041.822s][36520] GC(24685) Total refinement: 0.00ms, refined: 0, precleaned: 0, dirtied: 90
[2025-05-12T23:25:31.843+0300][1041.822s][36520] GC(24685) Generate dirty cards rate: 5.59 cards/ms
[2025-05-12T23:25:31.843+0300][1041.822s][36520] GC(24685) Mutator Allocation stats, regions: 1, wasted size: 1368B ( 0.1%)
[2025-05-12T23:25:31.843+0300][1041.822s][36520] GC(24685) No candidates to reclaim.
[2025-05-12T23:25:31.843+0300][1041.822s][36520] GC(24685) Running G1 Merge Heap Roots using 2 workers for 1 regions
[2025-05-12T23:25:31.843+0300][1041.822s][36520] GC(24685) Visited cards 992 Total dirty 12288 (8.07%) Total old 26624 (3.73%)
[2025-05-12T23:25:31.843+0300][1041.822s][13972] GC(24685) Attempt heap expansion (region allocation request failed). Allocation request: 2064B
[2025-05-12T23:25:31.843+0300][1041.823s][13972] GC(24685) Did not expand the heap (heap already fully expanded)
[2025-05-12T23:25:31.843+0300][1041.823s][36520] GC(24685) ReferenceProcessor::execute queues: 1, RefProcThreadModel::Single, marks_oops_alive: false
[2025-05-12T23:25:31.843+0300][1041.823s][36520] GC(24685) Skipped KeepAliveFinalRefsPhase of Reference Processing: no references
[2025-05-12T23:25:31.843+0300][1041.823s][36520] GC(24685) Skipped PhantomRefsPhase of Reference Processing: no references
[2025-05-12T23:25:31.844+0300][1041.823s][36520] GC(24685) Initializing removing self forwards with 64 chunks per region
[2025-05-12T23:25:31.844+0300][1041.823s][36520] GC(24685) Running G1 Rebuild Free List Task using 2 workers for rebuilding free list of regions
[2025-05-12T23:25:31.844+0300][1041.823s][36520] GC(24685) Young PLAB allocation: allocated: 0B, wasted: 0B, unused: 0B, used: 0B, undo waste: 0B, 
[2025-05-12T23:25:31.844+0300][1041.823s][36520] GC(24685) Young other allocation: region end waste: 0B, regions filled: 0, num plab filled: 2, direct allocated: 0B, num direct allocated: 0, failure used: 0B, failure wasted: 0B
[2025-05-12T23:25:31.844+0300][1041.823s][36520] GC(24685) Young sizing: calculated: 0B, actual: 2064B
[2025-05-12T23:25:31.844+0300][1041.823s][36520] GC(24685) Old PLAB allocation: allocated: 0B, wasted: 0B, unused: 0B, used: 0B, undo waste: 0B, 
[2025-05-12T23:25:31.844+0300][1041.823s][36520] GC(24685) Old other allocation: region end waste: 0B, regions filled: 0, num plab filled: 2, direct allocated: 0B, num direct allocated: 0, failure used: 221112B, failure wasted: 827464B
[2025-05-12T23:25:31.844+0300][1041.823s][36520] GC(24685) Old sizing: calculated: 0B, actual: 2064B
[2025-05-12T23:25:31.844+0300][1041.823s][36520] GC(24685) Heap expansion: short term pause time ratio 39.49% long term pause time ratio 41.04% threshold 7.69% pause time ratio 7.69% fully expanded true resize by 0B
[2025-05-12T23:25:31.844+0300][1041.824s][36520] GC(24685) MMU: 6.7ms (200.0ms/201.0ms)
[2025-05-12T23:25:31.844+0300][1041.824s][36520] Old generation allocation in the last mutator period, old gen allocated: 1048576B, humongous allocated: 0B, old gen growth: 1048576B.
[2025-05-12T23:25:31.844+0300][1041.824s][36520] GC(24685) Basic information (value update), threshold: 3573422B (28.40), target occupancy: 12582912B, current occupancy: 12481632B, recent allocation size: 1048576B, recent allocation duration: 16.09ms, recent old gen allocation rate: 65168611.95B/s, recent marking phase length: 120.12ms
[2025-05-12T23:25:31.844+0300][1041.824s][9340 ] G1 Service Thread (Card Set Free Memory Task) (run 0.043ms after schedule)
[2025-05-12T23:25:31.844+0300][1041.824s][36520] GC(24685) Adaptive IHOP information (value update), threshold: 3573422B (33.41), internal target occupancy: 10695475B, occupancy: 12481632B, additional buffer size: 1048576B, predicted old gen allocation rate: 50325928.40B/s, predicted marking phase length: 120.68ms, prediction active: true
[2025-05-12T23:25:31.844+0300][1041.824s][36520] GC(24685) GC refinement: goal: 18446744073709551615 + 103 / 20.00ms, actual: 90 / 0.03ms, 
[2025-05-12T23:25:31.844+0300][1041.824s][36520] GC(24685) Unchanged pending cards target: 18446744073709551615
[2025-05-12T23:25:31.844+0300][1041.824s][36520] GC(24685)   Pre Evacuate Collection Set: 0.2ms
[2025-05-12T23:25:31.844+0300][1041.824s][36520] GC(24685)     Pre Evacuate Prepare: 0.1ms
[2025-05-12T23:25:31.844+0300][1041.824s][36520] GC(24685)       JT Retire TLABs And Flush Logs (ms): Min:  0.0, Avg:  0.0, Max:  0.0, Diff:  0.0, Sum:  0.0, Workers: 2
[2025-05-12T23:25:31.844+0300][1041.824s][36520] GC(24685)       Non-JT Flush Logs (ms):        Min:  0.0, Avg:  0.0, Max:  0.0, Diff:  0.0, Sum:  0.0, Workers: 1
[2025-05-12T23:25:31.844+0300][1041.824s][36520] GC(24685)     Choose Collection Set: 0.0ms
[2025-05-12T23:25:31.844+0300][1041.824s][36520] GC(24685)     Region Register: 0.1ms
[2025-05-12T23:25:31.844+0300][1041.824s][36520] GC(24685)     Prepare Heap Roots: 0.0ms
[2025-05-12T23:25:31.844+0300][1041.824s][36520] GC(24685)     Reset Marking State (ms):      Min:  0.0, Avg:  0.0, Max:  0.0, Diff:  0.0, Sum:  0.0, Workers: 1
[2025-05-12T23:25:31.844+0300][1041.824s][36520] GC(24685)     Note Start Of Mark (ms):       Min:  0.0, Avg:  0.0, Max:  0.0, Diff:  0.0, Sum:  0.0, Workers: 2
[2025-05-12T23:25:31.844+0300][1041.824s][36520] GC(24685)   Merge Heap Roots: 0.1ms
[2025-05-12T23:25:31.844+0300][1041.824s][36520] GC(24685)     Prepare Merge Heap Roots: 0.0ms
[2025-05-12T23:25:31.844+0300][1041.824s][36520] GC(24685)     Remembered Sets (ms):          Min:  0.0, Avg:  0.0, Max:  0.0, Diff:  0.0, Sum:  0.0, Workers: 2
[2025-05-12T23:25:31.844+0300][1041.824s][36520] GC(24685)       Eager Reclaim (ms):            skipped
[2025-05-12T23:25:31.844+0300][1041.824s][36520] GC(24685)       Merged Inline                  Min: 0, Avg:  0.0, Max: 0, Diff: 0, Sum: 0, Workers: 2
[2025-05-12T23:25:31.844+0300][1041.824s][36520] GC(24685)       Merged ArrayOfCards            Min: 0, Avg:  0.0, Max: 0, Diff: 0, Sum: 0, Workers: 2
[2025-05-12T23:25:31.844+0300][1041.824s][36520] GC(24685)       Merged Howl                    Min: 0, Avg:  0.0, Max: 0, Diff: 0, Sum: 0, Workers: 2
[2025-05-12T23:25:31.844+0300][1041.824s][36520] GC(24685)       Merged Full                    Min: 0, Avg:  0.0, Max: 0, Diff: 0, Sum: 0, Workers: 2
[2025-05-12T23:25:31.844+0300][1041.824s][36520] GC(24685)       Merged Howl Inline             Min: 0, Avg:  0.0, Max: 0, Diff: 0, Sum: 0, Workers: 2
[2025-05-12T23:25:31.844+0300][1041.824s][36520] GC(24685)       Merged Howl ArrayOfCards       Min: 0, Avg:  0.0, Max: 0, Diff: 0, Sum: 0, Workers: 2
[2025-05-12T23:25:31.844+0300][1041.824s][36520] GC(24685)       Merged Howl BitMap             Min: 0, Avg:  0.0, Max: 0, Diff: 0, Sum: 0, Workers: 2
[2025-05-12T23:25:31.844+0300][1041.824s][36520] GC(24685)       Merged Howl Full               Min: 0, Avg:  0.0, Max: 0, Diff: 0, Sum: 0, Workers: 2
[2025-05-12T23:25:31.844+0300][1041.824s][36520] GC(24685)       Merged Cards                   Min: 8, Avg:  8.0, Max: 8, Diff: 0, Sum: 16, Workers: 2
[2025-05-12T23:25:31.844+0300][1041.824s][36520] GC(24685)     Log Buffers (ms):              Min:  0.0, Avg:  0.0, Max:  0.0, Diff:  0.0, Sum:  0.0, Workers: 2
[2025-05-12T23:25:31.844+0300][1041.824s][36520] GC(24685)       Dirty Cards:                   Min: 16, Avg: 45.0, Max: 74, Diff: 58, Sum: 90, Workers: 2
[2025-05-12T23:25:31.844+0300][1041.824s][36520] GC(24685)       Skipped Cards:                 Min: 0, Avg:  0.0, Max: 0, Diff: 0, Sum: 0, Workers: 2
[2025-05-12T23:25:31.844+0300][1041.824s][36520] GC(24685)   Evacuate Collection Set: 0.4ms
[2025-05-12T23:25:31.844+0300][1041.824s][36520] GC(24685)     Ext Root Scanning (ms):        Min:  0.1, Avg:  0.1, Max:  0.2, Diff:  0.0, Sum:  0.3, Workers: 2
[2025-05-12T23:25:31.844+0300][1041.824s][36520] GC(24685)     Scan Heap Roots (ms):          Min:  0.0, Avg:  0.0, Max:  0.0, Diff:  0.0, Sum:  0.1, Workers: 2
[2025-05-12T23:25:31.844+0300][1041.824s][36520] GC(24685)       Scanned Cards:                 Min: 33, Avg: 45.0, Max: 57, Diff: 24, Sum: 90, Workers: 2
[2025-05-12T23:25:31.844+0300][1041.824s][36520] GC(24685)       Scanned Blocks:                Min: 26, Avg: 29.0, Max: 32, Diff: 6, Sum: 58, Workers: 2
[2025-05-12T23:25:31.844+0300][1041.824s][36520] GC(24685)       Claimed Chunks:                Min: 14, Avg: 15.5, Max: 17, Diff: 3, Sum: 31, Workers: 2
[2025-05-12T23:25:31.844+0300][1041.824s][36520] GC(24685)       Found Roots:                   Min: 32, Avg: 58.0, Max: 84, Diff: 52, Sum: 116, Workers: 2
[2025-05-12T23:25:31.844+0300][1041.824s][36520] GC(24685)     Code Root Scan (ms):           Min:  0.0, Avg:  0.0, Max:  0.0, Diff:  0.0, Sum:  0.0, Workers: 2
[2025-05-12T23:25:31.844+0300][1041.824s][36520] GC(24685)     Object Copy (ms):              Min:  0.1, Avg:  0.2, Max:  0.3, Diff:  0.1, Sum:  0.4, Workers: 2
[2025-05-12T23:25:31.844+0300][1041.824s][36520] GC(24685)     Termination (ms):              Min:  0.0, Avg:  0.0, Max:  0.0, Diff:  0.0, Sum:  0.0, Workers: 2
[2025-05-12T23:25:31.844+0300][1041.824s][36520] GC(24685)       Termination Attempts:          Min: 1, Avg:  1.0, Max: 1, Diff: 0, Sum: 2, Workers: 2
[2025-05-12T23:25:31.844+0300][1041.824s][36520] GC(24685)     GC Worker Other (ms):          Min:  0.0, Avg:  0.0, Max:  0.0, Diff:  0.0, Sum:  0.0, Workers: 2
[2025-05-12T23:25:31.844+0300][1041.824s][36520] GC(24685)     GC Worker Total (ms):          Min:  0.4, Avg:  0.4, Max:  0.4, Diff:  0.1, Sum:  0.8, Workers: 2
[2025-05-12T23:25:31.844+0300][1041.824s][36520] GC(24685)   Post Evacuate Collection Set: 0.6ms
[2025-05-12T23:25:31.844+0300][1041.824s][36520] GC(24685)     NMethod List Cleanup: 0.0ms
[2025-05-12T23:25:31.844+0300][1041.824s][36520] GC(24685)     Reference Processing: 0.1ms
[2025-05-12T23:25:31.844+0300][1041.824s][36520] GC(24685)       Notify Soft/WeakReferences: 0.0ms
[2025-05-12T23:25:31.844+0300][1041.824s][36520] GC(24685)         SoftRef (ms):                  Min:  0.0, Avg:  0.0, Max:  0.0, Diff:  0.0, Sum:  0.0, Workers: 1
[2025-05-12T23:25:31.845+0300][1041.824s][36520] GC(24685)         WeakRef (ms):                  Min:  0.0, Avg:  0.0, Max:  0.0, Diff:  0.0, Sum:  0.0, Workers: 1
[2025-05-12T23:25:31.845+0300][1041.824s][36520] GC(24685)         FinalRef (ms):                 Min:  0.0, Avg:  0.0, Max:  0.0, Diff:  0.0, Sum:  0.0, Workers: 1
[2025-05-12T23:25:31.845+0300][1041.824s][36520] GC(24685)         Total (ms):                    Min:  0.0, Avg:  0.0, Max:  0.0, Diff:  0.0, Sum:  0.0, Workers: 1
[2025-05-12T23:25:31.845+0300][1041.824s][36520] GC(24685)       Notify and keep alive finalizable: 0.0ms
[2025-05-12T23:25:31.845+0300][1041.824s][36520] GC(24685)         FinalRef (ms):                 skipped
[2025-05-12T23:25:31.845+0300][1041.824s][36520] GC(24685)       Notify PhantomReferences: 0.0ms
[2025-05-12T23:25:31.845+0300][1041.824s][36520] GC(24685)         PhantomRef (ms):               skipped
[2025-05-12T23:25:31.845+0300][1041.824s][36520] GC(24685)       SoftReference Discovered: 0, Dropped: 0, Processed: 0
[2025-05-12T23:25:31.845+0300][1041.824s][36520] GC(24685)       WeakReference Discovered: 34, Dropped: 11, Processed: 23
[2025-05-12T23:25:31.845+0300][1041.824s][36520] GC(24685)       FinalReference Discovered: 0, Dropped: 0, Processed: 0
[2025-05-12T23:25:31.845+0300][1041.824s][36520] GC(24685)       PhantomReference Discovered: 0, Dropped: 0, Processed: 0
[2025-05-12T23:25:31.845+0300][1041.824s][36520] GC(24685)     Weak Processing: 0.1ms
[2025-05-12T23:25:31.845+0300][1041.824s][36520] GC(24685)       VM Weak                        Min:  0.0, Avg:  0.0, Max:  0.0, Diff:  0.0, Sum:  0.0, Workers: 10
[2025-05-12T23:25:31.845+0300][1041.824s][36520] GC(24685)         Dead                           Min: 0, Avg:  0.0, Max: 0, Diff: 0, Sum: 0, Workers: 10
[2025-05-12T23:25:31.845+0300][1041.824s][36520] GC(24685)         Total                          Min: 0, Avg:  6.6, Max: 61, Diff: 61, Sum: 66, Workers: 10
[2025-05-12T23:25:31.845+0300][1041.824s][36520] GC(24685)       ObjectSynchronizer Weak        Min:  0.0, Avg:  0.0, Max:  0.0, Diff:  0.0, Sum:  0.0, Workers: 10
[2025-05-12T23:25:31.845+0300][1041.824s][36520] GC(24685)         Dead                           Min: 0, Avg:  0.0, Max: 0, Diff: 0, Sum: 0, Workers: 10
[2025-05-12T23:25:31.845+0300][1041.824s][36520] GC(24685)         Total                          Min: 0, Avg:  0.1, Max: 1, Diff: 1, Sum: 1, Workers: 10
[2025-05-12T23:25:31.845+0300][1041.824s][36520] GC(24685)       JVMTI Tag Weak OopStorage      Min:  0.0, Avg:  0.1, Max:  0.1, Diff:  0.0, Sum:  0.5, Workers: 10
[2025-05-12T23:25:31.845+0300][1041.824s][36520] GC(24685)         Dead                           Min: 0, Avg:  0.0, Max: 0, Diff: 0, Sum: 0, Workers: 10
[2025-05-12T23:25:31.845+0300][1041.824s][36520] GC(24685)         Total                          Min: 3714, Avg: 6289.8, Max: 12112, Diff: 8398, Sum: 62898, Workers: 10
[2025-05-12T23:25:31.845+0300][1041.824s][36520] GC(24685)       StringTable Weak               Min:  0.0, Avg:  0.0, Max:  0.0, Diff:  0.0, Sum:  0.2, Workers: 10
[2025-05-12T23:25:31.845+0300][1041.824s][36520] GC(24685)         Dead                           Min: 0, Avg:  0.0, Max: 0, Diff: 0, Sum: 0, Workers: 10
[2025-05-12T23:25:31.845+0300][1041.824s][36520] GC(24685)         Total                          Min: 3389, Avg: 3952.9, Max: 4864, Diff: 1475, Sum: 39529, Workers: 10
[2025-05-12T23:25:31.845+0300][1041.824s][36520] GC(24685)       ResolvedMethodTable Weak       Min:  0.0, Avg:  0.0, Max:  0.0, Diff:  0.0, Sum:  0.0, Workers: 10
[2025-05-12T23:25:31.845+0300][1041.824s][36520] GC(24685)         Dead                           Min: 0, Avg:  0.0, Max: 0, Diff: 0, Sum: 0, Workers: 10
[2025-05-12T23:25:31.845+0300][1041.824s][36520] GC(24685)         Total                          Min: 0, Avg: 76.4, Max: 127, Diff: 127, Sum: 764, Workers: 10
[2025-05-12T23:25:31.845+0300][1041.824s][36520] GC(24685)       JNI Weak                       Min:  0.0, Avg:  0.0, Max:  0.0, Diff:  0.0, Sum:  0.0, Workers: 10
[2025-05-12T23:25:31.845+0300][1041.824s][36520] GC(24685)         Dead                           Min: 0, Avg:  0.0, Max: 0, Diff: 0, Sum: 0, Workers: 10
[2025-05-12T23:25:31.845+0300][1041.824s][36520] GC(24685)         Total                          Min: 0, Avg:  1.1, Max: 11, Diff: 11, Sum: 11, Workers: 10
[2025-05-12T23:25:31.845+0300][1041.824s][36520] GC(24685)       StringDedup Table Weak         Min:  0.0, Avg:  0.0, Max:  0.0, Diff:  0.0, Sum:  0.0, Workers: 10
[2025-05-12T23:25:31.845+0300][1041.824s][36520] GC(24685)         Dead                           Min: 0, Avg:  0.0, Max: 0, Diff: 0, Sum: 0, Workers: 10
[2025-05-12T23:25:31.845+0300][1041.824s][36520] GC(24685)         Total                          Min: 0, Avg:  0.0, Max: 0, Diff: 0, Sum: 0, Workers: 10
[2025-05-12T23:25:31.845+0300][1041.824s][36520] GC(24685)       StringDedup Requests0 Weak     Min:  0.0, Avg:  0.0, Max:  0.0, Diff:  0.0, Sum:  0.0, Workers: 10
[2025-05-12T23:25:31.845+0300][1041.824s][36520] GC(24685)         Dead                           Min: 0, Avg:  0.0, Max: 0, Diff: 0, Sum: 0, Workers: 10
[2025-05-12T23:25:31.845+0300][1041.824s][36520] GC(24685)         Total                          Min: 0, Avg:  0.0, Max: 0, Diff: 0, Sum: 0, Workers: 10
[2025-05-12T23:25:31.845+0300][1041.824s][36520] GC(24685)       StringDedup Requests1 Weak     Min:  0.0, Avg:  0.0, Max:  0.0, Diff:  0.0, Sum:  0.0, Workers: 10
[2025-05-12T23:25:31.845+0300][1041.824s][36520] GC(24685)         Dead                           Min: 0, Avg:  0.0, Max: 0, Diff: 0, Sum: 0, Workers: 10
[2025-05-12T23:25:31.845+0300][1041.824s][36520] GC(24685)         Total                          Min: 0, Avg:  0.0, Max: 0, Diff: 0, Sum: 0, Workers: 10
[2025-05-12T23:25:31.845+0300][1041.824s][36520] GC(24685)       Weak JFR Old Object Samples    Min:  0.0, Avg:  0.0, Max:  0.0, Diff:  0.0, Sum:  0.0, Workers: 10
[2025-05-12T23:25:31.845+0300][1041.824s][36520] GC(24685)         Dead                           Min: 0, Avg:  0.0, Max: 0, Diff: 0, Sum: 0, Workers: 10
[2025-05-12T23:25:31.845+0300][1041.824s][36520] GC(24685)         Total                          Min: 0, Avg:  0.0, Max: 0, Diff: 0, Sum: 0, Workers: 10
[2025-05-12T23:25:31.845+0300][1041.824s][36520] GC(24685)     Post Evacuate Cleanup 1: 0.1ms
[2025-05-12T23:25:31.845+0300][1041.824s][36520] GC(24685)       Merge Per-Thread State (ms):   Min:  0.0, Avg:  0.0, Max:  0.0, Diff:  0.0, Sum:  0.0, Workers: 1
[2025-05-12T23:25:31.845+0300][1041.824s][36520] GC(24685)         Copied Bytes                   Min: 0, Avg:  0.0, Max: 0, Diff: 0, Sum: 0, Workers: 2
[2025-05-12T23:25:31.845+0300][1041.824s][36520] GC(24685)         LAB Waste                      Min: 0, Avg:  0.0, Max: 0, Diff: 0, Sum: 0, Workers: 2
[2025-05-12T23:25:31.845+0300][1041.824s][36520] GC(24685)         LAB Undo Waste                 Min: 0, Avg:  0.0, Max: 0, Diff: 0, Sum: 0, Workers: 2
[2025-05-12T23:25:31.845+0300][1041.824s][36520] GC(24685)       Clear Logged Cards (ms):       Min:  0.0, Avg:  0.0, Max:  0.0, Diff:  0.0, Sum:  0.0, Workers: 2
[2025-05-12T23:25:31.845+0300][1041.824s][36520] GC(24685)       Recalculate Used Memory (ms):  Min:  0.0, Avg:  0.0, Max:  0.0, Diff:  0.0, Sum:  0.0, Workers: 1
[2025-05-12T23:25:31.845+0300][1041.824s][36520] GC(24685)       Restore Retained Regions (ms): Min:  0.1, Avg:  0.1, Max:  0.1, Diff:  0.0, Sum:  0.1, Workers: 2
[2025-05-12T23:25:31.845+0300][1041.825s][36520] GC(24685)         Evacuation Failure Regions:    Min: 1, Avg:  1.0, Max: 1, Diff: 0, Sum: 1, Workers: 1
[2025-05-12T23:25:31.845+0300][1041.825s][36520] GC(24685)         Remove Self Forwards (ms):     Min:  0.1, Avg:  0.1, Max:  0.1, Diff:  0.0, Sum:  0.1, Workers: 2
[2025-05-12T23:25:31.845+0300][1041.825s][36520] GC(24685)           Forward Chunks:                Min: 28, Avg: 28.5, Max: 29, Diff: 1, Sum: 57, Workers: 2
[2025-05-12T23:25:31.845+0300][1041.825s][36520] GC(24685)           Empty Forward Chunks:          Min: 1, Avg:  3.5, Max: 6, Diff: 5, Sum: 7, Workers: 2
[2025-05-12T23:25:31.845+0300][1041.825s][36520] GC(24685)           Forward Objects:               Min: 2110, Avg: 2131.0, Max: 2152, Diff: 42, Sum: 4262, Workers: 2
[2025-05-12T23:25:31.845+0300][1041.825s][36520] GC(24685)           Forward Bytes:                 Min: 98800, Avg: 110556.0, Max: 122312, Diff: 23512, Sum: 221112, Workers: 2
[2025-05-12T23:25:31.845+0300][1041.825s][36520] GC(24685)     Post Evacuate Cleanup 2: 0.1ms
[2025-05-12T23:25:31.845+0300][1041.825s][36520] GC(24685)       Recalculate Used Memory (ms):  Min:  0.0, Avg:  0.0, Max:  0.0, Diff:  0.0, Sum:  0.0, Workers: 1
[2025-05-12T23:25:31.845+0300][1041.825s][36520] GC(24685)       Restore Preserved Marks (ms):  Min:  0.0, Avg:  0.0, Max:  0.0, Diff:  0.0, Sum:  0.0, Workers: 2
[2025-05-12T23:25:31.845+0300][1041.825s][36520] GC(24685)       Clear Retained Region Bitmaps (ms): skipped
[2025-05-12T23:25:31.845+0300][1041.825s][36520] GC(24685)       Update Derived Pointers (ms):  Min:  0.0, Avg:  0.0, Max:  0.0, Diff:  0.0, Sum:  0.0, Workers: 1
[2025-05-12T23:25:31.845+0300][1041.825s][36520] GC(24685)       Eagerly Reclaim Humongous Objects (ms): skipped
[2025-05-12T23:25:31.845+0300][1041.825s][36520] GC(24685)         Humongous Total                skipped
[2025-05-12T23:25:31.845+0300][1041.825s][36520] GC(24685)         Humongous Candidates           skipped
[2025-05-12T23:25:31.845+0300][1041.825s][36520] GC(24685)         Humongous Reclaimed            skipped
[2025-05-12T23:25:31.845+0300][1041.825s][36520] GC(24685)       Redirty Logged Cards (ms):     Min:  0.0, Avg:  0.0, Max:  0.0, Diff:  0.0, Sum:  0.0, Workers: 2
[2025-05-12T23:25:31.845+0300][1041.825s][36520] GC(24685)         Redirtied Cards:               Min: 0, Avg:  0.0, Max: 0, Diff: 0, Sum: 0, Workers: 2
[2025-05-12T23:25:31.845+0300][1041.825s][36520] GC(24685)       Resize TLABs (ms):             Min:  0.0, Avg:  0.0, Max:  0.0, Diff:  0.0, Sum:  0.0, Workers: 2
[2025-05-12T23:25:31.845+0300][1041.825s][36520] GC(24685)       Free Collection Set (ms):      Min:  0.0, Avg:  0.0, Max:  0.0, Diff:  0.0, Sum:  0.0, Workers: 2
[2025-05-12T23:25:31.845+0300][1041.825s][36520] GC(24685)     Rebuild Free List: 0.1ms
[2025-05-12T23:25:31.845+0300][1041.825s][36520] GC(24685)     Prepare For Mutator: 0.1ms
[2025-05-12T23:25:31.845+0300][1041.825s][36520] GC(24685)     Expand Heap After Collection: 0.0ms
[2025-05-12T23:25:31.845+0300][1041.825s][36520] GC(24685)   Other: 0.3ms
[2025-05-12T23:25:31.845+0300][1041.825s][36520] GC(24685) Coarsening (recent): Inline->AoC 0 (0) AoC->Howl 0 (0) Howl->Full 0 (0) Inline->AoC 0 (0) AoC->BitMap 0 (0) BitMap->Full 0 (0) 
[2025-05-12T23:25:31.845+0300][1041.825s][36520] GC(24685) Coarsening (all): Inline->AoC 10920 (0) AoC->Howl 7731 (0) Howl->Full 0 (0) Inline->AoC 10809 (0) AoC->BitMap 7399 (0) BitMap->Full 0 (0) 
[2025-05-12T23:25:31.845+0300][1041.825s][36520] GC(24685) Eden regions: 1->0(0)
[2025-05-12T23:25:31.845+0300][1041.825s][36520] GC(24685) Survivor regions: 0->0(0)
[2025-05-12T23:25:31.845+0300][1041.825s][36520] GC(24685) Old regions: 11->12
[2025-05-12T23:25:31.845+0300][1041.825s][36520] GC(24685) Humongous regions: 0->0
[2025-05-12T23:25:31.845+0300][1041.825s][36520] GC(24685) Metaspace: 10757K(12736K)->10757K(12736K) NonClass: 9682K(11328K)->9682K(11328K) Class: 1075K(1408K)->1075K(1408K)
[2025-05-12T23:25:31.845+0300][1041.825s][36520] GC(24685) Heap after GC invocations=21154 (full 7083):
[2025-05-12T23:25:31.845+0300][1041.825s][36520] GC(24685)  garbage-first heap   total 12288K, used 12189K [0x00000000ff400000, 0x0000000100000000)
[2025-05-12T23:25:31.845+0300][1041.825s][36520] GC(24685)   region size 1024K, 0 young (0K), 0 survivors (0K)
[2025-05-12T23:25:31.845+0300][1041.825s][36520] GC(24685)  Metaspace       used 10757K, committed 12736K, reserved 1114112K
[2025-05-12T23:25:31.845+0300][1041.825s][36520] GC(24685)   class space    used 1075K, committed 1408K, reserved 1048576K
[2025-05-12T23:25:31.845+0300][1041.825s][36520] GC(24685) Pause Young (Concurrent Start) (G1 Evacuation Pause) (Evacuation Failure) 11M->11M(12M) 2.859ms
[2025-05-12T23:25:31.845+0300][1041.825s][36520] GC(24685) User=0.00s Sys=0.00s Real=0.00s
[2025-05-12T23:25:31.845+0300][1041.825s][36520] Attempt heap expansion (allocation request failed). Allocation request: 2048B
[2025-05-12T23:25:31.845+0300][1041.825s][34628] GC(24686) Concurrent Mark Cycle
[2025-05-12T23:25:31.845+0300][1041.825s][36520] Expand the heap. requested expansion amount: 1048576B expansion amount: 1048576B
[2025-05-12T23:25:31.845+0300][1041.825s][34628] GC(24686) Concurrent Scan Root Regions
[2025-05-12T23:25:31.845+0300][1041.825s][36520] Did not expand the heap (heap already fully expanded)
[2025-05-12T23:25:31.845+0300][1041.825s][34628] GC(24686) Concurrent Scan Root Regions 0.033ms
[2025-05-12T23:25:31.845+0300][1041.825s][36520] Attempting full compaction
[2025-05-12T23:25:31.845+0300][1041.825s][34628] GC(24686) Concurrent Mark
[2025-05-12T23:25:31.845+0300][1041.825s][36520] GC(24687) Pause Full (G1 Compaction Pause)
[2025-05-12T23:25:31.845+0300][1041.825s][34628] GC(24686) Concurrent Mark From Roots
[2025-05-12T23:25:31.846+0300][1041.825s][34628] GC(24686) Using 3 workers of 3 for marking
[2025-05-12T23:25:31.846+0300][1041.825s][36520] GC(24687) Heap before GC invocations=21154 (full 7083):
[2025-05-12T23:25:31.846+0300][1041.825s][36520] GC(24687)  garbage-first heap   total 12288K, used 12189K [0x00000000ff400000, 0x0000000100000000)
[2025-05-12T23:25:31.846+0300][1041.825s][36520] GC(24687)   region size 1024K, 0 young (0K), 0 survivors (0K)
[2025-05-12T23:25:31.846+0300][1041.825s][36520] GC(24687)  Metaspace       used 10757K, committed 12736K, reserved 1114112K
[2025-05-12T23:25:31.846+0300][1041.825s][36520] GC(24687)   class space    used 1075K, committed 1408K, reserved 1048576K
[2025-05-12T23:25:31.846+0300][1041.825s][36520] GC(24687) Requesting 1 active workers for full compaction (waste limited workers: 1, adaptive workers: 2, used limited workers: 12)
[2025-05-12T23:25:31.846+0300][1041.825s][36520] GC(24687) Using 1 workers of 10 for full compaction
[2025-05-12T23:25:31.846+0300][1041.825s][36520] GC(24687) Clear Bitmap
[2025-05-12T23:25:31.846+0300][1041.825s][36520] GC(24687) Running G1 Clear Bitmap with 1 workers for 1 work units.
[2025-05-12T23:25:31.846+0300][1041.825s][36520] GC(24687) Clear Bitmap 0.080ms
[2025-05-12T23:25:31.846+0300][1041.825s][36520] GC(24687) Mutator Allocation stats, regions: 0, wasted size: 0B ( 0.0%)
[2025-05-12T23:25:31.846+0300][1041.825s][36520] GC(24687) Phase 1: Mark live objects
[2025-05-12T23:25:31.853+0300][1041.832s][36520] GC(24687) Phase 1: Reference Processing
[2025-05-12T23:25:31.853+0300][1041.832s][36520] GC(24687) ReferenceProcessor::execute queues: 1, RefProcThreadModel::Single, marks_oops_alive: false
[2025-05-12T23:25:31.853+0300][1041.832s][36520] GC(24687) Skipped KeepAliveFinalRefsPhase of Reference Processing: no references
[2025-05-12T23:25:31.853+0300][1041.832s][36520] GC(24687) ReferenceProcessor::execute queues: 1, RefProcThreadModel::Single, marks_oops_alive: false
[2025-05-12T23:25:31.853+0300][1041.832s][36520] GC(24687) Reference Processing: 0.0ms
[2025-05-12T23:25:31.853+0300][1041.832s][36520] GC(24687)   Notify Soft/WeakReferences: 0.0ms
[2025-05-12T23:25:31.853+0300][1041.832s][36520] GC(24687)     SoftRef: 0.0ms
[2025-05-12T23:25:31.853+0300][1041.832s][36520] GC(24687)     WeakRef: 0.0ms
[2025-05-12T23:25:31.853+0300][1041.832s][36520] GC(24687)     FinalRef: 0.0ms
[2025-05-12T23:25:31.853+0300][1041.832s][36520] GC(24687)     Total: 0.0ms
[2025-05-12T23:25:31.853+0300][1041.832s][36520] GC(24687)   Notify and keep alive finalizable: 0.0ms
[2025-05-12T23:25:31.853+0300][1041.832s][36520] GC(24687)     FinalRef: skipped
[2025-05-12T23:25:31.853+0300][1041.832s][36520] GC(24687)   Notify PhantomReferences: 0.0ms
[2025-05-12T23:25:31.853+0300][1041.832s][36520] GC(24687)     PhantomRef: 0.0ms
[2025-05-12T23:25:31.853+0300][1041.832s][36520] GC(24687)   SoftReference Discovered: 47, Dropped: 4, Processed: 43
[2025-05-12T23:25:31.853+0300][1041.832s][36520] GC(24687)   WeakReference Discovered: 32, Dropped: 13, Processed: 19
[2025-05-12T23:25:31.853+0300][1041.833s][36520] GC(24687)   FinalReference Discovered: 0, Dropped: 0, Processed: 0
[2025-05-12T23:25:31.853+0300][1041.833s][36520] GC(24687)   PhantomReference Discovered: 23, Dropped: 23, Processed: 0
[2025-05-12T23:25:31.854+0300][1041.833s][36520] GC(24687) Phase 1: Reference Processing 0.185ms
[2025-05-12T23:25:31.854+0300][1041.833s][36520] GC(24687) Phase 1: Weak Processing
[2025-05-12T23:25:31.854+0300][1041.833s][36520] GC(24687)   VM Weak                        Min:  0.0, Avg:  0.0, Max:  0.0, Diff:  0.0, Sum:  0.0, Workers: 10
[2025-05-12T23:25:31.854+0300][1041.833s][36520] GC(24687)     Dead                           Min: 0, Avg:  1.8, Max: 18, Diff: 18, Sum: 18, Workers: 10
[2025-05-12T23:25:31.854+0300][1041.833s][36520] GC(24687)     Total                          Min: 0, Avg:  6.6, Max: 66, Diff: 66, Sum: 66, Workers: 10
[2025-05-12T23:25:31.854+0300][1041.833s][36520] GC(24687)   ObjectSynchronizer Weak        Min:  0.0, Avg:  0.0, Max:  0.0, Diff:  0.0, Sum:  0.0, Workers: 10
[2025-05-12T23:25:31.854+0300][1041.833s][36520] GC(24687)     Dead                           Min: 0, Avg:  0.0, Max: 0, Diff: 0, Sum: 0, Workers: 10
[2025-05-12T23:25:31.854+0300][1041.833s][36520] GC(24687)     Total                          Min: 0, Avg:  0.1, Max: 1, Diff: 1, Sum: 1, Workers: 10
[2025-05-12T23:25:31.854+0300][1041.833s][36520] GC(24687)   JVMTI Tag Weak OopStorage      Min:  0.0, Avg:  0.0, Max:  0.1, Diff:  0.1, Sum:  0.5, Workers: 10
[2025-05-12T23:25:31.854+0300][1041.833s][36520] GC(24687)     Dead                           Min: 0, Avg:  1.8, Max: 18, Diff: 18, Sum: 18, Workers: 10
[2025-05-12T23:25:31.854+0300][1041.833s][36520] GC(24687)     Total                          Min: 4663, Avg: 6289.8, Max: 18466, Diff: 13803, Sum: 62898, Workers: 10
[2025-05-12T23:25:31.854+0300][1041.833s][36520] GC(24687)   StringTable Weak               Min:  0.0, Avg:  0.0, Max:  0.0, Diff:  0.0, Sum:  0.2, Workers: 10
[2025-05-12T23:25:31.854+0300][1041.833s][36520] GC(24687)     Dead                           Min: 0, Avg:  6.8, Max: 15, Diff: 15, Sum: 68, Workers: 10
[2025-05-12T23:25:31.854+0300][1041.833s][36520] GC(24687)     Total                          Min: 3392, Avg: 3952.9, Max: 4992, Diff: 1600, Sum: 39529, Workers: 10
[2025-05-12T23:25:31.854+0300][1041.833s][36520] GC(24687)   ResolvedMethodTable Weak       Min:  0.0, Avg:  0.0, Max:  0.0, Diff:  0.0, Sum:  0.0, Workers: 10
[2025-05-12T23:25:31.854+0300][1041.833s][36520] GC(24687)     Dead                           Min: 0, Avg:  3.5, Max: 13, Diff: 13, Sum: 35, Workers: 10
[2025-05-12T23:25:31.854+0300][1041.833s][36520] GC(24687)     Total                          Min: 46, Avg: 76.4, Max: 127, Diff: 81, Sum: 764, Workers: 10
[2025-05-12T23:25:31.854+0300][1041.833s][36520] GC(24687)   JNI Weak                       Min:  0.0, Avg:  0.0, Max:  0.0, Diff:  0.0, Sum:  0.0, Workers: 10
[2025-05-12T23:25:31.854+0300][1041.833s][36520] GC(24687)     Dead                           Min: 0, Avg:  0.0, Max: 0, Diff: 0, Sum: 0, Workers: 10
[2025-05-12T23:25:31.854+0300][1041.833s][36520] GC(24687)     Total                          Min: 0, Avg:  1.1, Max: 11, Diff: 11, Sum: 11, Workers: 10
[2025-05-12T23:25:31.854+0300][1041.833s][36520] GC(24687)   StringDedup Table Weak         Min:  0.0, Avg:  0.0, Max:  0.0, Diff:  0.0, Sum:  0.0, Workers: 10
[2025-05-12T23:25:31.854+0300][1041.833s][36520] GC(24687)     Dead                           Min: 0, Avg:  0.0, Max: 0, Diff: 0, Sum: 0, Workers: 10
[2025-05-12T23:25:31.854+0300][1041.833s][36520] GC(24687)     Total                          Min: 0, Avg:  0.0, Max: 0, Diff: 0, Sum: 0, Workers: 10
[2025-05-12T23:25:31.854+0300][1041.833s][36520] GC(24687)   StringDedup Requests0 Weak     Min:  0.0, Avg:  0.0, Max:  0.0, Diff:  0.0, Sum:  0.0, Workers: 10
[2025-05-12T23:25:31.854+0300][1041.833s][36520] GC(24687)     Dead                           Min: 0, Avg:  0.0, Max: 0, Diff: 0, Sum: 0, Workers: 10
[2025-05-12T23:25:31.854+0300][1041.833s][36520] GC(24687)     Total                          Min: 0, Avg:  0.0, Max: 0, Diff: 0, Sum: 0, Workers: 10
[2025-05-12T23:25:31.854+0300][1041.833s][36520] GC(24687)   StringDedup Requests1 Weak     Min:  0.0, Avg:  0.0, Max:  0.0, Diff:  0.0, Sum:  0.0, Workers: 10
[2025-05-12T23:25:31.854+0300][1041.833s][36520] GC(24687)     Dead                           Min: 0, Avg:  0.0, Max: 0, Diff: 0, Sum: 0, Workers: 10
[2025-05-12T23:25:31.854+0300][1041.833s][36520] GC(24687)     Total                          Min: 0, Avg:  0.0, Max: 0, Diff: 0, Sum: 0, Workers: 10
[2025-05-12T23:25:31.854+0300][1041.833s][36520] GC(24687)   Weak JFR Old Object Samples    Min:  0.0, Avg:  0.0, Max:  0.0, Diff:  0.0, Sum:  0.0, Workers: 10
[2025-05-12T23:25:31.854+0300][1041.833s][36520] GC(24687)     Dead                           Min: 0, Avg:  0.0, Max: 0, Diff: 0, Sum: 0, Workers: 10
[2025-05-12T23:25:31.854+0300][1041.833s][36520] GC(24687)     Total                          Min: 0, Avg:  0.0, Max: 0, Diff: 0, Sum: 0, Workers: 10
[2025-05-12T23:25:31.854+0300][1041.833s][36520] GC(24687) Phase 1: Weak Processing 0.458ms
[2025-05-12T23:25:31.854+0300][1041.833s][36520] GC(24687) Phase 1: Class Unloading and Cleanup
[2025-05-12T23:25:31.854+0300][1041.833s][36520] GC(24687) ClassLoaderData
[2025-05-12T23:25:31.854+0300][1041.833s][36520] GC(24687) ClassLoaderData 0.058ms
[2025-05-12T23:25:31.854+0300][1041.833s][36520] GC(24687) Trigger cleanups
[2025-05-12T23:25:31.854+0300][1041.833s][36520] GC(24687) Trigger cleanups 0.009ms
[2025-05-12T23:25:31.857+0300][1041.837s][36520] GC(24687) Phase 1: Class Unloading and Cleanup 3.988ms
[2025-05-12T23:25:31.857+0300][1041.837s][36520] GC(24687) Report Object Count
[2025-05-12T23:25:31.857+0300][1041.837s][36520] GC(24687) Report Object Count 0.012ms
[2025-05-12T23:25:31.857+0300][1041.837s][36520] GC(24687) Phase 1: Mark live objects 11.802ms
[2025-05-12T23:25:31.857+0300][1041.837s][36520] GC(24687) Phase 2: Prepare compaction
[2025-05-12T23:25:31.857+0300][1041.837s][36520] GC(24687) Phase 2: Determine work lists
[2025-05-12T23:25:31.857+0300][1041.837s][36520] GC(24687) Phase 2: Determine work lists 0.010ms
[2025-05-12T23:25:31.857+0300][1041.837s][36520] GC(24687) Phase 2: Prepare parallel compaction
[2025-05-12T23:25:31.858+0300][1041.837s][36520] GC(24687) Phase 2: Prepare parallel compaction 0.249ms
[2025-05-12T23:25:31.858+0300][1041.837s][36520] GC(24687) Phase 2: Prepare compaction 0.302ms
[2025-05-12T23:25:31.858+0300][1041.837s][36520] GC(24687) Phase 3: Adjust pointers
[2025-05-12T23:25:31.863+0300][1041.842s][36520] GC(24687) Phase 3: Adjust pointers 4.177ms
[2025-05-12T23:25:31.863+0300][1041.842s][36520] GC(24687) Phase 4: Compact heap
[2025-05-12T23:25:31.863+0300][1041.842s][36520] GC(24687) Phase 4: Compact heap 0.183ms
[2025-05-12T23:25:31.863+0300][1041.842s][36520] GC(24687) Phase 5: Reset Metadata
[2025-05-12T23:25:31.864+0300][1041.843s][36520] GC(24687) Phase 5: Reset Metadata 1.337ms
[2025-05-12T23:25:31.865+0300][1041.843s][36520] GC(24687) Running G1 Clear Bitmap with 1 workers for 1 work units.
[2025-05-12T23:25:31.866+0300][1041.845s][36520] Old generation allocation in the last mutator period, old gen allocated: 0B, humongous allocated: 0B, old gen growth: 0B.
[2025-05-12T23:25:31.866+0300][1041.845s][36520] GC(24687) Coarsening (recent): Inline->AoC 0 (0) AoC->Howl 0 (0) Howl->Full 0 (0) Inline->AoC 0 (0) AoC->BitMap 0 (0) BitMap->Full 0 (0) 
[2025-05-12T23:25:31.866+0300][1041.845s][36520] GC(24687) Coarsening (all): Inline->AoC 10920 (0) AoC->Howl 7731 (0) Howl->Full 0 (0) Inline->AoC 10809 (0) AoC->BitMap 7399 (0) BitMap->Full 0 (0) 
[2025-05-12T23:25:31.866+0300][1041.845s][36520] GC(24687) Eden regions: 0->0(1)
[2025-05-12T23:25:31.866+0300][1041.845s][36520] GC(24687) Survivor regions: 0->0(0)
[2025-05-12T23:25:31.866+0300][1041.845s][36520] GC(24687) Old regions: 12->11
[2025-05-12T23:25:31.866+0300][1041.845s][36520] GC(24687) Humongous regions: 0->0
[2025-05-12T23:25:31.866+0300][1041.845s][36520] GC(24687) Metaspace: 10757K(12736K)->10722K(12736K) NonClass: 9682K(11328K)->9656K(11328K) Class: 1075K(1408K)->1066K(1408K)
[2025-05-12T23:25:31.866+0300][1041.845s][36520] GC(24687) Heap after GC invocations=21155 (full 7084):
[2025-05-12T23:25:31.866+0300][1041.845s][36520] GC(24687)  garbage-first heap   total 12288K, used 11250K [0x00000000ff400000, 0x0000000100000000)
[2025-05-12T23:25:31.866+0300][1041.845s][36520] GC(24687)   region size 1024K, 0 young (0K), 0 survivors (0K)
[2025-05-12T23:25:31.866+0300][1041.845s][36520] GC(24687)  Metaspace       used 10722K, committed 12736K, reserved 1114112K
[2025-05-12T23:25:31.866+0300][1041.845s][36520] GC(24687)   class space    used 1066K, committed 1408K, reserved 1048576K
[2025-05-12T23:25:31.866+0300][1041.845s][36520] GC(24687) Pause Full (G1 Compaction Pause) 11M->10M(12M) 19.925ms
[2025-05-12T23:25:31.866+0300][1041.845s][36520] GC(24687) User=0.00s Sys=0.00s Real=0.02s
[2025-05-12T23:25:31.866+0300][1041.845s][34628] ---------------------------------------------------------------------
[2025-05-12T23:25:31.866+0300][1041.845s][9340 ] G1 Service Thread (Card Set Free Memory Task) (run: 21.541ms) (cpu: 0.000ms)
[2025-05-12T23:25:31.866+0300][1041.845s][34628] Marking Stats, task = 0, calls = 0
[2025-05-12T23:25:31.866+0300][1041.845s][34628]   Elapsed time = 0.00ms, Termination time = 0.00ms
[2025-05-12T23:25:31.866+0300][1041.845s][34628]   Step Times (cum): num = 5369, avg = 0.16ms, sd = 1.55ms max = 16.00ms, total = 833.00ms
[2025-05-12T23:25:31.866+0300][1041.845s][34628]   Mark Stats Cache: hits 2835 misses 0 ratio 100.000
[2025-05-12T23:25:31.866+0300][1041.845s][34628] ---------------------------------------------------------------------
[2025-05-12T23:25:31.867+0300][1041.845s][34628] Marking Stats, task = 1, calls = 0
[2025-05-12T23:25:31.867+0300][1041.845s][34628]   Elapsed time = 0.00ms, Termination time = 0.00ms
[2025-05-12T23:25:31.867+0300][1041.845s][34628]   Step Times (cum): num = 13793, avg = 0.02ms, sd = 0.58ms max = 16.00ms, total = 296.00ms
[2025-05-12T23:25:31.867+0300][1041.845s][34628]   Mark Stats Cache: hits 4643 misses 0 ratio 100.000
[2025-05-12T23:25:31.867+0300][1041.845s][34628] ---------------------------------------------------------------------
[2025-05-12T23:25:31.867+0300][1041.845s][34628] Marking Stats, task = 2, calls = 0
[2025-05-12T23:25:31.867+0300][1041.845s][34628]   Elapsed time = 0.00ms, Termination time = 0.00ms
[2025-05-12T23:25:31.867+0300][1041.845s][34628]   Step Times (cum): num = 13231, avg = 0.02ms, sd = 0.61ms max = 16.00ms, total = 313.00ms
[2025-05-12T23:25:31.867+0300][1041.845s][34628]   Mark Stats Cache: hits 0 misses 0 ratio 0.000
[2025-05-12T23:25:31.867+0300][1041.845s][34628] ---------------------------------------------------------------------
[2025-05-12T23:25:31.867+0300][1041.845s][34628] GC(24686) Concurrent Mark From Roots 20.326ms
[2025-05-12T23:25:31.867+0300][1041.845s][34628] GC(24686) Concurrent Mark Abort
[2025-05-12T23:25:31.867+0300][1041.845s][34628] GC(24686) Concurrent Mark Cycle 20.486ms
[2025-05-12T23:25:31.892+0300][1041.872s][36520] GC(24688) Pause Young (Normal) (G1 Evacuation Pause)
[2025-05-12T23:25:31.892+0300][1041.872s][36520] GC(24688) Heap before GC invocations=21155 (full 7084):
[2025-05-12T23:25:31.892+0300][1041.872s][36520] GC(24688)  garbage-first heap   total 12288K, used 12274K [0x00000000ff400000, 0x0000000100000000)
[2025-05-12T23:25:31.892+0300][1041.872s][36520] GC(24688)   region size 1024K, 1 young (1024K), 0 survivors (0K)
[2025-05-12T23:25:31.892+0300][1041.872s][36520] GC(24688)  Metaspace       used 10759K, committed 12736K, reserved 1114112K
[2025-05-12T23:25:31.892+0300][1041.872s][36520] GC(24688)   class space    used 1076K, committed 1408K, reserved 1048576K
[2025-05-12T23:25:31.892+0300][1041.872s][36520] GC(24688) Using 2 workers of 10 for evacuation
[2025-05-12T23:25:31.892+0300][1041.872s][36520] GC(24688) Desired survivor size 524288 bytes, new threshold 15 (max threshold 15)
[2025-05-12T23:25:31.892+0300][1041.872s][36520] GC(24688) TLAB totals: thrds: 1  refills: 317 max: 317 slow allocs: 151 max 151 waste: 22.1% gc: 0B max: 0B slow: 189512B max: 189512B
[2025-05-12T23:25:31.892+0300][1041.872s][36520] GC(24688) Mutator refinement: 0.00ms, refined: 0, precleaned: 0, dirtied: 101
[2025-05-12T23:25:31.892+0300][1041.872s][36520] GC(24688) Concurrent refinement: 0.00ms, refined: 0, precleaned: 0, dirtied: 0
[2025-05-12T23:25:31.892+0300][1041.872s][36520] GC(24688) Total refinement: 0.00ms, refined: 0, precleaned: 0, dirtied: 101
[2025-05-12T23:25:31.892+0300][1041.872s][36520] GC(24688) Generate dirty cards rate: 3.76 cards/ms
[2025-05-12T23:25:31.892+0300][1041.872s][36520] GC(24688) Mutator Allocation stats, regions: 1, wasted size: 0B ( 0.0%)
[2025-05-12T23:25:31.892+0300][1041.872s][36520] GC(24688) No candidates to reclaim.
[2025-05-12T23:25:31.892+0300][1041.872s][36520] GC(24688) Running G1 Merge Heap Roots using 2 workers for 1 regions
[2025-05-12T23:25:31.892+0300][1041.872s][36520] GC(24688) Visited cards 1120 Total dirty 12288 (9.11%) Total old 26624 (4.21%)
[2025-05-12T23:25:31.893+0300][1041.872s][28516] GC(24688) Attempt heap expansion (region allocation request failed). Allocation request: 2064B
[2025-05-12T23:25:31.893+0300][1041.872s][28516] GC(24688) Did not expand the heap (heap already fully expanded)
[2025-05-12T23:25:31.893+0300][1041.872s][36520] GC(24688) ReferenceProcessor::execute queues: 1, RefProcThreadModel::Single, marks_oops_alive: false
[2025-05-12T23:25:31.893+0300][1041.872s][36520] GC(24688) Skipped KeepAliveFinalRefsPhase of Reference Processing: no references
[2025-05-12T23:25:31.893+0300][1041.872s][36520] GC(24688) Skipped PhantomRefsPhase of Reference Processing: no references
[2025-05-12T23:25:31.893+0300][1041.873s][36520] GC(24688) Initializing removing self forwards with 64 chunks per region
[2025-05-12T23:25:31.893+0300][1041.873s][36520] GC(24688) Running G1 Rebuild Free List Task using 2 workers for rebuilding free list of regions
[2025-05-12T23:25:31.893+0300][1041.873s][36520] GC(24688) Young PLAB allocation: allocated: 0B, wasted: 0B, unused: 0B, used: 0B, undo waste: 0B, 
[2025-05-12T23:25:31.893+0300][1041.873s][36520] GC(24688) Young other allocation: region end waste: 0B, regions filled: 0, num plab filled: 2, direct allocated: 0B, num direct allocated: 0, failure used: 0B, failure wasted: 0B
[2025-05-12T23:25:31.893+0300][1041.873s][36520] GC(24688) Young sizing: calculated: 0B, actual: 2064B
[2025-05-12T23:25:31.893+0300][1041.873s][36520] GC(24688) Old PLAB allocation: allocated: 0B, wasted: 0B, unused: 0B, used: 0B, undo waste: 0B, 
[2025-05-12T23:25:31.893+0300][1041.873s][36520] GC(24688) Old other allocation: region end waste: 0B, regions filled: 0, num plab filled: 2, direct allocated: 0B, num direct allocated: 0, failure used: 186776B, failure wasted: 861800B
[2025-05-12T23:25:31.893+0300][1041.873s][36520] GC(24688) Old sizing: calculated: 0B, actual: 2064B
[2025-05-12T23:25:31.893+0300][1041.873s][36520] GC(24688) Heap expansion: short term pause time ratio 50.55% long term pause time ratio 42.26% threshold 7.69% pause time ratio 7.69% fully expanded true resize by 0B
[2025-05-12T23:25:31.893+0300][1041.873s][36520] GC(24688) Request concurrent cycle initiation (occupancy higher than threshold) occupancy: 12582912B allocation request: 0B threshold: 3573422B (28.40) source: end of GC
[2025-05-12T23:25:31.893+0300][1041.873s][36520] GC(24688) MMU: 6.7ms (200.0ms/201.0ms)
[2025-05-12T23:25:31.893+0300][1041.873s][36520] Old generation allocation in the last mutator period, old gen allocated: 1048576B, humongous allocated: 0B, old gen growth: 1048576B.
[2025-05-12T23:25:31.893+0300][1041.873s][9340 ] G1 Service Thread (Card Set Free Memory Task) (run 0.043ms after schedule)
[2025-05-12T23:25:31.893+0300][1041.873s][36520] GC(24688) Basic information (value update), threshold: 3620382B (28.77), target occupancy: 12582912B, current occupancy: 12569592B, recent allocation size: 1048576B, recent allocation duration: 26.89ms, recent old gen allocation rate: 38995741.83B/s, recent marking phase length: 120.12ms
[2025-05-12T23:25:31.894+0300][1041.873s][36520] GC(24688) Adaptive IHOP information (value update), threshold: 3620382B (33.85), internal target occupancy: 10695475B, occupancy: 12569592B, additional buffer size: 1048576B, predicted old gen allocation rate: 49936814.08B/s, predicted marking phase length: 120.68ms, prediction active: true
[2025-05-12T23:25:31.894+0300][1041.873s][36520] GC(24688) GC refinement: goal: 18446744073709551615 + 103 / 20.00ms, actual: 101 / 0.04ms, 
[2025-05-12T23:25:31.894+0300][1041.873s][36520] GC(24688) Unchanged pending cards target: 18446744073709551615
[2025-05-12T23:25:31.894+0300][1041.873s][36520] GC(24688)   Pre Evacuate Collection Set: 0.2ms
[2025-05-12T23:25:31.894+0300][1041.873s][36520] GC(24688)     Pre Evacuate Prepare: 0.1ms
[2025-05-12T23:25:31.894+0300][1041.873s][36520] GC(24688)       JT Retire TLABs And Flush Logs (ms): Min:  0.0, Avg:  0.0, Max:  0.0, Diff:  0.0, Sum:  0.0, Workers: 2
[2025-05-12T23:25:31.894+0300][1041.873s][36520] GC(24688)       Non-JT Flush Logs (ms):        Min:  0.0, Avg:  0.0, Max:  0.0, Diff:  0.0, Sum:  0.0, Workers: 1
[2025-05-12T23:25:31.894+0300][1041.873s][36520] GC(24688)     Choose Collection Set: 0.0ms
[2025-05-12T23:25:31.894+0300][1041.873s][36520] GC(24688)     Region Register: 0.1ms
[2025-05-12T23:25:31.894+0300][1041.873s][36520] GC(24688)     Prepare Heap Roots: 0.0ms
[2025-05-12T23:25:31.894+0300][1041.873s][36520] GC(24688)   Merge Heap Roots: 0.1ms
[2025-05-12T23:25:31.894+0300][1041.873s][36520] GC(24688)     Prepare Merge Heap Roots: 0.0ms
[2025-05-12T23:25:31.894+0300][1041.873s][36520] GC(24688)     Remembered Sets (ms):          Min:  0.0, Avg:  0.0, Max:  0.0, Diff:  0.0, Sum:  0.0, Workers: 2
[2025-05-12T23:25:31.894+0300][1041.873s][36520] GC(24688)       Eager Reclaim (ms):            skipped
[2025-05-12T23:25:31.894+0300][1041.873s][36520] GC(24688)       Merged Inline                  Min: 0, Avg:  0.0, Max: 0, Diff: 0, Sum: 0, Workers: 2
[2025-05-12T23:25:31.894+0300][1041.873s][36520] GC(24688)       Merged ArrayOfCards            Min: 0, Avg:  0.0, Max: 0, Diff: 0, Sum: 0, Workers: 2
[2025-05-12T23:25:31.894+0300][1041.873s][36520] GC(24688)       Merged Howl                    Min: 0, Avg:  0.0, Max: 0, Diff: 0, Sum: 0, Workers: 2
[2025-05-12T23:25:31.894+0300][1041.873s][36520] GC(24688)       Merged Full                    Min: 0, Avg:  0.0, Max: 0, Diff: 0, Sum: 0, Workers: 2
[2025-05-12T23:25:31.894+0300][1041.873s][36520] GC(24688)       Merged Howl Inline             Min: 0, Avg:  0.0, Max: 0, Diff: 0, Sum: 0, Workers: 2
[2025-05-12T23:25:31.894+0300][1041.873s][36520] GC(24688)       Merged Howl ArrayOfCards       Min: 0, Avg:  0.0, Max: 0, Diff: 0, Sum: 0, Workers: 2
[2025-05-12T23:25:31.894+0300][1041.873s][36520] GC(24688)       Merged Howl BitMap             Min: 0, Avg:  0.0, Max: 0, Diff: 0, Sum: 0, Workers: 2
[2025-05-12T23:25:31.894+0300][1041.873s][36520] GC(24688)       Merged Howl Full               Min: 0, Avg:  0.0, Max: 0, Diff: 0, Sum: 0, Workers: 2
[2025-05-12T23:25:31.894+0300][1041.873s][36520] GC(24688)       Merged Cards                   Min: 8, Avg:  8.0, Max: 8, Diff: 0, Sum: 16, Workers: 2
[2025-05-12T23:25:31.894+0300][1041.873s][36520] GC(24688)     Log Buffers (ms):              Min:  0.0, Avg:  0.0, Max:  0.0, Diff:  0.0, Sum:  0.0, Workers: 2
[2025-05-12T23:25:31.894+0300][1041.873s][36520] GC(24688)       Dirty Cards:                   Min: 23, Avg: 50.5, Max: 78, Diff: 55, Sum: 101, Workers: 2
[2025-05-12T23:25:31.894+0300][1041.873s][36520] GC(24688)       Skipped Cards:                 Min: 0, Avg:  0.0, Max: 0, Diff: 0, Sum: 0, Workers: 2
[2025-05-12T23:25:31.894+0300][1041.873s][36520] GC(24688)   Evacuate Collection Set: 0.4ms
[2025-05-12T23:25:31.894+0300][1041.873s][36520] GC(24688)     Ext Root Scanning (ms):        Min:  0.1, Avg:  0.1, Max:  0.1, Diff:  0.0, Sum:  0.2, Workers: 2
[2025-05-12T23:25:31.894+0300][1041.873s][36520] GC(24688)     Scan Heap Roots (ms):          Min:  0.0, Avg:  0.0, Max:  0.0, Diff:  0.0, Sum:  0.1, Workers: 2
[2025-05-12T23:25:31.894+0300][1041.873s][36520] GC(24688)       Scanned Cards:                 Min: 43, Avg: 50.5, Max: 58, Diff: 15, Sum: 101, Workers: 2
[2025-05-12T23:25:31.894+0300][1041.873s][36520] GC(24688)       Scanned Blocks:                Min: 28, Avg: 35.0, Max: 42, Diff: 14, Sum: 70, Workers: 2
[2025-05-12T23:25:31.894+0300][1041.873s][36520] GC(24688)       Claimed Chunks:                Min: 14, Avg: 17.5, Max: 21, Diff: 7, Sum: 35, Workers: 2
[2025-05-12T23:25:31.894+0300][1041.873s][36520] GC(24688)       Found Roots:                   Min: 21, Avg: 50.0, Max: 79, Diff: 58, Sum: 100, Workers: 2
[2025-05-12T23:25:31.894+0300][1041.873s][36520] GC(24688)     Code Root Scan (ms):           Min:  0.0, Avg:  0.0, Max:  0.0, Diff:  0.0, Sum:  0.0, Workers: 2
[2025-05-12T23:25:31.894+0300][1041.873s][36520] GC(24688)     Object Copy (ms):              Min:  0.1, Avg:  0.2, Max:  0.2, Diff:  0.0, Sum:  0.3, Workers: 2
[2025-05-12T23:25:31.894+0300][1041.873s][36520] GC(24688)     Termination (ms):              Min:  0.0, Avg:  0.0, Max:  0.0, Diff:  0.0, Sum:  0.0, Workers: 2
[2025-05-12T23:25:31.894+0300][1041.873s][36520] GC(24688)       Termination Attempts:          Min: 1, Avg:  1.0, Max: 1, Diff: 0, Sum: 2, Workers: 2
[2025-05-12T23:25:31.894+0300][1041.873s][36520] GC(24688)     GC Worker Other (ms):          Min:  0.0, Avg:  0.0, Max:  0.0, Diff:  0.0, Sum:  0.0, Workers: 2
[2025-05-12T23:25:31.894+0300][1041.873s][36520] GC(24688)     GC Worker Total (ms):          Min:  0.3, Avg:  0.3, Max:  0.3, Diff:  0.0, Sum:  0.6, Workers: 2
[2025-05-12T23:25:31.894+0300][1041.873s][36520] GC(24688)   Post Evacuate Collection Set: 0.5ms
[2025-05-12T23:25:31.894+0300][1041.873s][36520] GC(24688)     NMethod List Cleanup: 0.0ms
[2025-05-12T23:25:31.894+0300][1041.873s][36520] GC(24688)     Reference Processing: 0.0ms
[2025-05-12T23:25:31.894+0300][1041.873s][36520] GC(24688)       Notify Soft/WeakReferences: 0.0ms
[2025-05-12T23:25:31.894+0300][1041.873s][36520] GC(24688)         SoftRef (ms):                  Min:  0.0, Avg:  0.0, Max:  0.0, Diff:  0.0, Sum:  0.0, Workers: 1
[2025-05-12T23:25:31.894+0300][1041.873s][36520] GC(24688)         WeakRef (ms):                  Min:  0.0, Avg:  0.0, Max:  0.0, Diff:  0.0, Sum:  0.0, Workers: 1
[2025-05-12T23:25:31.894+0300][1041.873s][36520] GC(24688)         FinalRef (ms):                 Min:  0.0, Avg:  0.0, Max:  0.0, Diff:  0.0, Sum:  0.0, Workers: 1
[2025-05-12T23:25:31.894+0300][1041.873s][36520] GC(24688)         Total (ms):                    Min:  0.0, Avg:  0.0, Max:  0.0, Diff:  0.0, Sum:  0.0, Workers: 1
[2025-05-12T23:25:31.894+0300][1041.873s][36520] GC(24688)       Notify and keep alive finalizable: 0.0ms
[2025-05-12T23:25:31.894+0300][1041.873s][36520] GC(24688)         FinalRef (ms):                 skipped
[2025-05-12T23:25:31.894+0300][1041.873s][36520] GC(24688)       Notify PhantomReferences: 0.0ms
[2025-05-12T23:25:31.894+0300][1041.873s][36520] GC(24688)         PhantomRef (ms):               skipped
[2025-05-12T23:25:31.894+0300][1041.874s][36520] GC(24688)       SoftReference Discovered: 0, Dropped: 0, Processed: 0
[2025-05-12T23:25:31.894+0300][1041.874s][36520] GC(24688)       WeakReference Discovered: 23, Dropped: 1, Processed: 22
[2025-05-12T23:25:31.894+0300][1041.874s][36520] GC(24688)       FinalReference Discovered: 0, Dropped: 0, Processed: 0
[2025-05-12T23:25:31.894+0300][1041.874s][36520] GC(24688)       PhantomReference Discovered: 0, Dropped: 0, Processed: 0
[2025-05-12T23:25:31.894+0300][1041.874s][36520] GC(24688)     Weak Processing: 0.1ms
[2025-05-12T23:25:31.894+0300][1041.874s][36520] GC(24688)       VM Weak                        Min:  0.0, Avg:  0.0, Max:  0.0, Diff:  0.0, Sum:  0.0, Workers: 10
[2025-05-12T23:25:31.894+0300][1041.874s][36520] GC(24688)         Dead                           Min: 0, Avg:  0.0, Max: 0, Diff: 0, Sum: 0, Workers: 10
[2025-05-12T23:25:31.894+0300][1041.874s][36520] GC(24688)         Total                          Min: 0, Avg:  6.7, Max: 67, Diff: 67, Sum: 67, Workers: 10
[2025-05-12T23:25:31.894+0300][1041.874s][36520] GC(24688)       ObjectSynchronizer Weak        Min:  0.0, Avg:  0.0, Max:  0.0, Diff:  0.0, Sum:  0.0, Workers: 10
[2025-05-12T23:25:31.894+0300][1041.874s][36520] GC(24688)         Dead                           Min: 0, Avg:  0.0, Max: 0, Diff: 0, Sum: 0, Workers: 10
[2025-05-12T23:25:31.894+0300][1041.874s][36520] GC(24688)         Total                          Min: 0, Avg:  0.1, Max: 1, Diff: 1, Sum: 1, Workers: 10
[2025-05-12T23:25:31.894+0300][1041.874s][36520] GC(24688)       JVMTI Tag Weak OopStorage      Min:  0.0, Avg:  0.1, Max:  0.1, Diff:  0.1, Sum:  0.5, Workers: 10
[2025-05-12T23:25:31.894+0300][1041.874s][36520] GC(24688)         Dead                           Min: 0, Avg:  0.0, Max: 0, Diff: 0, Sum: 0, Workers: 10
[2025-05-12T23:25:31.894+0300][1041.874s][36520] GC(24688)         Total                          Min: 3963, Avg: 6289.9, Max: 16240, Diff: 12277, Sum: 62899, Workers: 10
[2025-05-12T23:25:31.894+0300][1041.874s][36520] GC(24688)       StringTable Weak               Min:  0.0, Avg:  0.0, Max:  0.0, Diff:  0.0, Sum:  0.2, Workers: 10
[2025-05-12T23:25:31.894+0300][1041.874s][36520] GC(24688)         Dead                           Min: 0, Avg:  0.0, Max: 0, Diff: 0, Sum: 0, Workers: 10
[2025-05-12T23:25:31.894+0300][1041.874s][36520] GC(24688)         Total                          Min: 3455, Avg: 3952.9, Max: 4800, Diff: 1345, Sum: 39529, Workers: 10
[2025-05-12T23:25:31.894+0300][1041.874s][36520] GC(24688)       ResolvedMethodTable Weak       Min:  0.0, Avg:  0.0, Max:  0.0, Diff:  0.0, Sum:  0.0, Workers: 10
[2025-05-12T23:25:31.894+0300][1041.874s][36520] GC(24688)         Dead                           Min: 0, Avg:  0.0, Max: 0, Diff: 0, Sum: 0, Workers: 10
[2025-05-12T23:25:31.894+0300][1041.874s][36520] GC(24688)         Total                          Min: 46, Avg: 77.6, Max: 126, Diff: 80, Sum: 776, Workers: 10
[2025-05-12T23:25:31.894+0300][1041.874s][36520] GC(24688)       JNI Weak                       Min:  0.0, Avg:  0.0, Max:  0.0, Diff:  0.0, Sum:  0.0, Workers: 10
[2025-05-12T23:25:31.894+0300][1041.874s][36520] GC(24688)         Dead                           Min: 0, Avg:  0.0, Max: 0, Diff: 0, Sum: 0, Workers: 10
[2025-05-12T23:25:31.894+0300][1041.874s][36520] GC(24688)         Total                          Min: 0, Avg:  1.1, Max: 11, Diff: 11, Sum: 11, Workers: 10
[2025-05-12T23:25:31.894+0300][1041.874s][36520] GC(24688)       StringDedup Table Weak         Min:  0.0, Avg:  0.0, Max:  0.0, Diff:  0.0, Sum:  0.0, Workers: 10
[2025-05-12T23:25:31.894+0300][1041.874s][36520] GC(24688)         Dead                           Min: 0, Avg:  0.0, Max: 0, Diff: 0, Sum: 0, Workers: 10
[2025-05-12T23:25:31.894+0300][1041.874s][36520] GC(24688)         Total                          Min: 0, Avg:  0.0, Max: 0, Diff: 0, Sum: 0, Workers: 10
[2025-05-12T23:25:31.894+0300][1041.874s][36520] GC(24688)       StringDedup Requests0 Weak     Min:  0.0, Avg:  0.0, Max:  0.0, Diff:  0.0, Sum:  0.0, Workers: 10
[2025-05-12T23:25:31.894+0300][1041.874s][36520] GC(24688)         Dead                           Min: 0, Avg:  0.0, Max: 0, Diff: 0, Sum: 0, Workers: 10
[2025-05-12T23:25:31.894+0300][1041.874s][36520] GC(24688)         Total                          Min: 0, Avg:  0.0, Max: 0, Diff: 0, Sum: 0, Workers: 10
[2025-05-12T23:25:31.894+0300][1041.874s][36520] GC(24688)       StringDedup Requests1 Weak     Min:  0.0, Avg:  0.0, Max:  0.0, Diff:  0.0, Sum:  0.0, Workers: 10
[2025-05-12T23:25:31.894+0300][1041.874s][36520] GC(24688)         Dead                           Min: 0, Avg:  0.0, Max: 0, Diff: 0, Sum: 0, Workers: 10
[2025-05-12T23:25:31.894+0300][1041.874s][36520] GC(24688)         Total                          Min: 0, Avg:  0.0, Max: 0, Diff: 0, Sum: 0, Workers: 10
[2025-05-12T23:25:31.894+0300][1041.874s][36520] GC(24688)       Weak JFR Old Object Samples    Min:  0.0, Avg:  0.0, Max:  0.0, Diff:  0.0, Sum:  0.0, Workers: 10
[2025-05-12T23:25:31.894+0300][1041.874s][36520] GC(24688)         Dead                           Min: 0, Avg:  0.0, Max: 0, Diff: 0, Sum: 0, Workers: 10
[2025-05-12T23:25:31.894+0300][1041.874s][36520] GC(24688)         Total                          Min: 0, Avg:  0.0, Max: 0, Diff: 0, Sum: 0, Workers: 10
[2025-05-12T23:25:31.894+0300][1041.874s][36520] GC(24688)     Post Evacuate Cleanup 1: 0.1ms
[2025-05-12T23:25:31.894+0300][1041.874s][36520] GC(24688)       Merge Per-Thread State (ms):   Min:  0.0, Avg:  0.0, Max:  0.0, Diff:  0.0, Sum:  0.0, Workers: 1
[2025-05-12T23:25:31.894+0300][1041.874s][36520] GC(24688)         Copied Bytes                   Min: 0, Avg:  0.0, Max: 0, Diff: 0, Sum: 0, Workers: 2
[2025-05-12T23:25:31.894+0300][1041.874s][36520] GC(24688)         LAB Waste                      Min: 0, Avg:  0.0, Max: 0, Diff: 0, Sum: 0, Workers: 2
[2025-05-12T23:25:31.894+0300][1041.874s][36520] GC(24688)         LAB Undo Waste                 Min: 0, Avg:  0.0, Max: 0, Diff: 0, Sum: 0, Workers: 2
[2025-05-12T23:25:31.894+0300][1041.874s][36520] GC(24688)       Clear Logged Cards (ms):       Min:  0.0, Avg:  0.0, Max:  0.0, Diff:  0.0, Sum:  0.0, Workers: 2
[2025-05-12T23:25:31.894+0300][1041.874s][36520] GC(24688)       Recalculate Used Memory (ms):  Min:  0.0, Avg:  0.0, Max:  0.0, Diff:  0.0, Sum:  0.0, Workers: 1
[2025-05-12T23:25:31.894+0300][1041.874s][36520] GC(24688)       Restore Retained Regions (ms): Min:  0.0, Avg:  0.0, Max:  0.0, Diff:  0.0, Sum:  0.1, Workers: 2
[2025-05-12T23:25:31.894+0300][1041.874s][36520] GC(24688)         Evacuation Failure Regions:    Min: 1, Avg:  1.0, Max: 1, Diff: 0, Sum: 1, Workers: 1
[2025-05-12T23:25:31.894+0300][1041.874s][36520] GC(24688)         Remove Self Forwards (ms):     Min:  0.0, Avg:  0.0, Max:  0.0, Diff:  0.0, Sum:  0.1, Workers: 2
[2025-05-12T23:25:31.894+0300][1041.874s][36520] GC(24688)           Forward Chunks:                Min: 24, Avg: 28.0, Max: 32, Diff: 8, Sum: 56, Workers: 2
[2025-05-12T23:25:31.894+0300][1041.874s][36520] GC(24688)           Empty Forward Chunks:          Min: 3, Avg:  4.0, Max: 5, Diff: 2, Sum: 8, Workers: 2
[2025-05-12T23:25:31.894+0300][1041.874s][36520] GC(24688)           Forward Objects:               Min: 1537, Avg: 1712.5, Max: 1888, Diff: 351, Sum: 3425, Workers: 2
[2025-05-12T23:25:31.894+0300][1041.874s][36520] GC(24688)           Forward Bytes:                 Min: 81304, Avg: 93388.0, Max: 105472, Diff: 24168, Sum: 186776, Workers: 2
[2025-05-12T23:25:31.894+0300][1041.874s][36520] GC(24688)     Post Evacuate Cleanup 2: 0.1ms
[2025-05-12T23:25:31.894+0300][1041.874s][36520] GC(24688)       Recalculate Used Memory (ms):  Min:  0.0, Avg:  0.0, Max:  0.0, Diff:  0.0, Sum:  0.0, Workers: 1
[2025-05-12T23:25:31.894+0300][1041.874s][36520] GC(24688)       Restore Preserved Marks (ms):  Min:  0.0, Avg:  0.0, Max:  0.0, Diff:  0.0, Sum:  0.0, Workers: 2
[2025-05-12T23:25:31.894+0300][1041.874s][36520] GC(24688)       Clear Retained Region Bitmaps (ms): Min:  0.0, Avg:  0.0, Max:  0.0, Diff:  0.0, Sum:  0.0, Workers: 2
[2025-05-12T23:25:31.894+0300][1041.874s][36520] GC(24688)       Update Derived Pointers (ms):  Min:  0.0, Avg:  0.0, Max:  0.0, Diff:  0.0, Sum:  0.0, Workers: 1
[2025-05-12T23:25:31.894+0300][1041.874s][36520] GC(24688)       Eagerly Reclaim Humongous Objects (ms): skipped
[2025-05-12T23:25:31.895+0300][1041.874s][36520] GC(24688)         Humongous Total                skipped
[2025-05-12T23:25:31.895+0300][1041.874s][36520] GC(24688)         Humongous Candidates           skipped
[2025-05-12T23:25:31.895+0300][1041.874s][36520] GC(24688)         Humongous Reclaimed            skipped
[2025-05-12T23:25:31.895+0300][1041.874s][36520] GC(24688)       Redirty Logged Cards (ms):     Min:  0.0, Avg:  0.0, Max:  0.0, Diff:  0.0, Sum:  0.0, Workers: 2
[2025-05-12T23:25:31.895+0300][1041.874s][36520] GC(24688)         Redirtied Cards:               Min: 0, Avg:  0.0, Max: 0, Diff: 0, Sum: 0, Workers: 2
[2025-05-12T23:25:31.895+0300][1041.874s][36520] GC(24688)       Resize TLABs (ms):             Min:  0.0, Avg:  0.0, Max:  0.0, Diff:  0.0, Sum:  0.0, Workers: 2
[2025-05-12T23:25:31.895+0300][1041.874s][36520] GC(24688)       Free Collection Set (ms):      Min:  0.0, Avg:  0.0, Max:  0.0, Diff:  0.0, Sum:  0.0, Workers: 2
[2025-05-12T23:25:31.895+0300][1041.874s][36520] GC(24688)     Rebuild Free List: 0.1ms
[2025-05-12T23:25:31.895+0300][1041.874s][36520] GC(24688)     Prepare For Mutator: 0.1ms
[2025-05-12T23:25:31.895+0300][1041.874s][36520] GC(24688)     Expand Heap After Collection: 0.0ms
[2025-05-12T23:25:31.895+0300][1041.874s][36520] GC(24688)   Other: 0.2ms
[2025-05-12T23:25:31.895+0300][1041.874s][36520] GC(24688) Coarsening (recent): Inline->AoC 0 (0) AoC->Howl 0 (0) Howl->Full 0 (0) Inline->AoC 0 (0) AoC->BitMap 0 (0) BitMap->Full 0 (0) 
[2025-05-12T23:25:31.895+0300][1041.874s][36520] GC(24688) Coarsening (all): Inline->AoC 10920 (0) AoC->Howl 7731 (0) Howl->Full 0 (0) Inline->AoC 10809 (0) AoC->BitMap 7399 (0) BitMap->Full 0 (0) 
[2025-05-12T23:25:31.895+0300][1041.874s][36520] GC(24688) Eden regions: 1->0(0)
[2025-05-12T23:25:31.895+0300][1041.874s][36520] GC(24688) Survivor regions: 0->0(0)
[2025-05-12T23:25:31.895+0300][1041.874s][36520] GC(24688) Old regions: 11->12
[2025-05-12T23:25:31.895+0300][1041.874s][36520] GC(24688) Humongous regions: 0->0
[2025-05-12T23:25:31.895+0300][1041.874s][36520] GC(24688) Metaspace: 10759K(12736K)->10759K(12736K) NonClass: 9683K(11328K)->9683K(11328K) Class: 1076K(1408K)->1076K(1408K)
[2025-05-12T23:25:31.895+0300][1041.874s][36520] GC(24688) Heap after GC invocations=21156 (full 7084):
[2025-05-12T23:25:31.895+0300][1041.874s][36520] GC(24688)  garbage-first heap   total 12288K, used 12274K [0x00000000ff400000, 0x0000000100000000)
[2025-05-12T23:25:31.895+0300][1041.874s][36520] GC(24688)   region size 1024K, 0 young (0K), 0 survivors (0K)
[2025-05-12T23:25:31.895+0300][1041.874s][36520] GC(24688)  Metaspace       used 10759K, committed 12736K, reserved 1114112K
[2025-05-12T23:25:31.895+0300][1041.874s][36520] GC(24688)   class space    used 1076K, committed 1408K, reserved 1048576K
[2025-05-12T23:25:31.895+0300][1041.874s][36520] GC(24688) Pause Young (Normal) (G1 Evacuation Pause) (Evacuation Failure) 11M->11M(12M) 2.730ms
[2025-05-12T23:25:31.895+0300][1041.874s][36520] GC(24688) User=0.02s Sys=0.00s Real=0.00s
[2025-05-12T23:25:31.895+0300][1041.874s][36520] Attempt heap expansion (allocation request failed). Allocation request: 2048B
[2025-05-12T23:25:31.895+0300][1041.874s][36520] Expand the heap. requested expansion amount: 1048576B expansion amount: 1048576B
[2025-05-12T23:25:31.895+0300][1041.874s][36520] Did not expand the heap (heap already fully expanded)
[2025-05-12T23:25:31.895+0300][1041.874s][36520] Attempting full compaction
[2025-05-12T23:25:31.895+0300][1041.874s][36520] GC(24689) Pause Full (G1 Compaction Pause)
[2025-05-12T23:25:31.895+0300][1041.874s][36520] GC(24689) Heap before GC invocations=21156 (full 7084):
[2025-05-12T23:25:31.895+0300][1041.874s][36520] GC(24689)  garbage-first heap   total 12288K, used 12274K [0x00000000ff400000, 0x0000000100000000)
[2025-05-12T23:25:31.895+0300][1041.874s][36520] GC(24689)   region size 1024K, 0 young (0K), 0 survivors (0K)
[2025-05-12T23:25:31.895+0300][1041.874s][36520] GC(24689)  Metaspace       used 10759K, committed 12736K, reserved 1114112K
[2025-05-12T23:25:31.895+0300][1041.874s][36520] GC(24689)   class space    used 1076K, committed 1408K, reserved 1048576K
[2025-05-12T23:25:31.895+0300][1041.874s][36520] GC(24689) Requesting 1 active workers for full compaction (waste limited workers: 1, adaptive workers: 2, used limited workers: 12)
[2025-05-12T23:25:31.895+0300][1041.874s][36520] GC(24689) Using 1 workers of 10 for full compaction
[2025-05-12T23:25:31.895+0300][1041.874s][36520] GC(24689) Mutator Allocation stats, regions: 0, wasted size: 0B ( 0.0%)
[2025-05-12T23:25:31.895+0300][1041.874s][36520] GC(24689) Phase 1: Mark live objects
[2025-05-12T23:25:31.902+0300][1041.882s][36520] GC(24689) Phase 1: Reference Processing
[2025-05-12T23:25:31.902+0300][1041.882s][36520] GC(24689) ReferenceProcessor::execute queues: 1, RefProcThreadModel::Single, marks_oops_alive: false
[2025-05-12T23:25:31.902+0300][1041.882s][36520] GC(24689) Skipped KeepAliveFinalRefsPhase of Reference Processing: no references
[2025-05-12T23:25:31.902+0300][1041.882s][36520] GC(24689) ReferenceProcessor::execute queues: 1, RefProcThreadModel::Single, marks_oops_alive: false
[2025-05-12T23:25:31.903+0300][1041.882s][36520] GC(24689) Reference Processing: 0.0ms
[2025-05-12T23:25:31.903+0300][1041.882s][36520] GC(24689)   Notify Soft/WeakReferences: 0.0ms
[2025-05-12T23:25:31.903+0300][1041.882s][36520] GC(24689)     SoftRef: 0.0ms
[2025-05-12T23:25:31.903+0300][1041.882s][36520] GC(24689)     WeakRef: 0.0ms
[2025-05-12T23:25:31.903+0300][1041.882s][36520] GC(24689)     FinalRef: 0.0ms
[2025-05-12T23:25:31.903+0300][1041.882s][36520] GC(24689)     Total: 0.0ms
[2025-05-12T23:25:31.903+0300][1041.882s][36520] GC(24689)   Notify and keep alive finalizable: 0.0ms
[2025-05-12T23:25:31.903+0300][1041.882s][36520] GC(24689)     FinalRef: skipped
[2025-05-12T23:25:31.903+0300][1041.882s][36520] GC(24689)   Notify PhantomReferences: 0.0ms
[2025-05-12T23:25:31.903+0300][1041.882s][36520] GC(24689)     PhantomRef: 0.0ms
[2025-05-12T23:25:31.903+0300][1041.882s][36520] GC(24689)   SoftReference Discovered: 46, Dropped: 4, Processed: 42
[2025-05-12T23:25:31.903+0300][1041.882s][36520] GC(24689)   WeakReference Discovered: 32, Dropped: 13, Processed: 19
[2025-05-12T23:25:31.903+0300][1041.882s][36520] GC(24689)   FinalReference Discovered: 0, Dropped: 0, Processed: 0
[2025-05-12T23:25:31.903+0300][1041.882s][36520] GC(24689)   PhantomReference Discovered: 23, Dropped: 23, Processed: 0
[2025-05-12T23:25:31.903+0300][1041.882s][36520] GC(24689) Phase 1: Reference Processing 0.194ms
[2025-05-12T23:25:31.903+0300][1041.882s][36520] GC(24689) Phase 1: Weak Processing
[2025-05-12T23:25:31.903+0300][1041.882s][36520] GC(24689)   VM Weak                        Min:  0.0, Avg:  0.0, Max:  0.0, Diff:  0.0, Sum:  0.0, Workers: 10
[2025-05-12T23:25:31.903+0300][1041.882s][36520] GC(24689)     Dead                           Min: 0, Avg:  2.0, Max: 20, Diff: 20, Sum: 20, Workers: 10
[2025-05-12T23:25:31.903+0300][1041.882s][36520] GC(24689)     Total                          Min: 0, Avg:  6.7, Max: 67, Diff: 67, Sum: 67, Workers: 10
[2025-05-12T23:25:31.903+0300][1041.882s][36520] GC(24689)   ObjectSynchronizer Weak        Min:  0.0, Avg:  0.0, Max:  0.0, Diff:  0.0, Sum:  0.0, Workers: 10
[2025-05-12T23:25:31.903+0300][1041.882s][36520] GC(24689)     Dead                           Min: 0, Avg:  0.0, Max: 0, Diff: 0, Sum: 0, Workers: 10
[2025-05-12T23:25:31.903+0300][1041.882s][36520] GC(24689)     Total                          Min: 0, Avg:  0.1, Max: 1, Diff: 1, Sum: 1, Workers: 10
[2025-05-12T23:25:31.903+0300][1041.882s][36520] GC(24689)   JVMTI Tag Weak OopStorage      Min:  0.0, Avg:  0.0, Max:  0.1, Diff:  0.1, Sum:  0.5, Workers: 10
[2025-05-12T23:25:31.903+0300][1041.882s][36520] GC(24689)     Dead                           Min: 0, Avg:  2.0, Max: 20, Diff: 20, Sum: 20, Workers: 10
[2025-05-12T23:25:31.903+0300][1041.882s][36520] GC(24689)     Total                          Min: 4695, Avg: 6289.9, Max: 18428, Diff: 13733, Sum: 62899, Workers: 10
[2025-05-12T23:25:31.903+0300][1041.882s][36520] GC(24689)   StringTable Weak               Min:  0.0, Avg:  0.0, Max:  0.0, Diff:  0.0, Sum:  0.2, Workers: 10
[2025-05-12T23:25:31.903+0300][1041.882s][36520] GC(24689)     Dead                           Min: 1, Avg:  9.0, Max: 21, Diff: 20, Sum: 90, Workers: 10
[2025-05-12T23:25:31.903+0300][1041.882s][36520] GC(24689)     Total                          Min: 3581, Avg: 3952.9, Max: 4800, Diff: 1219, Sum: 39529, Workers: 10
[2025-05-12T23:25:31.903+0300][1041.882s][36520] GC(24689)   ResolvedMethodTable Weak       Min:  0.0, Avg:  0.0, Max:  0.0, Diff:  0.0, Sum:  0.0, Workers: 10
[2025-05-12T23:25:31.903+0300][1041.882s][36520] GC(24689)     Dead                           Min: 0, Avg:  3.7, Max: 13, Diff: 13, Sum: 37, Workers: 10
[2025-05-12T23:25:31.903+0300][1041.882s][36520] GC(24689)     Total                          Min: 0, Avg: 77.6, Max: 128, Diff: 128, Sum: 776, Workers: 10
[2025-05-12T23:25:31.903+0300][1041.882s][36520] GC(24689)   JNI Weak                       Min:  0.0, Avg:  0.0, Max:  0.0, Diff:  0.0, Sum:  0.0, Workers: 10
[2025-05-12T23:25:31.903+0300][1041.882s][36520] GC(24689)     Dead                           Min: 0, Avg:  0.0, Max: 0, Diff: 0, Sum: 0, Workers: 10
[2025-05-12T23:25:31.903+0300][1041.882s][36520] GC(24689)     Total                          Min: 0, Avg:  1.1, Max: 11, Diff: 11, Sum: 11, Workers: 10
[2025-05-12T23:25:31.903+0300][1041.882s][36520] GC(24689)   StringDedup Table Weak         Min:  0.0, Avg:  0.0, Max:  0.0, Diff:  0.0, Sum:  0.0, Workers: 10
[2025-05-12T23:25:31.903+0300][1041.882s][36520] GC(24689)     Dead                           Min: 0, Avg:  0.0, Max: 0, Diff: 0, Sum: 0, Workers: 10
[2025-05-12T23:25:31.903+0300][1041.882s][36520] GC(24689)     Total                          Min: 0, Avg:  0.0, Max: 0, Diff: 0, Sum: 0, Workers: 10
[2025-05-12T23:25:31.903+0300][1041.882s][36520] GC(24689)   StringDedup Requests0 Weak     Min:  0.0, Avg:  0.0, Max:  0.0, Diff:  0.0, Sum:  0.0, Workers: 10
[2025-05-12T23:25:31.903+0300][1041.882s][36520] GC(24689)     Dead                           Min: 0, Avg:  0.0, Max: 0, Diff: 0, Sum: 0, Workers: 10
[2025-05-12T23:25:31.903+0300][1041.882s][36520] GC(24689)     Total                          Min: 0, Avg:  0.0, Max: 0, Diff: 0, Sum: 0, Workers: 10
[2025-05-12T23:25:31.903+0300][1041.882s][36520] GC(24689)   StringDedup Requests1 Weak     Min:  0.0, Avg:  0.0, Max:  0.0, Diff:  0.0, Sum:  0.0, Workers: 10
[2025-05-12T23:25:31.903+0300][1041.882s][36520] GC(24689)     Dead                           Min: 0, Avg:  0.0, Max: 0, Diff: 0, Sum: 0, Workers: 10
[2025-05-12T23:25:31.903+0300][1041.882s][36520] GC(24689)     Total                          Min: 0, Avg:  0.0, Max: 0, Diff: 0, Sum: 0, Workers: 10
[2025-05-12T23:25:31.903+0300][1041.882s][36520] GC(24689)   Weak JFR Old Object Samples    Min:  0.0, Avg:  0.0, Max:  0.0, Diff:  0.0, Sum:  0.0, Workers: 10
[2025-05-12T23:25:31.903+0300][1041.882s][36520] GC(24689)     Dead                           Min: 0, Avg:  0.0, Max: 0, Diff: 0, Sum: 0, Workers: 10
[2025-05-12T23:25:31.903+0300][1041.882s][36520] GC(24689)     Total                          Min: 0, Avg:  0.0, Max: 0, Diff: 0, Sum: 0, Workers: 10
[2025-05-12T23:25:31.903+0300][1041.882s][36520] GC(24689) Phase 1: Weak Processing 0.460ms
[2025-05-12T23:25:31.903+0300][1041.882s][36520] GC(24689) Phase 1: Class Unloading and Cleanup
[2025-05-12T23:25:31.903+0300][1041.882s][36520] GC(24689) ClassLoaderData
[2025-05-12T23:25:31.903+0300][1041.882s][36520] GC(24689) ClassLoaderData 0.059ms
[2025-05-12T23:25:31.903+0300][1041.882s][36520] GC(24689) Trigger cleanups
[2025-05-12T23:25:31.903+0300][1041.882s][36520] GC(24689) Trigger cleanups 0.009ms
[2025-05-12T23:25:31.907+0300][1041.886s][36520] GC(24689) Phase 1: Class Unloading and Cleanup 3.882ms
[2025-05-12T23:25:31.907+0300][1041.886s][36520] GC(24689) Report Object Count
[2025-05-12T23:25:31.907+0300][1041.886s][36520] GC(24689) Report Object Count 0.012ms
[2025-05-12T23:25:31.907+0300][1041.886s][36520] GC(24689) Phase 1: Mark live objects 11.748ms
[2025-05-12T23:25:31.907+0300][1041.886s][36520] GC(24689) Phase 2: Prepare compaction
[2025-05-12T23:25:31.907+0300][1041.886s][36520] GC(24689) Phase 2: Determine work lists
[2025-05-12T23:25:31.907+0300][1041.886s][36520] GC(24689) Phase 2: Determine work lists 0.010ms
[2025-05-12T23:25:31.907+0300][1041.886s][36520] GC(24689) Phase 2: Prepare parallel compaction
[2025-05-12T23:25:31.907+0300][1041.886s][36520] GC(24689) Phase 2: Prepare parallel compaction 0.207ms
[2025-05-12T23:25:31.907+0300][1041.886s][36520] GC(24689) Phase 2: Prepare compaction 0.252ms
[2025-05-12T23:25:31.907+0300][1041.886s][36520] GC(24689) Phase 3: Adjust pointers
[2025-05-12T23:25:31.911+0300][1041.891s][36520] GC(24689) Phase 3: Adjust pointers 4.212ms
[2025-05-12T23:25:31.911+0300][1041.891s][36520] GC(24689) Phase 4: Compact heap
[2025-05-12T23:25:31.912+0300][1041.891s][36520] GC(24689) Phase 4: Compact heap 0.191ms
[2025-05-12T23:25:31.912+0300][1041.891s][36520] GC(24689) Phase 5: Reset Metadata
[2025-05-12T23:25:31.913+0300][1041.892s][36520] GC(24689) Phase 5: Reset Metadata 1.368ms
[2025-05-12T23:25:31.914+0300][1041.893s][36520] GC(24689) Running G1 Clear Bitmap with 1 workers for 1 work units.
[2025-05-12T23:25:31.915+0300][1041.894s][36520] GC(24689) Request concurrent cycle initiation (occupancy higher than threshold) occupancy: 11534336B allocation request: 0B threshold: 3620382B (28.77) source: end of Full GC
[2025-05-12T23:25:31.915+0300][1041.894s][36520] Old generation allocation in the last mutator period, old gen allocated: 0B, humongous allocated: 0B, old gen growth: 0B.
[2025-05-12T23:25:31.915+0300][1041.894s][36520] GC(24689) Coarsening (recent): Inline->AoC 0 (0) AoC->Howl 0 (0) Howl->Full 0 (0) Inline->AoC 0 (0) AoC->BitMap 0 (0) BitMap->Full 0 (0) 
[2025-05-12T23:25:31.915+0300][1041.894s][36520] GC(24689) Coarsening (all): Inline->AoC 10920 (0) AoC->Howl 7731 (0) Howl->Full 0 (0) Inline->AoC 10809 (0) AoC->BitMap 7399 (0) BitMap->Full 0 (0) 
[2025-05-12T23:25:31.915+0300][1041.894s][36520] GC(24689) Eden regions: 0->0(1)
[2025-05-12T23:25:31.915+0300][1041.894s][36520] GC(24689) Survivor regions: 0->0(0)
[2025-05-12T23:25:31.915+0300][1041.894s][36520] GC(24689) Old regions: 12->11
[2025-05-12T23:25:31.915+0300][1041.894s][36520] GC(24689) Humongous regions: 0->0
[2025-05-12T23:25:31.915+0300][1041.894s][36520] GC(24689) Metaspace: 10759K(12736K)->10718K(12736K) NonClass: 9683K(11328K)->9653K(11328K) Class: 1076K(1408K)->1064K(1408K)
[2025-05-12T23:25:31.915+0300][1041.894s][36520] GC(24689) Heap after GC invocations=21157 (full 7085):
[2025-05-12T23:25:31.915+0300][1041.894s][36520] GC(24689)  garbage-first heap   total 12288K, used 11243K [0x00000000ff400000, 0x0000000100000000)
[2025-05-12T23:25:31.915+0300][1041.894s][36520] GC(24689)   region size 1024K, 0 young (0K), 0 survivors (0K)
[2025-05-12T23:25:31.915+0300][1041.894s][36520] GC(24689)  Metaspace       used 10718K, committed 12736K, reserved 1114112K
[2025-05-12T23:25:31.915+0300][1041.894s][36520] GC(24689)   class space    used 1064K, committed 1408K, reserved 1048576K
[2025-05-12T23:25:31.915+0300][1041.894s][36520] GC(24689) Pause Full (G1 Compaction Pause) 11M->10M(12M) 19.942ms
[2025-05-12T23:25:31.915+0300][1041.894s][36520] GC(24689) User=0.00s Sys=0.00s Real=0.02s
[2025-05-12T23:25:31.915+0300][1041.894s][9340 ] G1 Service Thread (Card Set Free Memory Task) (run: 21.406ms) (cpu: 0.000ms)
[2025-05-12T23:25:31.943+0300][1041.921s][36520] GC(24690) Initiate concurrent cycle (concurrent cycle initiation requested)
[2025-05-12T23:25:31.943+0300][1041.922s][36520] GC(24690) Pause Young (Concurrent Start) (G1 Evacuation Pause)
[2025-05-12T23:25:31.943+0300][1041.922s][36520] GC(24690) Heap before GC invocations=21157 (full 7085):
[2025-05-12T23:25:31.943+0300][1041.922s][36520] GC(24690)  garbage-first heap   total 12288K, used 11243K [0x00000000ff400000, 0x0000000100000000)
[2025-05-12T23:25:31.943+0300][1041.922s][36520] GC(24690)   region size 1024K, 1 young (1024K), 0 survivors (0K)
[2025-05-12T23:25:31.943+0300][1041.922s][36520] GC(24690)  Metaspace       used 10759K, committed 12736K, reserved 1114112K
[2025-05-12T23:25:31.943+0300][1041.922s][36520] GC(24690)   class space    used 1076K, committed 1408K, reserved 1048576K
[2025-05-12T23:25:31.943+0300][1041.922s][36520] GC(24690) Using 2 workers of 10 for evacuation
[2025-05-12T23:25:31.943+0300][1041.922s][36520] GC(24690) Desired survivor size 524288 bytes, new threshold 15 (max threshold 15)
[2025-05-12T23:25:31.943+0300][1041.922s][36520] GC(24690) TLAB totals: thrds: 1  refills: 316 max: 316 slow allocs: 157 max 157 waste: 22.1% gc: 688B max: 688B slow: 188472B max: 188472B
[2025-05-12T23:25:31.943+0300][1041.922s][36520] GC(24690) Mutator refinement: 0.00ms, refined: 0, precleaned: 0, dirtied: 113
[2025-05-12T23:25:31.943+0300][1041.922s][36520] GC(24690) Concurrent refinement: 0.00ms, refined: 0, precleaned: 0, dirtied: 0
[2025-05-12T23:25:31.943+0300][1041.922s][36520] GC(24690) Total refinement: 0.00ms, refined: 0, precleaned: 0, dirtied: 113
[2025-05-12T23:25:31.943+0300][1041.922s][36520] GC(24690) Generate dirty cards rate: 4.10 cards/ms
[2025-05-12T23:25:31.943+0300][1041.922s][36520] GC(24690) Mutator Allocation stats, regions: 1, wasted size: 0B ( 0.0%)
[2025-05-12T23:25:31.943+0300][1041.922s][36520] GC(24690) No candidates to reclaim.
[2025-05-12T23:25:31.943+0300][1041.922s][36520] GC(24690) Running G1 Merge Heap Roots using 2 workers for 1 regions
[2025-05-12T23:25:31.943+0300][1041.922s][36520] GC(24690) Visited cards 1120 Total dirty 12288 (9.11%) Total old 26624 (4.21%)
[2025-05-12T23:25:31.943+0300][1041.922s][28072] GC(24690) Attempt heap expansion (region allocation request failed). Allocation request: 2064B
[2025-05-12T23:25:31.943+0300][1041.922s][28072] GC(24690) Did not expand the heap (heap already fully expanded)
[2025-05-12T23:25:31.943+0300][1041.923s][36520] GC(24690) ReferenceProcessor::execute queues: 1, RefProcThreadModel::Single, marks_oops_alive: false
[2025-05-12T23:25:31.943+0300][1041.923s][36520] GC(24690) Skipped KeepAliveFinalRefsPhase of Reference Processing: no references
[2025-05-12T23:25:31.943+0300][1041.923s][36520] GC(24690) Skipped PhantomRefsPhase of Reference Processing: no references
[2025-05-12T23:25:31.943+0300][1041.923s][36520] GC(24690) Initializing removing self forwards with 64 chunks per region
[2025-05-12T23:25:31.943+0300][1041.923s][36520] GC(24690) Running G1 Rebuild Free List Task using 2 workers for rebuilding free list of regions
[2025-05-12T23:25:31.944+0300][1041.923s][36520] GC(24690) Young PLAB allocation: allocated: 0B, wasted: 0B, unused: 0B, used: 0B, undo waste: 0B, 
[2025-05-12T23:25:31.944+0300][1041.923s][36520] GC(24690) Young other allocation: region end waste: 0B, regions filled: 0, num plab filled: 2, direct allocated: 0B, num direct allocated: 0, failure used: 0B, failure wasted: 0B
[2025-05-12T23:25:31.944+0300][1041.923s][36520] GC(24690) Young sizing: calculated: 0B, actual: 2064B
[2025-05-12T23:25:31.944+0300][1041.923s][36520] GC(24690) Old PLAB allocation: allocated: 0B, wasted: 0B, unused: 0B, used: 0B, undo waste: 0B, 
[2025-05-12T23:25:31.944+0300][1041.923s][36520] GC(24690) Old other allocation: region end waste: 0B, regions filled: 0, num plab filled: 2, direct allocated: 0B, num direct allocated: 0, failure used: 158024B, failure wasted: 890552B
[2025-05-12T23:25:31.944+0300][1041.923s][36520] GC(24690) Old sizing: calculated: 0B, actual: 2064B
[2025-05-12T23:25:31.944+0300][1041.923s][36520] GC(24690) Heap expansion: short term pause time ratio 39.85% long term pause time ratio 42.56% threshold 7.69% pause time ratio 7.69% fully expanded true resize by 0B
[2025-05-12T23:25:31.944+0300][1041.923s][36520] GC(24690) MMU: 7.0ms (200.0ms/201.0ms)
[2025-05-12T23:25:31.944+0300][1041.923s][36520] Old generation allocation in the last mutator period, old gen allocated: 1048576B, humongous allocated: 0B, old gen growth: 1048576B.
[2025-05-12T23:25:31.944+0300][1041.923s][36520] GC(24690) Basic information (value update), threshold: 3670061B (29.17), target occupancy: 12582912B, current occupancy: 12552208B, recent allocation size: 1048576B, recent allocation duration: 27.56ms, recent old gen allocation rate: 38049647.84B/s, recent marking phase length: 120.12ms
[2025-05-12T23:25:31.944+0300][1041.923s][9340 ] G1 Service Thread (Card Set Free Memory Task) (run 0.044ms after schedule)
[2025-05-12T23:25:31.944+0300][1041.923s][36520] GC(24690) Adaptive IHOP information (value update), threshold: 3670061B (34.31), internal target occupancy: 10695475B, occupancy: 12552208B, additional buffer size: 1048576B, predicted old gen allocation rate: 49525163.74B/s, predicted marking phase length: 120.68ms, prediction active: true
[2025-05-12T23:25:31.944+0300][1041.923s][36520] GC(24690) GC refinement: goal: 18446744073709551615 + 108 / 20.00ms, actual: 113 / 0.04ms, 
[2025-05-12T23:25:31.944+0300][1041.923s][36520] GC(24690) Unchanged pending cards target: 18446744073709551615
[2025-05-12T23:25:31.944+0300][1041.923s][36520] GC(24690)   Pre Evacuate Collection Set: 0.2ms
[2025-05-12T23:25:31.944+0300][1041.923s][36520] GC(24690)     Pre Evacuate Prepare: 0.1ms
[2025-05-12T23:25:31.944+0300][1041.923s][36520] GC(24690)       JT Retire TLABs And Flush Logs (ms): Min:  0.0, Avg:  0.0, Max:  0.0, Diff:  0.0, Sum:  0.0, Workers: 2
[2025-05-12T23:25:31.944+0300][1041.923s][36520] GC(24690)       Non-JT Flush Logs (ms):        Min:  0.0, Avg:  0.0, Max:  0.0, Diff:  0.0, Sum:  0.0, Workers: 1
[2025-05-12T23:25:31.944+0300][1041.923s][36520] GC(24690)     Choose Collection Set: 0.0ms
[2025-05-12T23:25:31.944+0300][1041.923s][36520] GC(24690)     Region Register: 0.1ms
[2025-05-12T23:25:31.944+0300][1041.923s][36520] GC(24690)     Prepare Heap Roots: 0.0ms
[2025-05-12T23:25:31.944+0300][1041.923s][36520] GC(24690)     Reset Marking State (ms):      Min:  0.0, Avg:  0.0, Max:  0.0, Diff:  0.0, Sum:  0.0, Workers: 1
[2025-05-12T23:25:31.944+0300][1041.923s][36520] GC(24690)     Note Start Of Mark (ms):       Min:  0.0, Avg:  0.0, Max:  0.0, Diff:  0.0, Sum:  0.0, Workers: 2
[2025-05-12T23:25:31.944+0300][1041.923s][36520] GC(24690)   Merge Heap Roots: 0.1ms
[2025-05-12T23:25:31.944+0300][1041.923s][36520] GC(24690)     Prepare Merge Heap Roots: 0.0ms
[2025-05-12T23:25:31.944+0300][1041.923s][36520] GC(24690)     Remembered Sets (ms):          Min:  0.0, Avg:  0.0, Max:  0.0, Diff:  0.0, Sum:  0.0, Workers: 2
[2025-05-12T23:25:31.944+0300][1041.923s][36520] GC(24690)       Eager Reclaim (ms):            skipped
[2025-05-12T23:25:31.944+0300][1041.923s][36520] GC(24690)       Merged Inline                  Min: 0, Avg:  0.0, Max: 0, Diff: 0, Sum: 0, Workers: 2
[2025-05-12T23:25:31.944+0300][1041.923s][36520] GC(24690)       Merged ArrayOfCards            Min: 0, Avg:  0.0, Max: 0, Diff: 0, Sum: 0, Workers: 2
[2025-05-12T23:25:31.944+0300][1041.923s][36520] GC(24690)       Merged Howl                    Min: 0, Avg:  0.0, Max: 0, Diff: 0, Sum: 0, Workers: 2
[2025-05-12T23:25:31.944+0300][1041.923s][36520] GC(24690)       Merged Full                    Min: 0, Avg:  0.0, Max: 0, Diff: 0, Sum: 0, Workers: 2
[2025-05-12T23:25:31.944+0300][1041.923s][36520] GC(24690)       Merged Howl Inline             Min: 0, Avg:  0.0, Max: 0, Diff: 0, Sum: 0, Workers: 2
[2025-05-12T23:25:31.944+0300][1041.923s][36520] GC(24690)       Merged Howl ArrayOfCards       Min: 0, Avg:  0.0, Max: 0, Diff: 0, Sum: 0, Workers: 2
[2025-05-12T23:25:31.944+0300][1041.923s][36520] GC(24690)       Merged Howl BitMap             Min: 0, Avg:  0.0, Max: 0, Diff: 0, Sum: 0, Workers: 2
[2025-05-12T23:25:31.944+0300][1041.923s][36520] GC(24690)       Merged Howl Full               Min: 0, Avg:  0.0, Max: 0, Diff: 0, Sum: 0, Workers: 2
[2025-05-12T23:25:31.944+0300][1041.923s][36520] GC(24690)       Merged Cards                   Min: 8, Avg:  8.0, Max: 8, Diff: 0, Sum: 16, Workers: 2
[2025-05-12T23:25:31.944+0300][1041.923s][36520] GC(24690)     Log Buffers (ms):              Min:  0.0, Avg:  0.0, Max:  0.0, Diff:  0.0, Sum:  0.0, Workers: 2
[2025-05-12T23:25:31.944+0300][1041.923s][36520] GC(24690)       Dirty Cards:                   Min: 0, Avg: 56.5, Max: 113, Diff: 113, Sum: 113, Workers: 2
[2025-05-12T23:25:31.944+0300][1041.923s][36520] GC(24690)       Skipped Cards:                 Min: 0, Avg:  0.0, Max: 0, Diff: 0, Sum: 0, Workers: 2
[2025-05-12T23:25:31.944+0300][1041.923s][36520] GC(24690)   Evacuate Collection Set: 0.4ms
[2025-05-12T23:25:31.944+0300][1041.923s][36520] GC(24690)     Ext Root Scanning (ms):        Min:  0.1, Avg:  0.1, Max:  0.2, Diff:  0.1, Sum:  0.3, Workers: 2
[2025-05-12T23:25:31.944+0300][1041.923s][36520] GC(24690)     Scan Heap Roots (ms):          Min:  0.0, Avg:  0.0, Max:  0.1, Diff:  0.1, Sum:  0.1, Workers: 2
[2025-05-12T23:25:31.944+0300][1041.923s][36520] GC(24690)       Scanned Cards:                 Min: 12, Avg: 56.5, Max: 101, Diff: 89, Sum: 113, Workers: 2
[2025-05-12T23:25:31.944+0300][1041.923s][36520] GC(24690)       Scanned Blocks:                Min: 6, Avg: 37.5, Max: 69, Diff: 63, Sum: 75, Workers: 2
[2025-05-12T23:25:31.944+0300][1041.923s][36520] GC(24690)       Claimed Chunks:                Min: 2, Avg: 17.5, Max: 33, Diff: 31, Sum: 35, Workers: 2
[2025-05-12T23:25:31.944+0300][1041.923s][36520] GC(24690)       Found Roots:                   Min: 47, Avg: 72.0, Max: 97, Diff: 50, Sum: 144, Workers: 2
[2025-05-12T23:25:31.944+0300][1041.924s][36520] GC(24690)     Code Root Scan (ms):           Min:  0.0, Avg:  0.0, Max:  0.0, Diff:  0.0, Sum:  0.0, Workers: 2
[2025-05-12T23:25:31.944+0300][1041.924s][36520] GC(24690)     Object Copy (ms):              Min:  0.1, Avg:  0.1, Max:  0.1, Diff:  0.0, Sum:  0.3, Workers: 2
[2025-05-12T23:25:31.944+0300][1041.924s][36520] GC(24690)     Termination (ms):              Min:  0.0, Avg:  0.0, Max:  0.0, Diff:  0.0, Sum:  0.0, Workers: 2
[2025-05-12T23:25:31.944+0300][1041.924s][36520] GC(24690)       Termination Attempts:          Min: 1, Avg:  1.0, Max: 1, Diff: 0, Sum: 2, Workers: 2
[2025-05-12T23:25:31.944+0300][1041.924s][36520] GC(24690)     GC Worker Other (ms):          Min:  0.0, Avg:  0.0, Max:  0.0, Diff:  0.0, Sum:  0.0, Workers: 2
[2025-05-12T23:25:31.944+0300][1041.924s][36520] GC(24690)     GC Worker Total (ms):          Min:  0.3, Avg:  0.3, Max:  0.3, Diff:  0.0, Sum:  0.7, Workers: 2
[2025-05-12T23:25:31.944+0300][1041.924s][36520] GC(24690)   Post Evacuate Collection Set: 0.5ms
[2025-05-12T23:25:31.944+0300][1041.924s][36520] GC(24690)     NMethod List Cleanup: 0.0ms
[2025-05-12T23:25:31.944+0300][1041.924s][36520] GC(24690)     Reference Processing: 0.1ms
[2025-05-12T23:25:31.944+0300][1041.924s][36520] GC(24690)       Notify Soft/WeakReferences: 0.0ms
[2025-05-12T23:25:31.944+0300][1041.924s][36520] GC(24690)         SoftRef (ms):                  Min:  0.0, Avg:  0.0, Max:  0.0, Diff:  0.0, Sum:  0.0, Workers: 1
[2025-05-12T23:25:31.944+0300][1041.924s][36520] GC(24690)         WeakRef (ms):                  Min:  0.0, Avg:  0.0, Max:  0.0, Diff:  0.0, Sum:  0.0, Workers: 1
[2025-05-12T23:25:31.944+0300][1041.924s][36520] GC(24690)         FinalRef (ms):                 Min:  0.0, Avg:  0.0, Max:  0.0, Diff:  0.0, Sum:  0.0, Workers: 1
[2025-05-12T23:25:31.944+0300][1041.924s][36520] GC(24690)         Total (ms):                    Min:  0.0, Avg:  0.0, Max:  0.0, Diff:  0.0, Sum:  0.0, Workers: 1
[2025-05-12T23:25:31.944+0300][1041.924s][36520] GC(24690)       Notify and keep alive finalizable: 0.0ms
[2025-05-12T23:25:31.944+0300][1041.924s][36520] GC(24690)         FinalRef (ms):                 skipped
[2025-05-12T23:25:31.944+0300][1041.924s][36520] GC(24690)       Notify PhantomReferences: 0.0ms
[2025-05-12T23:25:31.944+0300][1041.924s][36520] GC(24690)         PhantomRef (ms):               skipped
[2025-05-12T23:25:31.944+0300][1041.924s][36520] GC(24690)       SoftReference Discovered: 0, Dropped: 0, Processed: 0
[2025-05-12T23:25:31.944+0300][1041.924s][36520] GC(24690)       WeakReference Discovered: 26, Dropped: 3, Processed: 23
[2025-05-12T23:25:31.944+0300][1041.924s][36520] GC(24690)       FinalReference Discovered: 0, Dropped: 0, Processed: 0
[2025-05-12T23:25:31.944+0300][1041.924s][36520] GC(24690)       PhantomReference Discovered: 0, Dropped: 0, Processed: 0
[2025-05-12T23:25:31.944+0300][1041.924s][36520] GC(24690)     Weak Processing: 0.1ms
[2025-05-12T23:25:31.944+0300][1041.924s][36520] GC(24690)       VM Weak                        Min:  0.0, Avg:  0.0, Max:  0.0, Diff:  0.0, Sum:  0.0, Workers: 10
[2025-05-12T23:25:31.944+0300][1041.924s][36520] GC(24690)         Dead                           Min: 0, Avg:  0.0, Max: 0, Diff: 0, Sum: 0, Workers: 10
[2025-05-12T23:25:31.944+0300][1041.924s][36520] GC(24690)         Total                          Min: 0, Avg:  6.7, Max: 59, Diff: 59, Sum: 67, Workers: 10
[2025-05-12T23:25:31.944+0300][1041.924s][36520] GC(24690)       ObjectSynchronizer Weak        Min:  0.0, Avg:  0.0, Max:  0.0, Diff:  0.0, Sum:  0.0, Workers: 10
[2025-05-12T23:25:31.944+0300][1041.924s][36520] GC(24690)         Dead                           Min: 0, Avg:  0.0, Max: 0, Diff: 0, Sum: 0, Workers: 10
[2025-05-12T23:25:31.944+0300][1041.924s][36520] GC(24690)         Total                          Min: 0, Avg:  0.1, Max: 1, Diff: 1, Sum: 1, Workers: 10
[2025-05-12T23:25:31.944+0300][1041.924s][36520] GC(24690)       JVMTI Tag Weak OopStorage      Min:  0.0, Avg:  0.1, Max:  0.1, Diff:  0.0, Sum:  0.5, Workers: 10
[2025-05-12T23:25:31.944+0300][1041.924s][36520] GC(24690)         Dead                           Min: 0, Avg:  0.0, Max: 0, Diff: 0, Sum: 0, Workers: 10
[2025-05-12T23:25:31.944+0300][1041.924s][36520] GC(24690)         Total                          Min: 3592, Avg: 6289.9, Max: 11929, Diff: 8337, Sum: 62899, Workers: 10
[2025-05-12T23:25:31.944+0300][1041.924s][36520] GC(24690)       StringTable Weak               Min:  0.0, Avg:  0.0, Max:  0.0, Diff:  0.0, Sum:  0.2, Workers: 10
[2025-05-12T23:25:31.944+0300][1041.924s][36520] GC(24690)         Dead                           Min: 0, Avg:  1.7, Max: 7, Diff: 7, Sum: 17, Workers: 10
[2025-05-12T23:25:31.944+0300][1041.924s][36520] GC(24690)         Total                          Min: 3518, Avg: 3952.9, Max: 4800, Diff: 1282, Sum: 39529, Workers: 10
[2025-05-12T23:25:31.944+0300][1041.924s][36520] GC(24690)       ResolvedMethodTable Weak       Min:  0.0, Avg:  0.0, Max:  0.0, Diff:  0.0, Sum:  0.0, Workers: 10
[2025-05-12T23:25:31.944+0300][1041.924s][36520] GC(24690)         Dead                           Min: 0, Avg:  0.0, Max: 0, Diff: 0, Sum: 0, Workers: 10
[2025-05-12T23:25:31.944+0300][1041.924s][36520] GC(24690)         Total                          Min: 46, Avg: 78.5, Max: 127, Diff: 81, Sum: 785, Workers: 10
[2025-05-12T23:25:31.944+0300][1041.924s][36520] GC(24690)       JNI Weak                       Min:  0.0, Avg:  0.0, Max:  0.0, Diff:  0.0, Sum:  0.0, Workers: 10
[2025-05-12T23:25:31.944+0300][1041.924s][36520] GC(24690)         Dead                           Min: 0, Avg:  0.0, Max: 0, Diff: 0, Sum: 0, Workers: 10
[2025-05-12T23:25:31.944+0300][1041.924s][36520] GC(24690)         Total                          Min: 0, Avg:  1.1, Max: 11, Diff: 11, Sum: 11, Workers: 10
[2025-05-12T23:25:31.944+0300][1041.924s][36520] GC(24690)       StringDedup Table Weak         Min:  0.0, Avg:  0.0, Max:  0.0, Diff:  0.0, Sum:  0.0, Workers: 10
[2025-05-12T23:25:31.944+0300][1041.924s][36520] GC(24690)         Dead                           Min: 0, Avg:  0.0, Max: 0, Diff: 0, Sum: 0, Workers: 10
[2025-05-12T23:25:31.944+0300][1041.924s][36520] GC(24690)         Total                          Min: 0, Avg:  0.0, Max: 0, Diff: 0, Sum: 0, Workers: 10
[2025-05-12T23:25:31.944+0300][1041.924s][36520] GC(24690)       StringDedup Requests0 Weak     Min:  0.0, Avg:  0.0, Max:  0.0, Diff:  0.0, Sum:  0.0, Workers: 10
[2025-05-12T23:25:31.944+0300][1041.924s][36520] GC(24690)         Dead                           Min: 0, Avg:  0.0, Max: 0, Diff: 0, Sum: 0, Workers: 10
[2025-05-12T23:25:31.944+0300][1041.924s][36520] GC(24690)         Total                          Min: 0, Avg:  0.0, Max: 0, Diff: 0, Sum: 0, Workers: 10
[2025-05-12T23:25:31.944+0300][1041.924s][36520] GC(24690)       StringDedup Requests1 Weak     Min:  0.0, Avg:  0.0, Max:  0.0, Diff:  0.0, Sum:  0.0, Workers: 10
[2025-05-12T23:25:31.944+0300][1041.924s][36520] GC(24690)         Dead                           Min: 0, Avg:  0.0, Max: 0, Diff: 0, Sum: 0, Workers: 10
[2025-05-12T23:25:31.944+0300][1041.924s][36520] GC(24690)         Total                          Min: 0, Avg:  0.0, Max: 0, Diff: 0, Sum: 0, Workers: 10
[2025-05-12T23:25:31.945+0300][1041.924s][36520] GC(24690)       Weak JFR Old Object Samples    Min:  0.0, Avg:  0.0, Max:  0.0, Diff:  0.0, Sum:  0.0, Workers: 10
[2025-05-12T23:25:31.945+0300][1041.924s][36520] GC(24690)         Dead                           Min: 0, Avg:  0.0, Max: 0, Diff: 0, Sum: 0, Workers: 10
[2025-05-12T23:25:31.945+0300][1041.924s][36520] GC(24690)         Total                          Min: 0, Avg:  0.0, Max: 0, Diff: 0, Sum: 0, Workers: 10
[2025-05-12T23:25:31.945+0300][1041.924s][36520] GC(24690)     Post Evacuate Cleanup 1: 0.1ms
[2025-05-12T23:25:31.945+0300][1041.924s][36520] GC(24690)       Merge Per-Thread State (ms):   Min:  0.0, Avg:  0.0, Max:  0.0, Diff:  0.0, Sum:  0.0, Workers: 1
[2025-05-12T23:25:31.945+0300][1041.924s][36520] GC(24690)         Copied Bytes                   Min: 0, Avg:  0.0, Max: 0, Diff: 0, Sum: 0, Workers: 2
[2025-05-12T23:25:31.945+0300][1041.924s][36520] GC(24690)         LAB Waste                      Min: 0, Avg:  0.0, Max: 0, Diff: 0, Sum: 0, Workers: 2
[2025-05-12T23:25:31.945+0300][1041.924s][36520] GC(24690)         LAB Undo Waste                 Min: 0, Avg:  0.0, Max: 0, Diff: 0, Sum: 0, Workers: 2
[2025-05-12T23:25:31.945+0300][1041.924s][36520] GC(24690)       Clear Logged Cards (ms):       Min:  0.0, Avg:  0.0, Max:  0.0, Diff:  0.0, Sum:  0.0, Workers: 2
[2025-05-12T23:25:31.945+0300][1041.924s][36520] GC(24690)       Recalculate Used Memory (ms):  Min:  0.0, Avg:  0.0, Max:  0.0, Diff:  0.0, Sum:  0.0, Workers: 1
[2025-05-12T23:25:31.945+0300][1041.924s][36520] GC(24690)       Restore Retained Regions (ms): Min:  0.0, Avg:  0.0, Max:  0.1, Diff:  0.0, Sum:  0.1, Workers: 2
[2025-05-12T23:25:31.945+0300][1041.924s][36520] GC(24690)         Evacuation Failure Regions:    Min: 1, Avg:  1.0, Max: 1, Diff: 0, Sum: 1, Workers: 1
[2025-05-12T23:25:31.945+0300][1041.924s][36520] GC(24690)         Remove Self Forwards (ms):     Min:  0.0, Avg:  0.0, Max:  0.1, Diff:  0.0, Sum:  0.1, Workers: 2
[2025-05-12T23:25:31.945+0300][1041.924s][36520] GC(24690)           Forward Chunks:                Min: 19, Avg: 27.5, Max: 36, Diff: 17, Sum: 55, Workers: 2
[2025-05-12T23:25:31.945+0300][1041.924s][36520] GC(24690)           Empty Forward Chunks:          Min: 3, Avg:  4.5, Max: 6, Diff: 3, Sum: 9, Workers: 2
[2025-05-12T23:25:31.945+0300][1041.924s][36520] GC(24690)           Forward Objects:               Min: 792, Avg: 1695.0, Max: 2598, Diff: 1806, Sum: 3390, Workers: 2
[2025-05-12T23:25:31.945+0300][1041.924s][36520] GC(24690)           Forward Bytes:                 Min: 35768, Avg: 79012.0, Max: 122256, Diff: 86488, Sum: 158024, Workers: 2
[2025-05-12T23:25:31.945+0300][1041.924s][36520] GC(24690)     Post Evacuate Cleanup 2: 0.1ms
[2025-05-12T23:25:31.945+0300][1041.924s][36520] GC(24690)       Recalculate Used Memory (ms):  Min:  0.0, Avg:  0.0, Max:  0.0, Diff:  0.0, Sum:  0.0, Workers: 1
[2025-05-12T23:25:31.945+0300][1041.924s][36520] GC(24690)       Restore Preserved Marks (ms):  Min:  0.0, Avg:  0.0, Max:  0.0, Diff:  0.0, Sum:  0.0, Workers: 2
[2025-05-12T23:25:31.945+0300][1041.924s][36520] GC(24690)       Clear Retained Region Bitmaps (ms): skipped
[2025-05-12T23:25:31.945+0300][1041.924s][36520] GC(24690)       Update Derived Pointers (ms):  Min:  0.0, Avg:  0.0, Max:  0.0, Diff:  0.0, Sum:  0.0, Workers: 1
[2025-05-12T23:25:31.945+0300][1041.924s][36520] GC(24690)       Eagerly Reclaim Humongous Objects (ms): skipped
[2025-05-12T23:25:31.945+0300][1041.924s][36520] GC(24690)         Humongous Total                skipped
[2025-05-12T23:25:31.945+0300][1041.924s][36520] GC(24690)         Humongous Candidates           skipped
[2025-05-12T23:25:31.945+0300][1041.924s][36520] GC(24690)         Humongous Reclaimed            skipped
[2025-05-12T23:25:31.945+0300][1041.924s][36520] GC(24690)       Redirty Logged Cards (ms):     Min:  0.0, Avg:  0.0, Max:  0.0, Diff:  0.0, Sum:  0.0, Workers: 2
[2025-05-12T23:25:31.945+0300][1041.924s][36520] GC(24690)         Redirtied Cards:               Min: 0, Avg:  0.0, Max: 0, Diff: 0, Sum: 0, Workers: 2
[2025-05-12T23:25:31.945+0300][1041.924s][36520] GC(24690)       Resize TLABs (ms):             Min:  0.0, Avg:  0.0, Max:  0.0, Diff:  0.0, Sum:  0.0, Workers: 2
[2025-05-12T23:25:31.945+0300][1041.924s][36520] GC(24690)       Free Collection Set (ms):      Min:  0.0, Avg:  0.0, Max:  0.0, Diff:  0.0, Sum:  0.0, Workers: 2
[2025-05-12T23:25:31.945+0300][1041.924s][36520] GC(24690)     Rebuild Free List: 0.1ms
[2025-05-12T23:25:31.945+0300][1041.924s][36520] GC(24690)     Prepare For Mutator: 0.1ms
[2025-05-12T23:25:31.945+0300][1041.924s][36520] GC(24690)     Expand Heap After Collection: 0.0ms
[2025-05-12T23:25:31.945+0300][1041.924s][36520] GC(24690)   Other: 0.4ms
[2025-05-12T23:25:31.945+0300][1041.924s][36520] GC(24690) Coarsening (recent): Inline->AoC 0 (0) AoC->Howl 0 (0) Howl->Full 0 (0) Inline->AoC 0 (0) AoC->BitMap 0 (0) BitMap->Full 0 (0) 
[2025-05-12T23:25:31.945+0300][1041.924s][36520] GC(24690) Coarsening (all): Inline->AoC 10920 (0) AoC->Howl 7731 (0) Howl->Full 0 (0) Inline->AoC 10809 (0) AoC->BitMap 7399 (0) BitMap->Full 0 (0) 
[2025-05-12T23:25:31.945+0300][1041.924s][36520] GC(24690) Eden regions: 1->0(0)
[2025-05-12T23:25:31.945+0300][1041.924s][36520] GC(24690) Survivor regions: 0->0(0)
[2025-05-12T23:25:31.945+0300][1041.924s][36520] GC(24690) Old regions: 11->12
[2025-05-12T23:25:31.945+0300][1041.924s][36520] GC(24690) Humongous regions: 0->0
[2025-05-12T23:25:31.945+0300][1041.924s][36520] GC(24690) Metaspace: 10759K(12736K)->10759K(12736K) NonClass: 9683K(11328K)->9683K(11328K) Class: 1076K(1408K)->1076K(1408K)
[2025-05-12T23:25:31.945+0300][1041.924s][36520] GC(24690) Heap after GC invocations=21158 (full 7085):
[2025-05-12T23:25:31.945+0300][1041.924s][36520] GC(24690)  garbage-first heap   total 12288K, used 12258K [0x00000000ff400000, 0x0000000100000000)
[2025-05-12T23:25:31.945+0300][1041.924s][36520] GC(24690)   region size 1024K, 0 young (0K), 0 survivors (0K)
[2025-05-12T23:25:31.945+0300][1041.924s][36520] GC(24690)  Metaspace       used 10759K, committed 12736K, reserved 1114112K
[2025-05-12T23:25:31.945+0300][1041.924s][36520] GC(24690)   class space    used 1076K, committed 1408K, reserved 1048576K
[2025-05-12T23:25:31.945+0300][1041.924s][36520] GC(24690) Pause Young (Concurrent Start) (G1 Evacuation Pause) (Evacuation Failure) 11M->11M(12M) 2.862ms
[2025-05-12T23:25:31.945+0300][1041.924s][36520] GC(24690) User=0.00s Sys=0.00s Real=0.00s
[2025-05-12T23:25:31.945+0300][1041.924s][34628] GC(24691) Concurrent Mark Cycle
[2025-05-12T23:25:31.945+0300][1041.924s][36520] Attempt heap expansion (allocation request failed). Allocation request: 16400B
[2025-05-12T23:25:31.945+0300][1041.924s][34628] GC(24691) Concurrent Scan Root Regions
[2025-05-12T23:25:31.945+0300][1041.925s][36520] Expand the heap. requested expansion amount: 1048576B expansion amount: 1048576B
[2025-05-12T23:25:31.945+0300][1041.925s][34628] GC(24691) Concurrent Scan Root Regions 0.084ms
[2025-05-12T23:25:31.945+0300][1041.925s][36520] Did not expand the heap (heap already fully expanded)
[2025-05-12T23:25:31.945+0300][1041.925s][34628] GC(24691) Concurrent Mark
[2025-05-12T23:25:31.945+0300][1041.925s][36520] Attempting full compaction
[2025-05-12T23:25:31.945+0300][1041.925s][34628] GC(24691) Concurrent Mark From Roots
[2025-05-12T23:25:31.945+0300][1041.925s][36520] GC(24692) Pause Full (G1 Compaction Pause)
[2025-05-12T23:25:31.945+0300][1041.925s][34628] GC(24691) Using 3 workers of 3 for marking
[2025-05-12T23:25:31.945+0300][1041.925s][36520] GC(24692) Heap before GC invocations=21158 (full 7085):
[2025-05-12T23:25:31.945+0300][1041.925s][36520] GC(24692)  garbage-first heap   total 12288K, used 12258K [0x00000000ff400000, 0x0000000100000000)
[2025-05-12T23:25:31.945+0300][1041.925s][36520] GC(24692)   region size 1024K, 0 young (0K), 0 survivors (0K)
[2025-05-12T23:25:31.945+0300][1041.925s][36520] GC(24692)  Metaspace       used 10759K, committed 12736K, reserved 1114112K
[2025-05-12T23:25:31.945+0300][1041.925s][36520] GC(24692)   class space    used 1076K, committed 1408K, reserved 1048576K
[2025-05-12T23:25:31.945+0300][1041.925s][36520] GC(24692) Requesting 1 active workers for full compaction (waste limited workers: 1, adaptive workers: 2, used limited workers: 12)
[2025-05-12T23:25:31.945+0300][1041.925s][36520] GC(24692) Using 1 workers of 10 for full compaction
[2025-05-12T23:25:31.946+0300][1041.925s][36520] GC(24692) Clear Bitmap
[2025-05-12T23:25:31.946+0300][1041.925s][36520] GC(24692) Running G1 Clear Bitmap with 1 workers for 1 work units.
[2025-05-12T23:25:31.946+0300][1041.925s][36520] GC(24692) Clear Bitmap 0.045ms
[2025-05-12T23:25:31.946+0300][1041.925s][36520] GC(24692) Mutator Allocation stats, regions: 0, wasted size: 0B ( 0.0%)
[2025-05-12T23:25:31.946+0300][1041.925s][36520] GC(24692) Phase 1: Mark live objects
[2025-05-12T23:25:31.953+0300][1041.933s][36520] GC(24692) Phase 1: Reference Processing
[2025-05-12T23:25:31.953+0300][1041.933s][36520] GC(24692) ReferenceProcessor::execute queues: 1, RefProcThreadModel::Single, marks_oops_alive: false
[2025-05-12T23:25:31.953+0300][1041.933s][36520] GC(24692) Skipped KeepAliveFinalRefsPhase of Reference Processing: no references
[2025-05-12T23:25:31.953+0300][1041.933s][36520] GC(24692) ReferenceProcessor::execute queues: 1, RefProcThreadModel::Single, marks_oops_alive: false
[2025-05-12T23:25:31.953+0300][1041.933s][36520] GC(24692) Reference Processing: 0.0ms
[2025-05-12T23:25:31.953+0300][1041.933s][36520] GC(24692)   Notify Soft/WeakReferences: 0.0ms
[2025-05-12T23:25:31.953+0300][1041.933s][36520] GC(24692)     SoftRef: 0.0ms
[2025-05-12T23:25:31.953+0300][1041.933s][36520] GC(24692)     WeakRef: 0.0ms
[2025-05-12T23:25:31.953+0300][1041.933s][36520] GC(24692)     FinalRef: 0.0ms
[2025-05-12T23:25:31.953+0300][1041.933s][36520] GC(24692)     Total: 0.0ms
[2025-05-12T23:25:31.953+0300][1041.933s][36520] GC(24692)   Notify and keep alive finalizable: 0.0ms
[2025-05-12T23:25:31.953+0300][1041.933s][36520] GC(24692)     FinalRef: skipped
[2025-05-12T23:25:31.953+0300][1041.933s][36520] GC(24692)   Notify PhantomReferences: 0.0ms
[2025-05-12T23:25:31.953+0300][1041.933s][36520] GC(24692)     PhantomRef: 0.0ms
[2025-05-12T23:25:31.953+0300][1041.933s][36520] GC(24692)   SoftReference Discovered: 46, Dropped: 4, Processed: 42
[2025-05-12T23:25:31.953+0300][1041.933s][36520] GC(24692)   WeakReference Discovered: 33, Dropped: 14, Processed: 19
[2025-05-12T23:25:31.953+0300][1041.933s][36520] GC(24692)   FinalReference Discovered: 0, Dropped: 0, Processed: 0
[2025-05-12T23:25:31.953+0300][1041.933s][36520] GC(24692)   PhantomReference Discovered: 23, Dropped: 23, Processed: 0
[2025-05-12T23:25:31.953+0300][1041.933s][36520] GC(24692) Phase 1: Reference Processing 0.191ms
[2025-05-12T23:25:31.953+0300][1041.933s][36520] GC(24692) Phase 1: Weak Processing
[2025-05-12T23:25:31.954+0300][1041.933s][36520] GC(24692)   VM Weak                        Min:  0.0, Avg:  0.0, Max:  0.0, Diff:  0.0, Sum:  0.0, Workers: 10
[2025-05-12T23:25:31.954+0300][1041.933s][36520] GC(24692)     Dead                           Min: 0, Avg:  2.0, Max: 20, Diff: 20, Sum: 20, Workers: 10
[2025-05-12T23:25:31.954+0300][1041.933s][36520] GC(24692)     Total                          Min: 0, Avg:  6.7, Max: 63, Diff: 63, Sum: 67, Workers: 10
[2025-05-12T23:25:31.954+0300][1041.933s][36520] GC(24692)   ObjectSynchronizer Weak        Min:  0.0, Avg:  0.0, Max:  0.0, Diff:  0.0, Sum:  0.0, Workers: 10
[2025-05-12T23:25:31.954+0300][1041.933s][36520] GC(24692)     Dead                           Min: 0, Avg:  0.0, Max: 0, Diff: 0, Sum: 0, Workers: 10
[2025-05-12T23:25:31.954+0300][1041.933s][36520] GC(24692)     Total                          Min: 0, Avg:  0.1, Max: 1, Diff: 1, Sum: 1, Workers: 10
[2025-05-12T23:25:31.954+0300][1041.933s][36520] GC(24692)   JVMTI Tag Weak OopStorage      Min:  0.0, Avg:  0.0, Max:  0.1, Diff:  0.0, Sum:  0.5, Workers: 10
[2025-05-12T23:25:31.954+0300][1041.933s][36520] GC(24692)     Dead                           Min: 0, Avg:  2.0, Max: 20, Diff: 20, Sum: 20, Workers: 10
[2025-05-12T23:25:31.954+0300][1041.933s][36520] GC(24692)     Total                          Min: 4170, Avg: 6289.9, Max: 15677, Diff: 11507, Sum: 62899, Workers: 10
[2025-05-12T23:25:31.954+0300][1041.933s][36520] GC(24692)   StringTable Weak               Min:  0.0, Avg:  0.0, Max:  0.0, Diff:  0.0, Sum:  0.2, Workers: 10
[2025-05-12T23:25:31.954+0300][1041.933s][36520] GC(24692)     Dead                           Min: 3, Avg:  7.3, Max: 15, Diff: 12, Sum: 73, Workers: 10
[2025-05-12T23:25:31.954+0300][1041.933s][36520] GC(24692)     Total                          Min: 3456, Avg: 3952.9, Max: 5247, Diff: 1791, Sum: 39529, Workers: 10
[2025-05-12T23:25:31.954+0300][1041.933s][36520] GC(24692)   ResolvedMethodTable Weak       Min:  0.0, Avg:  0.0, Max:  0.0, Diff:  0.0, Sum:  0.0, Workers: 10
[2025-05-12T23:25:31.954+0300][1041.933s][36520] GC(24692)     Dead                           Min: 0, Avg:  3.7, Max: 21, Diff: 21, Sum: 37, Workers: 10
[2025-05-12T23:25:31.954+0300][1041.933s][36520] GC(24692)     Total                          Min: 0, Avg: 78.5, Max: 127, Diff: 127, Sum: 785, Workers: 10
[2025-05-12T23:25:31.954+0300][1041.933s][36520] GC(24692)   JNI Weak                       Min:  0.0, Avg:  0.0, Max:  0.0, Diff:  0.0, Sum:  0.0, Workers: 10
[2025-05-12T23:25:31.954+0300][1041.933s][36520] GC(24692)     Dead                           Min: 0, Avg:  0.0, Max: 0, Diff: 0, Sum: 0, Workers: 10
[2025-05-12T23:25:31.954+0300][1041.933s][36520] GC(24692)     Total                          Min: 0, Avg:  1.1, Max: 11, Diff: 11, Sum: 11, Workers: 10
[2025-05-12T23:25:31.954+0300][1041.933s][36520] GC(24692)   StringDedup Table Weak         Min:  0.0, Avg:  0.0, Max:  0.0, Diff:  0.0, Sum:  0.0, Workers: 10
[2025-05-12T23:25:31.954+0300][1041.933s][36520] GC(24692)     Dead                           Min: 0, Avg:  0.0, Max: 0, Diff: 0, Sum: 0, Workers: 10
[2025-05-12T23:25:31.954+0300][1041.933s][36520] GC(24692)     Total                          Min: 0, Avg:  0.0, Max: 0, Diff: 0, Sum: 0, Workers: 10
[2025-05-12T23:25:31.954+0300][1041.933s][36520] GC(24692)   StringDedup Requests0 Weak     Min:  0.0, Avg:  0.0, Max:  0.0, Diff:  0.0, Sum:  0.0, Workers: 10
[2025-05-12T23:25:31.954+0300][1041.933s][36520] GC(24692)     Dead                           Min: 0, Avg:  0.0, Max: 0, Diff: 0, Sum: 0, Workers: 10
[2025-05-12T23:25:31.954+0300][1041.933s][36520] GC(24692)     Total                          Min: 0, Avg:  0.0, Max: 0, Diff: 0, Sum: 0, Workers: 10
[2025-05-12T23:25:31.954+0300][1041.933s][36520] GC(24692)   StringDedup Requests1 Weak     Min:  0.0, Avg:  0.0, Max:  0.0, Diff:  0.0, Sum:  0.0, Workers: 10
[2025-05-12T23:25:31.954+0300][1041.933s][36520] GC(24692)     Dead                           Min: 0, Avg:  0.0, Max: 0, Diff: 0, Sum: 0, Workers: 10
[2025-05-12T23:25:31.954+0300][1041.933s][36520] GC(24692)     Total                          Min: 0, Avg:  0.0, Max: 0, Diff: 0, Sum: 0, Workers: 10
[2025-05-12T23:25:31.954+0300][1041.933s][36520] GC(24692)   Weak JFR Old Object Samples    Min:  0.0, Avg:  0.0, Max:  0.0, Diff:  0.0, Sum:  0.0, Workers: 10
[2025-05-12T23:25:31.954+0300][1041.933s][36520] GC(24692)     Dead                           Min: 0, Avg:  0.0, Max: 0, Diff: 0, Sum: 0, Workers: 10
[2025-05-12T23:25:31.954+0300][1041.933s][36520] GC(24692)     Total                          Min: 0, Avg:  0.0, Max: 0, Diff: 0, Sum: 0, Workers: 10
[2025-05-12T23:25:31.954+0300][1041.933s][36520] GC(24692) Phase 1: Weak Processing 0.458ms
[2025-05-12T23:25:31.954+0300][1041.933s][36520] GC(24692) Phase 1: Class Unloading and Cleanup
[2025-05-12T23:25:31.954+0300][1041.933s][36520] GC(24692) ClassLoaderData
[2025-05-12T23:25:31.954+0300][1041.933s][36520] GC(24692) ClassLoaderData 0.062ms
[2025-05-12T23:25:31.954+0300][1041.933s][36520] GC(24692) Trigger cleanups
[2025-05-12T23:25:31.954+0300][1041.933s][36520] GC(24692) Trigger cleanups 0.009ms
[2025-05-12T23:25:31.958+0300][1041.937s][36520] GC(24692) Phase 1: Class Unloading and Cleanup 3.898ms
[2025-05-12T23:25:31.958+0300][1041.937s][36520] GC(24692) Report Object Count
[2025-05-12T23:25:31.958+0300][1041.937s][36520] GC(24692) Report Object Count 0.011ms
[2025-05-12T23:25:31.958+0300][1041.937s][36520] GC(24692) Phase 1: Mark live objects 12.198ms
[2025-05-12T23:25:31.958+0300][1041.937s][36520] GC(24692) Phase 2: Prepare compaction
[2025-05-12T23:25:31.958+0300][1041.937s][36520] GC(24692) Phase 2: Determine work lists
[2025-05-12T23:25:31.958+0300][1041.937s][36520] GC(24692) Phase 2: Determine work lists 0.010ms
[2025-05-12T23:25:31.958+0300][1041.937s][36520] GC(24692) Phase 2: Prepare parallel compaction
[2025-05-12T23:25:31.958+0300][1041.938s][36520] GC(24692) Phase 2: Prepare parallel compaction 0.263ms
[2025-05-12T23:25:31.958+0300][1041.938s][36520] GC(24692) Phase 2: Prepare compaction 0.313ms
[2025-05-12T23:25:31.958+0300][1041.938s][36520] GC(24692) Phase 3: Adjust pointers
[2025-05-12T23:25:31.962+0300][1041.942s][36520] GC(24692) Phase 3: Adjust pointers 4.274ms
[2025-05-12T23:25:31.962+0300][1041.942s][36520] GC(24692) Phase 4: Compact heap
[2025-05-12T23:25:31.963+0300][1041.942s][36520] GC(24692) Phase 4: Compact heap 0.212ms
[2025-05-12T23:25:31.963+0300][1041.942s][36520] GC(24692) Phase 5: Reset Metadata
[2025-05-12T23:25:31.965+0300][1041.944s][36520] GC(24692) Phase 5: Reset Metadata 1.535ms
[2025-05-12T23:25:31.965+0300][1041.944s][36520] GC(24692) Running G1 Clear Bitmap with 1 workers for 1 work units.
[2025-05-12T23:25:31.966+0300][1041.946s][36520] Old generation allocation in the last mutator period, old gen allocated: 0B, humongous allocated: 0B, old gen growth: 0B.
[2025-05-12T23:25:31.966+0300][1041.946s][36520] GC(24692) Coarsening (recent): Inline->AoC 0 (0) AoC->Howl 0 (0) Howl->Full 0 (0) Inline->AoC 0 (0) AoC->BitMap 0 (0) BitMap->Full 0 (0) 
[2025-05-12T23:25:31.966+0300][1041.946s][36520] GC(24692) Coarsening (all): Inline->AoC 10920 (0) AoC->Howl 7731 (0) Howl->Full 0 (0) Inline->AoC 10809 (0) AoC->BitMap 7399 (0) BitMap->Full 0 (0) 
[2025-05-12T23:25:31.966+0300][1041.946s][36520] GC(24692) Eden regions: 0->0(1)
[2025-05-12T23:25:31.967+0300][1041.946s][36520] GC(24692) Survivor regions: 0->0(0)
[2025-05-12T23:25:31.967+0300][1041.946s][36520] GC(24692) Old regions: 12->11
[2025-05-12T23:25:31.967+0300][1041.946s][36520] GC(24692) Humongous regions: 0->0
[2025-05-12T23:25:31.967+0300][1041.946s][36520] GC(24692) Metaspace: 10759K(12736K)->10718K(12736K) NonClass: 9683K(11328K)->9653K(11328K) Class: 1076K(1408K)->1064K(1408K)
[2025-05-12T23:25:31.967+0300][1041.946s][36520] GC(24692) Heap after GC invocations=21159 (full 7086):
[2025-05-12T23:25:31.967+0300][1041.946s][36520] GC(24692)  garbage-first heap   total 12288K, used 11208K [0x00000000ff400000, 0x0000000100000000)
[2025-05-12T23:25:31.967+0300][1041.946s][36520] GC(24692)   region size 1024K, 0 young (0K), 0 survivors (0K)
[2025-05-12T23:25:31.967+0300][1041.946s][36520] GC(24692)  Metaspace       used 10718K, committed 12736K, reserved 1114112K
[2025-05-12T23:25:31.967+0300][1041.946s][36520] GC(24692)   class space    used 1064K, committed 1408K, reserved 1048576K
[2025-05-12T23:25:31.967+0300][1041.946s][36520] GC(24692) Pause Full (G1 Compaction Pause) 11M->10M(12M) 20.913ms
[2025-05-12T23:25:31.967+0300][1041.946s][36520] GC(24692) User=0.00s Sys=0.00s Real=0.02s
[2025-05-12T23:25:31.967+0300][1041.946s][9340 ] G1 Service Thread (Card Set Free Memory Task) (run: 22.762ms) (cpu: 0.000ms)
[2025-05-12T23:25:31.967+0300][1041.946s][34628] ---------------------------------------------------------------------
[2025-05-12T23:25:31.967+0300][1041.946s][34628] Marking Stats, task = 0, calls = 0
[2025-05-12T23:25:31.967+0300][1041.946s][34628]   Elapsed time = 0.00ms, Termination time = 0.00ms
[2025-05-12T23:25:31.967+0300][1041.946s][34628]   Step Times (cum): num = 5369, avg = 0.16ms, sd = 1.55ms max = 16.00ms, total = 833.00ms
[2025-05-12T23:25:31.967+0300][1041.946s][34628]   Mark Stats Cache: hits 2010 misses 0 ratio 100.000
[2025-05-12T23:25:31.967+0300][1041.946s][34628] ---------------------------------------------------------------------
[2025-05-12T23:25:31.967+0300][1041.946s][34628] Marking Stats, task = 1, calls = 0
[2025-05-12T23:25:31.967+0300][1041.946s][34628]   Elapsed time = 0.00ms, Termination time = 0.00ms
[2025-05-12T23:25:31.967+0300][1041.946s][34628]   Step Times (cum): num = 13793, avg = 0.02ms, sd = 0.58ms max = 16.00ms, total = 296.00ms
[2025-05-12T23:25:31.967+0300][1041.946s][34628]   Mark Stats Cache: hits 4561 misses 0 ratio 100.000
[2025-05-12T23:25:31.967+0300][1041.946s][34628] ---------------------------------------------------------------------
[2025-05-12T23:25:31.967+0300][1041.946s][34628] Marking Stats, task = 2, calls = 0
[2025-05-12T23:25:31.967+0300][1041.946s][34628]   Elapsed time = 0.00ms, Termination time = 0.00ms
[2025-05-12T23:25:31.967+0300][1041.946s][34628]   Step Times (cum): num = 13231, avg = 0.02ms, sd = 0.61ms max = 16.00ms, total = 313.00ms
[2025-05-12T23:25:31.967+0300][1041.946s][34628]   Mark Stats Cache: hits 0 misses 0 ratio 0.000
[2025-05-12T23:25:31.967+0300][1041.946s][34628] ---------------------------------------------------------------------
[2025-05-12T23:25:31.967+0300][1041.946s][34628] GC(24691) Concurrent Mark From Roots 21.360ms
[2025-05-12T23:25:31.967+0300][1041.946s][34628] GC(24691) Concurrent Mark Abort
[2025-05-12T23:25:31.967+0300][1041.946s][34628] GC(24691) Concurrent Mark Cycle 21.670ms
[2025-05-12T23:25:31.994+0300][1041.973s][36520] GC(24693) Pause Young (Normal) (G1 Evacuation Pause)
[2025-05-12T23:25:31.994+0300][1041.973s][36520] GC(24693) Heap before GC invocations=21159 (full 7086):
[2025-05-12T23:25:31.994+0300][1041.973s][36520] GC(24693)  garbage-first heap   total 12288K, used 12232K [0x00000000ff400000, 0x0000000100000000)
[2025-05-12T23:25:31.994+0300][1041.973s][36520] GC(24693)   region size 1024K, 1 young (1024K), 0 survivors (0K)
[2025-05-12T23:25:31.994+0300][1041.973s][36520] GC(24693)  Metaspace       used 10759K, committed 12736K, reserved 1114112K
[2025-05-12T23:25:31.994+0300][1041.973s][36520] GC(24693)   class space    used 1076K, committed 1408K, reserved 1048576K
[2025-05-12T23:25:31.994+0300][1041.973s][36520] GC(24693) Using 2 workers of 10 for evacuation
[2025-05-12T23:25:31.994+0300][1041.973s][36520] GC(24693) Desired survivor size 524288 bytes, new threshold 15 (max threshold 15)
[2025-05-12T23:25:31.994+0300][1041.973s][36520] GC(24693) TLAB totals: thrds: 1  refills: 311 max: 311 slow allocs: 152 max 152 waste: 22.0% gc: 0B max: 0B slow: 186248B max: 186248B
[2025-05-12T23:25:31.994+0300][1041.973s][36520] GC(24693) Mutator refinement: 0.00ms, refined: 0, precleaned: 0, dirtied: 102
[2025-05-12T23:25:31.994+0300][1041.973s][36520] GC(24693) Concurrent refinement: 0.00ms, refined: 0, precleaned: 0, dirtied: 0
[2025-05-12T23:25:31.994+0300][1041.973s][36520] GC(24693) Total refinement: 0.00ms, refined: 0, precleaned: 0, dirtied: 102
[2025-05-12T23:25:31.994+0300][1041.973s][36520] GC(24693) Generate dirty cards rate: 3.73 cards/ms
[2025-05-12T23:25:31.994+0300][1041.973s][36520] GC(24693) Mutator Allocation stats, regions: 1, wasted size: 1040B ( 0.1%)
[2025-05-12T23:25:31.994+0300][1041.973s][36520] GC(24693) No candidates to reclaim.
[2025-05-12T23:25:31.994+0300][1041.973s][36520] GC(24693) Running G1 Merge Heap Roots using 2 workers for 1 regions
[2025-05-12T23:25:31.994+0300][1041.973s][36520] GC(24693) Visited cards 1088 Total dirty 12288 (8.85%) Total old 26624 (4.09%)
[2025-05-12T23:25:31.994+0300][1041.973s][18860] GC(24693) Attempt heap expansion (region allocation request failed). Allocation request: 2064B
[2025-05-12T23:25:31.994+0300][1041.973s][18860] GC(24693) Did not expand the heap (heap already fully expanded)
[2025-05-12T23:25:31.995+0300][1041.974s][36520] GC(24693) ReferenceProcessor::execute queues: 1, RefProcThreadModel::Single, marks_oops_alive: false
[2025-05-12T23:25:31.995+0300][1041.974s][36520] GC(24693) Skipped KeepAliveFinalRefsPhase of Reference Processing: no references
[2025-05-12T23:25:31.995+0300][1041.974s][36520] GC(24693) Skipped PhantomRefsPhase of Reference Processing: no references
[2025-05-12T23:25:31.995+0300][1041.974s][36520] GC(24693) Initializing removing self forwards with 64 chunks per region
[2025-05-12T23:25:31.995+0300][1041.974s][36520] GC(24693) Running G1 Rebuild Free List Task using 2 workers for rebuilding free list of regions
[2025-05-12T23:25:31.995+0300][1041.974s][36520] GC(24693) Young PLAB allocation: allocated: 0B, wasted: 0B, unused: 0B, used: 0B, undo waste: 0B, 
[2025-05-12T23:25:31.995+0300][1041.974s][36520] GC(24693) Young other allocation: region end waste: 0B, regions filled: 0, num plab filled: 2, direct allocated: 0B, num direct allocated: 0, failure used: 0B, failure wasted: 0B
[2025-05-12T23:25:31.995+0300][1041.974s][36520] GC(24693) Young sizing: calculated: 0B, actual: 2064B
[2025-05-12T23:25:31.995+0300][1041.974s][36520] GC(24693) Old PLAB allocation: allocated: 0B, wasted: 0B, unused: 0B, used: 0B, undo waste: 0B, 
[2025-05-12T23:25:31.995+0300][1041.974s][36520] GC(24693) Old other allocation: region end waste: 0B, regions filled: 0, num plab filled: 2, direct allocated: 0B, num direct allocated: 0, failure used: 151432B, failure wasted: 897144B
[2025-05-12T23:25:31.995+0300][1041.974s][36520] GC(24693) Old sizing: calculated: 0B, actual: 2064B
[2025-05-12T23:25:31.995+0300][1041.974s][36520] GC(24693) Heap expansion: short term pause time ratio 39.99% long term pause time ratio 41.59% threshold 7.69% pause time ratio 7.69% fully expanded true resize by 0B
[2025-05-12T23:25:31.995+0300][1041.974s][36520] GC(24693) Request concurrent cycle initiation (occupancy higher than threshold) occupancy: 12582912B allocation request: 0B threshold: 3670061B (29.17) source: end of GC
[2025-05-12T23:25:31.995+0300][1041.974s][36520] GC(24693) MMU: 6.9ms (200.0ms/201.0ms)
[2025-05-12T23:25:31.995+0300][1041.974s][36520] Old generation allocation in the last mutator period, old gen allocated: 1048576B, humongous allocated: 0B, old gen growth: 1048576B.
[2025-05-12T23:25:31.995+0300][1041.974s][9340 ] G1 Service Thread (Card Set Free Memory Task) (run 0.044ms after schedule)
[2025-05-12T23:25:31.995+0300][1041.974s][36520] GC(24693) Basic information (value update), threshold: 3716537B (29.54), target occupancy: 12582912B, current occupancy: 12526112B, recent allocation size: 1048576B, recent allocation duration: 27.34ms, recent old gen allocation rate: 38352200.20B/s, recent marking phase length: 120.12ms
[2025-05-12T23:25:31.995+0300][1041.974s][36520] GC(24693) Adaptive IHOP information (value update), threshold: 3716537B (34.75), internal target occupancy: 10695475B, occupancy: 12526112B, additional buffer size: 1048576B, predicted old gen allocation rate: 49140052.80B/s, predicted marking phase length: 120.68ms, prediction active: true
[2025-05-12T23:25:31.995+0300][1041.974s][36520] GC(24693) GC refinement: goal: 18446744073709551615 + 106 / 20.00ms, actual: 102 / 0.04ms, 
[2025-05-12T23:25:31.995+0300][1041.974s][36520] GC(24693) Unchanged pending cards target: 18446744073709551615
[2025-05-12T23:25:31.995+0300][1041.974s][36520] GC(24693)   Pre Evacuate Collection Set: 0.2ms
[2025-05-12T23:25:31.995+0300][1041.974s][36520] GC(24693)     Pre Evacuate Prepare: 0.1ms
[2025-05-12T23:25:31.995+0300][1041.974s][36520] GC(24693)       JT Retire TLABs And Flush Logs (ms): Min:  0.0, Avg:  0.0, Max:  0.0, Diff:  0.0, Sum:  0.0, Workers: 2
[2025-05-12T23:25:31.995+0300][1041.974s][36520] GC(24693)       Non-JT Flush Logs (ms):        Min:  0.0, Avg:  0.0, Max:  0.0, Diff:  0.0, Sum:  0.0, Workers: 1
[2025-05-12T23:25:31.995+0300][1041.974s][36520] GC(24693)     Choose Collection Set: 0.0ms
[2025-05-12T23:25:31.995+0300][1041.974s][36520] GC(24693)     Region Register: 0.1ms
[2025-05-12T23:25:31.995+0300][1041.974s][36520] GC(24693)     Prepare Heap Roots: 0.0ms
[2025-05-12T23:25:31.995+0300][1041.974s][36520] GC(24693)   Merge Heap Roots: 0.1ms
[2025-05-12T23:25:31.995+0300][1041.974s][36520] GC(24693)     Prepare Merge Heap Roots: 0.0ms
[2025-05-12T23:25:31.995+0300][1041.974s][36520] GC(24693)     Remembered Sets (ms):          Min:  0.0, Avg:  0.0, Max:  0.0, Diff:  0.0, Sum:  0.0, Workers: 2
[2025-05-12T23:25:31.995+0300][1041.974s][36520] GC(24693)       Eager Reclaim (ms):            skipped
[2025-05-12T23:25:31.995+0300][1041.974s][36520] GC(24693)       Merged Inline                  Min: 0, Avg:  0.0, Max: 0, Diff: 0, Sum: 0, Workers: 2
[2025-05-12T23:25:31.995+0300][1041.974s][36520] GC(24693)       Merged ArrayOfCards            Min: 0, Avg:  0.0, Max: 0, Diff: 0, Sum: 0, Workers: 2
[2025-05-12T23:25:31.995+0300][1041.974s][36520] GC(24693)       Merged Howl                    Min: 0, Avg:  0.0, Max: 0, Diff: 0, Sum: 0, Workers: 2
[2025-05-12T23:25:31.995+0300][1041.974s][36520] GC(24693)       Merged Full                    Min: 0, Avg:  0.0, Max: 0, Diff: 0, Sum: 0, Workers: 2
[2025-05-12T23:25:31.995+0300][1041.974s][36520] GC(24693)       Merged Howl Inline             Min: 0, Avg:  0.0, Max: 0, Diff: 0, Sum: 0, Workers: 2
[2025-05-12T23:25:31.995+0300][1041.974s][36520] GC(24693)       Merged Howl ArrayOfCards       Min: 0, Avg:  0.0, Max: 0, Diff: 0, Sum: 0, Workers: 2
[2025-05-12T23:25:31.995+0300][1041.974s][36520] GC(24693)       Merged Howl BitMap             Min: 0, Avg:  0.0, Max: 0, Diff: 0, Sum: 0, Workers: 2
[2025-05-12T23:25:31.995+0300][1041.974s][36520] GC(24693)       Merged Howl Full               Min: 0, Avg:  0.0, Max: 0, Diff: 0, Sum: 0, Workers: 2
[2025-05-12T23:25:31.995+0300][1041.974s][36520] GC(24693)       Merged Cards                   Min: 8, Avg:  8.0, Max: 8, Diff: 0, Sum: 16, Workers: 2
[2025-05-12T23:25:31.995+0300][1041.974s][36520] GC(24693)     Log Buffers (ms):              Min:  0.0, Avg:  0.0, Max:  0.0, Diff:  0.0, Sum:  0.0, Workers: 2
[2025-05-12T23:25:31.995+0300][1041.974s][36520] GC(24693)       Dirty Cards:                   Min: 0, Avg: 51.0, Max: 102, Diff: 102, Sum: 102, Workers: 2
[2025-05-12T23:25:31.995+0300][1041.974s][36520] GC(24693)       Skipped Cards:                 Min: 0, Avg:  0.0, Max: 0, Diff: 0, Sum: 0, Workers: 2
[2025-05-12T23:25:31.995+0300][1041.974s][36520] GC(24693)   Evacuate Collection Set: 0.3ms
[2025-05-12T23:25:31.995+0300][1041.974s][36520] GC(24693)     Ext Root Scanning (ms):        Min:  0.1, Avg:  0.1, Max:  0.1, Diff:  0.0, Sum:  0.2, Workers: 2
[2025-05-12T23:25:31.995+0300][1041.974s][36520] GC(24693)     Scan Heap Roots (ms):          Min:  0.0, Avg:  0.0, Max:  0.1, Diff:  0.0, Sum:  0.1, Workers: 2
[2025-05-12T23:25:31.995+0300][1041.974s][36520] GC(24693)       Scanned Cards:                 Min: 36, Avg: 51.0, Max: 66, Diff: 30, Sum: 102, Workers: 2
[2025-05-12T23:25:31.995+0300][1041.974s][36520] GC(24693)       Scanned Blocks:                Min: 24, Avg: 34.0, Max: 44, Diff: 20, Sum: 68, Workers: 2
[2025-05-12T23:25:31.995+0300][1041.974s][36520] GC(24693)       Claimed Chunks:                Min: 12, Avg: 17.0, Max: 22, Diff: 10, Sum: 34, Workers: 2
[2025-05-12T23:25:31.995+0300][1041.974s][36520] GC(24693)       Found Roots:                   Min: 58, Avg: 59.0, Max: 60, Diff: 2, Sum: 118, Workers: 2
[2025-05-12T23:25:31.995+0300][1041.974s][36520] GC(24693)     Code Root Scan (ms):           Min:  0.0, Avg:  0.0, Max:  0.0, Diff:  0.0, Sum:  0.0, Workers: 2
[2025-05-12T23:25:31.995+0300][1041.974s][36520] GC(24693)     Object Copy (ms):              Min:  0.1, Avg:  0.1, Max:  0.1, Diff:  0.0, Sum:  0.3, Workers: 2
[2025-05-12T23:25:31.995+0300][1041.975s][36520] GC(24693)     Termination (ms):              Min:  0.0, Avg:  0.0, Max:  0.0, Diff:  0.0, Sum:  0.0, Workers: 2
[2025-05-12T23:25:31.995+0300][1041.975s][36520] GC(24693)       Termination Attempts:          Min: 1, Avg:  1.0, Max: 1, Diff: 0, Sum: 2, Workers: 2
[2025-05-12T23:25:31.996+0300][1041.975s][36520] GC(24693)     GC Worker Other (ms):          Min:  0.0, Avg:  0.0, Max:  0.0, Diff:  0.0, Sum:  0.0, Workers: 2
[2025-05-12T23:25:31.996+0300][1041.975s][36520] GC(24693)     GC Worker Total (ms):          Min:  0.3, Avg:  0.3, Max:  0.3, Diff:  0.0, Sum:  0.5, Workers: 2
[2025-05-12T23:25:31.996+0300][1041.975s][36520] GC(24693)   Post Evacuate Collection Set: 0.5ms
[2025-05-12T23:25:31.996+0300][1041.975s][36520] GC(24693)     NMethod List Cleanup: 0.0ms
[2025-05-12T23:25:31.996+0300][1041.975s][36520] GC(24693)     Reference Processing: 0.1ms
[2025-05-12T23:25:31.996+0300][1041.975s][36520] GC(24693)       Notify Soft/WeakReferences: 0.0ms
[2025-05-12T23:25:31.996+0300][1041.975s][36520] GC(24693)         SoftRef (ms):                  Min:  0.0, Avg:  0.0, Max:  0.0, Diff:  0.0, Sum:  0.0, Workers: 1
[2025-05-12T23:25:31.996+0300][1041.975s][36520] GC(24693)         WeakRef (ms):                  Min:  0.0, Avg:  0.0, Max:  0.0, Diff:  0.0, Sum:  0.0, Workers: 1
[2025-05-12T23:25:31.996+0300][1041.975s][36520] GC(24693)         FinalRef (ms):                 Min:  0.0, Avg:  0.0, Max:  0.0, Diff:  0.0, Sum:  0.0, Workers: 1
[2025-05-12T23:25:31.996+0300][1041.975s][36520] GC(24693)         Total (ms):                    Min:  0.0, Avg:  0.0, Max:  0.0, Diff:  0.0, Sum:  0.0, Workers: 1
[2025-05-12T23:25:31.996+0300][1041.975s][36520] GC(24693)       Notify and keep alive finalizable: 0.0ms
[2025-05-12T23:25:31.996+0300][1041.975s][36520] GC(24693)         FinalRef (ms):                 skipped
[2025-05-12T23:25:31.996+0300][1041.975s][36520] GC(24693)       Notify PhantomReferences: 0.0ms
[2025-05-12T23:25:31.996+0300][1041.975s][36520] GC(24693)         PhantomRef (ms):               skipped
[2025-05-12T23:25:31.996+0300][1041.975s][36520] GC(24693)       SoftReference Discovered: 0, Dropped: 0, Processed: 0
[2025-05-12T23:25:31.996+0300][1041.975s][36520] GC(24693)       WeakReference Discovered: 41, Dropped: 18, Processed: 23
[2025-05-12T23:25:31.996+0300][1041.975s][36520] GC(24693)       FinalReference Discovered: 0, Dropped: 0, Processed: 0
[2025-05-12T23:25:31.996+0300][1041.975s][36520] GC(24693)       PhantomReference Discovered: 0, Dropped: 0, Processed: 0
[2025-05-12T23:25:31.996+0300][1041.975s][36520] GC(24693)     Weak Processing: 0.2ms
[2025-05-12T23:25:31.996+0300][1041.975s][36520] GC(24693)       VM Weak                        Min:  0.0, Avg:  0.0, Max:  0.0, Diff:  0.0, Sum:  0.0, Workers: 10
[2025-05-12T23:25:31.996+0300][1041.975s][36520] GC(24693)         Dead                           Min: 0, Avg:  0.0, Max: 0, Diff: 0, Sum: 0, Workers: 10
[2025-05-12T23:25:31.996+0300][1041.975s][36520] GC(24693)         Total                          Min: 0, Avg:  6.7, Max: 67, Diff: 67, Sum: 67, Workers: 10
[2025-05-12T23:25:31.996+0300][1041.975s][36520] GC(24693)       ObjectSynchronizer Weak        Min:  0.0, Avg:  0.0, Max:  0.0, Diff:  0.0, Sum:  0.0, Workers: 10
[2025-05-12T23:25:31.996+0300][1041.975s][36520] GC(24693)         Dead                           Min: 0, Avg:  0.0, Max: 0, Diff: 0, Sum: 0, Workers: 10
[2025-05-12T23:25:31.996+0300][1041.975s][36520] GC(24693)         Total                          Min: 0, Avg:  0.1, Max: 1, Diff: 1, Sum: 1, Workers: 10
[2025-05-12T23:25:31.996+0300][1041.975s][36520] GC(24693)       JVMTI Tag Weak OopStorage      Min:  0.0, Avg:  0.1, Max:  0.1, Diff:  0.0, Sum:  0.5, Workers: 10
[2025-05-12T23:25:31.996+0300][1041.975s][36520] GC(24693)         Dead                           Min: 0, Avg:  0.0, Max: 0, Diff: 0, Sum: 0, Workers: 10
[2025-05-12T23:25:31.996+0300][1041.975s][36520] GC(24693)         Total                          Min: 4635, Avg: 6289.9, Max: 13375, Diff: 8740, Sum: 62899, Workers: 10
[2025-05-12T23:25:31.996+0300][1041.975s][36520] GC(24693)       StringTable Weak               Min:  0.0, Avg:  0.0, Max:  0.0, Diff:  0.0, Sum:  0.3, Workers: 10
[2025-05-12T23:25:31.996+0300][1041.975s][36520] GC(24693)         Dead                           Min: 0, Avg:  1.7, Max: 7, Diff: 7, Sum: 17, Workers: 10
[2025-05-12T23:25:31.996+0300][1041.975s][36520] GC(24693)         Total                          Min: 3456, Avg: 3952.9, Max: 4288, Diff: 832, Sum: 39529, Workers: 10
[2025-05-12T23:25:31.996+0300][1041.975s][36520] GC(24693)       ResolvedMethodTable Weak       Min:  0.0, Avg:  0.0, Max:  0.0, Diff:  0.0, Sum:  0.0, Workers: 10
[2025-05-12T23:25:31.996+0300][1041.975s][36520] GC(24693)         Dead                           Min: 0, Avg:  0.0, Max: 0, Diff: 0, Sum: 0, Workers: 10
[2025-05-12T23:25:31.996+0300][1041.975s][36520] GC(24693)         Total                          Min: 0, Avg: 79.5, Max: 128, Diff: 128, Sum: 795, Workers: 10
[2025-05-12T23:25:31.996+0300][1041.975s][36520] GC(24693)       JNI Weak                       Min:  0.0, Avg:  0.0, Max:  0.0, Diff:  0.0, Sum:  0.0, Workers: 10
[2025-05-12T23:25:31.996+0300][1041.975s][36520] GC(24693)         Dead                           Min: 0, Avg:  0.0, Max: 0, Diff: 0, Sum: 0, Workers: 10
[2025-05-12T23:25:31.996+0300][1041.975s][36520] GC(24693)         Total                          Min: 0, Avg:  1.1, Max: 11, Diff: 11, Sum: 11, Workers: 10
[2025-05-12T23:25:31.996+0300][1041.975s][36520] GC(24693)       StringDedup Table Weak         Min:  0.0, Avg:  0.0, Max:  0.0, Diff:  0.0, Sum:  0.0, Workers: 10
[2025-05-12T23:25:31.996+0300][1041.975s][36520] GC(24693)         Dead                           Min: 0, Avg:  0.0, Max: 0, Diff: 0, Sum: 0, Workers: 10
[2025-05-12T23:25:31.996+0300][1041.975s][36520] GC(24693)         Total                          Min: 0, Avg:  0.0, Max: 0, Diff: 0, Sum: 0, Workers: 10
[2025-05-12T23:25:31.996+0300][1041.975s][36520] GC(24693)       StringDedup Requests0 Weak     Min:  0.0, Avg:  0.0, Max:  0.0, Diff:  0.0, Sum:  0.0, Workers: 10
[2025-05-12T23:25:31.996+0300][1041.975s][36520] GC(24693)         Dead                           Min: 0, Avg:  0.0, Max: 0, Diff: 0, Sum: 0, Workers: 10
[2025-05-12T23:25:31.996+0300][1041.975s][36520] GC(24693)         Total                          Min: 0, Avg:  0.0, Max: 0, Diff: 0, Sum: 0, Workers: 10
[2025-05-12T23:25:31.996+0300][1041.975s][36520] GC(24693)       StringDedup Requests1 Weak     Min:  0.0, Avg:  0.0, Max:  0.0, Diff:  0.0, Sum:  0.0, Workers: 10
[2025-05-12T23:25:31.996+0300][1041.975s][36520] GC(24693)         Dead                           Min: 0, Avg:  0.0, Max: 0, Diff: 0, Sum: 0, Workers: 10
[2025-05-12T23:25:31.996+0300][1041.975s][36520] GC(24693)         Total                          Min: 0, Avg:  0.0, Max: 0, Diff: 0, Sum: 0, Workers: 10
[2025-05-12T23:25:31.996+0300][1041.975s][36520] GC(24693)       Weak JFR Old Object Samples    Min:  0.0, Avg:  0.0, Max:  0.0, Diff:  0.0, Sum:  0.0, Workers: 10
[2025-05-12T23:25:31.996+0300][1041.975s][36520] GC(24693)         Dead                           Min: 0, Avg:  0.0, Max: 0, Diff: 0, Sum: 0, Workers: 10
[2025-05-12T23:25:31.996+0300][1041.975s][36520] GC(24693)         Total                          Min: 0, Avg:  0.0, Max: 0, Diff: 0, Sum: 0, Workers: 10
[2025-05-12T23:25:31.996+0300][1041.975s][36520] GC(24693)     Post Evacuate Cleanup 1: 0.1ms
[2025-05-12T23:25:31.996+0300][1041.975s][36520] GC(24693)       Merge Per-Thread State (ms):   Min:  0.0, Avg:  0.0, Max:  0.0, Diff:  0.0, Sum:  0.0, Workers: 1
[2025-05-12T23:25:31.996+0300][1041.975s][36520] GC(24693)         Copied Bytes                   Min: 0, Avg:  0.0, Max: 0, Diff: 0, Sum: 0, Workers: 2
[2025-05-12T23:25:31.996+0300][1041.975s][36520] GC(24693)         LAB Waste                      Min: 0, Avg:  0.0, Max: 0, Diff: 0, Sum: 0, Workers: 2
[2025-05-12T23:25:31.996+0300][1041.975s][36520] GC(24693)         LAB Undo Waste                 Min: 0, Avg:  0.0, Max: 0, Diff: 0, Sum: 0, Workers: 2
[2025-05-12T23:25:31.996+0300][1041.975s][36520] GC(24693)       Clear Logged Cards (ms):       Min:  0.0, Avg:  0.0, Max:  0.0, Diff:  0.0, Sum:  0.0, Workers: 2
[2025-05-12T23:25:31.996+0300][1041.975s][36520] GC(24693)       Recalculate Used Memory (ms):  Min:  0.0, Avg:  0.0, Max:  0.0, Diff:  0.0, Sum:  0.0, Workers: 1
[2025-05-12T23:25:31.996+0300][1041.975s][36520] GC(24693)       Restore Retained Regions (ms): Min:  0.0, Avg:  0.0, Max:  0.0, Diff:  0.0, Sum:  0.1, Workers: 2
[2025-05-12T23:25:31.996+0300][1041.975s][36520] GC(24693)         Evacuation Failure Regions:    Min: 1, Avg:  1.0, Max: 1, Diff: 0, Sum: 1, Workers: 1
[2025-05-12T23:25:31.996+0300][1041.975s][36520] GC(24693)         Remove Self Forwards (ms):     Min:  0.0, Avg:  0.0, Max:  0.0, Diff:  0.0, Sum:  0.1, Workers: 2
[2025-05-12T23:25:31.996+0300][1041.975s][36520] GC(24693)           Forward Chunks:                Min: 25, Avg: 26.0, Max: 27, Diff: 2, Sum: 52, Workers: 2
[2025-05-12T23:25:31.996+0300][1041.975s][36520] GC(24693)           Empty Forward Chunks:          Min: 3, Avg:  6.0, Max: 9, Diff: 6, Sum: 12, Workers: 2
[2025-05-12T23:25:31.996+0300][1041.975s][36520] GC(24693)           Forward Objects:               Min: 1296, Avg: 1431.0, Max: 1566, Diff: 270, Sum: 2862, Workers: 2
[2025-05-12T23:25:31.996+0300][1041.975s][36520] GC(24693)           Forward Bytes:                 Min: 73168, Avg: 75716.0, Max: 78264, Diff: 5096, Sum: 151432, Workers: 2
[2025-05-12T23:25:31.996+0300][1041.975s][36520] GC(24693)     Post Evacuate Cleanup 2: 0.1ms
[2025-05-12T23:25:31.996+0300][1041.975s][36520] GC(24693)       Recalculate Used Memory (ms):  Min:  0.0, Avg:  0.0, Max:  0.0, Diff:  0.0, Sum:  0.0, Workers: 1
[2025-05-12T23:25:31.996+0300][1041.975s][36520] GC(24693)       Restore Preserved Marks (ms):  Min:  0.0, Avg:  0.0, Max:  0.0, Diff:  0.0, Sum:  0.0, Workers: 2
[2025-05-12T23:25:31.996+0300][1041.975s][36520] GC(24693)       Clear Retained Region Bitmaps (ms): Min:  0.0, Avg:  0.0, Max:  0.0, Diff:  0.0, Sum:  0.0, Workers: 2
[2025-05-12T23:25:31.996+0300][1041.975s][36520] GC(24693)       Update Derived Pointers (ms):  Min:  0.0, Avg:  0.0, Max:  0.0, Diff:  0.0, Sum:  0.0, Workers: 1
[2025-05-12T23:25:31.996+0300][1041.975s][36520] GC(24693)       Eagerly Reclaim Humongous Objects (ms): skipped
[2025-05-12T23:25:31.996+0300][1041.975s][36520] GC(24693)         Humongous Total                skipped
[2025-05-12T23:25:31.996+0300][1041.975s][36520] GC(24693)         Humongous Candidates           skipped
[2025-05-12T23:25:31.996+0300][1041.975s][36520] GC(24693)         Humongous Reclaimed            skipped
[2025-05-12T23:25:31.996+0300][1041.975s][36520] GC(24693)       Redirty Logged Cards (ms):     Min:  0.0, Avg:  0.0, Max:  0.0, Diff:  0.0, Sum:  0.0, Workers: 2
[2025-05-12T23:25:31.996+0300][1041.975s][36520] GC(24693)         Redirtied Cards:               Min: 0, Avg:  0.0, Max: 0, Diff: 0, Sum: 0, Workers: 2
[2025-05-12T23:25:31.996+0300][1041.975s][36520] GC(24693)       Resize TLABs (ms):             Min:  0.0, Avg:  0.0, Max:  0.0, Diff:  0.0, Sum:  0.0, Workers: 2
[2025-05-12T23:25:31.996+0300][1041.975s][36520] GC(24693)       Free Collection Set (ms):      Min:  0.0, Avg:  0.0, Max:  0.0, Diff:  0.0, Sum:  0.0, Workers: 2
[2025-05-12T23:25:31.996+0300][1041.975s][36520] GC(24693)     Rebuild Free List: 0.1ms
[2025-05-12T23:25:31.996+0300][1041.975s][36520] GC(24693)     Prepare For Mutator: 0.1ms
[2025-05-12T23:25:31.996+0300][1041.975s][36520] GC(24693)     Expand Heap After Collection: 0.0ms
[2025-05-12T23:25:31.996+0300][1041.975s][36520] GC(24693)   Other: 0.2ms
[2025-05-12T23:25:31.996+0300][1041.975s][36520] GC(24693) Coarsening (recent): Inline->AoC 0 (0) AoC->Howl 0 (0) Howl->Full 0 (0) Inline->AoC 0 (0) AoC->BitMap 0 (0) BitMap->Full 0 (0) 
[2025-05-12T23:25:31.996+0300][1041.975s][36520] GC(24693) Coarsening (all): Inline->AoC 10920 (0) AoC->Howl 7731 (0) Howl->Full 0 (0) Inline->AoC 10809 (0) AoC->BitMap 7399 (0) BitMap->Full 0 (0) 
[2025-05-12T23:25:31.996+0300][1041.975s][36520] GC(24693) Eden regions: 1->0(0)
[2025-05-12T23:25:31.996+0300][1041.975s][36520] GC(24693) Survivor regions: 0->0(0)
[2025-05-12T23:25:31.996+0300][1041.975s][36520] GC(24693) Old regions: 11->12
[2025-05-12T23:25:31.996+0300][1041.975s][36520] GC(24693) Humongous regions: 0->0
[2025-05-12T23:25:31.996+0300][1041.975s][36520] GC(24693) Metaspace: 10759K(12736K)->10759K(12736K) NonClass: 9683K(11328K)->9683K(11328K) Class: 1076K(1408K)->1076K(1408K)
[2025-05-12T23:25:31.996+0300][1041.975s][36520] GC(24693) Heap after GC invocations=21160 (full 7086):
[2025-05-12T23:25:31.996+0300][1041.975s][36520] GC(24693)  garbage-first heap   total 12288K, used 12232K [0x00000000ff400000, 0x0000000100000000)
[2025-05-12T23:25:31.996+0300][1041.975s][36520] GC(24693)   region size 1024K, 0 young (0K), 0 survivors (0K)
[2025-05-12T23:25:31.996+0300][1041.975s][36520] GC(24693)  Metaspace       used 10759K, committed 12736K, reserved 1114112K
[2025-05-12T23:25:31.996+0300][1041.975s][36520] GC(24693)   class space    used 1076K, committed 1408K, reserved 1048576K
[2025-05-12T23:25:31.996+0300][1041.975s][36520] GC(24693) Pause Young (Normal) (G1 Evacuation Pause) (Evacuation Failure) 11M->11M(12M) 2.749ms
[2025-05-12T23:25:31.996+0300][1041.976s][36520] GC(24693) User=0.00s Sys=0.00s Real=0.00s
[2025-05-12T23:25:31.997+0300][1041.976s][36520] Attempt heap expansion (allocation request failed). Allocation request: 2048B
[2025-05-12T23:25:31.997+0300][1041.976s][36520] Expand the heap. requested expansion amount: 1048576B expansion amount: 1048576B
[2025-05-12T23:25:31.997+0300][1041.976s][36520] Did not expand the heap (heap already fully expanded)
[2025-05-12T23:25:31.997+0300][1041.976s][36520] Attempting full compaction
[2025-05-12T23:25:31.997+0300][1041.976s][36520] GC(24694) Pause Full (G1 Compaction Pause)
[2025-05-12T23:25:31.997+0300][1041.976s][36520] GC(24694) Heap before GC invocations=21160 (full 7086):
[2025-05-12T23:25:31.997+0300][1041.976s][36520] GC(24694)  garbage-first heap   total 12288K, used 12232K [0x00000000ff400000, 0x0000000100000000)
[2025-05-12T23:25:31.997+0300][1041.976s][36520] GC(24694)   region size 1024K, 0 young (0K), 0 survivors (0K)
[2025-05-12T23:25:31.997+0300][1041.976s][36520] GC(24694)  Metaspace       used 10759K, committed 12736K, reserved 1114112K
[2025-05-12T23:25:31.997+0300][1041.976s][36520] GC(24694)   class space    used 1076K, committed 1408K, reserved 1048576K
[2025-05-12T23:25:31.997+0300][1041.976s][36520] GC(24694) Requesting 1 active workers for full compaction (waste limited workers: 1, adaptive workers: 2, used limited workers: 12)
[2025-05-12T23:25:31.997+0300][1041.976s][36520] GC(24694) Using 1 workers of 10 for full compaction
[2025-05-12T23:25:31.997+0300][1041.976s][36520] GC(24694) Mutator Allocation stats, regions: 0, wasted size: 0B ( 0.0%)
[2025-05-12T23:25:31.997+0300][1041.976s][36520] GC(24694) Phase 1: Mark live objects
[2025-05-12T23:25:32.003+0300][1041.983s][36520] GC(24694) Phase 1: Reference Processing
[2025-05-12T23:25:32.003+0300][1041.983s][36520] GC(24694) ReferenceProcessor::execute queues: 1, RefProcThreadModel::Single, marks_oops_alive: false
[2025-05-12T23:25:32.003+0300][1041.983s][36520] GC(24694) Skipped KeepAliveFinalRefsPhase of Reference Processing: no references
[2025-05-12T23:25:32.003+0300][1041.983s][36520] GC(24694) ReferenceProcessor::execute queues: 1, RefProcThreadModel::Single, marks_oops_alive: false
[2025-05-12T23:25:32.004+0300][1041.983s][36520] GC(24694) Reference Processing: 0.0ms
[2025-05-12T23:25:32.004+0300][1041.983s][36520] GC(24694)   Notify Soft/WeakReferences: 0.0ms
[2025-05-12T23:25:32.004+0300][1041.983s][36520] GC(24694)     SoftRef: 0.0ms
[2025-05-12T23:25:32.004+0300][1041.983s][36520] GC(24694)     WeakRef: 0.0ms
[2025-05-12T23:25:32.004+0300][1041.983s][36520] GC(24694)     FinalRef: 0.0ms
[2025-05-12T23:25:32.004+0300][1041.983s][36520] GC(24694)     Total: 0.0ms
[2025-05-12T23:25:32.004+0300][1041.983s][36520] GC(24694)   Notify and keep alive finalizable: 0.0ms
[2025-05-12T23:25:32.004+0300][1041.983s][36520] GC(24694)     FinalRef: skipped
[2025-05-12T23:25:32.004+0300][1041.983s][36520] GC(24694)   Notify PhantomReferences: 0.0ms
[2025-05-12T23:25:32.004+0300][1041.983s][36520] GC(24694)     PhantomRef: 0.0ms
[2025-05-12T23:25:32.004+0300][1041.983s][36520] GC(24694)   SoftReference Discovered: 46, Dropped: 4, Processed: 42
[2025-05-12T23:25:32.004+0300][1041.983s][36520] GC(24694)   WeakReference Discovered: 34, Dropped: 13, Processed: 21
[2025-05-12T23:25:32.004+0300][1041.983s][36520] GC(24694)   FinalReference Discovered: 0, Dropped: 0, Processed: 0
[2025-05-12T23:25:32.004+0300][1041.983s][36520] GC(24694)   PhantomReference Discovered: 23, Dropped: 23, Processed: 0
[2025-05-12T23:25:32.004+0300][1041.983s][36520] GC(24694) Phase 1: Reference Processing 0.207ms
[2025-05-12T23:25:32.004+0300][1041.983s][36520] GC(24694) Phase 1: Weak Processing
[2025-05-12T23:25:32.004+0300][1041.983s][36520] GC(24694)   VM Weak                        Min:  0.0, Avg:  0.0, Max:  0.0, Diff:  0.0, Sum:  0.0, Workers: 10
[2025-05-12T23:25:32.004+0300][1041.983s][36520] GC(24694)     Dead                           Min: 0, Avg:  2.1, Max: 21, Diff: 21, Sum: 21, Workers: 10
[2025-05-12T23:25:32.004+0300][1041.983s][36520] GC(24694)     Total                          Min: 0, Avg:  6.7, Max: 41, Diff: 41, Sum: 67, Workers: 10
[2025-05-12T23:25:32.004+0300][1041.983s][36520] GC(24694)   ObjectSynchronizer Weak        Min:  0.0, Avg:  0.0, Max:  0.0, Diff:  0.0, Sum:  0.0, Workers: 10
[2025-05-12T23:25:32.004+0300][1041.983s][36520] GC(24694)     Dead                           Min: 0, Avg:  0.0, Max: 0, Diff: 0, Sum: 0, Workers: 10
[2025-05-12T23:25:32.004+0300][1041.983s][36520] GC(24694)     Total                          Min: 0, Avg:  0.1, Max: 1, Diff: 1, Sum: 1, Workers: 10
[2025-05-12T23:25:32.004+0300][1041.983s][36520] GC(24694)   JVMTI Tag Weak OopStorage      Min:  0.0, Avg:  0.1, Max:  0.1, Diff:  0.0, Sum:  0.5, Workers: 10
[2025-05-12T23:25:32.004+0300][1041.983s][36520] GC(24694)     Dead                           Min: 0, Avg:  2.1, Max: 21, Diff: 21, Sum: 21, Workers: 10
[2025-05-12T23:25:32.004+0300][1041.983s][36520] GC(24694)     Total                          Min: 2559, Avg: 6289.9, Max: 9432, Diff: 6873, Sum: 62899, Workers: 10
[2025-05-12T23:25:32.004+0300][1041.983s][36520] GC(24694)   StringTable Weak               Min:  0.0, Avg:  0.0, Max:  0.0, Diff:  0.0, Sum:  0.2, Workers: 10
[2025-05-12T23:25:32.004+0300][1041.983s][36520] GC(24694)     Dead                           Min: 5, Avg: 14.1, Max: 29, Diff: 24, Sum: 141, Workers: 10
[2025-05-12T23:25:32.004+0300][1041.983s][36520] GC(24694)     Total                          Min: 3456, Avg: 3952.9, Max: 4798, Diff: 1342, Sum: 39529, Workers: 10
[2025-05-12T23:25:32.004+0300][1041.983s][36520] GC(24694)   ResolvedMethodTable Weak       Min:  0.0, Avg:  0.0, Max:  0.0, Diff:  0.0, Sum:  0.0, Workers: 10
[2025-05-12T23:25:32.004+0300][1041.983s][36520] GC(24694)     Dead                           Min: 0, Avg:  5.2, Max: 17, Diff: 17, Sum: 52, Workers: 10
[2025-05-12T23:25:32.004+0300][1041.983s][36520] GC(24694)     Total                          Min: 46, Avg: 79.5, Max: 128, Diff: 82, Sum: 795, Workers: 10
[2025-05-12T23:25:32.004+0300][1041.983s][36520] GC(24694)   JNI Weak                       Min:  0.0, Avg:  0.0, Max:  0.0, Diff:  0.0, Sum:  0.0, Workers: 10
[2025-05-12T23:25:32.004+0300][1041.983s][36520] GC(24694)     Dead                           Min: 0, Avg:  0.0, Max: 0, Diff: 0, Sum: 0, Workers: 10
[2025-05-12T23:25:32.004+0300][1041.983s][36520] GC(24694)     Total                          Min: 0, Avg:  1.1, Max: 11, Diff: 11, Sum: 11, Workers: 10
[2025-05-12T23:25:32.004+0300][1041.984s][36520] GC(24694)   StringDedup Table Weak         Min:  0.0, Avg:  0.0, Max:  0.0, Diff:  0.0, Sum:  0.0, Workers: 10
[2025-05-12T23:25:32.004+0300][1041.984s][36520] GC(24694)     Dead                           Min: 0, Avg:  0.0, Max: 0, Diff: 0, Sum: 0, Workers: 10
[2025-05-12T23:25:32.004+0300][1041.984s][36520] GC(24694)     Total                          Min: 0, Avg:  0.0, Max: 0, Diff: 0, Sum: 0, Workers: 10
[2025-05-12T23:25:32.004+0300][1041.984s][36520] GC(24694)   StringDedup Requests0 Weak     Min:  0.0, Avg:  0.0, Max:  0.0, Diff:  0.0, Sum:  0.0, Workers: 10
[2025-05-12T23:25:32.004+0300][1041.984s][36520] GC(24694)     Dead                           Min: 0, Avg:  0.0, Max: 0, Diff: 0, Sum: 0, Workers: 10
[2025-05-12T23:25:32.004+0300][1041.984s][36520] GC(24694)     Total                          Min: 0, Avg:  0.0, Max: 0, Diff: 0, Sum: 0, Workers: 10
[2025-05-12T23:25:32.004+0300][1041.984s][36520] GC(24694)   StringDedup Requests1 Weak     Min:  0.0, Avg:  0.0, Max:  0.0, Diff:  0.0, Sum:  0.0, Workers: 10
[2025-05-12T23:25:32.004+0300][1041.984s][36520] GC(24694)     Dead                           Min: 0, Avg:  0.0, Max: 0, Diff: 0, Sum: 0, Workers: 10
[2025-05-12T23:25:32.004+0300][1041.984s][36520] GC(24694)     Total                          Min: 0, Avg:  0.0, Max: 0, Diff: 0, Sum: 0, Workers: 10
[2025-05-12T23:25:32.004+0300][1041.984s][36520] GC(24694)   Weak JFR Old Object Samples    Min:  0.0, Avg:  0.0, Max:  0.0, Diff:  0.0, Sum:  0.0, Workers: 10
[2025-05-12T23:25:32.004+0300][1041.984s][36520] GC(24694)     Dead                           Min: 0, Avg:  0.0, Max: 0, Diff: 0, Sum: 0, Workers: 10
[2025-05-12T23:25:32.004+0300][1041.984s][36520] GC(24694)     Total                          Min: 0, Avg:  0.0, Max: 0, Diff: 0, Sum: 0, Workers: 10
[2025-05-12T23:25:32.004+0300][1041.984s][36520] GC(24694) Phase 1: Weak Processing 0.512ms
[2025-05-12T23:25:32.004+0300][1041.984s][36520] GC(24694) Phase 1: Class Unloading and Cleanup
[2025-05-12T23:25:32.004+0300][1041.984s][36520] GC(24694) ClassLoaderData
[2025-05-12T23:25:32.004+0300][1041.984s][36520] GC(24694) ClassLoaderData 0.068ms
[2025-05-12T23:25:32.004+0300][1041.984s][36520] GC(24694) Trigger cleanups
[2025-05-12T23:25:32.004+0300][1041.984s][36520] GC(24694) Trigger cleanups 0.009ms
[2025-05-12T23:25:32.008+0300][1041.987s][36520] GC(24694) Phase 1: Class Unloading and Cleanup 3.668ms
[2025-05-12T23:25:32.008+0300][1041.987s][36520] GC(24694) Report Object Count
[2025-05-12T23:25:32.008+0300][1041.987s][36520] GC(24694) Report Object Count 0.011ms
[2025-05-12T23:25:32.008+0300][1041.987s][36520] GC(24694) Phase 1: Mark live objects 11.633ms
[2025-05-12T23:25:32.008+0300][1041.987s][36520] GC(24694) Phase 2: Prepare compaction
[2025-05-12T23:25:32.008+0300][1041.987s][36520] GC(24694) Phase 2: Determine work lists
[2025-05-12T23:25:32.008+0300][1041.987s][36520] GC(24694) Phase 2: Determine work lists 0.010ms
[2025-05-12T23:25:32.008+0300][1041.987s][36520] GC(24694) Phase 2: Prepare parallel compaction
[2025-05-12T23:25:32.008+0300][1041.988s][36520] GC(24694) Phase 2: Prepare parallel compaction 0.216ms
[2025-05-12T23:25:32.008+0300][1041.988s][36520] GC(24694) Phase 2: Prepare compaction 0.266ms
[2025-05-12T23:25:32.008+0300][1041.988s][36520] GC(24694) Phase 3: Adjust pointers
[2025-05-12T23:25:32.013+0300][1041.992s][36520] GC(24694) Phase 3: Adjust pointers 4.408ms
[2025-05-12T23:25:32.013+0300][1041.992s][36520] GC(24694) Phase 4: Compact heap
[2025-05-12T23:25:32.013+0300][1041.992s][36520] GC(24694) Phase 4: Compact heap 0.167ms
[2025-05-12T23:25:32.013+0300][1041.992s][36520] GC(24694) Phase 5: Reset Metadata
[2025-05-12T23:25:32.015+0300][1041.994s][36520] GC(24694) Phase 5: Reset Metadata 1.382ms
[2025-05-12T23:25:32.015+0300][1041.994s][36520] GC(24694) Running G1 Clear Bitmap with 1 workers for 1 work units.
[2025-05-12T23:25:32.017+0300][1041.995s][36520] GC(24694) Request concurrent cycle initiation (occupancy higher than threshold) occupancy: 11534336B allocation request: 0B threshold: 3716537B (29.54) source: end of Full GC
[2025-05-12T23:25:32.017+0300][1041.995s][36520] Old generation allocation in the last mutator period, old gen allocated: 0B, humongous allocated: 0B, old gen growth: 0B.
[2025-05-12T23:25:32.017+0300][1041.995s][36520] GC(24694) Coarsening (recent): Inline->AoC 0 (0) AoC->Howl 0 (0) Howl->Full 0 (0) Inline->AoC 0 (0) AoC->BitMap 0 (0) BitMap->Full 0 (0) 
[2025-05-12T23:25:32.017+0300][1041.995s][36520] GC(24694) Coarsening (all): Inline->AoC 10920 (0) AoC->Howl 7731 (0) Howl->Full 0 (0) Inline->AoC 10809 (0) AoC->BitMap 7399 (0) BitMap->Full 0 (0) 
[2025-05-12T23:25:32.017+0300][1041.996s][36520] GC(24694) Eden regions: 0->0(1)
[2025-05-12T23:25:32.017+0300][1041.996s][36520] GC(24694) Survivor regions: 0->0(0)
[2025-05-12T23:25:32.017+0300][1041.996s][36520] GC(24694) Old regions: 12->11
[2025-05-12T23:25:32.017+0300][1041.996s][36520] GC(24694) Humongous regions: 0->0
[2025-05-12T23:25:32.017+0300][1041.996s][36520] GC(24694) Metaspace: 10759K(12736K)->10716K(12736K) NonClass: 9683K(11328K)->9652K(11328K) Class: 1076K(1408K)->1064K(1408K)
[2025-05-12T23:25:32.017+0300][1041.996s][36520] GC(24694) Heap after GC invocations=21161 (full 7087):
[2025-05-12T23:25:32.017+0300][1041.996s][36520] GC(24694)  garbage-first heap   total 12288K, used 11166K [0x00000000ff400000, 0x0000000100000000)
[2025-05-12T23:25:32.017+0300][1041.996s][36520] GC(24694)   region size 1024K, 0 young (0K), 0 survivors (0K)
[2025-05-12T23:25:32.017+0300][1041.996s][36520] GC(24694)  Metaspace       used 10716K, committed 12736K, reserved 1114112K
[2025-05-12T23:25:32.017+0300][1041.996s][36520] GC(24694)   class space    used 1064K, committed 1408K, reserved 1048576K
[2025-05-12T23:25:32.017+0300][1041.996s][36520] GC(24694) Pause Full (G1 Compaction Pause) 11M->10M(12M) 20.051ms
[2025-05-12T23:25:32.017+0300][1041.996s][36520] GC(24694) User=0.00s Sys=0.00s Real=0.02s
[2025-05-12T23:25:32.017+0300][1041.996s][9340 ] G1 Service Thread (Card Set Free Memory Task) (run: 21.622ms) (cpu: 0.000ms)
[2025-05-12T23:25:32.032+0300][1042.011s][36520] GC(24695) Initiate concurrent cycle (concurrent cycle initiation requested)
[2025-05-12T23:25:32.032+0300][1042.011s][36520] GC(24695) Pause Young (Concurrent Start) (G1 Evacuation Pause)
[2025-05-12T23:25:32.032+0300][1042.011s][36520] GC(24695) Heap before GC invocations=21161 (full 7087):
[2025-05-12T23:25:32.032+0300][1042.011s][36520] GC(24695)  garbage-first heap   total 12288K, used 12190K [0x00000000ff400000, 0x0000000100000000)
[2025-05-12T23:25:32.032+0300][1042.011s][36520] GC(24695)   region size 1024K, 1 young (1024K), 0 survivors (0K)
[2025-05-12T23:25:32.032+0300][1042.011s][36520] GC(24695)  Metaspace       used 10757K, committed 12736K, reserved 1114112K
[2025-05-12T23:25:32.032+0300][1042.011s][36520] GC(24695)   class space    used 1075K, committed 1408K, reserved 1048576K
[2025-05-12T23:25:32.032+0300][1042.011s][36520] GC(24695) Using 2 workers of 10 for evacuation
[2025-05-12T23:25:32.032+0300][1042.011s][36520] GC(24695) Desired survivor size 524288 bytes, new threshold 15 (max threshold 15)
[2025-05-12T23:25:32.032+0300][1042.011s][36520] GC(24695) TLAB totals: thrds: 1  refills: 319 max: 319 slow allocs: 159 max 159 waste: 22.1% gc: 0B max: 0B slow: 191328B max: 191328B
[2025-05-12T23:25:32.032+0300][1042.011s][36520] GC(24695) Mutator refinement: 0.00ms, refined: 0, precleaned: 0, dirtied: 90
[2025-05-12T23:25:32.032+0300][1042.011s][36520] GC(24695) Concurrent refinement: 0.00ms, refined: 0, precleaned: 0, dirtied: 0
[2025-05-12T23:25:32.032+0300][1042.011s][36520] GC(24695) Total refinement: 0.00ms, refined: 0, precleaned: 0, dirtied: 90
[2025-05-12T23:25:32.032+0300][1042.011s][36520] GC(24695) Generate dirty cards rate: 5.66 cards/ms
[2025-05-12T23:25:32.032+0300][1042.011s][36520] GC(24695) Mutator Allocation stats, regions: 1, wasted size: 1368B ( 0.1%)
[2025-05-12T23:25:32.032+0300][1042.011s][36520] GC(24695) No candidates to reclaim.
[2025-05-12T23:25:32.032+0300][1042.012s][36520] GC(24695) Running G1 Merge Heap Roots using 2 workers for 1 regions
[2025-05-12T23:25:32.032+0300][1042.012s][36520] GC(24695) Visited cards 960 Total dirty 12288 (7.81%) Total old 26624 (3.61%)
[2025-05-12T23:25:32.032+0300][1042.012s][16704] GC(24695) Attempt heap expansion (region allocation request failed). Allocation request: 2064B
[2025-05-12T23:25:32.032+0300][1042.012s][16704] GC(24695) Did not expand the heap (heap already fully expanded)
[2025-05-12T23:25:32.033+0300][1042.012s][36520] GC(24695) ReferenceProcessor::execute queues: 1, RefProcThreadModel::Single, marks_oops_alive: false
[2025-05-12T23:25:32.033+0300][1042.012s][36520] GC(24695) Skipped KeepAliveFinalRefsPhase of Reference Processing: no references
[2025-05-12T23:25:32.033+0300][1042.012s][36520] GC(24695) Skipped PhantomRefsPhase of Reference Processing: no references
[2025-05-12T23:25:32.033+0300][1042.012s][36520] GC(24695) Initializing removing self forwards with 64 chunks per region
[2025-05-12T23:25:32.033+0300][1042.012s][36520] GC(24695) Running G1 Rebuild Free List Task using 2 workers for rebuilding free list of regions
[2025-05-12T23:25:32.033+0300][1042.012s][36520] GC(24695) Young PLAB allocation: allocated: 0B, wasted: 0B, unused: 0B, used: 0B, undo waste: 0B, 
[2025-05-12T23:25:32.033+0300][1042.012s][36520] GC(24695) Young other allocation: region end waste: 0B, regions filled: 0, num plab filled: 2, direct allocated: 0B, num direct allocated: 0, failure used: 0B, failure wasted: 0B
[2025-05-12T23:25:32.033+0300][1042.012s][36520] GC(24695) Young sizing: calculated: 0B, actual: 2064B
[2025-05-12T23:25:32.033+0300][1042.012s][36520] GC(24695) Old PLAB allocation: allocated: 0B, wasted: 0B, unused: 0B, used: 0B, undo waste: 0B, 
[2025-05-12T23:25:32.033+0300][1042.012s][36520] GC(24695) Old other allocation: region end waste: 0B, regions filled: 0, num plab filled: 2, direct allocated: 0B, num direct allocated: 0, failure used: 221112B, failure wasted: 827464B
[2025-05-12T23:25:32.033+0300][1042.012s][36520] GC(24695) Old sizing: calculated: 0B, actual: 2064B
[2025-05-12T23:25:32.033+0300][1042.012s][36520] GC(24695) Heap expansion: short term pause time ratio 39.48% long term pause time ratio 41.66% threshold 7.69% pause time ratio 7.69% fully expanded true resize by 0B
[2025-05-12T23:25:32.033+0300][1042.012s][36520] GC(24695) MMU: 6.7ms (200.0ms/201.0ms)
[2025-05-12T23:25:32.033+0300][1042.013s][36520] Old generation allocation in the last mutator period, old gen allocated: 1048576B, humongous allocated: 0B, old gen growth: 1048576B.
[2025-05-12T23:25:32.033+0300][1042.013s][36520] GC(24695) Basic information (value update), threshold: 3535526B (28.10), target occupancy: 12582912B, current occupancy: 12482640B, recent allocation size: 1048576B, recent allocation duration: 15.90ms, recent old gen allocation rate: 65963941.07B/s, recent marking phase length: 120.12ms
[2025-05-12T23:25:32.033+0300][1042.013s][9340 ] G1 Service Thread (Card Set Free Memory Task) (run 0.045ms after schedule)
[2025-05-12T23:25:32.033+0300][1042.013s][36520] GC(24695) Adaptive IHOP information (value update), threshold: 3535526B (33.06), internal target occupancy: 10695475B, occupancy: 12482640B, additional buffer size: 1048576B, predicted old gen allocation rate: 50639940.57B/s, predicted marking phase length: 120.68ms, prediction active: true
[2025-05-12T23:25:32.033+0300][1042.013s][36520] GC(24695) GC refinement: goal: 18446744073709551615 + 103 / 20.00ms, actual: 90 / 0.03ms, 
[2025-05-12T23:25:32.033+0300][1042.013s][36520] GC(24695) Unchanged pending cards target: 18446744073709551615
[2025-05-12T23:25:32.033+0300][1042.013s][36520] GC(24695)   Pre Evacuate Collection Set: 0.1ms
[2025-05-12T23:25:32.033+0300][1042.013s][36520] GC(24695)     Pre Evacuate Prepare: 0.1ms
[2025-05-12T23:25:32.033+0300][1042.013s][36520] GC(24695)       JT Retire TLABs And Flush Logs (ms): Min:  0.0, Avg:  0.0, Max:  0.0, Diff:  0.0, Sum:  0.0, Workers: 2
[2025-05-12T23:25:32.033+0300][1042.013s][36520] GC(24695)       Non-JT Flush Logs (ms):        Min:  0.0, Avg:  0.0, Max:  0.0, Diff:  0.0, Sum:  0.0, Workers: 1
[2025-05-12T23:25:32.033+0300][1042.013s][36520] GC(24695)     Choose Collection Set: 0.0ms
[2025-05-12T23:25:32.033+0300][1042.013s][36520] GC(24695)     Region Register: 0.0ms
[2025-05-12T23:25:32.033+0300][1042.013s][36520] GC(24695)     Prepare Heap Roots: 0.0ms
[2025-05-12T23:25:32.033+0300][1042.013s][36520] GC(24695)     Reset Marking State (ms):      Min:  0.0, Avg:  0.0, Max:  0.0, Diff:  0.0, Sum:  0.0, Workers: 1
[2025-05-12T23:25:32.033+0300][1042.013s][36520] GC(24695)     Note Start Of Mark (ms):       Min:  0.0, Avg:  0.0, Max:  0.0, Diff:  0.0, Sum:  0.0, Workers: 2
[2025-05-12T23:25:32.033+0300][1042.013s][36520] GC(24695)   Merge Heap Roots: 0.1ms
[2025-05-12T23:25:32.033+0300][1042.013s][36520] GC(24695)     Prepare Merge Heap Roots: 0.0ms
[2025-05-12T23:25:32.033+0300][1042.013s][36520] GC(24695)     Remembered Sets (ms):          Min:  0.0, Avg:  0.0, Max:  0.0, Diff:  0.0, Sum:  0.0, Workers: 2
[2025-05-12T23:25:32.033+0300][1042.013s][36520] GC(24695)       Eager Reclaim (ms):            skipped
[2025-05-12T23:25:32.033+0300][1042.013s][36520] GC(24695)       Merged Inline                  Min: 0, Avg:  0.0, Max: 0, Diff: 0, Sum: 0, Workers: 2
[2025-05-12T23:25:32.033+0300][1042.013s][36520] GC(24695)       Merged ArrayOfCards            Min: 0, Avg:  0.0, Max: 0, Diff: 0, Sum: 0, Workers: 2
[2025-05-12T23:25:32.033+0300][1042.013s][36520] GC(24695)       Merged Howl                    Min: 0, Avg:  0.0, Max: 0, Diff: 0, Sum: 0, Workers: 2
[2025-05-12T23:25:32.033+0300][1042.013s][36520] GC(24695)       Merged Full                    Min: 0, Avg:  0.0, Max: 0, Diff: 0, Sum: 0, Workers: 2
[2025-05-12T23:25:32.034+0300][1042.013s][36520] GC(24695)       Merged Howl Inline             Min: 0, Avg:  0.0, Max: 0, Diff: 0, Sum: 0, Workers: 2
[2025-05-12T23:25:32.034+0300][1042.013s][36520] GC(24695)       Merged Howl ArrayOfCards       Min: 0, Avg:  0.0, Max: 0, Diff: 0, Sum: 0, Workers: 2
[2025-05-12T23:25:32.034+0300][1042.013s][36520] GC(24695)       Merged Howl BitMap             Min: 0, Avg:  0.0, Max: 0, Diff: 0, Sum: 0, Workers: 2
[2025-05-12T23:25:32.034+0300][1042.013s][36520] GC(24695)       Merged Howl Full               Min: 0, Avg:  0.0, Max: 0, Diff: 0, Sum: 0, Workers: 2
[2025-05-12T23:25:32.034+0300][1042.013s][36520] GC(24695)       Merged Cards                   Min: 8, Avg:  8.0, Max: 8, Diff: 0, Sum: 16, Workers: 2
[2025-05-12T23:25:32.034+0300][1042.013s][36520] GC(24695)     Log Buffers (ms):              Min:  0.0, Avg:  0.0, Max:  0.0, Diff:  0.0, Sum:  0.0, Workers: 2
[2025-05-12T23:25:32.034+0300][1042.013s][36520] GC(24695)       Dirty Cards:                   Min: 0, Avg: 45.0, Max: 90, Diff: 90, Sum: 90, Workers: 2
[2025-05-12T23:25:32.034+0300][1042.013s][36520] GC(24695)       Skipped Cards:                 Min: 0, Avg:  0.0, Max: 0, Diff: 0, Sum: 0, Workers: 2
[2025-05-12T23:25:32.034+0300][1042.013s][36520] GC(24695)   Evacuate Collection Set: 0.4ms
[2025-05-12T23:25:32.034+0300][1042.013s][36520] GC(24695)     Ext Root Scanning (ms):        Min:  0.1, Avg:  0.2, Max:  0.2, Diff:  0.0, Sum:  0.3, Workers: 2
[2025-05-12T23:25:32.034+0300][1042.013s][36520] GC(24695)     Scan Heap Roots (ms):          Min:  0.0, Avg:  0.0, Max:  0.0, Diff:  0.0, Sum:  0.1, Workers: 2
[2025-05-12T23:25:32.034+0300][1042.013s][36520] GC(24695)       Scanned Cards:                 Min: 33, Avg: 45.0, Max: 57, Diff: 24, Sum: 90, Workers: 2
[2025-05-12T23:25:32.034+0300][1042.013s][36520] GC(24695)       Scanned Blocks:                Min: 13, Avg: 29.0, Max: 45, Diff: 32, Sum: 58, Workers: 2
[2025-05-12T23:25:32.034+0300][1042.013s][36520] GC(24695)       Claimed Chunks:                Min: 5, Avg: 15.0, Max: 25, Diff: 20, Sum: 30, Workers: 2
[2025-05-12T23:25:32.034+0300][1042.013s][36520] GC(24695)       Found Roots:                   Min: 58, Avg: 58.0, Max: 58, Diff: 0, Sum: 116, Workers: 2
[2025-05-12T23:25:32.034+0300][1042.013s][36520] GC(24695)     Code Root Scan (ms):           Min:  0.0, Avg:  0.0, Max:  0.0, Diff:  0.0, Sum:  0.0, Workers: 2
[2025-05-12T23:25:32.034+0300][1042.013s][36520] GC(24695)     Object Copy (ms):              Min:  0.2, Avg:  0.2, Max:  0.2, Diff:  0.0, Sum:  0.4, Workers: 2
[2025-05-12T23:25:32.034+0300][1042.013s][36520] GC(24695)     Termination (ms):              Min:  0.0, Avg:  0.0, Max:  0.0, Diff:  0.0, Sum:  0.0, Workers: 2
[2025-05-12T23:25:32.034+0300][1042.013s][36520] GC(24695)       Termination Attempts:          Min: 1, Avg:  1.0, Max: 1, Diff: 0, Sum: 2, Workers: 2
[2025-05-12T23:25:32.034+0300][1042.013s][36520] GC(24695)     GC Worker Other (ms):          Min:  0.0, Avg:  0.0, Max:  0.0, Diff:  0.0, Sum:  0.0, Workers: 2
[2025-05-12T23:25:32.034+0300][1042.013s][36520] GC(24695)     GC Worker Total (ms):          Min:  0.4, Avg:  0.4, Max:  0.4, Diff:  0.0, Sum:  0.8, Workers: 2
[2025-05-12T23:25:32.034+0300][1042.013s][36520] GC(24695)   Post Evacuate Collection Set: 0.5ms
[2025-05-12T23:25:32.034+0300][1042.013s][36520] GC(24695)     NMethod List Cleanup: 0.0ms
[2025-05-12T23:25:32.034+0300][1042.013s][36520] GC(24695)     Reference Processing: 0.0ms
[2025-05-12T23:25:32.034+0300][1042.013s][36520] GC(24695)       Notify Soft/WeakReferences: 0.0ms
[2025-05-12T23:25:32.034+0300][1042.013s][36520] GC(24695)         SoftRef (ms):                  Min:  0.0, Avg:  0.0, Max:  0.0, Diff:  0.0, Sum:  0.0, Workers: 1
[2025-05-12T23:25:32.034+0300][1042.013s][36520] GC(24695)         WeakRef (ms):                  Min:  0.0, Avg:  0.0, Max:  0.0, Diff:  0.0, Sum:  0.0, Workers: 1
[2025-05-12T23:25:32.034+0300][1042.013s][36520] GC(24695)         FinalRef (ms):                 Min:  0.0, Avg:  0.0, Max:  0.0, Diff:  0.0, Sum:  0.0, Workers: 1
[2025-05-12T23:25:32.034+0300][1042.013s][36520] GC(24695)         Total (ms):                    Min:  0.0, Avg:  0.0, Max:  0.0, Diff:  0.0, Sum:  0.0, Workers: 1
[2025-05-12T23:25:32.034+0300][1042.013s][36520] GC(24695)       Notify and keep alive finalizable: 0.0ms
[2025-05-12T23:25:32.034+0300][1042.013s][36520] GC(24695)         FinalRef (ms):                 skipped
[2025-05-12T23:25:32.034+0300][1042.013s][36520] GC(24695)       Notify PhantomReferences: 0.0ms
[2025-05-12T23:25:32.034+0300][1042.013s][36520] GC(24695)         PhantomRef (ms):               skipped
[2025-05-12T23:25:32.034+0300][1042.013s][36520] GC(24695)       SoftReference Discovered: 0, Dropped: 0, Processed: 0
[2025-05-12T23:25:32.034+0300][1042.013s][36520] GC(24695)       WeakReference Discovered: 35, Dropped: 12, Processed: 23
[2025-05-12T23:25:32.034+0300][1042.013s][36520] GC(24695)       FinalReference Discovered: 0, Dropped: 0, Processed: 0
[2025-05-12T23:25:32.034+0300][1042.013s][36520] GC(24695)       PhantomReference Discovered: 0, Dropped: 0, Processed: 0
[2025-05-12T23:25:32.034+0300][1042.013s][36520] GC(24695)     Weak Processing: 0.1ms
[2025-05-12T23:25:32.034+0300][1042.013s][36520] GC(24695)       VM Weak                        Min:  0.0, Avg:  0.0, Max:  0.0, Diff:  0.0, Sum:  0.0, Workers: 10
[2025-05-12T23:25:32.034+0300][1042.013s][36520] GC(24695)         Dead                           Min: 0, Avg:  0.0, Max: 0, Diff: 0, Sum: 0, Workers: 10
[2025-05-12T23:25:32.034+0300][1042.013s][36520] GC(24695)         Total                          Min: 0, Avg:  6.6, Max: 40, Diff: 40, Sum: 66, Workers: 10
[2025-05-12T23:25:32.034+0300][1042.013s][36520] GC(24695)       ObjectSynchronizer Weak        Min:  0.0, Avg:  0.0, Max:  0.0, Diff:  0.0, Sum:  0.0, Workers: 10
[2025-05-12T23:25:32.034+0300][1042.013s][36520] GC(24695)         Dead                           Min: 0, Avg:  0.0, Max: 0, Diff: 0, Sum: 0, Workers: 10
[2025-05-12T23:25:32.034+0300][1042.013s][36520] GC(24695)         Total                          Min: 0, Avg:  0.1, Max: 1, Diff: 1, Sum: 1, Workers: 10
[2025-05-12T23:25:32.034+0300][1042.013s][36520] GC(24695)       JVMTI Tag Weak OopStorage      Min:  0.0, Avg:  0.1, Max:  0.1, Diff:  0.0, Sum:  0.5, Workers: 10
[2025-05-12T23:25:32.034+0300][1042.013s][36520] GC(24695)         Dead                           Min: 0, Avg:  0.0, Max: 0, Diff: 0, Sum: 0, Workers: 10
[2025-05-12T23:25:32.034+0300][1042.013s][36520] GC(24695)         Total                          Min: 3006, Avg: 6289.8, Max: 10794, Diff: 7788, Sum: 62898, Workers: 10
[2025-05-12T23:25:32.034+0300][1042.013s][36520] GC(24695)       StringTable Weak               Min:  0.0, Avg:  0.0, Max:  0.0, Diff:  0.0, Sum:  0.2, Workers: 10
[2025-05-12T23:25:32.034+0300][1042.013s][36520] GC(24695)         Dead                           Min: 0, Avg:  0.0, Max: 0, Diff: 0, Sum: 0, Workers: 10
[2025-05-12T23:25:32.034+0300][1042.013s][36520] GC(24695)         Total                          Min: 3392, Avg: 3952.9, Max: 4928, Diff: 1536, Sum: 39529, Workers: 10
[2025-05-12T23:25:32.034+0300][1042.013s][36520] GC(24695)       ResolvedMethodTable Weak       Min:  0.0, Avg:  0.0, Max:  0.0, Diff:  0.0, Sum:  0.0, Workers: 10
[2025-05-12T23:25:32.034+0300][1042.013s][36520] GC(24695)         Dead                           Min: 0, Avg:  0.0, Max: 0, Diff: 0, Sum: 0, Workers: 10
[2025-05-12T23:25:32.034+0300][1042.013s][36520] GC(24695)         Total                          Min: 0, Avg: 80.3, Max: 128, Diff: 128, Sum: 803, Workers: 10
[2025-05-12T23:25:32.034+0300][1042.013s][36520] GC(24695)       JNI Weak                       Min:  0.0, Avg:  0.0, Max:  0.0, Diff:  0.0, Sum:  0.0, Workers: 10
[2025-05-12T23:25:32.034+0300][1042.013s][36520] GC(24695)         Dead                           Min: 0, Avg:  0.0, Max: 0, Diff: 0, Sum: 0, Workers: 10
[2025-05-12T23:25:32.034+0300][1042.013s][36520] GC(24695)         Total                          Min: 0, Avg:  1.1, Max: 11, Diff: 11, Sum: 11, Workers: 10
[2025-05-12T23:25:32.034+0300][1042.013s][36520] GC(24695)       StringDedup Table Weak         Min:  0.0, Avg:  0.0, Max:  0.0, Diff:  0.0, Sum:  0.0, Workers: 10
[2025-05-12T23:25:32.034+0300][1042.013s][36520] GC(24695)         Dead                           Min: 0, Avg:  0.0, Max: 0, Diff: 0, Sum: 0, Workers: 10
[2025-05-12T23:25:32.034+0300][1042.013s][36520] GC(24695)         Total                          Min: 0, Avg:  0.0, Max: 0, Diff: 0, Sum: 0, Workers: 10
[2025-05-12T23:25:32.034+0300][1042.013s][36520] GC(24695)       StringDedup Requests0 Weak     Min:  0.0, Avg:  0.0, Max:  0.0, Diff:  0.0, Sum:  0.0, Workers: 10
[2025-05-12T23:25:32.034+0300][1042.013s][36520] GC(24695)         Dead                           Min: 0, Avg:  0.0, Max: 0, Diff: 0, Sum: 0, Workers: 10
[2025-05-12T23:25:32.034+0300][1042.013s][36520] GC(24695)         Total                          Min: 0, Avg:  0.0, Max: 0, Diff: 0, Sum: 0, Workers: 10
[2025-05-12T23:25:32.034+0300][1042.013s][36520] GC(24695)       StringDedup Requests1 Weak     Min:  0.0, Avg:  0.0, Max:  0.0, Diff:  0.0, Sum:  0.0, Workers: 10
[2025-05-12T23:25:32.034+0300][1042.013s][36520] GC(24695)         Dead                           Min: 0, Avg:  0.0, Max: 0, Diff: 0, Sum: 0, Workers: 10
[2025-05-12T23:25:32.034+0300][1042.013s][36520] GC(24695)         Total                          Min: 0, Avg:  0.0, Max: 0, Diff: 0, Sum: 0, Workers: 10
[2025-05-12T23:25:32.034+0300][1042.013s][36520] GC(24695)       Weak JFR Old Object Samples    Min:  0.0, Avg:  0.0, Max:  0.0, Diff:  0.0, Sum:  0.0, Workers: 10
[2025-05-12T23:25:32.034+0300][1042.013s][36520] GC(24695)         Dead                           Min: 0, Avg:  0.0, Max: 0, Diff: 0, Sum: 0, Workers: 10
[2025-05-12T23:25:32.034+0300][1042.013s][36520] GC(24695)         Total                          Min: 0, Avg:  0.0, Max: 0, Diff: 0, Sum: 0, Workers: 10
[2025-05-12T23:25:32.034+0300][1042.013s][36520] GC(24695)     Post Evacuate Cleanup 1: 0.1ms
[2025-05-12T23:25:32.034+0300][1042.013s][36520] GC(24695)       Merge Per-Thread State (ms):   Min:  0.0, Avg:  0.0, Max:  0.0, Diff:  0.0, Sum:  0.0, Workers: 1
[2025-05-12T23:25:32.034+0300][1042.013s][36520] GC(24695)         Copied Bytes                   Min: 0, Avg:  0.0, Max: 0, Diff: 0, Sum: 0, Workers: 2
[2025-05-12T23:25:32.034+0300][1042.013s][36520] GC(24695)         LAB Waste                      Min: 0, Avg:  0.0, Max: 0, Diff: 0, Sum: 0, Workers: 2
[2025-05-12T23:25:32.034+0300][1042.013s][36520] GC(24695)         LAB Undo Waste                 Min: 0, Avg:  0.0, Max: 0, Diff: 0, Sum: 0, Workers: 2
[2025-05-12T23:25:32.034+0300][1042.013s][36520] GC(24695)       Clear Logged Cards (ms):       Min:  0.0, Avg:  0.0, Max:  0.0, Diff:  0.0, Sum:  0.0, Workers: 2
[2025-05-12T23:25:32.034+0300][1042.014s][36520] GC(24695)       Recalculate Used Memory (ms):  Min:  0.0, Avg:  0.0, Max:  0.0, Diff:  0.0, Sum:  0.0, Workers: 1
[2025-05-12T23:25:32.034+0300][1042.014s][36520] GC(24695)       Restore Retained Regions (ms): Min:  0.1, Avg:  0.1, Max:  0.1, Diff:  0.0, Sum:  0.1, Workers: 2
[2025-05-12T23:25:32.034+0300][1042.014s][36520] GC(24695)         Evacuation Failure Regions:    Min: 1, Avg:  1.0, Max: 1, Diff: 0, Sum: 1, Workers: 1
[2025-05-12T23:25:32.034+0300][1042.014s][36520] GC(24695)         Remove Self Forwards (ms):     Min:  0.1, Avg:  0.1, Max:  0.1, Diff:  0.0, Sum:  0.1, Workers: 2
[2025-05-12T23:25:32.034+0300][1042.014s][36520] GC(24695)           Forward Chunks:                Min: 28, Avg: 28.5, Max: 29, Diff: 1, Sum: 57, Workers: 2
[2025-05-12T23:25:32.034+0300][1042.014s][36520] GC(24695)           Empty Forward Chunks:          Min: 2, Avg:  3.5, Max: 5, Diff: 3, Sum: 7, Workers: 2
[2025-05-12T23:25:32.034+0300][1042.014s][36520] GC(24695)           Forward Objects:               Min: 2129, Avg: 2131.0, Max: 2133, Diff: 4, Sum: 4262, Workers: 2
[2025-05-12T23:25:32.034+0300][1042.014s][36520] GC(24695)           Forward Bytes:                 Min: 99656, Avg: 110556.0, Max: 121456, Diff: 21800, Sum: 221112, Workers: 2
[2025-05-12T23:25:32.034+0300][1042.014s][36520] GC(24695)     Post Evacuate Cleanup 2: 0.0ms
[2025-05-12T23:25:32.034+0300][1042.014s][36520] GC(24695)       Recalculate Used Memory (ms):  Min:  0.0, Avg:  0.0, Max:  0.0, Diff:  0.0, Sum:  0.0, Workers: 1
[2025-05-12T23:25:32.034+0300][1042.014s][36520] GC(24695)       Restore Preserved Marks (ms):  Min:  0.0, Avg:  0.0, Max:  0.0, Diff:  0.0, Sum:  0.0, Workers: 2
[2025-05-12T23:25:32.034+0300][1042.014s][36520] GC(24695)       Clear Retained Region Bitmaps (ms): skipped
[2025-05-12T23:25:32.034+0300][1042.014s][36520] GC(24695)       Update Derived Pointers (ms):  Min:  0.0, Avg:  0.0, Max:  0.0, Diff:  0.0, Sum:  0.0, Workers: 1
[2025-05-12T23:25:32.034+0300][1042.014s][36520] GC(24695)       Eagerly Reclaim Humongous Objects (ms): skipped
[2025-05-12T23:25:32.034+0300][1042.014s][36520] GC(24695)         Humongous Total                skipped
[2025-05-12T23:25:32.034+0300][1042.014s][36520] GC(24695)         Humongous Candidates           skipped
[2025-05-12T23:25:32.034+0300][1042.014s][36520] GC(24695)         Humongous Reclaimed            skipped
[2025-05-12T23:25:32.034+0300][1042.014s][36520] GC(24695)       Redirty Logged Cards (ms):     Min:  0.0, Avg:  0.0, Max:  0.0, Diff:  0.0, Sum:  0.0, Workers: 2
[2025-05-12T23:25:32.034+0300][1042.014s][36520] GC(24695)         Redirtied Cards:               Min: 0, Avg:  0.0, Max: 0, Diff: 0, Sum: 0, Workers: 2
[2025-05-12T23:25:32.034+0300][1042.014s][36520] GC(24695)       Resize TLABs (ms):             Min:  0.0, Avg:  0.0, Max:  0.0, Diff:  0.0, Sum:  0.0, Workers: 2
[2025-05-12T23:25:32.034+0300][1042.014s][36520] GC(24695)       Free Collection Set (ms):      Min:  0.0, Avg:  0.0, Max:  0.0, Diff:  0.0, Sum:  0.0, Workers: 2
[2025-05-12T23:25:32.034+0300][1042.014s][36520] GC(24695)     Rebuild Free List: 0.1ms
[2025-05-12T23:25:32.034+0300][1042.014s][36520] GC(24695)     Prepare For Mutator: 0.1ms
[2025-05-12T23:25:32.034+0300][1042.014s][36520] GC(24695)     Expand Heap After Collection: 0.0ms
[2025-05-12T23:25:32.034+0300][1042.014s][36520] GC(24695)   Other: 0.2ms
[2025-05-12T23:25:32.034+0300][1042.014s][36520] GC(24695) Coarsening (recent): Inline->AoC 0 (0) AoC->Howl 0 (0) Howl->Full 0 (0) Inline->AoC 0 (0) AoC->BitMap 0 (0) BitMap->Full 0 (0) 
[2025-05-12T23:25:32.034+0300][1042.014s][36520] GC(24695) Coarsening (all): Inline->AoC 10920 (0) AoC->Howl 7731 (0) Howl->Full 0 (0) Inline->AoC 10809 (0) AoC->BitMap 7399 (0) BitMap->Full 0 (0) 
[2025-05-12T23:25:32.035+0300][1042.014s][36520] GC(24695) Eden regions: 1->0(0)
[2025-05-12T23:25:32.035+0300][1042.014s][36520] GC(24695) Survivor regions: 0->0(0)
[2025-05-12T23:25:32.035+0300][1042.014s][36520] GC(24695) Old regions: 11->12
[2025-05-12T23:25:32.035+0300][1042.014s][36520] GC(24695) Humongous regions: 0->0
[2025-05-12T23:25:32.035+0300][1042.014s][36520] GC(24695) Metaspace: 10757K(12736K)->10757K(12736K) NonClass: 9682K(11328K)->9682K(11328K) Class: 1075K(1408K)->1075K(1408K)
[2025-05-12T23:25:32.035+0300][1042.014s][36520] GC(24695) Heap after GC invocations=21162 (full 7087):
[2025-05-12T23:25:32.035+0300][1042.014s][36520] GC(24695)  garbage-first heap   total 12288K, used 12190K [0x00000000ff400000, 0x0000000100000000)
[2025-05-12T23:25:32.035+0300][1042.014s][36520] GC(24695)   region size 1024K, 0 young (0K), 0 survivors (0K)
[2025-05-12T23:25:32.035+0300][1042.014s][36520] GC(24695)  Metaspace       used 10757K, committed 12736K, reserved 1114112K
[2025-05-12T23:25:32.035+0300][1042.014s][36520] GC(24695)   class space    used 1075K, committed 1408K, reserved 1048576K
[2025-05-12T23:25:32.035+0300][1042.014s][36520] GC(24695) Pause Young (Concurrent Start) (G1 Evacuation Pause) (Evacuation Failure) 11M->11M(12M) 2.623ms
[2025-05-12T23:25:32.035+0300][1042.014s][36520] GC(24695) User=0.00s Sys=0.00s Real=0.00s
[2025-05-12T23:25:32.035+0300][1042.014s][36520] Attempt heap expansion (allocation request failed). Allocation request: 2048B
[2025-05-12T23:25:32.035+0300][1042.014s][34628] GC(24696) Concurrent Mark Cycle
[2025-05-12T23:25:32.035+0300][1042.014s][36520] Expand the heap. requested expansion amount: 1048576B expansion amount: 1048576B
[2025-05-12T23:25:32.035+0300][1042.014s][34628] GC(24696) Concurrent Scan Root Regions
[2025-05-12T23:25:32.035+0300][1042.014s][36520] Did not expand the heap (heap already fully expanded)
[2025-05-12T23:25:32.035+0300][1042.014s][34628] GC(24696) Concurrent Scan Root Regions 0.038ms
[2025-05-12T23:25:32.035+0300][1042.014s][36520] Attempting full compaction
[2025-05-12T23:25:32.035+0300][1042.014s][34628] GC(24696) Concurrent Mark
[2025-05-12T23:25:32.035+0300][1042.014s][36520] GC(24697) Pause Full (G1 Compaction Pause)
[2025-05-12T23:25:32.035+0300][1042.014s][34628] GC(24696) Concurrent Mark From Roots
[2025-05-12T23:25:32.035+0300][1042.014s][36520] GC(24697) Heap before GC invocations=21162 (full 7087):
[2025-05-12T23:25:32.035+0300][1042.014s][34628] GC(24696) Using 3 workers of 3 for marking
[2025-05-12T23:25:32.035+0300][1042.014s][36520] GC(24697)  garbage-first heap   total 12288K, used 12190K [0x00000000ff400000, 0x0000000100000000)
[2025-05-12T23:25:32.035+0300][1042.014s][36520] GC(24697)   region size 1024K, 0 young (0K), 0 survivors (0K)
[2025-05-12T23:25:32.035+0300][1042.014s][36520] GC(24697)  Metaspace       used 10757K, committed 12736K, reserved 1114112K
[2025-05-12T23:25:32.035+0300][1042.014s][36520] GC(24697)   class space    used 1075K, committed 1408K, reserved 1048576K
[2025-05-12T23:25:32.035+0300][1042.014s][36520] GC(24697) Requesting 1 active workers for full compaction (waste limited workers: 1, adaptive workers: 2, used limited workers: 12)
[2025-05-12T23:25:32.035+0300][1042.014s][36520] GC(24697) Using 1 workers of 10 for full compaction
[2025-05-12T23:25:32.035+0300][1042.014s][36520] GC(24697) Clear Bitmap
[2025-05-12T23:25:32.035+0300][1042.014s][36520] GC(24697) Running G1 Clear Bitmap with 1 workers for 1 work units.
[2025-05-12T23:25:32.035+0300][1042.014s][36520] GC(24697) Clear Bitmap 0.079ms
[2025-05-12T23:25:32.035+0300][1042.014s][36520] GC(24697) Mutator Allocation stats, regions: 0, wasted size: 0B ( 0.0%)
[2025-05-12T23:25:32.035+0300][1042.014s][36520] GC(24697) Phase 1: Mark live objects
[2025-05-12T23:25:32.043+0300][1042.021s][36520] GC(24697) Phase 1: Reference Processing
[2025-05-12T23:25:32.043+0300][1042.021s][36520] GC(24697) ReferenceProcessor::execute queues: 1, RefProcThreadModel::Single, marks_oops_alive: false
[2025-05-12T23:25:32.043+0300][1042.021s][36520] GC(24697) Skipped KeepAliveFinalRefsPhase of Reference Processing: no references
[2025-05-12T23:25:32.043+0300][1042.021s][36520] GC(24697) ReferenceProcessor::execute queues: 1, RefProcThreadModel::Single, marks_oops_alive: false
[2025-05-12T23:25:32.043+0300][1042.021s][36520] GC(24697) Reference Processing: 0.0ms
[2025-05-12T23:25:32.043+0300][1042.021s][36520] GC(24697)   Notify Soft/WeakReferences: 0.0ms
[2025-05-12T23:25:32.043+0300][1042.021s][36520] GC(24697)     SoftRef: 0.0ms
[2025-05-12T23:25:32.043+0300][1042.021s][36520] GC(24697)     WeakRef: 0.0ms
[2025-05-12T23:25:32.043+0300][1042.021s][36520] GC(24697)     FinalRef: 0.0ms
[2025-05-12T23:25:32.043+0300][1042.021s][36520] GC(24697)     Total: 0.0ms
[2025-05-12T23:25:32.043+0300][1042.021s][36520] GC(24697)   Notify and keep alive finalizable: 0.0ms
[2025-05-12T23:25:32.043+0300][1042.022s][36520] GC(24697)     FinalRef: skipped
[2025-05-12T23:25:32.043+0300][1042.022s][36520] GC(24697)   Notify PhantomReferences: 0.0ms
[2025-05-12T23:25:32.043+0300][1042.022s][36520] GC(24697)     PhantomRef: 0.0ms
[2025-05-12T23:25:32.043+0300][1042.022s][36520] GC(24697)   SoftReference Discovered: 47, Dropped: 4, Processed: 43
[2025-05-12T23:25:32.043+0300][1042.022s][36520] GC(24697)   WeakReference Discovered: 32, Dropped: 13, Processed: 19
[2025-05-12T23:25:32.043+0300][1042.022s][36520] GC(24697)   FinalReference Discovered: 0, Dropped: 0, Processed: 0
[2025-05-12T23:25:32.043+0300][1042.022s][36520] GC(24697)   PhantomReference Discovered: 23, Dropped: 23, Processed: 0
[2025-05-12T23:25:32.043+0300][1042.022s][36520] GC(24697) Phase 1: Reference Processing 0.200ms
[2025-05-12T23:25:32.043+0300][1042.022s][36520] GC(24697) Phase 1: Weak Processing
[2025-05-12T23:25:32.043+0300][1042.022s][36520] GC(24697)   VM Weak                        Min:  0.0, Avg:  0.0, Max:  0.0, Diff:  0.0, Sum:  0.0, Workers: 10
[2025-05-12T23:25:32.043+0300][1042.022s][36520] GC(24697)     Dead                           Min: 0, Avg:  1.8, Max: 18, Diff: 18, Sum: 18, Workers: 10
[2025-05-12T23:25:32.043+0300][1042.022s][36520] GC(24697)     Total                          Min: 0, Avg:  6.6, Max: 58, Diff: 58, Sum: 66, Workers: 10
[2025-05-12T23:25:32.043+0300][1042.022s][36520] GC(24697)   ObjectSynchronizer Weak        Min:  0.0, Avg:  0.0, Max:  0.0, Diff:  0.0, Sum:  0.0, Workers: 10
[2025-05-12T23:25:32.043+0300][1042.022s][36520] GC(24697)     Dead                           Min: 0, Avg:  0.0, Max: 0, Diff: 0, Sum: 0, Workers: 10
[2025-05-12T23:25:32.043+0300][1042.022s][36520] GC(24697)     Total                          Min: 0, Avg:  0.1, Max: 1, Diff: 1, Sum: 1, Workers: 10
[2025-05-12T23:25:32.043+0300][1042.022s][36520] GC(24697)   JVMTI Tag Weak OopStorage      Min:  0.0, Avg:  0.1, Max:  0.1, Diff:  0.0, Sum:  0.5, Workers: 10
[2025-05-12T23:25:32.043+0300][1042.022s][36520] GC(24697)     Dead                           Min: 0, Avg:  1.8, Max: 18, Diff: 18, Sum: 18, Workers: 10
[2025-05-12T23:25:32.043+0300][1042.022s][36520] GC(24697)     Total                          Min: 3482, Avg: 6289.8, Max: 10315, Diff: 6833, Sum: 62898, Workers: 10
[2025-05-12T23:25:32.043+0300][1042.022s][36520] GC(24697)   StringTable Weak               Min:  0.0, Avg:  0.0, Max:  0.0, Diff:  0.0, Sum:  0.2, Workers: 10
[2025-05-12T23:25:32.043+0300][1042.022s][36520] GC(24697)     Dead                           Min: 1, Avg:  6.8, Max: 16, Diff: 15, Sum: 68, Workers: 10
[2025-05-12T23:25:32.043+0300][1042.022s][36520] GC(24697)     Total                          Min: 3577, Avg: 3952.9, Max: 4672, Diff: 1095, Sum: 39529, Workers: 10
[2025-05-12T23:25:32.043+0300][1042.022s][36520] GC(24697)   ResolvedMethodTable Weak       Min:  0.0, Avg:  0.0, Max:  0.0, Diff:  0.0, Sum:  0.0, Workers: 10
[2025-05-12T23:25:32.043+0300][1042.022s][36520] GC(24697)     Dead                           Min: 0, Avg:  3.5, Max: 20, Diff: 20, Sum: 35, Workers: 10
[2025-05-12T23:25:32.043+0300][1042.022s][36520] GC(24697)     Total                          Min: 0, Avg: 80.3, Max: 128, Diff: 128, Sum: 803, Workers: 10
[2025-05-12T23:25:32.043+0300][1042.022s][36520] GC(24697)   JNI Weak                       Min:  0.0, Avg:  0.0, Max:  0.0, Diff:  0.0, Sum:  0.0, Workers: 10
[2025-05-12T23:25:32.043+0300][1042.022s][36520] GC(24697)     Dead                           Min: 0, Avg:  0.0, Max: 0, Diff: 0, Sum: 0, Workers: 10
[2025-05-12T23:25:32.043+0300][1042.022s][36520] GC(24697)     Total                          Min: 0, Avg:  1.1, Max: 11, Diff: 11, Sum: 11, Workers: 10
[2025-05-12T23:25:32.043+0300][1042.022s][36520] GC(24697)   StringDedup Table Weak         Min:  0.0, Avg:  0.0, Max:  0.0, Diff:  0.0, Sum:  0.0, Workers: 10
[2025-05-12T23:25:32.043+0300][1042.022s][36520] GC(24697)     Dead                           Min: 0, Avg:  0.0, Max: 0, Diff: 0, Sum: 0, Workers: 10
[2025-05-12T23:25:32.043+0300][1042.022s][36520] GC(24697)     Total                          Min: 0, Avg:  0.0, Max: 0, Diff: 0, Sum: 0, Workers: 10
[2025-05-12T23:25:32.043+0300][1042.022s][36520] GC(24697)   StringDedup Requests0 Weak     Min:  0.0, Avg:  0.0, Max:  0.0, Diff:  0.0, Sum:  0.0, Workers: 10
[2025-05-12T23:25:32.043+0300][1042.022s][36520] GC(24697)     Dead                           Min: 0, Avg:  0.0, Max: 0, Diff: 0, Sum: 0, Workers: 10
[2025-05-12T23:25:32.043+0300][1042.022s][36520] GC(24697)     Total                          Min: 0, Avg:  0.0, Max: 0, Diff: 0, Sum: 0, Workers: 10
[2025-05-12T23:25:32.043+0300][1042.022s][36520] GC(24697)   StringDedup Requests1 Weak     Min:  0.0, Avg:  0.0, Max:  0.0, Diff:  0.0, Sum:  0.0, Workers: 10
[2025-05-12T23:25:32.043+0300][1042.022s][36520] GC(24697)     Dead                           Min: 0, Avg:  0.0, Max: 0, Diff: 0, Sum: 0, Workers: 10
[2025-05-12T23:25:32.043+0300][1042.022s][36520] GC(24697)     Total                          Min: 0, Avg:  0.0, Max: 0, Diff: 0, Sum: 0, Workers: 10
[2025-05-12T23:25:32.043+0300][1042.022s][36520] GC(24697)   Weak JFR Old Object Samples    Min:  0.0, Avg:  0.0, Max:  0.0, Diff:  0.0, Sum:  0.0, Workers: 10
[2025-05-12T23:25:32.043+0300][1042.022s][36520] GC(24697)     Dead                           Min: 0, Avg:  0.0, Max: 0, Diff: 0, Sum: 0, Workers: 10
[2025-05-12T23:25:32.043+0300][1042.022s][36520] GC(24697)     Total                          Min: 0, Avg:  0.0, Max: 0, Diff: 0, Sum: 0, Workers: 10
[2025-05-12T23:25:32.043+0300][1042.022s][36520] GC(24697) Phase 1: Weak Processing 0.441ms
[2025-05-12T23:25:32.043+0300][1042.022s][36520] GC(24697) Phase 1: Class Unloading and Cleanup
[2025-05-12T23:25:32.043+0300][1042.022s][36520] GC(24697) ClassLoaderData
[2025-05-12T23:25:32.043+0300][1042.022s][36520] GC(24697) ClassLoaderData 0.063ms
[2025-05-12T23:25:32.043+0300][1042.022s][36520] GC(24697) Trigger cleanups
[2025-05-12T23:25:32.043+0300][1042.022s][36520] GC(24697) Trigger cleanups 0.009ms
[2025-05-12T23:25:32.047+0300][1042.026s][36520] GC(24697) Phase 1: Class Unloading and Cleanup 3.777ms
[2025-05-12T23:25:32.047+0300][1042.026s][36520] GC(24697) Report Object Count
[2025-05-12T23:25:32.047+0300][1042.026s][36520] GC(24697) Report Object Count 0.012ms
[2025-05-12T23:25:32.047+0300][1042.026s][36520] GC(24697) Phase 1: Mark live objects 11.621ms
[2025-05-12T23:25:32.047+0300][1042.026s][36520] GC(24697) Phase 2: Prepare compaction
[2025-05-12T23:25:32.047+0300][1042.026s][36520] GC(24697) Phase 2: Determine work lists
[2025-05-12T23:25:32.047+0300][1042.026s][36520] GC(24697) Phase 2: Determine work lists 0.010ms
[2025-05-12T23:25:32.047+0300][1042.026s][36520] GC(24697) Phase 2: Prepare parallel compaction
[2025-05-12T23:25:32.047+0300][1042.026s][36520] GC(24697) Phase 2: Prepare parallel compaction 0.189ms
[2025-05-12T23:25:32.047+0300][1042.026s][36520] GC(24697) Phase 2: Prepare compaction 0.232ms
[2025-05-12T23:25:32.047+0300][1042.026s][36520] GC(24697) Phase 3: Adjust pointers
[2025-05-12T23:25:32.052+0300][1042.031s][36520] GC(24697) Phase 3: Adjust pointers 4.499ms
[2025-05-12T23:25:32.052+0300][1042.031s][36520] GC(24697) Phase 4: Compact heap
[2025-05-12T23:25:32.052+0300][1042.031s][36520] GC(24697) Phase 4: Compact heap 0.156ms
[2025-05-12T23:25:32.052+0300][1042.031s][36520] GC(24697) Phase 5: Reset Metadata
[2025-05-12T23:25:32.053+0300][1042.032s][36520] GC(24697) Phase 5: Reset Metadata 1.569ms
[2025-05-12T23:25:32.054+0300][1042.033s][36520] GC(24697) Running G1 Clear Bitmap with 1 workers for 1 work units.
[2025-05-12T23:25:32.055+0300][1042.034s][36520] Old generation allocation in the last mutator period, old gen allocated: 0B, humongous allocated: 0B, old gen growth: 0B.
[2025-05-12T23:25:32.055+0300][1042.034s][36520] GC(24697) Coarsening (recent): Inline->AoC 0 (0) AoC->Howl 0 (0) Howl->Full 0 (0) Inline->AoC 0 (0) AoC->BitMap 0 (0) BitMap->Full 0 (0) 
[2025-05-12T23:25:32.055+0300][1042.034s][36520] GC(24697) Coarsening (all): Inline->AoC 10920 (0) AoC->Howl 7731 (0) Howl->Full 0 (0) Inline->AoC 10809 (0) AoC->BitMap 7399 (0) BitMap->Full 0 (0) 
[2025-05-12T23:25:32.055+0300][1042.034s][36520] GC(24697) Eden regions: 0->0(1)
[2025-05-12T23:25:32.055+0300][1042.034s][36520] GC(24697) Survivor regions: 0->0(0)
[2025-05-12T23:25:32.055+0300][1042.034s][36520] GC(24697) Old regions: 12->11
[2025-05-12T23:25:32.055+0300][1042.034s][36520] GC(24697) Humongous regions: 0->0
[2025-05-12T23:25:32.055+0300][1042.034s][36520] GC(24697) Metaspace: 10757K(12736K)->10722K(12736K) NonClass: 9682K(11328K)->9656K(11328K) Class: 1075K(1408K)->1066K(1408K)
[2025-05-12T23:25:32.055+0300][1042.034s][36520] GC(24697) Heap after GC invocations=21163 (full 7088):
[2025-05-12T23:25:32.055+0300][1042.034s][36520] GC(24697)  garbage-first heap   total 12288K, used 11251K [0x00000000ff400000, 0x0000000100000000)
[2025-05-12T23:25:32.055+0300][1042.034s][36520] GC(24697)   region size 1024K, 0 young (0K), 0 survivors (0K)
[2025-05-12T23:25:32.055+0300][1042.034s][36520] GC(24697)  Metaspace       used 10722K, committed 12736K, reserved 1114112K
[2025-05-12T23:25:32.055+0300][1042.034s][36520] GC(24697)   class space    used 1066K, committed 1408K, reserved 1048576K
[2025-05-12T23:25:32.055+0300][1042.034s][36520] GC(24697) Pause Full (G1 Compaction Pause) 11M->10M(12M) 20.333ms
[2025-05-12T23:25:32.055+0300][1042.034s][36520] GC(24697) User=0.02s Sys=0.00s Real=0.02s
[2025-05-12T23:25:32.055+0300][1042.035s][9340 ] G1 Service Thread (Card Set Free Memory Task) (run: 21.985ms) (cpu: 0.000ms)
[2025-05-12T23:25:32.055+0300][1042.035s][34628] ---------------------------------------------------------------------
[2025-05-12T23:25:32.055+0300][1042.035s][34628] Marking Stats, task = 0, calls = 0
[2025-05-12T23:25:32.055+0300][1042.035s][34628]   Elapsed time = 0.00ms, Termination time = 0.00ms
[2025-05-12T23:25:32.055+0300][1042.035s][34628]   Step Times (cum): num = 5369, avg = 0.16ms, sd = 1.55ms max = 16.00ms, total = 833.00ms
[2025-05-12T23:25:32.055+0300][1042.035s][34628]   Mark Stats Cache: hits 2170 misses 0 ratio 100.000
[2025-05-12T23:25:32.055+0300][1042.035s][34628] ---------------------------------------------------------------------
[2025-05-12T23:25:32.055+0300][1042.035s][34628] Marking Stats, task = 1, calls = 0
[2025-05-12T23:25:32.055+0300][1042.035s][34628]   Elapsed time = 0.00ms, Termination time = 0.00ms
[2025-05-12T23:25:32.055+0300][1042.035s][34628]   Step Times (cum): num = 13793, avg = 0.02ms, sd = 0.58ms max = 16.00ms, total = 296.00ms
[2025-05-12T23:25:32.055+0300][1042.035s][34628]   Mark Stats Cache: hits 5308 misses 0 ratio 100.000
[2025-05-12T23:25:32.055+0300][1042.035s][34628] ---------------------------------------------------------------------
[2025-05-12T23:25:32.055+0300][1042.035s][34628] Marking Stats, task = 2, calls = 0
[2025-05-12T23:25:32.055+0300][1042.035s][34628]   Elapsed time = 0.00ms, Termination time = 0.00ms
[2025-05-12T23:25:32.055+0300][1042.035s][34628]   Step Times (cum): num = 13231, avg = 0.02ms, sd = 0.61ms max = 16.00ms, total = 313.00ms
[2025-05-12T23:25:32.055+0300][1042.035s][34628]   Mark Stats Cache: hits 0 misses 0 ratio 0.000
[2025-05-12T23:25:32.055+0300][1042.035s][34628] ---------------------------------------------------------------------
[2025-05-12T23:25:32.055+0300][1042.035s][34628] GC(24696) Concurrent Mark From Roots 20.654ms
[2025-05-12T23:25:32.055+0300][1042.035s][34628] GC(24696) Concurrent Mark Abort
[2025-05-12T23:25:32.055+0300][1042.035s][34628] GC(24696) Concurrent Mark Cycle 20.823ms
[2025-05-12T23:25:32.084+0300][1042.063s][36520] GC(24698) Pause Young (Normal) (G1 Evacuation Pause)
[2025-05-12T23:25:32.084+0300][1042.063s][36520] GC(24698) Heap before GC invocations=21163 (full 7088):
[2025-05-12T23:25:32.084+0300][1042.063s][36520] GC(24698)  garbage-first heap   total 12288K, used 12275K [0x00000000ff400000, 0x0000000100000000)
[2025-05-12T23:25:32.084+0300][1042.063s][36520] GC(24698)   region size 1024K, 1 young (1024K), 0 survivors (0K)
[2025-05-12T23:25:32.084+0300][1042.063s][36520] GC(24698)  Metaspace       used 10759K, committed 12736K, reserved 1114112K
[2025-05-12T23:25:32.084+0300][1042.063s][36520] GC(24698)   class space    used 1076K, committed 1408K, reserved 1048576K
[2025-05-12T23:25:32.084+0300][1042.063s][36520] GC(24698) Using 2 workers of 10 for evacuation
[2025-05-12T23:25:32.084+0300][1042.063s][36520] GC(24698) Desired survivor size 524288 bytes, new threshold 15 (max threshold 15)
[2025-05-12T23:25:32.084+0300][1042.063s][36520] GC(24698) TLAB totals: thrds: 1  refills: 317 max: 317 slow allocs: 151 max 151 waste: 22.1% gc: 0B max: 0B slow: 189512B max: 189512B
[2025-05-12T23:25:32.084+0300][1042.063s][36520] GC(24698) Mutator refinement: 0.00ms, refined: 0, precleaned: 0, dirtied: 102
[2025-05-12T23:25:32.084+0300][1042.063s][36520] GC(24698) Concurrent refinement: 0.00ms, refined: 0, precleaned: 0, dirtied: 0
[2025-05-12T23:25:32.084+0300][1042.063s][36520] GC(24698) Total refinement: 0.00ms, refined: 0, precleaned: 0, dirtied: 102
[2025-05-12T23:25:32.084+0300][1042.063s][36520] GC(24698) Generate dirty cards rate: 3.55 cards/ms
[2025-05-12T23:25:32.084+0300][1042.063s][36520] GC(24698) Mutator Allocation stats, regions: 1, wasted size: 0B ( 0.0%)
[2025-05-12T23:25:32.084+0300][1042.063s][36520] GC(24698) No candidates to reclaim.
[2025-05-12T23:25:32.084+0300][1042.063s][36520] GC(24698) Running G1 Merge Heap Roots using 2 workers for 1 regions
[2025-05-12T23:25:32.084+0300][1042.063s][36520] GC(24698) Visited cards 1120 Total dirty 12288 (9.11%) Total old 26624 (4.21%)
[2025-05-12T23:25:32.084+0300][1042.063s][34024] GC(24698) Attempt heap expansion (region allocation request failed). Allocation request: 2064B
[2025-05-12T23:25:32.084+0300][1042.063s][34024] GC(24698) Did not expand the heap (heap already fully expanded)
[2025-05-12T23:25:32.085+0300][1042.064s][36520] GC(24698) ReferenceProcessor::execute queues: 1, RefProcThreadModel::Single, marks_oops_alive: false
[2025-05-12T23:25:32.085+0300][1042.064s][36520] GC(24698) Skipped KeepAliveFinalRefsPhase of Reference Processing: no references
[2025-05-12T23:25:32.085+0300][1042.064s][36520] GC(24698) Skipped PhantomRefsPhase of Reference Processing: no references
[2025-05-12T23:25:32.085+0300][1042.064s][36520] GC(24698) Initializing removing self forwards with 64 chunks per region
[2025-05-12T23:25:32.085+0300][1042.064s][36520] GC(24698) Running G1 Rebuild Free List Task using 2 workers for rebuilding free list of regions
[2025-05-12T23:25:32.085+0300][1042.064s][36520] GC(24698) Young PLAB allocation: allocated: 0B, wasted: 0B, unused: 0B, used: 0B, undo waste: 0B, 
[2025-05-12T23:25:32.085+0300][1042.064s][36520] GC(24698) Young other allocation: region end waste: 0B, regions filled: 0, num plab filled: 2, direct allocated: 0B, num direct allocated: 0, failure used: 0B, failure wasted: 0B
[2025-05-12T23:25:32.085+0300][1042.064s][36520] GC(24698) Young sizing: calculated: 0B, actual: 2064B
[2025-05-12T23:25:32.085+0300][1042.064s][36520] GC(24698) Old PLAB allocation: allocated: 0B, wasted: 0B, unused: 0B, used: 0B, undo waste: 0B, 
[2025-05-12T23:25:32.085+0300][1042.064s][36520] GC(24698) Old other allocation: region end waste: 0B, regions filled: 0, num plab filled: 2, direct allocated: 0B, num direct allocated: 0, failure used: 186776B, failure wasted: 861800B
[2025-05-12T23:25:32.085+0300][1042.064s][36520] GC(24698) Old sizing: calculated: 0B, actual: 2064B
[2025-05-12T23:25:32.085+0300][1042.064s][36520] GC(24698) Heap expansion: short term pause time ratio 51.56% long term pause time ratio 42.83% threshold 7.69% pause time ratio 7.69% fully expanded true resize by 0B
[2025-05-12T23:25:32.085+0300][1042.064s][36520] GC(24698) Request concurrent cycle initiation (occupancy higher than threshold) occupancy: 12582912B allocation request: 0B threshold: 3535526B (28.10) source: end of GC
[2025-05-12T23:25:32.085+0300][1042.064s][36520] GC(24698) MMU: 6.3ms (200.0ms/201.0ms)
[2025-05-12T23:25:32.085+0300][1042.064s][36520] Old generation allocation in the last mutator period, old gen allocated: 1048576B, humongous allocated: 0B, old gen growth: 1048576B.
[2025-05-12T23:25:32.085+0300][1042.064s][9340 ] G1 Service Thread (Card Set Free Memory Task) (run 0.043ms after schedule)
[2025-05-12T23:25:32.085+0300][1042.064s][36520] GC(24698) Basic information (value update), threshold: 3595148B (28.57), target occupancy: 12582912B, current occupancy: 12570600B, recent allocation size: 1048576B, recent allocation duration: 28.77ms, recent old gen allocation rate: 36445967.60B/s, recent marking phase length: 120.12ms
[2025-05-12T23:25:32.085+0300][1042.064s][36520] GC(24698) Adaptive IHOP information (value update), threshold: 3595148B (33.61), internal target occupancy: 10695475B, occupancy: 12570600B, additional buffer size: 1048576B, predicted old gen allocation rate: 50145904.05B/s, predicted marking phase length: 120.68ms, prediction active: true
[2025-05-12T23:25:32.085+0300][1042.064s][36520] GC(24698) GC refinement: goal: 18446744073709551615 + 103 / 20.00ms, actual: 102 / 0.04ms, 
[2025-05-12T23:25:32.085+0300][1042.064s][36520] GC(24698) Unchanged pending cards target: 18446744073709551615
[2025-05-12T23:25:32.085+0300][1042.064s][36520] GC(24698)   Pre Evacuate Collection Set: 0.1ms
[2025-05-12T23:25:32.085+0300][1042.064s][36520] GC(24698)     Pre Evacuate Prepare: 0.0ms
[2025-05-12T23:25:32.085+0300][1042.064s][36520] GC(24698)       JT Retire TLABs And Flush Logs (ms): Min:  0.0, Avg:  0.0, Max:  0.0, Diff:  0.0, Sum:  0.0, Workers: 2
[2025-05-12T23:25:32.085+0300][1042.064s][36520] GC(24698)       Non-JT Flush Logs (ms):        Min:  0.0, Avg:  0.0, Max:  0.0, Diff:  0.0, Sum:  0.0, Workers: 1
[2025-05-12T23:25:32.085+0300][1042.064s][36520] GC(24698)     Choose Collection Set: 0.0ms
[2025-05-12T23:25:32.085+0300][1042.064s][36520] GC(24698)     Region Register: 0.0ms
[2025-05-12T23:25:32.085+0300][1042.064s][36520] GC(24698)     Prepare Heap Roots: 0.0ms
[2025-05-12T23:25:32.085+0300][1042.064s][36520] GC(24698)   Merge Heap Roots: 0.1ms
[2025-05-12T23:25:32.085+0300][1042.064s][36520] GC(24698)     Prepare Merge Heap Roots: 0.0ms
[2025-05-12T23:25:32.085+0300][1042.064s][36520] GC(24698)     Remembered Sets (ms):          Min:  0.0, Avg:  0.0, Max:  0.0, Diff:  0.0, Sum:  0.0, Workers: 2
[2025-05-12T23:25:32.085+0300][1042.064s][36520] GC(24698)       Eager Reclaim (ms):            skipped
[2025-05-12T23:25:32.085+0300][1042.064s][36520] GC(24698)       Merged Inline                  Min: 0, Avg:  0.0, Max: 0, Diff: 0, Sum: 0, Workers: 2
[2025-05-12T23:25:32.085+0300][1042.064s][36520] GC(24698)       Merged ArrayOfCards            Min: 0, Avg:  0.0, Max: 0, Diff: 0, Sum: 0, Workers: 2
[2025-05-12T23:25:32.085+0300][1042.064s][36520] GC(24698)       Merged Howl                    Min: 0, Avg:  0.0, Max: 0, Diff: 0, Sum: 0, Workers: 2
[2025-05-12T23:25:32.085+0300][1042.064s][36520] GC(24698)       Merged Full                    Min: 0, Avg:  0.0, Max: 0, Diff: 0, Sum: 0, Workers: 2
[2025-05-12T23:25:32.085+0300][1042.064s][36520] GC(24698)       Merged Howl Inline             Min: 0, Avg:  0.0, Max: 0, Diff: 0, Sum: 0, Workers: 2
[2025-05-12T23:25:32.085+0300][1042.064s][36520] GC(24698)       Merged Howl ArrayOfCards       Min: 0, Avg:  0.0, Max: 0, Diff: 0, Sum: 0, Workers: 2
[2025-05-12T23:25:32.085+0300][1042.064s][36520] GC(24698)       Merged Howl BitMap             Min: 0, Avg:  0.0, Max: 0, Diff: 0, Sum: 0, Workers: 2
[2025-05-12T23:25:32.085+0300][1042.064s][36520] GC(24698)       Merged Howl Full               Min: 0, Avg:  0.0, Max: 0, Diff: 0, Sum: 0, Workers: 2
[2025-05-12T23:25:32.085+0300][1042.064s][36520] GC(24698)       Merged Cards                   Min: 8, Avg:  8.0, Max: 8, Diff: 0, Sum: 16, Workers: 2
[2025-05-12T23:25:32.085+0300][1042.064s][36520] GC(24698)     Log Buffers (ms):              Min:  0.0, Avg:  0.0, Max:  0.0, Diff:  0.0, Sum:  0.0, Workers: 2
[2025-05-12T23:25:32.085+0300][1042.064s][36520] GC(24698)       Dirty Cards:                   Min: 0, Avg: 51.0, Max: 102, Diff: 102, Sum: 102, Workers: 2
[2025-05-12T23:25:32.085+0300][1042.064s][36520] GC(24698)       Skipped Cards:                 Min: 0, Avg:  0.0, Max: 0, Diff: 0, Sum: 0, Workers: 2
[2025-05-12T23:25:32.085+0300][1042.064s][36520] GC(24698)   Evacuate Collection Set: 0.4ms
[2025-05-12T23:25:32.085+0300][1042.064s][36520] GC(24698)     Ext Root Scanning (ms):        Min:  0.1, Avg:  0.1, Max:  0.1, Diff:  0.0, Sum:  0.2, Workers: 2
[2025-05-12T23:25:32.085+0300][1042.064s][36520] GC(24698)     Scan Heap Roots (ms):          Min:  0.0, Avg:  0.0, Max:  0.1, Diff:  0.0, Sum:  0.1, Workers: 2
[2025-05-12T23:25:32.085+0300][1042.064s][36520] GC(24698)       Scanned Cards:                 Min: 16, Avg: 51.0, Max: 86, Diff: 70, Sum: 102, Workers: 2
[2025-05-12T23:25:32.085+0300][1042.064s][36520] GC(24698)       Scanned Blocks:                Min: 8, Avg: 35.0, Max: 62, Diff: 54, Sum: 70, Workers: 2
[2025-05-12T23:25:32.085+0300][1042.064s][36520] GC(24698)       Claimed Chunks:                Min: 7, Avg: 17.5, Max: 28, Diff: 21, Sum: 35, Workers: 2
[2025-05-12T23:25:32.085+0300][1042.064s][36520] GC(24698)       Found Roots:                   Min: 33, Avg: 50.0, Max: 67, Diff: 34, Sum: 100, Workers: 2
[2025-05-12T23:25:32.085+0300][1042.064s][36520] GC(24698)     Code Root Scan (ms):           Min:  0.0, Avg:  0.0, Max:  0.0, Diff:  0.0, Sum:  0.0, Workers: 2
[2025-05-12T23:25:32.085+0300][1042.064s][36520] GC(24698)     Object Copy (ms):              Min:  0.1, Avg:  0.1, Max:  0.2, Diff:  0.0, Sum:  0.3, Workers: 2
[2025-05-12T23:25:32.085+0300][1042.064s][36520] GC(24698)     Termination (ms):              Min:  0.0, Avg:  0.0, Max:  0.0, Diff:  0.0, Sum:  0.0, Workers: 2
[2025-05-12T23:25:32.085+0300][1042.064s][36520] GC(24698)       Termination Attempts:          Min: 1, Avg:  1.0, Max: 1, Diff: 0, Sum: 2, Workers: 2
[2025-05-12T23:25:32.085+0300][1042.064s][36520] GC(24698)     GC Worker Other (ms):          Min:  0.0, Avg:  0.0, Max:  0.0, Diff:  0.0, Sum:  0.0, Workers: 2
[2025-05-12T23:25:32.085+0300][1042.064s][36520] GC(24698)     GC Worker Total (ms):          Min:  0.3, Avg:  0.3, Max:  0.3, Diff:  0.0, Sum:  0.6, Workers: 2
[2025-05-12T23:25:32.085+0300][1042.064s][36520] GC(24698)   Post Evacuate Collection Set: 0.4ms
[2025-05-12T23:25:32.085+0300][1042.064s][36520] GC(24698)     NMethod List Cleanup: 0.0ms
[2025-05-12T23:25:32.085+0300][1042.064s][36520] GC(24698)     Reference Processing: 0.1ms
[2025-05-12T23:25:32.085+0300][1042.064s][36520] GC(24698)       Notify Soft/WeakReferences: 0.0ms
[2025-05-12T23:25:32.085+0300][1042.064s][36520] GC(24698)         SoftRef (ms):                  Min:  0.0, Avg:  0.0, Max:  0.0, Diff:  0.0, Sum:  0.0, Workers: 1
[2025-05-12T23:25:32.085+0300][1042.064s][36520] GC(24698)         WeakRef (ms):                  Min:  0.0, Avg:  0.0, Max:  0.0, Diff:  0.0, Sum:  0.0, Workers: 1
[2025-05-12T23:25:32.086+0300][1042.064s][36520] GC(24698)         FinalRef (ms):                 Min:  0.0, Avg:  0.0, Max:  0.0, Diff:  0.0, Sum:  0.0, Workers: 1
[2025-05-12T23:25:32.086+0300][1042.064s][36520] GC(24698)         Total (ms):                    Min:  0.0, Avg:  0.0, Max:  0.0, Diff:  0.0, Sum:  0.0, Workers: 1
[2025-05-12T23:25:32.086+0300][1042.064s][36520] GC(24698)       Notify and keep alive finalizable: 0.0ms
[2025-05-12T23:25:32.086+0300][1042.064s][36520] GC(24698)         FinalRef (ms):                 skipped
[2025-05-12T23:25:32.086+0300][1042.065s][36520] GC(24698)       Notify PhantomReferences: 0.0ms
[2025-05-12T23:25:32.086+0300][1042.065s][36520] GC(24698)         PhantomRef (ms):               skipped
[2025-05-12T23:25:32.086+0300][1042.065s][36520] GC(24698)       SoftReference Discovered: 0, Dropped: 0, Processed: 0
[2025-05-12T23:25:32.086+0300][1042.065s][36520] GC(24698)       WeakReference Discovered: 36, Dropped: 14, Processed: 22
[2025-05-12T23:25:32.086+0300][1042.065s][36520] GC(24698)       FinalReference Discovered: 0, Dropped: 0, Processed: 0
[2025-05-12T23:25:32.086+0300][1042.065s][36520] GC(24698)       PhantomReference Discovered: 0, Dropped: 0, Processed: 0
[2025-05-12T23:25:32.086+0300][1042.065s][36520] GC(24698)     Weak Processing: 0.1ms
[2025-05-12T23:25:32.086+0300][1042.065s][36520] GC(24698)       VM Weak                        Min:  0.0, Avg:  0.0, Max:  0.0, Diff:  0.0, Sum:  0.0, Workers: 10
[2025-05-12T23:25:32.086+0300][1042.065s][36520] GC(24698)         Dead                           Min: 0, Avg:  0.0, Max: 0, Diff: 0, Sum: 0, Workers: 10
[2025-05-12T23:25:32.086+0300][1042.065s][36520] GC(24698)         Total                          Min: 0, Avg:  6.7, Max: 60, Diff: 60, Sum: 67, Workers: 10
[2025-05-12T23:25:32.086+0300][1042.065s][36520] GC(24698)       ObjectSynchronizer Weak        Min:  0.0, Avg:  0.0, Max:  0.0, Diff:  0.0, Sum:  0.0, Workers: 10
[2025-05-12T23:25:32.086+0300][1042.065s][36520] GC(24698)         Dead                           Min: 0, Avg:  0.0, Max: 0, Diff: 0, Sum: 0, Workers: 10
[2025-05-12T23:25:32.086+0300][1042.065s][36520] GC(24698)         Total                          Min: 0, Avg:  0.1, Max: 1, Diff: 1, Sum: 1, Workers: 10
[2025-05-12T23:25:32.086+0300][1042.065s][36520] GC(24698)       JVMTI Tag Weak OopStorage      Min:  0.0, Avg:  0.1, Max:  0.1, Diff:  0.0, Sum:  0.6, Workers: 10
[2025-05-12T23:25:32.086+0300][1042.065s][36520] GC(24698)         Dead                           Min: 0, Avg:  0.0, Max: 0, Diff: 0, Sum: 0, Workers: 10
[2025-05-12T23:25:32.086+0300][1042.065s][36520] GC(24698)         Total                          Min: 3240, Avg: 6289.9, Max: 7377, Diff: 4137, Sum: 62899, Workers: 10
[2025-05-12T23:25:32.086+0300][1042.065s][36520] GC(24698)       StringTable Weak               Min:  0.0, Avg:  0.0, Max:  0.0, Diff:  0.0, Sum:  0.3, Workers: 10
[2025-05-12T23:25:32.086+0300][1042.065s][36520] GC(24698)         Dead                           Min: 0, Avg:  0.0, Max: 0, Diff: 0, Sum: 0, Workers: 10
[2025-05-12T23:25:32.086+0300][1042.065s][36520] GC(24698)         Total                          Min: 3519, Avg: 3952.9, Max: 4288, Diff: 769, Sum: 39529, Workers: 10
[2025-05-12T23:25:32.086+0300][1042.065s][36520] GC(24698)       ResolvedMethodTable Weak       Min:  0.0, Avg:  0.0, Max:  0.0, Diff:  0.0, Sum:  0.0, Workers: 10
[2025-05-12T23:25:32.086+0300][1042.065s][36520] GC(24698)         Dead                           Min: 0, Avg:  0.0, Max: 0, Diff: 0, Sum: 0, Workers: 10
[2025-05-12T23:25:32.086+0300][1042.065s][36520] GC(24698)         Total                          Min: 46, Avg: 81.3, Max: 127, Diff: 81, Sum: 813, Workers: 10
[2025-05-12T23:25:32.086+0300][1042.065s][36520] GC(24698)       JNI Weak                       Min:  0.0, Avg:  0.0, Max:  0.0, Diff:  0.0, Sum:  0.0, Workers: 10
[2025-05-12T23:25:32.086+0300][1042.065s][36520] GC(24698)         Dead                           Min: 0, Avg:  0.0, Max: 0, Diff: 0, Sum: 0, Workers: 10
[2025-05-12T23:25:32.086+0300][1042.065s][36520] GC(24698)         Total                          Min: 0, Avg:  1.1, Max: 11, Diff: 11, Sum: 11, Workers: 10
[2025-05-12T23:25:32.086+0300][1042.065s][36520] GC(24698)       StringDedup Table Weak         Min:  0.0, Avg:  0.0, Max:  0.0, Diff:  0.0, Sum:  0.0, Workers: 10
[2025-05-12T23:25:32.086+0300][1042.065s][36520] GC(24698)         Dead                           Min: 0, Avg:  0.0, Max: 0, Diff: 0, Sum: 0, Workers: 10
[2025-05-12T23:25:32.086+0300][1042.065s][36520] GC(24698)         Total                          Min: 0, Avg:  0.0, Max: 0, Diff: 0, Sum: 0, Workers: 10
[2025-05-12T23:25:32.086+0300][1042.065s][36520] GC(24698)       StringDedup Requests0 Weak     Min:  0.0, Avg:  0.0, Max:  0.0, Diff:  0.0, Sum:  0.0, Workers: 10
[2025-05-12T23:25:32.086+0300][1042.065s][36520] GC(24698)         Dead                           Min: 0, Avg:  0.0, Max: 0, Diff: 0, Sum: 0, Workers: 10
[2025-05-12T23:25:32.086+0300][1042.065s][36520] GC(24698)         Total                          Min: 0, Avg:  0.0, Max: 0, Diff: 0, Sum: 0, Workers: 10
[2025-05-12T23:25:32.086+0300][1042.065s][36520] GC(24698)       StringDedup Requests1 Weak     Min:  0.0, Avg:  0.0, Max:  0.0, Diff:  0.0, Sum:  0.0, Workers: 10
[2025-05-12T23:25:32.086+0300][1042.065s][36520] GC(24698)         Dead                           Min: 0, Avg:  0.0, Max: 0, Diff: 0, Sum: 0, Workers: 10
[2025-05-12T23:25:32.086+0300][1042.065s][36520] GC(24698)         Total                          Min: 0, Avg:  0.0, Max: 0, Diff: 0, Sum: 0, Workers: 10
[2025-05-12T23:25:32.086+0300][1042.065s][36520] GC(24698)       Weak JFR Old Object Samples    Min:  0.0, Avg:  0.0, Max:  0.0, Diff:  0.0, Sum:  0.0, Workers: 10
[2025-05-12T23:25:32.086+0300][1042.065s][36520] GC(24698)         Dead                           Min: 0, Avg:  0.0, Max: 0, Diff: 0, Sum: 0, Workers: 10
[2025-05-12T23:25:32.086+0300][1042.065s][36520] GC(24698)         Total                          Min: 0, Avg:  0.0, Max: 0, Diff: 0, Sum: 0, Workers: 10
[2025-05-12T23:25:32.086+0300][1042.065s][36520] GC(24698)     Post Evacuate Cleanup 1: 0.1ms
[2025-05-12T23:25:32.086+0300][1042.065s][36520] GC(24698)       Merge Per-Thread State (ms):   Min:  0.0, Avg:  0.0, Max:  0.0, Diff:  0.0, Sum:  0.0, Workers: 1
[2025-05-12T23:25:32.086+0300][1042.065s][36520] GC(24698)         Copied Bytes                   Min: 0, Avg:  0.0, Max: 0, Diff: 0, Sum: 0, Workers: 2
[2025-05-12T23:25:32.086+0300][1042.065s][36520] GC(24698)         LAB Waste                      Min: 0, Avg:  0.0, Max: 0, Diff: 0, Sum: 0, Workers: 2
[2025-05-12T23:25:32.086+0300][1042.065s][36520] GC(24698)         LAB Undo Waste                 Min: 0, Avg:  0.0, Max: 0, Diff: 0, Sum: 0, Workers: 2
[2025-05-12T23:25:32.086+0300][1042.065s][36520] GC(24698)       Clear Logged Cards (ms):       Min:  0.0, Avg:  0.0, Max:  0.0, Diff:  0.0, Sum:  0.0, Workers: 2
[2025-05-12T23:25:32.086+0300][1042.065s][36520] GC(24698)       Recalculate Used Memory (ms):  Min:  0.0, Avg:  0.0, Max:  0.0, Diff:  0.0, Sum:  0.0, Workers: 1
[2025-05-12T23:25:32.086+0300][1042.065s][36520] GC(24698)       Restore Retained Regions (ms): Min:  0.0, Avg:  0.0, Max:  0.1, Diff:  0.0, Sum:  0.1, Workers: 2
[2025-05-12T23:25:32.086+0300][1042.065s][36520] GC(24698)         Evacuation Failure Regions:    Min: 1, Avg:  1.0, Max: 1, Diff: 0, Sum: 1, Workers: 1
[2025-05-12T23:25:32.086+0300][1042.065s][36520] GC(24698)         Remove Self Forwards (ms):     Min:  0.0, Avg:  0.0, Max:  0.1, Diff:  0.0, Sum:  0.1, Workers: 2
[2025-05-12T23:25:32.086+0300][1042.065s][36520] GC(24698)           Forward Chunks:                Min: 14, Avg: 28.0, Max: 42, Diff: 28, Sum: 56, Workers: 2
[2025-05-12T23:25:32.086+0300][1042.065s][36520] GC(24698)           Empty Forward Chunks:          Min: 3, Avg:  4.0, Max: 5, Diff: 2, Sum: 8, Workers: 2
[2025-05-12T23:25:32.086+0300][1042.065s][36520] GC(24698)           Forward Objects:               Min: 1169, Avg: 1712.5, Max: 2256, Diff: 1087, Sum: 3425, Workers: 2
[2025-05-12T23:25:32.086+0300][1042.065s][36520] GC(24698)           Forward Bytes:                 Min: 74384, Avg: 93388.0, Max: 112392, Diff: 38008, Sum: 186776, Workers: 2
[2025-05-12T23:25:32.086+0300][1042.065s][36520] GC(24698)     Post Evacuate Cleanup 2: 0.0ms
[2025-05-12T23:25:32.086+0300][1042.065s][36520] GC(24698)       Recalculate Used Memory (ms):  Min:  0.0, Avg:  0.0, Max:  0.0, Diff:  0.0, Sum:  0.0, Workers: 1
[2025-05-12T23:25:32.086+0300][1042.065s][36520] GC(24698)       Restore Preserved Marks (ms):  Min:  0.0, Avg:  0.0, Max:  0.0, Diff:  0.0, Sum:  0.0, Workers: 2
[2025-05-12T23:25:32.086+0300][1042.065s][36520] GC(24698)       Clear Retained Region Bitmaps (ms): Min:  0.0, Avg:  0.0, Max:  0.0, Diff:  0.0, Sum:  0.0, Workers: 2
[2025-05-12T23:25:32.086+0300][1042.065s][36520] GC(24698)       Update Derived Pointers (ms):  Min:  0.0, Avg:  0.0, Max:  0.0, Diff:  0.0, Sum:  0.0, Workers: 1
[2025-05-12T23:25:32.086+0300][1042.065s][36520] GC(24698)       Eagerly Reclaim Humongous Objects (ms): skipped
[2025-05-12T23:25:32.086+0300][1042.065s][36520] GC(24698)         Humongous Total                skipped
[2025-05-12T23:25:32.086+0300][1042.065s][36520] GC(24698)         Humongous Candidates           skipped
[2025-05-12T23:25:32.086+0300][1042.065s][36520] GC(24698)         Humongous Reclaimed            skipped
[2025-05-12T23:25:32.086+0300][1042.065s][36520] GC(24698)       Redirty Logged Cards (ms):     Min:  0.0, Avg:  0.0, Max:  0.0, Diff:  0.0, Sum:  0.0, Workers: 2
[2025-05-12T23:25:32.086+0300][1042.065s][36520] GC(24698)         Redirtied Cards:               Min: 0, Avg:  0.0, Max: 0, Diff: 0, Sum: 0, Workers: 2
[2025-05-12T23:25:32.086+0300][1042.065s][36520] GC(24698)       Resize TLABs (ms):             Min:  0.0, Avg:  0.0, Max:  0.0, Diff:  0.0, Sum:  0.0, Workers: 2
[2025-05-12T23:25:32.086+0300][1042.065s][36520] GC(24698)       Free Collection Set (ms):      Min:  0.0, Avg:  0.0, Max:  0.0, Diff:  0.0, Sum:  0.0, Workers: 2
[2025-05-12T23:25:32.086+0300][1042.065s][36520] GC(24698)     Rebuild Free List: 0.1ms
[2025-05-12T23:25:32.086+0300][1042.065s][36520] GC(24698)     Prepare For Mutator: 0.1ms
[2025-05-12T23:25:32.086+0300][1042.065s][36520] GC(24698)     Expand Heap After Collection: 0.0ms
[2025-05-12T23:25:32.086+0300][1042.065s][36520] GC(24698)   Other: 0.2ms
[2025-05-12T23:25:32.086+0300][1042.065s][36520] GC(24698) Coarsening (recent): Inline->AoC 0 (0) AoC->Howl 0 (0) Howl->Full 0 (0) Inline->AoC 0 (0) AoC->BitMap 0 (0) BitMap->Full 0 (0) 
[2025-05-12T23:25:32.086+0300][1042.065s][36520] GC(24698) Coarsening (all): Inline->AoC 10920 (0) AoC->Howl 7731 (0) Howl->Full 0 (0) Inline->AoC 10809 (0) AoC->BitMap 7399 (0) BitMap->Full 0 (0) 
[2025-05-12T23:25:32.086+0300][1042.065s][36520] GC(24698) Eden regions: 1->0(0)
[2025-05-12T23:25:32.086+0300][1042.065s][36520] GC(24698) Survivor regions: 0->0(0)
[2025-05-12T23:25:32.086+0300][1042.065s][36520] GC(24698) Old regions: 11->12
[2025-05-12T23:25:32.086+0300][1042.065s][36520] GC(24698) Humongous regions: 0->0
[2025-05-12T23:25:32.086+0300][1042.065s][36520] GC(24698) Metaspace: 10759K(12736K)->10759K(12736K) NonClass: 9683K(11328K)->9683K(11328K) Class: 1076K(1408K)->1076K(1408K)
[2025-05-12T23:25:32.086+0300][1042.065s][36520] GC(24698) Heap after GC invocations=21164 (full 7088):
[2025-05-12T23:25:32.086+0300][1042.065s][36520] GC(24698)  garbage-first heap   total 12288K, used 12275K [0x00000000ff400000, 0x0000000100000000)
[2025-05-12T23:25:32.086+0300][1042.065s][36520] GC(24698)   region size 1024K, 0 young (0K), 0 survivors (0K)
[2025-05-12T23:25:32.086+0300][1042.065s][36520] GC(24698)  Metaspace       used 10759K, committed 12736K, reserved 1114112K
[2025-05-12T23:25:32.086+0300][1042.065s][36520] GC(24698)   class space    used 1076K, committed 1408K, reserved 1048576K
[2025-05-12T23:25:32.086+0300][1042.065s][36520] GC(24698) Pause Young (Normal) (G1 Evacuation Pause) (Evacuation Failure) 11M->11M(12M) 2.444ms
[2025-05-12T23:25:32.086+0300][1042.065s][36520] GC(24698) User=0.00s Sys=0.00s Real=0.00s
[2025-05-12T23:25:32.086+0300][1042.065s][36520] Attempt heap expansion (allocation request failed). Allocation request: 2048B
[2025-05-12T23:25:32.086+0300][1042.065s][36520] Expand the heap. requested expansion amount: 1048576B expansion amount: 1048576B
[2025-05-12T23:25:32.086+0300][1042.065s][36520] Did not expand the heap (heap already fully expanded)
[2025-05-12T23:25:32.086+0300][1042.065s][36520] Attempting full compaction
[2025-05-12T23:25:32.086+0300][1042.065s][36520] GC(24699) Pause Full (G1 Compaction Pause)
[2025-05-12T23:25:32.086+0300][1042.065s][36520] GC(24699) Heap before GC invocations=21164 (full 7088):
[2025-05-12T23:25:32.086+0300][1042.065s][36520] GC(24699)  garbage-first heap   total 12288K, used 12275K [0x00000000ff400000, 0x0000000100000000)
[2025-05-12T23:25:32.086+0300][1042.065s][36520] GC(24699)   region size 1024K, 0 young (0K), 0 survivors (0K)
[2025-05-12T23:25:32.086+0300][1042.065s][36520] GC(24699)  Metaspace       used 10759K, committed 12736K, reserved 1114112K
[2025-05-12T23:25:32.086+0300][1042.065s][36520] GC(24699)   class space    used 1076K, committed 1408K, reserved 1048576K
[2025-05-12T23:25:32.086+0300][1042.065s][36520] GC(24699) Requesting 1 active workers for full compaction (waste limited workers: 1, adaptive workers: 2, used limited workers: 12)
[2025-05-12T23:25:32.086+0300][1042.065s][36520] GC(24699) Using 1 workers of 10 for full compaction
[2025-05-12T23:25:32.086+0300][1042.065s][36520] GC(24699) Mutator Allocation stats, regions: 0, wasted size: 0B ( 0.0%)
[2025-05-12T23:25:32.086+0300][1042.065s][36520] GC(24699) Phase 1: Mark live objects
[2025-05-12T23:25:32.094+0300][1042.073s][36520] GC(24699) Phase 1: Reference Processing
[2025-05-12T23:25:32.094+0300][1042.073s][36520] GC(24699) ReferenceProcessor::execute queues: 1, RefProcThreadModel::Single, marks_oops_alive: false
[2025-05-12T23:25:32.094+0300][1042.073s][36520] GC(24699) Skipped KeepAliveFinalRefsPhase of Reference Processing: no references
[2025-05-12T23:25:32.094+0300][1042.073s][36520] GC(24699) ReferenceProcessor::execute queues: 1, RefProcThreadModel::Single, marks_oops_alive: false
[2025-05-12T23:25:32.094+0300][1042.073s][36520] GC(24699) Reference Processing: 0.1ms
[2025-05-12T23:25:32.094+0300][1042.073s][36520] GC(24699)   Notify Soft/WeakReferences: 0.0ms
[2025-05-12T23:25:32.094+0300][1042.073s][36520] GC(24699)     SoftRef: 0.0ms
[2025-05-12T23:25:32.094+0300][1042.073s][36520] GC(24699)     WeakRef: 0.0ms
[2025-05-12T23:25:32.094+0300][1042.073s][36520] GC(24699)     FinalRef: 0.0ms
[2025-05-12T23:25:32.094+0300][1042.073s][36520] GC(24699)     Total: 0.0ms
[2025-05-12T23:25:32.094+0300][1042.073s][36520] GC(24699)   Notify and keep alive finalizable: 0.0ms
[2025-05-12T23:25:32.094+0300][1042.073s][36520] GC(24699)     FinalRef: skipped
[2025-05-12T23:25:32.094+0300][1042.073s][36520] GC(24699)   Notify PhantomReferences: 0.0ms
[2025-05-12T23:25:32.094+0300][1042.073s][36520] GC(24699)     PhantomRef: 0.0ms
[2025-05-12T23:25:32.094+0300][1042.073s][36520] GC(24699)   SoftReference Discovered: 46, Dropped: 4, Processed: 42
[2025-05-12T23:25:32.094+0300][1042.073s][36520] GC(24699)   WeakReference Discovered: 32, Dropped: 13, Processed: 19
[2025-05-12T23:25:32.094+0300][1042.073s][36520] GC(24699)   FinalReference Discovered: 0, Dropped: 0, Processed: 0
[2025-05-12T23:25:32.094+0300][1042.073s][36520] GC(24699)   PhantomReference Discovered: 23, Dropped: 23, Processed: 0
[2025-05-12T23:25:32.094+0300][1042.073s][36520] GC(24699) Phase 1: Reference Processing 0.219ms
[2025-05-12T23:25:32.094+0300][1042.073s][36520] GC(24699) Phase 1: Weak Processing
[2025-05-12T23:25:32.095+0300][1042.073s][36520] GC(24699)   VM Weak                        Min:  0.0, Avg:  0.0, Max:  0.0, Diff:  0.0, Sum:  0.0, Workers: 10
[2025-05-12T23:25:32.095+0300][1042.073s][36520] GC(24699)     Dead                           Min: 0, Avg:  2.0, Max: 20, Diff: 20, Sum: 20, Workers: 10
[2025-05-12T23:25:32.095+0300][1042.073s][36520] GC(24699)     Total                          Min: 0, Avg:  6.7, Max: 67, Diff: 67, Sum: 67, Workers: 10
[2025-05-12T23:25:32.095+0300][1042.073s][36520] GC(24699)   ObjectSynchronizer Weak        Min:  0.0, Avg:  0.0, Max:  0.0, Diff:  0.0, Sum:  0.0, Workers: 10
[2025-05-12T23:25:32.095+0300][1042.073s][36520] GC(24699)     Dead                           Min: 0, Avg:  0.0, Max: 0, Diff: 0, Sum: 0, Workers: 10
[2025-05-12T23:25:32.095+0300][1042.073s][36520] GC(24699)     Total                          Min: 0, Avg:  0.1, Max: 1, Diff: 1, Sum: 1, Workers: 10
[2025-05-12T23:25:32.095+0300][1042.073s][36520] GC(24699)   JVMTI Tag Weak OopStorage      Min:  0.0, Avg:  0.1, Max:  0.1, Diff:  0.0, Sum:  0.6, Workers: 10
[2025-05-12T23:25:32.095+0300][1042.073s][36520] GC(24699)     Dead                           Min: 0, Avg:  2.0, Max: 20, Diff: 20, Sum: 20, Workers: 10
[2025-05-12T23:25:32.095+0300][1042.074s][36520] GC(24699)     Total                          Min: 3418, Avg: 6289.9, Max: 7467, Diff: 4049, Sum: 62899, Workers: 10
[2025-05-12T23:25:32.095+0300][1042.074s][36520] GC(24699)   StringTable Weak               Min:  0.0, Avg:  0.0, Max:  0.0, Diff:  0.0, Sum:  0.2, Workers: 10
[2025-05-12T23:25:32.095+0300][1042.074s][36520] GC(24699)     Dead                           Min: 1, Avg:  9.0, Max: 26, Diff: 25, Sum: 90, Workers: 10
[2025-05-12T23:25:32.095+0300][1042.074s][36520] GC(24699)     Total                          Min: 3519, Avg: 3952.9, Max: 4288, Diff: 769, Sum: 39529, Workers: 10
[2025-05-12T23:25:32.095+0300][1042.074s][36520] GC(24699)   ResolvedMethodTable Weak       Min:  0.0, Avg:  0.0, Max:  0.0, Diff:  0.0, Sum:  0.0, Workers: 10
[2025-05-12T23:25:32.095+0300][1042.074s][36520] GC(24699)     Dead                           Min: 0, Avg:  3.7, Max: 14, Diff: 14, Sum: 37, Workers: 10
[2025-05-12T23:25:32.095+0300][1042.074s][36520] GC(24699)     Total                          Min: 10, Avg: 81.3, Max: 128, Diff: 118, Sum: 813, Workers: 10
[2025-05-12T23:25:32.095+0300][1042.074s][36520] GC(24699)   JNI Weak                       Min:  0.0, Avg:  0.0, Max:  0.0, Diff:  0.0, Sum:  0.0, Workers: 10
[2025-05-12T23:25:32.095+0300][1042.074s][36520] GC(24699)     Dead                           Min: 0, Avg:  0.0, Max: 0, Diff: 0, Sum: 0, Workers: 10
[2025-05-12T23:25:32.095+0300][1042.074s][36520] GC(24699)     Total                          Min: 0, Avg:  1.1, Max: 11, Diff: 11, Sum: 11, Workers: 10
[2025-05-12T23:25:32.095+0300][1042.074s][36520] GC(24699)   StringDedup Table Weak         Min:  0.0, Avg:  0.0, Max:  0.0, Diff:  0.0, Sum:  0.0, Workers: 10
[2025-05-12T23:25:32.095+0300][1042.074s][36520] GC(24699)     Dead                           Min: 0, Avg:  0.0, Max: 0, Diff: 0, Sum: 0, Workers: 10
[2025-05-12T23:25:32.095+0300][1042.074s][36520] GC(24699)     Total                          Min: 0, Avg:  0.0, Max: 0, Diff: 0, Sum: 0, Workers: 10
[2025-05-12T23:25:32.095+0300][1042.074s][36520] GC(24699)   StringDedup Requests0 Weak     Min:  0.0, Avg:  0.0, Max:  0.0, Diff:  0.0, Sum:  0.0, Workers: 10
[2025-05-12T23:25:32.095+0300][1042.074s][36520] GC(24699)     Dead                           Min: 0, Avg:  0.0, Max: 0, Diff: 0, Sum: 0, Workers: 10
[2025-05-12T23:25:32.095+0300][1042.074s][36520] GC(24699)     Total                          Min: 0, Avg:  0.0, Max: 0, Diff: 0, Sum: 0, Workers: 10
[2025-05-12T23:25:32.095+0300][1042.074s][36520] GC(24699)   StringDedup Requests1 Weak     Min:  0.0, Avg:  0.0, Max:  0.0, Diff:  0.0, Sum:  0.0, Workers: 10
[2025-05-12T23:25:32.095+0300][1042.074s][36520] GC(24699)     Dead                           Min: 0, Avg:  0.0, Max: 0, Diff: 0, Sum: 0, Workers: 10
[2025-05-12T23:25:32.095+0300][1042.074s][36520] GC(24699)     Total                          Min: 0, Avg:  0.0, Max: 0, Diff: 0, Sum: 0, Workers: 10
[2025-05-12T23:25:32.095+0300][1042.074s][36520] GC(24699)   Weak JFR Old Object Samples    Min:  0.0, Avg:  0.0, Max:  0.0, Diff:  0.0, Sum:  0.0, Workers: 10
[2025-05-12T23:25:32.095+0300][1042.074s][36520] GC(24699)     Dead                           Min: 0, Avg:  0.0, Max: 0, Diff: 0, Sum: 0, Workers: 10
[2025-05-12T23:25:32.095+0300][1042.074s][36520] GC(24699)     Total                          Min: 0, Avg:  0.0, Max: 0, Diff: 0, Sum: 0, Workers: 10
[2025-05-12T23:25:32.095+0300][1042.074s][36520] GC(24699) Phase 1: Weak Processing 0.485ms
[2025-05-12T23:25:32.095+0300][1042.074s][36520] GC(24699) Phase 1: Class Unloading and Cleanup
[2025-05-12T23:25:32.095+0300][1042.074s][36520] GC(24699) ClassLoaderData
[2025-05-12T23:25:32.095+0300][1042.074s][36520] GC(24699) ClassLoaderData 0.077ms
[2025-05-12T23:25:32.095+0300][1042.074s][36520] GC(24699) Trigger cleanups
[2025-05-12T23:25:32.095+0300][1042.074s][36520] GC(24699) Trigger cleanups 0.009ms
[2025-05-12T23:25:32.100+0300][1042.080s][36520] GC(24699) Phase 1: Class Unloading and Cleanup 5.853ms
[2025-05-12T23:25:32.100+0300][1042.080s][36520] GC(24699) Report Object Count
[2025-05-12T23:25:32.100+0300][1042.080s][36520] GC(24699) Report Object Count 0.013ms
[2025-05-12T23:25:32.100+0300][1042.080s][36520] GC(24699) Phase 1: Mark live objects 14.243ms
[2025-05-12T23:25:32.100+0300][1042.080s][36520] GC(24699) Phase 2: Prepare compaction
[2025-05-12T23:25:32.100+0300][1042.080s][36520] GC(24699) Phase 2: Determine work lists
[2025-05-12T23:25:32.100+0300][1042.080s][36520] GC(24699) Phase 2: Determine work lists 0.010ms
[2025-05-12T23:25:32.100+0300][1042.080s][36520] GC(24699) Phase 2: Prepare parallel compaction
[2025-05-12T23:25:32.101+0300][1042.080s][36520] GC(24699) Phase 2: Prepare parallel compaction 0.209ms
[2025-05-12T23:25:32.101+0300][1042.080s][36520] GC(24699) Phase 2: Prepare compaction 0.261ms
[2025-05-12T23:25:32.101+0300][1042.080s][36520] GC(24699) Phase 3: Adjust pointers
[2025-05-12T23:25:32.105+0300][1042.084s][36520] GC(24699) Phase 3: Adjust pointers 4.389ms
[2025-05-12T23:25:32.105+0300][1042.084s][36520] GC(24699) Phase 4: Compact heap
[2025-05-12T23:25:32.106+0300][1042.085s][36520] GC(24699) Phase 4: Compact heap 0.441ms
[2025-05-12T23:25:32.106+0300][1042.085s][36520] GC(24699) Phase 5: Reset Metadata
[2025-05-12T23:25:32.107+0300][1042.087s][36520] GC(24699) Phase 5: Reset Metadata 1.911ms
[2025-05-12T23:25:32.108+0300][1042.087s][36520] GC(24699) Running G1 Clear Bitmap with 1 workers for 1 work units.
[2025-05-12T23:25:32.110+0300][1042.089s][36520] GC(24699) Request concurrent cycle initiation (occupancy higher than threshold) occupancy: 11534336B allocation request: 0B threshold: 3595148B (28.57) source: end of Full GC
[2025-05-12T23:25:32.110+0300][1042.089s][36520] Old generation allocation in the last mutator period, old gen allocated: 0B, humongous allocated: 0B, old gen growth: 0B.
[2025-05-12T23:25:32.110+0300][1042.089s][36520] GC(24699) Coarsening (recent): Inline->AoC 0 (0) AoC->Howl 0 (0) Howl->Full 0 (0) Inline->AoC 0 (0) AoC->BitMap 0 (0) BitMap->Full 0 (0) 
[2025-05-12T23:25:32.110+0300][1042.089s][36520] GC(24699) Coarsening (all): Inline->AoC 10920 (0) AoC->Howl 7731 (0) Howl->Full 0 (0) Inline->AoC 10809 (0) AoC->BitMap 7399 (0) BitMap->Full 0 (0) 
[2025-05-12T23:25:32.110+0300][1042.089s][36520] GC(24699) Eden regions: 0->0(1)
[2025-05-12T23:25:32.110+0300][1042.089s][36520] GC(24699) Survivor regions: 0->0(0)
[2025-05-12T23:25:32.110+0300][1042.089s][36520] GC(24699) Old regions: 12->11
[2025-05-12T23:25:32.110+0300][1042.089s][36520] GC(24699) Humongous regions: 0->0
[2025-05-12T23:25:32.110+0300][1042.089s][36520] GC(24699) Metaspace: 10759K(12736K)->10718K(12736K) NonClass: 9683K(11328K)->9653K(11328K) Class: 1076K(1408K)->1064K(1408K)
[2025-05-12T23:25:32.110+0300][1042.089s][36520] GC(24699) Heap after GC invocations=21165 (full 7089):
[2025-05-12T23:25:32.110+0300][1042.089s][36520] GC(24699)  garbage-first heap   total 12288K, used 11244K [0x00000000ff400000, 0x0000000100000000)
[2025-05-12T23:25:32.110+0300][1042.089s][36520] GC(24699)   region size 1024K, 0 young (0K), 0 survivors (0K)
[2025-05-12T23:25:32.110+0300][1042.089s][36520] GC(24699)  Metaspace       used 10718K, committed 12736K, reserved 1114112K
[2025-05-12T23:25:32.110+0300][1042.089s][36520] GC(24699)   class space    used 1064K, committed 1408K, reserved 1048576K
[2025-05-12T23:25:32.110+0300][1042.089s][36520] GC(24699) Pause Full (G1 Compaction Pause) 11M->10M(12M) 23.867ms
[2025-05-12T23:25:32.110+0300][1042.089s][36520] GC(24699) User=0.00s Sys=0.00s Real=0.02s
[2025-05-12T23:25:32.110+0300][1042.089s][9340 ] G1 Service Thread (Card Set Free Memory Task) (run: 25.327ms) (cpu: 0.000ms)
[2025-05-12T23:25:32.137+0300][1042.116s][36520] GC(24700) Initiate concurrent cycle (concurrent cycle initiation requested)
[2025-05-12T23:25:32.137+0300][1042.116s][36520] GC(24700) Pause Young (Concurrent Start) (G1 Evacuation Pause)
[2025-05-12T23:25:32.137+0300][1042.116s][36520] GC(24700) Heap before GC invocations=21165 (full 7089):
[2025-05-12T23:25:32.137+0300][1042.116s][36520] GC(24700)  garbage-first heap   total 12288K, used 11244K [0x00000000ff400000, 0x0000000100000000)
[2025-05-12T23:25:32.137+0300][1042.116s][36520] GC(24700)   region size 1024K, 1 young (1024K), 0 survivors (0K)
[2025-05-12T23:25:32.137+0300][1042.116s][36520] GC(24700)  Metaspace       used 10759K, committed 12736K, reserved 1114112K
[2025-05-12T23:25:32.137+0300][1042.116s][36520] GC(24700)   class space    used 1076K, committed 1408K, reserved 1048576K
[2025-05-12T23:25:32.137+0300][1042.116s][36520] GC(24700) Using 2 workers of 10 for evacuation
[2025-05-12T23:25:32.137+0300][1042.116s][36520] GC(24700) Desired survivor size 524288 bytes, new threshold 15 (max threshold 15)
[2025-05-12T23:25:32.137+0300][1042.117s][36520] GC(24700) TLAB totals: thrds: 1  refills: 316 max: 316 slow allocs: 157 max 157 waste: 22.1% gc: 688B max: 688B slow: 188472B max: 188472B
[2025-05-12T23:25:32.137+0300][1042.117s][36520] GC(24700) Mutator refinement: 0.00ms, refined: 0, precleaned: 0, dirtied: 112
[2025-05-12T23:25:32.137+0300][1042.117s][36520] GC(24700) Concurrent refinement: 0.00ms, refined: 0, precleaned: 0, dirtied: 0
[2025-05-12T23:25:32.137+0300][1042.117s][36520] GC(24700) Total refinement: 0.00ms, refined: 0, precleaned: 0, dirtied: 112
[2025-05-12T23:25:32.137+0300][1042.117s][36520] GC(24700) Generate dirty cards rate: 4.07 cards/ms
[2025-05-12T23:25:32.137+0300][1042.117s][36520] GC(24700) Mutator Allocation stats, regions: 1, wasted size: 0B ( 0.0%)
[2025-05-12T23:25:32.137+0300][1042.117s][36520] GC(24700) No candidates to reclaim.
[2025-05-12T23:25:32.137+0300][1042.117s][36520] GC(24700) Running G1 Merge Heap Roots using 2 workers for 1 regions
[2025-05-12T23:25:32.137+0300][1042.117s][36520] GC(24700) Visited cards 1120 Total dirty 12288 (9.11%) Total old 26624 (4.21%)
[2025-05-12T23:25:32.137+0300][1042.117s][28516] GC(24700) Attempt heap expansion (region allocation request failed). Allocation request: 2064B
[2025-05-12T23:25:32.138+0300][1042.117s][28516] GC(24700) Did not expand the heap (heap already fully expanded)
[2025-05-12T23:25:32.138+0300][1042.117s][36520] GC(24700) ReferenceProcessor::execute queues: 1, RefProcThreadModel::Single, marks_oops_alive: false
[2025-05-12T23:25:32.138+0300][1042.118s][36520] GC(24700) Skipped KeepAliveFinalRefsPhase of Reference Processing: no references
[2025-05-12T23:25:32.138+0300][1042.118s][36520] GC(24700) Skipped PhantomRefsPhase of Reference Processing: no references
[2025-05-12T23:25:32.138+0300][1042.118s][36520] GC(24700) Initializing removing self forwards with 64 chunks per region
[2025-05-12T23:25:32.138+0300][1042.118s][36520] GC(24700) Running G1 Rebuild Free List Task using 2 workers for rebuilding free list of regions
[2025-05-12T23:25:32.139+0300][1042.118s][36520] GC(24700) Young PLAB allocation: allocated: 0B, wasted: 0B, unused: 0B, used: 0B, undo waste: 0B, 
[2025-05-12T23:25:32.139+0300][1042.118s][36520] GC(24700) Young other allocation: region end waste: 0B, regions filled: 0, num plab filled: 2, direct allocated: 0B, num direct allocated: 0, failure used: 0B, failure wasted: 0B
[2025-05-12T23:25:32.139+0300][1042.118s][36520] GC(24700) Young sizing: calculated: 0B, actual: 2064B
[2025-05-12T23:25:32.139+0300][1042.118s][36520] GC(24700) Old PLAB allocation: allocated: 0B, wasted: 0B, unused: 0B, used: 0B, undo waste: 0B, 
[2025-05-12T23:25:32.139+0300][1042.118s][36520] GC(24700) Old other allocation: region end waste: 0B, regions filled: 0, num plab filled: 2, direct allocated: 0B, num direct allocated: 0, failure used: 158024B, failure wasted: 890552B
[2025-05-12T23:25:32.139+0300][1042.118s][36520] GC(24700) Old sizing: calculated: 0B, actual: 2064B
[2025-05-12T23:25:32.139+0300][1042.118s][36520] GC(24700) Heap expansion: short term pause time ratio 42.98% long term pause time ratio 43.20% threshold 7.69% pause time ratio 7.69% fully expanded true resize by 0B
[2025-05-12T23:25:32.139+0300][1042.118s][36520] GC(24700) MMU: 6.5ms (200.0ms/201.0ms)
[2025-05-12T23:25:32.139+0300][1042.118s][36520] Old generation allocation in the last mutator period, old gen allocated: 1048576B, humongous allocated: 0B, old gen growth: 1048576B.
[2025-05-12T23:25:32.139+0300][1042.118s][36520] GC(24700) Basic information (value update), threshold: 3645300B (28.97), target occupancy: 12582912B, current occupancy: 12553216B, recent allocation size: 1048576B, recent allocation duration: 27.49ms, recent old gen allocation rate: 38145988.32B/s, recent marking phase length: 120.12ms
[2025-05-12T23:25:32.139+0300][1042.118s][9340 ] G1 Service Thread (Card Set Free Memory Task) (run 0.044ms after schedule)
[2025-05-12T23:25:32.139+0300][1042.118s][36520] GC(24700) Adaptive IHOP information (value update), threshold: 3645300B (34.08), internal target occupancy: 10695475B, occupancy: 12553216B, additional buffer size: 1048576B, predicted old gen allocation rate: 49730335.92B/s, predicted marking phase length: 120.68ms, prediction active: true
[2025-05-12T23:25:32.139+0300][1042.118s][36520] GC(24700) GC refinement: goal: 18446744073709551615 + 107 / 20.00ms, actual: 112 / 0.06ms, 
[2025-05-12T23:25:32.139+0300][1042.118s][36520] GC(24700) Unchanged pending cards target: 18446744073709551615
[2025-05-12T23:25:32.139+0300][1042.118s][36520] GC(24700)   Pre Evacuate Collection Set: 0.2ms
[2025-05-12T23:25:32.139+0300][1042.118s][36520] GC(24700)     Pre Evacuate Prepare: 0.1ms
[2025-05-12T23:25:32.139+0300][1042.118s][36520] GC(24700)       JT Retire TLABs And Flush Logs (ms): Min:  0.0, Avg:  0.0, Max:  0.0, Diff:  0.0, Sum:  0.0, Workers: 2
[2025-05-12T23:25:32.139+0300][1042.118s][36520] GC(24700)       Non-JT Flush Logs (ms):        Min:  0.0, Avg:  0.0, Max:  0.0, Diff:  0.0, Sum:  0.0, Workers: 1
[2025-05-12T23:25:32.139+0300][1042.118s][36520] GC(24700)     Choose Collection Set: 0.0ms
[2025-05-12T23:25:32.139+0300][1042.118s][36520] GC(24700)     Region Register: 0.1ms
[2025-05-12T23:25:32.139+0300][1042.118s][36520] GC(24700)     Prepare Heap Roots: 0.0ms
[2025-05-12T23:25:32.139+0300][1042.118s][36520] GC(24700)     Reset Marking State (ms):      Min:  0.0, Avg:  0.0, Max:  0.0, Diff:  0.0, Sum:  0.0, Workers: 1
[2025-05-12T23:25:32.139+0300][1042.118s][36520] GC(24700)     Note Start Of Mark (ms):       Min:  0.0, Avg:  0.0, Max:  0.0, Diff:  0.0, Sum:  0.0, Workers: 2
[2025-05-12T23:25:32.139+0300][1042.118s][36520] GC(24700)   Merge Heap Roots: 0.1ms
[2025-05-12T23:25:32.139+0300][1042.118s][36520] GC(24700)     Prepare Merge Heap Roots: 0.0ms
[2025-05-12T23:25:32.139+0300][1042.118s][36520] GC(24700)     Remembered Sets (ms):          Min:  0.0, Avg:  0.0, Max:  0.0, Diff:  0.0, Sum:  0.0, Workers: 2
[2025-05-12T23:25:32.139+0300][1042.118s][36520] GC(24700)       Eager Reclaim (ms):            skipped
[2025-05-12T23:25:32.139+0300][1042.118s][36520] GC(24700)       Merged Inline                  Min: 0, Avg:  0.0, Max: 0, Diff: 0, Sum: 0, Workers: 2
[2025-05-12T23:25:32.139+0300][1042.118s][36520] GC(24700)       Merged ArrayOfCards            Min: 0, Avg:  0.0, Max: 0, Diff: 0, Sum: 0, Workers: 2
[2025-05-12T23:25:32.139+0300][1042.118s][36520] GC(24700)       Merged Howl                    Min: 0, Avg:  0.0, Max: 0, Diff: 0, Sum: 0, Workers: 2
[2025-05-12T23:25:32.139+0300][1042.118s][36520] GC(24700)       Merged Full                    Min: 0, Avg:  0.0, Max: 0, Diff: 0, Sum: 0, Workers: 2
[2025-05-12T23:25:32.139+0300][1042.118s][36520] GC(24700)       Merged Howl Inline             Min: 0, Avg:  0.0, Max: 0, Diff: 0, Sum: 0, Workers: 2
[2025-05-12T23:25:32.139+0300][1042.118s][36520] GC(24700)       Merged Howl ArrayOfCards       Min: 0, Avg:  0.0, Max: 0, Diff: 0, Sum: 0, Workers: 2
[2025-05-12T23:25:32.139+0300][1042.118s][36520] GC(24700)       Merged Howl BitMap             Min: 0, Avg:  0.0, Max: 0, Diff: 0, Sum: 0, Workers: 2
[2025-05-12T23:25:32.139+0300][1042.118s][36520] GC(24700)       Merged Howl Full               Min: 0, Avg:  0.0, Max: 0, Diff: 0, Sum: 0, Workers: 2
[2025-05-12T23:25:32.139+0300][1042.118s][36520] GC(24700)       Merged Cards                   Min: 8, Avg:  8.0, Max: 8, Diff: 0, Sum: 16, Workers: 2
[2025-05-12T23:25:32.139+0300][1042.118s][36520] GC(24700)     Log Buffers (ms):              Min:  0.0, Avg:  0.0, Max:  0.0, Diff:  0.0, Sum:  0.0, Workers: 2
[2025-05-12T23:25:32.139+0300][1042.118s][36520] GC(24700)       Dirty Cards:                   Min: 24, Avg: 56.0, Max: 88, Diff: 64, Sum: 112, Workers: 2
[2025-05-12T23:25:32.139+0300][1042.118s][36520] GC(24700)       Skipped Cards:                 Min: 0, Avg:  0.0, Max: 0, Diff: 0, Sum: 0, Workers: 2
[2025-05-12T23:25:32.139+0300][1042.118s][36520] GC(24700)   Evacuate Collection Set: 0.6ms
[2025-05-12T23:25:32.139+0300][1042.118s][36520] GC(24700)     Ext Root Scanning (ms):        Min:  0.1, Avg:  0.2, Max:  0.2, Diff:  0.0, Sum:  0.3, Workers: 2
[2025-05-12T23:25:32.139+0300][1042.119s][36520] GC(24700)     Scan Heap Roots (ms):          Min:  0.0, Avg:  0.1, Max:  0.1, Diff:  0.0, Sum:  0.1, Workers: 2
[2025-05-12T23:25:32.139+0300][1042.119s][36520] GC(24700)       Scanned Cards:                 Min: 38, Avg: 56.0, Max: 74, Diff: 36, Sum: 112, Workers: 2
[2025-05-12T23:25:32.139+0300][1042.119s][36520] GC(24700)       Scanned Blocks:                Min: 29, Avg: 37.5, Max: 46, Diff: 17, Sum: 75, Workers: 2
[2025-05-12T23:25:32.139+0300][1042.119s][36520] GC(24700)       Claimed Chunks:                Min: 14, Avg: 17.5, Max: 21, Diff: 7, Sum: 35, Workers: 2
[2025-05-12T23:25:32.139+0300][1042.119s][36520] GC(24700)       Found Roots:                   Min: 38, Avg: 72.0, Max: 106, Diff: 68, Sum: 144, Workers: 2
[2025-05-12T23:25:32.139+0300][1042.119s][36520] GC(24700)     Code Root Scan (ms):           Min:  0.0, Avg:  0.0, Max:  0.0, Diff:  0.0, Sum:  0.0, Workers: 2
[2025-05-12T23:25:32.139+0300][1042.119s][36520] GC(24700)     Object Copy (ms):              Min:  0.2, Avg:  0.2, Max:  0.2, Diff:  0.0, Sum:  0.3, Workers: 2
[2025-05-12T23:25:32.139+0300][1042.119s][36520] GC(24700)     Termination (ms):              Min:  0.0, Avg:  0.0, Max:  0.0, Diff:  0.0, Sum:  0.0, Workers: 2
[2025-05-12T23:25:32.139+0300][1042.119s][36520] GC(24700)       Termination Attempts:          Min: 1, Avg:  1.0, Max: 1, Diff: 0, Sum: 2, Workers: 2
[2025-05-12T23:25:32.139+0300][1042.119s][36520] GC(24700)     GC Worker Other (ms):          Min:  0.0, Avg:  0.0, Max:  0.0, Diff:  0.0, Sum:  0.0, Workers: 2
[2025-05-12T23:25:32.139+0300][1042.119s][36520] GC(24700)     GC Worker Total (ms):          Min:  0.4, Avg:  0.4, Max:  0.4, Diff:  0.0, Sum:  0.8, Workers: 2
[2025-05-12T23:25:32.139+0300][1042.119s][36520] GC(24700)   Post Evacuate Collection Set: 0.6ms
[2025-05-12T23:25:32.139+0300][1042.119s][36520] GC(24700)     NMethod List Cleanup: 0.0ms
[2025-05-12T23:25:32.139+0300][1042.119s][36520] GC(24700)     Reference Processing: 0.1ms
[2025-05-12T23:25:32.139+0300][1042.119s][36520] GC(24700)       Notify Soft/WeakReferences: 0.0ms
[2025-05-12T23:25:32.139+0300][1042.119s][36520] GC(24700)         SoftRef (ms):                  Min:  0.0, Avg:  0.0, Max:  0.0, Diff:  0.0, Sum:  0.0, Workers: 1
[2025-05-12T23:25:32.139+0300][1042.119s][36520] GC(24700)         WeakRef (ms):                  Min:  0.0, Avg:  0.0, Max:  0.0, Diff:  0.0, Sum:  0.0, Workers: 1
[2025-05-12T23:25:32.139+0300][1042.119s][36520] GC(24700)         FinalRef (ms):                 Min:  0.0, Avg:  0.0, Max:  0.0, Diff:  0.0, Sum:  0.0, Workers: 1
[2025-05-12T23:25:32.139+0300][1042.119s][36520] GC(24700)         Total (ms):                    Min:  0.0, Avg:  0.0, Max:  0.0, Diff:  0.0, Sum:  0.0, Workers: 1
[2025-05-12T23:25:32.139+0300][1042.119s][36520] GC(24700)       Notify and keep alive finalizable: 0.0ms
[2025-05-12T23:25:32.139+0300][1042.119s][36520] GC(24700)         FinalRef (ms):                 skipped
[2025-05-12T23:25:32.139+0300][1042.119s][36520] GC(24700)       Notify PhantomReferences: 0.0ms
[2025-05-12T23:25:32.140+0300][1042.119s][36520] GC(24700)         PhantomRef (ms):               skipped
[2025-05-12T23:25:32.140+0300][1042.119s][36520] GC(24700)       SoftReference Discovered: 0, Dropped: 0, Processed: 0
[2025-05-12T23:25:32.140+0300][1042.119s][36520] GC(24700)       WeakReference Discovered: 26, Dropped: 3, Processed: 23
[2025-05-12T23:25:32.140+0300][1042.119s][36520] GC(24700)       FinalReference Discovered: 0, Dropped: 0, Processed: 0
[2025-05-12T23:25:32.140+0300][1042.119s][36520] GC(24700)       PhantomReference Discovered: 0, Dropped: 0, Processed: 0
[2025-05-12T23:25:32.140+0300][1042.119s][36520] GC(24700)     Weak Processing: 0.2ms
[2025-05-12T23:25:32.140+0300][1042.119s][36520] GC(24700)       VM Weak                        Min:  0.0, Avg:  0.0, Max:  0.0, Diff:  0.0, Sum:  0.0, Workers: 10
[2025-05-12T23:25:32.140+0300][1042.119s][36520] GC(24700)         Dead                           Min: 0, Avg:  0.0, Max: 0, Diff: 0, Sum: 0, Workers: 10
[2025-05-12T23:25:32.140+0300][1042.119s][36520] GC(24700)         Total                          Min: 0, Avg:  6.7, Max: 67, Diff: 67, Sum: 67, Workers: 10
[2025-05-12T23:25:32.140+0300][1042.119s][36520] GC(24700)       ObjectSynchronizer Weak        Min:  0.0, Avg:  0.0, Max:  0.0, Diff:  0.0, Sum:  0.0, Workers: 10
[2025-05-12T23:25:32.140+0300][1042.119s][36520] GC(24700)         Dead                           Min: 0, Avg:  0.0, Max: 0, Diff: 0, Sum: 0, Workers: 10
[2025-05-12T23:25:32.140+0300][1042.119s][36520] GC(24700)         Total                          Min: 0, Avg:  0.1, Max: 1, Diff: 1, Sum: 1, Workers: 10
[2025-05-12T23:25:32.140+0300][1042.119s][36520] GC(24700)       JVMTI Tag Weak OopStorage      Min:  0.0, Avg:  0.1, Max:  0.1, Diff:  0.1, Sum:  0.6, Workers: 10
[2025-05-12T23:25:32.140+0300][1042.119s][36520] GC(24700)         Dead                           Min: 0, Avg:  0.0, Max: 0, Diff: 0, Sum: 0, Workers: 10
[2025-05-12T23:25:32.140+0300][1042.119s][36520] GC(24700)         Total                          Min: 0, Avg: 6289.9, Max: 9599, Diff: 9599, Sum: 62899, Workers: 10
[2025-05-12T23:25:32.140+0300][1042.119s][36520] GC(24700)       StringTable Weak               Min:  0.0, Avg:  0.0, Max:  0.0, Diff:  0.0, Sum:  0.3, Workers: 10
[2025-05-12T23:25:32.140+0300][1042.119s][36520] GC(24700)         Dead                           Min: 0, Avg:  1.7, Max: 8, Diff: 8, Sum: 17, Workers: 10
[2025-05-12T23:25:32.140+0300][1042.119s][36520] GC(24700)         Total                          Min: 0, Avg: 3952.9, Max: 4800, Diff: 4800, Sum: 39529, Workers: 10
[2025-05-12T23:25:32.140+0300][1042.119s][36520] GC(24700)       ResolvedMethodTable Weak       Min:  0.0, Avg:  0.0, Max:  0.0, Diff:  0.0, Sum:  0.0, Workers: 10
[2025-05-12T23:25:32.140+0300][1042.119s][36520] GC(24700)         Dead                           Min: 0, Avg:  0.0, Max: 0, Diff: 0, Sum: 0, Workers: 10
[2025-05-12T23:25:32.140+0300][1042.119s][36520] GC(24700)         Total                          Min: 0, Avg: 82.8, Max: 187, Diff: 187, Sum: 828, Workers: 10
[2025-05-12T23:25:32.140+0300][1042.119s][36520] GC(24700)       JNI Weak                       Min:  0.0, Avg:  0.0, Max:  0.0, Diff:  0.0, Sum:  0.0, Workers: 10
[2025-05-12T23:25:32.140+0300][1042.119s][36520] GC(24700)         Dead                           Min: 0, Avg:  0.0, Max: 0, Diff: 0, Sum: 0, Workers: 10
[2025-05-12T23:25:32.140+0300][1042.119s][36520] GC(24700)         Total                          Min: 0, Avg:  1.1, Max: 11, Diff: 11, Sum: 11, Workers: 10
[2025-05-12T23:25:32.140+0300][1042.119s][36520] GC(24700)       StringDedup Table Weak         Min:  0.0, Avg:  0.0, Max:  0.0, Diff:  0.0, Sum:  0.0, Workers: 10
[2025-05-12T23:25:32.140+0300][1042.119s][36520] GC(24700)         Dead                           Min: 0, Avg:  0.0, Max: 0, Diff: 0, Sum: 0, Workers: 10
[2025-05-12T23:25:32.140+0300][1042.119s][36520] GC(24700)         Total                          Min: 0, Avg:  0.0, Max: 0, Diff: 0, Sum: 0, Workers: 10
[2025-05-12T23:25:32.140+0300][1042.119s][36520] GC(24700)       StringDedup Requests0 Weak     Min:  0.0, Avg:  0.0, Max:  0.0, Diff:  0.0, Sum:  0.0, Workers: 10
[2025-05-12T23:25:32.140+0300][1042.119s][36520] GC(24700)         Dead                           Min: 0, Avg:  0.0, Max: 0, Diff: 0, Sum: 0, Workers: 10
[2025-05-12T23:25:32.140+0300][1042.119s][36520] GC(24700)         Total                          Min: 0, Avg:  0.0, Max: 0, Diff: 0, Sum: 0, Workers: 10
[2025-05-12T23:25:32.140+0300][1042.119s][36520] GC(24700)       StringDedup Requests1 Weak     Min:  0.0, Avg:  0.0, Max:  0.0, Diff:  0.0, Sum:  0.0, Workers: 10
[2025-05-12T23:25:32.140+0300][1042.119s][36520] GC(24700)         Dead                           Min: 0, Avg:  0.0, Max: 0, Diff: 0, Sum: 0, Workers: 10
[2025-05-12T23:25:32.140+0300][1042.119s][36520] GC(24700)         Total                          Min: 0, Avg:  0.0, Max: 0, Diff: 0, Sum: 0, Workers: 10
[2025-05-12T23:25:32.140+0300][1042.119s][36520] GC(24700)       Weak JFR Old Object Samples    Min:  0.0, Avg:  0.0, Max:  0.0, Diff:  0.0, Sum:  0.0, Workers: 10
[2025-05-12T23:25:32.140+0300][1042.119s][36520] GC(24700)         Dead                           Min: 0, Avg:  0.0, Max: 0, Diff: 0, Sum: 0, Workers: 10
[2025-05-12T23:25:32.140+0300][1042.119s][36520] GC(24700)         Total                          Min: 0, Avg:  0.0, Max: 0, Diff: 0, Sum: 0, Workers: 10
[2025-05-12T23:25:32.140+0300][1042.119s][36520] GC(24700)     Post Evacuate Cleanup 1: 0.1ms
[2025-05-12T23:25:32.140+0300][1042.119s][36520] GC(24700)       Merge Per-Thread State (ms):   Min:  0.0, Avg:  0.0, Max:  0.0, Diff:  0.0, Sum:  0.0, Workers: 1
[2025-05-12T23:25:32.140+0300][1042.119s][36520] GC(24700)         Copied Bytes                   Min: 0, Avg:  0.0, Max: 0, Diff: 0, Sum: 0, Workers: 2
[2025-05-12T23:25:32.140+0300][1042.119s][36520] GC(24700)         LAB Waste                      Min: 0, Avg:  0.0, Max: 0, Diff: 0, Sum: 0, Workers: 2
[2025-05-12T23:25:32.140+0300][1042.119s][36520] GC(24700)         LAB Undo Waste                 Min: 0, Avg:  0.0, Max: 0, Diff: 0, Sum: 0, Workers: 2
[2025-05-12T23:25:32.140+0300][1042.119s][36520] GC(24700)       Clear Logged Cards (ms):       Min:  0.0, Avg:  0.0, Max:  0.0, Diff:  0.0, Sum:  0.0, Workers: 2
[2025-05-12T23:25:32.140+0300][1042.119s][36520] GC(24700)       Recalculate Used Memory (ms):  Min:  0.0, Avg:  0.0, Max:  0.0, Diff:  0.0, Sum:  0.0, Workers: 1
[2025-05-12T23:25:32.140+0300][1042.119s][36520] GC(24700)       Restore Retained Regions (ms): Min:  0.0, Avg:  0.0, Max:  0.1, Diff:  0.0, Sum:  0.1, Workers: 2
[2025-05-12T23:25:32.140+0300][1042.119s][36520] GC(24700)         Evacuation Failure Regions:    Min: 1, Avg:  1.0, Max: 1, Diff: 0, Sum: 1, Workers: 1
[2025-05-12T23:25:32.140+0300][1042.119s][36520] GC(24700)         Remove Self Forwards (ms):     Min:  0.0, Avg:  0.0, Max:  0.1, Diff:  0.0, Sum:  0.1, Workers: 2
[2025-05-12T23:25:32.140+0300][1042.119s][36520] GC(24700)           Forward Chunks:                Min: 21, Avg: 27.5, Max: 34, Diff: 13, Sum: 55, Workers: 2
[2025-05-12T23:25:32.140+0300][1042.119s][36520] GC(24700)           Empty Forward Chunks:          Min: 2, Avg:  4.5, Max: 7, Diff: 5, Sum: 9, Workers: 2
[2025-05-12T23:25:32.140+0300][1042.119s][36520] GC(24700)           Forward Objects:               Min: 891, Avg: 1695.0, Max: 2499, Diff: 1608, Sum: 3390, Workers: 2
[2025-05-12T23:25:32.140+0300][1042.119s][36520] GC(24700)           Forward Bytes:                 Min: 39120, Avg: 79012.0, Max: 118904, Diff: 79784, Sum: 158024, Workers: 2
[2025-05-12T23:25:32.140+0300][1042.119s][36520] GC(24700)     Post Evacuate Cleanup 2: 0.1ms
[2025-05-12T23:25:32.140+0300][1042.119s][36520] GC(24700)       Recalculate Used Memory (ms):  Min:  0.0, Avg:  0.0, Max:  0.0, Diff:  0.0, Sum:  0.0, Workers: 1
[2025-05-12T23:25:32.140+0300][1042.119s][36520] GC(24700)       Restore Preserved Marks (ms):  Min:  0.0, Avg:  0.0, Max:  0.0, Diff:  0.0, Sum:  0.0, Workers: 2
[2025-05-12T23:25:32.140+0300][1042.120s][36520] GC(24700)       Clear Retained Region Bitmaps (ms): skipped
[2025-05-12T23:25:32.140+0300][1042.120s][36520] GC(24700)       Update Derived Pointers (ms):  Min:  0.0, Avg:  0.0, Max:  0.0, Diff:  0.0, Sum:  0.0, Workers: 1
[2025-05-12T23:25:32.140+0300][1042.120s][36520] GC(24700)       Eagerly Reclaim Humongous Objects (ms): skipped
[2025-05-12T23:25:32.140+0300][1042.120s][36520] GC(24700)         Humongous Total                skipped
[2025-05-12T23:25:32.140+0300][1042.120s][36520] GC(24700)         Humongous Candidates           skipped
[2025-05-12T23:25:32.140+0300][1042.120s][36520] GC(24700)         Humongous Reclaimed            skipped
[2025-05-12T23:25:32.140+0300][1042.120s][36520] GC(24700)       Redirty Logged Cards (ms):     Min:  0.0, Avg:  0.0, Max:  0.0, Diff:  0.0, Sum:  0.0, Workers: 2
[2025-05-12T23:25:32.140+0300][1042.120s][36520] GC(24700)         Redirtied Cards:               Min: 0, Avg:  0.0, Max: 0, Diff: 0, Sum: 0, Workers: 2
[2025-05-12T23:25:32.140+0300][1042.120s][36520] GC(24700)       Resize TLABs (ms):             Min:  0.0, Avg:  0.0, Max:  0.0, Diff:  0.0, Sum:  0.0, Workers: 2
[2025-05-12T23:25:32.140+0300][1042.120s][36520] GC(24700)       Free Collection Set (ms):      Min:  0.0, Avg:  0.0, Max:  0.0, Diff:  0.0, Sum:  0.0, Workers: 2
[2025-05-12T23:25:32.140+0300][1042.120s][36520] GC(24700)     Rebuild Free List: 0.1ms
[2025-05-12T23:25:32.140+0300][1042.120s][36520] GC(24700)     Prepare For Mutator: 0.1ms
[2025-05-12T23:25:32.140+0300][1042.120s][36520] GC(24700)     Expand Heap After Collection: 0.0ms
[2025-05-12T23:25:32.140+0300][1042.120s][36520] GC(24700)   Other: 0.3ms
[2025-05-12T23:25:32.140+0300][1042.120s][36520] GC(24700) Coarsening (recent): Inline->AoC 0 (0) AoC->Howl 0 (0) Howl->Full 0 (0) Inline->AoC 0 (0) AoC->BitMap 0 (0) BitMap->Full 0 (0) 
[2025-05-12T23:25:32.140+0300][1042.120s][36520] GC(24700) Coarsening (all): Inline->AoC 10920 (0) AoC->Howl 7731 (0) Howl->Full 0 (0) Inline->AoC 10809 (0) AoC->BitMap 7399 (0) BitMap->Full 0 (0) 
[2025-05-12T23:25:32.140+0300][1042.120s][36520] GC(24700) Eden regions: 1->0(0)
[2025-05-12T23:25:32.140+0300][1042.120s][36520] GC(24700) Survivor regions: 0->0(0)
[2025-05-12T23:25:32.140+0300][1042.120s][36520] GC(24700) Old regions: 11->12
[2025-05-12T23:25:32.140+0300][1042.120s][36520] GC(24700) Humongous regions: 0->0
[2025-05-12T23:25:32.140+0300][1042.120s][36520] GC(24700) Metaspace: 10759K(12736K)->10759K(12736K) NonClass: 9683K(11328K)->9683K(11328K) Class: 1076K(1408K)->1076K(1408K)
[2025-05-12T23:25:32.140+0300][1042.120s][36520] GC(24700) Heap after GC invocations=21166 (full 7089):
[2025-05-12T23:25:32.140+0300][1042.120s][36520] GC(24700)  garbage-first heap   total 12288K, used 12259K [0x00000000ff400000, 0x0000000100000000)
[2025-05-12T23:25:32.140+0300][1042.120s][36520] GC(24700)   region size 1024K, 0 young (0K), 0 survivors (0K)
[2025-05-12T23:25:32.140+0300][1042.120s][36520] GC(24700)  Metaspace       used 10759K, committed 12736K, reserved 1114112K
[2025-05-12T23:25:32.140+0300][1042.120s][36520] GC(24700)   class space    used 1076K, committed 1408K, reserved 1048576K
[2025-05-12T23:25:32.140+0300][1042.120s][36520] GC(24700) Pause Young (Concurrent Start) (G1 Evacuation Pause) (Evacuation Failure) 11M->11M(12M) 3.340ms
[2025-05-12T23:25:32.140+0300][1042.120s][36520] GC(24700) User=0.00s Sys=0.00s Real=0.00s
[2025-05-12T23:25:32.140+0300][1042.120s][36520] Attempt heap expansion (allocation request failed). Allocation request: 16400B
[2025-05-12T23:25:32.140+0300][1042.120s][34628] GC(24701) Concurrent Mark Cycle
[2025-05-12T23:25:32.140+0300][1042.120s][36520] Expand the heap. requested expansion amount: 1048576B expansion amount: 1048576B
[2025-05-12T23:25:32.140+0300][1042.120s][34628] GC(24701) Concurrent Scan Root Regions
[2025-05-12T23:25:32.140+0300][1042.120s][36520] Did not expand the heap (heap already fully expanded)
[2025-05-12T23:25:32.140+0300][1042.120s][34628] GC(24701) Concurrent Scan Root Regions 0.031ms
[2025-05-12T23:25:32.140+0300][1042.120s][36520] Attempting full compaction
[2025-05-12T23:25:32.140+0300][1042.120s][34628] GC(24701) Concurrent Mark
[2025-05-12T23:25:32.140+0300][1042.120s][36520] GC(24702) Pause Full (G1 Compaction Pause)
[2025-05-12T23:25:32.140+0300][1042.120s][34628] GC(24701) Concurrent Mark From Roots
[2025-05-12T23:25:32.140+0300][1042.120s][36520] GC(24702) Heap before GC invocations=21166 (full 7089):
[2025-05-12T23:25:32.140+0300][1042.120s][34628] GC(24701) Using 3 workers of 3 for marking
[2025-05-12T23:25:32.141+0300][1042.120s][36520] GC(24702)  garbage-first heap   total 12288K, used 12259K [0x00000000ff400000, 0x0000000100000000)
[2025-05-12T23:25:32.141+0300][1042.120s][36520] GC(24702)   region size 1024K, 0 young (0K), 0 survivors (0K)
[2025-05-12T23:25:32.141+0300][1042.120s][36520] GC(24702)  Metaspace       used 10759K, committed 12736K, reserved 1114112K
[2025-05-12T23:25:32.141+0300][1042.120s][36520] GC(24702)   class space    used 1076K, committed 1408K, reserved 1048576K
[2025-05-12T23:25:32.141+0300][1042.120s][36520] GC(24702) Requesting 1 active workers for full compaction (waste limited workers: 1, adaptive workers: 2, used limited workers: 12)
[2025-05-12T23:25:32.141+0300][1042.120s][36520] GC(24702) Using 1 workers of 10 for full compaction
[2025-05-12T23:25:32.141+0300][1042.120s][36520] GC(24702) Clear Bitmap
[2025-05-12T23:25:32.141+0300][1042.120s][36520] GC(24702) Running G1 Clear Bitmap with 1 workers for 1 work units.
[2025-05-12T23:25:32.141+0300][1042.120s][36520] GC(24702) Clear Bitmap 0.097ms
[2025-05-12T23:25:32.141+0300][1042.120s][36520] GC(24702) Mutator Allocation stats, regions: 0, wasted size: 0B ( 0.0%)
[2025-05-12T23:25:32.141+0300][1042.120s][36520] GC(24702) Phase 1: Mark live objects
[2025-05-12T23:25:32.148+0300][1042.127s][36520] GC(24702) Phase 1: Reference Processing
[2025-05-12T23:25:32.148+0300][1042.127s][36520] GC(24702) ReferenceProcessor::execute queues: 1, RefProcThreadModel::Single, marks_oops_alive: false
[2025-05-12T23:25:32.148+0300][1042.127s][36520] GC(24702) Skipped KeepAliveFinalRefsPhase of Reference Processing: no references
[2025-05-12T23:25:32.148+0300][1042.127s][36520] GC(24702) ReferenceProcessor::execute queues: 1, RefProcThreadModel::Single, marks_oops_alive: false
[2025-05-12T23:25:32.148+0300][1042.127s][36520] GC(24702) Reference Processing: 0.0ms
[2025-05-12T23:25:32.148+0300][1042.127s][36520] GC(24702)   Notify Soft/WeakReferences: 0.0ms
[2025-05-12T23:25:32.148+0300][1042.127s][36520] GC(24702)     SoftRef: 0.0ms
[2025-05-12T23:25:32.148+0300][1042.127s][36520] GC(24702)     WeakRef: 0.0ms
[2025-05-12T23:25:32.148+0300][1042.127s][36520] GC(24702)     FinalRef: 0.0ms
[2025-05-12T23:25:32.148+0300][1042.127s][36520] GC(24702)     Total: 0.0ms
[2025-05-12T23:25:32.148+0300][1042.127s][36520] GC(24702)   Notify and keep alive finalizable: 0.0ms
[2025-05-12T23:25:32.148+0300][1042.127s][36520] GC(24702)     FinalRef: skipped
[2025-05-12T23:25:32.148+0300][1042.127s][36520] GC(24702)   Notify PhantomReferences: 0.0ms
[2025-05-12T23:25:32.148+0300][1042.127s][36520] GC(24702)     PhantomRef: 0.0ms
[2025-05-12T23:25:32.148+0300][1042.127s][36520] GC(24702)   SoftReference Discovered: 46, Dropped: 4, Processed: 42
[2025-05-12T23:25:32.148+0300][1042.127s][36520] GC(24702)   WeakReference Discovered: 33, Dropped: 14, Processed: 19
[2025-05-12T23:25:32.148+0300][1042.127s][36520] GC(24702)   FinalReference Discovered: 0, Dropped: 0, Processed: 0
[2025-05-12T23:25:32.148+0300][1042.127s][36520] GC(24702)   PhantomReference Discovered: 23, Dropped: 23, Processed: 0
[2025-05-12T23:25:32.148+0300][1042.127s][36520] GC(24702) Phase 1: Reference Processing 0.195ms
[2025-05-12T23:25:32.148+0300][1042.127s][36520] GC(24702) Phase 1: Weak Processing
[2025-05-12T23:25:32.148+0300][1042.128s][36520] GC(24702)   VM Weak                        Min:  0.0, Avg:  0.0, Max:  0.0, Diff:  0.0, Sum:  0.0, Workers: 10
[2025-05-12T23:25:32.148+0300][1042.128s][36520] GC(24702)     Dead                           Min: 0, Avg:  2.0, Max: 20, Diff: 20, Sum: 20, Workers: 10
[2025-05-12T23:25:32.148+0300][1042.128s][36520] GC(24702)     Total                          Min: 0, Avg:  6.7, Max: 67, Diff: 67, Sum: 67, Workers: 10
[2025-05-12T23:25:32.148+0300][1042.128s][36520] GC(24702)   ObjectSynchronizer Weak        Min:  0.0, Avg:  0.0, Max:  0.0, Diff:  0.0, Sum:  0.0, Workers: 10
[2025-05-12T23:25:32.148+0300][1042.128s][36520] GC(24702)     Dead                           Min: 0, Avg:  0.0, Max: 0, Diff: 0, Sum: 0, Workers: 10
[2025-05-12T23:25:32.148+0300][1042.128s][36520] GC(24702)     Total                          Min: 0, Avg:  0.1, Max: 1, Diff: 1, Sum: 1, Workers: 10
[2025-05-12T23:25:32.148+0300][1042.128s][36520] GC(24702)   JVMTI Tag Weak OopStorage      Min:  0.0, Avg:  0.1, Max:  0.1, Diff:  0.0, Sum:  0.5, Workers: 10
[2025-05-12T23:25:32.148+0300][1042.128s][36520] GC(24702)     Dead                           Min: 0, Avg:  2.0, Max: 20, Diff: 20, Sum: 20, Workers: 10
[2025-05-12T23:25:32.148+0300][1042.128s][36520] GC(24702)     Total                          Min: 2430, Avg: 6289.9, Max: 8559, Diff: 6129, Sum: 62899, Workers: 10
[2025-05-12T23:25:32.148+0300][1042.128s][36520] GC(24702)   StringTable Weak               Min:  0.0, Avg:  0.0, Max:  0.0, Diff:  0.0, Sum:  0.2, Workers: 10
[2025-05-12T23:25:32.148+0300][1042.128s][36520] GC(24702)     Dead                           Min: 0, Avg:  7.3, Max: 19, Diff: 19, Sum: 73, Workers: 10
[2025-05-12T23:25:32.148+0300][1042.128s][36520] GC(24702)     Total                          Min: 3518, Avg: 3952.9, Max: 4864, Diff: 1346, Sum: 39529, Workers: 10
[2025-05-12T23:25:32.148+0300][1042.128s][36520] GC(24702)   ResolvedMethodTable Weak       Min:  0.0, Avg:  0.0, Max:  0.0, Diff:  0.0, Sum:  0.0, Workers: 10
[2025-05-12T23:25:32.148+0300][1042.128s][36520] GC(24702)     Dead                           Min: 0, Avg:  3.7, Max: 14, Diff: 14, Sum: 37, Workers: 10
[2025-05-12T23:25:32.148+0300][1042.128s][36520] GC(24702)     Total                          Min: 61, Avg: 82.8, Max: 127, Diff: 66, Sum: 828, Workers: 10
[2025-05-12T23:25:32.148+0300][1042.128s][36520] GC(24702)   JNI Weak                       Min:  0.0, Avg:  0.0, Max:  0.0, Diff:  0.0, Sum:  0.0, Workers: 10
[2025-05-12T23:25:32.148+0300][1042.128s][36520] GC(24702)     Dead                           Min: 0, Avg:  0.0, Max: 0, Diff: 0, Sum: 0, Workers: 10
[2025-05-12T23:25:32.148+0300][1042.128s][36520] GC(24702)     Total                          Min: 0, Avg:  1.1, Max: 11, Diff: 11, Sum: 11, Workers: 10
[2025-05-12T23:25:32.148+0300][1042.128s][36520] GC(24702)   StringDedup Table Weak         Min:  0.0, Avg:  0.0, Max:  0.0, Diff:  0.0, Sum:  0.0, Workers: 10
[2025-05-12T23:25:32.148+0300][1042.128s][36520] GC(24702)     Dead                           Min: 0, Avg:  0.0, Max: 0, Diff: 0, Sum: 0, Workers: 10
[2025-05-12T23:25:32.148+0300][1042.128s][36520] GC(24702)     Total                          Min: 0, Avg:  0.0, Max: 0, Diff: 0, Sum: 0, Workers: 10
[2025-05-12T23:25:32.148+0300][1042.128s][36520] GC(24702)   StringDedup Requests0 Weak     Min:  0.0, Avg:  0.0, Max:  0.0, Diff:  0.0, Sum:  0.0, Workers: 10
[2025-05-12T23:25:32.148+0300][1042.128s][36520] GC(24702)     Dead                           Min: 0, Avg:  0.0, Max: 0, Diff: 0, Sum: 0, Workers: 10
[2025-05-12T23:25:32.148+0300][1042.128s][36520] GC(24702)     Total                          Min: 0, Avg:  0.0, Max: 0, Diff: 0, Sum: 0, Workers: 10
[2025-05-12T23:25:32.148+0300][1042.128s][36520] GC(24702)   StringDedup Requests1 Weak     Min:  0.0, Avg:  0.0, Max:  0.0, Diff:  0.0, Sum:  0.0, Workers: 10
[2025-05-12T23:25:32.148+0300][1042.128s][36520] GC(24702)     Dead                           Min: 0, Avg:  0.0, Max: 0, Diff: 0, Sum: 0, Workers: 10
[2025-05-12T23:25:32.148+0300][1042.128s][36520] GC(24702)     Total                          Min: 0, Avg:  0.0, Max: 0, Diff: 0, Sum: 0, Workers: 10
[2025-05-12T23:25:32.148+0300][1042.128s][36520] GC(24702)   Weak JFR Old Object Samples    Min:  0.0, Avg:  0.0, Max:  0.0, Diff:  0.0, Sum:  0.0, Workers: 10
[2025-05-12T23:25:32.148+0300][1042.128s][36520] GC(24702)     Dead                           Min: 0, Avg:  0.0, Max: 0, Diff: 0, Sum: 0, Workers: 10
[2025-05-12T23:25:32.148+0300][1042.128s][36520] GC(24702)     Total                          Min: 0, Avg:  0.0, Max: 0, Diff: 0, Sum: 0, Workers: 10
[2025-05-12T23:25:32.148+0300][1042.128s][36520] GC(24702) Phase 1: Weak Processing 0.481ms
[2025-05-12T23:25:32.148+0300][1042.128s][36520] GC(24702) Phase 1: Class Unloading and Cleanup
[2025-05-12T23:25:32.148+0300][1042.128s][36520] GC(24702) ClassLoaderData
[2025-05-12T23:25:32.148+0300][1042.128s][36520] GC(24702) ClassLoaderData 0.067ms
[2025-05-12T23:25:32.148+0300][1042.128s][36520] GC(24702) Trigger cleanups
[2025-05-12T23:25:32.148+0300][1042.128s][36520] GC(24702) Trigger cleanups 0.009ms
[2025-05-12T23:25:32.152+0300][1042.131s][36520] GC(24702) Phase 1: Class Unloading and Cleanup 3.637ms
[2025-05-12T23:25:32.152+0300][1042.132s][36520] GC(24702) Report Object Count
[2025-05-12T23:25:32.152+0300][1042.132s][36520] GC(24702) Report Object Count 0.011ms
[2025-05-12T23:25:32.152+0300][1042.132s][36520] GC(24702) Phase 1: Mark live objects 11.284ms
[2025-05-12T23:25:32.153+0300][1042.132s][36520] GC(24702) Phase 2: Prepare compaction
[2025-05-12T23:25:32.153+0300][1042.132s][36520] GC(24702) Phase 2: Determine work lists
[2025-05-12T23:25:32.153+0300][1042.132s][36520] GC(24702) Phase 2: Determine work lists 0.013ms
[2025-05-12T23:25:32.153+0300][1042.132s][36520] GC(24702) Phase 2: Prepare parallel compaction
[2025-05-12T23:25:32.153+0300][1042.132s][36520] GC(24702) Phase 2: Prepare parallel compaction 0.209ms
[2025-05-12T23:25:32.153+0300][1042.132s][36520] GC(24702) Phase 2: Prepare compaction 0.265ms
[2025-05-12T23:25:32.153+0300][1042.132s][36520] GC(24702) Phase 3: Adjust pointers
[2025-05-12T23:25:32.157+0300][1042.136s][36520] GC(24702) Phase 3: Adjust pointers 4.063ms
[2025-05-12T23:25:32.157+0300][1042.136s][36520] GC(24702) Phase 4: Compact heap
[2025-05-12T23:25:32.157+0300][1042.136s][36520] GC(24702) Phase 4: Compact heap 0.138ms
[2025-05-12T23:25:32.157+0300][1042.136s][36520] GC(24702) Phase 5: Reset Metadata
[2025-05-12T23:25:32.158+0300][1042.137s][36520] GC(24702) Phase 5: Reset Metadata 1.309ms
[2025-05-12T23:25:32.159+0300][1042.138s][36520] GC(24702) Running G1 Clear Bitmap with 1 workers for 1 work units.
[2025-05-12T23:25:32.160+0300][1042.139s][36520] Old generation allocation in the last mutator period, old gen allocated: 0B, humongous allocated: 0B, old gen growth: 0B.
[2025-05-12T23:25:32.160+0300][1042.139s][36520] GC(24702) Coarsening (recent): Inline->AoC 0 (0) AoC->Howl 0 (0) Howl->Full 0 (0) Inline->AoC 0 (0) AoC->BitMap 0 (0) BitMap->Full 0 (0) 
[2025-05-12T23:25:32.160+0300][1042.139s][36520] GC(24702) Coarsening (all): Inline->AoC 10920 (0) AoC->Howl 7731 (0) Howl->Full 0 (0) Inline->AoC 10809 (0) AoC->BitMap 7399 (0) BitMap->Full 0 (0) 
[2025-05-12T23:25:32.160+0300][1042.139s][36520] GC(24702) Eden regions: 0->0(1)
[2025-05-12T23:25:32.160+0300][1042.139s][36520] GC(24702) Survivor regions: 0->0(0)
[2025-05-12T23:25:32.160+0300][1042.139s][36520] GC(24702) Old regions: 12->11
[2025-05-12T23:25:32.160+0300][1042.139s][36520] GC(24702) Humongous regions: 0->0
[2025-05-12T23:25:32.160+0300][1042.139s][36520] GC(24702) Metaspace: 10759K(12736K)->10718K(12736K) NonClass: 9683K(11328K)->9653K(11328K) Class: 1076K(1408K)->1064K(1408K)
[2025-05-12T23:25:32.160+0300][1042.139s][36520] GC(24702) Heap after GC invocations=21167 (full 7090):
[2025-05-12T23:25:32.160+0300][1042.139s][36520] GC(24702)  garbage-first heap   total 12288K, used 11209K [0x00000000ff400000, 0x0000000100000000)
[2025-05-12T23:25:32.160+0300][1042.139s][36520] GC(24702)   region size 1024K, 0 young (0K), 0 survivors (0K)
[2025-05-12T23:25:32.160+0300][1042.139s][36520] GC(24702)  Metaspace       used 10718K, committed 12736K, reserved 1114112K
[2025-05-12T23:25:32.160+0300][1042.139s][36520] GC(24702)   class space    used 1064K, committed 1408K, reserved 1048576K
[2025-05-12T23:25:32.160+0300][1042.139s][36520] GC(24702) Pause Full (G1 Compaction Pause) 11M->10M(12M) 19.523ms
[2025-05-12T23:25:32.160+0300][1042.139s][36520] GC(24702) User=0.02s Sys=0.00s Real=0.02s
[2025-05-12T23:25:32.160+0300][1042.140s][9340 ] G1 Service Thread (Card Set Free Memory Task) (run: 21.441ms) (cpu: 0.000ms)
[2025-05-12T23:25:32.160+0300][1042.140s][34628] ---------------------------------------------------------------------
[2025-05-12T23:25:32.160+0300][1042.140s][34628] Marking Stats, task = 0, calls = 0
[2025-05-12T23:25:32.160+0300][1042.140s][34628]   Elapsed time = 0.00ms, Termination time = 0.00ms
[2025-05-12T23:25:32.160+0300][1042.140s][34628]   Step Times (cum): num = 5369, avg = 0.16ms, sd = 1.55ms max = 16.00ms, total = 833.00ms
[2025-05-12T23:25:32.160+0300][1042.140s][34628]   Mark Stats Cache: hits 1614 misses 0 ratio 100.000
[2025-05-12T23:25:32.160+0300][1042.140s][34628] ---------------------------------------------------------------------
[2025-05-12T23:25:32.160+0300][1042.140s][34628] Marking Stats, task = 1, calls = 0
[2025-05-12T23:25:32.160+0300][1042.140s][34628]   Elapsed time = 0.00ms, Termination time = 0.00ms
[2025-05-12T23:25:32.160+0300][1042.140s][34628]   Step Times (cum): num = 13793, avg = 0.02ms, sd = 0.58ms max = 16.00ms, total = 296.00ms
[2025-05-12T23:25:32.160+0300][1042.140s][34628]   Mark Stats Cache: hits 4957 misses 0 ratio 100.000
[2025-05-12T23:25:32.160+0300][1042.140s][34628] ---------------------------------------------------------------------
[2025-05-12T23:25:32.160+0300][1042.140s][34628] Marking Stats, task = 2, calls = 0
[2025-05-12T23:25:32.160+0300][1042.140s][34628]   Elapsed time = 0.00ms, Termination time = 0.00ms
[2025-05-12T23:25:32.160+0300][1042.140s][34628]   Step Times (cum): num = 13231, avg = 0.02ms, sd = 0.61ms max = 16.00ms, total = 313.00ms
[2025-05-12T23:25:32.160+0300][1042.140s][34628]   Mark Stats Cache: hits 0 misses 0 ratio 0.000
[2025-05-12T23:25:32.160+0300][1042.140s][34628] ---------------------------------------------------------------------
[2025-05-12T23:25:32.160+0300][1042.140s][34628] GC(24701) Concurrent Mark From Roots 19.823ms
[2025-05-12T23:25:32.160+0300][1042.140s][34628] GC(24701) Concurrent Mark Abort
[2025-05-12T23:25:32.160+0300][1042.140s][34628] GC(24701) Concurrent Mark Cycle 19.987ms
[2025-05-12T23:25:32.188+0300][1042.167s][36520] GC(24703) Pause Young (Normal) (G1 Evacuation Pause)
[2025-05-12T23:25:32.188+0300][1042.167s][36520] GC(24703) Heap before GC invocations=21167 (full 7090):
[2025-05-12T23:25:32.188+0300][1042.167s][36520] GC(24703)  garbage-first heap   total 12288K, used 12233K [0x00000000ff400000, 0x0000000100000000)
[2025-05-12T23:25:32.188+0300][1042.167s][36520] GC(24703)   region size 1024K, 1 young (1024K), 0 survivors (0K)
[2025-05-12T23:25:32.188+0300][1042.167s][36520] GC(24703)  Metaspace       used 10759K, committed 12736K, reserved 1114112K
[2025-05-12T23:25:32.188+0300][1042.167s][36520] GC(24703)   class space    used 1076K, committed 1408K, reserved 1048576K
[2025-05-12T23:25:32.188+0300][1042.167s][36520] GC(24703) Using 2 workers of 10 for evacuation
[2025-05-12T23:25:32.188+0300][1042.168s][36520] GC(24703) Desired survivor size 524288 bytes, new threshold 15 (max threshold 15)
[2025-05-12T23:25:32.188+0300][1042.168s][36520] GC(24703) TLAB totals: thrds: 1  refills: 311 max: 311 slow allocs: 152 max 152 waste: 22.0% gc: 0B max: 0B slow: 186232B max: 186232B
[2025-05-12T23:25:32.188+0300][1042.168s][36520] GC(24703) Mutator refinement: 0.00ms, refined: 0, precleaned: 0, dirtied: 101
[2025-05-12T23:25:32.188+0300][1042.168s][36520] GC(24703) Concurrent refinement: 0.00ms, refined: 0, precleaned: 0, dirtied: 0
[2025-05-12T23:25:32.188+0300][1042.168s][36520] GC(24703) Total refinement: 0.00ms, refined: 0, precleaned: 0, dirtied: 101
[2025-05-12T23:25:32.188+0300][1042.168s][36520] GC(24703) Generate dirty cards rate: 3.58 cards/ms
[2025-05-12T23:25:32.188+0300][1042.168s][36520] GC(24703) Mutator Allocation stats, regions: 1, wasted size: 1040B ( 0.1%)
[2025-05-12T23:25:32.188+0300][1042.168s][36520] GC(24703) No candidates to reclaim.
[2025-05-12T23:25:32.188+0300][1042.168s][36520] GC(24703) Running G1 Merge Heap Roots using 2 workers for 1 regions
[2025-05-12T23:25:32.188+0300][1042.168s][36520] GC(24703) Visited cards 1056 Total dirty 12288 (8.59%) Total old 26624 (3.97%)
[2025-05-12T23:25:32.188+0300][1042.168s][16704] GC(24703) Attempt heap expansion (region allocation request failed). Allocation request: 2064B
[2025-05-12T23:25:32.188+0300][1042.168s][16704] GC(24703) Did not expand the heap (heap already fully expanded)
[2025-05-12T23:25:32.189+0300][1042.168s][36520] GC(24703) ReferenceProcessor::execute queues: 1, RefProcThreadModel::Single, marks_oops_alive: false
[2025-05-12T23:25:32.189+0300][1042.168s][36520] GC(24703) Skipped KeepAliveFinalRefsPhase of Reference Processing: no references
[2025-05-12T23:25:32.189+0300][1042.168s][36520] GC(24703) Skipped PhantomRefsPhase of Reference Processing: no references
[2025-05-12T23:25:32.189+0300][1042.168s][36520] GC(24703) Initializing removing self forwards with 64 chunks per region
[2025-05-12T23:25:32.189+0300][1042.169s][36520] GC(24703) Running G1 Rebuild Free List Task using 2 workers for rebuilding free list of regions
[2025-05-12T23:25:32.189+0300][1042.169s][36520] GC(24703) Young PLAB allocation: allocated: 0B, wasted: 0B, unused: 0B, used: 0B, undo waste: 0B, 
[2025-05-12T23:25:32.189+0300][1042.169s][36520] GC(24703) Young other allocation: region end waste: 0B, regions filled: 0, num plab filled: 2, direct allocated: 0B, num direct allocated: 0, failure used: 0B, failure wasted: 0B
[2025-05-12T23:25:32.189+0300][1042.169s][36520] GC(24703) Young sizing: calculated: 0B, actual: 2064B
[2025-05-12T23:25:32.189+0300][1042.169s][36520] GC(24703) Old PLAB allocation: allocated: 0B, wasted: 0B, unused: 0B, used: 0B, undo waste: 0B, 
[2025-05-12T23:25:32.189+0300][1042.169s][36520] GC(24703) Old other allocation: region end waste: 0B, regions filled: 0, num plab filled: 2, direct allocated: 0B, num direct allocated: 0, failure used: 151432B, failure wasted: 897144B
[2025-05-12T23:25:32.189+0300][1042.169s][36520] GC(24703) Old sizing: calculated: 0B, actual: 2064B
[2025-05-12T23:25:32.189+0300][1042.169s][36520] GC(24703) Heap expansion: short term pause time ratio 38.08% long term pause time ratio 42.07% threshold 7.69% pause time ratio 7.69% fully expanded true resize by 0B
[2025-05-12T23:25:32.189+0300][1042.169s][9340 ] G1 Service Thread (Card Set Free Memory Task) (run 0.010ms after schedule)
[2025-05-12T23:25:32.189+0300][1042.169s][36520] GC(24703) Request concurrent cycle initiation (occupancy higher than threshold) occupancy: 12582912B allocation request: 0B threshold: 3645300B (28.97) source: end of GC
[2025-05-12T23:25:32.189+0300][1042.169s][36520] GC(24703) MMU: 6.4ms (200.0ms/201.0ms)
[2025-05-12T23:25:32.189+0300][1042.169s][36520] Old generation allocation in the last mutator period, old gen allocated: 1048576B, humongous allocated: 0B, old gen growth: 1048576B.
[2025-05-12T23:25:32.189+0300][1042.169s][36520] GC(24703) Basic information (value update), threshold: 3698208B (29.39), target occupancy: 12582912B, current occupancy: 12527120B, recent allocation size: 1048576B, recent allocation duration: 28.24ms, recent old gen allocation rate: 37127722.86B/s, recent marking phase length: 120.12ms
[2025-05-12T23:25:32.189+0300][1042.169s][36520] GC(24703) Adaptive IHOP information (value update), threshold: 3698208B (34.58), internal target occupancy: 10695475B, occupancy: 12527120B, additional buffer size: 1048576B, predicted old gen allocation rate: 49291927.94B/s, predicted marking phase length: 120.68ms, prediction active: true
[2025-05-12T23:25:32.189+0300][1042.169s][36520] GC(24703) GC refinement: goal: 18446744073709551615 + 106 / 20.00ms, actual: 101 / 0.05ms, 
[2025-05-12T23:25:32.189+0300][1042.169s][36520] GC(24703) Unchanged pending cards target: 18446744073709551615
[2025-05-12T23:25:32.189+0300][1042.169s][36520] GC(24703)   Pre Evacuate Collection Set: 0.1ms
[2025-05-12T23:25:32.189+0300][1042.169s][36520] GC(24703)     Pre Evacuate Prepare: 0.0ms
[2025-05-12T23:25:32.189+0300][1042.169s][36520] GC(24703)       JT Retire TLABs And Flush Logs (ms): Min:  0.0, Avg:  0.0, Max:  0.0, Diff:  0.0, Sum:  0.0, Workers: 2
[2025-05-12T23:25:32.189+0300][1042.169s][36520] GC(24703)       Non-JT Flush Logs (ms):        Min:  0.0, Avg:  0.0, Max:  0.0, Diff:  0.0, Sum:  0.0, Workers: 1
[2025-05-12T23:25:32.189+0300][1042.169s][36520] GC(24703)     Choose Collection Set: 0.0ms
[2025-05-12T23:25:32.189+0300][1042.169s][36520] GC(24703)     Region Register: 0.0ms
[2025-05-12T23:25:32.189+0300][1042.169s][36520] GC(24703)     Prepare Heap Roots: 0.0ms
[2025-05-12T23:25:32.189+0300][1042.169s][36520] GC(24703)   Merge Heap Roots: 0.1ms
[2025-05-12T23:25:32.189+0300][1042.169s][36520] GC(24703)     Prepare Merge Heap Roots: 0.0ms
[2025-05-12T23:25:32.189+0300][1042.169s][36520] GC(24703)     Remembered Sets (ms):          Min:  0.0, Avg:  0.0, Max:  0.0, Diff:  0.0, Sum:  0.0, Workers: 2
[2025-05-12T23:25:32.189+0300][1042.169s][36520] GC(24703)       Eager Reclaim (ms):            skipped
[2025-05-12T23:25:32.190+0300][1042.169s][36520] GC(24703)       Merged Inline                  Min: 0, Avg:  0.0, Max: 0, Diff: 0, Sum: 0, Workers: 2
[2025-05-12T23:25:32.190+0300][1042.169s][36520] GC(24703)       Merged ArrayOfCards            Min: 0, Avg:  0.0, Max: 0, Diff: 0, Sum: 0, Workers: 2
[2025-05-12T23:25:32.190+0300][1042.169s][36520] GC(24703)       Merged Howl                    Min: 0, Avg:  0.0, Max: 0, Diff: 0, Sum: 0, Workers: 2
[2025-05-12T23:25:32.190+0300][1042.169s][36520] GC(24703)       Merged Full                    Min: 0, Avg:  0.0, Max: 0, Diff: 0, Sum: 0, Workers: 2
[2025-05-12T23:25:32.190+0300][1042.169s][36520] GC(24703)       Merged Howl Inline             Min: 0, Avg:  0.0, Max: 0, Diff: 0, Sum: 0, Workers: 2
[2025-05-12T23:25:32.190+0300][1042.169s][36520] GC(24703)       Merged Howl ArrayOfCards       Min: 0, Avg:  0.0, Max: 0, Diff: 0, Sum: 0, Workers: 2
[2025-05-12T23:25:32.190+0300][1042.169s][36520] GC(24703)       Merged Howl BitMap             Min: 0, Avg:  0.0, Max: 0, Diff: 0, Sum: 0, Workers: 2
[2025-05-12T23:25:32.190+0300][1042.169s][36520] GC(24703)       Merged Howl Full               Min: 0, Avg:  0.0, Max: 0, Diff: 0, Sum: 0, Workers: 2
[2025-05-12T23:25:32.190+0300][1042.169s][36520] GC(24703)       Merged Cards                   Min: 8, Avg:  8.0, Max: 8, Diff: 0, Sum: 16, Workers: 2
[2025-05-12T23:25:32.190+0300][1042.169s][36520] GC(24703)     Log Buffers (ms):              Min:  0.0, Avg:  0.0, Max:  0.0, Diff:  0.0, Sum:  0.0, Workers: 2
[2025-05-12T23:25:32.190+0300][1042.169s][36520] GC(24703)       Dirty Cards:                   Min: 0, Avg: 50.5, Max: 101, Diff: 101, Sum: 101, Workers: 2
[2025-05-12T23:25:32.190+0300][1042.169s][36520] GC(24703)       Skipped Cards:                 Min: 0, Avg:  0.0, Max: 0, Diff: 0, Sum: 0, Workers: 2
[2025-05-12T23:25:32.190+0300][1042.169s][36520] GC(24703)   Evacuate Collection Set: 0.3ms
[2025-05-12T23:25:32.190+0300][1042.169s][36520] GC(24703)     Ext Root Scanning (ms):        Min:  0.1, Avg:  0.1, Max:  0.1, Diff:  0.0, Sum:  0.2, Workers: 2
[2025-05-12T23:25:32.190+0300][1042.169s][36520] GC(24703)     Scan Heap Roots (ms):          Min:  0.0, Avg:  0.0, Max:  0.1, Diff:  0.0, Sum:  0.1, Workers: 2
[2025-05-12T23:25:32.190+0300][1042.169s][36520] GC(24703)       Scanned Cards:                 Min: 50, Avg: 50.5, Max: 51, Diff: 1, Sum: 101, Workers: 2
[2025-05-12T23:25:32.190+0300][1042.169s][36520] GC(24703)       Scanned Blocks:                Min: 32, Avg: 33.5, Max: 35, Diff: 3, Sum: 67, Workers: 2
[2025-05-12T23:25:32.190+0300][1042.169s][36520] GC(24703)       Claimed Chunks:                Min: 15, Avg: 16.5, Max: 18, Diff: 3, Sum: 33, Workers: 2
[2025-05-12T23:25:32.190+0300][1042.169s][36520] GC(24703)       Found Roots:                   Min: 44, Avg: 58.5, Max: 73, Diff: 29, Sum: 117, Workers: 2
[2025-05-12T23:25:32.190+0300][1042.169s][36520] GC(24703)     Code Root Scan (ms):           Min:  0.0, Avg:  0.0, Max:  0.0, Diff:  0.0, Sum:  0.0, Workers: 2
[2025-05-12T23:25:32.190+0300][1042.169s][36520] GC(24703)     Object Copy (ms):              Min:  0.2, Avg:  0.2, Max:  0.2, Diff:  0.0, Sum:  0.3, Workers: 2
[2025-05-12T23:25:32.190+0300][1042.169s][36520] GC(24703)     Termination (ms):              Min:  0.0, Avg:  0.0, Max:  0.0, Diff:  0.0, Sum:  0.0, Workers: 2
[2025-05-12T23:25:32.190+0300][1042.169s][36520] GC(24703)       Termination Attempts:          Min: 1, Avg:  1.0, Max: 1, Diff: 0, Sum: 2, Workers: 2
[2025-05-12T23:25:32.190+0300][1042.169s][36520] GC(24703)     GC Worker Other (ms):          Min:  0.0, Avg:  0.0, Max:  0.0, Diff:  0.0, Sum:  0.0, Workers: 2
[2025-05-12T23:25:32.190+0300][1042.169s][36520] GC(24703)     GC Worker Total (ms):          Min:  0.3, Avg:  0.3, Max:  0.3, Diff:  0.0, Sum:  0.6, Workers: 2
[2025-05-12T23:25:32.190+0300][1042.169s][36520] GC(24703)   Post Evacuate Collection Set: 0.6ms
[2025-05-12T23:25:32.190+0300][1042.169s][36520] GC(24703)     NMethod List Cleanup: 0.0ms
[2025-05-12T23:25:32.190+0300][1042.169s][36520] GC(24703)     Reference Processing: 0.1ms
[2025-05-12T23:25:32.190+0300][1042.169s][36520] GC(24703)       Notify Soft/WeakReferences: 0.0ms
[2025-05-12T23:25:32.190+0300][1042.169s][36520] GC(24703)         SoftRef (ms):                  Min:  0.0, Avg:  0.0, Max:  0.0, Diff:  0.0, Sum:  0.0, Workers: 1
[2025-05-12T23:25:32.190+0300][1042.169s][36520] GC(24703)         WeakRef (ms):                  Min:  0.0, Avg:  0.0, Max:  0.0, Diff:  0.0, Sum:  0.0, Workers: 1
[2025-05-12T23:25:32.190+0300][1042.169s][36520] GC(24703)         FinalRef (ms):                 Min:  0.0, Avg:  0.0, Max:  0.0, Diff:  0.0, Sum:  0.0, Workers: 1
[2025-05-12T23:25:32.190+0300][1042.170s][36520] GC(24703)         Total (ms):                    Min:  0.0, Avg:  0.0, Max:  0.0, Diff:  0.0, Sum:  0.0, Workers: 1
[2025-05-12T23:25:32.190+0300][1042.170s][36520] GC(24703)       Notify and keep alive finalizable: 0.0ms
[2025-05-12T23:25:32.190+0300][1042.170s][36520] GC(24703)         FinalRef (ms):                 skipped
[2025-05-12T23:25:32.190+0300][1042.170s][36520] GC(24703)       Notify PhantomReferences: 0.0ms
[2025-05-12T23:25:32.190+0300][1042.170s][36520] GC(24703)         PhantomRef (ms):               skipped
[2025-05-12T23:25:32.190+0300][1042.170s][36520] GC(24703)       SoftReference Discovered: 0, Dropped: 0, Processed: 0
[2025-05-12T23:25:32.190+0300][1042.170s][36520] GC(24703)       WeakReference Discovered: 26, Dropped: 3, Processed: 23
[2025-05-12T23:25:32.190+0300][1042.170s][36520] GC(24703)       FinalReference Discovered: 0, Dropped: 0, Processed: 0
[2025-05-12T23:25:32.190+0300][1042.170s][36520] GC(24703)       PhantomReference Discovered: 0, Dropped: 0, Processed: 0
[2025-05-12T23:25:32.190+0300][1042.170s][36520] GC(24703)     Weak Processing: 0.1ms
[2025-05-12T23:25:32.190+0300][1042.170s][36520] GC(24703)       VM Weak                        Min:  0.0, Avg:  0.0, Max:  0.0, Diff:  0.0, Sum:  0.0, Workers: 10
[2025-05-12T23:25:32.190+0300][1042.170s][36520] GC(24703)         Dead                           Min: 0, Avg:  0.0, Max: 0, Diff: 0, Sum: 0, Workers: 10
[2025-05-12T23:25:32.190+0300][1042.170s][36520] GC(24703)         Total                          Min: 0, Avg:  6.7, Max: 63, Diff: 63, Sum: 67, Workers: 10
[2025-05-12T23:25:32.190+0300][1042.170s][36520] GC(24703)       ObjectSynchronizer Weak        Min:  0.0, Avg:  0.0, Max:  0.0, Diff:  0.0, Sum:  0.0, Workers: 10
[2025-05-12T23:25:32.190+0300][1042.170s][36520] GC(24703)         Dead                           Min: 0, Avg:  0.0, Max: 0, Diff: 0, Sum: 0, Workers: 10
[2025-05-12T23:25:32.190+0300][1042.170s][36520] GC(24703)         Total                          Min: 0, Avg:  0.1, Max: 1, Diff: 1, Sum: 1, Workers: 10
[2025-05-12T23:25:32.190+0300][1042.170s][36520] GC(24703)       JVMTI Tag Weak OopStorage      Min:  0.0, Avg:  0.1, Max:  0.1, Diff:  0.1, Sum:  0.6, Workers: 10
[2025-05-12T23:25:32.190+0300][1042.170s][36520] GC(24703)         Dead                           Min: 0, Avg:  0.0, Max: 0, Diff: 0, Sum: 0, Workers: 10
[2025-05-12T23:25:32.190+0300][1042.170s][36520] GC(24703)         Total                          Min: 0, Avg: 6289.9, Max: 7235, Diff: 7235, Sum: 62899, Workers: 10
[2025-05-12T23:25:32.190+0300][1042.170s][36520] GC(24703)       StringTable Weak               Min:  0.0, Avg:  0.0, Max:  0.0, Diff:  0.0, Sum:  0.2, Workers: 10
[2025-05-12T23:25:32.190+0300][1042.170s][36520] GC(24703)         Dead                           Min: 0, Avg:  1.7, Max: 9, Diff: 9, Sum: 17, Workers: 10
[2025-05-12T23:25:32.190+0300][1042.170s][36520] GC(24703)         Total                          Min: 0, Avg: 3952.9, Max: 5056, Diff: 5056, Sum: 39529, Workers: 10
[2025-05-12T23:25:32.190+0300][1042.170s][36520] GC(24703)       ResolvedMethodTable Weak       Min:  0.0, Avg:  0.0, Max:  0.0, Diff:  0.0, Sum:  0.0, Workers: 10
[2025-05-12T23:25:32.190+0300][1042.170s][36520] GC(24703)         Dead                           Min: 0, Avg:  0.0, Max: 0, Diff: 0, Sum: 0, Workers: 10
[2025-05-12T23:25:32.190+0300][1042.170s][36520] GC(24703)         Total                          Min: 0, Avg: 83.9, Max: 128, Diff: 128, Sum: 839, Workers: 10
[2025-05-12T23:25:32.190+0300][1042.170s][36520] GC(24703)       JNI Weak                       Min:  0.0, Avg:  0.0, Max:  0.0, Diff:  0.0, Sum:  0.0, Workers: 10
[2025-05-12T23:25:32.190+0300][1042.170s][36520] GC(24703)         Dead                           Min: 0, Avg:  0.0, Max: 0, Diff: 0, Sum: 0, Workers: 10
[2025-05-12T23:25:32.190+0300][1042.170s][36520] GC(24703)         Total                          Min: 0, Avg:  1.1, Max: 11, Diff: 11, Sum: 11, Workers: 10
[2025-05-12T23:25:32.190+0300][1042.170s][36520] GC(24703)       StringDedup Table Weak         Min:  0.0, Avg:  0.0, Max:  0.0, Diff:  0.0, Sum:  0.0, Workers: 10
[2025-05-12T23:25:32.190+0300][1042.170s][36520] GC(24703)         Dead                           Min: 0, Avg:  0.0, Max: 0, Diff: 0, Sum: 0, Workers: 10
[2025-05-12T23:25:32.190+0300][1042.170s][36520] GC(24703)         Total                          Min: 0, Avg:  0.0, Max: 0, Diff: 0, Sum: 0, Workers: 10
[2025-05-12T23:25:32.190+0300][1042.170s][36520] GC(24703)       StringDedup Requests0 Weak     Min:  0.0, Avg:  0.0, Max:  0.0, Diff:  0.0, Sum:  0.0, Workers: 10
[2025-05-12T23:25:32.190+0300][1042.170s][36520] GC(24703)         Dead                           Min: 0, Avg:  0.0, Max: 0, Diff: 0, Sum: 0, Workers: 10
[2025-05-12T23:25:32.190+0300][1042.170s][36520] GC(24703)         Total                          Min: 0, Avg:  0.0, Max: 0, Diff: 0, Sum: 0, Workers: 10
[2025-05-12T23:25:32.190+0300][1042.170s][36520] GC(24703)       StringDedup Requests1 Weak     Min:  0.0, Avg:  0.0, Max:  0.0, Diff:  0.0, Sum:  0.0, Workers: 10
[2025-05-12T23:25:32.190+0300][1042.170s][36520] GC(24703)         Dead                           Min: 0, Avg:  0.0, Max: 0, Diff: 0, Sum: 0, Workers: 10
[2025-05-12T23:25:32.190+0300][1042.170s][36520] GC(24703)         Total                          Min: 0, Avg:  0.0, Max: 0, Diff: 0, Sum: 0, Workers: 10
[2025-05-12T23:25:32.190+0300][1042.170s][36520] GC(24703)       Weak JFR Old Object Samples    Min:  0.0, Avg:  0.0, Max:  0.0, Diff:  0.0, Sum:  0.0, Workers: 10
[2025-05-12T23:25:32.190+0300][1042.170s][36520] GC(24703)         Dead                           Min: 0, Avg:  0.0, Max: 0, Diff: 0, Sum: 0, Workers: 10
[2025-05-12T23:25:32.190+0300][1042.170s][36520] GC(24703)         Total                          Min: 0, Avg:  0.0, Max: 0, Diff: 0, Sum: 0, Workers: 10
[2025-05-12T23:25:32.191+0300][1042.170s][36520] GC(24703)     Post Evacuate Cleanup 1: 0.1ms
[2025-05-12T23:25:32.191+0300][1042.170s][36520] GC(24703)       Merge Per-Thread State (ms):   Min:  0.0, Avg:  0.0, Max:  0.0, Diff:  0.0, Sum:  0.0, Workers: 1
[2025-05-12T23:25:32.191+0300][1042.170s][36520] GC(24703)         Copied Bytes                   Min: 0, Avg:  0.0, Max: 0, Diff: 0, Sum: 0, Workers: 2
[2025-05-12T23:25:32.191+0300][1042.170s][36520] GC(24703)         LAB Waste                      Min: 0, Avg:  0.0, Max: 0, Diff: 0, Sum: 0, Workers: 2
[2025-05-12T23:25:32.191+0300][1042.170s][36520] GC(24703)         LAB Undo Waste                 Min: 0, Avg:  0.0, Max: 0, Diff: 0, Sum: 0, Workers: 2
[2025-05-12T23:25:32.191+0300][1042.170s][36520] GC(24703)       Clear Logged Cards (ms):       Min:  0.0, Avg:  0.0, Max:  0.0, Diff:  0.0, Sum:  0.0, Workers: 2
[2025-05-12T23:25:32.191+0300][1042.170s][36520] GC(24703)       Recalculate Used Memory (ms):  Min:  0.0, Avg:  0.0, Max:  0.0, Diff:  0.0, Sum:  0.0, Workers: 1
[2025-05-12T23:25:32.191+0300][1042.170s][36520] GC(24703)       Restore Retained Regions (ms): Min:  0.1, Avg:  0.1, Max:  0.1, Diff:  0.0, Sum:  0.1, Workers: 2
[2025-05-12T23:25:32.191+0300][1042.170s][36520] GC(24703)         Evacuation Failure Regions:    Min: 1, Avg:  1.0, Max: 1, Diff: 0, Sum: 1, Workers: 1
[2025-05-12T23:25:32.191+0300][1042.170s][36520] GC(24703)         Remove Self Forwards (ms):     Min:  0.0, Avg:  0.0, Max:  0.1, Diff:  0.0, Sum:  0.1, Workers: 2
[2025-05-12T23:25:32.191+0300][1042.170s][36520] GC(24703)           Forward Chunks:                Min: 20, Avg: 26.0, Max: 32, Diff: 12, Sum: 52, Workers: 2
[2025-05-12T23:25:32.191+0300][1042.170s][36520] GC(24703)           Empty Forward Chunks:          Min: 3, Avg:  6.0, Max: 9, Diff: 6, Sum: 12, Workers: 2
[2025-05-12T23:25:32.191+0300][1042.170s][36520] GC(24703)           Forward Objects:               Min: 1381, Avg: 1431.0, Max: 1481, Diff: 100, Sum: 2862, Workers: 2
[2025-05-12T23:25:32.191+0300][1042.170s][36520] GC(24703)           Forward Bytes:                 Min: 65048, Avg: 75716.0, Max: 86384, Diff: 21336, Sum: 151432, Workers: 2
[2025-05-12T23:25:32.191+0300][1042.170s][36520] GC(24703)     Post Evacuate Cleanup 2: 0.2ms
[2025-05-12T23:25:32.191+0300][1042.170s][36520] GC(24703)       Recalculate Used Memory (ms):  Min:  0.0, Avg:  0.0, Max:  0.0, Diff:  0.0, Sum:  0.0, Workers: 1
[2025-05-12T23:25:32.191+0300][1042.170s][36520] GC(24703)       Restore Preserved Marks (ms):  Min:  0.0, Avg:  0.0, Max:  0.0, Diff:  0.0, Sum:  0.0, Workers: 2
[2025-05-12T23:25:32.191+0300][1042.170s][36520] GC(24703)       Clear Retained Region Bitmaps (ms): Min:  0.0, Avg:  0.0, Max:  0.0, Diff:  0.0, Sum:  0.0, Workers: 2
[2025-05-12T23:25:32.191+0300][1042.170s][36520] GC(24703)       Update Derived Pointers (ms):  Min:  0.0, Avg:  0.0, Max:  0.0, Diff:  0.0, Sum:  0.0, Workers: 1
[2025-05-12T23:25:32.191+0300][1042.170s][36520] GC(24703)       Eagerly Reclaim Humongous Objects (ms): skipped
[2025-05-12T23:25:32.191+0300][1042.170s][36520] GC(24703)         Humongous Total                skipped
[2025-05-12T23:25:32.191+0300][1042.170s][36520] GC(24703)         Humongous Candidates           skipped
[2025-05-12T23:25:32.191+0300][1042.170s][36520] GC(24703)         Humongous Reclaimed            skipped
[2025-05-12T23:25:32.191+0300][1042.170s][36520] GC(24703)       Redirty Logged Cards (ms):     Min:  0.0, Avg:  0.0, Max:  0.0, Diff:  0.0, Sum:  0.0, Workers: 2
[2025-05-12T23:25:32.191+0300][1042.170s][36520] GC(24703)         Redirtied Cards:               Min: 0, Avg:  0.0, Max: 0, Diff: 0, Sum: 0, Workers: 2
[2025-05-12T23:25:32.191+0300][1042.170s][36520] GC(24703)       Resize TLABs (ms):             Min:  0.0, Avg:  0.0, Max:  0.0, Diff:  0.0, Sum:  0.0, Workers: 2
[2025-05-12T23:25:32.191+0300][1042.170s][36520] GC(24703)       Free Collection Set (ms):      Min:  0.0, Avg:  0.0, Max:  0.0, Diff:  0.0, Sum:  0.0, Workers: 2
[2025-05-12T23:25:32.191+0300][1042.171s][36520] GC(24703)     Rebuild Free List: 0.0ms
[2025-05-12T23:25:32.191+0300][1042.171s][36520] GC(24703)     Prepare For Mutator: 0.1ms
[2025-05-12T23:25:32.191+0300][1042.171s][36520] GC(24703)     Expand Heap After Collection: 0.0ms
[2025-05-12T23:25:32.191+0300][1042.171s][36520] GC(24703)   Other: 0.3ms
[2025-05-12T23:25:32.191+0300][1042.171s][36520] GC(24703) Coarsening (recent): Inline->AoC 0 (0) AoC->Howl 0 (0) Howl->Full 0 (0) Inline->AoC 0 (0) AoC->BitMap 0 (0) BitMap->Full 0 (0) 
[2025-05-12T23:25:32.191+0300][1042.171s][36520] GC(24703) Coarsening (all): Inline->AoC 10920 (0) AoC->Howl 7731 (0) Howl->Full 0 (0) Inline->AoC 10809 (0) AoC->BitMap 7399 (0) BitMap->Full 0 (0) 
[2025-05-12T23:25:32.192+0300][1042.171s][36520] GC(24703) Eden regions: 1->0(0)
[2025-05-12T23:25:32.192+0300][1042.171s][36520] GC(24703) Survivor regions: 0->0(0)
[2025-05-12T23:25:32.192+0300][1042.171s][36520] GC(24703) Old regions: 11->12
[2025-05-12T23:25:32.192+0300][1042.171s][36520] GC(24703) Humongous regions: 0->0
[2025-05-12T23:25:32.192+0300][1042.171s][36520] GC(24703) Metaspace: 10759K(12736K)->10759K(12736K) NonClass: 9683K(11328K)->9683K(11328K) Class: 1076K(1408K)->1076K(1408K)
[2025-05-12T23:25:32.192+0300][1042.171s][36520] GC(24703) Heap after GC invocations=21168 (full 7090):
[2025-05-12T23:25:32.192+0300][1042.171s][36520] GC(24703)  garbage-first heap   total 12288K, used 12233K [0x00000000ff400000, 0x0000000100000000)
[2025-05-12T23:25:32.192+0300][1042.171s][36520] GC(24703)   region size 1024K, 0 young (0K), 0 survivors (0K)
[2025-05-12T23:25:32.192+0300][1042.171s][36520] GC(24703)  Metaspace       used 10759K, committed 12736K, reserved 1114112K
[2025-05-12T23:25:32.192+0300][1042.171s][36520] GC(24703)   class space    used 1076K, committed 1408K, reserved 1048576K
[2025-05-12T23:25:32.192+0300][1042.171s][36520] GC(24703) Pause Young (Normal) (G1 Evacuation Pause) (Evacuation Failure) 11M->11M(12M) 3.471ms
[2025-05-12T23:25:32.192+0300][1042.171s][36520] GC(24703) User=0.02s Sys=0.00s Real=0.00s
[2025-05-12T23:25:32.192+0300][1042.171s][36520] Attempt heap expansion (allocation request failed). Allocation request: 2048B
[2025-05-12T23:25:32.192+0300][1042.171s][36520] Expand the heap. requested expansion amount: 1048576B expansion amount: 1048576B
[2025-05-12T23:25:32.192+0300][1042.171s][36520] Did not expand the heap (heap already fully expanded)
[2025-05-12T23:25:32.192+0300][1042.171s][36520] Attempting full compaction
[2025-05-12T23:25:32.192+0300][1042.171s][36520] GC(24704) Pause Full (G1 Compaction Pause)
[2025-05-12T23:25:32.192+0300][1042.171s][36520] GC(24704) Heap before GC invocations=21168 (full 7090):
[2025-05-12T23:25:32.192+0300][1042.171s][36520] GC(24704)  garbage-first heap   total 12288K, used 12233K [0x00000000ff400000, 0x0000000100000000)
[2025-05-12T23:25:32.192+0300][1042.171s][36520] GC(24704)   region size 1024K, 0 young (0K), 0 survivors (0K)
[2025-05-12T23:25:32.192+0300][1042.171s][36520] GC(24704)  Metaspace       used 10759K, committed 12736K, reserved 1114112K
[2025-05-12T23:25:32.192+0300][1042.171s][36520] GC(24704)   class space    used 1076K, committed 1408K, reserved 1048576K
[2025-05-12T23:25:32.192+0300][1042.171s][36520] GC(24704) Requesting 1 active workers for full compaction (waste limited workers: 1, adaptive workers: 2, used limited workers: 12)
[2025-05-12T23:25:32.192+0300][1042.171s][36520] GC(24704) Using 1 workers of 10 for full compaction
[2025-05-12T23:25:32.192+0300][1042.171s][36520] GC(24704) Mutator Allocation stats, regions: 0, wasted size: 0B ( 0.0%)
[2025-05-12T23:25:32.192+0300][1042.171s][36520] GC(24704) Phase 1: Mark live objects
[2025-05-12T23:25:32.200+0300][1042.179s][36520] GC(24704) Phase 1: Reference Processing
[2025-05-12T23:25:32.200+0300][1042.179s][36520] GC(24704) ReferenceProcessor::execute queues: 1, RefProcThreadModel::Single, marks_oops_alive: false
[2025-05-12T23:25:32.200+0300][1042.179s][36520] GC(24704) Skipped KeepAliveFinalRefsPhase of Reference Processing: no references
[2025-05-12T23:25:32.200+0300][1042.179s][36520] GC(24704) ReferenceProcessor::execute queues: 1, RefProcThreadModel::Single, marks_oops_alive: false
[2025-05-12T23:25:32.200+0300][1042.179s][36520] GC(24704) Reference Processing: 0.0ms
[2025-05-12T23:25:32.200+0300][1042.179s][36520] GC(24704)   Notify Soft/WeakReferences: 0.0ms
[2025-05-12T23:25:32.200+0300][1042.179s][36520] GC(24704)     SoftRef: 0.0ms
[2025-05-12T23:25:32.200+0300][1042.179s][36520] GC(24704)     WeakRef: 0.0ms
[2025-05-12T23:25:32.200+0300][1042.179s][36520] GC(24704)     FinalRef: 0.0ms
[2025-05-12T23:25:32.200+0300][1042.179s][36520] GC(24704)     Total: 0.0ms
[2025-05-12T23:25:32.200+0300][1042.179s][36520] GC(24704)   Notify and keep alive finalizable: 0.0ms
[2025-05-12T23:25:32.200+0300][1042.179s][36520] GC(24704)     FinalRef: skipped
[2025-05-12T23:25:32.200+0300][1042.179s][36520] GC(24704)   Notify PhantomReferences: 0.0ms
[2025-05-12T23:25:32.200+0300][1042.179s][36520] GC(24704)     PhantomRef: 0.0ms
[2025-05-12T23:25:32.200+0300][1042.179s][36520] GC(24704)   SoftReference Discovered: 46, Dropped: 4, Processed: 42
[2025-05-12T23:25:32.200+0300][1042.179s][36520] GC(24704)   WeakReference Discovered: 34, Dropped: 13, Processed: 21
[2025-05-12T23:25:32.200+0300][1042.179s][36520] GC(24704)   FinalReference Discovered: 0, Dropped: 0, Processed: 0
[2025-05-12T23:25:32.200+0300][1042.179s][36520] GC(24704)   PhantomReference Discovered: 23, Dropped: 23, Processed: 0
[2025-05-12T23:25:32.200+0300][1042.179s][36520] GC(24704) Phase 1: Reference Processing 0.211ms
[2025-05-12T23:25:32.200+0300][1042.179s][36520] GC(24704) Phase 1: Weak Processing
[2025-05-12T23:25:32.200+0300][1042.179s][36520] GC(24704)   VM Weak                        Min:  0.0, Avg:  0.0, Max:  0.0, Diff:  0.0, Sum:  0.0, Workers: 10
[2025-05-12T23:25:32.200+0300][1042.179s][36520] GC(24704)     Dead                           Min: 0, Avg:  2.1, Max: 21, Diff: 21, Sum: 21, Workers: 10
[2025-05-12T23:25:32.200+0300][1042.179s][36520] GC(24704)     Total                          Min: 0, Avg:  6.7, Max: 67, Diff: 67, Sum: 67, Workers: 10
[2025-05-12T23:25:32.200+0300][1042.179s][36520] GC(24704)   ObjectSynchronizer Weak        Min:  0.0, Avg:  0.0, Max:  0.0, Diff:  0.0, Sum:  0.0, Workers: 10
[2025-05-12T23:25:32.200+0300][1042.179s][36520] GC(24704)     Dead                           Min: 0, Avg:  0.0, Max: 0, Diff: 0, Sum: 0, Workers: 10
[2025-05-12T23:25:32.200+0300][1042.179s][36520] GC(24704)     Total                          Min: 0, Avg:  0.1, Max: 1, Diff: 1, Sum: 1, Workers: 10
[2025-05-12T23:25:32.200+0300][1042.179s][36520] GC(24704)   JVMTI Tag Weak OopStorage      Min:  0.0, Avg:  0.1, Max:  0.1, Diff:  0.0, Sum:  0.6, Workers: 10
[2025-05-12T23:25:32.200+0300][1042.179s][36520] GC(24704)     Dead                           Min: 0, Avg:  2.1, Max: 21, Diff: 21, Sum: 21, Workers: 10
[2025-05-12T23:25:32.200+0300][1042.179s][36520] GC(24704)     Total                          Min: 3135, Avg: 6289.9, Max: 8168, Diff: 5033, Sum: 62899, Workers: 10
[2025-05-12T23:25:32.200+0300][1042.179s][36520] GC(24704)   StringTable Weak               Min:  0.0, Avg:  0.0, Max:  0.0, Diff:  0.0, Sum:  0.3, Workers: 10
[2025-05-12T23:25:32.200+0300][1042.179s][36520] GC(24704)     Dead                           Min: 1, Avg: 14.1, Max: 41, Diff: 40, Sum: 141, Workers: 10
[2025-05-12T23:25:32.200+0300][1042.180s][36520] GC(24704)     Total                          Min: 3647, Avg: 3952.9, Max: 4224, Diff: 577, Sum: 39529, Workers: 10
[2025-05-12T23:25:32.200+0300][1042.180s][36520] GC(24704)   ResolvedMethodTable Weak       Min:  0.0, Avg:  0.0, Max:  0.0, Diff:  0.0, Sum:  0.0, Workers: 10
[2025-05-12T23:25:32.200+0300][1042.180s][36520] GC(24704)     Dead                           Min: 0, Avg:  5.2, Max: 17, Diff: 17, Sum: 52, Workers: 10
[2025-05-12T23:25:32.200+0300][1042.180s][36520] GC(24704)     Total                          Min: 0, Avg: 83.9, Max: 128, Diff: 128, Sum: 839, Workers: 10
[2025-05-12T23:25:32.200+0300][1042.180s][36520] GC(24704)   JNI Weak                       Min:  0.0, Avg:  0.0, Max:  0.0, Diff:  0.0, Sum:  0.0, Workers: 10
[2025-05-12T23:25:32.200+0300][1042.180s][36520] GC(24704)     Dead                           Min: 0, Avg:  0.0, Max: 0, Diff: 0, Sum: 0, Workers: 10
[2025-05-12T23:25:32.200+0300][1042.180s][36520] GC(24704)     Total                          Min: 0, Avg:  1.1, Max: 11, Diff: 11, Sum: 11, Workers: 10
[2025-05-12T23:25:32.200+0300][1042.180s][36520] GC(24704)   StringDedup Table Weak         Min:  0.0, Avg:  0.0, Max:  0.0, Diff:  0.0, Sum:  0.0, Workers: 10
[2025-05-12T23:25:32.200+0300][1042.180s][36520] GC(24704)     Dead                           Min: 0, Avg:  0.0, Max: 0, Diff: 0, Sum: 0, Workers: 10
[2025-05-12T23:25:32.200+0300][1042.180s][36520] GC(24704)     Total                          Min: 0, Avg:  0.0, Max: 0, Diff: 0, Sum: 0, Workers: 10
[2025-05-12T23:25:32.200+0300][1042.180s][36520] GC(24704)   StringDedup Requests0 Weak     Min:  0.0, Avg:  0.0, Max:  0.0, Diff:  0.0, Sum:  0.0, Workers: 10
[2025-05-12T23:25:32.200+0300][1042.180s][36520] GC(24704)     Dead                           Min: 0, Avg:  0.0, Max: 0, Diff: 0, Sum: 0, Workers: 10
[2025-05-12T23:25:32.200+0300][1042.180s][36520] GC(24704)     Total                          Min: 0, Avg:  0.0, Max: 0, Diff: 0, Sum: 0, Workers: 10
[2025-05-12T23:25:32.200+0300][1042.180s][36520] GC(24704)   StringDedup Requests1 Weak     Min:  0.0, Avg:  0.0, Max:  0.0, Diff:  0.0, Sum:  0.0, Workers: 10
[2025-05-12T23:25:32.200+0300][1042.180s][36520] GC(24704)     Dead                           Min: 0, Avg:  0.0, Max: 0, Diff: 0, Sum: 0, Workers: 10
[2025-05-12T23:25:32.200+0300][1042.180s][36520] GC(24704)     Total                          Min: 0, Avg:  0.0, Max: 0, Diff: 0, Sum: 0, Workers: 10
[2025-05-12T23:25:32.200+0300][1042.180s][36520] GC(24704)   Weak JFR Old Object Samples    Min:  0.0, Avg:  0.0, Max:  0.0, Diff:  0.0, Sum:  0.0, Workers: 10
[2025-05-12T23:25:32.200+0300][1042.180s][36520] GC(24704)     Dead                           Min: 0, Avg:  0.0, Max: 0, Diff: 0, Sum: 0, Workers: 10
[2025-05-12T23:25:32.200+0300][1042.180s][36520] GC(24704)     Total                          Min: 0, Avg:  0.0, Max: 0, Diff: 0, Sum: 0, Workers: 10
[2025-05-12T23:25:32.200+0300][1042.180s][36520] GC(24704) Phase 1: Weak Processing 0.485ms
[2025-05-12T23:25:32.200+0300][1042.180s][36520] GC(24704) Phase 1: Class Unloading and Cleanup
[2025-05-12T23:25:32.200+0300][1042.180s][36520] GC(24704) ClassLoaderData
[2025-05-12T23:25:32.200+0300][1042.180s][36520] GC(24704) ClassLoaderData 0.071ms
[2025-05-12T23:25:32.200+0300][1042.180s][36520] GC(24704) Trigger cleanups
[2025-05-12T23:25:32.200+0300][1042.180s][36520] GC(24704) Trigger cleanups 0.009ms
[2025-05-12T23:25:32.204+0300][1042.184s][36520] GC(24704) Phase 1: Class Unloading and Cleanup 4.045ms
[2025-05-12T23:25:32.204+0300][1042.184s][36520] GC(24704) Report Object Count
[2025-05-12T23:25:32.204+0300][1042.184s][36520] GC(24704) Report Object Count 0.017ms
[2025-05-12T23:25:32.204+0300][1042.184s][36520] GC(24704) Phase 1: Mark live objects 12.802ms
[2025-05-12T23:25:32.204+0300][1042.184s][36520] GC(24704) Phase 2: Prepare compaction
[2025-05-12T23:25:32.204+0300][1042.184s][36520] GC(24704) Phase 2: Determine work lists
[2025-05-12T23:25:32.204+0300][1042.184s][36520] GC(24704) Phase 2: Determine work lists 0.010ms
[2025-05-12T23:25:32.204+0300][1042.184s][36520] GC(24704) Phase 2: Prepare parallel compaction
[2025-05-12T23:25:32.204+0300][1042.184s][36520] GC(24704) Phase 2: Prepare parallel compaction 0.262ms
[2025-05-12T23:25:32.205+0300][1042.184s][36520] GC(24704) Phase 2: Prepare compaction 0.322ms
[2025-05-12T23:25:32.205+0300][1042.184s][36520] GC(24704) Phase 3: Adjust pointers
[2025-05-12T23:25:32.209+0300][1042.189s][36520] GC(24704) Phase 3: Adjust pointers 4.347ms
[2025-05-12T23:25:32.209+0300][1042.189s][36520] GC(24704) Phase 4: Compact heap
[2025-05-12T23:25:32.209+0300][1042.189s][36520] GC(24704) Phase 4: Compact heap 0.167ms
[2025-05-12T23:25:32.209+0300][1042.189s][36520] GC(24704) Phase 5: Reset Metadata
[2025-05-12T23:25:32.211+0300][1042.190s][36520] GC(24704) Phase 5: Reset Metadata 1.687ms
[2025-05-12T23:25:32.211+0300][1042.191s][36520] GC(24704) Running G1 Clear Bitmap with 1 workers for 1 work units.
[2025-05-12T23:25:32.213+0300][1042.192s][36520] GC(24704) Request concurrent cycle initiation (occupancy higher than threshold) occupancy: 11534336B allocation request: 0B threshold: 3698208B (29.39) source: end of Full GC
[2025-05-12T23:25:32.214+0300][1042.192s][36520] Old generation allocation in the last mutator period, old gen allocated: 0B, humongous allocated: 0B, old gen growth: 0B.
[2025-05-12T23:25:32.214+0300][1042.192s][36520] GC(24704) Coarsening (recent): Inline->AoC 0 (0) AoC->Howl 0 (0) Howl->Full 0 (0) Inline->AoC 0 (0) AoC->BitMap 0 (0) BitMap->Full 0 (0) 
[2025-05-12T23:25:32.214+0300][1042.193s][36520] GC(24704) Coarsening (all): Inline->AoC 10920 (0) AoC->Howl 7731 (0) Howl->Full 0 (0) Inline->AoC 10809 (0) AoC->BitMap 7399 (0) BitMap->Full 0 (0) 
[2025-05-12T23:25:32.214+0300][1042.193s][36520] GC(24704) Eden regions: 0->0(1)
[2025-05-12T23:25:32.214+0300][1042.193s][36520] GC(24704) Survivor regions: 0->0(0)
[2025-05-12T23:25:32.214+0300][1042.193s][36520] GC(24704) Old regions: 12->11
[2025-05-12T23:25:32.214+0300][1042.193s][36520] GC(24704) Humongous regions: 0->0
[2025-05-12T23:25:32.214+0300][1042.193s][36520] GC(24704) Metaspace: 10759K(12736K)->10716K(12736K) NonClass: 9683K(11328K)->9652K(11328K) Class: 1076K(1408K)->1064K(1408K)
[2025-05-12T23:25:32.214+0300][1042.193s][36520] GC(24704) Heap after GC invocations=21169 (full 7091):
[2025-05-12T23:25:32.214+0300][1042.193s][36520] GC(24704)  garbage-first heap   total 12288K, used 11167K [0x00000000ff400000, 0x0000000100000000)
[2025-05-12T23:25:32.214+0300][1042.193s][36520] GC(24704)   region size 1024K, 0 young (0K), 0 survivors (0K)
[2025-05-12T23:25:32.214+0300][1042.193s][36520] GC(24704)  Metaspace       used 10716K, committed 12736K, reserved 1114112K
[2025-05-12T23:25:32.214+0300][1042.193s][36520] GC(24704)   class space    used 1064K, committed 1408K, reserved 1048576K
[2025-05-12T23:25:32.214+0300][1042.193s][36520] GC(24704) Pause Full (G1 Compaction Pause) 11M->10M(12M) 21.764ms
[2025-05-12T23:25:32.214+0300][1042.193s][36520] GC(24704) User=0.00s Sys=0.00s Real=0.02s
[2025-05-12T23:25:32.214+0300][1042.193s][9340 ] G1 Service Thread (Card Set Free Memory Task) (run: 23.926ms) (cpu: 0.000ms)
[2025-05-12T23:25:32.230+0300][1042.209s][36520] GC(24705) Initiate concurrent cycle (concurrent cycle initiation requested)
[2025-05-12T23:25:32.230+0300][1042.209s][36520] GC(24705) Pause Young (Concurrent Start) (G1 Evacuation Pause)
[2025-05-12T23:25:32.230+0300][1042.209s][36520] GC(24705) Heap before GC invocations=21169 (full 7091):
[2025-05-12T23:25:32.230+0300][1042.209s][36520] GC(24705)  garbage-first heap   total 12288K, used 12191K [0x00000000ff400000, 0x0000000100000000)
[2025-05-12T23:25:32.230+0300][1042.209s][36520] GC(24705)   region size 1024K, 1 young (1024K), 0 survivors (0K)
[2025-05-12T23:25:32.230+0300][1042.209s][36520] GC(24705)  Metaspace       used 10757K, committed 12736K, reserved 1114112K
[2025-05-12T23:25:32.230+0300][1042.209s][36520] GC(24705)   class space    used 1075K, committed 1408K, reserved 1048576K
[2025-05-12T23:25:32.230+0300][1042.209s][36520] GC(24705) Using 2 workers of 10 for evacuation
[2025-05-12T23:25:32.230+0300][1042.209s][36520] GC(24705) Desired survivor size 524288 bytes, new threshold 15 (max threshold 15)
[2025-05-12T23:25:32.230+0300][1042.209s][36520] GC(24705) TLAB totals: thrds: 2  refills: 319 max: 318 slow allocs: 158 max 158 waste: 22.3% gc: 2144B max: 2144B slow: 190688B max: 190688B
[2025-05-12T23:25:32.230+0300][1042.209s][36520] GC(24705) Mutator refinement: 0.00ms, refined: 0, precleaned: 0, dirtied: 90
[2025-05-12T23:25:32.230+0300][1042.209s][36520] GC(24705) Concurrent refinement: 0.00ms, refined: 0, precleaned: 0, dirtied: 0
[2025-05-12T23:25:32.230+0300][1042.209s][36520] GC(24705) Total refinement: 0.00ms, refined: 0, precleaned: 0, dirtied: 90
[2025-05-12T23:25:32.230+0300][1042.209s][36520] GC(24705) Generate dirty cards rate: 5.32 cards/ms
[2025-05-12T23:25:32.230+0300][1042.209s][36520] GC(24705) Mutator Allocation stats, regions: 1, wasted size: 1304B ( 0.1%)
[2025-05-12T23:25:32.230+0300][1042.209s][36520] GC(24705) No candidates to reclaim.
[2025-05-12T23:25:32.230+0300][1042.210s][36520] GC(24705) Running G1 Merge Heap Roots using 2 workers for 1 regions
[2025-05-12T23:25:32.230+0300][1042.210s][36520] GC(24705) Visited cards 992 Total dirty 12288 (8.07%) Total old 26624 (3.73%)
[2025-05-12T23:25:32.230+0300][1042.210s][34024] GC(24705) Attempt heap expansion (region allocation request failed). Allocation request: 2064B
[2025-05-12T23:25:32.230+0300][1042.210s][34024] GC(24705) Did not expand the heap (heap already fully expanded)
[2025-05-12T23:25:32.231+0300][1042.210s][36520] GC(24705) ReferenceProcessor::execute queues: 1, RefProcThreadModel::Single, marks_oops_alive: false
[2025-05-12T23:25:32.231+0300][1042.210s][36520] GC(24705) Skipped KeepAliveFinalRefsPhase of Reference Processing: no references
[2025-05-12T23:25:32.231+0300][1042.210s][36520] GC(24705) Skipped PhantomRefsPhase of Reference Processing: no references
[2025-05-12T23:25:32.231+0300][1042.210s][36520] GC(24705) Initializing removing self forwards with 64 chunks per region
[2025-05-12T23:25:32.231+0300][1042.211s][36520] GC(24705) Running G1 Rebuild Free List Task using 2 workers for rebuilding free list of regions
[2025-05-12T23:25:32.231+0300][1042.211s][36520] GC(24705) Young PLAB allocation: allocated: 0B, wasted: 0B, unused: 0B, used: 0B, undo waste: 0B, 
[2025-05-12T23:25:32.232+0300][1042.211s][36520] GC(24705) Young other allocation: region end waste: 0B, regions filled: 0, num plab filled: 2, direct allocated: 0B, num direct allocated: 0, failure used: 0B, failure wasted: 0B
[2025-05-12T23:25:32.232+0300][1042.211s][36520] GC(24705) Young sizing: calculated: 0B, actual: 2064B
[2025-05-12T23:25:32.232+0300][1042.211s][36520] GC(24705) Old PLAB allocation: allocated: 0B, wasted: 0B, unused: 0B, used: 0B, undo waste: 0B, 
[2025-05-12T23:25:32.232+0300][1042.211s][36520] GC(24705) Old other allocation: region end waste: 0B, regions filled: 0, num plab filled: 2, direct allocated: 0B, num direct allocated: 0, failure used: 221120B, failure wasted: 827456B
[2025-05-12T23:25:32.232+0300][1042.211s][36520] GC(24705) Old sizing: calculated: 0B, actual: 2064B
[2025-05-12T23:25:32.232+0300][1042.211s][36520] GC(24705) Heap expansion: short term pause time ratio 40.26% long term pause time ratio 41.86% threshold 7.69% pause time ratio 7.69% fully expanded true resize by 0B
[2025-05-12T23:25:32.232+0300][1042.211s][9340 ] G1 Service Thread (Card Set Free Memory Task) (run 0.010ms after schedule)
[2025-05-12T23:25:32.232+0300][1042.211s][36520] GC(24705) MMU: 6.6ms (200.0ms/201.0ms)
[2025-05-12T23:25:32.232+0300][1042.211s][36520] Old generation allocation in the last mutator period, old gen allocated: 1048576B, humongous allocated: 0B, old gen growth: 1048576B.
[2025-05-12T23:25:32.232+0300][1042.211s][36520] GC(24705) Basic information (value update), threshold: 3562136B (28.31), target occupancy: 12582912B, current occupancy: 12483648B, recent allocation size: 1048576B, recent allocation duration: 16.91ms, recent old gen allocation rate: 62001158.93B/s, recent marking phase length: 120.12ms
[2025-05-12T23:25:32.232+0300][1042.211s][36520] GC(24705) Adaptive IHOP information (value update), threshold: 3562136B (33.31), internal target occupancy: 10695475B, occupancy: 12483648B, additional buffer size: 1048576B, predicted old gen allocation rate: 50419444.49B/s, predicted marking phase length: 120.68ms, prediction active: true
[2025-05-12T23:25:32.232+0300][1042.211s][36520] GC(24705) GC refinement: goal: 18446744073709551615 + 103 / 20.00ms, actual: 90 / 0.03ms, 
[2025-05-12T23:25:32.232+0300][1042.211s][36520] GC(24705) Unchanged pending cards target: 18446744073709551615
[2025-05-12T23:25:32.232+0300][1042.211s][36520] GC(24705)   Pre Evacuate Collection Set: 0.2ms
[2025-05-12T23:25:32.232+0300][1042.211s][36520] GC(24705)     Pre Evacuate Prepare: 0.1ms
[2025-05-12T23:25:32.232+0300][1042.211s][36520] GC(24705)       JT Retire TLABs And Flush Logs (ms): Min:  0.0, Avg:  0.0, Max:  0.0, Diff:  0.0, Sum:  0.0, Workers: 2
[2025-05-12T23:25:32.232+0300][1042.211s][36520] GC(24705)       Non-JT Flush Logs (ms):        Min:  0.0, Avg:  0.0, Max:  0.0, Diff:  0.0, Sum:  0.0, Workers: 1
[2025-05-12T23:25:32.232+0300][1042.211s][36520] GC(24705)     Choose Collection Set: 0.0ms
[2025-05-12T23:25:32.232+0300][1042.211s][36520] GC(24705)     Region Register: 0.1ms
[2025-05-12T23:25:32.232+0300][1042.211s][36520] GC(24705)     Prepare Heap Roots: 0.0ms
[2025-05-12T23:25:32.232+0300][1042.211s][36520] GC(24705)     Reset Marking State (ms):      Min:  0.0, Avg:  0.0, Max:  0.0, Diff:  0.0, Sum:  0.0, Workers: 1
[2025-05-12T23:25:32.232+0300][1042.211s][36520] GC(24705)     Note Start Of Mark (ms):       Min:  0.0, Avg:  0.0, Max:  0.0, Diff:  0.0, Sum:  0.0, Workers: 2
[2025-05-12T23:25:32.232+0300][1042.211s][36520] GC(24705)   Merge Heap Roots: 0.1ms
[2025-05-12T23:25:32.232+0300][1042.211s][36520] GC(24705)     Prepare Merge Heap Roots: 0.0ms
[2025-05-12T23:25:32.232+0300][1042.211s][36520] GC(24705)     Remembered Sets (ms):          Min:  0.0, Avg:  0.0, Max:  0.0, Diff:  0.0, Sum:  0.0, Workers: 2
[2025-05-12T23:25:32.232+0300][1042.211s][36520] GC(24705)       Eager Reclaim (ms):            skipped
[2025-05-12T23:25:32.232+0300][1042.211s][36520] GC(24705)       Merged Inline                  Min: 0, Avg:  0.0, Max: 0, Diff: 0, Sum: 0, Workers: 2
[2025-05-12T23:25:32.232+0300][1042.211s][36520] GC(24705)       Merged ArrayOfCards            Min: 0, Avg:  0.0, Max: 0, Diff: 0, Sum: 0, Workers: 2
[2025-05-12T23:25:32.232+0300][1042.211s][36520] GC(24705)       Merged Howl                    Min: 0, Avg:  0.0, Max: 0, Diff: 0, Sum: 0, Workers: 2
[2025-05-12T23:25:32.232+0300][1042.211s][36520] GC(24705)       Merged Full                    Min: 0, Avg:  0.0, Max: 0, Diff: 0, Sum: 0, Workers: 2
[2025-05-12T23:25:32.232+0300][1042.211s][36520] GC(24705)       Merged Howl Inline             Min: 0, Avg:  0.0, Max: 0, Diff: 0, Sum: 0, Workers: 2
[2025-05-12T23:25:32.232+0300][1042.211s][36520] GC(24705)       Merged Howl ArrayOfCards       Min: 0, Avg:  0.0, Max: 0, Diff: 0, Sum: 0, Workers: 2
[2025-05-12T23:25:32.232+0300][1042.211s][36520] GC(24705)       Merged Howl BitMap             Min: 0, Avg:  0.0, Max: 0, Diff: 0, Sum: 0, Workers: 2
[2025-05-12T23:25:32.232+0300][1042.211s][36520] GC(24705)       Merged Howl Full               Min: 0, Avg:  0.0, Max: 0, Diff: 0, Sum: 0, Workers: 2
[2025-05-12T23:25:32.232+0300][1042.211s][36520] GC(24705)       Merged Cards                   Min: 8, Avg:  8.0, Max: 8, Diff: 0, Sum: 16, Workers: 2
[2025-05-12T23:25:32.232+0300][1042.211s][36520] GC(24705)     Log Buffers (ms):              Min:  0.0, Avg:  0.0, Max:  0.0, Diff:  0.0, Sum:  0.0, Workers: 2
[2025-05-12T23:25:32.232+0300][1042.211s][36520] GC(24705)       Dirty Cards:                   Min: 0, Avg: 45.0, Max: 90, Diff: 90, Sum: 90, Workers: 2
[2025-05-12T23:25:32.232+0300][1042.211s][36520] GC(24705)       Skipped Cards:                 Min: 0, Avg:  0.0, Max: 0, Diff: 0, Sum: 0, Workers: 2
[2025-05-12T23:25:32.232+0300][1042.211s][36520] GC(24705)   Evacuate Collection Set: 0.5ms
[2025-05-12T23:25:32.232+0300][1042.211s][36520] GC(24705)     Ext Root Scanning (ms):        Min:  0.2, Avg:  0.2, Max:  0.2, Diff:  0.0, Sum:  0.3, Workers: 2
[2025-05-12T23:25:32.232+0300][1042.211s][36520] GC(24705)     Scan Heap Roots (ms):          Min:  0.0, Avg:  0.0, Max:  0.0, Diff:  0.0, Sum:  0.1, Workers: 2
[2025-05-12T23:25:32.232+0300][1042.211s][36520] GC(24705)       Scanned Cards:                 Min: 41, Avg: 45.0, Max: 49, Diff: 8, Sum: 90, Workers: 2
[2025-05-12T23:25:32.232+0300][1042.211s][36520] GC(24705)       Scanned Blocks:                Min: 22, Avg: 30.0, Max: 38, Diff: 16, Sum: 60, Workers: 2
[2025-05-12T23:25:32.232+0300][1042.211s][36520] GC(24705)       Claimed Chunks:                Min: 13, Avg: 15.5, Max: 18, Diff: 5, Sum: 31, Workers: 2
[2025-05-12T23:25:32.232+0300][1042.211s][36520] GC(24705)       Found Roots:                   Min: 50, Avg: 58.0, Max: 66, Diff: 16, Sum: 116, Workers: 2
[2025-05-12T23:25:32.232+0300][1042.211s][36520] GC(24705)     Code Root Scan (ms):           Min:  0.0, Avg:  0.0, Max:  0.0, Diff:  0.0, Sum:  0.0, Workers: 2
[2025-05-12T23:25:32.232+0300][1042.211s][36520] GC(24705)     Object Copy (ms):              Min:  0.2, Avg:  0.2, Max:  0.2, Diff:  0.0, Sum:  0.5, Workers: 2
[2025-05-12T23:25:32.232+0300][1042.211s][36520] GC(24705)     Termination (ms):              Min:  0.0, Avg:  0.0, Max:  0.0, Diff:  0.0, Sum:  0.0, Workers: 2
[2025-05-12T23:25:32.232+0300][1042.211s][36520] GC(24705)       Termination Attempts:          Min: 1, Avg:  1.0, Max: 1, Diff: 0, Sum: 2, Workers: 2
[2025-05-12T23:25:32.232+0300][1042.211s][36520] GC(24705)     GC Worker Other (ms):          Min:  0.0, Avg:  0.0, Max:  0.0, Diff:  0.0, Sum:  0.0, Workers: 2
[2025-05-12T23:25:32.232+0300][1042.211s][36520] GC(24705)     GC Worker Total (ms):          Min:  0.4, Avg:  0.4, Max:  0.4, Diff:  0.0, Sum:  0.9, Workers: 2
[2025-05-12T23:25:32.232+0300][1042.211s][36520] GC(24705)   Post Evacuate Collection Set: 0.4ms
[2025-05-12T23:25:32.232+0300][1042.211s][36520] GC(24705)     NMethod List Cleanup: 0.0ms
[2025-05-12T23:25:32.232+0300][1042.211s][36520] GC(24705)     Reference Processing: 0.1ms
[2025-05-12T23:25:32.232+0300][1042.211s][36520] GC(24705)       Notify Soft/WeakReferences: 0.0ms
[2025-05-12T23:25:32.232+0300][1042.211s][36520] GC(24705)         SoftRef (ms):                  Min:  0.0, Avg:  0.0, Max:  0.0, Diff:  0.0, Sum:  0.0, Workers: 1
[2025-05-12T23:25:32.232+0300][1042.211s][36520] GC(24705)         WeakRef (ms):                  Min:  0.0, Avg:  0.0, Max:  0.0, Diff:  0.0, Sum:  0.0, Workers: 1
[2025-05-12T23:25:32.232+0300][1042.211s][36520] GC(24705)         FinalRef (ms):                 Min:  0.0, Avg:  0.0, Max:  0.0, Diff:  0.0, Sum:  0.0, Workers: 1
[2025-05-12T23:25:32.232+0300][1042.211s][36520] GC(24705)         Total (ms):                    Min:  0.0, Avg:  0.0, Max:  0.0, Diff:  0.0, Sum:  0.0, Workers: 1
[2025-05-12T23:25:32.232+0300][1042.211s][36520] GC(24705)       Notify and keep alive finalizable: 0.0ms
[2025-05-12T23:25:32.232+0300][1042.211s][36520] GC(24705)         FinalRef (ms):                 skipped
[2025-05-12T23:25:32.232+0300][1042.211s][36520] GC(24705)       Notify PhantomReferences: 0.0ms
[2025-05-12T23:25:32.232+0300][1042.211s][36520] GC(24705)         PhantomRef (ms):               skipped
[2025-05-12T23:25:32.232+0300][1042.211s][36520] GC(24705)       SoftReference Discovered: 0, Dropped: 0, Processed: 0
[2025-05-12T23:25:32.232+0300][1042.211s][36520] GC(24705)       WeakReference Discovered: 41, Dropped: 18, Processed: 23
[2025-05-12T23:25:32.232+0300][1042.211s][36520] GC(24705)       FinalReference Discovered: 0, Dropped: 0, Processed: 0
[2025-05-12T23:25:32.232+0300][1042.211s][36520] GC(24705)       PhantomReference Discovered: 0, Dropped: 0, Processed: 0
[2025-05-12T23:25:32.232+0300][1042.211s][36520] GC(24705)     Weak Processing: 0.1ms
[2025-05-12T23:25:32.232+0300][1042.211s][36520] GC(24705)       VM Weak                        Min:  0.0, Avg:  0.0, Max:  0.0, Diff:  0.0, Sum:  0.0, Workers: 10
[2025-05-12T23:25:32.232+0300][1042.211s][36520] GC(24705)         Dead                           Min: 0, Avg:  0.0, Max: 0, Diff: 0, Sum: 0, Workers: 10
[2025-05-12T23:25:32.232+0300][1042.211s][36520] GC(24705)         Total                          Min: 0, Avg:  6.6, Max: 40, Diff: 40, Sum: 66, Workers: 10
[2025-05-12T23:25:32.232+0300][1042.211s][36520] GC(24705)       ObjectSynchronizer Weak        Min:  0.0, Avg:  0.0, Max:  0.0, Diff:  0.0, Sum:  0.0, Workers: 10
[2025-05-12T23:25:32.232+0300][1042.211s][36520] GC(24705)         Dead                           Min: 0, Avg:  0.0, Max: 0, Diff: 0, Sum: 0, Workers: 10
[2025-05-12T23:25:32.232+0300][1042.211s][36520] GC(24705)         Total                          Min: 0, Avg:  0.1, Max: 1, Diff: 1, Sum: 1, Workers: 10
[2025-05-12T23:25:32.232+0300][1042.211s][36520] GC(24705)       JVMTI Tag Weak OopStorage      Min:  0.0, Avg:  0.1, Max:  0.1, Diff:  0.0, Sum:  0.6, Workers: 10
[2025-05-12T23:25:32.232+0300][1042.211s][36520] GC(24705)         Dead                           Min: 0, Avg:  0.0, Max: 0, Diff: 0, Sum: 0, Workers: 10
[2025-05-12T23:25:32.232+0300][1042.211s][36520] GC(24705)         Total                          Min: 2203, Avg: 6289.8, Max: 7443, Diff: 5240, Sum: 62898, Workers: 10
[2025-05-12T23:25:32.232+0300][1042.211s][36520] GC(24705)       StringTable Weak               Min:  0.0, Avg:  0.0, Max:  0.0, Diff:  0.0, Sum:  0.3, Workers: 10
[2025-05-12T23:25:32.232+0300][1042.211s][36520] GC(24705)         Dead                           Min: 0, Avg:  0.0, Max: 0, Diff: 0, Sum: 0, Workers: 10
[2025-05-12T23:25:32.232+0300][1042.211s][36520] GC(24705)         Total                          Min: 3519, Avg: 3952.9, Max: 4224, Diff: 705, Sum: 39529, Workers: 10
[2025-05-12T23:25:32.232+0300][1042.211s][36520] GC(24705)       ResolvedMethodTable Weak       Min:  0.0, Avg:  0.0, Max:  0.0, Diff:  0.0, Sum:  0.0, Workers: 10
[2025-05-12T23:25:32.232+0300][1042.211s][36520] GC(24705)         Dead                           Min: 0, Avg:  0.0, Max: 0, Diff: 0, Sum: 0, Workers: 10
[2025-05-12T23:25:32.232+0300][1042.211s][36520] GC(24705)         Total                          Min: 59, Avg: 84.3, Max: 128, Diff: 69, Sum: 843, Workers: 10
[2025-05-12T23:25:32.232+0300][1042.212s][36520] GC(24705)       JNI Weak                       Min:  0.0, Avg:  0.0, Max:  0.0, Diff:  0.0, Sum:  0.0, Workers: 10
[2025-05-12T23:25:32.232+0300][1042.212s][36520] GC(24705)         Dead                           Min: 0, Avg:  0.0, Max: 0, Diff: 0, Sum: 0, Workers: 10
[2025-05-12T23:25:32.232+0300][1042.212s][36520] GC(24705)         Total                          Min: 0, Avg:  1.1, Max: 11, Diff: 11, Sum: 11, Workers: 10
[2025-05-12T23:25:32.232+0300][1042.212s][36520] GC(24705)       StringDedup Table Weak         Min:  0.0, Avg:  0.0, Max:  0.0, Diff:  0.0, Sum:  0.0, Workers: 10
[2025-05-12T23:25:32.232+0300][1042.212s][36520] GC(24705)         Dead                           Min: 0, Avg:  0.0, Max: 0, Diff: 0, Sum: 0, Workers: 10
[2025-05-12T23:25:32.232+0300][1042.212s][36520] GC(24705)         Total                          Min: 0, Avg:  0.0, Max: 0, Diff: 0, Sum: 0, Workers: 10
[2025-05-12T23:25:32.232+0300][1042.212s][36520] GC(24705)       StringDedup Requests0 Weak     Min:  0.0, Avg:  0.0, Max:  0.0, Diff:  0.0, Sum:  0.0, Workers: 10
[2025-05-12T23:25:32.232+0300][1042.212s][36520] GC(24705)         Dead                           Min: 0, Avg:  0.0, Max: 0, Diff: 0, Sum: 0, Workers: 10
[2025-05-12T23:25:32.232+0300][1042.212s][36520] GC(24705)         Total                          Min: 0, Avg:  0.0, Max: 0, Diff: 0, Sum: 0, Workers: 10
[2025-05-12T23:25:32.232+0300][1042.212s][36520] GC(24705)       StringDedup Requests1 Weak     Min:  0.0, Avg:  0.0, Max:  0.0, Diff:  0.0, Sum:  0.0, Workers: 10
[2025-05-12T23:25:32.232+0300][1042.212s][36520] GC(24705)         Dead                           Min: 0, Avg:  0.0, Max: 0, Diff: 0, Sum: 0, Workers: 10
[2025-05-12T23:25:32.232+0300][1042.212s][36520] GC(24705)         Total                          Min: 0, Avg:  0.0, Max: 0, Diff: 0, Sum: 0, Workers: 10
[2025-05-12T23:25:32.232+0300][1042.212s][36520] GC(24705)       Weak JFR Old Object Samples    Min:  0.0, Avg:  0.0, Max:  0.0, Diff:  0.0, Sum:  0.0, Workers: 10
[2025-05-12T23:25:32.232+0300][1042.212s][36520] GC(24705)         Dead                           Min: 0, Avg:  0.0, Max: 0, Diff: 0, Sum: 0, Workers: 10
[2025-05-12T23:25:32.232+0300][1042.212s][36520] GC(24705)         Total                          Min: 0, Avg:  0.0, Max: 0, Diff: 0, Sum: 0, Workers: 10
[2025-05-12T23:25:32.232+0300][1042.212s][36520] GC(24705)     Post Evacuate Cleanup 1: 0.1ms
[2025-05-12T23:25:32.232+0300][1042.212s][36520] GC(24705)       Merge Per-Thread State (ms):   Min:  0.0, Avg:  0.0, Max:  0.0, Diff:  0.0, Sum:  0.0, Workers: 1
[2025-05-12T23:25:32.233+0300][1042.212s][36520] GC(24705)         Copied Bytes                   Min: 0, Avg:  0.0, Max: 0, Diff: 0, Sum: 0, Workers: 2
[2025-05-12T23:25:32.233+0300][1042.212s][36520] GC(24705)         LAB Waste                      Min: 0, Avg:  0.0, Max: 0, Diff: 0, Sum: 0, Workers: 2
[2025-05-12T23:25:32.233+0300][1042.212s][36520] GC(24705)         LAB Undo Waste                 Min: 0, Avg:  0.0, Max: 0, Diff: 0, Sum: 0, Workers: 2
[2025-05-12T23:25:32.233+0300][1042.212s][36520] GC(24705)       Clear Logged Cards (ms):       Min:  0.0, Avg:  0.0, Max:  0.0, Diff:  0.0, Sum:  0.0, Workers: 2
[2025-05-12T23:25:32.233+0300][1042.212s][36520] GC(24705)       Recalculate Used Memory (ms):  Min:  0.0, Avg:  0.0, Max:  0.0, Diff:  0.0, Sum:  0.0, Workers: 1
[2025-05-12T23:25:32.233+0300][1042.212s][36520] GC(24705)       Restore Retained Regions (ms): Min:  0.1, Avg:  0.1, Max:  0.1, Diff:  0.0, Sum:  0.1, Workers: 2
[2025-05-12T23:25:32.233+0300][1042.212s][36520] GC(24705)         Evacuation Failure Regions:    Min: 1, Avg:  1.0, Max: 1, Diff: 0, Sum: 1, Workers: 1
[2025-05-12T23:25:32.233+0300][1042.212s][36520] GC(24705)         Remove Self Forwards (ms):     Min:  0.1, Avg:  0.1, Max:  0.1, Diff:  0.0, Sum:  0.1, Workers: 2
[2025-05-12T23:25:32.233+0300][1042.212s][36520] GC(24705)           Forward Chunks:                Min: 29, Avg: 29.0, Max: 29, Diff: 0, Sum: 58, Workers: 2
[2025-05-12T23:25:32.233+0300][1042.212s][36520] GC(24705)           Empty Forward Chunks:          Min: 1, Avg:  3.0, Max: 5, Diff: 4, Sum: 6, Workers: 2
[2025-05-12T23:25:32.233+0300][1042.212s][36520] GC(24705)           Forward Objects:               Min: 2028, Avg: 2129.5, Max: 2231, Diff: 203, Sum: 4259, Workers: 2
[2025-05-12T23:25:32.233+0300][1042.212s][36520] GC(24705)           Forward Bytes:                 Min: 104472, Avg: 110560.0, Max: 116648, Diff: 12176, Sum: 221120, Workers: 2
[2025-05-12T23:25:32.233+0300][1042.212s][36520] GC(24705)     Post Evacuate Cleanup 2: 0.0ms
[2025-05-12T23:25:32.233+0300][1042.212s][36520] GC(24705)       Recalculate Used Memory (ms):  Min:  0.0, Avg:  0.0, Max:  0.0, Diff:  0.0, Sum:  0.0, Workers: 1
[2025-05-12T23:25:32.233+0300][1042.212s][36520] GC(24705)       Restore Preserved Marks (ms):  Min:  0.0, Avg:  0.0, Max:  0.0, Diff:  0.0, Sum:  0.0, Workers: 2
[2025-05-12T23:25:32.233+0300][1042.212s][36520] GC(24705)       Clear Retained Region Bitmaps (ms): skipped
[2025-05-12T23:25:32.233+0300][1042.212s][36520] GC(24705)       Update Derived Pointers (ms):  Min:  0.0, Avg:  0.0, Max:  0.0, Diff:  0.0, Sum:  0.0, Workers: 1
[2025-05-12T23:25:32.233+0300][1042.212s][36520] GC(24705)       Eagerly Reclaim Humongous Objects (ms): skipped
[2025-05-12T23:25:32.233+0300][1042.212s][36520] GC(24705)         Humongous Total                skipped
[2025-05-12T23:25:32.233+0300][1042.212s][36520] GC(24705)         Humongous Candidates           skipped
[2025-05-12T23:25:32.233+0300][1042.212s][36520] GC(24705)         Humongous Reclaimed            skipped
[2025-05-12T23:25:32.233+0300][1042.212s][36520] GC(24705)       Redirty Logged Cards (ms):     Min:  0.0, Avg:  0.0, Max:  0.0, Diff:  0.0, Sum:  0.0, Workers: 2
[2025-05-12T23:25:32.233+0300][1042.212s][36520] GC(24705)         Redirtied Cards:               Min: 0, Avg:  0.0, Max: 0, Diff: 0, Sum: 0, Workers: 2
[2025-05-12T23:25:32.233+0300][1042.212s][36520] GC(24705)       Resize TLABs (ms):             Min:  0.0, Avg:  0.0, Max:  0.0, Diff:  0.0, Sum:  0.0, Workers: 2
[2025-05-12T23:25:32.233+0300][1042.212s][36520] GC(24705)       Free Collection Set (ms):      Min:  0.0, Avg:  0.0, Max:  0.0, Diff:  0.0, Sum:  0.0, Workers: 2
[2025-05-12T23:25:32.233+0300][1042.212s][36520] GC(24705)     Rebuild Free List: 0.0ms
[2025-05-12T23:25:32.233+0300][1042.212s][36520] GC(24705)     Prepare For Mutator: 0.1ms
[2025-05-12T23:25:32.233+0300][1042.212s][36520] GC(24705)     Expand Heap After Collection: 0.0ms
[2025-05-12T23:25:32.233+0300][1042.212s][36520] GC(24705)   Other: 0.3ms
[2025-05-12T23:25:32.233+0300][1042.212s][36520] GC(24705) Coarsening (recent): Inline->AoC 0 (0) AoC->Howl 0 (0) Howl->Full 0 (0) Inline->AoC 0 (0) AoC->BitMap 0 (0) BitMap->Full 0 (0) 
[2025-05-12T23:25:32.233+0300][1042.212s][36520] GC(24705) Coarsening (all): Inline->AoC 10920 (0) AoC->Howl 7731 (0) Howl->Full 0 (0) Inline->AoC 10809 (0) AoC->BitMap 7399 (0) BitMap->Full 0 (0) 
[2025-05-12T23:25:32.233+0300][1042.212s][36520] GC(24705) Eden regions: 1->0(0)
[2025-05-12T23:25:32.233+0300][1042.212s][36520] GC(24705) Survivor regions: 0->0(0)
[2025-05-12T23:25:32.233+0300][1042.212s][36520] GC(24705) Old regions: 11->12
[2025-05-12T23:25:32.233+0300][1042.212s][36520] GC(24705) Humongous regions: 0->0
[2025-05-12T23:25:32.233+0300][1042.212s][36520] GC(24705) Metaspace: 10757K(12736K)->10757K(12736K) NonClass: 9682K(11328K)->9682K(11328K) Class: 1075K(1408K)->1075K(1408K)
[2025-05-12T23:25:32.233+0300][1042.212s][36520] GC(24705) Heap after GC invocations=21170 (full 7091):
[2025-05-12T23:25:32.233+0300][1042.212s][36520] GC(24705)  garbage-first heap   total 12288K, used 12191K [0x00000000ff400000, 0x0000000100000000)
[2025-05-12T23:25:32.233+0300][1042.212s][36520] GC(24705)   region size 1024K, 0 young (0K), 0 survivors (0K)
[2025-05-12T23:25:32.233+0300][1042.212s][36520] GC(24705)  Metaspace       used 10757K, committed 12736K, reserved 1114112K
[2025-05-12T23:25:32.233+0300][1042.212s][36520] GC(24705)   class space    used 1075K, committed 1408K, reserved 1048576K
[2025-05-12T23:25:32.233+0300][1042.212s][36520] GC(24705) Pause Young (Concurrent Start) (G1 Evacuation Pause) (Evacuation Failure) 11M->11M(12M) 2.850ms
[2025-05-12T23:25:32.233+0300][1042.212s][36520] GC(24705) User=0.00s Sys=0.00s Real=0.00s
[2025-05-12T23:25:32.233+0300][1042.212s][34628] GC(24706) Concurrent Mark Cycle
[2025-05-12T23:25:32.233+0300][1042.212s][36520] Attempt heap expansion (allocation request failed). Allocation request: 2048B
[2025-05-12T23:25:32.233+0300][1042.212s][34628] GC(24706) Concurrent Scan Root Regions
[2025-05-12T23:25:32.233+0300][1042.212s][36520] Expand the heap. requested expansion amount: 1048576B expansion amount: 1048576B
[2025-05-12T23:25:32.233+0300][1042.212s][34628] GC(24706) Concurrent Scan Root Regions 0.036ms
[2025-05-12T23:25:32.233+0300][1042.212s][36520] Did not expand the heap (heap already fully expanded)
[2025-05-12T23:25:32.233+0300][1042.212s][34628] GC(24706) Concurrent Mark
[2025-05-12T23:25:32.233+0300][1042.212s][36520] Attempting full compaction
[2025-05-12T23:25:32.233+0300][1042.212s][34628] GC(24706) Concurrent Mark From Roots
[2025-05-12T23:25:32.233+0300][1042.212s][36520] GC(24707) Pause Full (G1 Compaction Pause)
[2025-05-12T23:25:32.233+0300][1042.212s][34628] GC(24706) Using 3 workers of 3 for marking
[2025-05-12T23:25:32.233+0300][1042.212s][36520] GC(24707) Heap before GC invocations=21170 (full 7091):
[2025-05-12T23:25:32.233+0300][1042.212s][36520] GC(24707)  garbage-first heap   total 12288K, used 12191K [0x00000000ff400000, 0x0000000100000000)
[2025-05-12T23:25:32.233+0300][1042.212s][36520] GC(24707)   region size 1024K, 0 young (0K), 0 survivors (0K)
[2025-05-12T23:25:32.233+0300][1042.212s][36520] GC(24707)  Metaspace       used 10757K, committed 12736K, reserved 1114112K
[2025-05-12T23:25:32.233+0300][1042.212s][36520] GC(24707)   class space    used 1075K, committed 1408K, reserved 1048576K
[2025-05-12T23:25:32.233+0300][1042.212s][36520] GC(24707) Requesting 1 active workers for full compaction (waste limited workers: 1, adaptive workers: 2, used limited workers: 12)
[2025-05-12T23:25:32.233+0300][1042.212s][36520] GC(24707) Using 1 workers of 10 for full compaction
[2025-05-12T23:25:32.233+0300][1042.212s][36520] GC(24707) Clear Bitmap
[2025-05-12T23:25:32.233+0300][1042.212s][36520] GC(24707) Running G1 Clear Bitmap with 1 workers for 1 work units.
[2025-05-12T23:25:32.233+0300][1042.212s][36520] GC(24707) Clear Bitmap 0.048ms
[2025-05-12T23:25:32.233+0300][1042.212s][36520] GC(24707) Mutator Allocation stats, regions: 0, wasted size: 0B ( 0.0%)
[2025-05-12T23:25:32.233+0300][1042.212s][36520] GC(24707) Phase 1: Mark live objects
[2025-05-12T23:25:32.241+0300][1042.220s][36520] GC(24707) Phase 1: Reference Processing
[2025-05-12T23:25:32.241+0300][1042.220s][36520] GC(24707) ReferenceProcessor::execute queues: 1, RefProcThreadModel::Single, marks_oops_alive: false
[2025-05-12T23:25:32.241+0300][1042.220s][36520] GC(24707) Skipped KeepAliveFinalRefsPhase of Reference Processing: no references
[2025-05-12T23:25:32.241+0300][1042.220s][36520] GC(24707) ReferenceProcessor::execute queues: 1, RefProcThreadModel::Single, marks_oops_alive: false
[2025-05-12T23:25:32.241+0300][1042.220s][36520] GC(24707) Reference Processing: 0.1ms
[2025-05-12T23:25:32.241+0300][1042.220s][36520] GC(24707)   Notify Soft/WeakReferences: 0.0ms
[2025-05-12T23:25:32.241+0300][1042.220s][36520] GC(24707)     SoftRef: 0.0ms
[2025-05-12T23:25:32.241+0300][1042.220s][36520] GC(24707)     WeakRef: 0.0ms
[2025-05-12T23:25:32.241+0300][1042.220s][36520] GC(24707)     FinalRef: 0.0ms
[2025-05-12T23:25:32.241+0300][1042.220s][36520] GC(24707)     Total: 0.0ms
[2025-05-12T23:25:32.241+0300][1042.220s][36520] GC(24707)   Notify and keep alive finalizable: 0.0ms
[2025-05-12T23:25:32.241+0300][1042.220s][36520] GC(24707)     FinalRef: skipped
[2025-05-12T23:25:32.241+0300][1042.220s][36520] GC(24707)   Notify PhantomReferences: 0.0ms
[2025-05-12T23:25:32.241+0300][1042.220s][36520] GC(24707)     PhantomRef: 0.0ms
[2025-05-12T23:25:32.241+0300][1042.220s][36520] GC(24707)   SoftReference Discovered: 47, Dropped: 4, Processed: 43
[2025-05-12T23:25:32.241+0300][1042.220s][36520] GC(24707)   WeakReference Discovered: 32, Dropped: 13, Processed: 19
[2025-05-12T23:25:32.241+0300][1042.220s][36520] GC(24707)   FinalReference Discovered: 0, Dropped: 0, Processed: 0
[2025-05-12T23:25:32.241+0300][1042.220s][36520] GC(24707)   PhantomReference Discovered: 23, Dropped: 23, Processed: 0
[2025-05-12T23:25:32.241+0300][1042.220s][36520] GC(24707) Phase 1: Reference Processing 0.229ms
[2025-05-12T23:25:32.241+0300][1042.220s][36520] GC(24707) Phase 1: Weak Processing
[2025-05-12T23:25:32.241+0300][1042.220s][36520] GC(24707)   VM Weak                        Min:  0.0, Avg:  0.0, Max:  0.0, Diff:  0.0, Sum:  0.0, Workers: 10
[2025-05-12T23:25:32.241+0300][1042.220s][36520] GC(24707)     Dead                           Min: 0, Avg:  1.8, Max: 18, Diff: 18, Sum: 18, Workers: 10
[2025-05-12T23:25:32.241+0300][1042.220s][36520] GC(24707)     Total                          Min: 0, Avg:  6.6, Max: 64, Diff: 64, Sum: 66, Workers: 10
[2025-05-12T23:25:32.241+0300][1042.220s][36520] GC(24707)   ObjectSynchronizer Weak        Min:  0.0, Avg:  0.0, Max:  0.0, Diff:  0.0, Sum:  0.0, Workers: 10
[2025-05-12T23:25:32.241+0300][1042.220s][36520] GC(24707)     Dead                           Min: 0, Avg:  0.0, Max: 0, Diff: 0, Sum: 0, Workers: 10
[2025-05-12T23:25:32.241+0300][1042.220s][36520] GC(24707)     Total                          Min: 0, Avg:  0.1, Max: 1, Diff: 1, Sum: 1, Workers: 10
[2025-05-12T23:25:32.241+0300][1042.220s][36520] GC(24707)   JVMTI Tag Weak OopStorage      Min:  0.0, Avg:  0.1, Max:  0.1, Diff:  0.1, Sum:  0.6, Workers: 10
[2025-05-12T23:25:32.241+0300][1042.220s][36520] GC(24707)     Dead                           Min: 0, Avg:  1.8, Max: 18, Diff: 18, Sum: 18, Workers: 10
[2025-05-12T23:25:32.241+0300][1042.220s][36520] GC(24707)     Total                          Min: 0, Avg: 6289.8, Max: 7625, Diff: 7625, Sum: 62898, Workers: 10
[2025-05-12T23:25:32.241+0300][1042.220s][36520] GC(24707)   StringTable Weak               Min:  0.0, Avg:  0.0, Max:  0.0, Diff:  0.0, Sum:  0.3, Workers: 10
[2025-05-12T23:25:32.241+0300][1042.220s][36520] GC(24707)     Dead                           Min: 0, Avg:  6.8, Max: 20, Diff: 20, Sum: 68, Workers: 10
[2025-05-12T23:25:32.241+0300][1042.220s][36520] GC(24707)     Total                          Min: 0, Avg: 3952.9, Max: 5184, Diff: 5184, Sum: 39529, Workers: 10
[2025-05-12T23:25:32.241+0300][1042.220s][36520] GC(24707)   ResolvedMethodTable Weak       Min:  0.0, Avg:  0.0, Max:  0.0, Diff:  0.0, Sum:  0.0, Workers: 10
[2025-05-12T23:25:32.241+0300][1042.220s][36520] GC(24707)     Dead                           Min: 0, Avg:  3.5, Max: 10, Diff: 10, Sum: 35, Workers: 10
[2025-05-12T23:25:32.241+0300][1042.220s][36520] GC(24707)     Total                          Min: 0, Avg: 84.3, Max: 128, Diff: 128, Sum: 843, Workers: 10
[2025-05-12T23:25:32.241+0300][1042.220s][36520] GC(24707)   JNI Weak                       Min:  0.0, Avg:  0.0, Max:  0.0, Diff:  0.0, Sum:  0.0, Workers: 10
[2025-05-12T23:25:32.241+0300][1042.220s][36520] GC(24707)     Dead                           Min: 0, Avg:  0.0, Max: 0, Diff: 0, Sum: 0, Workers: 10
[2025-05-12T23:25:32.241+0300][1042.220s][36520] GC(24707)     Total                          Min: 0, Avg:  1.1, Max: 11, Diff: 11, Sum: 11, Workers: 10
[2025-05-12T23:25:32.241+0300][1042.220s][36520] GC(24707)   StringDedup Table Weak         Min:  0.0, Avg:  0.0, Max:  0.0, Diff:  0.0, Sum:  0.0, Workers: 10
[2025-05-12T23:25:32.241+0300][1042.220s][36520] GC(24707)     Dead                           Min: 0, Avg:  0.0, Max: 0, Diff: 0, Sum: 0, Workers: 10
[2025-05-12T23:25:32.241+0300][1042.220s][36520] GC(24707)     Total                          Min: 0, Avg:  0.0, Max: 0, Diff: 0, Sum: 0, Workers: 10
[2025-05-12T23:25:32.241+0300][1042.220s][36520] GC(24707)   StringDedup Requests0 Weak     Min:  0.0, Avg:  0.0, Max:  0.0, Diff:  0.0, Sum:  0.0, Workers: 10
[2025-05-12T23:25:32.241+0300][1042.220s][36520] GC(24707)     Dead                           Min: 0, Avg:  0.0, Max: 0, Diff: 0, Sum: 0, Workers: 10
[2025-05-12T23:25:32.241+0300][1042.220s][36520] GC(24707)     Total                          Min: 0, Avg:  0.0, Max: 0, Diff: 0, Sum: 0, Workers: 10
[2025-05-12T23:25:32.241+0300][1042.220s][36520] GC(24707)   StringDedup Requests1 Weak     Min:  0.0, Avg:  0.0, Max:  0.0, Diff:  0.0, Sum:  0.0, Workers: 10
[2025-05-12T23:25:32.241+0300][1042.220s][36520] GC(24707)     Dead                           Min: 0, Avg:  0.0, Max: 0, Diff: 0, Sum: 0, Workers: 10
[2025-05-12T23:25:32.241+0300][1042.220s][36520] GC(24707)     Total                          Min: 0, Avg:  0.0, Max: 0, Diff: 0, Sum: 0, Workers: 10
[2025-05-12T23:25:32.241+0300][1042.220s][36520] GC(24707)   Weak JFR Old Object Samples    Min:  0.0, Avg:  0.0, Max:  0.0, Diff:  0.0, Sum:  0.0, Workers: 10
[2025-05-12T23:25:32.241+0300][1042.220s][36520] GC(24707)     Dead                           Min: 0, Avg:  0.0, Max: 0, Diff: 0, Sum: 0, Workers: 10
[2025-05-12T23:25:32.241+0300][1042.220s][36520] GC(24707)     Total                          Min: 0, Avg:  0.0, Max: 0, Diff: 0, Sum: 0, Workers: 10
[2025-05-12T23:25:32.241+0300][1042.220s][36520] GC(24707) Phase 1: Weak Processing 0.489ms
[2025-05-12T23:25:32.241+0300][1042.220s][36520] GC(24707) Phase 1: Class Unloading and Cleanup
[2025-05-12T23:25:32.241+0300][1042.221s][36520] GC(24707) ClassLoaderData
[2025-05-12T23:25:32.241+0300][1042.221s][36520] GC(24707) ClassLoaderData 0.066ms
[2025-05-12T23:25:32.241+0300][1042.221s][36520] GC(24707) Trigger cleanups
[2025-05-12T23:25:32.241+0300][1042.221s][36520] GC(24707) Trigger cleanups 0.009ms
[2025-05-12T23:25:32.246+0300][1042.224s][36520] GC(24707) Phase 1: Class Unloading and Cleanup 3.886ms
[2025-05-12T23:25:32.246+0300][1042.224s][36520] GC(24707) Report Object Count
[2025-05-12T23:25:32.246+0300][1042.224s][36520] GC(24707) Report Object Count 0.013ms
[2025-05-12T23:25:32.246+0300][1042.224s][36520] GC(24707) Phase 1: Mark live objects 11.965ms
[2025-05-12T23:25:32.246+0300][1042.224s][36520] GC(24707) Phase 2: Prepare compaction
[2025-05-12T23:25:32.246+0300][1042.224s][36520] GC(24707) Phase 2: Determine work lists
[2025-05-12T23:25:32.246+0300][1042.224s][36520] GC(24707) Phase 2: Determine work lists 0.010ms
[2025-05-12T23:25:32.246+0300][1042.224s][36520] GC(24707) Phase 2: Prepare parallel compaction
[2025-05-12T23:25:32.246+0300][1042.225s][36520] GC(24707) Phase 2: Prepare parallel compaction 0.285ms
[2025-05-12T23:25:32.246+0300][1042.225s][36520] GC(24707) Phase 2: Prepare compaction 0.336ms
[2025-05-12T23:25:32.246+0300][1042.225s][36520] GC(24707) Phase 3: Adjust pointers
[2025-05-12T23:25:32.250+0300][1042.229s][36520] GC(24707) Phase 3: Adjust pointers 4.206ms
[2025-05-12T23:25:32.250+0300][1042.229s][36520] GC(24707) Phase 4: Compact heap
[2025-05-12T23:25:32.250+0300][1042.229s][36520] GC(24707) Phase 4: Compact heap 0.155ms
[2025-05-12T23:25:32.250+0300][1042.229s][36520] GC(24707) Phase 5: Reset Metadata
[2025-05-12T23:25:32.252+0300][1042.231s][36520] GC(24707) Phase 5: Reset Metadata 1.820ms
[2025-05-12T23:25:32.252+0300][1042.231s][36520] GC(24707) Running G1 Clear Bitmap with 1 workers for 1 work units.
[2025-05-12T23:25:32.254+0300][1042.233s][36520] Old generation allocation in the last mutator period, old gen allocated: 0B, humongous allocated: 0B, old gen growth: 0B.
[2025-05-12T23:25:32.254+0300][1042.233s][36520] GC(24707) Coarsening (recent): Inline->AoC 0 (0) AoC->Howl 0 (0) Howl->Full 0 (0) Inline->AoC 0 (0) AoC->BitMap 0 (0) BitMap->Full 0 (0) 
[2025-05-12T23:25:32.254+0300][1042.233s][36520] GC(24707) Coarsening (all): Inline->AoC 10920 (0) AoC->Howl 7731 (0) Howl->Full 0 (0) Inline->AoC 10809 (0) AoC->BitMap 7399 (0) BitMap->Full 0 (0) 
[2025-05-12T23:25:32.254+0300][1042.233s][36520] GC(24707) Eden regions: 0->0(1)
[2025-05-12T23:25:32.254+0300][1042.233s][36520] GC(24707) Survivor regions: 0->0(0)
[2025-05-12T23:25:32.254+0300][1042.233s][36520] GC(24707) Old regions: 12->11
[2025-05-12T23:25:32.254+0300][1042.233s][36520] GC(24707) Humongous regions: 0->0
[2025-05-12T23:25:32.254+0300][1042.233s][36520] GC(24707) Metaspace: 10757K(12736K)->10722K(12736K) NonClass: 9682K(11328K)->9656K(11328K) Class: 1075K(1408K)->1066K(1408K)
[2025-05-12T23:25:32.254+0300][1042.233s][36520] GC(24707) Heap after GC invocations=21171 (full 7092):
[2025-05-12T23:25:32.254+0300][1042.233s][36520] GC(24707)  garbage-first heap   total 12288K, used 11252K [0x00000000ff400000, 0x0000000100000000)
[2025-05-12T23:25:32.254+0300][1042.233s][36520] GC(24707)   region size 1024K, 0 young (0K), 0 survivors (0K)
[2025-05-12T23:25:32.254+0300][1042.233s][36520] GC(24707)  Metaspace       used 10722K, committed 12736K, reserved 1114112K
[2025-05-12T23:25:32.254+0300][1042.233s][36520] GC(24707)   class space    used 1066K, committed 1408K, reserved 1048576K
[2025-05-12T23:25:32.254+0300][1042.233s][36520] GC(24707) Pause Full (G1 Compaction Pause) 11M->10M(12M) 20.590ms
[2025-05-12T23:25:32.254+0300][1042.233s][36520] GC(24707) User=0.00s Sys=0.00s Real=0.02s
[2025-05-12T23:25:32.254+0300][1042.233s][9340 ] G1 Service Thread (Card Set Free Memory Task) (run: 22.203ms) (cpu: 0.000ms)
[2025-05-12T23:25:32.254+0300][1042.233s][34628] ---------------------------------------------------------------------
[2025-05-12T23:25:32.254+0300][1042.233s][34628] Marking Stats, task = 0, calls = 0
[2025-05-12T23:25:32.254+0300][1042.233s][34628]   Elapsed time = 0.00ms, Termination time = 0.00ms
[2025-05-12T23:25:32.254+0300][1042.233s][34628]   Step Times (cum): num = 5369, avg = 0.16ms, sd = 1.55ms max = 16.00ms, total = 833.00ms
[2025-05-12T23:25:32.254+0300][1042.233s][34628]   Mark Stats Cache: hits 2301 misses 0 ratio 100.000
[2025-05-12T23:25:32.254+0300][1042.233s][34628] ---------------------------------------------------------------------
[2025-05-12T23:25:32.254+0300][1042.233s][34628] Marking Stats, task = 1, calls = 0
[2025-05-12T23:25:32.254+0300][1042.233s][34628]   Elapsed time = 0.00ms, Termination time = 0.00ms
[2025-05-12T23:25:32.254+0300][1042.233s][34628]   Step Times (cum): num = 13793, avg = 0.02ms, sd = 0.58ms max = 16.00ms, total = 296.00ms
[2025-05-12T23:25:32.254+0300][1042.233s][34628]   Mark Stats Cache: hits 5169 misses 0 ratio 100.000
[2025-05-12T23:25:32.254+0300][1042.233s][34628] ---------------------------------------------------------------------
[2025-05-12T23:25:32.254+0300][1042.233s][34628] Marking Stats, task = 2, calls = 0
[2025-05-12T23:25:32.254+0300][1042.233s][34628]   Elapsed time = 0.00ms, Termination time = 0.00ms
[2025-05-12T23:25:32.254+0300][1042.233s][34628]   Step Times (cum): num = 13231, avg = 0.02ms, sd = 0.61ms max = 16.00ms, total = 313.00ms
[2025-05-12T23:25:32.254+0300][1042.233s][34628]   Mark Stats Cache: hits 0 misses 0 ratio 0.000
[2025-05-12T23:25:32.254+0300][1042.233s][34628] ---------------------------------------------------------------------
[2025-05-12T23:25:32.254+0300][1042.233s][34628] GC(24706) Concurrent Mark From Roots 20.880ms
[2025-05-12T23:25:32.254+0300][1042.233s][34628] GC(24706) Concurrent Mark Abort
[2025-05-12T23:25:32.254+0300][1042.233s][34628] GC(24706) Concurrent Mark Cycle 21.031ms
[2025-05-12T23:25:32.282+0300][1042.261s][36520] GC(24708) Pause Young (Normal) (G1 Evacuation Pause)
[2025-05-12T23:25:32.282+0300][1042.261s][36520] GC(24708) Heap before GC invocations=21171 (full 7092):
[2025-05-12T23:25:32.282+0300][1042.261s][36520] GC(24708)  garbage-first heap   total 12288K, used 12276K [0x00000000ff400000, 0x0000000100000000)
[2025-05-12T23:25:32.282+0300][1042.261s][36520] GC(24708)   region size 1024K, 1 young (1024K), 0 survivors (0K)
[2025-05-12T23:25:32.282+0300][1042.261s][36520] GC(24708)  Metaspace       used 10759K, committed 12736K, reserved 1114112K
[2025-05-12T23:25:32.282+0300][1042.261s][36520] GC(24708)   class space    used 1076K, committed 1408K, reserved 1048576K
[2025-05-12T23:25:32.282+0300][1042.261s][36520] GC(24708) Using 2 workers of 10 for evacuation
[2025-05-12T23:25:32.282+0300][1042.261s][36520] GC(24708) Desired survivor size 524288 bytes, new threshold 15 (max threshold 15)
[2025-05-12T23:25:32.282+0300][1042.261s][36520] GC(24708) TLAB totals: thrds: 1  refills: 317 max: 317 slow allocs: 151 max 151 waste: 22.1% gc: 624B max: 624B slow: 188864B max: 188864B
[2025-05-12T23:25:32.282+0300][1042.261s][36520] GC(24708) Mutator refinement: 0.00ms, refined: 0, precleaned: 0, dirtied: 101
[2025-05-12T23:25:32.282+0300][1042.261s][36520] GC(24708) Concurrent refinement: 0.00ms, refined: 0, precleaned: 0, dirtied: 0
[2025-05-12T23:25:32.282+0300][1042.261s][36520] GC(24708) Total refinement: 0.00ms, refined: 0, precleaned: 0, dirtied: 101
[2025-05-12T23:25:32.282+0300][1042.261s][36520] GC(24708) Generate dirty cards rate: 3.58 cards/ms
[2025-05-12T23:25:32.282+0300][1042.261s][36520] GC(24708) Mutator Allocation stats, regions: 1, wasted size: 0B ( 0.0%)
[2025-05-12T23:25:32.282+0300][1042.261s][36520] GC(24708) No candidates to reclaim.
[2025-05-12T23:25:32.282+0300][1042.261s][36520] GC(24708) Running G1 Merge Heap Roots using 2 workers for 1 regions
[2025-05-12T23:25:32.282+0300][1042.261s][36520] GC(24708) Visited cards 1120 Total dirty 12288 (9.11%) Total old 26624 (4.21%)
[2025-05-12T23:25:32.282+0300][1042.261s][13972] GC(24708) Attempt heap expansion (region allocation request failed). Allocation request: 2064B
[2025-05-12T23:25:32.282+0300][1042.261s][13972] GC(24708) Did not expand the heap (heap already fully expanded)
[2025-05-12T23:25:32.283+0300][1042.262s][36520] GC(24708) ReferenceProcessor::execute queues: 1, RefProcThreadModel::Single, marks_oops_alive: false
[2025-05-12T23:25:32.283+0300][1042.262s][36520] GC(24708) Skipped KeepAliveFinalRefsPhase of Reference Processing: no references
[2025-05-12T23:25:32.283+0300][1042.262s][36520] GC(24708) Skipped PhantomRefsPhase of Reference Processing: no references
[2025-05-12T23:25:32.283+0300][1042.262s][36520] GC(24708) Initializing removing self forwards with 64 chunks per region
[2025-05-12T23:25:32.283+0300][1042.262s][36520] GC(24708) Running G1 Rebuild Free List Task using 2 workers for rebuilding free list of regions
[2025-05-12T23:25:32.283+0300][1042.262s][36520] GC(24708) Young PLAB allocation: allocated: 0B, wasted: 0B, unused: 0B, used: 0B, undo waste: 0B, 
[2025-05-12T23:25:32.283+0300][1042.262s][36520] GC(24708) Young other allocation: region end waste: 0B, regions filled: 0, num plab filled: 2, direct allocated: 0B, num direct allocated: 0, failure used: 0B, failure wasted: 0B
[2025-05-12T23:25:32.283+0300][1042.262s][36520] GC(24708) Young sizing: calculated: 0B, actual: 2064B
[2025-05-12T23:25:32.283+0300][1042.262s][36520] GC(24708) Old PLAB allocation: allocated: 0B, wasted: 0B, unused: 0B, used: 0B, undo waste: 0B, 
[2025-05-12T23:25:32.283+0300][1042.262s][36520] GC(24708) Old other allocation: region end waste: 0B, regions filled: 0, num plab filled: 2, direct allocated: 0B, num direct allocated: 0, failure used: 184904B, failure wasted: 863672B
[2025-05-12T23:25:32.283+0300][1042.262s][36520] GC(24708) Old sizing: calculated: 0B, actual: 2064B
[2025-05-12T23:25:32.283+0300][1042.262s][36520] GC(24708) Heap expansion: short term pause time ratio 50.32% long term pause time ratio 42.72% threshold 7.69% pause time ratio 7.69% fully expanded true resize by 0B
[2025-05-12T23:25:32.283+0300][1042.262s][9340 ] G1 Service Thread (Card Set Free Memory Task) (run 0.010ms after schedule)
[2025-05-12T23:25:32.283+0300][1042.262s][36520] GC(24708) Request concurrent cycle initiation (occupancy higher than threshold) occupancy: 12582912B allocation request: 0B threshold: 3562136B (28.31) source: end of GC
[2025-05-12T23:25:32.283+0300][1042.262s][36520] GC(24708) MMU: 6.5ms (200.0ms/201.0ms)
[2025-05-12T23:25:32.283+0300][1042.262s][36520] Old generation allocation in the last mutator period, old gen allocated: 1048576B, humongous allocated: 0B, old gen growth: 1048576B.
[2025-05-12T23:25:32.283+0300][1042.262s][36520] GC(24708) Basic information (value update), threshold: 3617712B (28.75), target occupancy: 12582912B, current occupancy: 12571432B, recent allocation size: 1048576B, recent allocation duration: 28.19ms, recent old gen allocation rate: 37192646.43B/s, recent marking phase length: 120.12ms
[2025-05-12T23:25:32.283+0300][1042.262s][36520] GC(24708) Adaptive IHOP information (value update), threshold: 3617712B (33.82), internal target occupancy: 10695475B, occupancy: 12571432B, additional buffer size: 1048576B, predicted old gen allocation rate: 49958934.20B/s, predicted marking phase length: 120.68ms, prediction active: true
[2025-05-12T23:25:32.283+0300][1042.262s][36520] GC(24708) GC refinement: goal: 18446744073709551615 + 103 / 20.00ms, actual: 101 / 0.04ms, 
[2025-05-12T23:25:32.283+0300][1042.262s][36520] GC(24708) Unchanged pending cards target: 18446744073709551615
[2025-05-12T23:25:32.283+0300][1042.262s][36520] GC(24708)   Pre Evacuate Collection Set: 0.1ms
[2025-05-12T23:25:32.283+0300][1042.262s][36520] GC(24708)     Pre Evacuate Prepare: 0.0ms
[2025-05-12T23:25:32.283+0300][1042.262s][36520] GC(24708)       JT Retire TLABs And Flush Logs (ms): Min:  0.0, Avg:  0.0, Max:  0.0, Diff:  0.0, Sum:  0.0, Workers: 2
[2025-05-12T23:25:32.283+0300][1042.262s][36520] GC(24708)       Non-JT Flush Logs (ms):        Min:  0.0, Avg:  0.0, Max:  0.0, Diff:  0.0, Sum:  0.0, Workers: 1
[2025-05-12T23:25:32.283+0300][1042.262s][36520] GC(24708)     Choose Collection Set: 0.0ms
[2025-05-12T23:25:32.283+0300][1042.262s][36520] GC(24708)     Region Register: 0.1ms
[2025-05-12T23:25:32.283+0300][1042.262s][36520] GC(24708)     Prepare Heap Roots: 0.0ms
[2025-05-12T23:25:32.284+0300][1042.262s][36520] GC(24708)   Merge Heap Roots: 0.1ms
[2025-05-12T23:25:32.284+0300][1042.262s][36520] GC(24708)     Prepare Merge Heap Roots: 0.0ms
[2025-05-12T23:25:32.284+0300][1042.262s][36520] GC(24708)     Remembered Sets (ms):          Min:  0.0, Avg:  0.0, Max:  0.0, Diff:  0.0, Sum:  0.0, Workers: 2
[2025-05-12T23:25:32.284+0300][1042.262s][36520] GC(24708)       Eager Reclaim (ms):            skipped
[2025-05-12T23:25:32.284+0300][1042.262s][36520] GC(24708)       Merged Inline                  Min: 0, Avg:  0.0, Max: 0, Diff: 0, Sum: 0, Workers: 2
[2025-05-12T23:25:32.284+0300][1042.262s][36520] GC(24708)       Merged ArrayOfCards            Min: 0, Avg:  0.0, Max: 0, Diff: 0, Sum: 0, Workers: 2
[2025-05-12T23:25:32.284+0300][1042.262s][36520] GC(24708)       Merged Howl                    Min: 0, Avg:  0.0, Max: 0, Diff: 0, Sum: 0, Workers: 2
[2025-05-12T23:25:32.284+0300][1042.262s][36520] GC(24708)       Merged Full                    Min: 0, Avg:  0.0, Max: 0, Diff: 0, Sum: 0, Workers: 2
[2025-05-12T23:25:32.284+0300][1042.262s][36520] GC(24708)       Merged Howl Inline             Min: 0, Avg:  0.0, Max: 0, Diff: 0, Sum: 0, Workers: 2
[2025-05-12T23:25:32.284+0300][1042.262s][36520] GC(24708)       Merged Howl ArrayOfCards       Min: 0, Avg:  0.0, Max: 0, Diff: 0, Sum: 0, Workers: 2
[2025-05-12T23:25:32.284+0300][1042.262s][36520] GC(24708)       Merged Howl BitMap             Min: 0, Avg:  0.0, Max: 0, Diff: 0, Sum: 0, Workers: 2
[2025-05-12T23:25:32.284+0300][1042.262s][36520] GC(24708)       Merged Howl Full               Min: 0, Avg:  0.0, Max: 0, Diff: 0, Sum: 0, Workers: 2
[2025-05-12T23:25:32.284+0300][1042.262s][36520] GC(24708)       Merged Cards                   Min: 8, Avg:  8.0, Max: 8, Diff: 0, Sum: 16, Workers: 2
[2025-05-12T23:25:32.284+0300][1042.262s][36520] GC(24708)     Log Buffers (ms):              Min:  0.0, Avg:  0.0, Max:  0.0, Diff:  0.0, Sum:  0.0, Workers: 2
[2025-05-12T23:25:32.284+0300][1042.262s][36520] GC(24708)       Dirty Cards:                   Min: 24, Avg: 50.5, Max: 77, Diff: 53, Sum: 101, Workers: 2
[2025-05-12T23:25:32.284+0300][1042.262s][36520] GC(24708)       Skipped Cards:                 Min: 0, Avg:  0.0, Max: 0, Diff: 0, Sum: 0, Workers: 2
[2025-05-12T23:25:32.284+0300][1042.263s][36520] GC(24708)   Evacuate Collection Set: 0.3ms
[2025-05-12T23:25:32.284+0300][1042.263s][36520] GC(24708)     Ext Root Scanning (ms):        Min:  0.1, Avg:  0.1, Max:  0.1, Diff:  0.0, Sum:  0.2, Workers: 2
[2025-05-12T23:25:32.284+0300][1042.263s][36520] GC(24708)     Scan Heap Roots (ms):          Min:  0.0, Avg:  0.0, Max:  0.1, Diff:  0.0, Sum:  0.1, Workers: 2
[2025-05-12T23:25:32.284+0300][1042.263s][36520] GC(24708)       Scanned Cards:                 Min: 25, Avg: 50.5, Max: 76, Diff: 51, Sum: 101, Workers: 2
[2025-05-12T23:25:32.284+0300][1042.263s][36520] GC(24708)       Scanned Blocks:                Min: 21, Avg: 35.0, Max: 49, Diff: 28, Sum: 70, Workers: 2
[2025-05-12T23:25:32.284+0300][1042.263s][36520] GC(24708)       Claimed Chunks:                Min: 9, Avg: 17.5, Max: 26, Diff: 17, Sum: 35, Workers: 2
[2025-05-12T23:25:32.284+0300][1042.263s][36520] GC(24708)       Found Roots:                   Min: 28, Avg: 49.0, Max: 70, Diff: 42, Sum: 98, Workers: 2
[2025-05-12T23:25:32.284+0300][1042.263s][36520] GC(24708)     Code Root Scan (ms):           Min:  0.0, Avg:  0.0, Max:  0.0, Diff:  0.0, Sum:  0.0, Workers: 2
[2025-05-12T23:25:32.284+0300][1042.263s][36520] GC(24708)     Object Copy (ms):              Min:  0.1, Avg:  0.1, Max:  0.1, Diff:  0.0, Sum:  0.3, Workers: 2
[2025-05-12T23:25:32.284+0300][1042.263s][36520] GC(24708)     Termination (ms):              Min:  0.0, Avg:  0.0, Max:  0.0, Diff:  0.0, Sum:  0.0, Workers: 2
[2025-05-12T23:25:32.284+0300][1042.263s][36520] GC(24708)       Termination Attempts:          Min: 1, Avg:  1.0, Max: 1, Diff: 0, Sum: 2, Workers: 2
[2025-05-12T23:25:32.284+0300][1042.263s][36520] GC(24708)     GC Worker Other (ms):          Min:  0.0, Avg:  0.0, Max:  0.0, Diff:  0.0, Sum:  0.0, Workers: 2
[2025-05-12T23:25:32.284+0300][1042.263s][36520] GC(24708)     GC Worker Total (ms):          Min:  0.3, Avg:  0.3, Max:  0.3, Diff:  0.0, Sum:  0.6, Workers: 2
[2025-05-12T23:25:32.284+0300][1042.263s][36520] GC(24708)   Post Evacuate Collection Set: 0.5ms
[2025-05-12T23:25:32.284+0300][1042.263s][36520] GC(24708)     NMethod List Cleanup: 0.0ms
[2025-05-12T23:25:32.284+0300][1042.263s][36520] GC(24708)     Reference Processing: 0.1ms
[2025-05-12T23:25:32.284+0300][1042.263s][36520] GC(24708)       Notify Soft/WeakReferences: 0.0ms
[2025-05-12T23:25:32.284+0300][1042.263s][36520] GC(24708)         SoftRef (ms):                  Min:  0.0, Avg:  0.0, Max:  0.0, Diff:  0.0, Sum:  0.0, Workers: 1
[2025-05-12T23:25:32.284+0300][1042.263s][36520] GC(24708)         WeakRef (ms):                  Min:  0.0, Avg:  0.0, Max:  0.0, Diff:  0.0, Sum:  0.0, Workers: 1
[2025-05-12T23:25:32.284+0300][1042.263s][36520] GC(24708)         FinalRef (ms):                 Min:  0.0, Avg:  0.0, Max:  0.0, Diff:  0.0, Sum:  0.0, Workers: 1
[2025-05-12T23:25:32.284+0300][1042.263s][36520] GC(24708)         Total (ms):                    Min:  0.0, Avg:  0.0, Max:  0.0, Diff:  0.0, Sum:  0.0, Workers: 1
[2025-05-12T23:25:32.284+0300][1042.263s][36520] GC(24708)       Notify and keep alive finalizable: 0.0ms
[2025-05-12T23:25:32.284+0300][1042.263s][36520] GC(24708)         FinalRef (ms):                 skipped
[2025-05-12T23:25:32.284+0300][1042.263s][36520] GC(24708)       Notify PhantomReferences: 0.0ms
[2025-05-12T23:25:32.284+0300][1042.263s][36520] GC(24708)         PhantomRef (ms):               skipped
[2025-05-12T23:25:32.284+0300][1042.263s][36520] GC(24708)       SoftReference Discovered: 0, Dropped: 0, Processed: 0
[2025-05-12T23:25:32.284+0300][1042.263s][36520] GC(24708)       WeakReference Discovered: 41, Dropped: 19, Processed: 22
[2025-05-12T23:25:32.284+0300][1042.263s][36520] GC(24708)       FinalReference Discovered: 0, Dropped: 0, Processed: 0
[2025-05-12T23:25:32.284+0300][1042.263s][36520] GC(24708)       PhantomReference Discovered: 0, Dropped: 0, Processed: 0
[2025-05-12T23:25:32.284+0300][1042.263s][36520] GC(24708)     Weak Processing: 0.1ms
[2025-05-12T23:25:32.284+0300][1042.263s][36520] GC(24708)       VM Weak                        Min:  0.0, Avg:  0.0, Max:  0.0, Diff:  0.0, Sum:  0.0, Workers: 10
[2025-05-12T23:25:32.284+0300][1042.263s][36520] GC(24708)         Dead                           Min: 0, Avg:  0.0, Max: 0, Diff: 0, Sum: 0, Workers: 10
[2025-05-12T23:25:32.284+0300][1042.263s][36520] GC(24708)         Total                          Min: 0, Avg:  6.7, Max: 59, Diff: 59, Sum: 67, Workers: 10
[2025-05-12T23:25:32.284+0300][1042.263s][36520] GC(24708)       ObjectSynchronizer Weak        Min:  0.0, Avg:  0.0, Max:  0.0, Diff:  0.0, Sum:  0.0, Workers: 10
[2025-05-12T23:25:32.284+0300][1042.263s][36520] GC(24708)         Dead                           Min: 0, Avg:  0.0, Max: 0, Diff: 0, Sum: 0, Workers: 10
[2025-05-12T23:25:32.284+0300][1042.263s][36520] GC(24708)         Total                          Min: 0, Avg:  0.1, Max: 1, Diff: 1, Sum: 1, Workers: 10
[2025-05-12T23:25:32.284+0300][1042.263s][36520] GC(24708)       JVMTI Tag Weak OopStorage      Min:  0.0, Avg:  0.1, Max:  0.1, Diff:  0.0, Sum:  0.5, Workers: 10
[2025-05-12T23:25:32.284+0300][1042.263s][36520] GC(24708)         Dead                           Min: 0, Avg:  0.0, Max: 0, Diff: 0, Sum: 0, Workers: 10
[2025-05-12T23:25:32.284+0300][1042.263s][36520] GC(24708)         Total                          Min: 2868, Avg: 6289.9, Max: 9600, Diff: 6732, Sum: 62899, Workers: 10
[2025-05-12T23:25:32.284+0300][1042.263s][36520] GC(24708)       StringTable Weak               Min:  0.0, Avg:  0.0, Max:  0.0, Diff:  0.0, Sum:  0.2, Workers: 10
[2025-05-12T23:25:32.284+0300][1042.263s][36520] GC(24708)         Dead                           Min: 0, Avg:  0.0, Max: 0, Diff: 0, Sum: 0, Workers: 10
[2025-05-12T23:25:32.284+0300][1042.263s][36520] GC(24708)         Total                          Min: 3644, Avg: 3952.9, Max: 4477, Diff: 833, Sum: 39529, Workers: 10
[2025-05-12T23:25:32.284+0300][1042.263s][36520] GC(24708)       ResolvedMethodTable Weak       Min:  0.0, Avg:  0.0, Max:  0.0, Diff:  0.0, Sum:  0.0, Workers: 10
[2025-05-12T23:25:32.284+0300][1042.263s][36520] GC(24708)         Dead                           Min: 0, Avg:  0.0, Max: 0, Diff: 0, Sum: 0, Workers: 10
[2025-05-12T23:25:32.284+0300][1042.263s][36520] GC(24708)         Total                          Min: 0, Avg: 85.4, Max: 128, Diff: 128, Sum: 854, Workers: 10
[2025-05-12T23:25:32.284+0300][1042.263s][36520] GC(24708)       JNI Weak                       Min:  0.0, Avg:  0.0, Max:  0.0, Diff:  0.0, Sum:  0.0, Workers: 10
[2025-05-12T23:25:32.284+0300][1042.263s][36520] GC(24708)         Dead                           Min: 0, Avg:  0.0, Max: 0, Diff: 0, Sum: 0, Workers: 10
[2025-05-12T23:25:32.284+0300][1042.263s][36520] GC(24708)         Total                          Min: 0, Avg:  1.1, Max: 11, Diff: 11, Sum: 11, Workers: 10
[2025-05-12T23:25:32.284+0300][1042.263s][36520] GC(24708)       StringDedup Table Weak         Min:  0.0, Avg:  0.0, Max:  0.0, Diff:  0.0, Sum:  0.0, Workers: 10
[2025-05-12T23:25:32.284+0300][1042.263s][36520] GC(24708)         Dead                           Min: 0, Avg:  0.0, Max: 0, Diff: 0, Sum: 0, Workers: 10
[2025-05-12T23:25:32.284+0300][1042.263s][36520] GC(24708)         Total                          Min: 0, Avg:  0.0, Max: 0, Diff: 0, Sum: 0, Workers: 10
[2025-05-12T23:25:32.284+0300][1042.263s][36520] GC(24708)       StringDedup Requests0 Weak     Min:  0.0, Avg:  0.0, Max:  0.0, Diff:  0.0, Sum:  0.0, Workers: 10
[2025-05-12T23:25:32.284+0300][1042.263s][36520] GC(24708)         Dead                           Min: 0, Avg:  0.0, Max: 0, Diff: 0, Sum: 0, Workers: 10
[2025-05-12T23:25:32.284+0300][1042.263s][36520] GC(24708)         Total                          Min: 0, Avg:  0.0, Max: 0, Diff: 0, Sum: 0, Workers: 10
[2025-05-12T23:25:32.284+0300][1042.263s][36520] GC(24708)       StringDedup Requests1 Weak     Min:  0.0, Avg:  0.0, Max:  0.0, Diff:  0.0, Sum:  0.0, Workers: 10
[2025-05-12T23:25:32.284+0300][1042.263s][36520] GC(24708)         Dead                           Min: 0, Avg:  0.0, Max: 0, Diff: 0, Sum: 0, Workers: 10
[2025-05-12T23:25:32.284+0300][1042.263s][36520] GC(24708)         Total                          Min: 0, Avg:  0.0, Max: 0, Diff: 0, Sum: 0, Workers: 10
[2025-05-12T23:25:32.284+0300][1042.263s][36520] GC(24708)       Weak JFR Old Object Samples    Min:  0.0, Avg:  0.0, Max:  0.0, Diff:  0.0, Sum:  0.0, Workers: 10
[2025-05-12T23:25:32.284+0300][1042.263s][36520] GC(24708)         Dead                           Min: 0, Avg:  0.0, Max: 0, Diff: 0, Sum: 0, Workers: 10
[2025-05-12T23:25:32.284+0300][1042.263s][36520] GC(24708)         Total                          Min: 0, Avg:  0.0, Max: 0, Diff: 0, Sum: 0, Workers: 10
[2025-05-12T23:25:32.284+0300][1042.263s][36520] GC(24708)     Post Evacuate Cleanup 1: 0.1ms
[2025-05-12T23:25:32.284+0300][1042.263s][36520] GC(24708)       Merge Per-Thread State (ms):   Min:  0.0, Avg:  0.0, Max:  0.0, Diff:  0.0, Sum:  0.0, Workers: 1
[2025-05-12T23:25:32.284+0300][1042.263s][36520] GC(24708)         Copied Bytes                   Min: 0, Avg:  0.0, Max: 0, Diff: 0, Sum: 0, Workers: 2
[2025-05-12T23:25:32.284+0300][1042.263s][36520] GC(24708)         LAB Waste                      Min: 0, Avg:  0.0, Max: 0, Diff: 0, Sum: 0, Workers: 2
[2025-05-12T23:25:32.284+0300][1042.263s][36520] GC(24708)         LAB Undo Waste                 Min: 0, Avg:  0.0, Max: 0, Diff: 0, Sum: 0, Workers: 2
[2025-05-12T23:25:32.284+0300][1042.263s][36520] GC(24708)       Clear Logged Cards (ms):       Min:  0.0, Avg:  0.0, Max:  0.0, Diff:  0.0, Sum:  0.0, Workers: 2
[2025-05-12T23:25:32.284+0300][1042.263s][36520] GC(24708)       Recalculate Used Memory (ms):  Min:  0.0, Avg:  0.0, Max:  0.0, Diff:  0.0, Sum:  0.0, Workers: 1
[2025-05-12T23:25:32.284+0300][1042.263s][36520] GC(24708)       Restore Retained Regions (ms): Min:  0.0, Avg:  0.0, Max:  0.0, Diff:  0.0, Sum:  0.1, Workers: 2
[2025-05-12T23:25:32.284+0300][1042.263s][36520] GC(24708)         Evacuation Failure Regions:    Min: 1, Avg:  1.0, Max: 1, Diff: 0, Sum: 1, Workers: 1
[2025-05-12T23:25:32.284+0300][1042.263s][36520] GC(24708)         Remove Self Forwards (ms):     Min:  0.0, Avg:  0.0, Max:  0.0, Diff:  0.0, Sum:  0.1, Workers: 2
[2025-05-12T23:25:32.284+0300][1042.263s][36520] GC(24708)           Forward Chunks:                Min: 23, Avg: 28.5, Max: 34, Diff: 11, Sum: 57, Workers: 2
[2025-05-12T23:25:32.284+0300][1042.263s][36520] GC(24708)           Empty Forward Chunks:          Min: 3, Avg:  3.5, Max: 4, Diff: 1, Sum: 7, Workers: 2
[2025-05-12T23:25:32.284+0300][1042.263s][36520] GC(24708)           Forward Objects:               Min: 1533, Avg: 1695.0, Max: 1857, Diff: 324, Sum: 3390, Workers: 2
[2025-05-12T23:25:32.284+0300][1042.263s][36520] GC(24708)           Forward Bytes:                 Min: 88704, Avg: 92452.0, Max: 96200, Diff: 7496, Sum: 184904, Workers: 2
[2025-05-12T23:25:32.284+0300][1042.263s][36520] GC(24708)     Post Evacuate Cleanup 2: 0.1ms
[2025-05-12T23:25:32.284+0300][1042.263s][36520] GC(24708)       Recalculate Used Memory (ms):  Min:  0.0, Avg:  0.0, Max:  0.0, Diff:  0.0, Sum:  0.0, Workers: 1
[2025-05-12T23:25:32.285+0300][1042.263s][36520] GC(24708)       Restore Preserved Marks (ms):  Min:  0.0, Avg:  0.0, Max:  0.0, Diff:  0.0, Sum:  0.0, Workers: 2
[2025-05-12T23:25:32.285+0300][1042.263s][36520] GC(24708)       Clear Retained Region Bitmaps (ms): Min:  0.0, Avg:  0.0, Max:  0.0, Diff:  0.0, Sum:  0.0, Workers: 2
[2025-05-12T23:25:32.285+0300][1042.263s][36520] GC(24708)       Update Derived Pointers (ms):  Min:  0.0, Avg:  0.0, Max:  0.0, Diff:  0.0, Sum:  0.0, Workers: 1
[2025-05-12T23:25:32.285+0300][1042.263s][36520] GC(24708)       Eagerly Reclaim Humongous Objects (ms): skipped
[2025-05-12T23:25:32.285+0300][1042.263s][36520] GC(24708)         Humongous Total                skipped
[2025-05-12T23:25:32.285+0300][1042.263s][36520] GC(24708)         Humongous Candidates           skipped
[2025-05-12T23:25:32.285+0300][1042.263s][36520] GC(24708)         Humongous Reclaimed            skipped
[2025-05-12T23:25:32.285+0300][1042.263s][36520] GC(24708)       Redirty Logged Cards (ms):     Min:  0.0, Avg:  0.0, Max:  0.0, Diff:  0.0, Sum:  0.0, Workers: 2
[2025-05-12T23:25:32.285+0300][1042.263s][36520] GC(24708)         Redirtied Cards:               Min: 0, Avg:  0.0, Max: 0, Diff: 0, Sum: 0, Workers: 2
[2025-05-12T23:25:32.285+0300][1042.263s][36520] GC(24708)       Resize TLABs (ms):             Min:  0.0, Avg:  0.0, Max:  0.0, Diff:  0.0, Sum:  0.0, Workers: 2
[2025-05-12T23:25:32.285+0300][1042.263s][36520] GC(24708)       Free Collection Set (ms):      Min:  0.0, Avg:  0.0, Max:  0.0, Diff:  0.0, Sum:  0.0, Workers: 2
[2025-05-12T23:25:32.285+0300][1042.263s][36520] GC(24708)     Rebuild Free List: 0.0ms
[2025-05-12T23:25:32.285+0300][1042.263s][36520] GC(24708)     Prepare For Mutator: 0.1ms
[2025-05-12T23:25:32.285+0300][1042.263s][36520] GC(24708)     Expand Heap After Collection: 0.0ms
[2025-05-12T23:25:32.285+0300][1042.263s][36520] GC(24708)   Other: 0.3ms
[2025-05-12T23:25:32.285+0300][1042.263s][36520] GC(24708) Coarsening (recent): Inline->AoC 0 (0) AoC->Howl 0 (0) Howl->Full 0 (0) Inline->AoC 0 (0) AoC->BitMap 0 (0) BitMap->Full 0 (0) 
[2025-05-12T23:25:32.285+0300][1042.263s][36520] GC(24708) Coarsening (all): Inline->AoC 10920 (0) AoC->Howl 7731 (0) Howl->Full 0 (0) Inline->AoC 10809 (0) AoC->BitMap 7399 (0) BitMap->Full 0 (0) 
[2025-05-12T23:25:32.285+0300][1042.263s][36520] GC(24708) Eden regions: 1->0(0)
[2025-05-12T23:25:32.285+0300][1042.263s][36520] GC(24708) Survivor regions: 0->0(0)
[2025-05-12T23:25:32.285+0300][1042.263s][36520] GC(24708) Old regions: 11->12
[2025-05-12T23:25:32.285+0300][1042.263s][36520] GC(24708) Humongous regions: 0->0
[2025-05-12T23:25:32.285+0300][1042.263s][36520] GC(24708) Metaspace: 10759K(12736K)->10759K(12736K) NonClass: 9683K(11328K)->9683K(11328K) Class: 1076K(1408K)->1076K(1408K)
[2025-05-12T23:25:32.285+0300][1042.263s][36520] GC(24708) Heap after GC invocations=21172 (full 7092):
[2025-05-12T23:25:32.285+0300][1042.263s][36520] GC(24708)  garbage-first heap   total 12288K, used 12276K [0x00000000ff400000, 0x0000000100000000)
[2025-05-12T23:25:32.285+0300][1042.263s][36520] GC(24708)   region size 1024K, 0 young (0K), 0 survivors (0K)
[2025-05-12T23:25:32.285+0300][1042.263s][36520] GC(24708)  Metaspace       used 10759K, committed 12736K, reserved 1114112K
[2025-05-12T23:25:32.285+0300][1042.263s][36520] GC(24708)   class space    used 1076K, committed 1408K, reserved 1048576K
[2025-05-12T23:25:32.285+0300][1042.264s][36520] GC(24708) Pause Young (Normal) (G1 Evacuation Pause) (Evacuation Failure) 11M->11M(12M) 2.751ms
[2025-05-12T23:25:32.285+0300][1042.264s][36520] GC(24708) User=0.00s Sys=0.00s Real=0.00s
[2025-05-12T23:25:32.285+0300][1042.264s][36520] Attempt heap expansion (allocation request failed). Allocation request: 56B
[2025-05-12T23:25:32.285+0300][1042.264s][36520] Expand the heap. requested expansion amount: 1048576B expansion amount: 1048576B
[2025-05-12T23:25:32.285+0300][1042.264s][36520] Did not expand the heap (heap already fully expanded)
[2025-05-12T23:25:32.285+0300][1042.264s][36520] Attempting full compaction
[2025-05-12T23:25:32.285+0300][1042.264s][36520] GC(24709) Pause Full (G1 Compaction Pause)
[2025-05-12T23:25:32.285+0300][1042.264s][36520] GC(24709) Heap before GC invocations=21172 (full 7092):
[2025-05-12T23:25:32.285+0300][1042.264s][36520] GC(24709)  garbage-first heap   total 12288K, used 12276K [0x00000000ff400000, 0x0000000100000000)
[2025-05-12T23:25:32.285+0300][1042.264s][36520] GC(24709)   region size 1024K, 0 young (0K), 0 survivors (0K)
[2025-05-12T23:25:32.285+0300][1042.264s][36520] GC(24709)  Metaspace       used 10759K, committed 12736K, reserved 1114112K
[2025-05-12T23:25:32.285+0300][1042.264s][36520] GC(24709)   class space    used 1076K, committed 1408K, reserved 1048576K
[2025-05-12T23:25:32.285+0300][1042.264s][36520] GC(24709) Requesting 1 active workers for full compaction (waste limited workers: 1, adaptive workers: 2, used limited workers: 12)
[2025-05-12T23:25:32.285+0300][1042.264s][36520] GC(24709) Using 1 workers of 10 for full compaction
[2025-05-12T23:25:32.285+0300][1042.264s][36520] GC(24709) Mutator Allocation stats, regions: 0, wasted size: 0B ( 0.0%)
[2025-05-12T23:25:32.285+0300][1042.264s][36520] GC(24709) Phase 1: Mark live objects
[2025-05-12T23:25:32.292+0300][1042.271s][36520] GC(24709) Phase 1: Reference Processing
[2025-05-12T23:25:32.292+0300][1042.271s][36520] GC(24709) ReferenceProcessor::execute queues: 1, RefProcThreadModel::Single, marks_oops_alive: false
[2025-05-12T23:25:32.292+0300][1042.271s][36520] GC(24709) Skipped KeepAliveFinalRefsPhase of Reference Processing: no references
[2025-05-12T23:25:32.292+0300][1042.271s][36520] GC(24709) ReferenceProcessor::execute queues: 1, RefProcThreadModel::Single, marks_oops_alive: false
[2025-05-12T23:25:32.292+0300][1042.271s][36520] GC(24709) Reference Processing: 0.1ms
[2025-05-12T23:25:32.292+0300][1042.271s][36520] GC(24709)   Notify Soft/WeakReferences: 0.0ms
[2025-05-12T23:25:32.292+0300][1042.271s][36520] GC(24709)     SoftRef: 0.0ms
[2025-05-12T23:25:32.292+0300][1042.271s][36520] GC(24709)     WeakRef: 0.0ms
[2025-05-12T23:25:32.292+0300][1042.271s][36520] GC(24709)     FinalRef: 0.0ms
[2025-05-12T23:25:32.292+0300][1042.271s][36520] GC(24709)     Total: 0.0ms
[2025-05-12T23:25:32.292+0300][1042.271s][36520] GC(24709)   Notify and keep alive finalizable: 0.0ms
[2025-05-12T23:25:32.292+0300][1042.271s][36520] GC(24709)     FinalRef: skipped
[2025-05-12T23:25:32.292+0300][1042.271s][36520] GC(24709)   Notify PhantomReferences: 0.0ms
[2025-05-12T23:25:32.292+0300][1042.271s][36520] GC(24709)     PhantomRef: 0.0ms
[2025-05-12T23:25:32.292+0300][1042.271s][36520] GC(24709)   SoftReference Discovered: 46, Dropped: 4, Processed: 42
[2025-05-12T23:25:32.292+0300][1042.271s][36520] GC(24709)   WeakReference Discovered: 32, Dropped: 13, Processed: 19
[2025-05-12T23:25:32.292+0300][1042.271s][36520] GC(24709)   FinalReference Discovered: 0, Dropped: 0, Processed: 0
[2025-05-12T23:25:32.292+0300][1042.271s][36520] GC(24709)   PhantomReference Discovered: 23, Dropped: 23, Processed: 0
[2025-05-12T23:25:32.292+0300][1042.271s][36520] GC(24709) Phase 1: Reference Processing 0.209ms
[2025-05-12T23:25:32.292+0300][1042.271s][36520] GC(24709) Phase 1: Weak Processing
[2025-05-12T23:25:32.292+0300][1042.271s][36520] GC(24709)   VM Weak                        Min:  0.0, Avg:  0.0, Max:  0.0, Diff:  0.0, Sum:  0.0, Workers: 10
[2025-05-12T23:25:32.292+0300][1042.271s][36520] GC(24709)     Dead                           Min: 0, Avg:  2.0, Max: 20, Diff: 20, Sum: 20, Workers: 10
[2025-05-12T23:25:32.292+0300][1042.271s][36520] GC(24709)     Total                          Min: 0, Avg:  6.7, Max: 41, Diff: 41, Sum: 67, Workers: 10
[2025-05-12T23:25:32.292+0300][1042.271s][36520] GC(24709)   ObjectSynchronizer Weak        Min:  0.0, Avg:  0.0, Max:  0.0, Diff:  0.0, Sum:  0.0, Workers: 10
[2025-05-12T23:25:32.292+0300][1042.271s][36520] GC(24709)     Dead                           Min: 0, Avg:  0.0, Max: 0, Diff: 0, Sum: 0, Workers: 10
[2025-05-12T23:25:32.292+0300][1042.271s][36520] GC(24709)     Total                          Min: 0, Avg:  0.1, Max: 1, Diff: 1, Sum: 1, Workers: 10
[2025-05-12T23:25:32.292+0300][1042.271s][36520] GC(24709)   JVMTI Tag Weak OopStorage      Min:  0.0, Avg:  0.1, Max:  0.1, Diff:  0.0, Sum:  0.5, Workers: 10
[2025-05-12T23:25:32.292+0300][1042.271s][36520] GC(24709)     Dead                           Min: 0, Avg:  2.0, Max: 20, Diff: 20, Sum: 20, Workers: 10
[2025-05-12T23:25:32.292+0300][1042.271s][36520] GC(24709)     Total                          Min: 4286, Avg: 6289.9, Max: 8970, Diff: 4684, Sum: 62899, Workers: 10
[2025-05-12T23:25:32.292+0300][1042.271s][36520] GC(24709)   StringTable Weak               Min:  0.0, Avg:  0.0, Max:  0.0, Diff:  0.0, Sum:  0.2, Workers: 10
[2025-05-12T23:25:32.292+0300][1042.271s][36520] GC(24709)     Dead                           Min: 1, Avg:  9.0, Max: 38, Diff: 37, Sum: 90, Workers: 10
[2025-05-12T23:25:32.292+0300][1042.271s][36520] GC(24709)     Total                          Min: 3520, Avg: 3952.9, Max: 5118, Diff: 1598, Sum: 39529, Workers: 10
[2025-05-12T23:25:32.292+0300][1042.271s][36520] GC(24709)   ResolvedMethodTable Weak       Min:  0.0, Avg:  0.0, Max:  0.0, Diff:  0.0, Sum:  0.0, Workers: 10
[2025-05-12T23:25:32.292+0300][1042.271s][36520] GC(24709)     Dead                           Min: 0, Avg:  3.7, Max: 37, Diff: 37, Sum: 37, Workers: 10
[2025-05-12T23:25:32.292+0300][1042.271s][36520] GC(24709)     Total                          Min: 0, Avg: 85.4, Max: 128, Diff: 128, Sum: 854, Workers: 10
[2025-05-12T23:25:32.292+0300][1042.271s][36520] GC(24709)   JNI Weak                       Min:  0.0, Avg:  0.0, Max:  0.0, Diff:  0.0, Sum:  0.0, Workers: 10
[2025-05-12T23:25:32.292+0300][1042.271s][36520] GC(24709)     Dead                           Min: 0, Avg:  0.0, Max: 0, Diff: 0, Sum: 0, Workers: 10
[2025-05-12T23:25:32.292+0300][1042.271s][36520] GC(24709)     Total                          Min: 0, Avg:  1.1, Max: 11, Diff: 11, Sum: 11, Workers: 10
[2025-05-12T23:25:32.292+0300][1042.271s][36520] GC(24709)   StringDedup Table Weak         Min:  0.0, Avg:  0.0, Max:  0.0, Diff:  0.0, Sum:  0.0, Workers: 10
[2025-05-12T23:25:32.292+0300][1042.271s][36520] GC(24709)     Dead                           Min: 0, Avg:  0.0, Max: 0, Diff: 0, Sum: 0, Workers: 10
[2025-05-12T23:25:32.292+0300][1042.271s][36520] GC(24709)     Total                          Min: 0, Avg:  0.0, Max: 0, Diff: 0, Sum: 0, Workers: 10
[2025-05-12T23:25:32.292+0300][1042.271s][36520] GC(24709)   StringDedup Requests0 Weak     Min:  0.0, Avg:  0.0, Max:  0.0, Diff:  0.0, Sum:  0.0, Workers: 10
[2025-05-12T23:25:32.292+0300][1042.271s][36520] GC(24709)     Dead                           Min: 0, Avg:  0.0, Max: 0, Diff: 0, Sum: 0, Workers: 10
[2025-05-12T23:25:32.292+0300][1042.271s][36520] GC(24709)     Total                          Min: 0, Avg:  0.0, Max: 0, Diff: 0, Sum: 0, Workers: 10
[2025-05-12T23:25:32.292+0300][1042.271s][36520] GC(24709)   StringDedup Requests1 Weak     Min:  0.0, Avg:  0.0, Max:  0.0, Diff:  0.0, Sum:  0.0, Workers: 10
[2025-05-12T23:25:32.292+0300][1042.271s][36520] GC(24709)     Dead                           Min: 0, Avg:  0.0, Max: 0, Diff: 0, Sum: 0, Workers: 10
[2025-05-12T23:25:32.292+0300][1042.271s][36520] GC(24709)     Total                          Min: 0, Avg:  0.0, Max: 0, Diff: 0, Sum: 0, Workers: 10
[2025-05-12T23:25:32.292+0300][1042.271s][36520] GC(24709)   Weak JFR Old Object Samples    Min:  0.0, Avg:  0.0, Max:  0.0, Diff:  0.0, Sum:  0.0, Workers: 10
[2025-05-12T23:25:32.292+0300][1042.271s][36520] GC(24709)     Dead                           Min: 0, Avg:  0.0, Max: 0, Diff: 0, Sum: 0, Workers: 10
[2025-05-12T23:25:32.292+0300][1042.271s][36520] GC(24709)     Total                          Min: 0, Avg:  0.0, Max: 0, Diff: 0, Sum: 0, Workers: 10
[2025-05-12T23:25:32.292+0300][1042.271s][36520] GC(24709) Phase 1: Weak Processing 0.442ms
[2025-05-12T23:25:32.292+0300][1042.271s][36520] GC(24709) Phase 1: Class Unloading and Cleanup
[2025-05-12T23:25:32.292+0300][1042.271s][36520] GC(24709) ClassLoaderData
[2025-05-12T23:25:32.292+0300][1042.271s][36520] GC(24709) ClassLoaderData 0.066ms
[2025-05-12T23:25:32.292+0300][1042.271s][36520] GC(24709) Trigger cleanups
[2025-05-12T23:25:32.292+0300][1042.271s][36520] GC(24709) Trigger cleanups 0.009ms
[2025-05-12T23:25:32.295+0300][1042.275s][36520] GC(24709) Phase 1: Class Unloading and Cleanup 3.808ms
[2025-05-12T23:25:32.295+0300][1042.275s][36520] GC(24709) Report Object Count
[2025-05-12T23:25:32.295+0300][1042.275s][36520] GC(24709) Report Object Count 0.012ms
[2025-05-12T23:25:32.295+0300][1042.275s][36520] GC(24709) Phase 1: Mark live objects 11.483ms
[2025-05-12T23:25:32.296+0300][1042.275s][36520] GC(24709) Phase 2: Prepare compaction
[2025-05-12T23:25:32.296+0300][1042.275s][36520] GC(24709) Phase 2: Determine work lists
[2025-05-12T23:25:32.296+0300][1042.275s][36520] GC(24709) Phase 2: Determine work lists 0.010ms
[2025-05-12T23:25:32.296+0300][1042.275s][36520] GC(24709) Phase 2: Prepare parallel compaction
[2025-05-12T23:25:32.297+0300][1042.275s][36520] GC(24709) Phase 2: Prepare parallel compaction 0.223ms
[2025-05-12T23:25:32.297+0300][1042.275s][36520] GC(24709) Phase 2: Prepare compaction 0.272ms
[2025-05-12T23:25:32.297+0300][1042.275s][36520] GC(24709) Phase 3: Adjust pointers
[2025-05-12T23:25:32.300+0300][1042.279s][36520] GC(24709) Phase 3: Adjust pointers 3.992ms
[2025-05-12T23:25:32.300+0300][1042.279s][36520] GC(24709) Phase 4: Compact heap
[2025-05-12T23:25:32.300+0300][1042.280s][36520] GC(24709) Phase 4: Compact heap 0.222ms
[2025-05-12T23:25:32.300+0300][1042.280s][36520] GC(24709) Phase 5: Reset Metadata
[2025-05-12T23:25:32.303+0300][1042.281s][36520] GC(24709) Phase 5: Reset Metadata 1.719ms
[2025-05-12T23:25:32.303+0300][1042.282s][36520] GC(24709) Running G1 Clear Bitmap with 1 workers for 1 work units.
[2025-05-12T23:25:32.304+0300][1042.283s][36520] GC(24709) Request concurrent cycle initiation (occupancy higher than threshold) occupancy: 11534336B allocation request: 0B threshold: 3617712B (28.75) source: end of Full GC
[2025-05-12T23:25:32.304+0300][1042.284s][36520] Old generation allocation in the last mutator period, old gen allocated: 0B, humongous allocated: 0B, old gen growth: 0B.
[2025-05-12T23:25:32.304+0300][1042.284s][36520] GC(24709) Coarsening (recent): Inline->AoC 0 (0) AoC->Howl 0 (0) Howl->Full 0 (0) Inline->AoC 0 (0) AoC->BitMap 0 (0) BitMap->Full 0 (0) 
[2025-05-12T23:25:32.304+0300][1042.284s][36520] GC(24709) Coarsening (all): Inline->AoC 10920 (0) AoC->Howl 7731 (0) Howl->Full 0 (0) Inline->AoC 10809 (0) AoC->BitMap 7399 (0) BitMap->Full 0 (0) 
[2025-05-12T23:25:32.304+0300][1042.284s][36520] GC(24709) Eden regions: 0->0(1)
[2025-05-12T23:25:32.304+0300][1042.284s][36520] GC(24709) Survivor regions: 0->0(0)
[2025-05-12T23:25:32.304+0300][1042.284s][36520] GC(24709) Old regions: 12->11
[2025-05-12T23:25:32.304+0300][1042.284s][36520] GC(24709) Humongous regions: 0->0
[2025-05-12T23:25:32.304+0300][1042.284s][36520] GC(24709) Metaspace: 10759K(12736K)->10718K(12736K) NonClass: 9683K(11328K)->9653K(11328K) Class: 1076K(1408K)->1064K(1408K)
[2025-05-12T23:25:32.304+0300][1042.284s][36520] GC(24709) Heap after GC invocations=21173 (full 7093):
[2025-05-12T23:25:32.304+0300][1042.284s][36520] GC(24709)  garbage-first heap   total 12288K, used 11243K [0x00000000ff400000, 0x0000000100000000)
[2025-05-12T23:25:32.304+0300][1042.284s][36520] GC(24709)   region size 1024K, 0 young (0K), 0 survivors (0K)
[2025-05-12T23:25:32.304+0300][1042.284s][36520] GC(24709)  Metaspace       used 10718K, committed 12736K, reserved 1114112K
[2025-05-12T23:25:32.304+0300][1042.284s][36520] GC(24709)   class space    used 1064K, committed 1408K, reserved 1048576K
[2025-05-12T23:25:32.304+0300][1042.284s][36520] GC(24709) Pause Full (G1 Compaction Pause) 11M->10M(12M) 20.111ms
[2025-05-12T23:25:32.304+0300][1042.284s][36520] GC(24709) User=0.02s Sys=0.00s Real=0.02s
[2025-05-12T23:25:32.304+0300][1042.284s][9340 ] G1 Service Thread (Card Set Free Memory Task) (run: 21.748ms) (cpu: 0.000ms)
[2025-05-12T23:25:32.332+0300][1042.311s][36520] GC(24710) Initiate concurrent cycle (concurrent cycle initiation requested)
[2025-05-12T23:25:32.332+0300][1042.311s][36520] GC(24710) Pause Young (Concurrent Start) (G1 Evacuation Pause)
[2025-05-12T23:25:32.332+0300][1042.311s][36520] GC(24710) Heap before GC invocations=21173 (full 7093):
[2025-05-12T23:25:32.332+0300][1042.311s][36520] GC(24710)  garbage-first heap   total 12288K, used 11243K [0x00000000ff400000, 0x0000000100000000)
[2025-05-12T23:25:32.332+0300][1042.311s][36520] GC(24710)   region size 1024K, 1 young (1024K), 0 survivors (0K)
[2025-05-12T23:25:32.332+0300][1042.311s][36520] GC(24710)  Metaspace       used 10759K, committed 12736K, reserved 1114112K
[2025-05-12T23:25:32.332+0300][1042.311s][36520] GC(24710)   class space    used 1076K, committed 1408K, reserved 1048576K
[2025-05-12T23:25:32.332+0300][1042.311s][36520] GC(24710) Using 2 workers of 10 for evacuation
[2025-05-12T23:25:32.332+0300][1042.311s][36520] GC(24710) Desired survivor size 524288 bytes, new threshold 15 (max threshold 15)
[2025-05-12T23:25:32.332+0300][1042.311s][36520] GC(24710) TLAB totals: thrds: 1  refills: 317 max: 317 slow allocs: 155 max 155 waste: 22.1% gc: 688B max: 688B slow: 189048B max: 189048B
[2025-05-12T23:25:32.332+0300][1042.311s][36520] GC(24710) Mutator refinement: 0.00ms, refined: 0, precleaned: 0, dirtied: 109
[2025-05-12T23:25:32.332+0300][1042.311s][36520] GC(24710) Concurrent refinement: 0.00ms, refined: 0, precleaned: 0, dirtied: 0
[2025-05-12T23:25:32.332+0300][1042.311s][36520] GC(24710) Total refinement: 0.00ms, refined: 0, precleaned: 0, dirtied: 109
[2025-05-12T23:25:32.332+0300][1042.311s][36520] GC(24710) Generate dirty cards rate: 4.01 cards/ms
[2025-05-12T23:25:32.332+0300][1042.311s][36520] GC(24710) Mutator Allocation stats, regions: 1, wasted size: 0B ( 0.0%)
[2025-05-12T23:25:32.332+0300][1042.311s][36520] GC(24710) No candidates to reclaim.
[2025-05-12T23:25:32.332+0300][1042.311s][36520] GC(24710) Running G1 Merge Heap Roots using 2 workers for 1 regions
[2025-05-12T23:25:32.332+0300][1042.311s][36520] GC(24710) Visited cards 1120 Total dirty 12288 (9.11%) Total old 26624 (4.21%)
[2025-05-12T23:25:32.332+0300][1042.311s][15708] GC(24710) Attempt heap expansion (region allocation request failed). Allocation request: 2064B
[2025-05-12T23:25:32.332+0300][1042.311s][15708] GC(24710) Did not expand the heap (heap already fully expanded)
[2025-05-12T23:25:32.333+0300][1042.311s][36520] GC(24710) ReferenceProcessor::execute queues: 1, RefProcThreadModel::Single, marks_oops_alive: false
[2025-05-12T23:25:32.333+0300][1042.311s][36520] GC(24710) Skipped KeepAliveFinalRefsPhase of Reference Processing: no references
[2025-05-12T23:25:32.333+0300][1042.312s][36520] GC(24710) Skipped PhantomRefsPhase of Reference Processing: no references
[2025-05-12T23:25:32.333+0300][1042.312s][36520] GC(24710) Initializing removing self forwards with 64 chunks per region
[2025-05-12T23:25:32.333+0300][1042.312s][36520] GC(24710) Running G1 Rebuild Free List Task using 2 workers for rebuilding free list of regions
[2025-05-12T23:25:32.333+0300][1042.312s][36520] GC(24710) Young PLAB allocation: allocated: 0B, wasted: 0B, unused: 0B, used: 0B, undo waste: 0B, 
[2025-05-12T23:25:32.333+0300][1042.312s][36520] GC(24710) Young other allocation: region end waste: 0B, regions filled: 0, num plab filled: 2, direct allocated: 0B, num direct allocated: 0, failure used: 0B, failure wasted: 0B
[2025-05-12T23:25:32.333+0300][1042.312s][36520] GC(24710) Young sizing: calculated: 0B, actual: 2064B
[2025-05-12T23:25:32.333+0300][1042.312s][36520] GC(24710) Old PLAB allocation: allocated: 0B, wasted: 0B, unused: 0B, used: 0B, undo waste: 0B, 
[2025-05-12T23:25:32.333+0300][1042.312s][36520] GC(24710) Old other allocation: region end waste: 0B, regions filled: 0, num plab filled: 2, direct allocated: 0B, num direct allocated: 0, failure used: 148856B, failure wasted: 899720B
[2025-05-12T23:25:32.333+0300][1042.312s][36520] GC(24710) Old sizing: calculated: 0B, actual: 2064B
[2025-05-12T23:25:32.333+0300][1042.312s][36520] GC(24710) Heap expansion: short term pause time ratio 39.00% long term pause time ratio 42.66% threshold 7.69% pause time ratio 7.69% fully expanded true resize by 0B
[2025-05-12T23:25:32.333+0300][1042.312s][9340 ] G1 Service Thread (Card Set Free Memory Task) (run 0.010ms after schedule)
[2025-05-12T23:25:32.333+0300][1042.312s][36520] GC(24710) MMU: 6.9ms (200.0ms/201.0ms)
[2025-05-12T23:25:32.333+0300][1042.312s][36520] Old generation allocation in the last mutator period, old gen allocated: 1048576B, humongous allocated: 0B, old gen growth: 1048576B.
[2025-05-12T23:25:32.333+0300][1042.312s][36520] GC(24710) Basic information (value update), threshold: 3665103B (29.13), target occupancy: 12582912B, current occupancy: 12555168B, recent allocation size: 1048576B, recent allocation duration: 27.18ms, recent old gen allocation rate: 38578387.37B/s, recent marking phase length: 120.12ms
[2025-05-12T23:25:32.333+0300][1042.312s][36520] GC(24710) Adaptive IHOP information (value update), threshold: 3665103B (34.27), internal target occupancy: 10695475B, occupancy: 12555168B, additional buffer size: 1048576B, predicted old gen allocation rate: 49566248.55B/s, predicted marking phase length: 120.68ms, prediction active: true
[2025-05-12T23:25:32.333+0300][1042.312s][36520] GC(24710) GC refinement: goal: 18446744073709551615 + 106 / 20.00ms, actual: 109 / 0.05ms, 
[2025-05-12T23:25:32.333+0300][1042.312s][36520] GC(24710) Unchanged pending cards target: 18446744073709551615
[2025-05-12T23:25:32.333+0300][1042.312s][36520] GC(24710)   Pre Evacuate Collection Set: 0.1ms
[2025-05-12T23:25:32.333+0300][1042.312s][36520] GC(24710)     Pre Evacuate Prepare: 0.0ms
[2025-05-12T23:25:32.333+0300][1042.312s][36520] GC(24710)       JT Retire TLABs And Flush Logs (ms): Min:  0.0, Avg:  0.0, Max:  0.0, Diff:  0.0, Sum:  0.0, Workers: 2
[2025-05-12T23:25:32.333+0300][1042.312s][36520] GC(24710)       Non-JT Flush Logs (ms):        Min:  0.0, Avg:  0.0, Max:  0.0, Diff:  0.0, Sum:  0.0, Workers: 1
[2025-05-12T23:25:32.333+0300][1042.312s][36520] GC(24710)     Choose Collection Set: 0.0ms
[2025-05-12T23:25:32.333+0300][1042.312s][36520] GC(24710)     Region Register: 0.1ms
[2025-05-12T23:25:32.333+0300][1042.312s][36520] GC(24710)     Prepare Heap Roots: 0.0ms
[2025-05-12T23:25:32.333+0300][1042.312s][36520] GC(24710)     Reset Marking State (ms):      Min:  0.0, Avg:  0.0, Max:  0.0, Diff:  0.0, Sum:  0.0, Workers: 1
[2025-05-12T23:25:32.333+0300][1042.312s][36520] GC(24710)     Note Start Of Mark (ms):       Min:  0.0, Avg:  0.0, Max:  0.0, Diff:  0.0, Sum:  0.0, Workers: 2
[2025-05-12T23:25:32.334+0300][1042.312s][36520] GC(24710)   Merge Heap Roots: 0.1ms
[2025-05-12T23:25:32.334+0300][1042.312s][36520] GC(24710)     Prepare Merge Heap Roots: 0.0ms
[2025-05-12T23:25:32.334+0300][1042.312s][36520] GC(24710)     Remembered Sets (ms):          Min:  0.0, Avg:  0.0, Max:  0.0, Diff:  0.0, Sum:  0.0, Workers: 2
[2025-05-12T23:25:32.334+0300][1042.312s][36520] GC(24710)       Eager Reclaim (ms):            skipped
[2025-05-12T23:25:32.334+0300][1042.312s][36520] GC(24710)       Merged Inline                  Min: 0, Avg:  0.0, Max: 0, Diff: 0, Sum: 0, Workers: 2
[2025-05-12T23:25:32.334+0300][1042.312s][36520] GC(24710)       Merged ArrayOfCards            Min: 0, Avg:  0.0, Max: 0, Diff: 0, Sum: 0, Workers: 2
[2025-05-12T23:25:32.334+0300][1042.312s][36520] GC(24710)       Merged Howl                    Min: 0, Avg:  0.0, Max: 0, Diff: 0, Sum: 0, Workers: 2
[2025-05-12T23:25:32.334+0300][1042.312s][36520] GC(24710)       Merged Full                    Min: 0, Avg:  0.0, Max: 0, Diff: 0, Sum: 0, Workers: 2
[2025-05-12T23:25:32.334+0300][1042.312s][36520] GC(24710)       Merged Howl Inline             Min: 0, Avg:  0.0, Max: 0, Diff: 0, Sum: 0, Workers: 2
[2025-05-12T23:25:32.334+0300][1042.312s][36520] GC(24710)       Merged Howl ArrayOfCards       Min: 0, Avg:  0.0, Max: 0, Diff: 0, Sum: 0, Workers: 2
[2025-05-12T23:25:32.334+0300][1042.312s][36520] GC(24710)       Merged Howl BitMap             Min: 0, Avg:  0.0, Max: 0, Diff: 0, Sum: 0, Workers: 2
[2025-05-12T23:25:32.334+0300][1042.312s][36520] GC(24710)       Merged Howl Full               Min: 0, Avg:  0.0, Max: 0, Diff: 0, Sum: 0, Workers: 2
[2025-05-12T23:25:32.334+0300][1042.312s][36520] GC(24710)       Merged Cards                   Min: 8, Avg:  8.0, Max: 8, Diff: 0, Sum: 16, Workers: 2
[2025-05-12T23:25:32.334+0300][1042.312s][36520] GC(24710)     Log Buffers (ms):              Min:  0.0, Avg:  0.0, Max:  0.0, Diff:  0.0, Sum:  0.0, Workers: 2
[2025-05-12T23:25:32.334+0300][1042.312s][36520] GC(24710)       Dirty Cards:                   Min: 24, Avg: 54.5, Max: 85, Diff: 61, Sum: 109, Workers: 2
[2025-05-12T23:25:32.334+0300][1042.312s][36520] GC(24710)       Skipped Cards:                 Min: 0, Avg:  0.0, Max: 0, Diff: 0, Sum: 0, Workers: 2
[2025-05-12T23:25:32.334+0300][1042.312s][36520] GC(24710)   Evacuate Collection Set: 0.4ms
[2025-05-12T23:25:32.334+0300][1042.312s][36520] GC(24710)     Ext Root Scanning (ms):        Min:  0.1, Avg:  0.2, Max:  0.2, Diff:  0.0, Sum:  0.3, Workers: 2
[2025-05-12T23:25:32.334+0300][1042.313s][36520] GC(24710)     Scan Heap Roots (ms):          Min:  0.0, Avg:  0.1, Max:  0.1, Diff:  0.1, Sum:  0.1, Workers: 2
[2025-05-12T23:25:32.334+0300][1042.313s][36520] GC(24710)       Scanned Cards:                 Min: 26, Avg: 54.5, Max: 83, Diff: 57, Sum: 109, Workers: 2
[2025-05-12T23:25:32.334+0300][1042.313s][36520] GC(24710)       Scanned Blocks:                Min: 19, Avg: 36.0, Max: 53, Diff: 34, Sum: 72, Workers: 2
[2025-05-12T23:25:32.334+0300][1042.313s][36520] GC(24710)       Claimed Chunks:                Min: 9, Avg: 17.5, Max: 26, Diff: 17, Sum: 35, Workers: 2
[2025-05-12T23:25:32.334+0300][1042.313s][36520] GC(24710)       Found Roots:                   Min: 38, Avg: 59.0, Max: 80, Diff: 42, Sum: 118, Workers: 2
[2025-05-12T23:25:32.334+0300][1042.313s][36520] GC(24710)     Code Root Scan (ms):           Min:  0.0, Avg:  0.0, Max:  0.0, Diff:  0.0, Sum:  0.0, Workers: 2
[2025-05-12T23:25:32.334+0300][1042.313s][36520] GC(24710)     Object Copy (ms):              Min:  0.1, Avg:  0.1, Max:  0.1, Diff:  0.0, Sum:  0.3, Workers: 2
[2025-05-12T23:25:32.334+0300][1042.313s][36520] GC(24710)     Termination (ms):              Min:  0.0, Avg:  0.0, Max:  0.0, Diff:  0.0, Sum:  0.0, Workers: 2
[2025-05-12T23:25:32.334+0300][1042.313s][36520] GC(24710)       Termination Attempts:          Min: 1, Avg:  1.0, Max: 1, Diff: 0, Sum: 2, Workers: 2
[2025-05-12T23:25:32.334+0300][1042.313s][36520] GC(24710)     GC Worker Other (ms):          Min:  0.0, Avg:  0.0, Max:  0.0, Diff:  0.0, Sum:  0.0, Workers: 2
[2025-05-12T23:25:32.334+0300][1042.313s][36520] GC(24710)     GC Worker Total (ms):          Min:  0.4, Avg:  0.4, Max:  0.4, Diff:  0.0, Sum:  0.7, Workers: 2
[2025-05-12T23:25:32.334+0300][1042.313s][36520] GC(24710)   Post Evacuate Collection Set: 0.6ms
[2025-05-12T23:25:32.334+0300][1042.313s][36520] GC(24710)     NMethod List Cleanup: 0.0ms
[2025-05-12T23:25:32.334+0300][1042.313s][36520] GC(24710)     Reference Processing: 0.1ms
[2025-05-12T23:25:32.334+0300][1042.313s][36520] GC(24710)       Notify Soft/WeakReferences: 0.0ms
[2025-05-12T23:25:32.334+0300][1042.313s][36520] GC(24710)         SoftRef (ms):                  Min:  0.0, Avg:  0.0, Max:  0.0, Diff:  0.0, Sum:  0.0, Workers: 1
[2025-05-12T23:25:32.334+0300][1042.313s][36520] GC(24710)         WeakRef (ms):                  Min:  0.0, Avg:  0.0, Max:  0.0, Diff:  0.0, Sum:  0.0, Workers: 1
[2025-05-12T23:25:32.334+0300][1042.313s][36520] GC(24710)         FinalRef (ms):                 Min:  0.0, Avg:  0.0, Max:  0.0, Diff:  0.0, Sum:  0.0, Workers: 1
[2025-05-12T23:25:32.334+0300][1042.313s][36520] GC(24710)         Total (ms):                    Min:  0.0, Avg:  0.0, Max:  0.0, Diff:  0.0, Sum:  0.0, Workers: 1
[2025-05-12T23:25:32.334+0300][1042.313s][36520] GC(24710)       Notify and keep alive finalizable: 0.0ms
[2025-05-12T23:25:32.334+0300][1042.313s][36520] GC(24710)         FinalRef (ms):                 skipped
[2025-05-12T23:25:32.334+0300][1042.313s][36520] GC(24710)       Notify PhantomReferences: 0.0ms
[2025-05-12T23:25:32.334+0300][1042.313s][36520] GC(24710)         PhantomRef (ms):               skipped
[2025-05-12T23:25:32.334+0300][1042.313s][36520] GC(24710)       SoftReference Discovered: 0, Dropped: 0, Processed: 0
[2025-05-12T23:25:32.334+0300][1042.313s][36520] GC(24710)       WeakReference Discovered: 26, Dropped: 3, Processed: 23
[2025-05-12T23:25:32.334+0300][1042.313s][36520] GC(24710)       FinalReference Discovered: 0, Dropped: 0, Processed: 0
[2025-05-12T23:25:32.334+0300][1042.313s][36520] GC(24710)       PhantomReference Discovered: 0, Dropped: 0, Processed: 0
[2025-05-12T23:25:32.334+0300][1042.313s][36520] GC(24710)     Weak Processing: 0.1ms
[2025-05-12T23:25:32.334+0300][1042.313s][36520] GC(24710)       VM Weak                        Min:  0.0, Avg:  0.0, Max:  0.0, Diff:  0.0, Sum:  0.0, Workers: 10
[2025-05-12T23:25:32.334+0300][1042.313s][36520] GC(24710)         Dead                           Min: 0, Avg:  0.0, Max: 0, Diff: 0, Sum: 0, Workers: 10
[2025-05-12T23:25:32.334+0300][1042.313s][36520] GC(24710)         Total                          Min: 0, Avg:  6.7, Max: 67, Diff: 67, Sum: 67, Workers: 10
[2025-05-12T23:25:32.334+0300][1042.313s][36520] GC(24710)       ObjectSynchronizer Weak        Min:  0.0, Avg:  0.0, Max:  0.0, Diff:  0.0, Sum:  0.0, Workers: 10
[2025-05-12T23:25:32.334+0300][1042.313s][36520] GC(24710)         Dead                           Min: 0, Avg:  0.0, Max: 0, Diff: 0, Sum: 0, Workers: 10
[2025-05-12T23:25:32.334+0300][1042.313s][36520] GC(24710)         Total                          Min: 0, Avg:  0.1, Max: 1, Diff: 1, Sum: 1, Workers: 10
[2025-05-12T23:25:32.334+0300][1042.313s][36520] GC(24710)       JVMTI Tag Weak OopStorage      Min:  0.0, Avg:  0.1, Max:  0.1, Diff:  0.0, Sum:  0.6, Workers: 10
[2025-05-12T23:25:32.334+0300][1042.313s][36520] GC(24710)         Dead                           Min: 0, Avg:  0.0, Max: 0, Diff: 0, Sum: 0, Workers: 10
[2025-05-12T23:25:32.334+0300][1042.313s][36520] GC(24710)         Total                          Min: 2952, Avg: 6289.9, Max: 8539, Diff: 5587, Sum: 62899, Workers: 10
[2025-05-12T23:25:32.334+0300][1042.313s][36520] GC(24710)       StringTable Weak               Min:  0.0, Avg:  0.0, Max:  0.0, Diff:  0.0, Sum:  0.2, Workers: 10
[2025-05-12T23:25:32.334+0300][1042.313s][36520] GC(24710)         Dead                           Min: 0, Avg:  1.7, Max: 8, Diff: 8, Sum: 17, Workers: 10
[2025-05-12T23:25:32.334+0300][1042.313s][36520] GC(24710)         Total                          Min: 3520, Avg: 3952.9, Max: 4480, Diff: 960, Sum: 39529, Workers: 10
[2025-05-12T23:25:32.334+0300][1042.313s][36520] GC(24710)       ResolvedMethodTable Weak       Min:  0.0, Avg:  0.0, Max:  0.0, Diff:  0.0, Sum:  0.0, Workers: 10
[2025-05-12T23:25:32.334+0300][1042.313s][36520] GC(24710)         Dead                           Min: 0, Avg:  0.0, Max: 0, Diff: 0, Sum: 0, Workers: 10
[2025-05-12T23:25:32.334+0300][1042.313s][36520] GC(24710)         Total                          Min: 0, Avg: 86.6, Max: 128, Diff: 128, Sum: 866, Workers: 10
[2025-05-12T23:25:32.334+0300][1042.313s][36520] GC(24710)       JNI Weak                       Min:  0.0, Avg:  0.0, Max:  0.0, Diff:  0.0, Sum:  0.0, Workers: 10
[2025-05-12T23:25:32.334+0300][1042.313s][36520] GC(24710)         Dead                           Min: 0, Avg:  0.0, Max: 0, Diff: 0, Sum: 0, Workers: 10
[2025-05-12T23:25:32.334+0300][1042.313s][36520] GC(24710)         Total                          Min: 0, Avg:  1.1, Max: 11, Diff: 11, Sum: 11, Workers: 10
[2025-05-12T23:25:32.334+0300][1042.313s][36520] GC(24710)       StringDedup Table Weak         Min:  0.0, Avg:  0.0, Max:  0.0, Diff:  0.0, Sum:  0.0, Workers: 10
[2025-05-12T23:25:32.335+0300][1042.313s][36520] GC(24710)         Dead                           Min: 0, Avg:  0.0, Max: 0, Diff: 0, Sum: 0, Workers: 10
[2025-05-12T23:25:32.335+0300][1042.313s][36520] GC(24710)         Total                          Min: 0, Avg:  0.0, Max: 0, Diff: 0, Sum: 0, Workers: 10
[2025-05-12T23:25:32.335+0300][1042.313s][36520] GC(24710)       StringDedup Requests0 Weak     Min:  0.0, Avg:  0.0, Max:  0.0, Diff:  0.0, Sum:  0.0, Workers: 10
[2025-05-12T23:25:32.335+0300][1042.313s][36520] GC(24710)         Dead                           Min: 0, Avg:  0.0, Max: 0, Diff: 0, Sum: 0, Workers: 10
[2025-05-12T23:25:32.335+0300][1042.313s][36520] GC(24710)         Total                          Min: 0, Avg:  0.0, Max: 0, Diff: 0, Sum: 0, Workers: 10
[2025-05-12T23:25:32.335+0300][1042.313s][36520] GC(24710)       StringDedup Requests1 Weak     Min:  0.0, Avg:  0.0, Max:  0.0, Diff:  0.0, Sum:  0.0, Workers: 10
[2025-05-12T23:25:32.335+0300][1042.313s][36520] GC(24710)         Dead                           Min: 0, Avg:  0.0, Max: 0, Diff: 0, Sum: 0, Workers: 10
[2025-05-12T23:25:32.335+0300][1042.313s][36520] GC(24710)         Total                          Min: 0, Avg:  0.0, Max: 0, Diff: 0, Sum: 0, Workers: 10
[2025-05-12T23:25:32.335+0300][1042.313s][36520] GC(24710)       Weak JFR Old Object Samples    Min:  0.0, Avg:  0.0, Max:  0.0, Diff:  0.0, Sum:  0.0, Workers: 10
[2025-05-12T23:25:32.335+0300][1042.313s][36520] GC(24710)         Dead                           Min: 0, Avg:  0.0, Max: 0, Diff: 0, Sum: 0, Workers: 10
[2025-05-12T23:25:32.335+0300][1042.313s][36520] GC(24710)         Total                          Min: 0, Avg:  0.0, Max: 0, Diff: 0, Sum: 0, Workers: 10
[2025-05-12T23:25:32.335+0300][1042.313s][36520] GC(24710)     Post Evacuate Cleanup 1: 0.1ms
[2025-05-12T23:25:32.335+0300][1042.313s][36520] GC(24710)       Merge Per-Thread State (ms):   Min:  0.0, Avg:  0.0, Max:  0.0, Diff:  0.0, Sum:  0.0, Workers: 1
[2025-05-12T23:25:32.335+0300][1042.313s][36520] GC(24710)         Copied Bytes                   Min: 0, Avg:  0.0, Max: 0, Diff: 0, Sum: 0, Workers: 2
[2025-05-12T23:25:32.335+0300][1042.313s][36520] GC(24710)         LAB Waste                      Min: 0, Avg:  0.0, Max: 0, Diff: 0, Sum: 0, Workers: 2
[2025-05-12T23:25:32.335+0300][1042.313s][36520] GC(24710)         LAB Undo Waste                 Min: 0, Avg:  0.0, Max: 0, Diff: 0, Sum: 0, Workers: 2
[2025-05-12T23:25:32.335+0300][1042.314s][36520] GC(24710)       Clear Logged Cards (ms):       Min:  0.0, Avg:  0.0, Max:  0.0, Diff:  0.0, Sum:  0.0, Workers: 2
[2025-05-12T23:25:32.335+0300][1042.314s][36520] GC(24710)       Recalculate Used Memory (ms):  Min:  0.0, Avg:  0.0, Max:  0.0, Diff:  0.0, Sum:  0.0, Workers: 1
[2025-05-12T23:25:32.335+0300][1042.314s][36520] GC(24710)       Restore Retained Regions (ms): Min:  0.0, Avg:  0.0, Max:  0.1, Diff:  0.0, Sum:  0.1, Workers: 2
[2025-05-12T23:25:32.335+0300][1042.314s][36520] GC(24710)         Evacuation Failure Regions:    Min: 1, Avg:  1.0, Max: 1, Diff: 0, Sum: 1, Workers: 1
[2025-05-12T23:25:32.335+0300][1042.314s][36520] GC(24710)         Remove Self Forwards (ms):     Min:  0.0, Avg:  0.0, Max:  0.1, Diff:  0.0, Sum:  0.1, Workers: 2
[2025-05-12T23:25:32.335+0300][1042.314s][36520] GC(24710)           Forward Chunks:                Min: 23, Avg: 27.0, Max: 31, Diff: 8, Sum: 54, Workers: 2
[2025-05-12T23:25:32.335+0300][1042.314s][36520] GC(24710)           Empty Forward Chunks:          Min: 3, Avg:  5.0, Max: 7, Diff: 4, Sum: 10, Workers: 2
[2025-05-12T23:25:32.335+0300][1042.314s][36520] GC(24710)           Forward Objects:               Min: 1094, Avg: 1608.0, Max: 2122, Diff: 1028, Sum: 3216, Workers: 2
[2025-05-12T23:25:32.335+0300][1042.314s][36520] GC(24710)           Forward Bytes:                 Min: 49424, Avg: 74428.0, Max: 99432, Diff: 50008, Sum: 148856, Workers: 2
[2025-05-12T23:25:32.335+0300][1042.314s][36520] GC(24710)     Post Evacuate Cleanup 2: 0.1ms
[2025-05-12T23:25:32.335+0300][1042.314s][36520] GC(24710)       Recalculate Used Memory (ms):  Min:  0.0, Avg:  0.0, Max:  0.0, Diff:  0.0, Sum:  0.0, Workers: 1
[2025-05-12T23:25:32.335+0300][1042.314s][36520] GC(24710)       Restore Preserved Marks (ms):  Min:  0.0, Avg:  0.0, Max:  0.0, Diff:  0.0, Sum:  0.0, Workers: 2
[2025-05-12T23:25:32.335+0300][1042.314s][36520] GC(24710)       Clear Retained Region Bitmaps (ms): skipped
[2025-05-12T23:25:32.335+0300][1042.314s][36520] GC(24710)       Update Derived Pointers (ms):  Min:  0.0, Avg:  0.0, Max:  0.0, Diff:  0.0, Sum:  0.0, Workers: 1
[2025-05-12T23:25:32.335+0300][1042.314s][36520] GC(24710)       Eagerly Reclaim Humongous Objects (ms): skipped
[2025-05-12T23:25:32.335+0300][1042.314s][36520] GC(24710)         Humongous Total                skipped
[2025-05-12T23:25:32.335+0300][1042.314s][36520] GC(24710)         Humongous Candidates           skipped
[2025-05-12T23:25:32.335+0300][1042.314s][36520] GC(24710)         Humongous Reclaimed            skipped
[2025-05-12T23:25:32.335+0300][1042.314s][36520] GC(24710)       Redirty Logged Cards (ms):     Min:  0.0, Avg:  0.0, Max:  0.0, Diff:  0.0, Sum:  0.0, Workers: 2
[2025-05-12T23:25:32.335+0300][1042.314s][36520] GC(24710)         Redirtied Cards:               Min: 0, Avg:  0.0, Max: 0, Diff: 0, Sum: 0, Workers: 2
[2025-05-12T23:25:32.335+0300][1042.314s][36520] GC(24710)       Resize TLABs (ms):             Min:  0.0, Avg:  0.0, Max:  0.0, Diff:  0.0, Sum:  0.0, Workers: 2
[2025-05-12T23:25:32.335+0300][1042.314s][36520] GC(24710)       Free Collection Set (ms):      Min:  0.0, Avg:  0.0, Max:  0.0, Diff:  0.0, Sum:  0.0, Workers: 2
[2025-05-12T23:25:32.335+0300][1042.314s][36520] GC(24710)     Rebuild Free List: 0.1ms
[2025-05-12T23:25:32.335+0300][1042.314s][36520] GC(24710)     Prepare For Mutator: 0.1ms
[2025-05-12T23:25:32.335+0300][1042.314s][36520] GC(24710)     Expand Heap After Collection: 0.0ms
[2025-05-12T23:25:32.335+0300][1042.314s][36520] GC(24710)   Other: 0.3ms
[2025-05-12T23:25:32.335+0300][1042.314s][36520] GC(24710) Coarsening (recent): Inline->AoC 0 (0) AoC->Howl 0 (0) Howl->Full 0 (0) Inline->AoC 0 (0) AoC->BitMap 0 (0) BitMap->Full 0 (0) 
[2025-05-12T23:25:32.335+0300][1042.314s][36520] GC(24710) Coarsening (all): Inline->AoC 10920 (0) AoC->Howl 7731 (0) Howl->Full 0 (0) Inline->AoC 10809 (0) AoC->BitMap 7399 (0) BitMap->Full 0 (0) 
[2025-05-12T23:25:32.335+0300][1042.314s][36520] GC(24710) Eden regions: 1->0(0)
[2025-05-12T23:25:32.335+0300][1042.314s][36520] GC(24710) Survivor regions: 0->0(0)
[2025-05-12T23:25:32.335+0300][1042.314s][36520] GC(24710) Old regions: 11->12
[2025-05-12T23:25:32.335+0300][1042.314s][36520] GC(24710) Humongous regions: 0->0
[2025-05-12T23:25:32.335+0300][1042.314s][36520] GC(24710) Metaspace: 10759K(12736K)->10759K(12736K) NonClass: 9683K(11328K)->9683K(11328K) Class: 1076K(1408K)->1076K(1408K)
[2025-05-12T23:25:32.335+0300][1042.314s][36520] GC(24710) Heap after GC invocations=21174 (full 7093):
[2025-05-12T23:25:32.335+0300][1042.314s][36520] GC(24710)  garbage-first heap   total 12288K, used 12260K [0x00000000ff400000, 0x0000000100000000)
[2025-05-12T23:25:32.335+0300][1042.314s][36520] GC(24710)   region size 1024K, 0 young (0K), 0 survivors (0K)
[2025-05-12T23:25:32.335+0300][1042.314s][36520] GC(24710)  Metaspace       used 10759K, committed 12736K, reserved 1114112K
[2025-05-12T23:25:32.335+0300][1042.314s][36520] GC(24710)   class space    used 1076K, committed 1408K, reserved 1048576K
[2025-05-12T23:25:32.335+0300][1042.314s][36520] GC(24710) Pause Young (Concurrent Start) (G1 Evacuation Pause) (Evacuation Failure) 11M->11M(12M) 3.330ms
[2025-05-12T23:25:32.335+0300][1042.314s][36520] GC(24710) User=0.00s Sys=0.00s Real=0.00s
[2025-05-12T23:25:32.335+0300][1042.314s][36520] Attempt heap expansion (allocation request failed). Allocation request: 16400B
[2025-05-12T23:25:32.335+0300][1042.314s][34628] GC(24711) Concurrent Mark Cycle
[2025-05-12T23:25:32.335+0300][1042.314s][36520] Expand the heap. requested expansion amount: 1048576B expansion amount: 1048576B
[2025-05-12T23:25:32.335+0300][1042.314s][34628] GC(24711) Concurrent Scan Root Regions
[2025-05-12T23:25:32.335+0300][1042.314s][36520] Did not expand the heap (heap already fully expanded)
[2025-05-12T23:25:32.335+0300][1042.314s][34628] GC(24711) Concurrent Scan Root Regions 0.083ms
[2025-05-12T23:25:32.335+0300][1042.314s][36520] Attempting full compaction
[2025-05-12T23:25:32.335+0300][1042.314s][34628] GC(24711) Concurrent Mark
[2025-05-12T23:25:32.335+0300][1042.314s][36520] GC(24712) Pause Full (G1 Compaction Pause)
[2025-05-12T23:25:32.335+0300][1042.314s][34628] GC(24711) Concurrent Mark From Roots
[2025-05-12T23:25:32.336+0300][1042.314s][36520] GC(24712) Heap before GC invocations=21174 (full 7093):
[2025-05-12T23:25:32.336+0300][1042.314s][34628] GC(24711) Using 3 workers of 3 for marking
[2025-05-12T23:25:32.336+0300][1042.314s][36520] GC(24712)  garbage-first heap   total 12288K, used 12260K [0x00000000ff400000, 0x0000000100000000)
[2025-05-12T23:25:32.336+0300][1042.315s][36520] GC(24712)   region size 1024K, 0 young (0K), 0 survivors (0K)
[2025-05-12T23:25:32.336+0300][1042.315s][36520] GC(24712)  Metaspace       used 10759K, committed 12736K, reserved 1114112K
[2025-05-12T23:25:32.336+0300][1042.315s][36520] GC(24712)   class space    used 1076K, committed 1408K, reserved 1048576K
[2025-05-12T23:25:32.336+0300][1042.315s][36520] GC(24712) Requesting 1 active workers for full compaction (waste limited workers: 1, adaptive workers: 2, used limited workers: 12)
[2025-05-12T23:25:32.336+0300][1042.315s][36520] GC(24712) Using 1 workers of 10 for full compaction
[2025-05-12T23:25:32.336+0300][1042.315s][36520] GC(24712) Clear Bitmap
[2025-05-12T23:25:32.336+0300][1042.315s][36520] GC(24712) Running G1 Clear Bitmap with 1 workers for 1 work units.
[2025-05-12T23:25:32.336+0300][1042.315s][36520] GC(24712) Clear Bitmap 0.091ms
[2025-05-12T23:25:32.336+0300][1042.315s][36520] GC(24712) Mutator Allocation stats, regions: 0, wasted size: 0B ( 0.0%)
[2025-05-12T23:25:32.336+0300][1042.315s][36520] GC(24712) Phase 1: Mark live objects
[2025-05-12T23:25:32.343+0300][1042.322s][36520] GC(24712) Phase 1: Reference Processing
[2025-05-12T23:25:32.343+0300][1042.322s][36520] GC(24712) ReferenceProcessor::execute queues: 1, RefProcThreadModel::Single, marks_oops_alive: false
[2025-05-12T23:25:32.343+0300][1042.323s][36520] GC(24712) Skipped KeepAliveFinalRefsPhase of Reference Processing: no references
[2025-05-12T23:25:32.343+0300][1042.323s][36520] GC(24712) ReferenceProcessor::execute queues: 1, RefProcThreadModel::Single, marks_oops_alive: false
[2025-05-12T23:25:32.343+0300][1042.323s][36520] GC(24712) Reference Processing: 0.0ms
[2025-05-12T23:25:32.343+0300][1042.323s][36520] GC(24712)   Notify Soft/WeakReferences: 0.0ms
[2025-05-12T23:25:32.343+0300][1042.323s][36520] GC(24712)     SoftRef: 0.0ms
[2025-05-12T23:25:32.343+0300][1042.323s][36520] GC(24712)     WeakRef: 0.0ms
[2025-05-12T23:25:32.343+0300][1042.323s][36520] GC(24712)     FinalRef: 0.0ms
[2025-05-12T23:25:32.343+0300][1042.323s][36520] GC(24712)     Total: 0.0ms
[2025-05-12T23:25:32.343+0300][1042.323s][36520] GC(24712)   Notify and keep alive finalizable: 0.0ms
[2025-05-12T23:25:32.343+0300][1042.323s][36520] GC(24712)     FinalRef: skipped
[2025-05-12T23:25:32.343+0300][1042.323s][36520] GC(24712)   Notify PhantomReferences: 0.0ms
[2025-05-12T23:25:32.343+0300][1042.323s][36520] GC(24712)     PhantomRef: 0.0ms
[2025-05-12T23:25:32.343+0300][1042.323s][36520] GC(24712)   SoftReference Discovered: 46, Dropped: 4, Processed: 42
[2025-05-12T23:25:32.343+0300][1042.323s][36520] GC(24712)   WeakReference Discovered: 33, Dropped: 14, Processed: 19
[2025-05-12T23:25:32.343+0300][1042.323s][36520] GC(24712)   FinalReference Discovered: 0, Dropped: 0, Processed: 0
[2025-05-12T23:25:32.343+0300][1042.323s][36520] GC(24712)   PhantomReference Discovered: 23, Dropped: 23, Processed: 0
[2025-05-12T23:25:32.343+0300][1042.323s][36520] GC(24712) Phase 1: Reference Processing 0.217ms
[2025-05-12T23:25:32.343+0300][1042.323s][36520] GC(24712) Phase 1: Weak Processing
[2025-05-12T23:25:32.344+0300][1042.323s][36520] GC(24712)   VM Weak                        Min:  0.0, Avg:  0.0, Max:  0.0, Diff:  0.0, Sum:  0.0, Workers: 10
[2025-05-12T23:25:32.344+0300][1042.323s][36520] GC(24712)     Dead                           Min: 0, Avg:  2.0, Max: 20, Diff: 20, Sum: 20, Workers: 10
[2025-05-12T23:25:32.344+0300][1042.323s][36520] GC(24712)     Total                          Min: 0, Avg:  6.7, Max: 63, Diff: 63, Sum: 67, Workers: 10
[2025-05-12T23:25:32.344+0300][1042.323s][36520] GC(24712)   ObjectSynchronizer Weak        Min:  0.0, Avg:  0.0, Max:  0.0, Diff:  0.0, Sum:  0.0, Workers: 10
[2025-05-12T23:25:32.344+0300][1042.323s][36520] GC(24712)     Dead                           Min: 0, Avg:  0.0, Max: 0, Diff: 0, Sum: 0, Workers: 10
[2025-05-12T23:25:32.344+0300][1042.323s][36520] GC(24712)     Total                          Min: 0, Avg:  0.1, Max: 1, Diff: 1, Sum: 1, Workers: 10
[2025-05-12T23:25:32.344+0300][1042.323s][36520] GC(24712)   JVMTI Tag Weak OopStorage      Min:  0.0, Avg:  0.1, Max:  0.2, Diff:  0.2, Sum:  0.7, Workers: 10
[2025-05-12T23:25:32.344+0300][1042.323s][36520] GC(24712)     Dead                           Min: 0, Avg:  2.0, Max: 20, Diff: 20, Sum: 20, Workers: 10
[2025-05-12T23:25:32.344+0300][1042.323s][36520] GC(24712)     Total                          Min: 0, Avg: 6289.9, Max: 9710, Diff: 9710, Sum: 62899, Workers: 10
[2025-05-12T23:25:32.344+0300][1042.323s][36520] GC(24712)   StringTable Weak               Min:  0.0, Avg:  0.0, Max:  0.0, Diff:  0.0, Sum:  0.2, Workers: 10
[2025-05-12T23:25:32.344+0300][1042.323s][36520] GC(24712)     Dead                           Min: 0, Avg:  7.3, Max: 20, Diff: 20, Sum: 73, Workers: 10
[2025-05-12T23:25:32.344+0300][1042.323s][36520] GC(24712)     Total                          Min: 0, Avg: 3952.9, Max: 5118, Diff: 5118, Sum: 39529, Workers: 10
[2025-05-12T23:25:32.344+0300][1042.323s][36520] GC(24712)   ResolvedMethodTable Weak       Min:  0.0, Avg:  0.0, Max:  0.0, Diff:  0.0, Sum:  0.0, Workers: 10
[2025-05-12T23:25:32.344+0300][1042.323s][36520] GC(24712)     Dead                           Min: 0, Avg:  3.7, Max: 31, Diff: 31, Sum: 37, Workers: 10
[2025-05-12T23:25:32.344+0300][1042.323s][36520] GC(24712)     Total                          Min: 0, Avg: 86.6, Max: 191, Diff: 191, Sum: 866, Workers: 10
[2025-05-12T23:25:32.344+0300][1042.323s][36520] GC(24712)   JNI Weak                       Min:  0.0, Avg:  0.0, Max:  0.0, Diff:  0.0, Sum:  0.0, Workers: 10
[2025-05-12T23:25:32.344+0300][1042.323s][36520] GC(24712)     Dead                           Min: 0, Avg:  0.0, Max: 0, Diff: 0, Sum: 0, Workers: 10
[2025-05-12T23:25:32.344+0300][1042.323s][36520] GC(24712)     Total                          Min: 0, Avg:  1.1, Max: 11, Diff: 11, Sum: 11, Workers: 10
[2025-05-12T23:25:32.344+0300][1042.323s][36520] GC(24712)   StringDedup Table Weak         Min:  0.0, Avg:  0.0, Max:  0.0, Diff:  0.0, Sum:  0.0, Workers: 10
[2025-05-12T23:25:32.344+0300][1042.323s][36520] GC(24712)     Dead                           Min: 0, Avg:  0.0, Max: 0, Diff: 0, Sum: 0, Workers: 10
[2025-05-12T23:25:32.344+0300][1042.323s][36520] GC(24712)     Total                          Min: 0, Avg:  0.0, Max: 0, Diff: 0, Sum: 0, Workers: 10
[2025-05-12T23:25:32.344+0300][1042.323s][36520] GC(24712)   StringDedup Requests0 Weak     Min:  0.0, Avg:  0.0, Max:  0.0, Diff:  0.0, Sum:  0.0, Workers: 10
[2025-05-12T23:25:32.344+0300][1042.323s][36520] GC(24712)     Dead                           Min: 0, Avg:  0.0, Max: 0, Diff: 0, Sum: 0, Workers: 10
[2025-05-12T23:25:32.344+0300][1042.323s][36520] GC(24712)     Total                          Min: 0, Avg:  0.0, Max: 0, Diff: 0, Sum: 0, Workers: 10
[2025-05-12T23:25:32.344+0300][1042.323s][36520] GC(24712)   StringDedup Requests1 Weak     Min:  0.0, Avg:  0.0, Max:  0.0, Diff:  0.0, Sum:  0.0, Workers: 10
[2025-05-12T23:25:32.344+0300][1042.323s][36520] GC(24712)     Dead                           Min: 0, Avg:  0.0, Max: 0, Diff: 0, Sum: 0, Workers: 10
[2025-05-12T23:25:32.344+0300][1042.323s][36520] GC(24712)     Total                          Min: 0, Avg:  0.0, Max: 0, Diff: 0, Sum: 0, Workers: 10
[2025-05-12T23:25:32.344+0300][1042.323s][36520] GC(24712)   Weak JFR Old Object Samples    Min:  0.0, Avg:  0.0, Max:  0.0, Diff:  0.0, Sum:  0.0, Workers: 10
[2025-05-12T23:25:32.344+0300][1042.323s][36520] GC(24712)     Dead                           Min: 0, Avg:  0.0, Max: 0, Diff: 0, Sum: 0, Workers: 10
[2025-05-12T23:25:32.344+0300][1042.323s][36520] GC(24712)     Total                          Min: 0, Avg:  0.0, Max: 0, Diff: 0, Sum: 0, Workers: 10
[2025-05-12T23:25:32.344+0300][1042.323s][36520] GC(24712) Phase 1: Weak Processing 0.553ms
[2025-05-12T23:25:32.344+0300][1042.323s][36520] GC(24712) Phase 1: Class Unloading and Cleanup
[2025-05-12T23:25:32.344+0300][1042.323s][36520] GC(24712) ClassLoaderData
[2025-05-12T23:25:32.344+0300][1042.323s][36520] GC(24712) ClassLoaderData 0.071ms
[2025-05-12T23:25:32.344+0300][1042.323s][36520] GC(24712) Trigger cleanups
[2025-05-12T23:25:32.344+0300][1042.323s][36520] GC(24712) Trigger cleanups 0.009ms
[2025-05-12T23:25:32.348+0300][1042.327s][36520] GC(24712) Phase 1: Class Unloading and Cleanup 3.973ms
[2025-05-12T23:25:32.348+0300][1042.327s][36520] GC(24712) Report Object Count
[2025-05-12T23:25:32.348+0300][1042.327s][36520] GC(24712) Report Object Count 0.013ms
[2025-05-12T23:25:32.348+0300][1042.327s][36520] GC(24712) Phase 1: Mark live objects 12.566ms
[2025-05-12T23:25:32.348+0300][1042.327s][36520] GC(24712) Phase 2: Prepare compaction
[2025-05-12T23:25:32.348+0300][1042.327s][36520] GC(24712) Phase 2: Determine work lists
[2025-05-12T23:25:32.348+0300][1042.327s][36520] GC(24712) Phase 2: Determine work lists 0.010ms
[2025-05-12T23:25:32.348+0300][1042.327s][36520] GC(24712) Phase 2: Prepare parallel compaction
[2025-05-12T23:25:32.348+0300][1042.328s][36520] GC(24712) Phase 2: Prepare parallel compaction 0.209ms
[2025-05-12T23:25:32.348+0300][1042.328s][36520] GC(24712) Phase 2: Prepare compaction 0.265ms
[2025-05-12T23:25:32.348+0300][1042.328s][36520] GC(24712) Phase 3: Adjust pointers
[2025-05-12T23:25:32.354+0300][1042.332s][36520] GC(24712) Phase 3: Adjust pointers 4.827ms
[2025-05-12T23:25:32.354+0300][1042.332s][36520] GC(24712) Phase 4: Compact heap
[2025-05-12T23:25:32.354+0300][1042.333s][36520] GC(24712) Phase 4: Compact heap 0.220ms
[2025-05-12T23:25:32.354+0300][1042.333s][36520] GC(24712) Phase 5: Reset Metadata
[2025-05-12T23:25:32.355+0300][1042.334s][36520] GC(24712) Phase 5: Reset Metadata 1.442ms
[2025-05-12T23:25:32.356+0300][1042.335s][36520] GC(24712) Running G1 Clear Bitmap with 1 workers for 1 work units.
[2025-05-12T23:25:32.357+0300][1042.336s][36520] Old generation allocation in the last mutator period, old gen allocated: 0B, humongous allocated: 0B, old gen growth: 0B.
[2025-05-12T23:25:32.357+0300][1042.336s][36520] GC(24712) Coarsening (recent): Inline->AoC 0 (0) AoC->Howl 0 (0) Howl->Full 0 (0) Inline->AoC 0 (0) AoC->BitMap 0 (0) BitMap->Full 0 (0) 
[2025-05-12T23:25:32.357+0300][1042.336s][36520] GC(24712) Coarsening (all): Inline->AoC 10920 (0) AoC->Howl 7731 (0) Howl->Full 0 (0) Inline->AoC 10809 (0) AoC->BitMap 7399 (0) BitMap->Full 0 (0) 
[2025-05-12T23:25:32.357+0300][1042.336s][36520] GC(24712) Eden regions: 0->0(1)
[2025-05-12T23:25:32.357+0300][1042.336s][36520] GC(24712) Survivor regions: 0->0(0)
[2025-05-12T23:25:32.357+0300][1042.336s][36520] GC(24712) Old regions: 12->11
[2025-05-12T23:25:32.357+0300][1042.336s][36520] GC(24712) Humongous regions: 0->0
[2025-05-12T23:25:32.357+0300][1042.336s][36520] GC(24712) Metaspace: 10759K(12736K)->10718K(12736K) NonClass: 9683K(11328K)->9653K(11328K) Class: 1076K(1408K)->1064K(1408K)
[2025-05-12T23:25:32.357+0300][1042.336s][36520] GC(24712) Heap after GC invocations=21175 (full 7094):
[2025-05-12T23:25:32.357+0300][1042.336s][36520] GC(24712)  garbage-first heap   total 12288K, used 11210K [0x00000000ff400000, 0x0000000100000000)
[2025-05-12T23:25:32.357+0300][1042.336s][36520] GC(24712)   region size 1024K, 0 young (0K), 0 survivors (0K)
[2025-05-12T23:25:32.357+0300][1042.336s][36520] GC(24712)  Metaspace       used 10718K, committed 12736K, reserved 1114112K
[2025-05-12T23:25:32.357+0300][1042.336s][36520] GC(24712)   class space    used 1064K, committed 1408K, reserved 1048576K
[2025-05-12T23:25:32.358+0300][1042.336s][36520] GC(24712) Pause Full (G1 Compaction Pause) 11M->10M(12M) 22.084ms
[2025-05-12T23:25:32.358+0300][1042.336s][36520] GC(24712) User=0.00s Sys=0.00s Real=0.02s
[2025-05-12T23:25:32.358+0300][1042.336s][34628] ---------------------------------------------------------------------
[2025-05-12T23:25:32.358+0300][1042.336s][9340 ] G1 Service Thread (Card Set Free Memory Task) (run: 24.417ms) (cpu: 0.000ms)
[2025-05-12T23:25:32.358+0300][1042.336s][34628] Marking Stats, task = 0, calls = 0
[2025-05-12T23:25:32.358+0300][1042.337s][34628]   Elapsed time = 0.00ms, Termination time = 0.00ms
[2025-05-12T23:25:32.358+0300][1042.337s][34628]   Step Times (cum): num = 5369, avg = 0.16ms, sd = 1.55ms max = 16.00ms, total = 833.00ms
[2025-05-12T23:25:32.358+0300][1042.337s][34628]   Mark Stats Cache: hits 1662 misses 0 ratio 100.000
[2025-05-12T23:25:32.358+0300][1042.337s][34628] ---------------------------------------------------------------------
[2025-05-12T23:25:32.358+0300][1042.337s][34628] Marking Stats, task = 1, calls = 0
[2025-05-12T23:25:32.358+0300][1042.337s][34628]   Elapsed time = 0.00ms, Termination time = 0.00ms
[2025-05-12T23:25:32.358+0300][1042.337s][34628]   Step Times (cum): num = 13793, avg = 0.02ms, sd = 0.58ms max = 16.00ms, total = 296.00ms
[2025-05-12T23:25:32.358+0300][1042.337s][34628]   Mark Stats Cache: hits 4735 misses 0 ratio 100.000
[2025-05-12T23:25:32.358+0300][1042.337s][34628] ---------------------------------------------------------------------
[2025-05-12T23:25:32.358+0300][1042.337s][34628] Marking Stats, task = 2, calls = 0
[2025-05-12T23:25:32.358+0300][1042.337s][34628]   Elapsed time = 0.00ms, Termination time = 0.00ms
[2025-05-12T23:25:32.358+0300][1042.337s][34628]   Step Times (cum): num = 13231, avg = 0.02ms, sd = 0.61ms max = 16.00ms, total = 313.00ms
[2025-05-12T23:25:32.358+0300][1042.337s][34628]   Mark Stats Cache: hits 0 misses 0 ratio 0.000
[2025-05-12T23:25:32.358+0300][1042.337s][34628] ---------------------------------------------------------------------
[2025-05-12T23:25:32.358+0300][1042.337s][34628] GC(24711) Concurrent Mark From Roots 22.365ms
[2025-05-12T23:25:32.358+0300][1042.337s][34628] GC(24711) Concurrent Mark Abort
[2025-05-12T23:25:32.358+0300][1042.337s][34628] GC(24711) Concurrent Mark Cycle 22.699ms
[2025-05-12T23:25:32.385+0300][1042.364s][36520] GC(24713) Pause Young (Normal) (G1 Evacuation Pause)
[2025-05-12T23:25:32.385+0300][1042.364s][36520] GC(24713) Heap before GC invocations=21175 (full 7094):
[2025-05-12T23:25:32.385+0300][1042.364s][36520] GC(24713)  garbage-first heap   total 12288K, used 12234K [0x00000000ff400000, 0x0000000100000000)
[2025-05-12T23:25:32.385+0300][1042.364s][36520] GC(24713)   region size 1024K, 1 young (1024K), 0 survivors (0K)
[2025-05-12T23:25:32.385+0300][1042.364s][36520] GC(24713)  Metaspace       used 10759K, committed 12736K, reserved 1114112K
[2025-05-12T23:25:32.385+0300][1042.364s][36520] GC(24713)   class space    used 1076K, committed 1408K, reserved 1048576K
[2025-05-12T23:25:32.385+0300][1042.364s][36520] GC(24713) Using 2 workers of 10 for evacuation
[2025-05-12T23:25:32.385+0300][1042.364s][36520] GC(24713) Desired survivor size 524288 bytes, new threshold 15 (max threshold 15)
[2025-05-12T23:25:32.385+0300][1042.364s][36520] GC(24713) TLAB totals: thrds: 1  refills: 311 max: 311 slow allocs: 152 max 152 waste: 22.0% gc: 0B max: 0B slow: 186232B max: 186232B
[2025-05-12T23:25:32.385+0300][1042.364s][36520] GC(24713) Mutator refinement: 0.00ms, refined: 0, precleaned: 0, dirtied: 101
[2025-05-12T23:25:32.385+0300][1042.364s][36520] GC(24713) Concurrent refinement: 0.00ms, refined: 0, precleaned: 0, dirtied: 0
[2025-05-12T23:25:32.385+0300][1042.364s][36520] GC(24713) Total refinement: 0.00ms, refined: 0, precleaned: 0, dirtied: 101
[2025-05-12T23:25:32.385+0300][1042.364s][36520] GC(24713) Generate dirty cards rate: 3.63 cards/ms
[2025-05-12T23:25:32.385+0300][1042.364s][36520] GC(24713) Mutator Allocation stats, regions: 1, wasted size: 1040B ( 0.1%)
[2025-05-12T23:25:32.385+0300][1042.364s][36520] GC(24713) No candidates to reclaim.
[2025-05-12T23:25:32.385+0300][1042.364s][36520] GC(24713) Running G1 Merge Heap Roots using 2 workers for 1 regions
[2025-05-12T23:25:32.385+0300][1042.364s][36520] GC(24713) Visited cards 1056 Total dirty 12288 (8.59%) Total old 26624 (3.97%)
[2025-05-12T23:25:32.385+0300][1042.364s][15708] GC(24713) Attempt heap expansion (region allocation request failed). Allocation request: 2064B
[2025-05-12T23:25:32.385+0300][1042.364s][15708] GC(24713) Did not expand the heap (heap already fully expanded)
[2025-05-12T23:25:32.386+0300][1042.364s][36520] GC(24713) ReferenceProcessor::execute queues: 1, RefProcThreadModel::Single, marks_oops_alive: false
[2025-05-12T23:25:32.386+0300][1042.364s][36520] GC(24713) Skipped KeepAliveFinalRefsPhase of Reference Processing: no references
[2025-05-12T23:25:32.386+0300][1042.364s][36520] GC(24713) Skipped PhantomRefsPhase of Reference Processing: no references
[2025-05-12T23:25:32.386+0300][1042.365s][36520] GC(24713) Initializing removing self forwards with 64 chunks per region
[2025-05-12T23:25:32.386+0300][1042.365s][36520] GC(24713) Running G1 Rebuild Free List Task using 2 workers for rebuilding free list of regions
[2025-05-12T23:25:32.386+0300][1042.365s][36520] GC(24713) Young PLAB allocation: allocated: 0B, wasted: 0B, unused: 0B, used: 0B, undo waste: 0B, 
[2025-05-12T23:25:32.386+0300][1042.365s][36520] GC(24713) Young other allocation: region end waste: 0B, regions filled: 0, num plab filled: 2, direct allocated: 0B, num direct allocated: 0, failure used: 0B, failure wasted: 0B
[2025-05-12T23:25:32.386+0300][1042.365s][36520] GC(24713) Young sizing: calculated: 0B, actual: 2064B
[2025-05-12T23:25:32.386+0300][1042.365s][36520] GC(24713) Old PLAB allocation: allocated: 0B, wasted: 0B, unused: 0B, used: 0B, undo waste: 0B, 
[2025-05-12T23:25:32.386+0300][1042.365s][36520] GC(24713) Old other allocation: region end waste: 0B, regions filled: 0, num plab filled: 2, direct allocated: 0B, num direct allocated: 0, failure used: 151432B, failure wasted: 897144B
[2025-05-12T23:25:32.386+0300][1042.365s][36520] GC(24713) Old sizing: calculated: 0B, actual: 2064B
[2025-05-12T23:25:32.386+0300][1042.365s][36520] GC(24713) Heap expansion: short term pause time ratio 40.93% long term pause time ratio 41.85% threshold 7.69% pause time ratio 7.69% fully expanded true resize by 0B
[2025-05-12T23:25:32.386+0300][1042.365s][36520] GC(24713) Request concurrent cycle initiation (occupancy higher than threshold) occupancy: 12582912B allocation request: 0B threshold: 3665103B (29.13) source: end of GC
[2025-05-12T23:25:32.386+0300][1042.365s][36520] GC(24713) MMU: 6.1ms (200.0ms/201.0ms)
[2025-05-12T23:25:32.386+0300][1042.365s][36520] Old generation allocation in the last mutator period, old gen allocated: 1048576B, humongous allocated: 0B, old gen growth: 1048576B.
[2025-05-12T23:25:32.386+0300][1042.365s][36520] GC(24713) Basic information (value update), threshold: 3714748B (29.52), target occupancy: 12582912B, current occupancy: 12528128B, recent allocation size: 1048576B, recent allocation duration: 27.80ms, recent old gen allocation rate: 37713406.08B/s, recent marking phase length: 120.12ms
[2025-05-12T23:25:32.386+0300][1042.365s][9340 ] G1 Service Thread (Card Set Free Memory Task) (run 0.053ms after schedule)
[2025-05-12T23:25:32.386+0300][1042.365s][36520] GC(24713) Adaptive IHOP information (value update), threshold: 3714748B (34.73), internal target occupancy: 10695475B, occupancy: 12528128B, additional buffer size: 1048576B, predicted old gen allocation rate: 49154876.04B/s, predicted marking phase length: 120.68ms, prediction active: true
[2025-05-12T23:25:32.386+0300][1042.365s][36520] GC(24713) GC refinement: goal: 18446744073709551615 + 105 / 20.00ms, actual: 101 / 0.05ms, 
[2025-05-12T23:25:32.386+0300][1042.365s][36520] GC(24713) Unchanged pending cards target: 18446744073709551615
[2025-05-12T23:25:32.386+0300][1042.365s][36520] GC(24713)   Pre Evacuate Collection Set: 0.1ms
[2025-05-12T23:25:32.386+0300][1042.365s][36520] GC(24713)     Pre Evacuate Prepare: 0.0ms
[2025-05-12T23:25:32.386+0300][1042.365s][36520] GC(24713)       JT Retire TLABs And Flush Logs (ms): Min:  0.0, Avg:  0.0, Max:  0.0, Diff:  0.0, Sum:  0.0, Workers: 2
[2025-05-12T23:25:32.386+0300][1042.365s][36520] GC(24713)       Non-JT Flush Logs (ms):        Min:  0.0, Avg:  0.0, Max:  0.0, Diff:  0.0, Sum:  0.0, Workers: 1
[2025-05-12T23:25:32.386+0300][1042.365s][36520] GC(24713)     Choose Collection Set: 0.0ms
[2025-05-12T23:25:32.386+0300][1042.365s][36520] GC(24713)     Region Register: 0.0ms
[2025-05-12T23:25:32.386+0300][1042.365s][36520] GC(24713)     Prepare Heap Roots: 0.0ms
[2025-05-12T23:25:32.386+0300][1042.365s][36520] GC(24713)   Merge Heap Roots: 0.0ms
[2025-05-12T23:25:32.386+0300][1042.365s][36520] GC(24713)     Prepare Merge Heap Roots: 0.0ms
[2025-05-12T23:25:32.386+0300][1042.365s][36520] GC(24713)     Remembered Sets (ms):          Min:  0.0, Avg:  0.0, Max:  0.0, Diff:  0.0, Sum:  0.0, Workers: 2
[2025-05-12T23:25:32.386+0300][1042.365s][36520] GC(24713)       Eager Reclaim (ms):            skipped
[2025-05-12T23:25:32.386+0300][1042.365s][36520] GC(24713)       Merged Inline                  Min: 0, Avg:  0.0, Max: 0, Diff: 0, Sum: 0, Workers: 2
[2025-05-12T23:25:32.386+0300][1042.365s][36520] GC(24713)       Merged ArrayOfCards            Min: 0, Avg:  0.0, Max: 0, Diff: 0, Sum: 0, Workers: 2
[2025-05-12T23:25:32.386+0300][1042.365s][36520] GC(24713)       Merged Howl                    Min: 0, Avg:  0.0, Max: 0, Diff: 0, Sum: 0, Workers: 2
[2025-05-12T23:25:32.386+0300][1042.365s][36520] GC(24713)       Merged Full                    Min: 0, Avg:  0.0, Max: 0, Diff: 0, Sum: 0, Workers: 2
[2025-05-12T23:25:32.386+0300][1042.365s][36520] GC(24713)       Merged Howl Inline             Min: 0, Avg:  0.0, Max: 0, Diff: 0, Sum: 0, Workers: 2
[2025-05-12T23:25:32.386+0300][1042.365s][36520] GC(24713)       Merged Howl ArrayOfCards       Min: 0, Avg:  0.0, Max: 0, Diff: 0, Sum: 0, Workers: 2
[2025-05-12T23:25:32.386+0300][1042.365s][36520] GC(24713)       Merged Howl BitMap             Min: 0, Avg:  0.0, Max: 0, Diff: 0, Sum: 0, Workers: 2
[2025-05-12T23:25:32.386+0300][1042.365s][36520] GC(24713)       Merged Howl Full               Min: 0, Avg:  0.0, Max: 0, Diff: 0, Sum: 0, Workers: 2
[2025-05-12T23:25:32.386+0300][1042.365s][36520] GC(24713)       Merged Cards                   Min: 8, Avg:  8.0, Max: 8, Diff: 0, Sum: 16, Workers: 2
[2025-05-12T23:25:32.386+0300][1042.365s][36520] GC(24713)     Log Buffers (ms):              Min:  0.0, Avg:  0.0, Max:  0.0, Diff:  0.0, Sum:  0.0, Workers: 2
[2025-05-12T23:25:32.386+0300][1042.365s][36520] GC(24713)       Dirty Cards:                   Min: 23, Avg: 50.5, Max: 78, Diff: 55, Sum: 101, Workers: 2
[2025-05-12T23:25:32.386+0300][1042.365s][36520] GC(24713)       Skipped Cards:                 Min: 0, Avg:  0.0, Max: 0, Diff: 0, Sum: 0, Workers: 2
[2025-05-12T23:25:32.386+0300][1042.365s][36520] GC(24713)   Evacuate Collection Set: 0.3ms
[2025-05-12T23:25:32.386+0300][1042.365s][36520] GC(24713)     Ext Root Scanning (ms):        Min:  0.1, Avg:  0.1, Max:  0.1, Diff:  0.0, Sum:  0.2, Workers: 2
[2025-05-12T23:25:32.386+0300][1042.365s][36520] GC(24713)     Scan Heap Roots (ms):          Min:  0.0, Avg:  0.0, Max:  0.0, Diff:  0.0, Sum:  0.1, Workers: 2
[2025-05-12T23:25:32.386+0300][1042.365s][36520] GC(24713)       Scanned Cards:                 Min: 48, Avg: 50.5, Max: 53, Diff: 5, Sum: 101, Workers: 2
[2025-05-12T23:25:32.386+0300][1042.365s][36520] GC(24713)       Scanned Blocks:                Min: 26, Avg: 34.0, Max: 42, Diff: 16, Sum: 68, Workers: 2
[2025-05-12T23:25:32.386+0300][1042.365s][36520] GC(24713)       Claimed Chunks:                Min: 12, Avg: 16.5, Max: 21, Diff: 9, Sum: 33, Workers: 2
[2025-05-12T23:25:32.386+0300][1042.365s][36520] GC(24713)       Found Roots:                   Min: 50, Avg: 59.0, Max: 68, Diff: 18, Sum: 118, Workers: 2
[2025-05-12T23:25:32.386+0300][1042.365s][36520] GC(24713)     Code Root Scan (ms):           Min:  0.0, Avg:  0.0, Max:  0.0, Diff:  0.0, Sum:  0.0, Workers: 2
[2025-05-12T23:25:32.386+0300][1042.365s][36520] GC(24713)     Object Copy (ms):              Min:  0.1, Avg:  0.1, Max:  0.1, Diff:  0.0, Sum:  0.2, Workers: 2
[2025-05-12T23:25:32.386+0300][1042.365s][36520] GC(24713)     Termination (ms):              Min:  0.0, Avg:  0.0, Max:  0.0, Diff:  0.0, Sum:  0.0, Workers: 2
[2025-05-12T23:25:32.386+0300][1042.365s][36520] GC(24713)       Termination Attempts:          Min: 1, Avg:  1.0, Max: 1, Diff: 0, Sum: 2, Workers: 2
[2025-05-12T23:25:32.386+0300][1042.365s][36520] GC(24713)     GC Worker Other (ms):          Min:  0.0, Avg:  0.0, Max:  0.0, Diff:  0.0, Sum:  0.0, Workers: 2
[2025-05-12T23:25:32.386+0300][1042.365s][36520] GC(24713)     GC Worker Total (ms):          Min:  0.3, Avg:  0.3, Max:  0.3, Diff:  0.0, Sum:  0.5, Workers: 2
[2025-05-12T23:25:32.386+0300][1042.365s][36520] GC(24713)   Post Evacuate Collection Set: 0.4ms
[2025-05-12T23:25:32.386+0300][1042.365s][36520] GC(24713)     NMethod List Cleanup: 0.0ms
[2025-05-12T23:25:32.386+0300][1042.365s][36520] GC(24713)     Reference Processing: 0.0ms
[2025-05-12T23:25:32.386+0300][1042.365s][36520] GC(24713)       Notify Soft/WeakReferences: 0.0ms
[2025-05-12T23:25:32.386+0300][1042.365s][36520] GC(24713)         SoftRef (ms):                  Min:  0.0, Avg:  0.0, Max:  0.0, Diff:  0.0, Sum:  0.0, Workers: 1
[2025-05-12T23:25:32.386+0300][1042.365s][36520] GC(24713)         WeakRef (ms):                  Min:  0.0, Avg:  0.0, Max:  0.0, Diff:  0.0, Sum:  0.0, Workers: 1
[2025-05-12T23:25:32.386+0300][1042.365s][36520] GC(24713)         FinalRef (ms):                 Min:  0.0, Avg:  0.0, Max:  0.0, Diff:  0.0, Sum:  0.0, Workers: 1
[2025-05-12T23:25:32.386+0300][1042.365s][36520] GC(24713)         Total (ms):                    Min:  0.0, Avg:  0.0, Max:  0.0, Diff:  0.0, Sum:  0.0, Workers: 1
[2025-05-12T23:25:32.387+0300][1042.365s][36520] GC(24713)       Notify and keep alive finalizable: 0.0ms
[2025-05-12T23:25:32.387+0300][1042.365s][36520] GC(24713)         FinalRef (ms):                 skipped
[2025-05-12T23:25:32.387+0300][1042.365s][36520] GC(24713)       Notify PhantomReferences: 0.0ms
[2025-05-12T23:25:32.387+0300][1042.365s][36520] GC(24713)         PhantomRef (ms):               skipped
[2025-05-12T23:25:32.387+0300][1042.365s][36520] GC(24713)       SoftReference Discovered: 0, Dropped: 0, Processed: 0
[2025-05-12T23:25:32.387+0300][1042.365s][36520] GC(24713)       WeakReference Discovered: 27, Dropped: 4, Processed: 23
[2025-05-12T23:25:32.387+0300][1042.365s][36520] GC(24713)       FinalReference Discovered: 0, Dropped: 0, Processed: 0
[2025-05-12T23:25:32.387+0300][1042.365s][36520] GC(24713)       PhantomReference Discovered: 0, Dropped: 0, Processed: 0
[2025-05-12T23:25:32.387+0300][1042.365s][36520] GC(24713)     Weak Processing: 0.1ms
[2025-05-12T23:25:32.387+0300][1042.365s][36520] GC(24713)       VM Weak                        Min:  0.0, Avg:  0.0, Max:  0.0, Diff:  0.0, Sum:  0.0, Workers: 10
[2025-05-12T23:25:32.387+0300][1042.365s][36520] GC(24713)         Dead                           Min: 0, Avg:  0.0, Max: 0, Diff: 0, Sum: 0, Workers: 10
[2025-05-12T23:25:32.387+0300][1042.365s][36520] GC(24713)         Total                          Min: 0, Avg:  6.7, Max: 41, Diff: 41, Sum: 67, Workers: 10
[2025-05-12T23:25:32.387+0300][1042.365s][36520] GC(24713)       ObjectSynchronizer Weak        Min:  0.0, Avg:  0.0, Max:  0.0, Diff:  0.0, Sum:  0.0, Workers: 10
[2025-05-12T23:25:32.387+0300][1042.365s][36520] GC(24713)         Dead                           Min: 0, Avg:  0.0, Max: 0, Diff: 0, Sum: 0, Workers: 10
[2025-05-12T23:25:32.387+0300][1042.365s][36520] GC(24713)         Total                          Min: 0, Avg:  0.1, Max: 1, Diff: 1, Sum: 1, Workers: 10
[2025-05-12T23:25:32.387+0300][1042.365s][36520] GC(24713)       JVMTI Tag Weak OopStorage      Min:  0.1, Avg:  0.1, Max:  0.1, Diff:  0.0, Sum:  0.6, Workers: 10
[2025-05-12T23:25:32.387+0300][1042.365s][36520] GC(24713)         Dead                           Min: 0, Avg:  0.0, Max: 0, Diff: 0, Sum: 0, Workers: 10
[2025-05-12T23:25:32.387+0300][1042.365s][36520] GC(24713)         Total                          Min: 5594, Avg: 6289.9, Max: 6846, Diff: 1252, Sum: 62899, Workers: 10
[2025-05-12T23:25:32.387+0300][1042.365s][36520] GC(24713)       StringTable Weak               Min:  0.0, Avg:  0.0, Max:  0.0, Diff:  0.0, Sum:  0.2, Workers: 10
[2025-05-12T23:25:32.387+0300][1042.366s][36520] GC(24713)         Dead                           Min: 0, Avg:  1.7, Max: 7, Diff: 7, Sum: 17, Workers: 10
[2025-05-12T23:25:32.387+0300][1042.366s][36520] GC(24713)         Total                          Min: 3581, Avg: 3952.9, Max: 4416, Diff: 835, Sum: 39529, Workers: 10
[2025-05-12T23:25:32.387+0300][1042.366s][36520] GC(24713)       ResolvedMethodTable Weak       Min:  0.0, Avg:  0.0, Max:  0.0, Diff:  0.0, Sum:  0.0, Workers: 10
[2025-05-12T23:25:32.387+0300][1042.366s][36520] GC(24713)         Dead                           Min: 0, Avg:  0.0, Max: 0, Diff: 0, Sum: 0, Workers: 10
[2025-05-12T23:25:32.387+0300][1042.366s][36520] GC(24713)         Total                          Min: 58, Avg: 87.5, Max: 186, Diff: 128, Sum: 875, Workers: 10
[2025-05-12T23:25:32.387+0300][1042.366s][36520] GC(24713)       JNI Weak                       Min:  0.0, Avg:  0.0, Max:  0.0, Diff:  0.0, Sum:  0.0, Workers: 10
[2025-05-12T23:25:32.387+0300][1042.366s][36520] GC(24713)         Dead                           Min: 0, Avg:  0.0, Max: 0, Diff: 0, Sum: 0, Workers: 10
[2025-05-12T23:25:32.387+0300][1042.366s][36520] GC(24713)         Total                          Min: 0, Avg:  1.1, Max: 11, Diff: 11, Sum: 11, Workers: 10
[2025-05-12T23:25:32.387+0300][1042.366s][36520] GC(24713)       StringDedup Table Weak         Min:  0.0, Avg:  0.0, Max:  0.0, Diff:  0.0, Sum:  0.0, Workers: 10
[2025-05-12T23:25:32.387+0300][1042.366s][36520] GC(24713)         Dead                           Min: 0, Avg:  0.0, Max: 0, Diff: 0, Sum: 0, Workers: 10
[2025-05-12T23:25:32.387+0300][1042.366s][36520] GC(24713)         Total                          Min: 0, Avg:  0.0, Max: 0, Diff: 0, Sum: 0, Workers: 10
[2025-05-12T23:25:32.387+0300][1042.366s][36520] GC(24713)       StringDedup Requests0 Weak     Min:  0.0, Avg:  0.0, Max:  0.0, Diff:  0.0, Sum:  0.0, Workers: 10
[2025-05-12T23:25:32.387+0300][1042.366s][36520] GC(24713)         Dead                           Min: 0, Avg:  0.0, Max: 0, Diff: 0, Sum: 0, Workers: 10
[2025-05-12T23:25:32.387+0300][1042.366s][36520] GC(24713)         Total                          Min: 0, Avg:  0.0, Max: 0, Diff: 0, Sum: 0, Workers: 10
[2025-05-12T23:25:32.387+0300][1042.366s][36520] GC(24713)       StringDedup Requests1 Weak     Min:  0.0, Avg:  0.0, Max:  0.0, Diff:  0.0, Sum:  0.0, Workers: 10
[2025-05-12T23:25:32.387+0300][1042.366s][36520] GC(24713)         Dead                           Min: 0, Avg:  0.0, Max: 0, Diff: 0, Sum: 0, Workers: 10
[2025-05-12T23:25:32.387+0300][1042.366s][36520] GC(24713)         Total                          Min: 0, Avg:  0.0, Max: 0, Diff: 0, Sum: 0, Workers: 10
[2025-05-12T23:25:32.387+0300][1042.366s][36520] GC(24713)       Weak JFR Old Object Samples    Min:  0.0, Avg:  0.0, Max:  0.0, Diff:  0.0, Sum:  0.0, Workers: 10
[2025-05-12T23:25:32.387+0300][1042.366s][36520] GC(24713)         Dead                           Min: 0, Avg:  0.0, Max: 0, Diff: 0, Sum: 0, Workers: 10
[2025-05-12T23:25:32.387+0300][1042.366s][36520] GC(24713)         Total                          Min: 0, Avg:  0.0, Max: 0, Diff: 0, Sum: 0, Workers: 10
[2025-05-12T23:25:32.387+0300][1042.366s][36520] GC(24713)     Post Evacuate Cleanup 1: 0.1ms
[2025-05-12T23:25:32.387+0300][1042.366s][36520] GC(24713)       Merge Per-Thread State (ms):   Min:  0.0, Avg:  0.0, Max:  0.0, Diff:  0.0, Sum:  0.0, Workers: 1
[2025-05-12T23:25:32.387+0300][1042.366s][36520] GC(24713)         Copied Bytes                   Min: 0, Avg:  0.0, Max: 0, Diff: 0, Sum: 0, Workers: 2
[2025-05-12T23:25:32.387+0300][1042.366s][36520] GC(24713)         LAB Waste                      Min: 0, Avg:  0.0, Max: 0, Diff: 0, Sum: 0, Workers: 2
[2025-05-12T23:25:32.387+0300][1042.366s][36520] GC(24713)         LAB Undo Waste                 Min: 0, Avg:  0.0, Max: 0, Diff: 0, Sum: 0, Workers: 2
[2025-05-12T23:25:32.387+0300][1042.366s][36520] GC(24713)       Clear Logged Cards (ms):       Min:  0.0, Avg:  0.0, Max:  0.0, Diff:  0.0, Sum:  0.0, Workers: 2
[2025-05-12T23:25:32.387+0300][1042.366s][36520] GC(24713)       Recalculate Used Memory (ms):  Min:  0.0, Avg:  0.0, Max:  0.0, Diff:  0.0, Sum:  0.0, Workers: 1
[2025-05-12T23:25:32.387+0300][1042.366s][36520] GC(24713)       Restore Retained Regions (ms): Min:  0.0, Avg:  0.0, Max:  0.1, Diff:  0.0, Sum:  0.1, Workers: 2
[2025-05-12T23:25:32.387+0300][1042.366s][36520] GC(24713)         Evacuation Failure Regions:    Min: 1, Avg:  1.0, Max: 1, Diff: 0, Sum: 1, Workers: 1
[2025-05-12T23:25:32.387+0300][1042.366s][36520] GC(24713)         Remove Self Forwards (ms):     Min:  0.0, Avg:  0.0, Max:  0.1, Diff:  0.0, Sum:  0.1, Workers: 2
[2025-05-12T23:25:32.387+0300][1042.366s][36520] GC(24713)           Forward Chunks:                Min: 13, Avg: 26.0, Max: 39, Diff: 26, Sum: 52, Workers: 2
[2025-05-12T23:25:32.387+0300][1042.366s][36520] GC(24713)           Empty Forward Chunks:          Min: 3, Avg:  6.0, Max: 9, Diff: 6, Sum: 12, Workers: 2
[2025-05-12T23:25:32.387+0300][1042.366s][36520] GC(24713)           Forward Objects:               Min: 852, Avg: 1431.0, Max: 2010, Diff: 1158, Sum: 2862, Workers: 2
[2025-05-12T23:25:32.387+0300][1042.366s][36520] GC(24713)           Forward Bytes:                 Min: 39160, Avg: 75716.0, Max: 112272, Diff: 73112, Sum: 151432, Workers: 2
[2025-05-12T23:25:32.387+0300][1042.366s][36520] GC(24713)     Post Evacuate Cleanup 2: 0.0ms
[2025-05-12T23:25:32.387+0300][1042.366s][36520] GC(24713)       Recalculate Used Memory (ms):  Min:  0.0, Avg:  0.0, Max:  0.0, Diff:  0.0, Sum:  0.0, Workers: 1
[2025-05-12T23:25:32.387+0300][1042.366s][36520] GC(24713)       Restore Preserved Marks (ms):  Min:  0.0, Avg:  0.0, Max:  0.0, Diff:  0.0, Sum:  0.0, Workers: 2
[2025-05-12T23:25:32.387+0300][1042.366s][36520] GC(24713)       Clear Retained Region Bitmaps (ms): Min:  0.0, Avg:  0.0, Max:  0.0, Diff:  0.0, Sum:  0.0, Workers: 2
[2025-05-12T23:25:32.387+0300][1042.366s][36520] GC(24713)       Update Derived Pointers (ms):  Min:  0.0, Avg:  0.0, Max:  0.0, Diff:  0.0, Sum:  0.0, Workers: 1
[2025-05-12T23:25:32.387+0300][1042.366s][36520] GC(24713)       Eagerly Reclaim Humongous Objects (ms): skipped
[2025-05-12T23:25:32.387+0300][1042.366s][36520] GC(24713)         Humongous Total                skipped
[2025-05-12T23:25:32.387+0300][1042.366s][36520] GC(24713)         Humongous Candidates           skipped
[2025-05-12T23:25:32.387+0300][1042.366s][36520] GC(24713)         Humongous Reclaimed            skipped
[2025-05-12T23:25:32.387+0300][1042.366s][36520] GC(24713)       Redirty Logged Cards (ms):     Min:  0.0, Avg:  0.0, Max:  0.0, Diff:  0.0, Sum:  0.0, Workers: 2
[2025-05-12T23:25:32.387+0300][1042.366s][36520] GC(24713)         Redirtied Cards:               Min: 0, Avg:  0.0, Max: 0, Diff: 0, Sum: 0, Workers: 2
[2025-05-12T23:25:32.387+0300][1042.366s][36520] GC(24713)       Resize TLABs (ms):             Min:  0.0, Avg:  0.0, Max:  0.0, Diff:  0.0, Sum:  0.0, Workers: 2
[2025-05-12T23:25:32.387+0300][1042.366s][36520] GC(24713)       Free Collection Set (ms):      Min:  0.0, Avg:  0.0, Max:  0.0, Diff:  0.0, Sum:  0.0, Workers: 2
[2025-05-12T23:25:32.387+0300][1042.366s][36520] GC(24713)     Rebuild Free List: 0.0ms
[2025-05-12T23:25:32.387+0300][1042.366s][36520] GC(24713)     Prepare For Mutator: 0.1ms
[2025-05-12T23:25:32.387+0300][1042.366s][36520] GC(24713)     Expand Heap After Collection: 0.0ms
[2025-05-12T23:25:32.387+0300][1042.366s][36520] GC(24713)   Other: 0.2ms
[2025-05-12T23:25:32.387+0300][1042.366s][36520] GC(24713) Coarsening (recent): Inline->AoC 0 (0) AoC->Howl 0 (0) Howl->Full 0 (0) Inline->AoC 0 (0) AoC->BitMap 0 (0) BitMap->Full 0 (0) 
[2025-05-12T23:25:32.387+0300][1042.366s][36520] GC(24713) Coarsening (all): Inline->AoC 10920 (0) AoC->Howl 7731 (0) Howl->Full 0 (0) Inline->AoC 10809 (0) AoC->BitMap 7399 (0) BitMap->Full 0 (0) 
[2025-05-12T23:25:32.387+0300][1042.366s][36520] GC(24713) Eden regions: 1->0(0)
[2025-05-12T23:25:32.387+0300][1042.366s][36520] GC(24713) Survivor regions: 0->0(0)
[2025-05-12T23:25:32.387+0300][1042.366s][36520] GC(24713) Old regions: 11->12
[2025-05-12T23:25:32.387+0300][1042.366s][36520] GC(24713) Humongous regions: 0->0
[2025-05-12T23:25:32.387+0300][1042.366s][36520] GC(24713) Metaspace: 10759K(12736K)->10759K(12736K) NonClass: 9683K(11328K)->9683K(11328K) Class: 1076K(1408K)->1076K(1408K)
[2025-05-12T23:25:32.387+0300][1042.366s][36520] GC(24713) Heap after GC invocations=21176 (full 7094):
[2025-05-12T23:25:32.387+0300][1042.366s][36520] GC(24713)  garbage-first heap   total 12288K, used 12234K [0x00000000ff400000, 0x0000000100000000)
[2025-05-12T23:25:32.387+0300][1042.366s][36520] GC(24713)   region size 1024K, 0 young (0K), 0 survivors (0K)
[2025-05-12T23:25:32.387+0300][1042.366s][36520] GC(24713)  Metaspace       used 10759K, committed 12736K, reserved 1114112K
[2025-05-12T23:25:32.387+0300][1042.366s][36520] GC(24713)   class space    used 1076K, committed 1408K, reserved 1048576K
[2025-05-12T23:25:32.387+0300][1042.366s][36520] GC(24713) Pause Young (Normal) (G1 Evacuation Pause) (Evacuation Failure) 11M->11M(12M) 2.259ms
[2025-05-12T23:25:32.387+0300][1042.366s][36520] GC(24713) User=0.00s Sys=0.00s Real=0.00s
[2025-05-12T23:25:32.387+0300][1042.366s][36520] Attempt heap expansion (allocation request failed). Allocation request: 2048B
[2025-05-12T23:25:32.387+0300][1042.366s][36520] Expand the heap. requested expansion amount: 1048576B expansion amount: 1048576B
[2025-05-12T23:25:32.387+0300][1042.366s][36520] Did not expand the heap (heap already fully expanded)
[2025-05-12T23:25:32.387+0300][1042.366s][36520] Attempting full compaction
[2025-05-12T23:25:32.387+0300][1042.366s][36520] GC(24714) Pause Full (G1 Compaction Pause)
[2025-05-12T23:25:32.387+0300][1042.366s][36520] GC(24714) Heap before GC invocations=21176 (full 7094):
[2025-05-12T23:25:32.387+0300][1042.366s][36520] GC(24714)  garbage-first heap   total 12288K, used 12234K [0x00000000ff400000, 0x0000000100000000)
[2025-05-12T23:25:32.387+0300][1042.366s][36520] GC(24714)   region size 1024K, 0 young (0K), 0 survivors (0K)
[2025-05-12T23:25:32.387+0300][1042.366s][36520] GC(24714)  Metaspace       used 10759K, committed 12736K, reserved 1114112K
[2025-05-12T23:25:32.387+0300][1042.366s][36520] GC(24714)   class space    used 1076K, committed 1408K, reserved 1048576K
[2025-05-12T23:25:32.387+0300][1042.366s][36520] GC(24714) Requesting 1 active workers for full compaction (waste limited workers: 1, adaptive workers: 2, used limited workers: 12)
[2025-05-12T23:25:32.387+0300][1042.366s][36520] GC(24714) Using 1 workers of 10 for full compaction
[2025-05-12T23:25:32.387+0300][1042.366s][36520] GC(24714) Mutator Allocation stats, regions: 0, wasted size: 0B ( 0.0%)
[2025-05-12T23:25:32.387+0300][1042.366s][36520] GC(24714) Phase 1: Mark live objects
[2025-05-12T23:25:32.394+0300][1042.373s][36520] GC(24714) Phase 1: Reference Processing
[2025-05-12T23:25:32.394+0300][1042.373s][36520] GC(24714) ReferenceProcessor::execute queues: 1, RefProcThreadModel::Single, marks_oops_alive: false
[2025-05-12T23:25:32.394+0300][1042.373s][36520] GC(24714) Skipped KeepAliveFinalRefsPhase of Reference Processing: no references
[2025-05-12T23:25:32.394+0300][1042.373s][36520] GC(24714) ReferenceProcessor::execute queues: 1, RefProcThreadModel::Single, marks_oops_alive: false
[2025-05-12T23:25:32.394+0300][1042.373s][36520] GC(24714) Reference Processing: 0.0ms
[2025-05-12T23:25:32.394+0300][1042.373s][36520] GC(24714)   Notify Soft/WeakReferences: 0.0ms
[2025-05-12T23:25:32.394+0300][1042.373s][36520] GC(24714)     SoftRef: 0.0ms
[2025-05-12T23:25:32.394+0300][1042.373s][36520] GC(24714)     WeakRef: 0.0ms
[2025-05-12T23:25:32.394+0300][1042.373s][36520] GC(24714)     FinalRef: 0.0ms
[2025-05-12T23:25:32.394+0300][1042.373s][36520] GC(24714)     Total: 0.0ms
[2025-05-12T23:25:32.394+0300][1042.373s][36520] GC(24714)   Notify and keep alive finalizable: 0.0ms
[2025-05-12T23:25:32.394+0300][1042.373s][36520] GC(24714)     FinalRef: skipped
[2025-05-12T23:25:32.394+0300][1042.373s][36520] GC(24714)   Notify PhantomReferences: 0.0ms
[2025-05-12T23:25:32.395+0300][1042.373s][36520] GC(24714)     PhantomRef: 0.0ms
[2025-05-12T23:25:32.395+0300][1042.373s][36520] GC(24714)   SoftReference Discovered: 46, Dropped: 4, Processed: 42
[2025-05-12T23:25:32.395+0300][1042.373s][36520] GC(24714)   WeakReference Discovered: 34, Dropped: 13, Processed: 21
[2025-05-12T23:25:32.395+0300][1042.373s][36520] GC(24714)   FinalReference Discovered: 0, Dropped: 0, Processed: 0
[2025-05-12T23:25:32.395+0300][1042.373s][36520] GC(24714)   PhantomReference Discovered: 23, Dropped: 23, Processed: 0
[2025-05-12T23:25:32.395+0300][1042.373s][36520] GC(24714) Phase 1: Reference Processing 0.212ms
[2025-05-12T23:25:32.395+0300][1042.373s][36520] GC(24714) Phase 1: Weak Processing
[2025-05-12T23:25:32.395+0300][1042.374s][36520] GC(24714)   VM Weak                        Min:  0.0, Avg:  0.0, Max:  0.0, Diff:  0.0, Sum:  0.0, Workers: 10
[2025-05-12T23:25:32.395+0300][1042.374s][36520] GC(24714)     Dead                           Min: 0, Avg:  2.1, Max: 21, Diff: 21, Sum: 21, Workers: 10
[2025-05-12T23:25:32.395+0300][1042.374s][36520] GC(24714)     Total                          Min: 0, Avg:  6.7, Max: 67, Diff: 67, Sum: 67, Workers: 10
[2025-05-12T23:25:32.395+0300][1042.374s][36520] GC(24714)   ObjectSynchronizer Weak        Min:  0.0, Avg:  0.0, Max:  0.0, Diff:  0.0, Sum:  0.0, Workers: 10
[2025-05-12T23:25:32.395+0300][1042.374s][36520] GC(24714)     Dead                           Min: 0, Avg:  0.0, Max: 0, Diff: 0, Sum: 0, Workers: 10
[2025-05-12T23:25:32.395+0300][1042.374s][36520] GC(24714)     Total                          Min: 0, Avg:  0.1, Max: 1, Diff: 1, Sum: 1, Workers: 10
[2025-05-12T23:25:32.395+0300][1042.374s][36520] GC(24714)   JVMTI Tag Weak OopStorage      Min:  0.0, Avg:  0.1, Max:  0.1, Diff:  0.0, Sum:  0.6, Workers: 10
[2025-05-12T23:25:32.395+0300][1042.374s][36520] GC(24714)     Dead                           Min: 0, Avg:  2.1, Max: 21, Diff: 21, Sum: 21, Workers: 10
[2025-05-12T23:25:32.395+0300][1042.374s][36520] GC(24714)     Total                          Min: 3464, Avg: 6289.9, Max: 7842, Diff: 4378, Sum: 62899, Workers: 10
[2025-05-12T23:25:32.395+0300][1042.374s][36520] GC(24714)   StringTable Weak               Min:  0.0, Avg:  0.0, Max:  0.0, Diff:  0.0, Sum:  0.3, Workers: 10
[2025-05-12T23:25:32.395+0300][1042.374s][36520] GC(24714)     Dead                           Min: 1, Avg: 14.1, Max: 44, Diff: 43, Sum: 141, Workers: 10
[2025-05-12T23:25:32.395+0300][1042.374s][36520] GC(24714)     Total                          Min: 3647, Avg: 3952.9, Max: 4288, Diff: 641, Sum: 39529, Workers: 10
[2025-05-12T23:25:32.395+0300][1042.374s][36520] GC(24714)   ResolvedMethodTable Weak       Min:  0.0, Avg:  0.0, Max:  0.0, Diff:  0.0, Sum:  0.0, Workers: 10
[2025-05-12T23:25:32.395+0300][1042.374s][36520] GC(24714)     Dead                           Min: 1, Avg:  5.2, Max: 22, Diff: 21, Sum: 52, Workers: 10
[2025-05-12T23:25:32.395+0300][1042.374s][36520] GC(24714)     Total                          Min: 58, Avg: 87.5, Max: 128, Diff: 70, Sum: 875, Workers: 10
[2025-05-12T23:25:32.395+0300][1042.374s][36520] GC(24714)   JNI Weak                       Min:  0.0, Avg:  0.0, Max:  0.0, Diff:  0.0, Sum:  0.0, Workers: 10
[2025-05-12T23:25:32.395+0300][1042.374s][36520] GC(24714)     Dead                           Min: 0, Avg:  0.0, Max: 0, Diff: 0, Sum: 0, Workers: 10
[2025-05-12T23:25:32.395+0300][1042.374s][36520] GC(24714)     Total                          Min: 0, Avg:  1.1, Max: 11, Diff: 11, Sum: 11, Workers: 10
[2025-05-12T23:25:32.395+0300][1042.374s][36520] GC(24714)   StringDedup Table Weak         Min:  0.0, Avg:  0.0, Max:  0.0, Diff:  0.0, Sum:  0.0, Workers: 10
[2025-05-12T23:25:32.395+0300][1042.374s][36520] GC(24714)     Dead                           Min: 0, Avg:  0.0, Max: 0, Diff: 0, Sum: 0, Workers: 10
[2025-05-12T23:25:32.395+0300][1042.374s][36520] GC(24714)     Total                          Min: 0, Avg:  0.0, Max: 0, Diff: 0, Sum: 0, Workers: 10
[2025-05-12T23:25:32.395+0300][1042.374s][36520] GC(24714)   StringDedup Requests0 Weak     Min:  0.0, Avg:  0.0, Max:  0.0, Diff:  0.0, Sum:  0.0, Workers: 10
[2025-05-12T23:25:32.395+0300][1042.374s][36520] GC(24714)     Dead                           Min: 0, Avg:  0.0, Max: 0, Diff: 0, Sum: 0, Workers: 10
[2025-05-12T23:25:32.395+0300][1042.374s][36520] GC(24714)     Total                          Min: 0, Avg:  0.0, Max: 0, Diff: 0, Sum: 0, Workers: 10
[2025-05-12T23:25:32.395+0300][1042.374s][36520] GC(24714)   StringDedup Requests1 Weak     Min:  0.0, Avg:  0.0, Max:  0.0, Diff:  0.0, Sum:  0.0, Workers: 10
[2025-05-12T23:25:32.395+0300][1042.374s][36520] GC(24714)     Dead                           Min: 0, Avg:  0.0, Max: 0, Diff: 0, Sum: 0, Workers: 10
[2025-05-12T23:25:32.395+0300][1042.374s][36520] GC(24714)     Total                          Min: 0, Avg:  0.0, Max: 0, Diff: 0, Sum: 0, Workers: 10
[2025-05-12T23:25:32.395+0300][1042.374s][36520] GC(24714)   Weak JFR Old Object Samples    Min:  0.0, Avg:  0.0, Max:  0.0, Diff:  0.0, Sum:  0.0, Workers: 10
[2025-05-12T23:25:32.395+0300][1042.374s][36520] GC(24714)     Dead                           Min: 0, Avg:  0.0, Max: 0, Diff: 0, Sum: 0, Workers: 10
[2025-05-12T23:25:32.395+0300][1042.374s][36520] GC(24714)     Total                          Min: 0, Avg:  0.0, Max: 0, Diff: 0, Sum: 0, Workers: 10
[2025-05-12T23:25:32.395+0300][1042.374s][36520] GC(24714) Phase 1: Weak Processing 0.662ms
[2025-05-12T23:25:32.395+0300][1042.374s][36520] GC(24714) Phase 1: Class Unloading and Cleanup
[2025-05-12T23:25:32.395+0300][1042.374s][36520] GC(24714) ClassLoaderData
[2025-05-12T23:25:32.395+0300][1042.374s][36520] GC(24714) ClassLoaderData 0.101ms
[2025-05-12T23:25:32.395+0300][1042.374s][36520] GC(24714) Trigger cleanups
[2025-05-12T23:25:32.395+0300][1042.374s][36520] GC(24714) Trigger cleanups 0.012ms
[2025-05-12T23:25:32.399+0300][1042.378s][36520] GC(24714) Phase 1: Class Unloading and Cleanup 3.773ms
[2025-05-12T23:25:32.399+0300][1042.378s][36520] GC(24714) Report Object Count
[2025-05-12T23:25:32.399+0300][1042.378s][36520] GC(24714) Report Object Count 0.012ms
[2025-05-12T23:25:32.399+0300][1042.378s][36520] GC(24714) Phase 1: Mark live objects 11.744ms
[2025-05-12T23:25:32.399+0300][1042.378s][36520] GC(24714) Phase 2: Prepare compaction
[2025-05-12T23:25:32.399+0300][1042.378s][36520] GC(24714) Phase 2: Determine work lists
[2025-05-12T23:25:32.399+0300][1042.378s][36520] GC(24714) Phase 2: Determine work lists 0.010ms
[2025-05-12T23:25:32.399+0300][1042.378s][36520] GC(24714) Phase 2: Prepare parallel compaction
[2025-05-12T23:25:32.399+0300][1042.378s][36520] GC(24714) Phase 2: Prepare parallel compaction 0.157ms
[2025-05-12T23:25:32.399+0300][1042.378s][36520] GC(24714) Phase 2: Prepare compaction 0.196ms
[2025-05-12T23:25:32.399+0300][1042.378s][36520] GC(24714) Phase 3: Adjust pointers
[2025-05-12T23:25:32.403+0300][1042.382s][36520] GC(24714) Phase 3: Adjust pointers 4.168ms
[2025-05-12T23:25:32.403+0300][1042.382s][36520] GC(24714) Phase 4: Compact heap
[2025-05-12T23:25:32.404+0300][1042.383s][36520] GC(24714) Phase 4: Compact heap 0.157ms
[2025-05-12T23:25:32.404+0300][1042.383s][36520] GC(24714) Phase 5: Reset Metadata
[2025-05-12T23:25:32.405+0300][1042.384s][36520] GC(24714) Phase 5: Reset Metadata 1.431ms
[2025-05-12T23:25:32.405+0300][1042.384s][36520] GC(24714) Running G1 Clear Bitmap with 1 workers for 1 work units.
[2025-05-12T23:25:32.407+0300][1042.386s][36520] GC(24714) Request concurrent cycle initiation (occupancy higher than threshold) occupancy: 11534336B allocation request: 0B threshold: 3714748B (29.52) source: end of Full GC
[2025-05-12T23:25:32.407+0300][1042.386s][36520] Old generation allocation in the last mutator period, old gen allocated: 0B, humongous allocated: 0B, old gen growth: 0B.
[2025-05-12T23:25:32.407+0300][1042.386s][36520] GC(24714) Coarsening (recent): Inline->AoC 0 (0) AoC->Howl 0 (0) Howl->Full 0 (0) Inline->AoC 0 (0) AoC->BitMap 0 (0) BitMap->Full 0 (0) 
[2025-05-12T23:25:32.407+0300][1042.386s][36520] GC(24714) Coarsening (all): Inline->AoC 10920 (0) AoC->Howl 7731 (0) Howl->Full 0 (0) Inline->AoC 10809 (0) AoC->BitMap 7399 (0) BitMap->Full 0 (0) 
[2025-05-12T23:25:32.407+0300][1042.386s][36520] GC(24714) Eden regions: 0->0(1)
[2025-05-12T23:25:32.407+0300][1042.386s][36520] GC(24714) Survivor regions: 0->0(0)
[2025-05-12T23:25:32.407+0300][1042.386s][36520] GC(24714) Old regions: 12->11
[2025-05-12T23:25:32.407+0300][1042.386s][36520] GC(24714) Humongous regions: 0->0
[2025-05-12T23:25:32.407+0300][1042.386s][36520] GC(24714) Metaspace: 10759K(12736K)->10716K(12736K) NonClass: 9683K(11328K)->9652K(11328K) Class: 1076K(1408K)->1064K(1408K)
[2025-05-12T23:25:32.407+0300][1042.386s][36520] GC(24714) Heap after GC invocations=21177 (full 7095):
[2025-05-12T23:25:32.407+0300][1042.386s][36520] GC(24714)  garbage-first heap   total 12288K, used 11168K [0x00000000ff400000, 0x0000000100000000)
[2025-05-12T23:25:32.407+0300][1042.386s][36520] GC(24714)   region size 1024K, 0 young (0K), 0 survivors (0K)
[2025-05-12T23:25:32.407+0300][1042.386s][36520] GC(24714)  Metaspace       used 10716K, committed 12736K, reserved 1114112K
[2025-05-12T23:25:32.407+0300][1042.386s][36520] GC(24714)   class space    used 1064K, committed 1408K, reserved 1048576K
[2025-05-12T23:25:32.407+0300][1042.386s][36520] GC(24714) Pause Full (G1 Compaction Pause) 11M->10M(12M) 19.945ms
[2025-05-12T23:25:32.407+0300][1042.386s][36520] GC(24714) User=0.00s Sys=0.00s Real=0.02s
[2025-05-12T23:25:32.407+0300][1042.386s][9340 ] G1 Service Thread (Card Set Free Memory Task) (run: 21.332ms) (cpu: 0.000ms)
[2025-05-12T23:25:32.422+0300][1042.402s][36520] GC(24715) Initiate concurrent cycle (concurrent cycle initiation requested)
[2025-05-12T23:25:32.422+0300][1042.402s][36520] GC(24715) Pause Young (Concurrent Start) (G1 Evacuation Pause)
[2025-05-12T23:25:32.422+0300][1042.402s][36520] GC(24715) Heap before GC invocations=21177 (full 7095):
[2025-05-12T23:25:32.422+0300][1042.402s][36520] GC(24715)  garbage-first heap   total 12288K, used 12192K [0x00000000ff400000, 0x0000000100000000)
[2025-05-12T23:25:32.422+0300][1042.402s][36520] GC(24715)   region size 1024K, 1 young (1024K), 0 survivors (0K)
[2025-05-12T23:25:32.422+0300][1042.402s][36520] GC(24715)  Metaspace       used 10757K, committed 12736K, reserved 1114112K
[2025-05-12T23:25:32.423+0300][1042.402s][36520] GC(24715)   class space    used 1075K, committed 1408K, reserved 1048576K
[2025-05-12T23:25:32.423+0300][1042.402s][36520] GC(24715) Using 2 workers of 10 for evacuation
[2025-05-12T23:25:32.423+0300][1042.402s][36520] GC(24715) Desired survivor size 524288 bytes, new threshold 15 (max threshold 15)
[2025-05-12T23:25:32.423+0300][1042.402s][36520] GC(24715) TLAB totals: thrds: 1  refills: 319 max: 319 slow allocs: 159 max 159 waste: 22.1% gc: 0B max: 0B slow: 191328B max: 191328B
[2025-05-12T23:25:32.423+0300][1042.402s][36520] GC(24715) Mutator refinement: 0.00ms, refined: 0, precleaned: 0, dirtied: 90
[2025-05-12T23:25:32.423+0300][1042.402s][36520] GC(24715) Concurrent refinement: 0.00ms, refined: 0, precleaned: 0, dirtied: 0
[2025-05-12T23:25:32.423+0300][1042.402s][36520] GC(24715) Total refinement: 0.00ms, refined: 0, precleaned: 0, dirtied: 90
[2025-05-12T23:25:32.423+0300][1042.402s][36520] GC(24715) Generate dirty cards rate: 5.55 cards/ms
[2025-05-12T23:25:32.423+0300][1042.402s][36520] GC(24715) Mutator Allocation stats, regions: 1, wasted size: 1368B ( 0.1%)
[2025-05-12T23:25:32.423+0300][1042.402s][36520] GC(24715) No candidates to reclaim.
[2025-05-12T23:25:32.423+0300][1042.402s][36520] GC(24715) Running G1 Merge Heap Roots using 2 workers for 1 regions
[2025-05-12T23:25:32.423+0300][1042.402s][36520] GC(24715) Visited cards 992 Total dirty 12288 (8.07%) Total old 26624 (3.73%)
[2025-05-12T23:25:32.423+0300][1042.402s][33800] GC(24715) Attempt heap expansion (region allocation request failed). Allocation request: 2064B
[2025-05-12T23:25:32.423+0300][1042.402s][33800] GC(24715) Did not expand the heap (heap already fully expanded)
[2025-05-12T23:25:32.423+0300][1042.403s][36520] GC(24715) ReferenceProcessor::execute queues: 1, RefProcThreadModel::Single, marks_oops_alive: false
[2025-05-12T23:25:32.423+0300][1042.403s][36520] GC(24715) Skipped KeepAliveFinalRefsPhase of Reference Processing: no references
[2025-05-12T23:25:32.423+0300][1042.403s][36520] GC(24715) Skipped PhantomRefsPhase of Reference Processing: no references
[2025-05-12T23:25:32.423+0300][1042.403s][36520] GC(24715) Initializing removing self forwards with 64 chunks per region
[2025-05-12T23:25:32.423+0300][1042.403s][36520] GC(24715) Running G1 Rebuild Free List Task using 2 workers for rebuilding free list of regions
[2025-05-12T23:25:32.423+0300][1042.403s][36520] GC(24715) Young PLAB allocation: allocated: 0B, wasted: 0B, unused: 0B, used: 0B, undo waste: 0B, 
[2025-05-12T23:25:32.423+0300][1042.403s][36520] GC(24715) Young other allocation: region end waste: 0B, regions filled: 0, num plab filled: 2, direct allocated: 0B, num direct allocated: 0, failure used: 0B, failure wasted: 0B
[2025-05-12T23:25:32.423+0300][1042.403s][36520] GC(24715) Young sizing: calculated: 0B, actual: 2064B
[2025-05-12T23:25:32.424+0300][1042.403s][36520] GC(24715) Old PLAB allocation: allocated: 0B, wasted: 0B, unused: 0B, used: 0B, undo waste: 0B, 
[2025-05-12T23:25:32.424+0300][1042.403s][36520] GC(24715) Old other allocation: region end waste: 0B, regions filled: 0, num plab filled: 2, direct allocated: 0B, num direct allocated: 0, failure used: 221112B, failure wasted: 827464B
[2025-05-12T23:25:32.424+0300][1042.403s][36520] GC(24715) Old sizing: calculated: 0B, actual: 2064B
[2025-05-12T23:25:32.424+0300][1042.403s][36520] GC(24715) Heap expansion: short term pause time ratio 39.41% long term pause time ratio 41.80% threshold 7.69% pause time ratio 7.69% fully expanded true resize by 0B
[2025-05-12T23:25:32.424+0300][1042.403s][9340 ] G1 Service Thread (Card Set Free Memory Task) (run 0.010ms after schedule)
[2025-05-12T23:25:32.424+0300][1042.403s][36520] GC(24715) MMU: 5.9ms (200.0ms/201.0ms)
[2025-05-12T23:25:32.424+0300][1042.403s][36520] Old generation allocation in the last mutator period, old gen allocated: 1048576B, humongous allocated: 0B, old gen growth: 1048576B.
[2025-05-12T23:25:32.424+0300][1042.403s][36520] GC(24715) Basic information (value update), threshold: 3548715B (28.20), target occupancy: 12582912B, current occupancy: 12484656B, recent allocation size: 1048576B, recent allocation duration: 16.22ms, recent old gen allocation rate: 64638733.58B/s, recent marking phase length: 120.12ms
[2025-05-12T23:25:32.424+0300][1042.403s][36520] GC(24715) Adaptive IHOP information (value update), threshold: 3548715B (33.18), internal target occupancy: 10695475B, occupancy: 12484656B, additional buffer size: 1048576B, predicted old gen allocation rate: 50530659.79B/s, predicted marking phase length: 120.68ms, prediction active: true
[2025-05-12T23:25:32.424+0300][1042.403s][36520] GC(24715) GC refinement: goal: 18446744073709551615 + 102 / 20.00ms, actual: 90 / 0.04ms, 
[2025-05-12T23:25:32.424+0300][1042.403s][36520] GC(24715) Unchanged pending cards target: 18446744073709551615
[2025-05-12T23:25:32.424+0300][1042.403s][36520] GC(24715)   Pre Evacuate Collection Set: 0.1ms
[2025-05-12T23:25:32.424+0300][1042.403s][36520] GC(24715)     Pre Evacuate Prepare: 0.0ms
[2025-05-12T23:25:32.424+0300][1042.403s][36520] GC(24715)       JT Retire TLABs And Flush Logs (ms): Min:  0.0, Avg:  0.0, Max:  0.0, Diff:  0.0, Sum:  0.0, Workers: 2
[2025-05-12T23:25:32.424+0300][1042.403s][36520] GC(24715)       Non-JT Flush Logs (ms):        Min:  0.0, Avg:  0.0, Max:  0.0, Diff:  0.0, Sum:  0.0, Workers: 1
[2025-05-12T23:25:32.424+0300][1042.403s][36520] GC(24715)     Choose Collection Set: 0.0ms
[2025-05-12T23:25:32.424+0300][1042.403s][36520] GC(24715)     Region Register: 0.0ms
[2025-05-12T23:25:32.424+0300][1042.403s][36520] GC(24715)     Prepare Heap Roots: 0.0ms
[2025-05-12T23:25:32.424+0300][1042.403s][36520] GC(24715)     Reset Marking State (ms):      Min:  0.0, Avg:  0.0, Max:  0.0, Diff:  0.0, Sum:  0.0, Workers: 1
[2025-05-12T23:25:32.424+0300][1042.403s][36520] GC(24715)     Note Start Of Mark (ms):       Min:  0.0, Avg:  0.0, Max:  0.0, Diff:  0.0, Sum:  0.0, Workers: 2
[2025-05-12T23:25:32.424+0300][1042.403s][36520] GC(24715)   Merge Heap Roots: 0.1ms
[2025-05-12T23:25:32.424+0300][1042.403s][36520] GC(24715)     Prepare Merge Heap Roots: 0.0ms
[2025-05-12T23:25:32.424+0300][1042.403s][36520] GC(24715)     Remembered Sets (ms):          Min:  0.0, Avg:  0.0, Max:  0.0, Diff:  0.0, Sum:  0.0, Workers: 2
[2025-05-12T23:25:32.424+0300][1042.403s][36520] GC(24715)       Eager Reclaim (ms):            skipped
[2025-05-12T23:25:32.424+0300][1042.403s][36520] GC(24715)       Merged Inline                  Min: 0, Avg:  0.0, Max: 0, Diff: 0, Sum: 0, Workers: 2
[2025-05-12T23:25:32.424+0300][1042.403s][36520] GC(24715)       Merged ArrayOfCards            Min: 0, Avg:  0.0, Max: 0, Diff: 0, Sum: 0, Workers: 2
[2025-05-12T23:25:32.424+0300][1042.403s][36520] GC(24715)       Merged Howl                    Min: 0, Avg:  0.0, Max: 0, Diff: 0, Sum: 0, Workers: 2
[2025-05-12T23:25:32.424+0300][1042.403s][36520] GC(24715)       Merged Full                    Min: 0, Avg:  0.0, Max: 0, Diff: 0, Sum: 0, Workers: 2
[2025-05-12T23:25:32.424+0300][1042.403s][36520] GC(24715)       Merged Howl Inline             Min: 0, Avg:  0.0, Max: 0, Diff: 0, Sum: 0, Workers: 2
[2025-05-12T23:25:32.424+0300][1042.403s][36520] GC(24715)       Merged Howl ArrayOfCards       Min: 0, Avg:  0.0, Max: 0, Diff: 0, Sum: 0, Workers: 2
[2025-05-12T23:25:32.424+0300][1042.403s][36520] GC(24715)       Merged Howl BitMap             Min: 0, Avg:  0.0, Max: 0, Diff: 0, Sum: 0, Workers: 2
[2025-05-12T23:25:32.424+0300][1042.403s][36520] GC(24715)       Merged Howl Full               Min: 0, Avg:  0.0, Max: 0, Diff: 0, Sum: 0, Workers: 2
[2025-05-12T23:25:32.424+0300][1042.403s][36520] GC(24715)       Merged Cards                   Min: 8, Avg:  8.0, Max: 8, Diff: 0, Sum: 16, Workers: 2
[2025-05-12T23:25:32.424+0300][1042.403s][36520] GC(24715)     Log Buffers (ms):              Min:  0.0, Avg:  0.0, Max:  0.0, Diff:  0.0, Sum:  0.0, Workers: 2
[2025-05-12T23:25:32.424+0300][1042.403s][36520] GC(24715)       Dirty Cards:                   Min: 0, Avg: 45.0, Max: 90, Diff: 90, Sum: 90, Workers: 2
[2025-05-12T23:25:32.424+0300][1042.403s][36520] GC(24715)       Skipped Cards:                 Min: 0, Avg:  0.0, Max: 0, Diff: 0, Sum: 0, Workers: 2
[2025-05-12T23:25:32.424+0300][1042.403s][36520] GC(24715)   Evacuate Collection Set: 0.4ms
[2025-05-12T23:25:32.424+0300][1042.403s][36520] GC(24715)     Ext Root Scanning (ms):        Min:  0.2, Avg:  0.2, Max:  0.2, Diff:  0.0, Sum:  0.3, Workers: 2
[2025-05-12T23:25:32.424+0300][1042.403s][36520] GC(24715)     Scan Heap Roots (ms):          Min:  0.0, Avg:  0.0, Max:  0.0, Diff:  0.0, Sum:  0.1, Workers: 2
[2025-05-12T23:25:32.424+0300][1042.403s][36520] GC(24715)       Scanned Cards:                 Min: 35, Avg: 45.0, Max: 55, Diff: 20, Sum: 90, Workers: 2
[2025-05-12T23:25:32.424+0300][1042.403s][36520] GC(24715)       Scanned Blocks:                Min: 22, Avg: 29.5, Max: 37, Diff: 15, Sum: 59, Workers: 2
[2025-05-12T23:25:32.424+0300][1042.404s][36520] GC(24715)       Claimed Chunks:                Min: 13, Avg: 15.5, Max: 18, Diff: 5, Sum: 31, Workers: 2
[2025-05-12T23:25:32.424+0300][1042.404s][36520] GC(24715)       Found Roots:                   Min: 53, Avg: 58.0, Max: 63, Diff: 10, Sum: 116, Workers: 2
[2025-05-12T23:25:32.424+0300][1042.404s][36520] GC(24715)     Code Root Scan (ms):           Min:  0.0, Avg:  0.0, Max:  0.0, Diff:  0.0, Sum:  0.0, Workers: 2
[2025-05-12T23:25:32.424+0300][1042.404s][36520] GC(24715)     Object Copy (ms):              Min:  0.2, Avg:  0.2, Max:  0.2, Diff:  0.0, Sum:  0.4, Workers: 2
[2025-05-12T23:25:32.424+0300][1042.404s][36520] GC(24715)     Termination (ms):              Min:  0.0, Avg:  0.0, Max:  0.0, Diff:  0.0, Sum:  0.0, Workers: 2
[2025-05-12T23:25:32.424+0300][1042.404s][36520] GC(24715)       Termination Attempts:          Min: 1, Avg:  1.0, Max: 1, Diff: 0, Sum: 2, Workers: 2
[2025-05-12T23:25:32.424+0300][1042.404s][36520] GC(24715)     GC Worker Other (ms):          Min:  0.0, Avg:  0.0, Max:  0.0, Diff:  0.0, Sum:  0.0, Workers: 2
[2025-05-12T23:25:32.424+0300][1042.404s][36520] GC(24715)     GC Worker Total (ms):          Min:  0.4, Avg:  0.4, Max:  0.4, Diff:  0.0, Sum:  0.8, Workers: 2
[2025-05-12T23:25:32.424+0300][1042.404s][36520] GC(24715)   Post Evacuate Collection Set: 0.4ms
[2025-05-12T23:25:32.424+0300][1042.404s][36520] GC(24715)     NMethod List Cleanup: 0.0ms
[2025-05-12T23:25:32.424+0300][1042.404s][36520] GC(24715)     Reference Processing: 0.0ms
[2025-05-12T23:25:32.424+0300][1042.404s][36520] GC(24715)       Notify Soft/WeakReferences: 0.0ms
[2025-05-12T23:25:32.424+0300][1042.404s][36520] GC(24715)         SoftRef (ms):                  Min:  0.0, Avg:  0.0, Max:  0.0, Diff:  0.0, Sum:  0.0, Workers: 1
[2025-05-12T23:25:32.424+0300][1042.404s][36520] GC(24715)         WeakRef (ms):                  Min:  0.0, Avg:  0.0, Max:  0.0, Diff:  0.0, Sum:  0.0, Workers: 1
[2025-05-12T23:25:32.424+0300][1042.404s][36520] GC(24715)         FinalRef (ms):                 Min:  0.0, Avg:  0.0, Max:  0.0, Diff:  0.0, Sum:  0.0, Workers: 1
[2025-05-12T23:25:32.424+0300][1042.404s][36520] GC(24715)         Total (ms):                    Min:  0.0, Avg:  0.0, Max:  0.0, Diff:  0.0, Sum:  0.0, Workers: 1
[2025-05-12T23:25:32.424+0300][1042.404s][36520] GC(24715)       Notify and keep alive finalizable: 0.0ms
[2025-05-12T23:25:32.424+0300][1042.404s][36520] GC(24715)         FinalRef (ms):                 skipped
[2025-05-12T23:25:32.424+0300][1042.404s][36520] GC(24715)       Notify PhantomReferences: 0.0ms
[2025-05-12T23:25:32.424+0300][1042.404s][36520] GC(24715)         PhantomRef (ms):               skipped
[2025-05-12T23:25:32.424+0300][1042.404s][36520] GC(24715)       SoftReference Discovered: 0, Dropped: 0, Processed: 0
[2025-05-12T23:25:32.424+0300][1042.404s][36520] GC(24715)       WeakReference Discovered: 36, Dropped: 13, Processed: 23
[2025-05-12T23:25:32.424+0300][1042.404s][36520] GC(24715)       FinalReference Discovered: 0, Dropped: 0, Processed: 0
[2025-05-12T23:25:32.424+0300][1042.404s][36520] GC(24715)       PhantomReference Discovered: 0, Dropped: 0, Processed: 0
[2025-05-12T23:25:32.424+0300][1042.404s][36520] GC(24715)     Weak Processing: 0.1ms
[2025-05-12T23:25:32.424+0300][1042.404s][36520] GC(24715)       VM Weak                        Min:  0.0, Avg:  0.0, Max:  0.0, Diff:  0.0, Sum:  0.0, Workers: 10
[2025-05-12T23:25:32.424+0300][1042.404s][36520] GC(24715)         Dead                           Min: 0, Avg:  0.0, Max: 0, Diff: 0, Sum: 0, Workers: 10
[2025-05-12T23:25:32.424+0300][1042.404s][36520] GC(24715)         Total                          Min: 0, Avg:  6.6, Max: 40, Diff: 40, Sum: 66, Workers: 10
[2025-05-12T23:25:32.424+0300][1042.404s][36520] GC(24715)       ObjectSynchronizer Weak        Min:  0.0, Avg:  0.0, Max:  0.0, Diff:  0.0, Sum:  0.0, Workers: 10
[2025-05-12T23:25:32.424+0300][1042.404s][36520] GC(24715)         Dead                           Min: 0, Avg:  0.0, Max: 0, Diff: 0, Sum: 0, Workers: 10
[2025-05-12T23:25:32.424+0300][1042.404s][36520] GC(24715)         Total                          Min: 0, Avg:  0.1, Max: 1, Diff: 1, Sum: 1, Workers: 10
[2025-05-12T23:25:32.424+0300][1042.404s][36520] GC(24715)       JVMTI Tag Weak OopStorage      Min:  0.1, Avg:  0.1, Max:  0.1, Diff:  0.0, Sum:  0.6, Workers: 10
[2025-05-12T23:25:32.424+0300][1042.404s][36520] GC(24715)         Dead                           Min: 0, Avg:  0.0, Max: 0, Diff: 0, Sum: 0, Workers: 10
[2025-05-12T23:25:32.424+0300][1042.404s][36520] GC(24715)         Total                          Min: 5317, Avg: 6289.8, Max: 8371, Diff: 3054, Sum: 62898, Workers: 10
[2025-05-12T23:25:32.424+0300][1042.404s][36520] GC(24715)       StringTable Weak               Min:  0.0, Avg:  0.0, Max:  0.0, Diff:  0.0, Sum:  0.2, Workers: 10
[2025-05-12T23:25:32.424+0300][1042.404s][36520] GC(24715)         Dead                           Min: 0, Avg:  0.0, Max: 0, Diff: 0, Sum: 0, Workers: 10
[2025-05-12T23:25:32.424+0300][1042.404s][36520] GC(24715)         Total                          Min: 3520, Avg: 3952.9, Max: 4992, Diff: 1472, Sum: 39529, Workers: 10
[2025-05-12T23:25:32.424+0300][1042.404s][36520] GC(24715)       ResolvedMethodTable Weak       Min:  0.0, Avg:  0.0, Max:  0.0, Diff:  0.0, Sum:  0.0, Workers: 10
[2025-05-12T23:25:32.424+0300][1042.404s][36520] GC(24715)         Dead                           Min: 0, Avg:  0.0, Max: 0, Diff: 0, Sum: 0, Workers: 10
[2025-05-12T23:25:32.424+0300][1042.404s][36520] GC(24715)         Total                          Min: 0, Avg: 39.8, Max: 122, Diff: 122, Sum: 398, Workers: 10
[2025-05-12T23:25:32.424+0300][1042.404s][36520] GC(24715)       JNI Weak                       Min:  0.0, Avg:  0.0, Max:  0.0, Diff:  0.0, Sum:  0.0, Workers: 10
[2025-05-12T23:25:32.424+0300][1042.404s][36520] GC(24715)         Dead                           Min: 0, Avg:  0.0, Max: 0, Diff: 0, Sum: 0, Workers: 10
[2025-05-12T23:25:32.424+0300][1042.404s][36520] GC(24715)         Total                          Min: 0, Avg:  1.1, Max: 11, Diff: 11, Sum: 11, Workers: 10
[2025-05-12T23:25:32.424+0300][1042.404s][36520] GC(24715)       StringDedup Table Weak         Min:  0.0, Avg:  0.0, Max:  0.0, Diff:  0.0, Sum:  0.0, Workers: 10
[2025-05-12T23:25:32.424+0300][1042.404s][36520] GC(24715)         Dead                           Min: 0, Avg:  0.0, Max: 0, Diff: 0, Sum: 0, Workers: 10
[2025-05-12T23:25:32.424+0300][1042.404s][36520] GC(24715)         Total                          Min: 0, Avg:  0.0, Max: 0, Diff: 0, Sum: 0, Workers: 10
[2025-05-12T23:25:32.424+0300][1042.404s][36520] GC(24715)       StringDedup Requests0 Weak     Min:  0.0, Avg:  0.0, Max:  0.0, Diff:  0.0, Sum:  0.0, Workers: 10
[2025-05-12T23:25:32.424+0300][1042.404s][36520] GC(24715)         Dead                           Min: 0, Avg:  0.0, Max: 0, Diff: 0, Sum: 0, Workers: 10
[2025-05-12T23:25:32.424+0300][1042.404s][36520] GC(24715)         Total                          Min: 0, Avg:  0.0, Max: 0, Diff: 0, Sum: 0, Workers: 10
[2025-05-12T23:25:32.424+0300][1042.404s][36520] GC(24715)       StringDedup Requests1 Weak     Min:  0.0, Avg:  0.0, Max:  0.0, Diff:  0.0, Sum:  0.0, Workers: 10
[2025-05-12T23:25:32.424+0300][1042.404s][36520] GC(24715)         Dead                           Min: 0, Avg:  0.0, Max: 0, Diff: 0, Sum: 0, Workers: 10
[2025-05-12T23:25:32.424+0300][1042.404s][36520] GC(24715)         Total                          Min: 0, Avg:  0.0, Max: 0, Diff: 0, Sum: 0, Workers: 10
[2025-05-12T23:25:32.425+0300][1042.404s][36520] GC(24715)       Weak JFR Old Object Samples    Min:  0.0, Avg:  0.0, Max:  0.0, Diff:  0.0, Sum:  0.0, Workers: 10
[2025-05-12T23:25:32.425+0300][1042.404s][36520] GC(24715)         Dead                           Min: 0, Avg:  0.0, Max: 0, Diff: 0, Sum: 0, Workers: 10
[2025-05-12T23:25:32.425+0300][1042.404s][36520] GC(24715)         Total                          Min: 0, Avg:  0.0, Max: 0, Diff: 0, Sum: 0, Workers: 10
[2025-05-12T23:25:32.425+0300][1042.404s][36520] GC(24715)     Post Evacuate Cleanup 1: 0.1ms
[2025-05-12T23:25:32.425+0300][1042.404s][36520] GC(24715)       Merge Per-Thread State (ms):   Min:  0.0, Avg:  0.0, Max:  0.0, Diff:  0.0, Sum:  0.0, Workers: 1
[2025-05-12T23:25:32.425+0300][1042.404s][36520] GC(24715)         Copied Bytes                   Min: 0, Avg:  0.0, Max: 0, Diff: 0, Sum: 0, Workers: 2
[2025-05-12T23:25:32.425+0300][1042.404s][36520] GC(24715)         LAB Waste                      Min: 0, Avg:  0.0, Max: 0, Diff: 0, Sum: 0, Workers: 2
[2025-05-12T23:25:32.425+0300][1042.404s][36520] GC(24715)         LAB Undo Waste                 Min: 0, Avg:  0.0, Max: 0, Diff: 0, Sum: 0, Workers: 2
[2025-05-12T23:25:32.425+0300][1042.404s][36520] GC(24715)       Clear Logged Cards (ms):       Min:  0.0, Avg:  0.0, Max:  0.0, Diff:  0.0, Sum:  0.0, Workers: 2
[2025-05-12T23:25:32.425+0300][1042.404s][36520] GC(24715)       Recalculate Used Memory (ms):  Min:  0.0, Avg:  0.0, Max:  0.0, Diff:  0.0, Sum:  0.0, Workers: 1
[2025-05-12T23:25:32.425+0300][1042.404s][36520] GC(24715)       Restore Retained Regions (ms): Min:  0.1, Avg:  0.1, Max:  0.1, Diff:  0.0, Sum:  0.1, Workers: 2
[2025-05-12T23:25:32.425+0300][1042.404s][36520] GC(24715)         Evacuation Failure Regions:    Min: 1, Avg:  1.0, Max: 1, Diff: 0, Sum: 1, Workers: 1
[2025-05-12T23:25:32.425+0300][1042.404s][36520] GC(24715)         Remove Self Forwards (ms):     Min:  0.1, Avg:  0.1, Max:  0.1, Diff:  0.0, Sum:  0.1, Workers: 2
[2025-05-12T23:25:32.425+0300][1042.404s][36520] GC(24715)           Forward Chunks:                Min: 28, Avg: 28.5, Max: 29, Diff: 1, Sum: 57, Workers: 2
[2025-05-12T23:25:32.425+0300][1042.404s][36520] GC(24715)           Empty Forward Chunks:          Min: 2, Avg:  3.5, Max: 5, Diff: 3, Sum: 7, Workers: 2
[2025-05-12T23:25:32.425+0300][1042.404s][36520] GC(24715)           Forward Objects:               Min: 2129, Avg: 2131.0, Max: 2133, Diff: 4, Sum: 4262, Workers: 2
[2025-05-12T23:25:32.425+0300][1042.404s][36520] GC(24715)           Forward Bytes:                 Min: 99656, Avg: 110556.0, Max: 121456, Diff: 21800, Sum: 221112, Workers: 2
[2025-05-12T23:25:32.425+0300][1042.404s][36520] GC(24715)     Post Evacuate Cleanup 2: 0.0ms
[2025-05-12T23:25:32.425+0300][1042.404s][36520] GC(24715)       Recalculate Used Memory (ms):  Min:  0.0, Avg:  0.0, Max:  0.0, Diff:  0.0, Sum:  0.0, Workers: 1
[2025-05-12T23:25:32.425+0300][1042.404s][36520] GC(24715)       Restore Preserved Marks (ms):  Min:  0.0, Avg:  0.0, Max:  0.0, Diff:  0.0, Sum:  0.0, Workers: 2
[2025-05-12T23:25:32.425+0300][1042.404s][36520] GC(24715)       Clear Retained Region Bitmaps (ms): skipped
[2025-05-12T23:25:32.425+0300][1042.404s][36520] GC(24715)       Update Derived Pointers (ms):  Min:  0.0, Avg:  0.0, Max:  0.0, Diff:  0.0, Sum:  0.0, Workers: 1
[2025-05-12T23:25:32.425+0300][1042.404s][36520] GC(24715)       Eagerly Reclaim Humongous Objects (ms): skipped
[2025-05-12T23:25:32.425+0300][1042.404s][36520] GC(24715)         Humongous Total                skipped
[2025-05-12T23:25:32.425+0300][1042.404s][36520] GC(24715)         Humongous Candidates           skipped
[2025-05-12T23:25:32.425+0300][1042.404s][36520] GC(24715)         Humongous Reclaimed            skipped
[2025-05-12T23:25:32.425+0300][1042.404s][36520] GC(24715)       Redirty Logged Cards (ms):     Min:  0.0, Avg:  0.0, Max:  0.0, Diff:  0.0, Sum:  0.0, Workers: 2
[2025-05-12T23:25:32.425+0300][1042.404s][36520] GC(24715)         Redirtied Cards:               Min: 0, Avg:  0.0, Max: 0, Diff: 0, Sum: 0, Workers: 2
[2025-05-12T23:25:32.425+0300][1042.404s][36520] GC(24715)       Resize TLABs (ms):             Min:  0.0, Avg:  0.0, Max:  0.0, Diff:  0.0, Sum:  0.0, Workers: 2
[2025-05-12T23:25:32.425+0300][1042.404s][36520] GC(24715)       Free Collection Set (ms):      Min:  0.0, Avg:  0.0, Max:  0.0, Diff:  0.0, Sum:  0.0, Workers: 2
[2025-05-12T23:25:32.425+0300][1042.404s][36520] GC(24715)     Rebuild Free List: 0.0ms
[2025-05-12T23:25:32.425+0300][1042.404s][36520] GC(24715)     Prepare For Mutator: 0.1ms
[2025-05-12T23:25:32.425+0300][1042.404s][36520] GC(24715)     Expand Heap After Collection: 0.0ms
[2025-05-12T23:25:32.425+0300][1042.404s][36520] GC(24715)   Other: 0.2ms
[2025-05-12T23:25:32.425+0300][1042.404s][36520] GC(24715) Coarsening (recent): Inline->AoC 0 (0) AoC->Howl 0 (0) Howl->Full 0 (0) Inline->AoC 0 (0) AoC->BitMap 0 (0) BitMap->Full 0 (0) 
[2025-05-12T23:25:32.425+0300][1042.404s][36520] GC(24715) Coarsening (all): Inline->AoC 10920 (0) AoC->Howl 7731 (0) Howl->Full 0 (0) Inline->AoC 10809 (0) AoC->BitMap 7399 (0) BitMap->Full 0 (0) 
[2025-05-12T23:25:32.425+0300][1042.404s][36520] GC(24715) Eden regions: 1->0(0)
[2025-05-12T23:25:32.425+0300][1042.404s][36520] GC(24715) Survivor regions: 0->0(0)
[2025-05-12T23:25:32.425+0300][1042.404s][36520] GC(24715) Old regions: 11->12
[2025-05-12T23:25:32.425+0300][1042.404s][36520] GC(24715) Humongous regions: 0->0
[2025-05-12T23:25:32.425+0300][1042.404s][36520] GC(24715) Metaspace: 10757K(12736K)->10757K(12736K) NonClass: 9682K(11328K)->9682K(11328K) Class: 1075K(1408K)->1075K(1408K)
[2025-05-12T23:25:32.425+0300][1042.404s][36520] GC(24715) Heap after GC invocations=21178 (full 7095):
[2025-05-12T23:25:32.425+0300][1042.404s][36520] GC(24715)  garbage-first heap   total 12288K, used 12192K [0x00000000ff400000, 0x0000000100000000)
[2025-05-12T23:25:32.425+0300][1042.404s][36520] GC(24715)   region size 1024K, 0 young (0K), 0 survivors (0K)
[2025-05-12T23:25:32.425+0300][1042.404s][36520] GC(24715)  Metaspace       used 10757K, committed 12736K, reserved 1114112K
[2025-05-12T23:25:32.425+0300][1042.404s][36520] GC(24715)   class space    used 1075K, committed 1408K, reserved 1048576K
[2025-05-12T23:25:32.425+0300][1042.404s][36520] GC(24715) Pause Young (Concurrent Start) (G1 Evacuation Pause) (Evacuation Failure) 11M->11M(12M) 2.494ms
[2025-05-12T23:25:32.425+0300][1042.404s][36520] GC(24715) User=0.00s Sys=0.00s Real=0.00s
[2025-05-12T23:25:32.425+0300][1042.405s][36520] Attempt heap expansion (allocation request failed). Allocation request: 2048B
[2025-05-12T23:25:32.425+0300][1042.405s][34628] GC(24716) Concurrent Mark Cycle
[2025-05-12T23:25:32.425+0300][1042.405s][36520] Expand the heap. requested expansion amount: 1048576B expansion amount: 1048576B
[2025-05-12T23:25:32.425+0300][1042.405s][34628] GC(24716) Concurrent Scan Root Regions
[2025-05-12T23:25:32.425+0300][1042.405s][36520] Did not expand the heap (heap already fully expanded)
[2025-05-12T23:25:32.425+0300][1042.405s][34628] GC(24716) Concurrent Scan Root Regions 0.033ms
[2025-05-12T23:25:32.425+0300][1042.405s][36520] Attempting full compaction
[2025-05-12T23:25:32.425+0300][1042.405s][34628] GC(24716) Concurrent Mark
[2025-05-12T23:25:32.425+0300][1042.405s][36520] GC(24717) Pause Full (G1 Compaction Pause)
[2025-05-12T23:25:32.425+0300][1042.405s][34628] GC(24716) Concurrent Mark From Roots
[2025-05-12T23:25:32.425+0300][1042.405s][36520] GC(24717) Heap before GC invocations=21178 (full 7095):
[2025-05-12T23:25:32.425+0300][1042.405s][34628] GC(24716) Using 3 workers of 3 for marking
[2025-05-12T23:25:32.425+0300][1042.405s][36520] GC(24717)  garbage-first heap   total 12288K, used 12192K [0x00000000ff400000, 0x0000000100000000)
[2025-05-12T23:25:32.425+0300][1042.405s][36520] GC(24717)   region size 1024K, 0 young (0K), 0 survivors (0K)
[2025-05-12T23:25:32.425+0300][1042.405s][36520] GC(24717)  Metaspace       used 10757K, committed 12736K, reserved 1114112K
[2025-05-12T23:25:32.425+0300][1042.405s][36520] GC(24717)   class space    used 1075K, committed 1408K, reserved 1048576K
[2025-05-12T23:25:32.425+0300][1042.405s][36520] GC(24717) Requesting 1 active workers for full compaction (waste limited workers: 1, adaptive workers: 2, used limited workers: 12)
[2025-05-12T23:25:32.425+0300][1042.405s][36520] GC(24717) Using 1 workers of 10 for full compaction
[2025-05-12T23:25:32.425+0300][1042.405s][36520] GC(24717) Clear Bitmap
[2025-05-12T23:25:32.425+0300][1042.405s][36520] GC(24717) Running G1 Clear Bitmap with 1 workers for 1 work units.
[2025-05-12T23:25:32.425+0300][1042.405s][36520] GC(24717) Clear Bitmap 0.046ms
[2025-05-12T23:25:32.425+0300][1042.405s][36520] GC(24717) Mutator Allocation stats, regions: 0, wasted size: 0B ( 0.0%)
[2025-05-12T23:25:32.425+0300][1042.405s][36520] GC(24717) Phase 1: Mark live objects
[2025-05-12T23:25:32.434+0300][1042.413s][36520] GC(24717) Phase 1: Reference Processing
[2025-05-12T23:25:32.434+0300][1042.413s][36520] GC(24717) ReferenceProcessor::execute queues: 1, RefProcThreadModel::Single, marks_oops_alive: false
[2025-05-12T23:25:32.434+0300][1042.413s][36520] GC(24717) Skipped KeepAliveFinalRefsPhase of Reference Processing: no references
[2025-05-12T23:25:32.434+0300][1042.413s][36520] GC(24717) ReferenceProcessor::execute queues: 1, RefProcThreadModel::Single, marks_oops_alive: false
[2025-05-12T23:25:32.434+0300][1042.413s][36520] GC(24717) Reference Processing: 0.0ms
[2025-05-12T23:25:32.434+0300][1042.413s][36520] GC(24717)   Notify Soft/WeakReferences: 0.0ms
[2025-05-12T23:25:32.434+0300][1042.413s][36520] GC(24717)     SoftRef: 0.0ms
[2025-05-12T23:25:32.434+0300][1042.413s][36520] GC(24717)     WeakRef: 0.0ms
[2025-05-12T23:25:32.434+0300][1042.413s][36520] GC(24717)     FinalRef: 0.0ms
[2025-05-12T23:25:32.434+0300][1042.413s][36520] GC(24717)     Total: 0.0ms
[2025-05-12T23:25:32.434+0300][1042.413s][36520] GC(24717)   Notify and keep alive finalizable: 0.0ms
[2025-05-12T23:25:32.434+0300][1042.413s][36520] GC(24717)     FinalRef: skipped
[2025-05-12T23:25:32.434+0300][1042.413s][36520] GC(24717)   Notify PhantomReferences: 0.0ms
[2025-05-12T23:25:32.434+0300][1042.413s][36520] GC(24717)     PhantomRef: 0.0ms
[2025-05-12T23:25:32.434+0300][1042.413s][36520] GC(24717)   SoftReference Discovered: 47, Dropped: 4, Processed: 43
[2025-05-12T23:25:32.434+0300][1042.413s][36520] GC(24717)   WeakReference Discovered: 32, Dropped: 13, Processed: 19
[2025-05-12T23:25:32.434+0300][1042.413s][36520] GC(24717)   FinalReference Discovered: 0, Dropped: 0, Processed: 0
[2025-05-12T23:25:32.434+0300][1042.413s][36520] GC(24717)   PhantomReference Discovered: 23, Dropped: 23, Processed: 0
[2025-05-12T23:25:32.434+0300][1042.413s][36520] GC(24717) Phase 1: Reference Processing 0.216ms
[2025-05-12T23:25:32.434+0300][1042.413s][36520] GC(24717) Phase 1: Weak Processing
[2025-05-12T23:25:32.434+0300][1042.413s][36520] GC(24717)   VM Weak                        Min:  0.0, Avg:  0.0, Max:  0.0, Diff:  0.0, Sum:  0.0, Workers: 10
[2025-05-12T23:25:32.434+0300][1042.413s][36520] GC(24717)     Dead                           Min: 0, Avg:  1.8, Max: 18, Diff: 18, Sum: 18, Workers: 10
[2025-05-12T23:25:32.434+0300][1042.413s][36520] GC(24717)     Total                          Min: 0, Avg:  6.6, Max: 58, Diff: 58, Sum: 66, Workers: 10
[2025-05-12T23:25:32.434+0300][1042.413s][36520] GC(24717)   ObjectSynchronizer Weak        Min:  0.0, Avg:  0.0, Max:  0.0, Diff:  0.0, Sum:  0.0, Workers: 10
[2025-05-12T23:25:32.434+0300][1042.413s][36520] GC(24717)     Dead                           Min: 0, Avg:  0.0, Max: 0, Diff: 0, Sum: 0, Workers: 10
[2025-05-12T23:25:32.434+0300][1042.413s][36520] GC(24717)     Total                          Min: 0, Avg:  0.1, Max: 1, Diff: 1, Sum: 1, Workers: 10
[2025-05-12T23:25:32.434+0300][1042.413s][36520] GC(24717)   JVMTI Tag Weak OopStorage      Min:  0.0, Avg:  0.1, Max:  0.1, Diff:  0.0, Sum:  0.5, Workers: 10
[2025-05-12T23:25:32.434+0300][1042.413s][36520] GC(24717)     Dead                           Min: 0, Avg:  1.8, Max: 18, Diff: 18, Sum: 18, Workers: 10
[2025-05-12T23:25:32.434+0300][1042.413s][36520] GC(24717)     Total                          Min: 3199, Avg: 6289.8, Max: 7456, Diff: 4257, Sum: 62898, Workers: 10
[2025-05-12T23:25:32.434+0300][1042.413s][36520] GC(24717)   StringTable Weak               Min:  0.0, Avg:  0.0, Max:  0.0, Diff:  0.0, Sum:  0.2, Workers: 10
[2025-05-12T23:25:32.434+0300][1042.413s][36520] GC(24717)     Dead                           Min: 1, Avg:  6.8, Max: 20, Diff: 19, Sum: 68, Workers: 10
[2025-05-12T23:25:32.434+0300][1042.413s][36520] GC(24717)     Total                          Min: 3584, Avg: 3952.9, Max: 4224, Diff: 640, Sum: 39529, Workers: 10
[2025-05-12T23:25:32.434+0300][1042.413s][36520] GC(24717)   ResolvedMethodTable Weak       Min:  0.0, Avg:  0.0, Max:  0.0, Diff:  0.0, Sum:  0.0, Workers: 10
[2025-05-12T23:25:32.434+0300][1042.413s][36520] GC(24717)     Dead                           Min: 0, Avg:  3.5, Max: 18, Diff: 18, Sum: 35, Workers: 10
[2025-05-12T23:25:32.434+0300][1042.413s][36520] GC(24717)     Total                          Min: 2, Avg: 39.8, Max: 122, Diff: 120, Sum: 398, Workers: 10
[2025-05-12T23:25:32.434+0300][1042.413s][36520] GC(24717)   JNI Weak                       Min:  0.0, Avg:  0.0, Max:  0.0, Diff:  0.0, Sum:  0.0, Workers: 10
[2025-05-12T23:25:32.434+0300][1042.413s][36520] GC(24717)     Dead                           Min: 0, Avg:  0.0, Max: 0, Diff: 0, Sum: 0, Workers: 10
[2025-05-12T23:25:32.434+0300][1042.413s][36520] GC(24717)     Total                          Min: 0, Avg:  1.1, Max: 11, Diff: 11, Sum: 11, Workers: 10
[2025-05-12T23:25:32.434+0300][1042.413s][36520] GC(24717)   StringDedup Table Weak         Min:  0.0, Avg:  0.0, Max:  0.0, Diff:  0.0, Sum:  0.0, Workers: 10
[2025-05-12T23:25:32.434+0300][1042.413s][36520] GC(24717)     Dead                           Min: 0, Avg:  0.0, Max: 0, Diff: 0, Sum: 0, Workers: 10
[2025-05-12T23:25:32.434+0300][1042.413s][36520] GC(24717)     Total                          Min: 0, Avg:  0.0, Max: 0, Diff: 0, Sum: 0, Workers: 10
[2025-05-12T23:25:32.434+0300][1042.413s][36520] GC(24717)   StringDedup Requests0 Weak     Min:  0.0, Avg:  0.0, Max:  0.0, Diff:  0.0, Sum:  0.0, Workers: 10
[2025-05-12T23:25:32.434+0300][1042.413s][36520] GC(24717)     Dead                           Min: 0, Avg:  0.0, Max: 0, Diff: 0, Sum: 0, Workers: 10
[2025-05-12T23:25:32.434+0300][1042.413s][36520] GC(24717)     Total                          Min: 0, Avg:  0.0, Max: 0, Diff: 0, Sum: 0, Workers: 10
[2025-05-12T23:25:32.434+0300][1042.413s][36520] GC(24717)   StringDedup Requests1 Weak     Min:  0.0, Avg:  0.0, Max:  0.0, Diff:  0.0, Sum:  0.0, Workers: 10
[2025-05-12T23:25:32.434+0300][1042.413s][36520] GC(24717)     Dead                           Min: 0, Avg:  0.0, Max: 0, Diff: 0, Sum: 0, Workers: 10
[2025-05-12T23:25:32.434+0300][1042.413s][36520] GC(24717)     Total                          Min: 0, Avg:  0.0, Max: 0, Diff: 0, Sum: 0, Workers: 10
[2025-05-12T23:25:32.434+0300][1042.413s][36520] GC(24717)   Weak JFR Old Object Samples    Min:  0.0, Avg:  0.0, Max:  0.0, Diff:  0.0, Sum:  0.0, Workers: 10
[2025-05-12T23:25:32.434+0300][1042.413s][36520] GC(24717)     Dead                           Min: 0, Avg:  0.0, Max: 0, Diff: 0, Sum: 0, Workers: 10
[2025-05-12T23:25:32.434+0300][1042.413s][36520] GC(24717)     Total                          Min: 0, Avg:  0.0, Max: 0, Diff: 0, Sum: 0, Workers: 10
[2025-05-12T23:25:32.434+0300][1042.413s][36520] GC(24717) Phase 1: Weak Processing 0.446ms
[2025-05-12T23:25:32.434+0300][1042.413s][36520] GC(24717) Phase 1: Class Unloading and Cleanup
[2025-05-12T23:25:32.434+0300][1042.413s][36520] GC(24717) ClassLoaderData
[2025-05-12T23:25:32.434+0300][1042.414s][36520] GC(24717) ClassLoaderData 0.068ms
[2025-05-12T23:25:32.435+0300][1042.414s][36520] GC(24717) Trigger cleanups
[2025-05-12T23:25:32.435+0300][1042.414s][36520] GC(24717) Trigger cleanups 0.009ms
[2025-05-12T23:25:32.438+0300][1042.417s][36520] GC(24717) Phase 1: Class Unloading and Cleanup 3.882ms
[2025-05-12T23:25:32.438+0300][1042.417s][36520] GC(24717) Report Object Count
[2025-05-12T23:25:32.438+0300][1042.417s][36520] GC(24717) Report Object Count 0.013ms
[2025-05-12T23:25:32.438+0300][1042.417s][36520] GC(24717) Phase 1: Mark live objects 12.511ms
[2025-05-12T23:25:32.438+0300][1042.417s][36520] GC(24717) Phase 2: Prepare compaction
[2025-05-12T23:25:32.438+0300][1042.417s][36520] GC(24717) Phase 2: Determine work lists
[2025-05-12T23:25:32.438+0300][1042.417s][36520] GC(24717) Phase 2: Determine work lists 0.011ms
[2025-05-12T23:25:32.438+0300][1042.417s][36520] GC(24717) Phase 2: Prepare parallel compaction
[2025-05-12T23:25:32.439+0300][1042.418s][36520] GC(24717) Phase 2: Prepare parallel compaction 0.279ms
[2025-05-12T23:25:32.439+0300][1042.418s][36520] GC(24717) Phase 2: Prepare compaction 0.325ms
[2025-05-12T23:25:32.439+0300][1042.418s][36520] GC(24717) Phase 3: Adjust pointers
[2025-05-12T23:25:32.442+0300][1042.422s][36520] GC(24717) Phase 3: Adjust pointers 4.271ms
[2025-05-12T23:25:32.442+0300][1042.422s][36520] GC(24717) Phase 4: Compact heap
[2025-05-12T23:25:32.443+0300][1042.422s][36520] GC(24717) Phase 4: Compact heap 0.212ms
[2025-05-12T23:25:32.443+0300][1042.422s][36520] GC(24717) Phase 5: Reset Metadata
[2025-05-12T23:25:32.444+0300][1042.424s][36520] GC(24717) Phase 5: Reset Metadata 1.625ms
[2025-05-12T23:25:32.445+0300][1042.424s][36520] GC(24717) Running G1 Clear Bitmap with 1 workers for 1 work units.
[2025-05-12T23:25:32.446+0300][1042.426s][36520] Old generation allocation in the last mutator period, old gen allocated: 0B, humongous allocated: 0B, old gen growth: 0B.
[2025-05-12T23:25:32.446+0300][1042.426s][36520] GC(24717) Coarsening (recent): Inline->AoC 0 (0) AoC->Howl 0 (0) Howl->Full 0 (0) Inline->AoC 0 (0) AoC->BitMap 0 (0) BitMap->Full 0 (0) 
[2025-05-12T23:25:32.446+0300][1042.426s][36520] GC(24717) Coarsening (all): Inline->AoC 10920 (0) AoC->Howl 7731 (0) Howl->Full 0 (0) Inline->AoC 10809 (0) AoC->BitMap 7399 (0) BitMap->Full 0 (0) 
[2025-05-12T23:25:32.446+0300][1042.426s][36520] GC(24717) Eden regions: 0->0(1)
[2025-05-12T23:25:32.446+0300][1042.426s][36520] GC(24717) Survivor regions: 0->0(0)
[2025-05-12T23:25:32.446+0300][1042.426s][36520] GC(24717) Old regions: 12->11
[2025-05-12T23:25:32.446+0300][1042.426s][36520] GC(24717) Humongous regions: 0->0
[2025-05-12T23:25:32.446+0300][1042.426s][36520] GC(24717) Metaspace: 10757K(12736K)->10722K(12736K) NonClass: 9682K(11328K)->9656K(11328K) Class: 1075K(1408K)->1066K(1408K)
[2025-05-12T23:25:32.446+0300][1042.426s][36520] GC(24717) Heap after GC invocations=21179 (full 7096):
[2025-05-12T23:25:32.446+0300][1042.426s][36520] GC(24717)  garbage-first heap   total 12288K, used 11253K [0x00000000ff400000, 0x0000000100000000)
[2025-05-12T23:25:32.446+0300][1042.426s][36520] GC(24717)   region size 1024K, 0 young (0K), 0 survivors (0K)
[2025-05-12T23:25:32.446+0300][1042.426s][36520] GC(24717)  Metaspace       used 10722K, committed 12736K, reserved 1114112K
[2025-05-12T23:25:32.446+0300][1042.426s][36520] GC(24717)   class space    used 1066K, committed 1408K, reserved 1048576K
[2025-05-12T23:25:32.446+0300][1042.426s][36520] GC(24717) Pause Full (G1 Compaction Pause) 11M->10M(12M) 21.272ms
[2025-05-12T23:25:32.446+0300][1042.426s][36520] GC(24717) User=0.02s Sys=0.00s Real=0.02s
[2025-05-12T23:25:32.446+0300][1042.426s][9340 ] G1 Service Thread (Card Set Free Memory Task) (run: 22.933ms) (cpu: 0.000ms)
[2025-05-12T23:25:32.447+0300][1042.426s][34628] ---------------------------------------------------------------------
[2025-05-12T23:25:32.447+0300][1042.426s][34628] Marking Stats, task = 0, calls = 0
[2025-05-12T23:25:32.447+0300][1042.426s][34628]   Elapsed time = 0.00ms, Termination time = 0.00ms
[2025-05-12T23:25:32.447+0300][1042.426s][34628]   Step Times (cum): num = 5369, avg = 0.16ms, sd = 1.55ms max = 16.00ms, total = 833.00ms
[2025-05-12T23:25:32.447+0300][1042.426s][34628]   Mark Stats Cache: hits 2387 misses 0 ratio 100.000
[2025-05-12T23:25:32.447+0300][1042.426s][34628] ---------------------------------------------------------------------
[2025-05-12T23:25:32.447+0300][1042.426s][34628] Marking Stats, task = 1, calls = 0
[2025-05-12T23:25:32.447+0300][1042.426s][34628]   Elapsed time = 0.00ms, Termination time = 0.00ms
[2025-05-12T23:25:32.447+0300][1042.426s][34628]   Step Times (cum): num = 13793, avg = 0.02ms, sd = 0.58ms max = 16.00ms, total = 296.00ms
[2025-05-12T23:25:32.447+0300][1042.426s][34628]   Mark Stats Cache: hits 5091 misses 0 ratio 100.000
[2025-05-12T23:25:32.447+0300][1042.426s][34628] ---------------------------------------------------------------------
[2025-05-12T23:25:32.447+0300][1042.426s][34628] Marking Stats, task = 2, calls = 0
[2025-05-12T23:25:32.447+0300][1042.426s][34628]   Elapsed time = 0.00ms, Termination time = 0.00ms
[2025-05-12T23:25:32.447+0300][1042.426s][34628]   Step Times (cum): num = 13231, avg = 0.02ms, sd = 0.61ms max = 16.00ms, total = 313.00ms
[2025-05-12T23:25:32.447+0300][1042.426s][34628]   Mark Stats Cache: hits 0 misses 0 ratio 0.000
[2025-05-12T23:25:32.447+0300][1042.426s][34628] ---------------------------------------------------------------------
[2025-05-12T23:25:32.447+0300][1042.426s][34628] GC(24716) Concurrent Mark From Roots 21.535ms
[2025-05-12T23:25:32.447+0300][1042.426s][34628] GC(24716) Concurrent Mark Abort
[2025-05-12T23:25:32.447+0300][1042.426s][34628] GC(24716) Concurrent Mark Cycle 21.722ms
[2025-05-12T23:25:32.475+0300][1042.454s][36520] GC(24718) Pause Young (Normal) (G1 Evacuation Pause)
[2025-05-12T23:25:32.475+0300][1042.454s][36520] GC(24718) Heap before GC invocations=21179 (full 7096):
[2025-05-12T23:25:32.475+0300][1042.454s][36520] GC(24718)  garbage-first heap   total 12288K, used 12277K [0x00000000ff400000, 0x0000000100000000)
[2025-05-12T23:25:32.475+0300][1042.454s][36520] GC(24718)   region size 1024K, 1 young (1024K), 0 survivors (0K)
[2025-05-12T23:25:32.475+0300][1042.454s][36520] GC(24718)  Metaspace       used 10759K, committed 12736K, reserved 1114112K
[2025-05-12T23:25:32.475+0300][1042.454s][36520] GC(24718)   class space    used 1076K, committed 1408K, reserved 1048576K
[2025-05-12T23:25:32.475+0300][1042.454s][36520] GC(24718) Using 2 workers of 10 for evacuation
[2025-05-12T23:25:32.475+0300][1042.454s][36520] GC(24718) Desired survivor size 524288 bytes, new threshold 15 (max threshold 15)
[2025-05-12T23:25:32.475+0300][1042.454s][36520] GC(24718) TLAB totals: thrds: 1  refills: 317 max: 317 slow allocs: 151 max 151 waste: 22.1% gc: 0B max: 0B slow: 189512B max: 189512B
[2025-05-12T23:25:32.475+0300][1042.454s][36520] GC(24718) Mutator refinement: 0.00ms, refined: 0, precleaned: 0, dirtied: 102
[2025-05-12T23:25:32.475+0300][1042.454s][36520] GC(24718) Concurrent refinement: 0.00ms, refined: 0, precleaned: 0, dirtied: 0
[2025-05-12T23:25:32.475+0300][1042.454s][36520] GC(24718) Total refinement: 0.00ms, refined: 0, precleaned: 0, dirtied: 102
[2025-05-12T23:25:32.475+0300][1042.454s][36520] GC(24718) Generate dirty cards rate: 3.64 cards/ms
[2025-05-12T23:25:32.475+0300][1042.454s][36520] GC(24718) Mutator Allocation stats, regions: 1, wasted size: 0B ( 0.0%)
[2025-05-12T23:25:32.475+0300][1042.454s][36520] GC(24718) No candidates to reclaim.
[2025-05-12T23:25:32.475+0300][1042.454s][36520] GC(24718) Running G1 Merge Heap Roots using 2 workers for 1 regions
[2025-05-12T23:25:32.475+0300][1042.454s][36520] GC(24718) Visited cards 1152 Total dirty 12288 (9.38%) Total old 26624 (4.33%)
[2025-05-12T23:25:32.475+0300][1042.454s][28072] GC(24718) Attempt heap expansion (region allocation request failed). Allocation request: 2064B
[2025-05-12T23:25:32.475+0300][1042.454s][28072] GC(24718) Did not expand the heap (heap already fully expanded)
[2025-05-12T23:25:32.476+0300][1042.454s][36520] GC(24718) ReferenceProcessor::execute queues: 1, RefProcThreadModel::Single, marks_oops_alive: false
[2025-05-12T23:25:32.476+0300][1042.455s][36520] GC(24718) Skipped KeepAliveFinalRefsPhase of Reference Processing: no references
[2025-05-12T23:25:32.476+0300][1042.455s][36520] GC(24718) Skipped PhantomRefsPhase of Reference Processing: no references
[2025-05-12T23:25:32.476+0300][1042.455s][36520] GC(24718) Initializing removing self forwards with 64 chunks per region
[2025-05-12T23:25:32.476+0300][1042.455s][36520] GC(24718) Running G1 Rebuild Free List Task using 2 workers for rebuilding free list of regions
[2025-05-12T23:25:32.476+0300][1042.455s][36520] GC(24718) Young PLAB allocation: allocated: 0B, wasted: 0B, unused: 0B, used: 0B, undo waste: 0B, 
[2025-05-12T23:25:32.476+0300][1042.455s][36520] GC(24718) Young other allocation: region end waste: 0B, regions filled: 0, num plab filled: 2, direct allocated: 0B, num direct allocated: 0, failure used: 0B, failure wasted: 0B
[2025-05-12T23:25:32.476+0300][1042.455s][36520] GC(24718) Young sizing: calculated: 0B, actual: 2064B
[2025-05-12T23:25:32.476+0300][1042.455s][36520] GC(24718) Old PLAB allocation: allocated: 0B, wasted: 0B, unused: 0B, used: 0B, undo waste: 0B, 
[2025-05-12T23:25:32.476+0300][1042.455s][36520] GC(24718) Old other allocation: region end waste: 0B, regions filled: 0, num plab filled: 2, direct allocated: 0B, num direct allocated: 0, failure used: 186776B, failure wasted: 861800B
[2025-05-12T23:25:32.476+0300][1042.455s][36520] GC(24718) Old sizing: calculated: 0B, actual: 2064B
[2025-05-12T23:25:32.476+0300][1042.455s][36520] GC(24718) Heap expansion: short term pause time ratio 52.42% long term pause time ratio 42.88% threshold 7.69% pause time ratio 7.69% fully expanded true resize by 0B
[2025-05-12T23:25:32.476+0300][1042.455s][9340 ] G1 Service Thread (Card Set Free Memory Task) (run 0.009ms after schedule)
[2025-05-12T23:25:32.476+0300][1042.455s][36520] GC(24718) Request concurrent cycle initiation (occupancy higher than threshold) occupancy: 12582912B allocation request: 0B threshold: 3548715B (28.20) source: end of GC
[2025-05-12T23:25:32.476+0300][1042.455s][36520] GC(24718) MMU: 5.8ms (200.0ms/201.0ms)
[2025-05-12T23:25:32.476+0300][1042.455s][36520] Old generation allocation in the last mutator period, old gen allocated: 1048576B, humongous allocated: 0B, old gen growth: 1048576B.
[2025-05-12T23:25:32.476+0300][1042.455s][36520] GC(24718) Basic information (value update), threshold: 3603761B (28.64), target occupancy: 12582912B, current occupancy: 12572616B, recent allocation size: 1048576B, recent allocation duration: 28.02ms, recent old gen allocation rate: 37427755.57B/s, recent marking phase length: 120.12ms
[2025-05-12T23:25:32.476+0300][1042.455s][36520] GC(24718) Adaptive IHOP information (value update), threshold: 3603761B (33.69), internal target occupancy: 10695475B, occupancy: 12572616B, additional buffer size: 1048576B, predicted old gen allocation rate: 50074538.33B/s, predicted marking phase length: 120.68ms, prediction active: true
[2025-05-12T23:25:32.477+0300][1042.455s][36520] GC(24718) GC refinement: goal: 18446744073709551615 + 102 / 20.00ms, actual: 102 / 0.05ms, 
[2025-05-12T23:25:32.477+0300][1042.455s][36520] GC(24718) Unchanged pending cards target: 18446744073709551615
[2025-05-12T23:25:32.477+0300][1042.455s][36520] GC(24718)   Pre Evacuate Collection Set: 0.2ms
[2025-05-12T23:25:32.477+0300][1042.455s][36520] GC(24718)     Pre Evacuate Prepare: 0.1ms
[2025-05-12T23:25:32.477+0300][1042.455s][36520] GC(24718)       JT Retire TLABs And Flush Logs (ms): Min:  0.0, Avg:  0.0, Max:  0.0, Diff:  0.0, Sum:  0.0, Workers: 2
[2025-05-12T23:25:32.477+0300][1042.455s][36520] GC(24718)       Non-JT Flush Logs (ms):        Min:  0.0, Avg:  0.0, Max:  0.0, Diff:  0.0, Sum:  0.0, Workers: 1
[2025-05-12T23:25:32.477+0300][1042.455s][36520] GC(24718)     Choose Collection Set: 0.0ms
[2025-05-12T23:25:32.477+0300][1042.455s][36520] GC(24718)     Region Register: 0.1ms
[2025-05-12T23:25:32.477+0300][1042.455s][36520] GC(24718)     Prepare Heap Roots: 0.0ms
[2025-05-12T23:25:32.477+0300][1042.455s][36520] GC(24718)   Merge Heap Roots: 0.1ms
[2025-05-12T23:25:32.477+0300][1042.455s][36520] GC(24718)     Prepare Merge Heap Roots: 0.0ms
[2025-05-12T23:25:32.477+0300][1042.455s][36520] GC(24718)     Remembered Sets (ms):          Min:  0.0, Avg:  0.0, Max:  0.0, Diff:  0.0, Sum:  0.0, Workers: 2
[2025-05-12T23:25:32.477+0300][1042.455s][36520] GC(24718)       Eager Reclaim (ms):            skipped
[2025-05-12T23:25:32.477+0300][1042.455s][36520] GC(24718)       Merged Inline                  Min: 0, Avg:  0.0, Max: 0, Diff: 0, Sum: 0, Workers: 2
[2025-05-12T23:25:32.477+0300][1042.455s][36520] GC(24718)       Merged ArrayOfCards            Min: 0, Avg:  0.0, Max: 0, Diff: 0, Sum: 0, Workers: 2
[2025-05-12T23:25:32.477+0300][1042.455s][36520] GC(24718)       Merged Howl                    Min: 0, Avg:  0.0, Max: 0, Diff: 0, Sum: 0, Workers: 2
[2025-05-12T23:25:32.477+0300][1042.455s][36520] GC(24718)       Merged Full                    Min: 0, Avg:  0.0, Max: 0, Diff: 0, Sum: 0, Workers: 2
[2025-05-12T23:25:32.477+0300][1042.455s][36520] GC(24718)       Merged Howl Inline             Min: 0, Avg:  0.0, Max: 0, Diff: 0, Sum: 0, Workers: 2
[2025-05-12T23:25:32.477+0300][1042.455s][36520] GC(24718)       Merged Howl ArrayOfCards       Min: 0, Avg:  0.0, Max: 0, Diff: 0, Sum: 0, Workers: 2
[2025-05-12T23:25:32.477+0300][1042.455s][36520] GC(24718)       Merged Howl BitMap             Min: 0, Avg:  0.0, Max: 0, Diff: 0, Sum: 0, Workers: 2
[2025-05-12T23:25:32.477+0300][1042.455s][36520] GC(24718)       Merged Howl Full               Min: 0, Avg:  0.0, Max: 0, Diff: 0, Sum: 0, Workers: 2
[2025-05-12T23:25:32.477+0300][1042.455s][36520] GC(24718)       Merged Cards                   Min: 8, Avg:  8.0, Max: 8, Diff: 0, Sum: 16, Workers: 2
[2025-05-12T23:25:32.477+0300][1042.455s][36520] GC(24718)     Log Buffers (ms):              Min:  0.0, Avg:  0.0, Max:  0.0, Diff:  0.0, Sum:  0.0, Workers: 2
[2025-05-12T23:25:32.477+0300][1042.455s][36520] GC(24718)       Dirty Cards:                   Min: 24, Avg: 51.0, Max: 78, Diff: 54, Sum: 102, Workers: 2
[2025-05-12T23:25:32.477+0300][1042.455s][36520] GC(24718)       Skipped Cards:                 Min: 0, Avg:  0.0, Max: 0, Diff: 0, Sum: 0, Workers: 2
[2025-05-12T23:25:32.477+0300][1042.455s][36520] GC(24718)   Evacuate Collection Set: 0.4ms
[2025-05-12T23:25:32.477+0300][1042.455s][36520] GC(24718)     Ext Root Scanning (ms):        Min:  0.1, Avg:  0.1, Max:  0.1, Diff:  0.0, Sum:  0.2, Workers: 2
[2025-05-12T23:25:32.477+0300][1042.455s][36520] GC(24718)     Scan Heap Roots (ms):          Min:  0.0, Avg:  0.0, Max:  0.1, Diff:  0.1, Sum:  0.1, Workers: 2
[2025-05-12T23:25:32.477+0300][1042.455s][36520] GC(24718)       Scanned Cards:                 Min: 9, Avg: 51.0, Max: 93, Diff: 84, Sum: 102, Workers: 2
[2025-05-12T23:25:32.477+0300][1042.455s][36520] GC(24718)       Scanned Blocks:                Min: 3, Avg: 35.0, Max: 67, Diff: 64, Sum: 70, Workers: 2
[2025-05-12T23:25:32.477+0300][1042.456s][36520] GC(24718)       Claimed Chunks:                Min: 3, Avg: 18.0, Max: 33, Diff: 30, Sum: 36, Workers: 2
[2025-05-12T23:25:32.477+0300][1042.456s][36520] GC(24718)       Found Roots:                   Min: 25, Avg: 50.0, Max: 75, Diff: 50, Sum: 100, Workers: 2
[2025-05-12T23:25:32.477+0300][1042.456s][36520] GC(24718)     Code Root Scan (ms):           Min:  0.0, Avg:  0.0, Max:  0.0, Diff:  0.0, Sum:  0.0, Workers: 2
[2025-05-12T23:25:32.477+0300][1042.456s][36520] GC(24718)     Object Copy (ms):              Min:  0.1, Avg:  0.1, Max:  0.2, Diff:  0.0, Sum:  0.3, Workers: 2
[2025-05-12T23:25:32.477+0300][1042.456s][36520] GC(24718)     Termination (ms):              Min:  0.0, Avg:  0.0, Max:  0.0, Diff:  0.0, Sum:  0.0, Workers: 2
[2025-05-12T23:25:32.477+0300][1042.456s][36520] GC(24718)       Termination Attempts:          Min: 1, Avg:  1.0, Max: 1, Diff: 0, Sum: 2, Workers: 2
[2025-05-12T23:25:32.477+0300][1042.456s][36520] GC(24718)     GC Worker Other (ms):          Min:  0.0, Avg:  0.0, Max:  0.0, Diff:  0.0, Sum:  0.0, Workers: 2
[2025-05-12T23:25:32.477+0300][1042.456s][36520] GC(24718)     GC Worker Total (ms):          Min:  0.3, Avg:  0.3, Max:  0.3, Diff:  0.0, Sum:  0.6, Workers: 2
[2025-05-12T23:25:32.477+0300][1042.456s][36520] GC(24718)   Post Evacuate Collection Set: 0.6ms
[2025-05-12T23:25:32.477+0300][1042.456s][36520] GC(24718)     NMethod List Cleanup: 0.0ms
[2025-05-12T23:25:32.477+0300][1042.456s][36520] GC(24718)     Reference Processing: 0.1ms
[2025-05-12T23:25:32.477+0300][1042.456s][36520] GC(24718)       Notify Soft/WeakReferences: 0.0ms
[2025-05-12T23:25:32.477+0300][1042.456s][36520] GC(24718)         SoftRef (ms):                  Min:  0.0, Avg:  0.0, Max:  0.0, Diff:  0.0, Sum:  0.0, Workers: 1
[2025-05-12T23:25:32.477+0300][1042.456s][36520] GC(24718)         WeakRef (ms):                  Min:  0.0, Avg:  0.0, Max:  0.0, Diff:  0.0, Sum:  0.0, Workers: 1
[2025-05-12T23:25:32.477+0300][1042.456s][36520] GC(24718)         FinalRef (ms):                 Min:  0.0, Avg:  0.0, Max:  0.0, Diff:  0.0, Sum:  0.0, Workers: 1
[2025-05-12T23:25:32.477+0300][1042.456s][36520] GC(24718)         Total (ms):                    Min:  0.0, Avg:  0.0, Max:  0.0, Diff:  0.0, Sum:  0.0, Workers: 1
[2025-05-12T23:25:32.477+0300][1042.456s][36520] GC(24718)       Notify and keep alive finalizable: 0.0ms
[2025-05-12T23:25:32.477+0300][1042.456s][36520] GC(24718)         FinalRef (ms):                 skipped
[2025-05-12T23:25:32.477+0300][1042.456s][36520] GC(24718)       Notify PhantomReferences: 0.0ms
[2025-05-12T23:25:32.477+0300][1042.456s][36520] GC(24718)         PhantomRef (ms):               skipped
[2025-05-12T23:25:32.477+0300][1042.456s][36520] GC(24718)       SoftReference Discovered: 0, Dropped: 0, Processed: 0
[2025-05-12T23:25:32.477+0300][1042.456s][36520] GC(24718)       WeakReference Discovered: 34, Dropped: 12, Processed: 22
[2025-05-12T23:25:32.477+0300][1042.456s][36520] GC(24718)       FinalReference Discovered: 0, Dropped: 0, Processed: 0
[2025-05-12T23:25:32.477+0300][1042.456s][36520] GC(24718)       PhantomReference Discovered: 0, Dropped: 0, Processed: 0
[2025-05-12T23:25:32.477+0300][1042.456s][36520] GC(24718)     Weak Processing: 0.1ms
[2025-05-12T23:25:32.477+0300][1042.456s][36520] GC(24718)       VM Weak                        Min:  0.0, Avg:  0.0, Max:  0.0, Diff:  0.0, Sum:  0.0, Workers: 10
[2025-05-12T23:25:32.477+0300][1042.456s][36520] GC(24718)         Dead                           Min: 0, Avg:  0.0, Max: 0, Diff: 0, Sum: 0, Workers: 10
[2025-05-12T23:25:32.477+0300][1042.456s][36520] GC(24718)         Total                          Min: 0, Avg:  6.7, Max: 41, Diff: 41, Sum: 67, Workers: 10
[2025-05-12T23:25:32.477+0300][1042.456s][36520] GC(24718)       ObjectSynchronizer Weak        Min:  0.0, Avg:  0.0, Max:  0.0, Diff:  0.0, Sum:  0.0, Workers: 10
[2025-05-12T23:25:32.477+0300][1042.456s][36520] GC(24718)         Dead                           Min: 0, Avg:  0.0, Max: 0, Diff: 0, Sum: 0, Workers: 10
[2025-05-12T23:25:32.477+0300][1042.456s][36520] GC(24718)         Total                          Min: 0, Avg:  0.1, Max: 1, Diff: 1, Sum: 1, Workers: 10
[2025-05-12T23:25:32.477+0300][1042.456s][36520] GC(24718)       JVMTI Tag Weak OopStorage      Min:  0.0, Avg:  0.1, Max:  0.1, Diff:  0.0, Sum:  0.6, Workers: 10
[2025-05-12T23:25:32.477+0300][1042.456s][36520] GC(24718)         Dead                           Min: 0, Avg:  0.0, Max: 0, Diff: 0, Sum: 0, Workers: 10
[2025-05-12T23:25:32.477+0300][1042.456s][36520] GC(24718)         Total                          Min: 3050, Avg: 6289.9, Max: 7614, Diff: 4564, Sum: 62899, Workers: 10
[2025-05-12T23:25:32.477+0300][1042.456s][36520] GC(24718)       StringTable Weak               Min:  0.0, Avg:  0.0, Max:  0.0, Diff:  0.0, Sum:  0.3, Workers: 10
[2025-05-12T23:25:32.477+0300][1042.456s][36520] GC(24718)         Dead                           Min: 0, Avg:  0.0, Max: 0, Diff: 0, Sum: 0, Workers: 10
[2025-05-12T23:25:32.477+0300][1042.456s][36520] GC(24718)         Total                          Min: 3520, Avg: 3952.9, Max: 4288, Diff: 768, Sum: 39529, Workers: 10
[2025-05-12T23:25:32.477+0300][1042.456s][36520] GC(24718)       ResolvedMethodTable Weak       Min:  0.0, Avg:  0.0, Max:  0.0, Diff:  0.0, Sum:  0.0, Workers: 10
[2025-05-12T23:25:32.477+0300][1042.456s][36520] GC(24718)         Dead                           Min: 0, Avg:  0.0, Max: 0, Diff: 0, Sum: 0, Workers: 10
[2025-05-12T23:25:32.477+0300][1042.456s][36520] GC(24718)         Total                          Min: 2, Avg: 41.6, Max: 113, Diff: 111, Sum: 416, Workers: 10
[2025-05-12T23:25:32.477+0300][1042.456s][36520] GC(24718)       JNI Weak                       Min:  0.0, Avg:  0.0, Max:  0.0, Diff:  0.0, Sum:  0.0, Workers: 10
[2025-05-12T23:25:32.477+0300][1042.456s][36520] GC(24718)         Dead                           Min: 0, Avg:  0.0, Max: 0, Diff: 0, Sum: 0, Workers: 10
[2025-05-12T23:25:32.477+0300][1042.456s][36520] GC(24718)         Total                          Min: 0, Avg:  1.1, Max: 11, Diff: 11, Sum: 11, Workers: 10
[2025-05-12T23:25:32.477+0300][1042.456s][36520] GC(24718)       StringDedup Table Weak         Min:  0.0, Avg:  0.0, Max:  0.0, Diff:  0.0, Sum:  0.0, Workers: 10
[2025-05-12T23:25:32.477+0300][1042.456s][36520] GC(24718)         Dead                           Min: 0, Avg:  0.0, Max: 0, Diff: 0, Sum: 0, Workers: 10
[2025-05-12T23:25:32.477+0300][1042.456s][36520] GC(24718)         Total                          Min: 0, Avg:  0.0, Max: 0, Diff: 0, Sum: 0, Workers: 10
[2025-05-12T23:25:32.477+0300][1042.456s][36520] GC(24718)       StringDedup Requests0 Weak     Min:  0.0, Avg:  0.0, Max:  0.0, Diff:  0.0, Sum:  0.0, Workers: 10
[2025-05-12T23:25:32.477+0300][1042.456s][36520] GC(24718)         Dead                           Min: 0, Avg:  0.0, Max: 0, Diff: 0, Sum: 0, Workers: 10
[2025-05-12T23:25:32.477+0300][1042.456s][36520] GC(24718)         Total                          Min: 0, Avg:  0.0, Max: 0, Diff: 0, Sum: 0, Workers: 10
[2025-05-12T23:25:32.477+0300][1042.456s][36520] GC(24718)       StringDedup Requests1 Weak     Min:  0.0, Avg:  0.0, Max:  0.0, Diff:  0.0, Sum:  0.0, Workers: 10
[2025-05-12T23:25:32.477+0300][1042.456s][36520] GC(24718)         Dead                           Min: 0, Avg:  0.0, Max: 0, Diff: 0, Sum: 0, Workers: 10
[2025-05-12T23:25:32.477+0300][1042.456s][36520] GC(24718)         Total                          Min: 0, Avg:  0.0, Max: 0, Diff: 0, Sum: 0, Workers: 10
[2025-05-12T23:25:32.477+0300][1042.456s][36520] GC(24718)       Weak JFR Old Object Samples    Min:  0.0, Avg:  0.0, Max:  0.0, Diff:  0.0, Sum:  0.0, Workers: 10
[2025-05-12T23:25:32.477+0300][1042.456s][36520] GC(24718)         Dead                           Min: 0, Avg:  0.0, Max: 0, Diff: 0, Sum: 0, Workers: 10
[2025-05-12T23:25:32.477+0300][1042.456s][36520] GC(24718)         Total                          Min: 0, Avg:  0.0, Max: 0, Diff: 0, Sum: 0, Workers: 10
[2025-05-12T23:25:32.477+0300][1042.456s][36520] GC(24718)     Post Evacuate Cleanup 1: 0.1ms
[2025-05-12T23:25:32.477+0300][1042.456s][36520] GC(24718)       Merge Per-Thread State (ms):   Min:  0.0, Avg:  0.0, Max:  0.0, Diff:  0.0, Sum:  0.0, Workers: 1
[2025-05-12T23:25:32.477+0300][1042.456s][36520] GC(24718)         Copied Bytes                   Min: 0, Avg:  0.0, Max: 0, Diff: 0, Sum: 0, Workers: 2
[2025-05-12T23:25:32.477+0300][1042.456s][36520] GC(24718)         LAB Waste                      Min: 0, Avg:  0.0, Max: 0, Diff: 0, Sum: 0, Workers: 2
[2025-05-12T23:25:32.477+0300][1042.456s][36520] GC(24718)         LAB Undo Waste                 Min: 0, Avg:  0.0, Max: 0, Diff: 0, Sum: 0, Workers: 2
[2025-05-12T23:25:32.477+0300][1042.456s][36520] GC(24718)       Clear Logged Cards (ms):       Min:  0.0, Avg:  0.0, Max:  0.0, Diff:  0.0, Sum:  0.0, Workers: 2
[2025-05-12T23:25:32.477+0300][1042.456s][36520] GC(24718)       Recalculate Used Memory (ms):  Min:  0.0, Avg:  0.0, Max:  0.0, Diff:  0.0, Sum:  0.0, Workers: 1
[2025-05-12T23:25:32.477+0300][1042.456s][36520] GC(24718)       Restore Retained Regions (ms): Min:  0.0, Avg:  0.0, Max:  0.0, Diff:  0.0, Sum:  0.1, Workers: 2
[2025-05-12T23:25:32.477+0300][1042.456s][36520] GC(24718)         Evacuation Failure Regions:    Min: 1, Avg:  1.0, Max: 1, Diff: 0, Sum: 1, Workers: 1
[2025-05-12T23:25:32.477+0300][1042.456s][36520] GC(24718)         Remove Self Forwards (ms):     Min:  0.0, Avg:  0.0, Max:  0.0, Diff:  0.0, Sum:  0.1, Workers: 2
[2025-05-12T23:25:32.477+0300][1042.456s][36520] GC(24718)           Forward Chunks:                Min: 23, Avg: 28.0, Max: 33, Diff: 10, Sum: 56, Workers: 2
[2025-05-12T23:25:32.477+0300][1042.456s][36520] GC(24718)           Empty Forward Chunks:          Min: 3, Avg:  4.0, Max: 5, Diff: 2, Sum: 8, Workers: 2
[2025-05-12T23:25:32.477+0300][1042.456s][36520] GC(24718)           Forward Objects:               Min: 1634, Avg: 1712.5, Max: 1791, Diff: 157, Sum: 3425, Workers: 2
[2025-05-12T23:25:32.477+0300][1042.456s][36520] GC(24718)           Forward Bytes:                 Min: 77800, Avg: 93388.0, Max: 108976, Diff: 31176, Sum: 186776, Workers: 2
[2025-05-12T23:25:32.477+0300][1042.456s][36520] GC(24718)     Post Evacuate Cleanup 2: 0.1ms
[2025-05-12T23:25:32.477+0300][1042.456s][36520] GC(24718)       Recalculate Used Memory (ms):  Min:  0.0, Avg:  0.0, Max:  0.0, Diff:  0.0, Sum:  0.0, Workers: 1
[2025-05-12T23:25:32.477+0300][1042.456s][36520] GC(24718)       Restore Preserved Marks (ms):  Min:  0.0, Avg:  0.0, Max:  0.0, Diff:  0.0, Sum:  0.0, Workers: 2
[2025-05-12T23:25:32.477+0300][1042.456s][36520] GC(24718)       Clear Retained Region Bitmaps (ms): Min:  0.0, Avg:  0.0, Max:  0.0, Diff:  0.0, Sum:  0.0, Workers: 2
[2025-05-12T23:25:32.477+0300][1042.456s][36520] GC(24718)       Update Derived Pointers (ms):  Min:  0.0, Avg:  0.0, Max:  0.0, Diff:  0.0, Sum:  0.0, Workers: 1
[2025-05-12T23:25:32.477+0300][1042.456s][36520] GC(24718)       Eagerly Reclaim Humongous Objects (ms): skipped
[2025-05-12T23:25:32.477+0300][1042.456s][36520] GC(24718)         Humongous Total                skipped
[2025-05-12T23:25:32.477+0300][1042.456s][36520] GC(24718)         Humongous Candidates           skipped
[2025-05-12T23:25:32.478+0300][1042.456s][36520] GC(24718)         Humongous Reclaimed            skipped
[2025-05-12T23:25:32.478+0300][1042.456s][36520] GC(24718)       Redirty Logged Cards (ms):     Min:  0.0, Avg:  0.0, Max:  0.0, Diff:  0.0, Sum:  0.0, Workers: 2
[2025-05-12T23:25:32.478+0300][1042.456s][36520] GC(24718)         Redirtied Cards:               Min: 0, Avg:  0.0, Max: 0, Diff: 0, Sum: 0, Workers: 2
[2025-05-12T23:25:32.478+0300][1042.456s][36520] GC(24718)       Resize TLABs (ms):             Min:  0.0, Avg:  0.0, Max:  0.0, Diff:  0.0, Sum:  0.0, Workers: 2
[2025-05-12T23:25:32.478+0300][1042.456s][36520] GC(24718)       Free Collection Set (ms):      Min:  0.0, Avg:  0.0, Max:  0.0, Diff:  0.0, Sum:  0.0, Workers: 2
[2025-05-12T23:25:32.478+0300][1042.456s][36520] GC(24718)     Rebuild Free List: 0.1ms
[2025-05-12T23:25:32.478+0300][1042.456s][36520] GC(24718)     Prepare For Mutator: 0.1ms
[2025-05-12T23:25:32.478+0300][1042.456s][36520] GC(24718)     Expand Heap After Collection: 0.0ms
[2025-05-12T23:25:32.478+0300][1042.456s][36520] GC(24718)   Other: 0.3ms
[2025-05-12T23:25:32.478+0300][1042.456s][36520] GC(24718) Coarsening (recent): Inline->AoC 0 (0) AoC->Howl 0 (0) Howl->Full 0 (0) Inline->AoC 0 (0) AoC->BitMap 0 (0) BitMap->Full 0 (0) 
[2025-05-12T23:25:32.478+0300][1042.456s][36520] GC(24718) Coarsening (all): Inline->AoC 10920 (0) AoC->Howl 7731 (0) Howl->Full 0 (0) Inline->AoC 10809 (0) AoC->BitMap 7399 (0) BitMap->Full 0 (0) 
[2025-05-12T23:25:32.478+0300][1042.456s][36520] GC(24718) Eden regions: 1->0(0)
[2025-05-12T23:25:32.478+0300][1042.456s][36520] GC(24718) Survivor regions: 0->0(0)
[2025-05-12T23:25:32.478+0300][1042.456s][36520] GC(24718) Old regions: 11->12
[2025-05-12T23:25:32.478+0300][1042.456s][36520] GC(24718) Humongous regions: 0->0
[2025-05-12T23:25:32.478+0300][1042.456s][36520] GC(24718) Metaspace: 10759K(12736K)->10759K(12736K) NonClass: 9683K(11328K)->9683K(11328K) Class: 1076K(1408K)->1076K(1408K)
[2025-05-12T23:25:32.478+0300][1042.456s][36520] GC(24718) Heap after GC invocations=21180 (full 7096):
[2025-05-12T23:25:32.478+0300][1042.456s][36520] GC(24718)  garbage-first heap   total 12288K, used 12277K [0x00000000ff400000, 0x0000000100000000)
[2025-05-12T23:25:32.478+0300][1042.456s][36520] GC(24718)   region size 1024K, 0 young (0K), 0 survivors (0K)
[2025-05-12T23:25:32.478+0300][1042.456s][36520] GC(24718)  Metaspace       used 10759K, committed 12736K, reserved 1114112K
[2025-05-12T23:25:32.478+0300][1042.456s][36520] GC(24718)   class space    used 1076K, committed 1408K, reserved 1048576K
[2025-05-12T23:25:32.478+0300][1042.456s][36520] GC(24718) Pause Young (Normal) (G1 Evacuation Pause) (Evacuation Failure) 11M->11M(12M) 2.776ms
[2025-05-12T23:25:32.478+0300][1042.456s][36520] GC(24718) User=0.00s Sys=0.00s Real=0.00s
[2025-05-12T23:25:32.478+0300][1042.456s][36520] Attempt heap expansion (allocation request failed). Allocation request: 2048B
[2025-05-12T23:25:32.478+0300][1042.456s][36520] Expand the heap. requested expansion amount: 1048576B expansion amount: 1048576B
[2025-05-12T23:25:32.478+0300][1042.456s][36520] Did not expand the heap (heap already fully expanded)
[2025-05-12T23:25:32.478+0300][1042.456s][36520] Attempting full compaction
[2025-05-12T23:25:32.478+0300][1042.456s][36520] GC(24719) Pause Full (G1 Compaction Pause)
[2025-05-12T23:25:32.478+0300][1042.456s][36520] GC(24719) Heap before GC invocations=21180 (full 7096):
[2025-05-12T23:25:32.478+0300][1042.457s][36520] GC(24719)  garbage-first heap   total 12288K, used 12277K [0x00000000ff400000, 0x0000000100000000)
[2025-05-12T23:25:32.478+0300][1042.457s][36520] GC(24719)   region size 1024K, 0 young (0K), 0 survivors (0K)
[2025-05-12T23:25:32.478+0300][1042.457s][36520] GC(24719)  Metaspace       used 10759K, committed 12736K, reserved 1114112K
[2025-05-12T23:25:32.478+0300][1042.457s][36520] GC(24719)   class space    used 1076K, committed 1408K, reserved 1048576K
[2025-05-12T23:25:32.478+0300][1042.457s][36520] GC(24719) Requesting 1 active workers for full compaction (waste limited workers: 1, adaptive workers: 2, used limited workers: 12)
[2025-05-12T23:25:32.478+0300][1042.457s][36520] GC(24719) Using 1 workers of 10 for full compaction
[2025-05-12T23:25:32.478+0300][1042.457s][36520] GC(24719) Mutator Allocation stats, regions: 0, wasted size: 0B ( 0.0%)
[2025-05-12T23:25:32.478+0300][1042.457s][36520] GC(24719) Phase 1: Mark live objects
[2025-05-12T23:25:32.484+0300][1042.464s][36520] GC(24719) Phase 1: Reference Processing
[2025-05-12T23:25:32.485+0300][1042.464s][36520] GC(24719) ReferenceProcessor::execute queues: 1, RefProcThreadModel::Single, marks_oops_alive: false
[2025-05-12T23:25:32.485+0300][1042.464s][36520] GC(24719) Skipped KeepAliveFinalRefsPhase of Reference Processing: no references
[2025-05-12T23:25:32.485+0300][1042.464s][36520] GC(24719) ReferenceProcessor::execute queues: 1, RefProcThreadModel::Single, marks_oops_alive: false
[2025-05-12T23:25:32.485+0300][1042.464s][36520] GC(24719) Reference Processing: 0.2ms
[2025-05-12T23:25:32.485+0300][1042.464s][36520] GC(24719)   Notify Soft/WeakReferences: 0.2ms
[2025-05-12T23:25:32.485+0300][1042.464s][36520] GC(24719)     SoftRef: 0.0ms
[2025-05-12T23:25:32.485+0300][1042.464s][36520] GC(24719)     WeakRef: 0.0ms
[2025-05-12T23:25:32.485+0300][1042.464s][36520] GC(24719)     FinalRef: 0.0ms
[2025-05-12T23:25:32.485+0300][1042.464s][36520] GC(24719)     Total: 0.0ms
[2025-05-12T23:25:32.485+0300][1042.464s][36520] GC(24719)   Notify and keep alive finalizable: 0.0ms
[2025-05-12T23:25:32.485+0300][1042.464s][36520] GC(24719)     FinalRef: skipped
[2025-05-12T23:25:32.485+0300][1042.464s][36520] GC(24719)   Notify PhantomReferences: 0.0ms
[2025-05-12T23:25:32.485+0300][1042.464s][36520] GC(24719)     PhantomRef: 0.0ms
[2025-05-12T23:25:32.485+0300][1042.464s][36520] GC(24719)   SoftReference Discovered: 46, Dropped: 4, Processed: 42
[2025-05-12T23:25:32.485+0300][1042.464s][36520] GC(24719)   WeakReference Discovered: 32, Dropped: 13, Processed: 19
[2025-05-12T23:25:32.485+0300][1042.464s][36520] GC(24719)   FinalReference Discovered: 0, Dropped: 0, Processed: 0
[2025-05-12T23:25:32.485+0300][1042.464s][36520] GC(24719)   PhantomReference Discovered: 23, Dropped: 23, Processed: 0
[2025-05-12T23:25:32.485+0300][1042.464s][36520] GC(24719) Phase 1: Reference Processing 0.348ms
[2025-05-12T23:25:32.485+0300][1042.464s][36520] GC(24719) Phase 1: Weak Processing
[2025-05-12T23:25:32.485+0300][1042.464s][36520] GC(24719)   VM Weak                        Min:  0.0, Avg:  0.0, Max:  0.0, Diff:  0.0, Sum:  0.0, Workers: 10
[2025-05-12T23:25:32.485+0300][1042.464s][36520] GC(24719)     Dead                           Min: 0, Avg:  2.0, Max: 20, Diff: 20, Sum: 20, Workers: 10
[2025-05-12T23:25:32.485+0300][1042.464s][36520] GC(24719)     Total                          Min: 0, Avg:  6.7, Max: 41, Diff: 41, Sum: 67, Workers: 10
[2025-05-12T23:25:32.485+0300][1042.464s][36520] GC(24719)   ObjectSynchronizer Weak        Min:  0.0, Avg:  0.0, Max:  0.0, Diff:  0.0, Sum:  0.0, Workers: 10
[2025-05-12T23:25:32.485+0300][1042.464s][36520] GC(24719)     Dead                           Min: 0, Avg:  0.0, Max: 0, Diff: 0, Sum: 0, Workers: 10
[2025-05-12T23:25:32.485+0300][1042.464s][36520] GC(24719)     Total                          Min: 0, Avg:  0.1, Max: 1, Diff: 1, Sum: 1, Workers: 10
[2025-05-12T23:25:32.485+0300][1042.464s][36520] GC(24719)   JVMTI Tag Weak OopStorage      Min:  0.0, Avg:  0.1, Max:  0.1, Diff:  0.0, Sum:  0.5, Workers: 10
[2025-05-12T23:25:32.485+0300][1042.464s][36520] GC(24719)     Dead                           Min: 0, Avg:  2.0, Max: 20, Diff: 20, Sum: 20, Workers: 10
[2025-05-12T23:25:32.485+0300][1042.464s][36520] GC(24719)     Total                          Min: 3178, Avg: 6289.9, Max: 7957, Diff: 4779, Sum: 62899, Workers: 10
[2025-05-12T23:25:32.485+0300][1042.464s][36520] GC(24719)   StringTable Weak               Min:  0.0, Avg:  0.0, Max:  0.0, Diff:  0.0, Sum:  0.2, Workers: 10
[2025-05-12T23:25:32.485+0300][1042.464s][36520] GC(24719)     Dead                           Min: 0, Avg:  9.0, Max: 43, Diff: 43, Sum: 90, Workers: 10
[2025-05-12T23:25:32.485+0300][1042.464s][36520] GC(24719)     Total                          Min: 3455, Avg: 3952.9, Max: 4288, Diff: 833, Sum: 39529, Workers: 10
[2025-05-12T23:25:32.485+0300][1042.464s][36520] GC(24719)   ResolvedMethodTable Weak       Min:  0.0, Avg:  0.0, Max:  0.0, Diff:  0.0, Sum:  0.0, Workers: 10
[2025-05-12T23:25:32.485+0300][1042.464s][36520] GC(24719)     Dead                           Min: 0, Avg:  3.7, Max: 37, Diff: 37, Sum: 37, Workers: 10
[2025-05-12T23:25:32.485+0300][1042.464s][36520] GC(24719)     Total                          Min: 0, Avg: 41.6, Max: 113, Diff: 113, Sum: 416, Workers: 10
[2025-05-12T23:25:32.485+0300][1042.464s][36520] GC(24719)   JNI Weak                       Min:  0.0, Avg:  0.0, Max:  0.0, Diff:  0.0, Sum:  0.0, Workers: 10
[2025-05-12T23:25:32.485+0300][1042.464s][36520] GC(24719)     Dead                           Min: 0, Avg:  0.0, Max: 0, Diff: 0, Sum: 0, Workers: 10
[2025-05-12T23:25:32.485+0300][1042.464s][36520] GC(24719)     Total                          Min: 0, Avg:  1.1, Max: 11, Diff: 11, Sum: 11, Workers: 10
[2025-05-12T23:25:32.485+0300][1042.464s][36520] GC(24719)   StringDedup Table Weak         Min:  0.0, Avg:  0.0, Max:  0.0, Diff:  0.0, Sum:  0.0, Workers: 10
[2025-05-12T23:25:32.485+0300][1042.464s][36520] GC(24719)     Dead                           Min: 0, Avg:  0.0, Max: 0, Diff: 0, Sum: 0, Workers: 10
[2025-05-12T23:25:32.485+0300][1042.464s][36520] GC(24719)     Total                          Min: 0, Avg:  0.0, Max: 0, Diff: 0, Sum: 0, Workers: 10
[2025-05-12T23:25:32.485+0300][1042.464s][36520] GC(24719)   StringDedup Requests0 Weak     Min:  0.0, Avg:  0.0, Max:  0.0, Diff:  0.0, Sum:  0.0, Workers: 10
[2025-05-12T23:25:32.485+0300][1042.464s][36520] GC(24719)     Dead                           Min: 0, Avg:  0.0, Max: 0, Diff: 0, Sum: 0, Workers: 10
[2025-05-12T23:25:32.485+0300][1042.464s][36520] GC(24719)     Total                          Min: 0, Avg:  0.0, Max: 0, Diff: 0, Sum: 0, Workers: 10
[2025-05-12T23:25:32.485+0300][1042.464s][36520] GC(24719)   StringDedup Requests1 Weak     Min:  0.0, Avg:  0.0, Max:  0.0, Diff:  0.0, Sum:  0.0, Workers: 10
[2025-05-12T23:25:32.485+0300][1042.464s][36520] GC(24719)     Dead                           Min: 0, Avg:  0.0, Max: 0, Diff: 0, Sum: 0, Workers: 10
[2025-05-12T23:25:32.485+0300][1042.464s][36520] GC(24719)     Total                          Min: 0, Avg:  0.0, Max: 0, Diff: 0, Sum: 0, Workers: 10
[2025-05-12T23:25:32.485+0300][1042.464s][36520] GC(24719)   Weak JFR Old Object Samples    Min:  0.0, Avg:  0.0, Max:  0.0, Diff:  0.0, Sum:  0.0, Workers: 10
[2025-05-12T23:25:32.485+0300][1042.464s][36520] GC(24719)     Dead                           Min: 0, Avg:  0.0, Max: 0, Diff: 0, Sum: 0, Workers: 10
[2025-05-12T23:25:32.485+0300][1042.464s][36520] GC(24719)     Total                          Min: 0, Avg:  0.0, Max: 0, Diff: 0, Sum: 0, Workers: 10
[2025-05-12T23:25:32.485+0300][1042.464s][36520] GC(24719) Phase 1: Weak Processing 0.442ms
[2025-05-12T23:25:32.485+0300][1042.464s][36520] GC(24719) Phase 1: Class Unloading and Cleanup
[2025-05-12T23:25:32.485+0300][1042.464s][36520] GC(24719) ClassLoaderData
[2025-05-12T23:25:32.485+0300][1042.464s][36520] GC(24719) ClassLoaderData 0.065ms
[2025-05-12T23:25:32.485+0300][1042.465s][36520] GC(24719) Trigger cleanups
[2025-05-12T23:25:32.485+0300][1042.465s][36520] GC(24719) Trigger cleanups 0.009ms
[2025-05-12T23:25:32.489+0300][1042.468s][36520] GC(24719) Phase 1: Class Unloading and Cleanup 3.874ms
[2025-05-12T23:25:32.489+0300][1042.468s][36520] GC(24719) Report Object Count
[2025-05-12T23:25:32.489+0300][1042.468s][36520] GC(24719) Report Object Count 0.011ms
[2025-05-12T23:25:32.489+0300][1042.468s][36520] GC(24719) Phase 1: Mark live objects 11.742ms
[2025-05-12T23:25:32.489+0300][1042.468s][36520] GC(24719) Phase 2: Prepare compaction
[2025-05-12T23:25:32.489+0300][1042.468s][36520] GC(24719) Phase 2: Determine work lists
[2025-05-12T23:25:32.489+0300][1042.468s][36520] GC(24719) Phase 2: Determine work lists 0.009ms
[2025-05-12T23:25:32.489+0300][1042.468s][36520] GC(24719) Phase 2: Prepare parallel compaction
[2025-05-12T23:25:32.489+0300][1042.469s][36520] GC(24719) Phase 2: Prepare parallel compaction 0.280ms
[2025-05-12T23:25:32.489+0300][1042.469s][36520] GC(24719) Phase 2: Prepare compaction 0.330ms
[2025-05-12T23:25:32.489+0300][1042.469s][36520] GC(24719) Phase 3: Adjust pointers
[2025-05-12T23:25:32.494+0300][1042.473s][36520] GC(24719) Phase 3: Adjust pointers 4.029ms
[2025-05-12T23:25:32.494+0300][1042.473s][36520] GC(24719) Phase 4: Compact heap
[2025-05-12T23:25:32.494+0300][1042.473s][36520] GC(24719) Phase 4: Compact heap 0.191ms
[2025-05-12T23:25:32.494+0300][1042.473s][36520] GC(24719) Phase 5: Reset Metadata
[2025-05-12T23:25:32.496+0300][1042.474s][36520] GC(24719) Phase 5: Reset Metadata 1.362ms
[2025-05-12T23:25:32.496+0300][1042.475s][36520] GC(24719) Running G1 Clear Bitmap with 1 workers for 1 work units.
[2025-05-12T23:25:32.497+0300][1042.476s][36520] GC(24719) Request concurrent cycle initiation (occupancy higher than threshold) occupancy: 11534336B allocation request: 0B threshold: 3603761B (28.64) source: end of Full GC
[2025-05-12T23:25:32.497+0300][1042.476s][36520] Old generation allocation in the last mutator period, old gen allocated: 0B, humongous allocated: 0B, old gen growth: 0B.
[2025-05-12T23:25:32.497+0300][1042.476s][36520] GC(24719) Coarsening (recent): Inline->AoC 0 (0) AoC->Howl 0 (0) Howl->Full 0 (0) Inline->AoC 0 (0) AoC->BitMap 0 (0) BitMap->Full 0 (0) 
[2025-05-12T23:25:32.497+0300][1042.476s][36520] GC(24719) Coarsening (all): Inline->AoC 10920 (0) AoC->Howl 7731 (0) Howl->Full 0 (0) Inline->AoC 10809 (0) AoC->BitMap 7399 (0) BitMap->Full 0 (0) 
[2025-05-12T23:25:32.497+0300][1042.476s][36520] GC(24719) Eden regions: 0->0(1)
[2025-05-12T23:25:32.497+0300][1042.476s][36520] GC(24719) Survivor regions: 0->0(0)
[2025-05-12T23:25:32.497+0300][1042.476s][36520] GC(24719) Old regions: 12->11
[2025-05-12T23:25:32.497+0300][1042.476s][36520] GC(24719) Humongous regions: 0->0
[2025-05-12T23:25:32.497+0300][1042.476s][36520] GC(24719) Metaspace: 10759K(12736K)->10718K(12736K) NonClass: 9683K(11328K)->9653K(11328K) Class: 1076K(1408K)->1064K(1408K)
[2025-05-12T23:25:32.497+0300][1042.476s][36520] GC(24719) Heap after GC invocations=21181 (full 7097):
[2025-05-12T23:25:32.497+0300][1042.476s][36520] GC(24719)  garbage-first heap   total 12288K, used 11246K [0x00000000ff400000, 0x0000000100000000)
[2025-05-12T23:25:32.497+0300][1042.476s][36520] GC(24719)   region size 1024K, 0 young (0K), 0 survivors (0K)
[2025-05-12T23:25:32.497+0300][1042.476s][36520] GC(24719)  Metaspace       used 10718K, committed 12736K, reserved 1114112K
[2025-05-12T23:25:32.497+0300][1042.476s][36520] GC(24719)   class space    used 1064K, committed 1408K, reserved 1048576K
[2025-05-12T23:25:32.497+0300][1042.476s][36520] GC(24719) Pause Full (G1 Compaction Pause) 11M->10M(12M) 19.948ms
[2025-05-12T23:25:32.497+0300][1042.476s][36520] GC(24719) User=0.00s Sys=0.00s Real=0.02s
[2025-05-12T23:25:32.497+0300][1042.477s][9340 ] G1 Service Thread (Card Set Free Memory Task) (run: 21.487ms) (cpu: 0.000ms)
[2025-05-12T23:25:32.525+0300][1042.504s][36520] GC(24720) Initiate concurrent cycle (concurrent cycle initiation requested)
[2025-05-12T23:25:32.525+0300][1042.504s][36520] GC(24720) Pause Young (Concurrent Start) (G1 Evacuation Pause)
[2025-05-12T23:25:32.525+0300][1042.504s][36520] GC(24720) Heap before GC invocations=21181 (full 7097):
[2025-05-12T23:25:32.525+0300][1042.504s][36520] GC(24720)  garbage-first heap   total 12288K, used 11246K [0x00000000ff400000, 0x0000000100000000)
[2025-05-12T23:25:32.525+0300][1042.504s][36520] GC(24720)   region size 1024K, 1 young (1024K), 0 survivors (0K)
[2025-05-12T23:25:32.525+0300][1042.504s][36520] GC(24720)  Metaspace       used 10759K, committed 12736K, reserved 1114112K
[2025-05-12T23:25:32.525+0300][1042.504s][36520] GC(24720)   class space    used 1076K, committed 1408K, reserved 1048576K
[2025-05-12T23:25:32.525+0300][1042.504s][36520] GC(24720) Using 2 workers of 10 for evacuation
[2025-05-12T23:25:32.525+0300][1042.504s][36520] GC(24720) Desired survivor size 524288 bytes, new threshold 15 (max threshold 15)
[2025-05-12T23:25:32.525+0300][1042.504s][36520] GC(24720) TLAB totals: thrds: 1  refills: 316 max: 316 slow allocs: 157 max 157 waste: 22.1% gc: 688B max: 688B slow: 188472B max: 188472B
[2025-05-12T23:25:32.525+0300][1042.504s][36520] GC(24720) Mutator refinement: 0.00ms, refined: 0, precleaned: 0, dirtied: 113
[2025-05-12T23:25:32.525+0300][1042.504s][36520] GC(24720) Concurrent refinement: 0.00ms, refined: 0, precleaned: 0, dirtied: 0
[2025-05-12T23:25:32.525+0300][1042.504s][36520] GC(24720) Total refinement: 0.00ms, refined: 0, precleaned: 0, dirtied: 113
[2025-05-12T23:25:32.525+0300][1042.504s][36520] GC(24720) Generate dirty cards rate: 4.02 cards/ms
[2025-05-12T23:25:32.525+0300][1042.504s][36520] GC(24720) Mutator Allocation stats, regions: 1, wasted size: 0B ( 0.0%)
[2025-05-12T23:25:32.525+0300][1042.504s][36520] GC(24720) No candidates to reclaim.
[2025-05-12T23:25:32.525+0300][1042.505s][36520] GC(24720) Running G1 Merge Heap Roots using 2 workers for 1 regions
[2025-05-12T23:25:32.525+0300][1042.505s][36520] GC(24720) Visited cards 1120 Total dirty 12288 (9.11%) Total old 26624 (4.21%)
[2025-05-12T23:25:32.525+0300][1042.505s][15708] GC(24720) Attempt heap expansion (region allocation request failed). Allocation request: 2064B
[2025-05-12T23:25:32.525+0300][1042.505s][15708] GC(24720) Did not expand the heap (heap already fully expanded)
[2025-05-12T23:25:32.526+0300][1042.505s][36520] GC(24720) ReferenceProcessor::execute queues: 1, RefProcThreadModel::Single, marks_oops_alive: false
[2025-05-12T23:25:32.526+0300][1042.505s][36520] GC(24720) Skipped KeepAliveFinalRefsPhase of Reference Processing: no references
[2025-05-12T23:25:32.526+0300][1042.505s][36520] GC(24720) Skipped PhantomRefsPhase of Reference Processing: no references
[2025-05-12T23:25:32.526+0300][1042.505s][36520] GC(24720) Initializing removing self forwards with 64 chunks per region
[2025-05-12T23:25:32.526+0300][1042.506s][36520] GC(24720) Running G1 Rebuild Free List Task using 2 workers for rebuilding free list of regions
[2025-05-12T23:25:32.526+0300][1042.506s][36520] GC(24720) Young PLAB allocation: allocated: 0B, wasted: 0B, unused: 0B, used: 0B, undo waste: 0B, 
[2025-05-12T23:25:32.526+0300][1042.506s][36520] GC(24720) Young other allocation: region end waste: 0B, regions filled: 0, num plab filled: 2, direct allocated: 0B, num direct allocated: 0, failure used: 0B, failure wasted: 0B
[2025-05-12T23:25:32.526+0300][1042.506s][36520] GC(24720) Young sizing: calculated: 0B, actual: 2064B
[2025-05-12T23:25:32.527+0300][1042.506s][36520] GC(24720) Old PLAB allocation: allocated: 0B, wasted: 0B, unused: 0B, used: 0B, undo waste: 0B, 
[2025-05-12T23:25:32.527+0300][1042.506s][36520] GC(24720) Old other allocation: region end waste: 0B, regions filled: 0, num plab filled: 2, direct allocated: 0B, num direct allocated: 0, failure used: 158024B, failure wasted: 890552B
[2025-05-12T23:25:32.527+0300][1042.506s][36520] GC(24720) Old sizing: calculated: 0B, actual: 2064B
[2025-05-12T23:25:32.527+0300][1042.506s][36520] GC(24720) Heap expansion: short term pause time ratio 38.93% long term pause time ratio 42.82% threshold 7.69% pause time ratio 7.69% fully expanded true resize by 0B
[2025-05-12T23:25:32.527+0300][1042.506s][9340 ] G1 Service Thread (Card Set Free Memory Task) (run 0.011ms after schedule)
[2025-05-12T23:25:32.527+0300][1042.506s][36520] GC(24720) MMU: 6.0ms (200.0ms/201.0ms)
[2025-05-12T23:25:32.527+0300][1042.506s][36520] Old generation allocation in the last mutator period, old gen allocated: 1048576B, humongous allocated: 0B, old gen growth: 1048576B.
[2025-05-12T23:25:32.527+0300][1042.506s][36520] GC(24720) Basic information (value update), threshold: 3657334B (29.07), target occupancy: 12582912B, current occupancy: 12555232B, recent allocation size: 1048576B, recent allocation duration: 28.10ms, recent old gen allocation rate: 37318926.46B/s, recent marking phase length: 120.12ms
[2025-05-12T23:25:32.527+0300][1042.506s][36520] GC(24720) Adaptive IHOP information (value update), threshold: 3657334B (34.20), internal target occupancy: 10695475B, occupancy: 12555232B, additional buffer size: 1048576B, predicted old gen allocation rate: 49630621.63B/s, predicted marking phase length: 120.68ms, prediction active: true
[2025-05-12T23:25:32.527+0300][1042.506s][36520] GC(24720) GC refinement: goal: 18446744073709551615 + 107 / 20.00ms, actual: 113 / 0.05ms, 
[2025-05-12T23:25:32.527+0300][1042.506s][36520] GC(24720) Unchanged pending cards target: 18446744073709551615
[2025-05-12T23:25:32.527+0300][1042.506s][36520] GC(24720)   Pre Evacuate Collection Set: 0.1ms
[2025-05-12T23:25:32.527+0300][1042.506s][36520] GC(24720)     Pre Evacuate Prepare: 0.1ms
[2025-05-12T23:25:32.527+0300][1042.506s][36520] GC(24720)       JT Retire TLABs And Flush Logs (ms): Min:  0.0, Avg:  0.0, Max:  0.0, Diff:  0.0, Sum:  0.0, Workers: 2
[2025-05-12T23:25:32.527+0300][1042.506s][36520] GC(24720)       Non-JT Flush Logs (ms):        Min:  0.0, Avg:  0.0, Max:  0.0, Diff:  0.0, Sum:  0.0, Workers: 1
[2025-05-12T23:25:32.527+0300][1042.506s][36520] GC(24720)     Choose Collection Set: 0.0ms
[2025-05-12T23:25:32.527+0300][1042.506s][36520] GC(24720)     Region Register: 0.1ms
[2025-05-12T23:25:32.527+0300][1042.506s][36520] GC(24720)     Prepare Heap Roots: 0.0ms
[2025-05-12T23:25:32.527+0300][1042.506s][36520] GC(24720)     Reset Marking State (ms):      Min:  0.0, Avg:  0.0, Max:  0.0, Diff:  0.0, Sum:  0.0, Workers: 1
[2025-05-12T23:25:32.527+0300][1042.506s][36520] GC(24720)     Note Start Of Mark (ms):       Min:  0.0, Avg:  0.0, Max:  0.0, Diff:  0.0, Sum:  0.0, Workers: 2
[2025-05-12T23:25:32.527+0300][1042.506s][36520] GC(24720)   Merge Heap Roots: 0.1ms
[2025-05-12T23:25:32.527+0300][1042.506s][36520] GC(24720)     Prepare Merge Heap Roots: 0.0ms
[2025-05-12T23:25:32.527+0300][1042.506s][36520] GC(24720)     Remembered Sets (ms):          Min:  0.0, Avg:  0.0, Max:  0.0, Diff:  0.0, Sum:  0.0, Workers: 2
[2025-05-12T23:25:32.527+0300][1042.506s][36520] GC(24720)       Eager Reclaim (ms):            skipped
[2025-05-12T23:25:32.527+0300][1042.506s][36520] GC(24720)       Merged Inline                  Min: 0, Avg:  0.0, Max: 0, Diff: 0, Sum: 0, Workers: 2
[2025-05-12T23:25:32.527+0300][1042.506s][36520] GC(24720)       Merged ArrayOfCards            Min: 0, Avg:  0.0, Max: 0, Diff: 0, Sum: 0, Workers: 2
[2025-05-12T23:25:32.527+0300][1042.506s][36520] GC(24720)       Merged Howl                    Min: 0, Avg:  0.0, Max: 0, Diff: 0, Sum: 0, Workers: 2
[2025-05-12T23:25:32.527+0300][1042.506s][36520] GC(24720)       Merged Full                    Min: 0, Avg:  0.0, Max: 0, Diff: 0, Sum: 0, Workers: 2
[2025-05-12T23:25:32.527+0300][1042.506s][36520] GC(24720)       Merged Howl Inline             Min: 0, Avg:  0.0, Max: 0, Diff: 0, Sum: 0, Workers: 2
[2025-05-12T23:25:32.527+0300][1042.506s][36520] GC(24720)       Merged Howl ArrayOfCards       Min: 0, Avg:  0.0, Max: 0, Diff: 0, Sum: 0, Workers: 2
[2025-05-12T23:25:32.527+0300][1042.506s][36520] GC(24720)       Merged Howl BitMap             Min: 0, Avg:  0.0, Max: 0, Diff: 0, Sum: 0, Workers: 2
[2025-05-12T23:25:32.527+0300][1042.506s][36520] GC(24720)       Merged Howl Full               Min: 0, Avg:  0.0, Max: 0, Diff: 0, Sum: 0, Workers: 2
[2025-05-12T23:25:32.527+0300][1042.506s][36520] GC(24720)       Merged Cards                   Min: 8, Avg:  8.0, Max: 8, Diff: 0, Sum: 16, Workers: 2
[2025-05-12T23:25:32.527+0300][1042.506s][36520] GC(24720)     Log Buffers (ms):              Min:  0.0, Avg:  0.0, Max:  0.0, Diff:  0.0, Sum:  0.0, Workers: 2
[2025-05-12T23:25:32.527+0300][1042.506s][36520] GC(24720)       Dirty Cards:                   Min: 0, Avg: 56.5, Max: 113, Diff: 113, Sum: 113, Workers: 2
[2025-05-12T23:25:32.527+0300][1042.506s][36520] GC(24720)       Skipped Cards:                 Min: 0, Avg:  0.0, Max: 0, Diff: 0, Sum: 0, Workers: 2
[2025-05-12T23:25:32.527+0300][1042.506s][36520] GC(24720)   Evacuate Collection Set: 0.5ms
[2025-05-12T23:25:32.527+0300][1042.506s][36520] GC(24720)     Ext Root Scanning (ms):        Min:  0.1, Avg:  0.1, Max:  0.2, Diff:  0.1, Sum:  0.3, Workers: 2
[2025-05-12T23:25:32.527+0300][1042.506s][36520] GC(24720)     Scan Heap Roots (ms):          Min:  0.0, Avg:  0.0, Max:  0.1, Diff:  0.1, Sum:  0.1, Workers: 2
[2025-05-12T23:25:32.527+0300][1042.506s][36520] GC(24720)       Scanned Cards:                 Min: 13, Avg: 56.5, Max: 100, Diff: 87, Sum: 113, Workers: 2
[2025-05-12T23:25:32.527+0300][1042.506s][36520] GC(24720)       Scanned Blocks:                Min: 10, Avg: 37.0, Max: 64, Diff: 54, Sum: 74, Workers: 2
[2025-05-12T23:25:32.527+0300][1042.506s][36520] GC(24720)       Claimed Chunks:                Min: 8, Avg: 17.5, Max: 27, Diff: 19, Sum: 35, Workers: 2
[2025-05-12T23:25:32.527+0300][1042.506s][36520] GC(24720)       Found Roots:                   Min: 13, Avg: 72.0, Max: 131, Diff: 118, Sum: 144, Workers: 2
[2025-05-12T23:25:32.527+0300][1042.506s][36520] GC(24720)     Code Root Scan (ms):           Min:  0.0, Avg:  0.0, Max:  0.0, Diff:  0.0, Sum:  0.0, Workers: 2
[2025-05-12T23:25:32.527+0300][1042.506s][36520] GC(24720)     Object Copy (ms):              Min:  0.2, Avg:  0.2, Max:  0.2, Diff:  0.0, Sum:  0.4, Workers: 2
[2025-05-12T23:25:32.527+0300][1042.506s][36520] GC(24720)     Termination (ms):              Min:  0.0, Avg:  0.0, Max:  0.0, Diff:  0.0, Sum:  0.0, Workers: 2
[2025-05-12T23:25:32.527+0300][1042.506s][36520] GC(24720)       Termination Attempts:          Min: 1, Avg:  1.0, Max: 1, Diff: 0, Sum: 2, Workers: 2
[2025-05-12T23:25:32.527+0300][1042.506s][36520] GC(24720)     GC Worker Other (ms):          Min:  0.0, Avg:  0.0, Max:  0.0, Diff:  0.0, Sum:  0.0, Workers: 2
[2025-05-12T23:25:32.527+0300][1042.506s][36520] GC(24720)     GC Worker Total (ms):          Min:  0.4, Avg:  0.4, Max:  0.4, Diff:  0.0, Sum:  0.8, Workers: 2
[2025-05-12T23:25:32.527+0300][1042.506s][36520] GC(24720)   Post Evacuate Collection Set: 0.5ms
[2025-05-12T23:25:32.527+0300][1042.506s][36520] GC(24720)     NMethod List Cleanup: 0.0ms
[2025-05-12T23:25:32.527+0300][1042.506s][36520] GC(24720)     Reference Processing: 0.1ms
[2025-05-12T23:25:32.527+0300][1042.506s][36520] GC(24720)       Notify Soft/WeakReferences: 0.0ms
[2025-05-12T23:25:32.527+0300][1042.506s][36520] GC(24720)         SoftRef (ms):                  Min:  0.0, Avg:  0.0, Max:  0.0, Diff:  0.0, Sum:  0.0, Workers: 1
[2025-05-12T23:25:32.527+0300][1042.506s][36520] GC(24720)         WeakRef (ms):                  Min:  0.0, Avg:  0.0, Max:  0.0, Diff:  0.0, Sum:  0.0, Workers: 1
[2025-05-12T23:25:32.527+0300][1042.506s][36520] GC(24720)         FinalRef (ms):                 Min:  0.0, Avg:  0.0, Max:  0.0, Diff:  0.0, Sum:  0.0, Workers: 1
[2025-05-12T23:25:32.527+0300][1042.506s][36520] GC(24720)         Total (ms):                    Min:  0.0, Avg:  0.0, Max:  0.0, Diff:  0.0, Sum:  0.0, Workers: 1
[2025-05-12T23:25:32.527+0300][1042.506s][36520] GC(24720)       Notify and keep alive finalizable: 0.0ms
[2025-05-12T23:25:32.527+0300][1042.506s][36520] GC(24720)         FinalRef (ms):                 skipped
[2025-05-12T23:25:32.527+0300][1042.506s][36520] GC(24720)       Notify PhantomReferences: 0.0ms
[2025-05-12T23:25:32.527+0300][1042.506s][36520] GC(24720)         PhantomRef (ms):               skipped
[2025-05-12T23:25:32.527+0300][1042.506s][36520] GC(24720)       SoftReference Discovered: 0, Dropped: 0, Processed: 0
[2025-05-12T23:25:32.527+0300][1042.506s][36520] GC(24720)       WeakReference Discovered: 24, Dropped: 1, Processed: 23
[2025-05-12T23:25:32.527+0300][1042.506s][36520] GC(24720)       FinalReference Discovered: 0, Dropped: 0, Processed: 0
[2025-05-12T23:25:32.527+0300][1042.506s][36520] GC(24720)       PhantomReference Discovered: 0, Dropped: 0, Processed: 0
[2025-05-12T23:25:32.527+0300][1042.506s][36520] GC(24720)     Weak Processing: 0.1ms
[2025-05-12T23:25:32.527+0300][1042.506s][36520] GC(24720)       VM Weak                        Min:  0.0, Avg:  0.0, Max:  0.0, Diff:  0.0, Sum:  0.0, Workers: 10
[2025-05-12T23:25:32.527+0300][1042.506s][36520] GC(24720)         Dead                           Min: 0, Avg:  0.0, Max: 0, Diff: 0, Sum: 0, Workers: 10
[2025-05-12T23:25:32.527+0300][1042.506s][36520] GC(24720)         Total                          Min: 0, Avg:  6.7, Max: 41, Diff: 41, Sum: 67, Workers: 10
[2025-05-12T23:25:32.527+0300][1042.506s][36520] GC(24720)       ObjectSynchronizer Weak        Min:  0.0, Avg:  0.0, Max:  0.0, Diff:  0.0, Sum:  0.0, Workers: 10
[2025-05-12T23:25:32.527+0300][1042.506s][36520] GC(24720)         Dead                           Min: 0, Avg:  0.0, Max: 0, Diff: 0, Sum: 0, Workers: 10
[2025-05-12T23:25:32.527+0300][1042.506s][36520] GC(24720)         Total                          Min: 0, Avg:  0.1, Max: 1, Diff: 1, Sum: 1, Workers: 10
[2025-05-12T23:25:32.527+0300][1042.506s][36520] GC(24720)       JVMTI Tag Weak OopStorage      Min:  0.0, Avg:  0.1, Max:  0.1, Diff:  0.1, Sum:  0.6, Workers: 10
[2025-05-12T23:25:32.527+0300][1042.506s][36520] GC(24720)         Dead                           Min: 0, Avg:  0.0, Max: 0, Diff: 0, Sum: 0, Workers: 10
[2025-05-12T23:25:32.527+0300][1042.506s][36520] GC(24720)         Total                          Min: 0, Avg: 6289.9, Max: 8948, Diff: 8948, Sum: 62899, Workers: 10
[2025-05-12T23:25:32.527+0300][1042.507s][36520] GC(24720)       StringTable Weak               Min:  0.0, Avg:  0.0, Max:  0.0, Diff:  0.0, Sum:  0.2, Workers: 10
[2025-05-12T23:25:32.527+0300][1042.507s][36520] GC(24720)         Dead                           Min: 0, Avg:  1.7, Max: 7, Diff: 7, Sum: 17, Workers: 10
[2025-05-12T23:25:32.527+0300][1042.507s][36520] GC(24720)         Total                          Min: 0, Avg: 3952.9, Max: 5440, Diff: 5440, Sum: 39529, Workers: 10
[2025-05-12T23:25:32.527+0300][1042.507s][36520] GC(24720)       ResolvedMethodTable Weak       Min:  0.0, Avg:  0.0, Max:  0.0, Diff:  0.0, Sum:  0.0, Workers: 10
[2025-05-12T23:25:32.527+0300][1042.507s][36520] GC(24720)         Dead                           Min: 0, Avg:  0.0, Max: 0, Diff: 0, Sum: 0, Workers: 10
[2025-05-12T23:25:32.527+0300][1042.507s][36520] GC(24720)         Total                          Min: 0, Avg: 43.4, Max: 120, Diff: 120, Sum: 434, Workers: 10
[2025-05-12T23:25:32.527+0300][1042.507s][36520] GC(24720)       JNI Weak                       Min:  0.0, Avg:  0.0, Max:  0.0, Diff:  0.0, Sum:  0.0, Workers: 10
[2025-05-12T23:25:32.527+0300][1042.507s][36520] GC(24720)         Dead                           Min: 0, Avg:  0.0, Max: 0, Diff: 0, Sum: 0, Workers: 10
[2025-05-12T23:25:32.527+0300][1042.507s][36520] GC(24720)         Total                          Min: 0, Avg:  1.1, Max: 11, Diff: 11, Sum: 11, Workers: 10
[2025-05-12T23:25:32.527+0300][1042.507s][36520] GC(24720)       StringDedup Table Weak         Min:  0.0, Avg:  0.0, Max:  0.0, Diff:  0.0, Sum:  0.0, Workers: 10
[2025-05-12T23:25:32.527+0300][1042.507s][36520] GC(24720)         Dead                           Min: 0, Avg:  0.0, Max: 0, Diff: 0, Sum: 0, Workers: 10
[2025-05-12T23:25:32.527+0300][1042.507s][36520] GC(24720)         Total                          Min: 0, Avg:  0.0, Max: 0, Diff: 0, Sum: 0, Workers: 10
[2025-05-12T23:25:32.528+0300][1042.507s][36520] GC(24720)       StringDedup Requests0 Weak     Min:  0.0, Avg:  0.0, Max:  0.0, Diff:  0.0, Sum:  0.0, Workers: 10
[2025-05-12T23:25:32.528+0300][1042.507s][36520] GC(24720)         Dead                           Min: 0, Avg:  0.0, Max: 0, Diff: 0, Sum: 0, Workers: 10
[2025-05-12T23:25:32.528+0300][1042.507s][36520] GC(24720)         Total                          Min: 0, Avg:  0.0, Max: 0, Diff: 0, Sum: 0, Workers: 10
[2025-05-12T23:25:32.528+0300][1042.507s][36520] GC(24720)       StringDedup Requests1 Weak     Min:  0.0, Avg:  0.0, Max:  0.0, Diff:  0.0, Sum:  0.0, Workers: 10
[2025-05-12T23:25:32.528+0300][1042.507s][36520] GC(24720)         Dead                           Min: 0, Avg:  0.0, Max: 0, Diff: 0, Sum: 0, Workers: 10
[2025-05-12T23:25:32.528+0300][1042.507s][36520] GC(24720)         Total                          Min: 0, Avg:  0.0, Max: 0, Diff: 0, Sum: 0, Workers: 10
[2025-05-12T23:25:32.528+0300][1042.507s][36520] GC(24720)       Weak JFR Old Object Samples    Min:  0.0, Avg:  0.0, Max:  0.0, Diff:  0.0, Sum:  0.0, Workers: 10
[2025-05-12T23:25:32.528+0300][1042.507s][36520] GC(24720)         Dead                           Min: 0, Avg:  0.0, Max: 0, Diff: 0, Sum: 0, Workers: 10
[2025-05-12T23:25:32.528+0300][1042.507s][36520] GC(24720)         Total                          Min: 0, Avg:  0.0, Max: 0, Diff: 0, Sum: 0, Workers: 10
[2025-05-12T23:25:32.528+0300][1042.507s][36520] GC(24720)     Post Evacuate Cleanup 1: 0.1ms
[2025-05-12T23:25:32.528+0300][1042.507s][36520] GC(24720)       Merge Per-Thread State (ms):   Min:  0.0, Avg:  0.0, Max:  0.0, Diff:  0.0, Sum:  0.0, Workers: 1
[2025-05-12T23:25:32.528+0300][1042.507s][36520] GC(24720)         Copied Bytes                   Min: 0, Avg:  0.0, Max: 0, Diff: 0, Sum: 0, Workers: 2
[2025-05-12T23:25:32.528+0300][1042.507s][36520] GC(24720)         LAB Waste                      Min: 0, Avg:  0.0, Max: 0, Diff: 0, Sum: 0, Workers: 2
[2025-05-12T23:25:32.528+0300][1042.507s][36520] GC(24720)         LAB Undo Waste                 Min: 0, Avg:  0.0, Max: 0, Diff: 0, Sum: 0, Workers: 2
[2025-05-12T23:25:32.528+0300][1042.507s][36520] GC(24720)       Clear Logged Cards (ms):       Min:  0.0, Avg:  0.0, Max:  0.0, Diff:  0.0, Sum:  0.0, Workers: 2
[2025-05-12T23:25:32.528+0300][1042.507s][36520] GC(24720)       Recalculate Used Memory (ms):  Min:  0.0, Avg:  0.0, Max:  0.0, Diff:  0.0, Sum:  0.0, Workers: 1
[2025-05-12T23:25:32.528+0300][1042.507s][36520] GC(24720)       Restore Retained Regions (ms): Min:  0.1, Avg:  0.1, Max:  0.1, Diff:  0.0, Sum:  0.1, Workers: 2
[2025-05-12T23:25:32.528+0300][1042.507s][36520] GC(24720)         Evacuation Failure Regions:    Min: 1, Avg:  1.0, Max: 1, Diff: 0, Sum: 1, Workers: 1
[2025-05-12T23:25:32.528+0300][1042.507s][36520] GC(24720)         Remove Self Forwards (ms):     Min:  0.0, Avg:  0.1, Max:  0.1, Diff:  0.0, Sum:  0.1, Workers: 2
[2025-05-12T23:25:32.528+0300][1042.507s][36520] GC(24720)           Forward Chunks:                Min: 20, Avg: 27.5, Max: 35, Diff: 15, Sum: 55, Workers: 2
[2025-05-12T23:25:32.528+0300][1042.507s][36520] GC(24720)           Empty Forward Chunks:          Min: 3, Avg:  4.5, Max: 6, Diff: 3, Sum: 9, Workers: 2
[2025-05-12T23:25:32.528+0300][1042.507s][36520] GC(24720)           Forward Objects:               Min: 1686, Avg: 1695.0, Max: 1704, Diff: 18, Sum: 3390, Workers: 2
[2025-05-12T23:25:32.528+0300][1042.507s][36520] GC(24720)           Forward Bytes:                 Min: 78872, Avg: 79012.0, Max: 79152, Diff: 280, Sum: 158024, Workers: 2
[2025-05-12T23:25:32.528+0300][1042.507s][36520] GC(24720)     Post Evacuate Cleanup 2: 0.0ms
[2025-05-12T23:25:32.528+0300][1042.507s][36520] GC(24720)       Recalculate Used Memory (ms):  Min:  0.0, Avg:  0.0, Max:  0.0, Diff:  0.0, Sum:  0.0, Workers: 1
[2025-05-12T23:25:32.528+0300][1042.507s][36520] GC(24720)       Restore Preserved Marks (ms):  Min:  0.0, Avg:  0.0, Max:  0.0, Diff:  0.0, Sum:  0.0, Workers: 2
[2025-05-12T23:25:32.528+0300][1042.507s][36520] GC(24720)       Clear Retained Region Bitmaps (ms): skipped
[2025-05-12T23:25:32.528+0300][1042.507s][36520] GC(24720)       Update Derived Pointers (ms):  Min:  0.0, Avg:  0.0, Max:  0.0, Diff:  0.0, Sum:  0.0, Workers: 1
[2025-05-12T23:25:32.528+0300][1042.507s][36520] GC(24720)       Eagerly Reclaim Humongous Objects (ms): skipped
[2025-05-12T23:25:32.528+0300][1042.507s][36520] GC(24720)         Humongous Total                skipped
[2025-05-12T23:25:32.528+0300][1042.507s][36520] GC(24720)         Humongous Candidates           skipped
[2025-05-12T23:25:32.528+0300][1042.507s][36520] GC(24720)         Humongous Reclaimed            skipped
[2025-05-12T23:25:32.528+0300][1042.507s][36520] GC(24720)       Redirty Logged Cards (ms):     Min:  0.0, Avg:  0.0, Max:  0.0, Diff:  0.0, Sum:  0.0, Workers: 2
[2025-05-12T23:25:32.528+0300][1042.507s][36520] GC(24720)         Redirtied Cards:               Min: 0, Avg:  0.0, Max: 0, Diff: 0, Sum: 0, Workers: 2
[2025-05-12T23:25:32.528+0300][1042.507s][36520] GC(24720)       Resize TLABs (ms):             Min:  0.0, Avg:  0.0, Max:  0.0, Diff:  0.0, Sum:  0.0, Workers: 2
[2025-05-12T23:25:32.528+0300][1042.507s][36520] GC(24720)       Free Collection Set (ms):      Min:  0.0, Avg:  0.0, Max:  0.0, Diff:  0.0, Sum:  0.0, Workers: 2
[2025-05-12T23:25:32.528+0300][1042.507s][36520] GC(24720)     Rebuild Free List: 0.0ms
[2025-05-12T23:25:32.528+0300][1042.507s][36520] GC(24720)     Prepare For Mutator: 0.1ms
[2025-05-12T23:25:32.528+0300][1042.507s][36520] GC(24720)     Expand Heap After Collection: 0.0ms
[2025-05-12T23:25:32.528+0300][1042.507s][36520] GC(24720)   Other: 0.3ms
[2025-05-12T23:25:32.528+0300][1042.507s][36520] GC(24720) Coarsening (recent): Inline->AoC 0 (0) AoC->Howl 0 (0) Howl->Full 0 (0) Inline->AoC 0 (0) AoC->BitMap 0 (0) BitMap->Full 0 (0) 
[2025-05-12T23:25:32.528+0300][1042.507s][36520] GC(24720) Coarsening (all): Inline->AoC 10920 (0) AoC->Howl 7731 (0) Howl->Full 0 (0) Inline->AoC 10809 (0) AoC->BitMap 7399 (0) BitMap->Full 0 (0) 
[2025-05-12T23:25:32.528+0300][1042.507s][36520] GC(24720) Eden regions: 1->0(0)
[2025-05-12T23:25:32.528+0300][1042.507s][36520] GC(24720) Survivor regions: 0->0(0)
[2025-05-12T23:25:32.528+0300][1042.507s][36520] GC(24720) Old regions: 11->12
[2025-05-12T23:25:32.528+0300][1042.507s][36520] GC(24720) Humongous regions: 0->0
[2025-05-12T23:25:32.528+0300][1042.507s][36520] GC(24720) Metaspace: 10759K(12736K)->10759K(12736K) NonClass: 9683K(11328K)->9683K(11328K) Class: 1076K(1408K)->1076K(1408K)
[2025-05-12T23:25:32.528+0300][1042.507s][36520] GC(24720) Heap after GC invocations=21182 (full 7097):
[2025-05-12T23:25:32.528+0300][1042.507s][36520] GC(24720)  garbage-first heap   total 12288K, used 12260K [0x00000000ff400000, 0x0000000100000000)
[2025-05-12T23:25:32.528+0300][1042.507s][36520] GC(24720)   region size 1024K, 0 young (0K), 0 survivors (0K)
[2025-05-12T23:25:32.528+0300][1042.507s][36520] GC(24720)  Metaspace       used 10759K, committed 12736K, reserved 1114112K
[2025-05-12T23:25:32.528+0300][1042.507s][36520] GC(24720)   class space    used 1076K, committed 1408K, reserved 1048576K
[2025-05-12T23:25:32.528+0300][1042.507s][36520] GC(24720) Pause Young (Concurrent Start) (G1 Evacuation Pause) (Evacuation Failure) 11M->11M(12M) 2.914ms
[2025-05-12T23:25:32.528+0300][1042.507s][36520] GC(24720) User=0.00s Sys=0.00s Real=0.00s
[2025-05-12T23:25:32.528+0300][1042.507s][36520] Attempt heap expansion (allocation request failed). Allocation request: 16400B
[2025-05-12T23:25:32.528+0300][1042.507s][34628] GC(24721) Concurrent Mark Cycle
[2025-05-12T23:25:32.528+0300][1042.507s][36520] Expand the heap. requested expansion amount: 1048576B expansion amount: 1048576B
[2025-05-12T23:25:32.528+0300][1042.507s][34628] GC(24721) Concurrent Scan Root Regions
[2025-05-12T23:25:32.528+0300][1042.507s][36520] Did not expand the heap (heap already fully expanded)
[2025-05-12T23:25:32.528+0300][1042.507s][34628] GC(24721) Concurrent Scan Root Regions 0.031ms
[2025-05-12T23:25:32.528+0300][1042.507s][36520] Attempting full compaction
[2025-05-12T23:25:32.528+0300][1042.507s][34628] GC(24721) Concurrent Mark
[2025-05-12T23:25:32.528+0300][1042.507s][36520] GC(24722) Pause Full (G1 Compaction Pause)
[2025-05-12T23:25:32.528+0300][1042.507s][34628] GC(24721) Concurrent Mark From Roots
[2025-05-12T23:25:32.528+0300][1042.507s][36520] GC(24722) Heap before GC invocations=21182 (full 7097):
[2025-05-12T23:25:32.528+0300][1042.507s][34628] GC(24721) Using 3 workers of 3 for marking
[2025-05-12T23:25:32.528+0300][1042.507s][36520] GC(24722)  garbage-first heap   total 12288K, used 12260K [0x00000000ff400000, 0x0000000100000000)
[2025-05-12T23:25:32.528+0300][1042.507s][36520] GC(24722)   region size 1024K, 0 young (0K), 0 survivors (0K)
[2025-05-12T23:25:32.528+0300][1042.507s][36520] GC(24722)  Metaspace       used 10759K, committed 12736K, reserved 1114112K
[2025-05-12T23:25:32.528+0300][1042.507s][36520] GC(24722)   class space    used 1076K, committed 1408K, reserved 1048576K
[2025-05-12T23:25:32.528+0300][1042.507s][36520] GC(24722) Requesting 1 active workers for full compaction (waste limited workers: 1, adaptive workers: 2, used limited workers: 12)
[2025-05-12T23:25:32.528+0300][1042.507s][36520] GC(24722) Using 1 workers of 10 for full compaction
[2025-05-12T23:25:32.528+0300][1042.507s][36520] GC(24722) Clear Bitmap
[2025-05-12T23:25:32.528+0300][1042.507s][36520] GC(24722) Running G1 Clear Bitmap with 1 workers for 1 work units.
[2025-05-12T23:25:32.528+0300][1042.508s][36520] GC(24722) Clear Bitmap 0.048ms
[2025-05-12T23:25:32.528+0300][1042.508s][36520] GC(24722) Mutator Allocation stats, regions: 0, wasted size: 0B ( 0.0%)
[2025-05-12T23:25:32.528+0300][1042.508s][36520] GC(24722) Phase 1: Mark live objects
[2025-05-12T23:25:32.535+0300][1042.515s][36520] GC(24722) Phase 1: Reference Processing
[2025-05-12T23:25:32.535+0300][1042.515s][36520] GC(24722) ReferenceProcessor::execute queues: 1, RefProcThreadModel::Single, marks_oops_alive: false
[2025-05-12T23:25:32.535+0300][1042.515s][36520] GC(24722) Skipped KeepAliveFinalRefsPhase of Reference Processing: no references
[2025-05-12T23:25:32.535+0300][1042.515s][36520] GC(24722) ReferenceProcessor::execute queues: 1, RefProcThreadModel::Single, marks_oops_alive: false
[2025-05-12T23:25:32.535+0300][1042.515s][36520] GC(24722) Reference Processing: 0.0ms
[2025-05-12T23:25:32.535+0300][1042.515s][36520] GC(24722)   Notify Soft/WeakReferences: 0.0ms
[2025-05-12T23:25:32.535+0300][1042.515s][36520] GC(24722)     SoftRef: 0.0ms
[2025-05-12T23:25:32.535+0300][1042.515s][36520] GC(24722)     WeakRef: 0.0ms
[2025-05-12T23:25:32.535+0300][1042.515s][36520] GC(24722)     FinalRef: 0.0ms
[2025-05-12T23:25:32.535+0300][1042.515s][36520] GC(24722)     Total: 0.0ms
[2025-05-12T23:25:32.535+0300][1042.515s][36520] GC(24722)   Notify and keep alive finalizable: 0.0ms
[2025-05-12T23:25:32.535+0300][1042.515s][36520] GC(24722)     FinalRef: skipped
[2025-05-12T23:25:32.535+0300][1042.515s][36520] GC(24722)   Notify PhantomReferences: 0.0ms
[2025-05-12T23:25:32.535+0300][1042.515s][36520] GC(24722)     PhantomRef: 0.0ms
[2025-05-12T23:25:32.535+0300][1042.515s][36520] GC(24722)   SoftReference Discovered: 46, Dropped: 4, Processed: 42
[2025-05-12T23:25:32.535+0300][1042.515s][36520] GC(24722)   WeakReference Discovered: 33, Dropped: 14, Processed: 19
[2025-05-12T23:25:32.535+0300][1042.515s][36520] GC(24722)   FinalReference Discovered: 0, Dropped: 0, Processed: 0
[2025-05-12T23:25:32.535+0300][1042.515s][36520] GC(24722)   PhantomReference Discovered: 23, Dropped: 23, Processed: 0
[2025-05-12T23:25:32.535+0300][1042.515s][36520] GC(24722) Phase 1: Reference Processing 0.211ms
[2025-05-12T23:25:32.535+0300][1042.515s][36520] GC(24722) Phase 1: Weak Processing
[2025-05-12T23:25:32.536+0300][1042.515s][36520] GC(24722)   VM Weak                        Min:  0.0, Avg:  0.0, Max:  0.0, Diff:  0.0, Sum:  0.0, Workers: 10
[2025-05-12T23:25:32.536+0300][1042.515s][36520] GC(24722)     Dead                           Min: 0, Avg:  2.0, Max: 20, Diff: 20, Sum: 20, Workers: 10
[2025-05-12T23:25:32.536+0300][1042.515s][36520] GC(24722)     Total                          Min: 0, Avg:  6.7, Max: 67, Diff: 67, Sum: 67, Workers: 10
[2025-05-12T23:25:32.536+0300][1042.515s][36520] GC(24722)   ObjectSynchronizer Weak        Min:  0.0, Avg:  0.0, Max:  0.0, Diff:  0.0, Sum:  0.0, Workers: 10
[2025-05-12T23:25:32.536+0300][1042.515s][36520] GC(24722)     Dead                           Min: 0, Avg:  0.0, Max: 0, Diff: 0, Sum: 0, Workers: 10
[2025-05-12T23:25:32.536+0300][1042.515s][36520] GC(24722)     Total                          Min: 0, Avg:  0.1, Max: 1, Diff: 1, Sum: 1, Workers: 10
[2025-05-12T23:25:32.536+0300][1042.515s][36520] GC(24722)   JVMTI Tag Weak OopStorage      Min:  0.0, Avg:  0.1, Max:  0.1, Diff:  0.1, Sum:  0.5, Workers: 10
[2025-05-12T23:25:32.536+0300][1042.515s][36520] GC(24722)     Dead                           Min: 0, Avg:  2.0, Max: 20, Diff: 20, Sum: 20, Workers: 10
[2025-05-12T23:25:32.536+0300][1042.515s][36520] GC(24722)     Total                          Min: 0, Avg: 6289.9, Max: 8915, Diff: 8915, Sum: 62899, Workers: 10
[2025-05-12T23:25:32.536+0300][1042.515s][36520] GC(24722)   StringTable Weak               Min:  0.0, Avg:  0.0, Max:  0.0, Diff:  0.0, Sum:  0.3, Workers: 10
[2025-05-12T23:25:32.536+0300][1042.515s][36520] GC(24722)     Dead                           Min: 0, Avg:  7.3, Max: 23, Diff: 23, Sum: 73, Workers: 10
[2025-05-12T23:25:32.536+0300][1042.515s][36520] GC(24722)     Total                          Min: 0, Avg: 3952.9, Max: 5246, Diff: 5246, Sum: 39529, Workers: 10
[2025-05-12T23:25:32.536+0300][1042.515s][36520] GC(24722)   ResolvedMethodTable Weak       Min:  0.0, Avg:  0.0, Max:  0.0, Diff:  0.0, Sum:  0.0, Workers: 10
[2025-05-12T23:25:32.536+0300][1042.515s][36520] GC(24722)     Dead                           Min: 0, Avg:  3.7, Max: 30, Diff: 30, Sum: 37, Workers: 10
[2025-05-12T23:25:32.536+0300][1042.515s][36520] GC(24722)     Total                          Min: 0, Avg: 43.4, Max: 120, Diff: 120, Sum: 434, Workers: 10
[2025-05-12T23:25:32.536+0300][1042.515s][36520] GC(24722)   JNI Weak                       Min:  0.0, Avg:  0.0, Max:  0.0, Diff:  0.0, Sum:  0.0, Workers: 10
[2025-05-12T23:25:32.536+0300][1042.515s][36520] GC(24722)     Dead                           Min: 0, Avg:  0.0, Max: 0, Diff: 0, Sum: 0, Workers: 10
[2025-05-12T23:25:32.536+0300][1042.515s][36520] GC(24722)     Total                          Min: 0, Avg:  1.1, Max: 11, Diff: 11, Sum: 11, Workers: 10
[2025-05-12T23:25:32.536+0300][1042.515s][36520] GC(24722)   StringDedup Table Weak         Min:  0.0, Avg:  0.0, Max:  0.0, Diff:  0.0, Sum:  0.0, Workers: 10
[2025-05-12T23:25:32.536+0300][1042.515s][36520] GC(24722)     Dead                           Min: 0, Avg:  0.0, Max: 0, Diff: 0, Sum: 0, Workers: 10
[2025-05-12T23:25:32.536+0300][1042.515s][36520] GC(24722)     Total                          Min: 0, Avg:  0.0, Max: 0, Diff: 0, Sum: 0, Workers: 10
[2025-05-12T23:25:32.536+0300][1042.515s][36520] GC(24722)   StringDedup Requests0 Weak     Min:  0.0, Avg:  0.0, Max:  0.0, Diff:  0.0, Sum:  0.0, Workers: 10
[2025-05-12T23:25:32.536+0300][1042.515s][36520] GC(24722)     Dead                           Min: 0, Avg:  0.0, Max: 0, Diff: 0, Sum: 0, Workers: 10
[2025-05-12T23:25:32.536+0300][1042.515s][36520] GC(24722)     Total                          Min: 0, Avg:  0.0, Max: 0, Diff: 0, Sum: 0, Workers: 10
[2025-05-12T23:25:32.536+0300][1042.516s][36520] GC(24722)   StringDedup Requests1 Weak     Min:  0.0, Avg:  0.0, Max:  0.0, Diff:  0.0, Sum:  0.0, Workers: 10
[2025-05-12T23:25:32.536+0300][1042.516s][36520] GC(24722)     Dead                           Min: 0, Avg:  0.0, Max: 0, Diff: 0, Sum: 0, Workers: 10
[2025-05-12T23:25:32.536+0300][1042.516s][36520] GC(24722)     Total                          Min: 0, Avg:  0.0, Max: 0, Diff: 0, Sum: 0, Workers: 10
[2025-05-12T23:25:32.536+0300][1042.516s][36520] GC(24722)   Weak JFR Old Object Samples    Min:  0.0, Avg:  0.0, Max:  0.0, Diff:  0.0, Sum:  0.0, Workers: 10
[2025-05-12T23:25:32.536+0300][1042.516s][36520] GC(24722)     Dead                           Min: 0, Avg:  0.0, Max: 0, Diff: 0, Sum: 0, Workers: 10
[2025-05-12T23:25:32.536+0300][1042.516s][36520] GC(24722)     Total                          Min: 0, Avg:  0.0, Max: 0, Diff: 0, Sum: 0, Workers: 10
[2025-05-12T23:25:32.536+0300][1042.516s][36520] GC(24722) Phase 1: Weak Processing 0.481ms
[2025-05-12T23:25:32.536+0300][1042.516s][36520] GC(24722) Phase 1: Class Unloading and Cleanup
[2025-05-12T23:25:32.536+0300][1042.516s][36520] GC(24722) ClassLoaderData
[2025-05-12T23:25:32.536+0300][1042.516s][36520] GC(24722) ClassLoaderData 0.070ms
[2025-05-12T23:25:32.536+0300][1042.516s][36520] GC(24722) Trigger cleanups
[2025-05-12T23:25:32.536+0300][1042.516s][36520] GC(24722) Trigger cleanups 0.008ms
[2025-05-12T23:25:32.541+0300][1042.520s][36520] GC(24722) Phase 1: Class Unloading and Cleanup 4.904ms
[2025-05-12T23:25:32.541+0300][1042.521s][36520] GC(24722) Report Object Count
[2025-05-12T23:25:32.541+0300][1042.521s][36520] GC(24722) Report Object Count 0.013ms
[2025-05-12T23:25:32.541+0300][1042.521s][36520] GC(24722) Phase 1: Mark live objects 13.016ms
[2025-05-12T23:25:32.541+0300][1042.521s][36520] GC(24722) Phase 2: Prepare compaction
[2025-05-12T23:25:32.541+0300][1042.521s][36520] GC(24722) Phase 2: Determine work lists
[2025-05-12T23:25:32.541+0300][1042.521s][36520] GC(24722) Phase 2: Determine work lists 0.011ms
[2025-05-12T23:25:32.541+0300][1042.521s][36520] GC(24722) Phase 2: Prepare parallel compaction
[2025-05-12T23:25:32.541+0300][1042.521s][36520] GC(24722) Phase 2: Prepare parallel compaction 0.288ms
[2025-05-12T23:25:32.541+0300][1042.521s][36520] GC(24722) Phase 2: Prepare compaction 0.366ms
[2025-05-12T23:25:32.541+0300][1042.521s][36520] GC(24722) Phase 3: Adjust pointers
[2025-05-12T23:25:32.546+0300][1042.525s][36520] GC(24722) Phase 3: Adjust pointers 4.150ms
[2025-05-12T23:25:32.546+0300][1042.525s][36520] GC(24722) Phase 4: Compact heap
[2025-05-12T23:25:32.546+0300][1042.525s][36520] GC(24722) Phase 4: Compact heap 0.222ms
[2025-05-12T23:25:32.546+0300][1042.525s][36520] GC(24722) Phase 5: Reset Metadata
[2025-05-12T23:25:32.548+0300][1042.527s][36520] GC(24722) Phase 5: Reset Metadata 1.374ms
[2025-05-12T23:25:32.548+0300][1042.527s][36520] GC(24722) Running G1 Clear Bitmap with 1 workers for 1 work units.
[2025-05-12T23:25:32.550+0300][1042.529s][36520] Old generation allocation in the last mutator period, old gen allocated: 0B, humongous allocated: 0B, old gen growth: 0B.
[2025-05-12T23:25:32.550+0300][1042.529s][36520] GC(24722) Coarsening (recent): Inline->AoC 0 (0) AoC->Howl 0 (0) Howl->Full 0 (0) Inline->AoC 0 (0) AoC->BitMap 0 (0) BitMap->Full 0 (0) 
[2025-05-12T23:25:32.550+0300][1042.529s][36520] GC(24722) Coarsening (all): Inline->AoC 10920 (0) AoC->Howl 7731 (0) Howl->Full 0 (0) Inline->AoC 10809 (0) AoC->BitMap 7399 (0) BitMap->Full 0 (0) 
[2025-05-12T23:25:32.550+0300][1042.529s][36520] GC(24722) Eden regions: 0->0(1)
[2025-05-12T23:25:32.550+0300][1042.529s][36520] GC(24722) Survivor regions: 0->0(0)
[2025-05-12T23:25:32.550+0300][1042.529s][36520] GC(24722) Old regions: 12->11
[2025-05-12T23:25:32.550+0300][1042.529s][36520] GC(24722) Humongous regions: 0->0
[2025-05-12T23:25:32.550+0300][1042.529s][36520] GC(24722) Metaspace: 10759K(12736K)->10718K(12736K) NonClass: 9683K(11328K)->9653K(11328K) Class: 1076K(1408K)->1064K(1408K)
[2025-05-12T23:25:32.550+0300][1042.529s][36520] GC(24722) Heap after GC invocations=21183 (full 7098):
[2025-05-12T23:25:32.550+0300][1042.529s][36520] GC(24722)  garbage-first heap   total 12288K, used 11211K [0x00000000ff400000, 0x0000000100000000)
[2025-05-12T23:25:32.550+0300][1042.529s][36520] GC(24722)   region size 1024K, 0 young (0K), 0 survivors (0K)
[2025-05-12T23:25:32.550+0300][1042.529s][36520] GC(24722)  Metaspace       used 10718K, committed 12736K, reserved 1114112K
[2025-05-12T23:25:32.550+0300][1042.529s][36520] GC(24722)   class space    used 1064K, committed 1408K, reserved 1048576K
[2025-05-12T23:25:32.550+0300][1042.529s][36520] GC(24722) Pause Full (G1 Compaction Pause) 11M->10M(12M) 21.650ms
[2025-05-12T23:25:32.550+0300][1042.529s][36520] GC(24722) User=0.00s Sys=0.00s Real=0.02s
[2025-05-12T23:25:32.550+0300][1042.529s][9340 ] G1 Service Thread (Card Set Free Memory Task) (run: 23.406ms) (cpu: 0.000ms)
[2025-05-12T23:25:32.550+0300][1042.529s][34628] ---------------------------------------------------------------------
[2025-05-12T23:25:32.550+0300][1042.529s][34628] Marking Stats, task = 0, calls = 0
[2025-05-12T23:25:32.550+0300][1042.529s][34628]   Elapsed time = 0.00ms, Termination time = 0.00ms
[2025-05-12T23:25:32.550+0300][1042.529s][34628]   Step Times (cum): num = 5369, avg = 0.16ms, sd = 1.55ms max = 16.00ms, total = 833.00ms
[2025-05-12T23:25:32.550+0300][1042.529s][34628]   Mark Stats Cache: hits 4605 misses 0 ratio 100.000
[2025-05-12T23:25:32.550+0300][1042.529s][34628] ---------------------------------------------------------------------
[2025-05-12T23:25:32.550+0300][1042.529s][34628] Marking Stats, task = 1, calls = 0
[2025-05-12T23:25:32.550+0300][1042.529s][34628]   Elapsed time = 0.00ms, Termination time = 0.00ms
[2025-05-12T23:25:32.550+0300][1042.529s][34628]   Step Times (cum): num = 13793, avg = 0.02ms, sd = 0.58ms max = 16.00ms, total = 296.00ms
[2025-05-12T23:25:32.550+0300][1042.529s][34628]   Mark Stats Cache: hits 1966 misses 0 ratio 100.000
[2025-05-12T23:25:32.550+0300][1042.529s][34628] ---------------------------------------------------------------------
[2025-05-12T23:25:32.550+0300][1042.529s][34628] Marking Stats, task = 2, calls = 0
[2025-05-12T23:25:32.550+0300][1042.529s][34628]   Elapsed time = 0.00ms, Termination time = 0.00ms
[2025-05-12T23:25:32.550+0300][1042.529s][34628]   Step Times (cum): num = 13231, avg = 0.02ms, sd = 0.61ms max = 16.00ms, total = 313.00ms
[2025-05-12T23:25:32.550+0300][1042.529s][34628]   Mark Stats Cache: hits 0 misses 0 ratio 0.000
[2025-05-12T23:25:32.550+0300][1042.529s][34628] ---------------------------------------------------------------------
[2025-05-12T23:25:32.550+0300][1042.529s][34628] GC(24721) Concurrent Mark From Roots 21.972ms
[2025-05-12T23:25:32.550+0300][1042.529s][34628] GC(24721) Concurrent Mark Abort
[2025-05-12T23:25:32.550+0300][1042.529s][34628] GC(24721) Concurrent Mark Cycle 22.133ms
[2025-05-12T23:25:32.577+0300][1042.556s][36520] GC(24723) Pause Young (Normal) (G1 Evacuation Pause)
[2025-05-12T23:25:32.577+0300][1042.556s][36520] GC(24723) Heap before GC invocations=21183 (full 7098):
[2025-05-12T23:25:32.577+0300][1042.556s][36520] GC(24723)  garbage-first heap   total 12288K, used 12235K [0x00000000ff400000, 0x0000000100000000)
[2025-05-12T23:25:32.577+0300][1042.556s][36520] GC(24723)   region size 1024K, 1 young (1024K), 0 survivors (0K)
[2025-05-12T23:25:32.577+0300][1042.556s][36520] GC(24723)  Metaspace       used 10759K, committed 12736K, reserved 1114112K
[2025-05-12T23:25:32.577+0300][1042.556s][36520] GC(24723)   class space    used 1076K, committed 1408K, reserved 1048576K
[2025-05-12T23:25:32.577+0300][1042.556s][36520] GC(24723) Using 2 workers of 10 for evacuation
[2025-05-12T23:25:32.577+0300][1042.556s][36520] GC(24723) Desired survivor size 524288 bytes, new threshold 15 (max threshold 15)
[2025-05-12T23:25:32.577+0300][1042.556s][36520] GC(24723) TLAB totals: thrds: 2  refills: 311 max: 310 slow allocs: 151 max 151 waste: 22.2% gc: 2352B max: 2352B slow: 185632B max: 185632B
[2025-05-12T23:25:32.577+0300][1042.556s][36520] GC(24723) Mutator refinement: 0.00ms, refined: 0, precleaned: 0, dirtied: 100
[2025-05-12T23:25:32.577+0300][1042.556s][36520] GC(24723) Concurrent refinement: 0.00ms, refined: 0, precleaned: 0, dirtied: 0
[2025-05-12T23:25:32.577+0300][1042.556s][36520] GC(24723) Total refinement: 0.00ms, refined: 0, precleaned: 0, dirtied: 100
[2025-05-12T23:25:32.577+0300][1042.556s][36520] GC(24723) Generate dirty cards rate: 3.65 cards/ms
[2025-05-12T23:25:32.577+0300][1042.556s][36520] GC(24723) Mutator Allocation stats, regions: 1, wasted size: 1304B ( 0.1%)
[2025-05-12T23:25:32.577+0300][1042.556s][36520] GC(24723) No candidates to reclaim.
[2025-05-12T23:25:32.577+0300][1042.556s][36520] GC(24723) Running G1 Merge Heap Roots using 2 workers for 1 regions
[2025-05-12T23:25:32.577+0300][1042.557s][36520] GC(24723) Visited cards 1088 Total dirty 12288 (8.85%) Total old 26624 (4.09%)
[2025-05-12T23:25:32.577+0300][1042.557s][28516] GC(24723) Attempt heap expansion (region allocation request failed). Allocation request: 2064B
[2025-05-12T23:25:32.577+0300][1042.557s][28516] GC(24723) Did not expand the heap (heap already fully expanded)
[2025-05-12T23:25:32.577+0300][1042.557s][36520] GC(24723) ReferenceProcessor::execute queues: 1, RefProcThreadModel::Single, marks_oops_alive: false
[2025-05-12T23:25:32.577+0300][1042.557s][36520] GC(24723) Skipped KeepAliveFinalRefsPhase of Reference Processing: no references
[2025-05-12T23:25:32.577+0300][1042.557s][36520] GC(24723) Skipped PhantomRefsPhase of Reference Processing: no references
[2025-05-12T23:25:32.578+0300][1042.557s][36520] GC(24723) Initializing removing self forwards with 64 chunks per region
[2025-05-12T23:25:32.578+0300][1042.557s][36520] GC(24723) Running G1 Rebuild Free List Task using 2 workers for rebuilding free list of regions
[2025-05-12T23:25:32.578+0300][1042.557s][36520] GC(24723) Young PLAB allocation: allocated: 0B, wasted: 0B, unused: 0B, used: 0B, undo waste: 0B, 
[2025-05-12T23:25:32.578+0300][1042.557s][36520] GC(24723) Young other allocation: region end waste: 0B, regions filled: 0, num plab filled: 2, direct allocated: 0B, num direct allocated: 0, failure used: 0B, failure wasted: 0B
[2025-05-12T23:25:32.578+0300][1042.557s][36520] GC(24723) Young sizing: calculated: 0B, actual: 2064B
[2025-05-12T23:25:32.578+0300][1042.557s][36520] GC(24723) Old PLAB allocation: allocated: 0B, wasted: 0B, unused: 0B, used: 0B, undo waste: 0B, 
[2025-05-12T23:25:32.578+0300][1042.557s][36520] GC(24723) Old other allocation: region end waste: 0B, regions filled: 0, num plab filled: 2, direct allocated: 0B, num direct allocated: 0, failure used: 149344B, failure wasted: 899232B
[2025-05-12T23:25:32.578+0300][1042.557s][36520] GC(24723) Old sizing: calculated: 0B, actual: 2064B
[2025-05-12T23:25:32.578+0300][1042.557s][36520] GC(24723) Heap expansion: short term pause time ratio 40.56% long term pause time ratio 41.89% threshold 7.69% pause time ratio 7.69% fully expanded true resize by 0B
[2025-05-12T23:25:32.578+0300][1042.557s][9340 ] G1 Service Thread (Card Set Free Memory Task) (run 0.009ms after schedule)
[2025-05-12T23:25:32.578+0300][1042.557s][36520] GC(24723) Request concurrent cycle initiation (occupancy higher than threshold) occupancy: 12582912B allocation request: 0B threshold: 3657334B (29.07) source: end of GC
[2025-05-12T23:25:32.578+0300][1042.557s][36520] GC(24723) MMU: 5.7ms (200.0ms/201.0ms)
[2025-05-12T23:25:32.578+0300][1042.557s][36520] Old generation allocation in the last mutator period, old gen allocated: 1048576B, humongous allocated: 0B, old gen growth: 1048576B.
[2025-05-12T23:25:32.578+0300][1042.557s][36520] GC(24723) Basic information (value update), threshold: 3704638B (29.44), target occupancy: 12582912B, current occupancy: 12529136B, recent allocation size: 1048576B, recent allocation duration: 27.39ms, recent old gen allocation rate: 38289459.75B/s, recent marking phase length: 120.12ms
[2025-05-12T23:25:32.578+0300][1042.557s][36520] GC(24723) Adaptive IHOP information (value update), threshold: 3704638B (34.64), internal target occupancy: 10695475B, occupancy: 12529136B, additional buffer size: 1048576B, predicted old gen allocation rate: 49238648.64B/s, predicted marking phase length: 120.68ms, prediction active: true
[2025-05-12T23:25:32.578+0300][1042.557s][36520] GC(24723) GC refinement: goal: 18446744073709551615 + 106 / 20.00ms, actual: 100 / 0.04ms, 
[2025-05-12T23:25:32.578+0300][1042.557s][36520] GC(24723) Unchanged pending cards target: 18446744073709551615
[2025-05-12T23:25:32.578+0300][1042.557s][36520] GC(24723)   Pre Evacuate Collection Set: 0.1ms
[2025-05-12T23:25:32.578+0300][1042.557s][36520] GC(24723)     Pre Evacuate Prepare: 0.1ms
[2025-05-12T23:25:32.578+0300][1042.557s][36520] GC(24723)       JT Retire TLABs And Flush Logs (ms): Min:  0.0, Avg:  0.0, Max:  0.0, Diff:  0.0, Sum:  0.0, Workers: 2
[2025-05-12T23:25:32.578+0300][1042.557s][36520] GC(24723)       Non-JT Flush Logs (ms):        Min:  0.0, Avg:  0.0, Max:  0.0, Diff:  0.0, Sum:  0.0, Workers: 1
[2025-05-12T23:25:32.578+0300][1042.557s][36520] GC(24723)     Choose Collection Set: 0.0ms
[2025-05-12T23:25:32.578+0300][1042.557s][36520] GC(24723)     Region Register: 0.0ms
[2025-05-12T23:25:32.578+0300][1042.557s][36520] GC(24723)     Prepare Heap Roots: 0.0ms
[2025-05-12T23:25:32.578+0300][1042.557s][36520] GC(24723)   Merge Heap Roots: 0.1ms
[2025-05-12T23:25:32.578+0300][1042.557s][36520] GC(24723)     Prepare Merge Heap Roots: 0.0ms
[2025-05-12T23:25:32.578+0300][1042.557s][36520] GC(24723)     Remembered Sets (ms):          Min:  0.0, Avg:  0.0, Max:  0.0, Diff:  0.0, Sum:  0.0, Workers: 2
[2025-05-12T23:25:32.578+0300][1042.557s][36520] GC(24723)       Eager Reclaim (ms):            skipped
[2025-05-12T23:25:32.578+0300][1042.557s][36520] GC(24723)       Merged Inline                  Min: 0, Avg:  0.0, Max: 0, Diff: 0, Sum: 0, Workers: 2
[2025-05-12T23:25:32.578+0300][1042.557s][36520] GC(24723)       Merged ArrayOfCards            Min: 0, Avg:  0.0, Max: 0, Diff: 0, Sum: 0, Workers: 2
[2025-05-12T23:25:32.578+0300][1042.557s][36520] GC(24723)       Merged Howl                    Min: 0, Avg:  0.0, Max: 0, Diff: 0, Sum: 0, Workers: 2
[2025-05-12T23:25:32.578+0300][1042.557s][36520] GC(24723)       Merged Full                    Min: 0, Avg:  0.0, Max: 0, Diff: 0, Sum: 0, Workers: 2
[2025-05-12T23:25:32.578+0300][1042.557s][36520] GC(24723)       Merged Howl Inline             Min: 0, Avg:  0.0, Max: 0, Diff: 0, Sum: 0, Workers: 2
[2025-05-12T23:25:32.578+0300][1042.558s][36520] GC(24723)       Merged Howl ArrayOfCards       Min: 0, Avg:  0.0, Max: 0, Diff: 0, Sum: 0, Workers: 2
[2025-05-12T23:25:32.578+0300][1042.558s][36520] GC(24723)       Merged Howl BitMap             Min: 0, Avg:  0.0, Max: 0, Diff: 0, Sum: 0, Workers: 2
[2025-05-12T23:25:32.578+0300][1042.558s][36520] GC(24723)       Merged Howl Full               Min: 0, Avg:  0.0, Max: 0, Diff: 0, Sum: 0, Workers: 2
[2025-05-12T23:25:32.578+0300][1042.558s][36520] GC(24723)       Merged Cards                   Min: 8, Avg:  8.0, Max: 8, Diff: 0, Sum: 16, Workers: 2
[2025-05-12T23:25:32.578+0300][1042.558s][36520] GC(24723)     Log Buffers (ms):              Min:  0.0, Avg:  0.0, Max:  0.0, Diff:  0.0, Sum:  0.0, Workers: 2
[2025-05-12T23:25:32.578+0300][1042.558s][36520] GC(24723)       Dirty Cards:                   Min: 0, Avg: 50.0, Max: 100, Diff: 100, Sum: 100, Workers: 2
[2025-05-12T23:25:32.578+0300][1042.558s][36520] GC(24723)       Skipped Cards:                 Min: 0, Avg:  0.0, Max: 0, Diff: 0, Sum: 0, Workers: 2
[2025-05-12T23:25:32.578+0300][1042.558s][36520] GC(24723)   Evacuate Collection Set: 0.3ms
[2025-05-12T23:25:32.578+0300][1042.558s][36520] GC(24723)     Ext Root Scanning (ms):        Min:  0.1, Avg:  0.1, Max:  0.1, Diff:  0.0, Sum:  0.2, Workers: 2
[2025-05-12T23:25:32.578+0300][1042.558s][36520] GC(24723)     Scan Heap Roots (ms):          Min:  0.0, Avg:  0.0, Max:  0.1, Diff:  0.0, Sum:  0.1, Workers: 2
[2025-05-12T23:25:32.578+0300][1042.558s][36520] GC(24723)       Scanned Cards:                 Min: 25, Avg: 50.0, Max: 75, Diff: 50, Sum: 100, Workers: 2
[2025-05-12T23:25:32.578+0300][1042.558s][36520] GC(24723)       Scanned Blocks:                Min: 15, Avg: 34.0, Max: 53, Diff: 38, Sum: 68, Workers: 2
[2025-05-12T23:25:32.578+0300][1042.558s][36520] GC(24723)       Claimed Chunks:                Min: 9, Avg: 17.0, Max: 25, Diff: 16, Sum: 34, Workers: 2
[2025-05-12T23:25:32.578+0300][1042.558s][36520] GC(24723)       Found Roots:                   Min: 45, Avg: 59.0, Max: 73, Diff: 28, Sum: 118, Workers: 2
[2025-05-12T23:25:32.578+0300][1042.558s][36520] GC(24723)     Code Root Scan (ms):           Min:  0.0, Avg:  0.0, Max:  0.0, Diff:  0.0, Sum:  0.0, Workers: 2
[2025-05-12T23:25:32.578+0300][1042.558s][36520] GC(24723)     Object Copy (ms):              Min:  0.1, Avg:  0.1, Max:  0.1, Diff:  0.0, Sum:  0.3, Workers: 2
[2025-05-12T23:25:32.578+0300][1042.558s][36520] GC(24723)     Termination (ms):              Min:  0.0, Avg:  0.0, Max:  0.0, Diff:  0.0, Sum:  0.0, Workers: 2
[2025-05-12T23:25:32.578+0300][1042.558s][36520] GC(24723)       Termination Attempts:          Min: 1, Avg:  1.0, Max: 1, Diff: 0, Sum: 2, Workers: 2
[2025-05-12T23:25:32.578+0300][1042.558s][36520] GC(24723)     GC Worker Other (ms):          Min:  0.0, Avg:  0.0, Max:  0.0, Diff:  0.0, Sum:  0.0, Workers: 2
[2025-05-12T23:25:32.578+0300][1042.558s][36520] GC(24723)     GC Worker Total (ms):          Min:  0.2, Avg:  0.2, Max:  0.3, Diff:  0.0, Sum:  0.5, Workers: 2
[2025-05-12T23:25:32.578+0300][1042.558s][36520] GC(24723)   Post Evacuate Collection Set: 0.4ms
[2025-05-12T23:25:32.578+0300][1042.558s][36520] GC(24723)     NMethod List Cleanup: 0.0ms
[2025-05-12T23:25:32.578+0300][1042.558s][36520] GC(24723)     Reference Processing: 0.1ms
[2025-05-12T23:25:32.578+0300][1042.558s][36520] GC(24723)       Notify Soft/WeakReferences: 0.0ms
[2025-05-12T23:25:32.578+0300][1042.558s][36520] GC(24723)         SoftRef (ms):                  Min:  0.0, Avg:  0.0, Max:  0.0, Diff:  0.0, Sum:  0.0, Workers: 1
[2025-05-12T23:25:32.578+0300][1042.558s][36520] GC(24723)         WeakRef (ms):                  Min:  0.0, Avg:  0.0, Max:  0.0, Diff:  0.0, Sum:  0.0, Workers: 1
[2025-05-12T23:25:32.578+0300][1042.558s][36520] GC(24723)         FinalRef (ms):                 Min:  0.0, Avg:  0.0, Max:  0.0, Diff:  0.0, Sum:  0.0, Workers: 1
[2025-05-12T23:25:32.578+0300][1042.558s][36520] GC(24723)         Total (ms):                    Min:  0.0, Avg:  0.0, Max:  0.0, Diff:  0.0, Sum:  0.0, Workers: 1
[2025-05-12T23:25:32.578+0300][1042.558s][36520] GC(24723)       Notify and keep alive finalizable: 0.0ms
[2025-05-12T23:25:32.578+0300][1042.558s][36520] GC(24723)         FinalRef (ms):                 skipped
[2025-05-12T23:25:32.578+0300][1042.558s][36520] GC(24723)       Notify PhantomReferences: 0.0ms
[2025-05-12T23:25:32.578+0300][1042.558s][36520] GC(24723)         PhantomRef (ms):               skipped
[2025-05-12T23:25:32.578+0300][1042.558s][36520] GC(24723)       SoftReference Discovered: 0, Dropped: 0, Processed: 0
[2025-05-12T23:25:32.578+0300][1042.558s][36520] GC(24723)       WeakReference Discovered: 39, Dropped: 16, Processed: 23
[2025-05-12T23:25:32.578+0300][1042.558s][36520] GC(24723)       FinalReference Discovered: 0, Dropped: 0, Processed: 0
[2025-05-12T23:25:32.578+0300][1042.558s][36520] GC(24723)       PhantomReference Discovered: 0, Dropped: 0, Processed: 0
[2025-05-12T23:25:32.578+0300][1042.558s][36520] GC(24723)     Weak Processing: 0.1ms
[2025-05-12T23:25:32.578+0300][1042.558s][36520] GC(24723)       VM Weak                        Min:  0.0, Avg:  0.0, Max:  0.0, Diff:  0.0, Sum:  0.0, Workers: 10
[2025-05-12T23:25:32.578+0300][1042.558s][36520] GC(24723)         Dead                           Min: 0, Avg:  0.0, Max: 0, Diff: 0, Sum: 0, Workers: 10
[2025-05-12T23:25:32.578+0300][1042.558s][36520] GC(24723)         Total                          Min: 0, Avg:  6.7, Max: 67, Diff: 67, Sum: 67, Workers: 10
[2025-05-12T23:25:32.578+0300][1042.558s][36520] GC(24723)       ObjectSynchronizer Weak        Min:  0.0, Avg:  0.0, Max:  0.0, Diff:  0.0, Sum:  0.0, Workers: 10
[2025-05-12T23:25:32.578+0300][1042.558s][36520] GC(24723)         Dead                           Min: 0, Avg:  0.0, Max: 0, Diff: 0, Sum: 0, Workers: 10
[2025-05-12T23:25:32.578+0300][1042.558s][36520] GC(24723)         Total                          Min: 0, Avg:  0.1, Max: 1, Diff: 1, Sum: 1, Workers: 10
[2025-05-12T23:25:32.578+0300][1042.558s][36520] GC(24723)       JVMTI Tag Weak OopStorage      Min:  0.0, Avg:  0.1, Max:  0.1, Diff:  0.0, Sum:  0.6, Workers: 10
[2025-05-12T23:25:32.579+0300][1042.558s][36520] GC(24723)         Dead                           Min: 0, Avg:  0.0, Max: 0, Diff: 0, Sum: 0, Workers: 10
[2025-05-12T23:25:32.579+0300][1042.558s][36520] GC(24723)         Total                          Min: 3111, Avg: 6289.9, Max: 7462, Diff: 4351, Sum: 62899, Workers: 10
[2025-05-12T23:25:32.579+0300][1042.558s][36520] GC(24723)       StringTable Weak               Min:  0.0, Avg:  0.0, Max:  0.0, Diff:  0.0, Sum:  0.3, Workers: 10
[2025-05-12T23:25:32.579+0300][1042.558s][36520] GC(24723)         Dead                           Min: 0, Avg:  1.7, Max: 5, Diff: 5, Sum: 17, Workers: 10
[2025-05-12T23:25:32.579+0300][1042.558s][36520] GC(24723)         Total                          Min: 3520, Avg: 3952.9, Max: 4352, Diff: 832, Sum: 39529, Workers: 10
[2025-05-12T23:25:32.579+0300][1042.558s][36520] GC(24723)       ResolvedMethodTable Weak       Min:  0.0, Avg:  0.0, Max:  0.0, Diff:  0.0, Sum:  0.0, Workers: 10
[2025-05-12T23:25:32.579+0300][1042.558s][36520] GC(24723)         Dead                           Min: 0, Avg:  0.0, Max: 0, Diff: 0, Sum: 0, Workers: 10
[2025-05-12T23:25:32.579+0300][1042.558s][36520] GC(24723)         Total                          Min: 0, Avg: 45.2, Max: 123, Diff: 123, Sum: 452, Workers: 10
[2025-05-12T23:25:32.579+0300][1042.558s][36520] GC(24723)       JNI Weak                       Min:  0.0, Avg:  0.0, Max:  0.0, Diff:  0.0, Sum:  0.0, Workers: 10
[2025-05-12T23:25:32.579+0300][1042.558s][36520] GC(24723)         Dead                           Min: 0, Avg:  0.0, Max: 0, Diff: 0, Sum: 0, Workers: 10
[2025-05-12T23:25:32.579+0300][1042.558s][36520] GC(24723)         Total                          Min: 0, Avg:  1.1, Max: 11, Diff: 11, Sum: 11, Workers: 10
[2025-05-12T23:25:32.579+0300][1042.558s][36520] GC(24723)       StringDedup Table Weak         Min:  0.0, Avg:  0.0, Max:  0.0, Diff:  0.0, Sum:  0.0, Workers: 10
[2025-05-12T23:25:32.579+0300][1042.558s][36520] GC(24723)         Dead                           Min: 0, Avg:  0.0, Max: 0, Diff: 0, Sum: 0, Workers: 10
[2025-05-12T23:25:32.579+0300][1042.558s][36520] GC(24723)         Total                          Min: 0, Avg:  0.0, Max: 0, Diff: 0, Sum: 0, Workers: 10
[2025-05-12T23:25:32.579+0300][1042.558s][36520] GC(24723)       StringDedup Requests0 Weak     Min:  0.0, Avg:  0.0, Max:  0.0, Diff:  0.0, Sum:  0.0, Workers: 10
[2025-05-12T23:25:32.579+0300][1042.558s][36520] GC(24723)         Dead                           Min: 0, Avg:  0.0, Max: 0, Diff: 0, Sum: 0, Workers: 10
[2025-05-12T23:25:32.579+0300][1042.558s][36520] GC(24723)         Total                          Min: 0, Avg:  0.0, Max: 0, Diff: 0, Sum: 0, Workers: 10
[2025-05-12T23:25:32.579+0300][1042.558s][36520] GC(24723)       StringDedup Requests1 Weak     Min:  0.0, Avg:  0.0, Max:  0.0, Diff:  0.0, Sum:  0.0, Workers: 10
[2025-05-12T23:25:32.579+0300][1042.558s][36520] GC(24723)         Dead                           Min: 0, Avg:  0.0, Max: 0, Diff: 0, Sum: 0, Workers: 10
[2025-05-12T23:25:32.579+0300][1042.558s][36520] GC(24723)         Total                          Min: 0, Avg:  0.0, Max: 0, Diff: 0, Sum: 0, Workers: 10
[2025-05-12T23:25:32.579+0300][1042.558s][36520] GC(24723)       Weak JFR Old Object Samples    Min:  0.0, Avg:  0.0, Max:  0.0, Diff:  0.0, Sum:  0.0, Workers: 10
[2025-05-12T23:25:32.579+0300][1042.558s][36520] GC(24723)         Dead                           Min: 0, Avg:  0.0, Max: 0, Diff: 0, Sum: 0, Workers: 10
[2025-05-12T23:25:32.579+0300][1042.558s][36520] GC(24723)         Total                          Min: 0, Avg:  0.0, Max: 0, Diff: 0, Sum: 0, Workers: 10
[2025-05-12T23:25:32.579+0300][1042.558s][36520] GC(24723)     Post Evacuate Cleanup 1: 0.1ms
[2025-05-12T23:25:32.579+0300][1042.558s][36520] GC(24723)       Merge Per-Thread State (ms):   Min:  0.0, Avg:  0.0, Max:  0.0, Diff:  0.0, Sum:  0.0, Workers: 1
[2025-05-12T23:25:32.579+0300][1042.558s][36520] GC(24723)         Copied Bytes                   Min: 0, Avg:  0.0, Max: 0, Diff: 0, Sum: 0, Workers: 2
[2025-05-12T23:25:32.579+0300][1042.558s][36520] GC(24723)         LAB Waste                      Min: 0, Avg:  0.0, Max: 0, Diff: 0, Sum: 0, Workers: 2
[2025-05-12T23:25:32.579+0300][1042.558s][36520] GC(24723)         LAB Undo Waste                 Min: 0, Avg:  0.0, Max: 0, Diff: 0, Sum: 0, Workers: 2
[2025-05-12T23:25:32.579+0300][1042.558s][36520] GC(24723)       Clear Logged Cards (ms):       Min:  0.0, Avg:  0.0, Max:  0.0, Diff:  0.0, Sum:  0.0, Workers: 2
[2025-05-12T23:25:32.579+0300][1042.558s][36520] GC(24723)       Recalculate Used Memory (ms):  Min:  0.0, Avg:  0.0, Max:  0.0, Diff:  0.0, Sum:  0.0, Workers: 1
[2025-05-12T23:25:32.579+0300][1042.558s][36520] GC(24723)       Restore Retained Regions (ms): Min:  0.0, Avg:  0.0, Max:  0.0, Diff:  0.0, Sum:  0.1, Workers: 2
[2025-05-12T23:25:32.579+0300][1042.558s][36520] GC(24723)         Evacuation Failure Regions:    Min: 1, Avg:  1.0, Max: 1, Diff: 0, Sum: 1, Workers: 1
[2025-05-12T23:25:32.579+0300][1042.558s][36520] GC(24723)         Remove Self Forwards (ms):     Min:  0.0, Avg:  0.0, Max:  0.0, Diff:  0.0, Sum:  0.1, Workers: 2
[2025-05-12T23:25:32.579+0300][1042.558s][36520] GC(24723)           Forward Chunks:                Min: 23, Avg: 25.5, Max: 28, Diff: 5, Sum: 51, Workers: 2
[2025-05-12T23:25:32.579+0300][1042.558s][36520] GC(24723)           Empty Forward Chunks:          Min: 2, Avg:  6.5, Max: 11, Diff: 9, Sum: 13, Workers: 2
[2025-05-12T23:25:32.579+0300][1042.558s][36520] GC(24723)           Forward Objects:               Min: 1275, Avg: 1412.5, Max: 1550, Diff: 275, Sum: 2825, Workers: 2
[2025-05-12T23:25:32.579+0300][1042.558s][36520] GC(24723)           Forward Bytes:                 Min: 71768, Avg: 74672.0, Max: 77576, Diff: 5808, Sum: 149344, Workers: 2
[2025-05-12T23:25:32.579+0300][1042.558s][36520] GC(24723)     Post Evacuate Cleanup 2: 0.0ms
[2025-05-12T23:25:32.579+0300][1042.558s][36520] GC(24723)       Recalculate Used Memory (ms):  Min:  0.0, Avg:  0.0, Max:  0.0, Diff:  0.0, Sum:  0.0, Workers: 1
[2025-05-12T23:25:32.579+0300][1042.558s][36520] GC(24723)       Restore Preserved Marks (ms):  Min:  0.0, Avg:  0.0, Max:  0.0, Diff:  0.0, Sum:  0.0, Workers: 2
[2025-05-12T23:25:32.579+0300][1042.558s][36520] GC(24723)       Clear Retained Region Bitmaps (ms): Min:  0.0, Avg:  0.0, Max:  0.0, Diff:  0.0, Sum:  0.0, Workers: 2
[2025-05-12T23:25:32.579+0300][1042.558s][36520] GC(24723)       Update Derived Pointers (ms):  Min:  0.0, Avg:  0.0, Max:  0.0, Diff:  0.0, Sum:  0.0, Workers: 1
[2025-05-12T23:25:32.579+0300][1042.558s][36520] GC(24723)       Eagerly Reclaim Humongous Objects (ms): skipped
[2025-05-12T23:25:32.579+0300][1042.558s][36520] GC(24723)         Humongous Total                skipped
[2025-05-12T23:25:32.579+0300][1042.558s][36520] GC(24723)         Humongous Candidates           skipped
[2025-05-12T23:25:32.579+0300][1042.558s][36520] GC(24723)         Humongous Reclaimed            skipped
[2025-05-12T23:25:32.579+0300][1042.558s][36520] GC(24723)       Redirty Logged Cards (ms):     Min:  0.0, Avg:  0.0, Max:  0.0, Diff:  0.0, Sum:  0.0, Workers: 2
[2025-05-12T23:25:32.579+0300][1042.558s][36520] GC(24723)         Redirtied Cards:               Min: 0, Avg:  0.0, Max: 0, Diff: 0, Sum: 0, Workers: 2
[2025-05-12T23:25:32.579+0300][1042.558s][36520] GC(24723)       Resize TLABs (ms):             Min:  0.0, Avg:  0.0, Max:  0.0, Diff:  0.0, Sum:  0.0, Workers: 2
[2025-05-12T23:25:32.579+0300][1042.558s][36520] GC(24723)       Free Collection Set (ms):      Min:  0.0, Avg:  0.0, Max:  0.0, Diff:  0.0, Sum:  0.0, Workers: 2
[2025-05-12T23:25:32.579+0300][1042.558s][36520] GC(24723)     Rebuild Free List: 0.0ms
[2025-05-12T23:25:32.579+0300][1042.558s][36520] GC(24723)     Prepare For Mutator: 0.1ms
[2025-05-12T23:25:32.579+0300][1042.558s][36520] GC(24723)     Expand Heap After Collection: 0.0ms
[2025-05-12T23:25:32.579+0300][1042.558s][36520] GC(24723)   Other: 0.3ms
[2025-05-12T23:25:32.579+0300][1042.558s][36520] GC(24723) Coarsening (recent): Inline->AoC 0 (0) AoC->Howl 0 (0) Howl->Full 0 (0) Inline->AoC 0 (0) AoC->BitMap 0 (0) BitMap->Full 0 (0) 
[2025-05-12T23:25:32.579+0300][1042.559s][36520] GC(24723) Coarsening (all): Inline->AoC 10920 (0) AoC->Howl 7731 (0) Howl->Full 0 (0) Inline->AoC 10809 (0) AoC->BitMap 7399 (0) BitMap->Full 0 (0) 
[2025-05-12T23:25:32.579+0300][1042.559s][36520] GC(24723) Eden regions: 1->0(0)
[2025-05-12T23:25:32.579+0300][1042.559s][36520] GC(24723) Survivor regions: 0->0(0)
[2025-05-12T23:25:32.579+0300][1042.559s][36520] GC(24723) Old regions: 11->12
[2025-05-12T23:25:32.579+0300][1042.559s][36520] GC(24723) Humongous regions: 0->0
[2025-05-12T23:25:32.579+0300][1042.559s][36520] GC(24723) Metaspace: 10759K(12736K)->10759K(12736K) NonClass: 9683K(11328K)->9683K(11328K) Class: 1076K(1408K)->1076K(1408K)
[2025-05-12T23:25:32.579+0300][1042.559s][36520] GC(24723) Heap after GC invocations=21184 (full 7098):
[2025-05-12T23:25:32.579+0300][1042.559s][36520] GC(24723)  garbage-first heap   total 12288K, used 12235K [0x00000000ff400000, 0x0000000100000000)
[2025-05-12T23:25:32.579+0300][1042.559s][36520] GC(24723)   region size 1024K, 0 young (0K), 0 survivors (0K)
[2025-05-12T23:25:32.579+0300][1042.559s][36520] GC(24723)  Metaspace       used 10759K, committed 12736K, reserved 1114112K
[2025-05-12T23:25:32.579+0300][1042.559s][36520] GC(24723)   class space    used 1076K, committed 1408K, reserved 1048576K
[2025-05-12T23:25:32.579+0300][1042.559s][36520] GC(24723) Pause Young (Normal) (G1 Evacuation Pause) (Evacuation Failure) 11M->11M(12M) 2.574ms
[2025-05-12T23:25:32.579+0300][1042.559s][36520] GC(24723) User=0.00s Sys=0.00s Real=0.00s
[2025-05-12T23:25:32.579+0300][1042.559s][36520] Attempt heap expansion (allocation request failed). Allocation request: 2048B
[2025-05-12T23:25:32.579+0300][1042.559s][36520] Expand the heap. requested expansion amount: 1048576B expansion amount: 1048576B
[2025-05-12T23:25:32.579+0300][1042.559s][36520] Did not expand the heap (heap already fully expanded)
[2025-05-12T23:25:32.579+0300][1042.559s][36520] Attempting full compaction
[2025-05-12T23:25:32.579+0300][1042.559s][36520] GC(24724) Pause Full (G1 Compaction Pause)
[2025-05-12T23:25:32.579+0300][1042.559s][36520] GC(24724) Heap before GC invocations=21184 (full 7098):
[2025-05-12T23:25:32.579+0300][1042.559s][36520] GC(24724)  garbage-first heap   total 12288K, used 12235K [0x00000000ff400000, 0x0000000100000000)
[2025-05-12T23:25:32.579+0300][1042.559s][36520] GC(24724)   region size 1024K, 0 young (0K), 0 survivors (0K)
[2025-05-12T23:25:32.579+0300][1042.559s][36520] GC(24724)  Metaspace       used 10759K, committed 12736K, reserved 1114112K
[2025-05-12T23:25:32.579+0300][1042.559s][36520] GC(24724)   class space    used 1076K, committed 1408K, reserved 1048576K
[2025-05-12T23:25:32.579+0300][1042.559s][36520] GC(24724) Requesting 1 active workers for full compaction (waste limited workers: 1, adaptive workers: 2, used limited workers: 12)
[2025-05-12T23:25:32.579+0300][1042.559s][36520] GC(24724) Using 1 workers of 10 for full compaction
[2025-05-12T23:25:32.579+0300][1042.559s][36520] GC(24724) Mutator Allocation stats, regions: 0, wasted size: 0B ( 0.0%)
[2025-05-12T23:25:32.579+0300][1042.559s][36520] GC(24724) Phase 1: Mark live objects
[2025-05-12T23:25:32.587+0300][1042.566s][36520] GC(24724) Phase 1: Reference Processing
[2025-05-12T23:25:32.587+0300][1042.566s][36520] GC(24724) ReferenceProcessor::execute queues: 1, RefProcThreadModel::Single, marks_oops_alive: false
[2025-05-12T23:25:32.587+0300][1042.566s][36520] GC(24724) Skipped KeepAliveFinalRefsPhase of Reference Processing: no references
[2025-05-12T23:25:32.587+0300][1042.566s][36520] GC(24724) ReferenceProcessor::execute queues: 1, RefProcThreadModel::Single, marks_oops_alive: false
[2025-05-12T23:25:32.587+0300][1042.566s][36520] GC(24724) Reference Processing: 0.0ms
[2025-05-12T23:25:32.587+0300][1042.566s][36520] GC(24724)   Notify Soft/WeakReferences: 0.0ms
[2025-05-12T23:25:32.587+0300][1042.566s][36520] GC(24724)     SoftRef: 0.0ms
[2025-05-12T23:25:32.587+0300][1042.566s][36520] GC(24724)     WeakRef: 0.0ms
[2025-05-12T23:25:32.587+0300][1042.566s][36520] GC(24724)     FinalRef: 0.0ms
[2025-05-12T23:25:32.587+0300][1042.566s][36520] GC(24724)     Total: 0.0ms
[2025-05-12T23:25:32.587+0300][1042.566s][36520] GC(24724)   Notify and keep alive finalizable: 0.0ms
[2025-05-12T23:25:32.587+0300][1042.566s][36520] GC(24724)     FinalRef: skipped
[2025-05-12T23:25:32.587+0300][1042.566s][36520] GC(24724)   Notify PhantomReferences: 0.0ms
[2025-05-12T23:25:32.587+0300][1042.566s][36520] GC(24724)     PhantomRef: 0.0ms
[2025-05-12T23:25:32.587+0300][1042.566s][36520] GC(24724)   SoftReference Discovered: 46, Dropped: 4, Processed: 42
[2025-05-12T23:25:32.587+0300][1042.566s][36520] GC(24724)   WeakReference Discovered: 34, Dropped: 13, Processed: 21
[2025-05-12T23:25:32.587+0300][1042.566s][36520] GC(24724)   FinalReference Discovered: 0, Dropped: 0, Processed: 0
[2025-05-12T23:25:32.587+0300][1042.566s][36520] GC(24724)   PhantomReference Discovered: 23, Dropped: 23, Processed: 0
[2025-05-12T23:25:32.587+0300][1042.566s][36520] GC(24724) Phase 1: Reference Processing 0.212ms
[2025-05-12T23:25:32.587+0300][1042.566s][36520] GC(24724) Phase 1: Weak Processing
[2025-05-12T23:25:32.587+0300][1042.566s][36520] GC(24724)   VM Weak                        Min:  0.0, Avg:  0.0, Max:  0.0, Diff:  0.0, Sum:  0.0, Workers: 10
[2025-05-12T23:25:32.587+0300][1042.566s][36520] GC(24724)     Dead                           Min: 0, Avg:  2.1, Max: 21, Diff: 21, Sum: 21, Workers: 10
[2025-05-12T23:25:32.587+0300][1042.566s][36520] GC(24724)     Total                          Min: 0, Avg:  6.7, Max: 67, Diff: 67, Sum: 67, Workers: 10
[2025-05-12T23:25:32.587+0300][1042.566s][36520] GC(24724)   ObjectSynchronizer Weak        Min:  0.0, Avg:  0.0, Max:  0.0, Diff:  0.0, Sum:  0.0, Workers: 10
[2025-05-12T23:25:32.587+0300][1042.566s][36520] GC(24724)     Dead                           Min: 0, Avg:  0.0, Max: 0, Diff: 0, Sum: 0, Workers: 10
[2025-05-12T23:25:32.587+0300][1042.566s][36520] GC(24724)     Total                          Min: 0, Avg:  0.1, Max: 1, Diff: 1, Sum: 1, Workers: 10
[2025-05-12T23:25:32.587+0300][1042.566s][36520] GC(24724)   JVMTI Tag Weak OopStorage      Min:  0.0, Avg:  0.1, Max:  0.1, Diff:  0.1, Sum:  0.5, Workers: 10
[2025-05-12T23:25:32.587+0300][1042.566s][36520] GC(24724)     Dead                           Min: 0, Avg:  2.1, Max: 21, Diff: 21, Sum: 21, Workers: 10
[2025-05-12T23:25:32.587+0300][1042.566s][36520] GC(24724)     Total                          Min: 0, Avg: 6289.9, Max: 7765, Diff: 7765, Sum: 62899, Workers: 10
[2025-05-12T23:25:32.587+0300][1042.566s][36520] GC(24724)   StringTable Weak               Min:  0.0, Avg:  0.0, Max:  0.0, Diff:  0.0, Sum:  0.3, Workers: 10
[2025-05-12T23:25:32.587+0300][1042.566s][36520] GC(24724)     Dead                           Min: 0, Avg: 14.1, Max: 50, Diff: 50, Sum: 141, Workers: 10
[2025-05-12T23:25:32.587+0300][1042.566s][36520] GC(24724)     Total                          Min: 0, Avg: 3952.9, Max: 4862, Diff: 4862, Sum: 39529, Workers: 10
[2025-05-12T23:25:32.587+0300][1042.566s][36520] GC(24724)   ResolvedMethodTable Weak       Min:  0.0, Avg:  0.0, Max:  0.0, Diff:  0.0, Sum:  0.0, Workers: 10
[2025-05-12T23:25:32.587+0300][1042.566s][36520] GC(24724)     Dead                           Min: 0, Avg:  5.2, Max: 22, Diff: 22, Sum: 52, Workers: 10
[2025-05-12T23:25:32.587+0300][1042.566s][36520] GC(24724)     Total                          Min: 0, Avg: 45.2, Max: 123, Diff: 123, Sum: 452, Workers: 10
[2025-05-12T23:25:32.587+0300][1042.566s][36520] GC(24724)   JNI Weak                       Min:  0.0, Avg:  0.0, Max:  0.0, Diff:  0.0, Sum:  0.0, Workers: 10
[2025-05-12T23:25:32.587+0300][1042.566s][36520] GC(24724)     Dead                           Min: 0, Avg:  0.0, Max: 0, Diff: 0, Sum: 0, Workers: 10
[2025-05-12T23:25:32.587+0300][1042.566s][36520] GC(24724)     Total                          Min: 0, Avg:  1.1, Max: 11, Diff: 11, Sum: 11, Workers: 10
[2025-05-12T23:25:32.587+0300][1042.566s][36520] GC(24724)   StringDedup Table Weak         Min:  0.0, Avg:  0.0, Max:  0.0, Diff:  0.0, Sum:  0.0, Workers: 10
[2025-05-12T23:25:32.587+0300][1042.566s][36520] GC(24724)     Dead                           Min: 0, Avg:  0.0, Max: 0, Diff: 0, Sum: 0, Workers: 10
[2025-05-12T23:25:32.587+0300][1042.566s][36520] GC(24724)     Total                          Min: 0, Avg:  0.0, Max: 0, Diff: 0, Sum: 0, Workers: 10
[2025-05-12T23:25:32.587+0300][1042.566s][36520] GC(24724)   StringDedup Requests0 Weak     Min:  0.0, Avg:  0.0, Max:  0.0, Diff:  0.0, Sum:  0.0, Workers: 10
[2025-05-12T23:25:32.587+0300][1042.566s][36520] GC(24724)     Dead                           Min: 0, Avg:  0.0, Max: 0, Diff: 0, Sum: 0, Workers: 10
[2025-05-12T23:25:32.587+0300][1042.566s][36520] GC(24724)     Total                          Min: 0, Avg:  0.0, Max: 0, Diff: 0, Sum: 0, Workers: 10
[2025-05-12T23:25:32.587+0300][1042.566s][36520] GC(24724)   StringDedup Requests1 Weak     Min:  0.0, Avg:  0.0, Max:  0.0, Diff:  0.0, Sum:  0.0, Workers: 10
[2025-05-12T23:25:32.587+0300][1042.566s][36520] GC(24724)     Dead                           Min: 0, Avg:  0.0, Max: 0, Diff: 0, Sum: 0, Workers: 10
[2025-05-12T23:25:32.587+0300][1042.566s][36520] GC(24724)     Total                          Min: 0, Avg:  0.0, Max: 0, Diff: 0, Sum: 0, Workers: 10
[2025-05-12T23:25:32.587+0300][1042.566s][36520] GC(24724)   Weak JFR Old Object Samples    Min:  0.0, Avg:  0.0, Max:  0.0, Diff:  0.0, Sum:  0.0, Workers: 10
[2025-05-12T23:25:32.587+0300][1042.566s][36520] GC(24724)     Dead                           Min: 0, Avg:  0.0, Max: 0, Diff: 0, Sum: 0, Workers: 10
[2025-05-12T23:25:32.587+0300][1042.566s][36520] GC(24724)     Total                          Min: 0, Avg:  0.0, Max: 0, Diff: 0, Sum: 0, Workers: 10
[2025-05-12T23:25:32.587+0300][1042.566s][36520] GC(24724) Phase 1: Weak Processing 0.533ms
[2025-05-12T23:25:32.588+0300][1042.566s][36520] GC(24724) Phase 1: Class Unloading and Cleanup
[2025-05-12T23:25:32.588+0300][1042.566s][36520] GC(24724) ClassLoaderData
[2025-05-12T23:25:32.588+0300][1042.567s][36520] GC(24724) ClassLoaderData 0.120ms
[2025-05-12T23:25:32.588+0300][1042.567s][36520] GC(24724) Trigger cleanups
[2025-05-12T23:25:32.588+0300][1042.567s][36520] GC(24724) Trigger cleanups 0.013ms
[2025-05-12T23:25:32.591+0300][1042.571s][36520] GC(24724) Phase 1: Class Unloading and Cleanup 4.104ms
[2025-05-12T23:25:32.591+0300][1042.571s][36520] GC(24724) Report Object Count
[2025-05-12T23:25:32.591+0300][1042.571s][36520] GC(24724) Report Object Count 0.013ms
[2025-05-12T23:25:32.591+0300][1042.571s][36520] GC(24724) Phase 1: Mark live objects 11.790ms
[2025-05-12T23:25:32.591+0300][1042.571s][36520] GC(24724) Phase 2: Prepare compaction
[2025-05-12T23:25:32.591+0300][1042.571s][36520] GC(24724) Phase 2: Determine work lists
[2025-05-12T23:25:32.591+0300][1042.571s][36520] GC(24724) Phase 2: Determine work lists 0.010ms
[2025-05-12T23:25:32.591+0300][1042.571s][36520] GC(24724) Phase 2: Prepare parallel compaction
[2025-05-12T23:25:32.591+0300][1042.571s][36520] GC(24724) Phase 2: Prepare parallel compaction 0.157ms
[2025-05-12T23:25:32.591+0300][1042.571s][36520] GC(24724) Phase 2: Prepare compaction 0.197ms
[2025-05-12T23:25:32.591+0300][1042.571s][36520] GC(24724) Phase 3: Adjust pointers
[2025-05-12T23:25:32.595+0300][1042.575s][36520] GC(24724) Phase 3: Adjust pointers 3.981ms
[2025-05-12T23:25:32.595+0300][1042.575s][36520] GC(24724) Phase 4: Compact heap
[2025-05-12T23:25:32.595+0300][1042.575s][36520] GC(24724) Phase 4: Compact heap 0.114ms
[2025-05-12T23:25:32.596+0300][1042.575s][36520] GC(24724) Phase 5: Reset Metadata
[2025-05-12T23:25:32.597+0300][1042.576s][36520] GC(24724) Phase 5: Reset Metadata 1.312ms
[2025-05-12T23:25:32.597+0300][1042.577s][36520] GC(24724) Running G1 Clear Bitmap with 1 workers for 1 work units.
[2025-05-12T23:25:32.598+0300][1042.578s][36520] GC(24724) Request concurrent cycle initiation (occupancy higher than threshold) occupancy: 11534336B allocation request: 0B threshold: 3704638B (29.44) source: end of Full GC
[2025-05-12T23:25:32.598+0300][1042.578s][36520] Old generation allocation in the last mutator period, old gen allocated: 0B, humongous allocated: 0B, old gen growth: 0B.
[2025-05-12T23:25:32.598+0300][1042.578s][36520] GC(24724) Coarsening (recent): Inline->AoC 0 (0) AoC->Howl 0 (0) Howl->Full 0 (0) Inline->AoC 0 (0) AoC->BitMap 0 (0) BitMap->Full 0 (0) 
[2025-05-12T23:25:32.598+0300][1042.578s][36520] GC(24724) Coarsening (all): Inline->AoC 10920 (0) AoC->Howl 7731 (0) Howl->Full 0 (0) Inline->AoC 10809 (0) AoC->BitMap 7399 (0) BitMap->Full 0 (0) 
[2025-05-12T23:25:32.598+0300][1042.578s][36520] GC(24724) Eden regions: 0->0(1)
[2025-05-12T23:25:32.598+0300][1042.578s][36520] GC(24724) Survivor regions: 0->0(0)
[2025-05-12T23:25:32.598+0300][1042.578s][36520] GC(24724) Old regions: 12->11
[2025-05-12T23:25:32.598+0300][1042.578s][36520] GC(24724) Humongous regions: 0->0
[2025-05-12T23:25:32.598+0300][1042.578s][36520] GC(24724) Metaspace: 10759K(12736K)->10716K(12736K) NonClass: 9683K(11328K)->9652K(11328K) Class: 1076K(1408K)->1064K(1408K)
[2025-05-12T23:25:32.598+0300][1042.578s][36520] GC(24724) Heap after GC invocations=21185 (full 7099):
[2025-05-12T23:25:32.599+0300][1042.578s][36520] GC(24724)  garbage-first heap   total 12288K, used 11166K [0x00000000ff400000, 0x0000000100000000)
[2025-05-12T23:25:32.599+0300][1042.578s][36520] GC(24724)   region size 1024K, 0 young (0K), 0 survivors (0K)
[2025-05-12T23:25:32.599+0300][1042.578s][36520] GC(24724)  Metaspace       used 10716K, committed 12736K, reserved 1114112K
[2025-05-12T23:25:32.599+0300][1042.578s][36520] GC(24724)   class space    used 1064K, committed 1408K, reserved 1048576K
[2025-05-12T23:25:32.599+0300][1042.578s][36520] GC(24724) Pause Full (G1 Compaction Pause) 11M->10M(12M) 19.350ms
[2025-05-12T23:25:32.599+0300][1042.578s][36520] GC(24724) User=0.00s Sys=0.00s Real=0.02s
[2025-05-12T23:25:32.599+0300][1042.578s][9340 ] G1 Service Thread (Card Set Free Memory Task) (run: 20.897ms) (cpu: 0.000ms)
[2025-05-12T23:25:32.614+0300][1042.593s][36520] GC(24725) Initiate concurrent cycle (concurrent cycle initiation requested)
[2025-05-12T23:25:32.614+0300][1042.593s][36520] GC(24725) Pause Young (Concurrent Start) (G1 Evacuation Pause)
[2025-05-12T23:25:32.614+0300][1042.593s][36520] GC(24725) Heap before GC invocations=21185 (full 7099):
[2025-05-12T23:25:32.614+0300][1042.593s][36520] GC(24725)  garbage-first heap   total 12288K, used 12190K [0x00000000ff400000, 0x0000000100000000)
[2025-05-12T23:25:32.614+0300][1042.593s][36520] GC(24725)   region size 1024K, 1 young (1024K), 0 survivors (0K)
[2025-05-12T23:25:32.615+0300][1042.593s][36520] GC(24725)  Metaspace       used 10757K, committed 12736K, reserved 1114112K
[2025-05-12T23:25:32.615+0300][1042.593s][36520] GC(24725)   class space    used 1075K, committed 1408K, reserved 1048576K
[2025-05-12T23:25:32.615+0300][1042.593s][36520] GC(24725) Using 2 workers of 10 for evacuation
[2025-05-12T23:25:32.615+0300][1042.594s][36520] GC(24725) Desired survivor size 524288 bytes, new threshold 15 (max threshold 15)
[2025-05-12T23:25:32.615+0300][1042.594s][36520] GC(24725) TLAB totals: thrds: 1  refills: 321 max: 321 slow allocs: 143 max 143 waste: 22.1% gc: 0B max: 0B slow: 192192B max: 192192B
[2025-05-12T23:25:32.615+0300][1042.594s][36520] GC(24725) Mutator refinement: 0.00ms, refined: 0, precleaned: 0, dirtied: 87
[2025-05-12T23:25:32.615+0300][1042.594s][36520] GC(24725) Concurrent refinement: 0.00ms, refined: 0, precleaned: 0, dirtied: 0
[2025-05-12T23:25:32.615+0300][1042.594s][36520] GC(24725) Total refinement: 0.00ms, refined: 0, precleaned: 0, dirtied: 87
[2025-05-12T23:25:32.615+0300][1042.594s][36520] GC(24725) Generate dirty cards rate: 5.54 cards/ms
[2025-05-12T23:25:32.615+0300][1042.594s][36520] GC(24725) Mutator Allocation stats, regions: 1, wasted size: 304B ( 0.0%)
[2025-05-12T23:25:32.615+0300][1042.594s][36520] GC(24725) No candidates to reclaim.
[2025-05-12T23:25:32.615+0300][1042.594s][36520] GC(24725) Running G1 Merge Heap Roots using 2 workers for 1 regions
[2025-05-12T23:25:32.615+0300][1042.594s][36520] GC(24725) Visited cards 960 Total dirty 12288 (7.81%) Total old 26624 (3.61%)
[2025-05-12T23:25:32.615+0300][1042.594s][33648] GC(24725) Attempt heap expansion (region allocation request failed). Allocation request: 2064B
[2025-05-12T23:25:32.615+0300][1042.594s][33648] GC(24725) Did not expand the heap (heap already fully expanded)
[2025-05-12T23:25:32.615+0300][1042.594s][36520] GC(24725) ReferenceProcessor::execute queues: 1, RefProcThreadModel::Single, marks_oops_alive: false
[2025-05-12T23:25:32.615+0300][1042.594s][36520] GC(24725) Skipped KeepAliveFinalRefsPhase of Reference Processing: no references
[2025-05-12T23:25:32.615+0300][1042.594s][36520] GC(24725) Skipped PhantomRefsPhase of Reference Processing: no references
[2025-05-12T23:25:32.616+0300][1042.594s][36520] GC(24725) Initializing removing self forwards with 64 chunks per region
[2025-05-12T23:25:32.616+0300][1042.595s][36520] GC(24725) Running G1 Rebuild Free List Task using 2 workers for rebuilding free list of regions
[2025-05-12T23:25:32.616+0300][1042.595s][36520] GC(24725) Young PLAB allocation: allocated: 0B, wasted: 0B, unused: 0B, used: 0B, undo waste: 0B, 
[2025-05-12T23:25:32.616+0300][1042.595s][36520] GC(24725) Young other allocation: region end waste: 0B, regions filled: 0, num plab filled: 2, direct allocated: 0B, num direct allocated: 0, failure used: 0B, failure wasted: 0B
[2025-05-12T23:25:32.616+0300][1042.595s][36520] GC(24725) Young sizing: calculated: 0B, actual: 2064B
[2025-05-12T23:25:32.616+0300][1042.595s][36520] GC(24725) Old PLAB allocation: allocated: 0B, wasted: 0B, unused: 0B, used: 0B, undo waste: 0B, 
[2025-05-12T23:25:32.616+0300][1042.595s][36520] GC(24725) Old other allocation: region end waste: 0B, regions filled: 0, num plab filled: 2, direct allocated: 0B, num direct allocated: 0, failure used: 222808B, failure wasted: 825768B
[2025-05-12T23:25:32.616+0300][1042.595s][36520] GC(24725) Old sizing: calculated: 0B, actual: 2064B
[2025-05-12T23:25:32.616+0300][1042.595s][36520] GC(24725) Heap expansion: short term pause time ratio 38.76% long term pause time ratio 41.46% threshold 7.69% pause time ratio 7.69% fully expanded true resize by 0B
[2025-05-12T23:25:32.616+0300][1042.595s][9340 ] G1 Service Thread (Card Set Free Memory Task) (run 0.009ms after schedule)
[2025-05-12T23:25:32.616+0300][1042.595s][36520] GC(24725) MMU: 6.1ms (200.0ms/201.0ms)
[2025-05-12T23:25:32.616+0300][1042.595s][36520] Old generation allocation in the last mutator period, old gen allocated: 1048576B, humongous allocated: 0B, old gen growth: 1048576B.
[2025-05-12T23:25:32.616+0300][1042.595s][36520] GC(24725) Basic information (value update), threshold: 3515680B (27.94), target occupancy: 12582912B, current occupancy: 12483576B, recent allocation size: 1048576B, recent allocation duration: 15.71ms, recent old gen allocation rate: 66750440.83B/s, recent marking phase length: 120.12ms
[2025-05-12T23:25:32.616+0300][1042.595s][36520] GC(24725) Adaptive IHOP information (value update), threshold: 3515680B (32.87), internal target occupancy: 10695475B, occupancy: 12483576B, additional buffer size: 1048576B, predicted old gen allocation rate: 50804389.94B/s, predicted marking phase length: 120.68ms, prediction active: true
[2025-05-12T23:25:32.616+0300][1042.595s][36520] GC(24725) GC refinement: goal: 18446744073709551615 + 102 / 20.00ms, actual: 87 / 0.03ms, 
[2025-05-12T23:25:32.616+0300][1042.595s][36520] GC(24725) Unchanged pending cards target: 18446744073709551615
[2025-05-12T23:25:32.616+0300][1042.595s][36520] GC(24725)   Pre Evacuate Collection Set: 0.1ms
[2025-05-12T23:25:32.616+0300][1042.595s][36520] GC(24725)     Pre Evacuate Prepare: 0.1ms
[2025-05-12T23:25:32.616+0300][1042.595s][36520] GC(24725)       JT Retire TLABs And Flush Logs (ms): Min:  0.0, Avg:  0.0, Max:  0.0, Diff:  0.0, Sum:  0.0, Workers: 2
[2025-05-12T23:25:32.616+0300][1042.595s][36520] GC(24725)       Non-JT Flush Logs (ms):        Min:  0.0, Avg:  0.0, Max:  0.0, Diff:  0.0, Sum:  0.0, Workers: 1
[2025-05-12T23:25:32.616+0300][1042.595s][36520] GC(24725)     Choose Collection Set: 0.0ms
[2025-05-12T23:25:32.616+0300][1042.595s][36520] GC(24725)     Region Register: 0.1ms
[2025-05-12T23:25:32.616+0300][1042.595s][36520] GC(24725)     Prepare Heap Roots: 0.0ms
[2025-05-12T23:25:32.616+0300][1042.595s][36520] GC(24725)     Reset Marking State (ms):      Min:  0.0, Avg:  0.0, Max:  0.0, Diff:  0.0, Sum:  0.0, Workers: 1
[2025-05-12T23:25:32.616+0300][1042.595s][36520] GC(24725)     Note Start Of Mark (ms):       Min:  0.0, Avg:  0.0, Max:  0.0, Diff:  0.0, Sum:  0.0, Workers: 2
[2025-05-12T23:25:32.616+0300][1042.595s][36520] GC(24725)   Merge Heap Roots: 0.1ms
[2025-05-12T23:25:32.616+0300][1042.595s][36520] GC(24725)     Prepare Merge Heap Roots: 0.0ms
[2025-05-12T23:25:32.616+0300][1042.595s][36520] GC(24725)     Remembered Sets (ms):          Min:  0.0, Avg:  0.0, Max:  0.0, Diff:  0.0, Sum:  0.0, Workers: 2
[2025-05-12T23:25:32.616+0300][1042.595s][36520] GC(24725)       Eager Reclaim (ms):            skipped
[2025-05-12T23:25:32.616+0300][1042.595s][36520] GC(24725)       Merged Inline                  Min: 0, Avg:  0.0, Max: 0, Diff: 0, Sum: 0, Workers: 2
[2025-05-12T23:25:32.616+0300][1042.595s][36520] GC(24725)       Merged ArrayOfCards            Min: 0, Avg:  0.0, Max: 0, Diff: 0, Sum: 0, Workers: 2
[2025-05-12T23:25:32.616+0300][1042.595s][36520] GC(24725)       Merged Howl                    Min: 0, Avg:  0.0, Max: 0, Diff: 0, Sum: 0, Workers: 2
[2025-05-12T23:25:32.616+0300][1042.595s][36520] GC(24725)       Merged Full                    Min: 0, Avg:  0.0, Max: 0, Diff: 0, Sum: 0, Workers: 2
[2025-05-12T23:25:32.616+0300][1042.595s][36520] GC(24725)       Merged Howl Inline             Min: 0, Avg:  0.0, Max: 0, Diff: 0, Sum: 0, Workers: 2
[2025-05-12T23:25:32.616+0300][1042.595s][36520] GC(24725)       Merged Howl ArrayOfCards       Min: 0, Avg:  0.0, Max: 0, Diff: 0, Sum: 0, Workers: 2
[2025-05-12T23:25:32.616+0300][1042.595s][36520] GC(24725)       Merged Howl BitMap             Min: 0, Avg:  0.0, Max: 0, Diff: 0, Sum: 0, Workers: 2
[2025-05-12T23:25:32.616+0300][1042.595s][36520] GC(24725)       Merged Howl Full               Min: 0, Avg:  0.0, Max: 0, Diff: 0, Sum: 0, Workers: 2
[2025-05-12T23:25:32.616+0300][1042.595s][36520] GC(24725)       Merged Cards                   Min: 8, Avg:  8.0, Max: 8, Diff: 0, Sum: 16, Workers: 2
[2025-05-12T23:25:32.616+0300][1042.595s][36520] GC(24725)     Log Buffers (ms):              Min:  0.0, Avg:  0.0, Max:  0.0, Diff:  0.0, Sum:  0.0, Workers: 2
[2025-05-12T23:25:32.616+0300][1042.595s][36520] GC(24725)       Dirty Cards:                   Min: 15, Avg: 43.5, Max: 72, Diff: 57, Sum: 87, Workers: 2
[2025-05-12T23:25:32.616+0300][1042.595s][36520] GC(24725)       Skipped Cards:                 Min: 0, Avg:  0.0, Max: 0, Diff: 0, Sum: 0, Workers: 2
[2025-05-12T23:25:32.616+0300][1042.595s][36520] GC(24725)   Evacuate Collection Set: 0.4ms
[2025-05-12T23:25:32.616+0300][1042.595s][36520] GC(24725)     Ext Root Scanning (ms):        Min:  0.1, Avg:  0.2, Max:  0.2, Diff:  0.0, Sum:  0.3, Workers: 2
[2025-05-12T23:25:32.616+0300][1042.595s][36520] GC(24725)     Scan Heap Roots (ms):          Min:  0.0, Avg:  0.0, Max:  0.0, Diff:  0.0, Sum:  0.1, Workers: 2
[2025-05-12T23:25:32.616+0300][1042.595s][36520] GC(24725)       Scanned Cards:                 Min: 35, Avg: 43.5, Max: 52, Diff: 17, Sum: 87, Workers: 2
[2025-05-12T23:25:32.616+0300][1042.595s][36520] GC(24725)       Scanned Blocks:                Min: 23, Avg: 29.0, Max: 35, Diff: 12, Sum: 58, Workers: 2
[2025-05-12T23:25:32.616+0300][1042.595s][36520] GC(24725)       Claimed Chunks:                Min: 12, Avg: 15.0, Max: 18, Diff: 6, Sum: 30, Workers: 2
[2025-05-12T23:25:32.616+0300][1042.595s][36520] GC(24725)       Found Roots:                   Min: 48, Avg: 51.0, Max: 54, Diff: 6, Sum: 102, Workers: 2
[2025-05-12T23:25:32.616+0300][1042.595s][36520] GC(24725)     Code Root Scan (ms):           Min:  0.0, Avg:  0.0, Max:  0.0, Diff:  0.0, Sum:  0.0, Workers: 2
[2025-05-12T23:25:32.616+0300][1042.595s][36520] GC(24725)     Object Copy (ms):              Min:  0.2, Avg:  0.2, Max:  0.2, Diff:  0.0, Sum:  0.4, Workers: 2
[2025-05-12T23:25:32.616+0300][1042.595s][36520] GC(24725)     Termination (ms):              Min:  0.0, Avg:  0.0, Max:  0.0, Diff:  0.0, Sum:  0.0, Workers: 2
[2025-05-12T23:25:32.616+0300][1042.595s][36520] GC(24725)       Termination Attempts:          Min: 1, Avg:  1.0, Max: 1, Diff: 0, Sum: 2, Workers: 2
[2025-05-12T23:25:32.616+0300][1042.595s][36520] GC(24725)     GC Worker Other (ms):          Min:  0.0, Avg:  0.0, Max:  0.0, Diff:  0.0, Sum:  0.0, Workers: 2
[2025-05-12T23:25:32.616+0300][1042.595s][36520] GC(24725)     GC Worker Total (ms):          Min:  0.4, Avg:  0.4, Max:  0.4, Diff:  0.0, Sum:  0.8, Workers: 2
[2025-05-12T23:25:32.616+0300][1042.595s][36520] GC(24725)   Post Evacuate Collection Set: 0.5ms
[2025-05-12T23:25:32.616+0300][1042.595s][36520] GC(24725)     NMethod List Cleanup: 0.0ms
[2025-05-12T23:25:32.616+0300][1042.595s][36520] GC(24725)     Reference Processing: 0.1ms
[2025-05-12T23:25:32.616+0300][1042.595s][36520] GC(24725)       Notify Soft/WeakReferences: 0.0ms
[2025-05-12T23:25:32.616+0300][1042.595s][36520] GC(24725)         SoftRef (ms):                  Min:  0.0, Avg:  0.0, Max:  0.0, Diff:  0.0, Sum:  0.0, Workers: 1
[2025-05-12T23:25:32.616+0300][1042.595s][36520] GC(24725)         WeakRef (ms):                  Min:  0.0, Avg:  0.0, Max:  0.0, Diff:  0.0, Sum:  0.0, Workers: 1
[2025-05-12T23:25:32.616+0300][1042.595s][36520] GC(24725)         FinalRef (ms):                 Min:  0.0, Avg:  0.0, Max:  0.0, Diff:  0.0, Sum:  0.0, Workers: 1
[2025-05-12T23:25:32.616+0300][1042.595s][36520] GC(24725)         Total (ms):                    Min:  0.0, Avg:  0.0, Max:  0.0, Diff:  0.0, Sum:  0.0, Workers: 1
[2025-05-12T23:25:32.616+0300][1042.595s][36520] GC(24725)       Notify and keep alive finalizable: 0.0ms
[2025-05-12T23:25:32.616+0300][1042.595s][36520] GC(24725)         FinalRef (ms):                 skipped
[2025-05-12T23:25:32.616+0300][1042.595s][36520] GC(24725)       Notify PhantomReferences: 0.0ms
[2025-05-12T23:25:32.616+0300][1042.595s][36520] GC(24725)         PhantomRef (ms):               skipped
[2025-05-12T23:25:32.616+0300][1042.595s][36520] GC(24725)       SoftReference Discovered: 0, Dropped: 0, Processed: 0
[2025-05-12T23:25:32.616+0300][1042.595s][36520] GC(24725)       WeakReference Discovered: 36, Dropped: 13, Processed: 23
[2025-05-12T23:25:32.616+0300][1042.595s][36520] GC(24725)       FinalReference Discovered: 0, Dropped: 0, Processed: 0
[2025-05-12T23:25:32.616+0300][1042.595s][36520] GC(24725)       PhantomReference Discovered: 0, Dropped: 0, Processed: 0
[2025-05-12T23:25:32.616+0300][1042.595s][36520] GC(24725)     Weak Processing: 0.1ms
[2025-05-12T23:25:32.616+0300][1042.595s][36520] GC(24725)       VM Weak                        Min:  0.0, Avg:  0.0, Max:  0.0, Diff:  0.0, Sum:  0.0, Workers: 10
[2025-05-12T23:25:32.616+0300][1042.595s][36520] GC(24725)         Dead                           Min: 0, Avg:  0.0, Max: 0, Diff: 0, Sum: 0, Workers: 10
[2025-05-12T23:25:32.616+0300][1042.595s][36520] GC(24725)         Total                          Min: 0, Avg:  6.6, Max: 40, Diff: 40, Sum: 66, Workers: 10
[2025-05-12T23:25:32.617+0300][1042.595s][36520] GC(24725)       ObjectSynchronizer Weak        Min:  0.0, Avg:  0.0, Max:  0.0, Diff:  0.0, Sum:  0.0, Workers: 10
[2025-05-12T23:25:32.617+0300][1042.595s][36520] GC(24725)         Dead                           Min: 0, Avg:  0.0, Max: 0, Diff: 0, Sum: 0, Workers: 10
[2025-05-12T23:25:32.617+0300][1042.595s][36520] GC(24725)         Total                          Min: 0, Avg:  0.1, Max: 1, Diff: 1, Sum: 1, Workers: 10
[2025-05-12T23:25:32.617+0300][1042.596s][36520] GC(24725)       JVMTI Tag Weak OopStorage      Min:  0.0, Avg:  0.1, Max:  0.1, Diff:  0.0, Sum:  0.6, Workers: 10
[2025-05-12T23:25:32.617+0300][1042.596s][36520] GC(24725)         Dead                           Min: 0, Avg:  0.0, Max: 0, Diff: 0, Sum: 0, Workers: 10
[2025-05-12T23:25:32.617+0300][1042.596s][36520] GC(24725)         Total                          Min: 5263, Avg: 6289.8, Max: 7935, Diff: 2672, Sum: 62898, Workers: 10
[2025-05-12T23:25:32.617+0300][1042.596s][36520] GC(24725)       StringTable Weak               Min:  0.0, Avg:  0.0, Max:  0.0, Diff:  0.0, Sum:  0.2, Workers: 10
[2025-05-12T23:25:32.617+0300][1042.596s][36520] GC(24725)         Dead                           Min: 0, Avg:  0.0, Max: 0, Diff: 0, Sum: 0, Workers: 10
[2025-05-12T23:25:32.617+0300][1042.596s][36520] GC(24725)         Total                          Min: 2944, Avg: 3952.9, Max: 4799, Diff: 1855, Sum: 39529, Workers: 10
[2025-05-12T23:25:32.617+0300][1042.596s][36520] GC(24725)       ResolvedMethodTable Weak       Min:  0.0, Avg:  0.0, Max:  0.0, Diff:  0.0, Sum:  0.0, Workers: 10
[2025-05-12T23:25:32.617+0300][1042.596s][36520] GC(24725)         Dead                           Min: 0, Avg:  0.0, Max: 0, Diff: 0, Sum: 0, Workers: 10
[2025-05-12T23:25:32.617+0300][1042.596s][36520] GC(24725)         Total                          Min: 0, Avg: 46.9, Max: 108, Diff: 108, Sum: 469, Workers: 10
[2025-05-12T23:25:32.617+0300][1042.596s][36520] GC(24725)       JNI Weak                       Min:  0.0, Avg:  0.0, Max:  0.0, Diff:  0.0, Sum:  0.0, Workers: 10
[2025-05-12T23:25:32.617+0300][1042.596s][36520] GC(24725)         Dead                           Min: 0, Avg:  0.0, Max: 0, Diff: 0, Sum: 0, Workers: 10
[2025-05-12T23:25:32.617+0300][1042.596s][36520] GC(24725)         Total                          Min: 0, Avg:  1.1, Max: 11, Diff: 11, Sum: 11, Workers: 10
[2025-05-12T23:25:32.617+0300][1042.596s][36520] GC(24725)       StringDedup Table Weak         Min:  0.0, Avg:  0.0, Max:  0.0, Diff:  0.0, Sum:  0.0, Workers: 10
[2025-05-12T23:25:32.617+0300][1042.596s][36520] GC(24725)         Dead                           Min: 0, Avg:  0.0, Max: 0, Diff: 0, Sum: 0, Workers: 10
[2025-05-12T23:25:32.617+0300][1042.596s][36520] GC(24725)         Total                          Min: 0, Avg:  0.0, Max: 0, Diff: 0, Sum: 0, Workers: 10
[2025-05-12T23:25:32.617+0300][1042.596s][36520] GC(24725)       StringDedup Requests0 Weak     Min:  0.0, Avg:  0.0, Max:  0.0, Diff:  0.0, Sum:  0.0, Workers: 10
[2025-05-12T23:25:32.617+0300][1042.596s][36520] GC(24725)         Dead                           Min: 0, Avg:  0.0, Max: 0, Diff: 0, Sum: 0, Workers: 10
[2025-05-12T23:25:32.617+0300][1042.596s][36520] GC(24725)         Total                          Min: 0, Avg:  0.0, Max: 0, Diff: 0, Sum: 0, Workers: 10
[2025-05-12T23:25:32.617+0300][1042.596s][36520] GC(24725)       StringDedup Requests1 Weak     Min:  0.0, Avg:  0.0, Max:  0.0, Diff:  0.0, Sum:  0.0, Workers: 10
[2025-05-12T23:25:32.617+0300][1042.596s][36520] GC(24725)         Dead                           Min: 0, Avg:  0.0, Max: 0, Diff: 0, Sum: 0, Workers: 10
[2025-05-12T23:25:32.617+0300][1042.596s][36520] GC(24725)         Total                          Min: 0, Avg:  0.0, Max: 0, Diff: 0, Sum: 0, Workers: 10
[2025-05-12T23:25:32.617+0300][1042.596s][36520] GC(24725)       Weak JFR Old Object Samples    Min:  0.0, Avg:  0.0, Max:  0.0, Diff:  0.0, Sum:  0.0, Workers: 10
[2025-05-12T23:25:32.617+0300][1042.596s][36520] GC(24725)         Dead                           Min: 0, Avg:  0.0, Max: 0, Diff: 0, Sum: 0, Workers: 10
[2025-05-12T23:25:32.617+0300][1042.596s][36520] GC(24725)         Total                          Min: 0, Avg:  0.0, Max: 0, Diff: 0, Sum: 0, Workers: 10
[2025-05-12T23:25:32.617+0300][1042.596s][36520] GC(24725)     Post Evacuate Cleanup 1: 0.1ms
[2025-05-12T23:25:32.617+0300][1042.596s][36520] GC(24725)       Merge Per-Thread State (ms):   Min:  0.0, Avg:  0.0, Max:  0.0, Diff:  0.0, Sum:  0.0, Workers: 1
[2025-05-12T23:25:32.617+0300][1042.596s][36520] GC(24725)         Copied Bytes                   Min: 0, Avg:  0.0, Max: 0, Diff: 0, Sum: 0, Workers: 2
[2025-05-12T23:25:32.617+0300][1042.596s][36520] GC(24725)         LAB Waste                      Min: 0, Avg:  0.0, Max: 0, Diff: 0, Sum: 0, Workers: 2
[2025-05-12T23:25:32.617+0300][1042.596s][36520] GC(24725)         LAB Undo Waste                 Min: 0, Avg:  0.0, Max: 0, Diff: 0, Sum: 0, Workers: 2
[2025-05-12T23:25:32.617+0300][1042.596s][36520] GC(24725)       Clear Logged Cards (ms):       Min:  0.0, Avg:  0.0, Max:  0.0, Diff:  0.0, Sum:  0.0, Workers: 2
[2025-05-12T23:25:32.617+0300][1042.596s][36520] GC(24725)       Recalculate Used Memory (ms):  Min:  0.0, Avg:  0.0, Max:  0.0, Diff:  0.0, Sum:  0.0, Workers: 1
[2025-05-12T23:25:32.617+0300][1042.596s][36520] GC(24725)       Restore Retained Regions (ms): Min:  0.0, Avg:  0.1, Max:  0.1, Diff:  0.0, Sum:  0.1, Workers: 2
[2025-05-12T23:25:32.617+0300][1042.596s][36520] GC(24725)         Evacuation Failure Regions:    Min: 1, Avg:  1.0, Max: 1, Diff: 0, Sum: 1, Workers: 1
[2025-05-12T23:25:32.617+0300][1042.596s][36520] GC(24725)         Remove Self Forwards (ms):     Min:  0.0, Avg:  0.1, Max:  0.1, Diff:  0.0, Sum:  0.1, Workers: 2
[2025-05-12T23:25:32.617+0300][1042.596s][36520] GC(24725)           Forward Chunks:                Min: 20, Avg: 28.5, Max: 37, Diff: 17, Sum: 57, Workers: 2
[2025-05-12T23:25:32.617+0300][1042.596s][36520] GC(24725)           Empty Forward Chunks:          Min: 1, Avg:  3.5, Max: 6, Diff: 5, Sum: 7, Workers: 2
[2025-05-12T23:25:32.617+0300][1042.596s][36520] GC(24725)           Forward Objects:               Min: 1433, Avg: 2147.0, Max: 2861, Diff: 1428, Sum: 4294, Workers: 2
[2025-05-12T23:25:32.617+0300][1042.596s][36520] GC(24725)           Forward Bytes:                 Min: 71736, Avg: 111404.0, Max: 151072, Diff: 79336, Sum: 222808, Workers: 2
[2025-05-12T23:25:32.617+0300][1042.596s][36520] GC(24725)     Post Evacuate Cleanup 2: 0.0ms
[2025-05-12T23:25:32.617+0300][1042.596s][36520] GC(24725)       Recalculate Used Memory (ms):  Min:  0.0, Avg:  0.0, Max:  0.0, Diff:  0.0, Sum:  0.0, Workers: 1
[2025-05-12T23:25:32.617+0300][1042.596s][36520] GC(24725)       Restore Preserved Marks (ms):  Min:  0.0, Avg:  0.0, Max:  0.0, Diff:  0.0, Sum:  0.0, Workers: 2
[2025-05-12T23:25:32.617+0300][1042.596s][36520] GC(24725)       Clear Retained Region Bitmaps (ms): skipped
[2025-05-12T23:25:32.617+0300][1042.596s][36520] GC(24725)       Update Derived Pointers (ms):  Min:  0.0, Avg:  0.0, Max:  0.0, Diff:  0.0, Sum:  0.0, Workers: 1
[2025-05-12T23:25:32.617+0300][1042.596s][36520] GC(24725)       Eagerly Reclaim Humongous Objects (ms): skipped
[2025-05-12T23:25:32.617+0300][1042.596s][36520] GC(24725)         Humongous Total                skipped
[2025-05-12T23:25:32.617+0300][1042.596s][36520] GC(24725)         Humongous Candidates           skipped
[2025-05-12T23:25:32.617+0300][1042.596s][36520] GC(24725)         Humongous Reclaimed            skipped
[2025-05-12T23:25:32.617+0300][1042.596s][36520] GC(24725)       Redirty Logged Cards (ms):     Min:  0.0, Avg:  0.0, Max:  0.0, Diff:  0.0, Sum:  0.0, Workers: 2
[2025-05-12T23:25:32.617+0300][1042.596s][36520] GC(24725)         Redirtied Cards:               Min: 0, Avg:  0.0, Max: 0, Diff: 0, Sum: 0, Workers: 2
[2025-05-12T23:25:32.617+0300][1042.596s][36520] GC(24725)       Resize TLABs (ms):             Min:  0.0, Avg:  0.0, Max:  0.0, Diff:  0.0, Sum:  0.0, Workers: 2
[2025-05-12T23:25:32.617+0300][1042.596s][36520] GC(24725)       Free Collection Set (ms):      Min:  0.0, Avg:  0.0, Max:  0.0, Diff:  0.0, Sum:  0.0, Workers: 2
[2025-05-12T23:25:32.617+0300][1042.596s][36520] GC(24725)     Rebuild Free List: 0.0ms
[2025-05-12T23:25:32.617+0300][1042.596s][36520] GC(24725)     Prepare For Mutator: 0.1ms
[2025-05-12T23:25:32.617+0300][1042.596s][36520] GC(24725)     Expand Heap After Collection: 0.0ms
[2025-05-12T23:25:32.617+0300][1042.596s][36520] GC(24725)   Other: 0.3ms
[2025-05-12T23:25:32.617+0300][1042.596s][36520] GC(24725) Coarsening (recent): Inline->AoC 0 (0) AoC->Howl 0 (0) Howl->Full 0 (0) Inline->AoC 0 (0) AoC->BitMap 0 (0) BitMap->Full 0 (0) 
[2025-05-12T23:25:32.617+0300][1042.596s][36520] GC(24725) Coarsening (all): Inline->AoC 10920 (0) AoC->Howl 7731 (0) Howl->Full 0 (0) Inline->AoC 10809 (0) AoC->BitMap 7399 (0) BitMap->Full 0 (0) 
[2025-05-12T23:25:32.617+0300][1042.596s][36520] GC(24725) Eden regions: 1->0(0)
[2025-05-12T23:25:32.617+0300][1042.596s][36520] GC(24725) Survivor regions: 0->0(0)
[2025-05-12T23:25:32.617+0300][1042.596s][36520] GC(24725) Old regions: 11->12
[2025-05-12T23:25:32.617+0300][1042.596s][36520] GC(24725) Humongous regions: 0->0
[2025-05-12T23:25:32.617+0300][1042.596s][36520] GC(24725) Metaspace: 10757K(12736K)->10757K(12736K) NonClass: 9682K(11328K)->9682K(11328K) Class: 1075K(1408K)->1075K(1408K)
[2025-05-12T23:25:32.617+0300][1042.596s][36520] GC(24725) Heap after GC invocations=21186 (full 7099):
[2025-05-12T23:25:32.617+0300][1042.596s][36520] GC(24725)  garbage-first heap   total 12288K, used 12190K [0x00000000ff400000, 0x0000000100000000)
[2025-05-12T23:25:32.617+0300][1042.596s][36520] GC(24725)   region size 1024K, 0 young (0K), 0 survivors (0K)
[2025-05-12T23:25:32.617+0300][1042.596s][36520] GC(24725)  Metaspace       used 10757K, committed 12736K, reserved 1114112K
[2025-05-12T23:25:32.617+0300][1042.596s][36520] GC(24725)   class space    used 1075K, committed 1408K, reserved 1048576K
[2025-05-12T23:25:32.617+0300][1042.596s][36520] GC(24725) Pause Young (Concurrent Start) (G1 Evacuation Pause) (Evacuation Failure) 11M->11M(12M) 2.746ms
[2025-05-12T23:25:32.617+0300][1042.596s][36520] GC(24725) User=0.00s Sys=0.00s Real=0.00s
[2025-05-12T23:25:32.617+0300][1042.596s][34628] GC(24726) Concurrent Mark Cycle
[2025-05-12T23:25:32.617+0300][1042.596s][36520] Attempt heap expansion (allocation request failed). Allocation request: 2048B
[2025-05-12T23:25:32.617+0300][1042.596s][34628] GC(24726) Concurrent Scan Root Regions
[2025-05-12T23:25:32.617+0300][1042.596s][36520] Expand the heap. requested expansion amount: 1048576B expansion amount: 1048576B
[2025-05-12T23:25:32.617+0300][1042.596s][34628] GC(24726) Concurrent Scan Root Regions 0.038ms
[2025-05-12T23:25:32.617+0300][1042.596s][36520] Did not expand the heap (heap already fully expanded)
[2025-05-12T23:25:32.617+0300][1042.596s][34628] GC(24726) Concurrent Mark
[2025-05-12T23:25:32.617+0300][1042.596s][36520] Attempting full compaction
[2025-05-12T23:25:32.617+0300][1042.596s][34628] GC(24726) Concurrent Mark From Roots
[2025-05-12T23:25:32.617+0300][1042.596s][36520] GC(24727) Pause Full (G1 Compaction Pause)
[2025-05-12T23:25:32.617+0300][1042.596s][34628] GC(24726) Using 3 workers of 3 for marking
[2025-05-12T23:25:32.617+0300][1042.596s][36520] GC(24727) Heap before GC invocations=21186 (full 7099):
[2025-05-12T23:25:32.617+0300][1042.596s][36520] GC(24727)  garbage-first heap   total 12288K, used 12190K [0x00000000ff400000, 0x0000000100000000)
[2025-05-12T23:25:32.617+0300][1042.596s][36520] GC(24727)   region size 1024K, 0 young (0K), 0 survivors (0K)
[2025-05-12T23:25:32.617+0300][1042.596s][36520] GC(24727)  Metaspace       used 10757K, committed 12736K, reserved 1114112K
[2025-05-12T23:25:32.618+0300][1042.596s][36520] GC(24727)   class space    used 1075K, committed 1408K, reserved 1048576K
[2025-05-12T23:25:32.618+0300][1042.596s][36520] GC(24727) Requesting 1 active workers for full compaction (waste limited workers: 1, adaptive workers: 2, used limited workers: 12)
[2025-05-12T23:25:32.618+0300][1042.596s][36520] GC(24727) Using 1 workers of 10 for full compaction
[2025-05-12T23:25:32.618+0300][1042.597s][36520] GC(24727) Clear Bitmap
[2025-05-12T23:25:32.618+0300][1042.597s][36520] GC(24727) Running G1 Clear Bitmap with 1 workers for 1 work units.
[2025-05-12T23:25:32.618+0300][1042.597s][36520] GC(24727) Clear Bitmap 0.045ms
[2025-05-12T23:25:32.618+0300][1042.597s][36520] GC(24727) Mutator Allocation stats, regions: 0, wasted size: 0B ( 0.0%)
[2025-05-12T23:25:32.618+0300][1042.597s][36520] GC(24727) Phase 1: Mark live objects
[2025-05-12T23:25:32.624+0300][1042.604s][36520] GC(24727) Phase 1: Reference Processing
[2025-05-12T23:25:32.624+0300][1042.604s][36520] GC(24727) ReferenceProcessor::execute queues: 1, RefProcThreadModel::Single, marks_oops_alive: false
[2025-05-12T23:25:32.624+0300][1042.604s][36520] GC(24727) Skipped KeepAliveFinalRefsPhase of Reference Processing: no references
[2025-05-12T23:25:32.624+0300][1042.604s][36520] GC(24727) ReferenceProcessor::execute queues: 1, RefProcThreadModel::Single, marks_oops_alive: false
[2025-05-12T23:25:32.624+0300][1042.604s][36520] GC(24727) Reference Processing: 0.0ms
[2025-05-12T23:25:32.624+0300][1042.604s][36520] GC(24727)   Notify Soft/WeakReferences: 0.0ms
[2025-05-12T23:25:32.624+0300][1042.604s][36520] GC(24727)     SoftRef: 0.0ms
[2025-05-12T23:25:32.624+0300][1042.604s][36520] GC(24727)     WeakRef: 0.0ms
[2025-05-12T23:25:32.624+0300][1042.604s][36520] GC(24727)     FinalRef: 0.0ms
[2025-05-12T23:25:32.624+0300][1042.604s][36520] GC(24727)     Total: 0.0ms
[2025-05-12T23:25:32.624+0300][1042.604s][36520] GC(24727)   Notify and keep alive finalizable: 0.0ms
[2025-05-12T23:25:32.624+0300][1042.604s][36520] GC(24727)     FinalRef: skipped
[2025-05-12T23:25:32.624+0300][1042.604s][36520] GC(24727)   Notify PhantomReferences: 0.0ms
[2025-05-12T23:25:32.624+0300][1042.604s][36520] GC(24727)     PhantomRef: 0.0ms
[2025-05-12T23:25:32.624+0300][1042.604s][36520] GC(24727)   SoftReference Discovered: 47, Dropped: 4, Processed: 43
[2025-05-12T23:25:32.624+0300][1042.604s][36520] GC(24727)   WeakReference Discovered: 32, Dropped: 13, Processed: 19
[2025-05-12T23:25:32.624+0300][1042.604s][36520] GC(24727)   FinalReference Discovered: 0, Dropped: 0, Processed: 0
[2025-05-12T23:25:32.624+0300][1042.604s][36520] GC(24727)   PhantomReference Discovered: 23, Dropped: 23, Processed: 0
[2025-05-12T23:25:32.624+0300][1042.604s][36520] GC(24727) Phase 1: Reference Processing 0.235ms
[2025-05-12T23:25:32.624+0300][1042.604s][36520] GC(24727) Phase 1: Weak Processing
[2025-05-12T23:25:32.624+0300][1042.604s][36520] GC(24727)   VM Weak                        Min:  0.0, Avg:  0.0, Max:  0.0, Diff:  0.0, Sum:  0.0, Workers: 10
[2025-05-12T23:25:32.624+0300][1042.604s][36520] GC(24727)     Dead                           Min: 0, Avg:  1.8, Max: 18, Diff: 18, Sum: 18, Workers: 10
[2025-05-12T23:25:32.624+0300][1042.604s][36520] GC(24727)     Total                          Min: 0, Avg:  6.6, Max: 40, Diff: 40, Sum: 66, Workers: 10
[2025-05-12T23:25:32.625+0300][1042.604s][36520] GC(24727)   ObjectSynchronizer Weak        Min:  0.0, Avg:  0.0, Max:  0.0, Diff:  0.0, Sum:  0.0, Workers: 10
[2025-05-12T23:25:32.625+0300][1042.604s][36520] GC(24727)     Dead                           Min: 0, Avg:  0.0, Max: 0, Diff: 0, Sum: 0, Workers: 10
[2025-05-12T23:25:32.625+0300][1042.604s][36520] GC(24727)     Total                          Min: 0, Avg:  0.1, Max: 1, Diff: 1, Sum: 1, Workers: 10
[2025-05-12T23:25:32.625+0300][1042.604s][36520] GC(24727)   JVMTI Tag Weak OopStorage      Min:  0.0, Avg:  0.1, Max:  0.1, Diff:  0.0, Sum:  0.5, Workers: 10
[2025-05-12T23:25:32.625+0300][1042.604s][36520] GC(24727)     Dead                           Min: 0, Avg:  1.8, Max: 18, Diff: 18, Sum: 18, Workers: 10
[2025-05-12T23:25:32.625+0300][1042.604s][36520] GC(24727)     Total                          Min: 5608, Avg: 6289.8, Max: 8841, Diff: 3233, Sum: 62898, Workers: 10
[2025-05-12T23:25:32.625+0300][1042.604s][36520] GC(24727)   StringTable Weak               Min:  0.0, Avg:  0.0, Max:  0.0, Diff:  0.0, Sum:  0.2, Workers: 10
[2025-05-12T23:25:32.625+0300][1042.604s][36520] GC(24727)     Dead                           Min: 0, Avg:  6.8, Max: 20, Diff: 20, Sum: 68, Workers: 10
[2025-05-12T23:25:32.625+0300][1042.604s][36520] GC(24727)     Total                          Min: 3520, Avg: 3952.9, Max: 4862, Diff: 1342, Sum: 39529, Workers: 10
[2025-05-12T23:25:32.625+0300][1042.604s][36520] GC(24727)   ResolvedMethodTable Weak       Min:  0.0, Avg:  0.0, Max:  0.0, Diff:  0.0, Sum:  0.0, Workers: 10
[2025-05-12T23:25:32.625+0300][1042.604s][36520] GC(24727)     Dead                           Min: 0, Avg:  3.5, Max: 35, Diff: 35, Sum: 35, Workers: 10
[2025-05-12T23:25:32.625+0300][1042.604s][36520] GC(24727)     Total                          Min: 0, Avg: 46.9, Max: 108, Diff: 108, Sum: 469, Workers: 10
[2025-05-12T23:25:32.625+0300][1042.604s][36520] GC(24727)   JNI Weak                       Min:  0.0, Avg:  0.0, Max:  0.0, Diff:  0.0, Sum:  0.0, Workers: 10
[2025-05-12T23:25:32.625+0300][1042.604s][36520] GC(24727)     Dead                           Min: 0, Avg:  0.0, Max: 0, Diff: 0, Sum: 0, Workers: 10
[2025-05-12T23:25:32.625+0300][1042.604s][36520] GC(24727)     Total                          Min: 0, Avg:  1.1, Max: 11, Diff: 11, Sum: 11, Workers: 10
[2025-05-12T23:25:32.625+0300][1042.604s][36520] GC(24727)   StringDedup Table Weak         Min:  0.0, Avg:  0.0, Max:  0.0, Diff:  0.0, Sum:  0.0, Workers: 10
[2025-05-12T23:25:32.625+0300][1042.604s][36520] GC(24727)     Dead                           Min: 0, Avg:  0.0, Max: 0, Diff: 0, Sum: 0, Workers: 10
[2025-05-12T23:25:32.625+0300][1042.604s][36520] GC(24727)     Total                          Min: 0, Avg:  0.0, Max: 0, Diff: 0, Sum: 0, Workers: 10
[2025-05-12T23:25:32.625+0300][1042.604s][36520] GC(24727)   StringDedup Requests0 Weak     Min:  0.0, Avg:  0.0, Max:  0.0, Diff:  0.0, Sum:  0.0, Workers: 10
[2025-05-12T23:25:32.625+0300][1042.604s][36520] GC(24727)     Dead                           Min: 0, Avg:  0.0, Max: 0, Diff: 0, Sum: 0, Workers: 10
[2025-05-12T23:25:32.625+0300][1042.604s][36520] GC(24727)     Total                          Min: 0, Avg:  0.0, Max: 0, Diff: 0, Sum: 0, Workers: 10
[2025-05-12T23:25:32.625+0300][1042.604s][36520] GC(24727)   StringDedup Requests1 Weak     Min:  0.0, Avg:  0.0, Max:  0.0, Diff:  0.0, Sum:  0.0, Workers: 10
[2025-05-12T23:25:32.625+0300][1042.604s][36520] GC(24727)     Dead                           Min: 0, Avg:  0.0, Max: 0, Diff: 0, Sum: 0, Workers: 10
[2025-05-12T23:25:32.625+0300][1042.604s][36520] GC(24727)     Total                          Min: 0, Avg:  0.0, Max: 0, Diff: 0, Sum: 0, Workers: 10
[2025-05-12T23:25:32.625+0300][1042.604s][36520] GC(24727)   Weak JFR Old Object Samples    Min:  0.0, Avg:  0.0, Max:  0.0, Diff:  0.0, Sum:  0.0, Workers: 10
[2025-05-12T23:25:32.625+0300][1042.604s][36520] GC(24727)     Dead                           Min: 0, Avg:  0.0, Max: 0, Diff: 0, Sum: 0, Workers: 10
[2025-05-12T23:25:32.625+0300][1042.604s][36520] GC(24727)     Total                          Min: 0, Avg:  0.0, Max: 0, Diff: 0, Sum: 0, Workers: 10
[2025-05-12T23:25:32.625+0300][1042.604s][36520] GC(24727) Phase 1: Weak Processing 0.422ms
[2025-05-12T23:25:32.625+0300][1042.604s][36520] GC(24727) Phase 1: Class Unloading and Cleanup
[2025-05-12T23:25:32.625+0300][1042.604s][36520] GC(24727) ClassLoaderData
[2025-05-12T23:25:32.625+0300][1042.604s][36520] GC(24727) ClassLoaderData 0.060ms
[2025-05-12T23:25:32.625+0300][1042.604s][36520] GC(24727) Trigger cleanups
[2025-05-12T23:25:32.625+0300][1042.604s][36520] GC(24727) Trigger cleanups 0.009ms
[2025-05-12T23:25:32.628+0300][1042.608s][36520] GC(24727) Phase 1: Class Unloading and Cleanup 3.674ms
[2025-05-12T23:25:32.628+0300][1042.608s][36520] GC(24727) Report Object Count
[2025-05-12T23:25:32.628+0300][1042.608s][36520] GC(24727) Report Object Count 0.011ms
[2025-05-12T23:25:32.628+0300][1042.608s][36520] GC(24727) Phase 1: Mark live objects 11.379ms
[2025-05-12T23:25:32.628+0300][1042.608s][36520] GC(24727) Phase 2: Prepare compaction
[2025-05-12T23:25:32.628+0300][1042.608s][36520] GC(24727) Phase 2: Determine work lists
[2025-05-12T23:25:32.628+0300][1042.608s][36520] GC(24727) Phase 2: Determine work lists 0.009ms
[2025-05-12T23:25:32.628+0300][1042.608s][36520] GC(24727) Phase 2: Prepare parallel compaction
[2025-05-12T23:25:32.629+0300][1042.608s][36520] GC(24727) Phase 2: Prepare parallel compaction 0.183ms
[2025-05-12T23:25:32.629+0300][1042.608s][36520] GC(24727) Phase 2: Prepare compaction 0.222ms
[2025-05-12T23:25:32.629+0300][1042.608s][36520] GC(24727) Phase 3: Adjust pointers
[2025-05-12T23:25:32.633+0300][1042.612s][36520] GC(24727) Phase 3: Adjust pointers 3.931ms
[2025-05-12T23:25:32.633+0300][1042.612s][36520] GC(24727) Phase 4: Compact heap
[2025-05-12T23:25:32.633+0300][1042.612s][36520] GC(24727) Phase 4: Compact heap 0.180ms
[2025-05-12T23:25:32.633+0300][1042.612s][36520] GC(24727) Phase 5: Reset Metadata
[2025-05-12T23:25:32.635+0300][1042.614s][36520] GC(24727) Phase 5: Reset Metadata 1.558ms
[2025-05-12T23:25:32.635+0300][1042.614s][36520] GC(24727) Running G1 Clear Bitmap with 1 workers for 1 work units.
[2025-05-12T23:25:32.637+0300][1042.616s][36520] Old generation allocation in the last mutator period, old gen allocated: 0B, humongous allocated: 0B, old gen growth: 0B.
[2025-05-12T23:25:32.637+0300][1042.616s][36520] GC(24727) Coarsening (recent): Inline->AoC 0 (0) AoC->Howl 0 (0) Howl->Full 0 (0) Inline->AoC 0 (0) AoC->BitMap 0 (0) BitMap->Full 0 (0) 
[2025-05-12T23:25:32.637+0300][1042.616s][36520] GC(24727) Coarsening (all): Inline->AoC 10920 (0) AoC->Howl 7731 (0) Howl->Full 0 (0) Inline->AoC 10809 (0) AoC->BitMap 7399 (0) BitMap->Full 0 (0) 
[2025-05-12T23:25:32.637+0300][1042.616s][36520] GC(24727) Eden regions: 0->0(1)
[2025-05-12T23:25:32.637+0300][1042.616s][36520] GC(24727) Survivor regions: 0->0(0)
[2025-05-12T23:25:32.637+0300][1042.616s][36520] GC(24727) Old regions: 12->11
[2025-05-12T23:25:32.637+0300][1042.616s][36520] GC(24727) Humongous regions: 0->0
[2025-05-12T23:25:32.637+0300][1042.616s][36520] GC(24727) Metaspace: 10757K(12736K)->10722K(12736K) NonClass: 9682K(11328K)->9656K(11328K) Class: 1075K(1408K)->1066K(1408K)
[2025-05-12T23:25:32.637+0300][1042.616s][36520] GC(24727) Heap after GC invocations=21187 (full 7100):
[2025-05-12T23:25:32.637+0300][1042.616s][36520] GC(24727)  garbage-first heap   total 12288K, used 11254K [0x00000000ff400000, 0x0000000100000000)
[2025-05-12T23:25:32.637+0300][1042.616s][36520] GC(24727)   region size 1024K, 0 young (0K), 0 survivors (0K)
[2025-05-12T23:25:32.637+0300][1042.616s][36520] GC(24727)  Metaspace       used 10722K, committed 12736K, reserved 1114112K
[2025-05-12T23:25:32.637+0300][1042.616s][36520] GC(24727)   class space    used 1066K, committed 1408K, reserved 1048576K
[2025-05-12T23:25:32.637+0300][1042.616s][36520] GC(24727) Pause Full (G1 Compaction Pause) 11M->10M(12M) 19.469ms
[2025-05-12T23:25:32.637+0300][1042.616s][36520] GC(24727) User=0.00s Sys=0.00s Real=0.02s
[2025-05-12T23:25:32.637+0300][1042.616s][9340 ] G1 Service Thread (Card Set Free Memory Task) (run: 21.209ms) (cpu: 0.000ms)
[2025-05-12T23:25:32.637+0300][1042.616s][34628] ---------------------------------------------------------------------
[2025-05-12T23:25:32.637+0300][1042.616s][34628] Marking Stats, task = 0, calls = 0
[2025-05-12T23:25:32.637+0300][1042.616s][34628]   Elapsed time = 0.00ms, Termination time = 0.00ms
[2025-05-12T23:25:32.637+0300][1042.616s][34628]   Step Times (cum): num = 5369, avg = 0.16ms, sd = 1.55ms max = 16.00ms, total = 833.00ms
[2025-05-12T23:25:32.637+0300][1042.616s][34628]   Mark Stats Cache: hits 2244 misses 0 ratio 100.000
[2025-05-12T23:25:32.637+0300][1042.616s][34628] ---------------------------------------------------------------------
[2025-05-12T23:25:32.637+0300][1042.616s][34628] Marking Stats, task = 1, calls = 0
[2025-05-12T23:25:32.637+0300][1042.616s][34628]   Elapsed time = 0.00ms, Termination time = 0.00ms
[2025-05-12T23:25:32.637+0300][1042.616s][34628]   Step Times (cum): num = 13793, avg = 0.02ms, sd = 0.58ms max = 16.00ms, total = 296.00ms
[2025-05-12T23:25:32.637+0300][1042.616s][34628]   Mark Stats Cache: hits 5262 misses 0 ratio 100.000
[2025-05-12T23:25:32.637+0300][1042.616s][34628] ---------------------------------------------------------------------
[2025-05-12T23:25:32.637+0300][1042.616s][34628] Marking Stats, task = 2, calls = 0
[2025-05-12T23:25:32.637+0300][1042.616s][34628]   Elapsed time = 0.00ms, Termination time = 0.00ms
[2025-05-12T23:25:32.637+0300][1042.616s][34628]   Step Times (cum): num = 13231, avg = 0.02ms, sd = 0.61ms max = 16.00ms, total = 313.00ms
[2025-05-12T23:25:32.637+0300][1042.616s][34628]   Mark Stats Cache: hits 0 misses 0 ratio 0.000
[2025-05-12T23:25:32.637+0300][1042.616s][34628] ---------------------------------------------------------------------
[2025-05-12T23:25:32.637+0300][1042.616s][34628] GC(24726) Concurrent Mark From Roots 19.827ms
[2025-05-12T23:25:32.637+0300][1042.616s][34628] GC(24726) Concurrent Mark Abort
[2025-05-12T23:25:32.637+0300][1042.616s][34628] GC(24726) Concurrent Mark Cycle 20.003ms
[2025-05-12T23:25:32.666+0300][1042.645s][36520] GC(24728) Pause Young (Normal) (G1 Evacuation Pause)
[2025-05-12T23:25:32.666+0300][1042.645s][36520] GC(24728) Heap before GC invocations=21187 (full 7100):
[2025-05-12T23:25:32.666+0300][1042.645s][36520] GC(24728)  garbage-first heap   total 12288K, used 12278K [0x00000000ff400000, 0x0000000100000000)
[2025-05-12T23:25:32.666+0300][1042.645s][36520] GC(24728)   region size 1024K, 1 young (1024K), 0 survivors (0K)
[2025-05-12T23:25:32.666+0300][1042.645s][36520] GC(24728)  Metaspace       used 10759K, committed 12736K, reserved 1114112K
[2025-05-12T23:25:32.666+0300][1042.645s][36520] GC(24728)   class space    used 1076K, committed 1408K, reserved 1048576K
[2025-05-12T23:25:32.666+0300][1042.645s][36520] GC(24728) Using 2 workers of 10 for evacuation
[2025-05-12T23:25:32.666+0300][1042.645s][36520] GC(24728) Desired survivor size 524288 bytes, new threshold 15 (max threshold 15)
[2025-05-12T23:25:32.666+0300][1042.645s][36520] GC(24728) TLAB totals: thrds: 1  refills: 317 max: 317 slow allocs: 151 max 151 waste: 22.1% gc: 624B max: 624B slow: 188864B max: 188864B
[2025-05-12T23:25:32.666+0300][1042.645s][36520] GC(24728) Mutator refinement: 0.00ms, refined: 0, precleaned: 0, dirtied: 102
[2025-05-12T23:25:32.666+0300][1042.645s][36520] GC(24728) Concurrent refinement: 0.00ms, refined: 0, precleaned: 0, dirtied: 0
[2025-05-12T23:25:32.666+0300][1042.645s][36520] GC(24728) Total refinement: 0.00ms, refined: 0, precleaned: 0, dirtied: 102
[2025-05-12T23:25:32.666+0300][1042.645s][36520] GC(24728) Generate dirty cards rate: 3.50 cards/ms
[2025-05-12T23:25:32.666+0300][1042.645s][36520] GC(24728) Mutator Allocation stats, regions: 1, wasted size: 0B ( 0.0%)
[2025-05-12T23:25:32.666+0300][1042.645s][36520] GC(24728) No candidates to reclaim.
[2025-05-12T23:25:32.666+0300][1042.645s][36520] GC(24728) Running G1 Merge Heap Roots using 2 workers for 1 regions
[2025-05-12T23:25:32.666+0300][1042.645s][36520] GC(24728) Visited cards 1152 Total dirty 12288 (9.38%) Total old 26624 (4.33%)
[2025-05-12T23:25:32.666+0300][1042.645s][28516] GC(24728) Attempt heap expansion (region allocation request failed). Allocation request: 2064B
[2025-05-12T23:25:32.667+0300][1042.645s][28516] GC(24728) Did not expand the heap (heap already fully expanded)
[2025-05-12T23:25:32.667+0300][1042.646s][36520] GC(24728) ReferenceProcessor::execute queues: 1, RefProcThreadModel::Single, marks_oops_alive: false
[2025-05-12T23:25:32.667+0300][1042.646s][36520] GC(24728) Skipped KeepAliveFinalRefsPhase of Reference Processing: no references
[2025-05-12T23:25:32.667+0300][1042.646s][36520] GC(24728) Skipped PhantomRefsPhase of Reference Processing: no references
[2025-05-12T23:25:32.667+0300][1042.646s][36520] GC(24728) Initializing removing self forwards with 64 chunks per region
[2025-05-12T23:25:32.667+0300][1042.646s][36520] GC(24728) Running G1 Rebuild Free List Task using 2 workers for rebuilding free list of regions
[2025-05-12T23:25:32.667+0300][1042.646s][36520] GC(24728) Young PLAB allocation: allocated: 0B, wasted: 0B, unused: 0B, used: 0B, undo waste: 0B, 
[2025-05-12T23:25:32.667+0300][1042.646s][36520] GC(24728) Young other allocation: region end waste: 0B, regions filled: 0, num plab filled: 2, direct allocated: 0B, num direct allocated: 0, failure used: 0B, failure wasted: 0B
[2025-05-12T23:25:32.667+0300][1042.646s][36520] GC(24728) Young sizing: calculated: 0B, actual: 2064B
[2025-05-12T23:25:32.667+0300][1042.646s][36520] GC(24728) Old PLAB allocation: allocated: 0B, wasted: 0B, unused: 0B, used: 0B, undo waste: 0B, 
[2025-05-12T23:25:32.667+0300][1042.646s][36520] GC(24728) Old other allocation: region end waste: 0B, regions filled: 0, num plab filled: 2, direct allocated: 0B, num direct allocated: 0, failure used: 184904B, failure wasted: 863672B
[2025-05-12T23:25:32.667+0300][1042.646s][36520] GC(24728) Old sizing: calculated: 0B, actual: 2064B
[2025-05-12T23:25:32.667+0300][1042.646s][36520] GC(24728) Heap expansion: short term pause time ratio 50.55% long term pause time ratio 42.54% threshold 7.69% pause time ratio 7.69% fully expanded true resize by 0B
[2025-05-12T23:25:32.667+0300][1042.646s][36520] GC(24728) Request concurrent cycle initiation (occupancy higher than threshold) occupancy: 12582912B allocation request: 0B threshold: 3515680B (27.94) source: end of GC
[2025-05-12T23:25:32.667+0300][1042.646s][36520] GC(24728) MMU: 6.4ms (200.0ms/201.0ms)
[2025-05-12T23:25:32.667+0300][1042.646s][36520] Old generation allocation in the last mutator period, old gen allocated: 1048576B, humongous allocated: 0B, old gen growth: 1048576B.
[2025-05-12T23:25:32.667+0300][1042.646s][9340 ] G1 Service Thread (Card Set Free Memory Task) (run 0.044ms after schedule)
[2025-05-12T23:25:32.667+0300][1042.646s][36520] GC(24728) Basic information (value update), threshold: 3577938B (28.43), target occupancy: 12582912B, current occupancy: 12573448B, recent allocation size: 1048576B, recent allocation duration: 29.17ms, recent old gen allocation rate: 35952122.17B/s, recent marking phase length: 120.12ms
[2025-05-12T23:25:32.667+0300][1042.646s][36520] GC(24728) Adaptive IHOP information (value update), threshold: 3577938B (33.45), internal target occupancy: 10695475B, occupancy: 12573448B, additional buffer size: 1048576B, predicted old gen allocation rate: 50288510.30B/s, predicted marking phase length: 120.68ms, prediction active: true
[2025-05-12T23:25:32.667+0300][1042.646s][36520] GC(24728) GC refinement: goal: 18446744073709551615 + 103 / 20.00ms, actual: 102 / 0.04ms, 
[2025-05-12T23:25:32.667+0300][1042.646s][36520] GC(24728) Unchanged pending cards target: 18446744073709551615
[2025-05-12T23:25:32.667+0300][1042.646s][36520] GC(24728)   Pre Evacuate Collection Set: 0.2ms
[2025-05-12T23:25:32.667+0300][1042.646s][36520] GC(24728)     Pre Evacuate Prepare: 0.1ms
[2025-05-12T23:25:32.667+0300][1042.646s][36520] GC(24728)       JT Retire TLABs And Flush Logs (ms): Min:  0.0, Avg:  0.0, Max:  0.0, Diff:  0.0, Sum:  0.0, Workers: 2
[2025-05-12T23:25:32.667+0300][1042.646s][36520] GC(24728)       Non-JT Flush Logs (ms):        Min:  0.0, Avg:  0.0, Max:  0.0, Diff:  0.0, Sum:  0.0, Workers: 1
[2025-05-12T23:25:32.667+0300][1042.646s][36520] GC(24728)     Choose Collection Set: 0.0ms
[2025-05-12T23:25:32.667+0300][1042.646s][36520] GC(24728)     Region Register: 0.1ms
[2025-05-12T23:25:32.667+0300][1042.646s][36520] GC(24728)     Prepare Heap Roots: 0.0ms
[2025-05-12T23:25:32.667+0300][1042.646s][36520] GC(24728)   Merge Heap Roots: 0.2ms
[2025-05-12T23:25:32.668+0300][1042.646s][36520] GC(24728)     Prepare Merge Heap Roots: 0.0ms
[2025-05-12T23:25:32.668+0300][1042.646s][36520] GC(24728)     Remembered Sets (ms):          Min:  0.0, Avg:  0.0, Max:  0.0, Diff:  0.0, Sum:  0.0, Workers: 2
[2025-05-12T23:25:32.668+0300][1042.646s][36520] GC(24728)       Eager Reclaim (ms):            skipped
[2025-05-12T23:25:32.668+0300][1042.646s][36520] GC(24728)       Merged Inline                  Min: 0, Avg:  0.0, Max: 0, Diff: 0, Sum: 0, Workers: 2
[2025-05-12T23:25:32.668+0300][1042.646s][36520] GC(24728)       Merged ArrayOfCards            Min: 0, Avg:  0.0, Max: 0, Diff: 0, Sum: 0, Workers: 2
[2025-05-12T23:25:32.668+0300][1042.646s][36520] GC(24728)       Merged Howl                    Min: 0, Avg:  0.0, Max: 0, Diff: 0, Sum: 0, Workers: 2
[2025-05-12T23:25:32.668+0300][1042.646s][36520] GC(24728)       Merged Full                    Min: 0, Avg:  0.0, Max: 0, Diff: 0, Sum: 0, Workers: 2
[2025-05-12T23:25:32.668+0300][1042.646s][36520] GC(24728)       Merged Howl Inline             Min: 0, Avg:  0.0, Max: 0, Diff: 0, Sum: 0, Workers: 2
[2025-05-12T23:25:32.668+0300][1042.646s][36520] GC(24728)       Merged Howl ArrayOfCards       Min: 0, Avg:  0.0, Max: 0, Diff: 0, Sum: 0, Workers: 2
[2025-05-12T23:25:32.668+0300][1042.646s][36520] GC(24728)       Merged Howl BitMap             Min: 0, Avg:  0.0, Max: 0, Diff: 0, Sum: 0, Workers: 2
[2025-05-12T23:25:32.668+0300][1042.646s][36520] GC(24728)       Merged Howl Full               Min: 0, Avg:  0.0, Max: 0, Diff: 0, Sum: 0, Workers: 2
[2025-05-12T23:25:32.668+0300][1042.646s][36520] GC(24728)       Merged Cards                   Min: 8, Avg:  8.0, Max: 8, Diff: 0, Sum: 16, Workers: 2
[2025-05-12T23:25:32.668+0300][1042.646s][36520] GC(24728)     Log Buffers (ms):              Min:  0.0, Avg:  0.0, Max:  0.0, Diff:  0.0, Sum:  0.0, Workers: 2
[2025-05-12T23:25:32.668+0300][1042.646s][36520] GC(24728)       Dirty Cards:                   Min: 24, Avg: 51.0, Max: 78, Diff: 54, Sum: 102, Workers: 2
[2025-05-12T23:25:32.668+0300][1042.646s][36520] GC(24728)       Skipped Cards:                 Min: 0, Avg:  0.0, Max: 0, Diff: 0, Sum: 0, Workers: 2
[2025-05-12T23:25:32.668+0300][1042.646s][36520] GC(24728)   Evacuate Collection Set: 0.3ms
[2025-05-12T23:25:32.668+0300][1042.646s][36520] GC(24728)     Ext Root Scanning (ms):        Min:  0.1, Avg:  0.1, Max:  0.1, Diff:  0.0, Sum:  0.2, Workers: 2
[2025-05-12T23:25:32.668+0300][1042.646s][36520] GC(24728)     Scan Heap Roots (ms):          Min:  0.0, Avg:  0.0, Max:  0.0, Diff:  0.0, Sum:  0.1, Workers: 2
[2025-05-12T23:25:32.668+0300][1042.646s][36520] GC(24728)       Scanned Cards:                 Min: 43, Avg: 51.0, Max: 59, Diff: 16, Sum: 102, Workers: 2
[2025-05-12T23:25:32.668+0300][1042.646s][36520] GC(24728)       Scanned Blocks:                Min: 30, Avg: 36.0, Max: 42, Diff: 12, Sum: 72, Workers: 2
[2025-05-12T23:25:32.668+0300][1042.646s][36520] GC(24728)       Claimed Chunks:                Min: 16, Avg: 18.0, Max: 20, Diff: 4, Sum: 36, Workers: 2
[2025-05-12T23:25:32.668+0300][1042.646s][36520] GC(24728)       Found Roots:                   Min: 37, Avg: 49.0, Max: 61, Diff: 24, Sum: 98, Workers: 2
[2025-05-12T23:25:32.668+0300][1042.647s][36520] GC(24728)     Code Root Scan (ms):           Min:  0.0, Avg:  0.0, Max:  0.0, Diff:  0.0, Sum:  0.0, Workers: 2
[2025-05-12T23:25:32.668+0300][1042.647s][36520] GC(24728)     Object Copy (ms):              Min:  0.1, Avg:  0.1, Max:  0.1, Diff:  0.0, Sum:  0.3, Workers: 2
[2025-05-12T23:25:32.668+0300][1042.647s][36520] GC(24728)     Termination (ms):              Min:  0.0, Avg:  0.0, Max:  0.0, Diff:  0.0, Sum:  0.0, Workers: 2
[2025-05-12T23:25:32.668+0300][1042.647s][36520] GC(24728)       Termination Attempts:          Min: 1, Avg:  1.0, Max: 1, Diff: 0, Sum: 2, Workers: 2
[2025-05-12T23:25:32.668+0300][1042.647s][36520] GC(24728)     GC Worker Other (ms):          Min:  0.0, Avg:  0.0, Max:  0.0, Diff:  0.0, Sum:  0.0, Workers: 2
[2025-05-12T23:25:32.668+0300][1042.647s][36520] GC(24728)     GC Worker Total (ms):          Min:  0.3, Avg:  0.3, Max:  0.3, Diff:  0.1, Sum:  0.6, Workers: 2
[2025-05-12T23:25:32.668+0300][1042.647s][36520] GC(24728)   Post Evacuate Collection Set: 0.5ms
[2025-05-12T23:25:32.668+0300][1042.647s][36520] GC(24728)     NMethod List Cleanup: 0.0ms
[2025-05-12T23:25:32.668+0300][1042.647s][36520] GC(24728)     Reference Processing: 0.1ms
[2025-05-12T23:25:32.668+0300][1042.647s][36520] GC(24728)       Notify Soft/WeakReferences: 0.0ms
[2025-05-12T23:25:32.668+0300][1042.647s][36520] GC(24728)         SoftRef (ms):                  Min:  0.0, Avg:  0.0, Max:  0.0, Diff:  0.0, Sum:  0.0, Workers: 1
[2025-05-12T23:25:32.668+0300][1042.647s][36520] GC(24728)         WeakRef (ms):                  Min:  0.0, Avg:  0.0, Max:  0.0, Diff:  0.0, Sum:  0.0, Workers: 1
[2025-05-12T23:25:32.668+0300][1042.647s][36520] GC(24728)         FinalRef (ms):                 Min:  0.0, Avg:  0.0, Max:  0.0, Diff:  0.0, Sum:  0.0, Workers: 1
[2025-05-12T23:25:32.668+0300][1042.647s][36520] GC(24728)         Total (ms):                    Min:  0.0, Avg:  0.0, Max:  0.0, Diff:  0.0, Sum:  0.0, Workers: 1
[2025-05-12T23:25:32.668+0300][1042.647s][36520] GC(24728)       Notify and keep alive finalizable: 0.0ms
[2025-05-12T23:25:32.668+0300][1042.647s][36520] GC(24728)         FinalRef (ms):                 skipped
[2025-05-12T23:25:32.668+0300][1042.647s][36520] GC(24728)       Notify PhantomReferences: 0.0ms
[2025-05-12T23:25:32.668+0300][1042.647s][36520] GC(24728)         PhantomRef (ms):               skipped
[2025-05-12T23:25:32.668+0300][1042.647s][36520] GC(24728)       SoftReference Discovered: 0, Dropped: 0, Processed: 0
[2025-05-12T23:25:32.668+0300][1042.647s][36520] GC(24728)       WeakReference Discovered: 25, Dropped: 3, Processed: 22
[2025-05-12T23:25:32.668+0300][1042.647s][36520] GC(24728)       FinalReference Discovered: 0, Dropped: 0, Processed: 0
[2025-05-12T23:25:32.668+0300][1042.647s][36520] GC(24728)       PhantomReference Discovered: 0, Dropped: 0, Processed: 0
[2025-05-12T23:25:32.668+0300][1042.647s][36520] GC(24728)     Weak Processing: 0.1ms
[2025-05-12T23:25:32.668+0300][1042.647s][36520] GC(24728)       VM Weak                        Min:  0.0, Avg:  0.0, Max:  0.0, Diff:  0.0, Sum:  0.0, Workers: 10
[2025-05-12T23:25:32.668+0300][1042.647s][36520] GC(24728)         Dead                           Min: 0, Avg:  0.0, Max: 0, Diff: 0, Sum: 0, Workers: 10
[2025-05-12T23:25:32.668+0300][1042.647s][36520] GC(24728)         Total                          Min: 0, Avg:  6.7, Max: 60, Diff: 60, Sum: 67, Workers: 10
[2025-05-12T23:25:32.668+0300][1042.647s][36520] GC(24728)       ObjectSynchronizer Weak        Min:  0.0, Avg:  0.0, Max:  0.0, Diff:  0.0, Sum:  0.0, Workers: 10
[2025-05-12T23:25:32.668+0300][1042.647s][36520] GC(24728)         Dead                           Min: 0, Avg:  0.0, Max: 0, Diff: 0, Sum: 0, Workers: 10
[2025-05-12T23:25:32.668+0300][1042.647s][36520] GC(24728)         Total                          Min: 0, Avg:  0.1, Max: 1, Diff: 1, Sum: 1, Workers: 10
[2025-05-12T23:25:32.668+0300][1042.647s][36520] GC(24728)       JVMTI Tag Weak OopStorage      Min:  0.0, Avg:  0.1, Max:  0.1, Diff:  0.0, Sum:  0.6, Workers: 10
[2025-05-12T23:25:32.668+0300][1042.647s][36520] GC(24728)         Dead                           Min: 0, Avg:  0.0, Max: 0, Diff: 0, Sum: 0, Workers: 10
[2025-05-12T23:25:32.668+0300][1042.647s][36520] GC(24728)         Total                          Min: 3625, Avg: 6289.9, Max: 7968, Diff: 4343, Sum: 62899, Workers: 10
[2025-05-12T23:25:32.668+0300][1042.647s][36520] GC(24728)       StringTable Weak               Min:  0.0, Avg:  0.0, Max:  0.0, Diff:  0.0, Sum:  0.2, Workers: 10
[2025-05-12T23:25:32.668+0300][1042.647s][36520] GC(24728)         Dead                           Min: 0, Avg:  0.0, Max: 0, Diff: 0, Sum: 0, Workers: 10
[2025-05-12T23:25:32.668+0300][1042.647s][36520] GC(24728)         Total                          Min: 3520, Avg: 3952.9, Max: 4352, Diff: 832, Sum: 39529, Workers: 10
[2025-05-12T23:25:32.668+0300][1042.647s][36520] GC(24728)       ResolvedMethodTable Weak       Min:  0.0, Avg:  0.0, Max:  0.0, Diff:  0.0, Sum:  0.0, Workers: 10
[2025-05-12T23:25:32.668+0300][1042.647s][36520] GC(24728)         Dead                           Min: 0, Avg:  0.0, Max: 0, Diff: 0, Sum: 0, Workers: 10
[2025-05-12T23:25:32.668+0300][1042.647s][36520] GC(24728)         Total                          Min: 2, Avg: 48.7, Max: 128, Diff: 126, Sum: 487, Workers: 10
[2025-05-12T23:25:32.668+0300][1042.647s][36520] GC(24728)       JNI Weak                       Min:  0.0, Avg:  0.0, Max:  0.0, Diff:  0.0, Sum:  0.0, Workers: 10
[2025-05-12T23:25:32.668+0300][1042.647s][36520] GC(24728)         Dead                           Min: 0, Avg:  0.0, Max: 0, Diff: 0, Sum: 0, Workers: 10
[2025-05-12T23:25:32.668+0300][1042.647s][36520] GC(24728)         Total                          Min: 0, Avg:  1.1, Max: 11, Diff: 11, Sum: 11, Workers: 10
[2025-05-12T23:25:32.668+0300][1042.647s][36520] GC(24728)       StringDedup Table Weak         Min:  0.0, Avg:  0.0, Max:  0.0, Diff:  0.0, Sum:  0.0, Workers: 10
[2025-05-12T23:25:32.668+0300][1042.647s][36520] GC(24728)         Dead                           Min: 0, Avg:  0.0, Max: 0, Diff: 0, Sum: 0, Workers: 10
[2025-05-12T23:25:32.668+0300][1042.647s][36520] GC(24728)         Total                          Min: 0, Avg:  0.0, Max: 0, Diff: 0, Sum: 0, Workers: 10
[2025-05-12T23:25:32.668+0300][1042.647s][36520] GC(24728)       StringDedup Requests0 Weak     Min:  0.0, Avg:  0.0, Max:  0.0, Diff:  0.0, Sum:  0.0, Workers: 10
[2025-05-12T23:25:32.668+0300][1042.647s][36520] GC(24728)         Dead                           Min: 0, Avg:  0.0, Max: 0, Diff: 0, Sum: 0, Workers: 10
[2025-05-12T23:25:32.668+0300][1042.647s][36520] GC(24728)         Total                          Min: 0, Avg:  0.0, Max: 0, Diff: 0, Sum: 0, Workers: 10
[2025-05-12T23:25:32.668+0300][1042.647s][36520] GC(24728)       StringDedup Requests1 Weak     Min:  0.0, Avg:  0.0, Max:  0.0, Diff:  0.0, Sum:  0.0, Workers: 10
[2025-05-12T23:25:32.668+0300][1042.647s][36520] GC(24728)         Dead                           Min: 0, Avg:  0.0, Max: 0, Diff: 0, Sum: 0, Workers: 10
[2025-05-12T23:25:32.668+0300][1042.647s][36520] GC(24728)         Total                          Min: 0, Avg:  0.0, Max: 0, Diff: 0, Sum: 0, Workers: 10
[2025-05-12T23:25:32.668+0300][1042.647s][36520] GC(24728)       Weak JFR Old Object Samples    Min:  0.0, Avg:  0.0, Max:  0.0, Diff:  0.0, Sum:  0.0, Workers: 10
[2025-05-12T23:25:32.668+0300][1042.647s][36520] GC(24728)         Dead                           Min: 0, Avg:  0.0, Max: 0, Diff: 0, Sum: 0, Workers: 10
[2025-05-12T23:25:32.668+0300][1042.647s][36520] GC(24728)         Total                          Min: 0, Avg:  0.0, Max: 0, Diff: 0, Sum: 0, Workers: 10
[2025-05-12T23:25:32.668+0300][1042.647s][36520] GC(24728)     Post Evacuate Cleanup 1: 0.1ms
[2025-05-12T23:25:32.668+0300][1042.647s][36520] GC(24728)       Merge Per-Thread State (ms):   Min:  0.0, Avg:  0.0, Max:  0.0, Diff:  0.0, Sum:  0.0, Workers: 1
[2025-05-12T23:25:32.668+0300][1042.647s][36520] GC(24728)         Copied Bytes                   Min: 0, Avg:  0.0, Max: 0, Diff: 0, Sum: 0, Workers: 2
[2025-05-12T23:25:32.668+0300][1042.647s][36520] GC(24728)         LAB Waste                      Min: 0, Avg:  0.0, Max: 0, Diff: 0, Sum: 0, Workers: 2
[2025-05-12T23:25:32.668+0300][1042.647s][36520] GC(24728)         LAB Undo Waste                 Min: 0, Avg:  0.0, Max: 0, Diff: 0, Sum: 0, Workers: 2
[2025-05-12T23:25:32.668+0300][1042.647s][36520] GC(24728)       Clear Logged Cards (ms):       Min:  0.0, Avg:  0.0, Max:  0.0, Diff:  0.0, Sum:  0.0, Workers: 2
[2025-05-12T23:25:32.668+0300][1042.647s][36520] GC(24728)       Recalculate Used Memory (ms):  Min:  0.0, Avg:  0.0, Max:  0.0, Diff:  0.0, Sum:  0.0, Workers: 1
[2025-05-12T23:25:32.668+0300][1042.647s][36520] GC(24728)       Restore Retained Regions (ms): Min:  0.0, Avg:  0.0, Max:  0.1, Diff:  0.1, Sum:  0.1, Workers: 2
[2025-05-12T23:25:32.668+0300][1042.647s][36520] GC(24728)         Evacuation Failure Regions:    Min: 1, Avg:  1.0, Max: 1, Diff: 0, Sum: 1, Workers: 1
[2025-05-12T23:25:32.668+0300][1042.647s][36520] GC(24728)         Remove Self Forwards (ms):     Min:  0.0, Avg:  0.0, Max:  0.1, Diff:  0.1, Sum:  0.1, Workers: 2
[2025-05-12T23:25:32.668+0300][1042.647s][36520] GC(24728)           Forward Chunks:                Min: 8, Avg: 28.5, Max: 49, Diff: 41, Sum: 57, Workers: 2
[2025-05-12T23:25:32.668+0300][1042.647s][36520] GC(24728)           Empty Forward Chunks:          Min: 2, Avg:  3.5, Max: 5, Diff: 3, Sum: 7, Workers: 2
[2025-05-12T23:25:32.668+0300][1042.647s][36520] GC(24728)           Forward Objects:               Min: 422, Avg: 1695.0, Max: 2968, Diff: 2546, Sum: 3390, Workers: 2
[2025-05-12T23:25:32.668+0300][1042.647s][36520] GC(24728)           Forward Bytes:                 Min: 37120, Avg: 92452.0, Max: 147784, Diff: 110664, Sum: 184904, Workers: 2
[2025-05-12T23:25:32.668+0300][1042.647s][36520] GC(24728)     Post Evacuate Cleanup 2: 0.1ms
[2025-05-12T23:25:32.668+0300][1042.647s][36520] GC(24728)       Recalculate Used Memory (ms):  Min:  0.0, Avg:  0.0, Max:  0.0, Diff:  0.0, Sum:  0.0, Workers: 1
[2025-05-12T23:25:32.668+0300][1042.647s][36520] GC(24728)       Restore Preserved Marks (ms):  Min:  0.0, Avg:  0.0, Max:  0.0, Diff:  0.0, Sum:  0.0, Workers: 2
[2025-05-12T23:25:32.668+0300][1042.647s][36520] GC(24728)       Clear Retained Region Bitmaps (ms): Min:  0.0, Avg:  0.0, Max:  0.0, Diff:  0.0, Sum:  0.0, Workers: 2
[2025-05-12T23:25:32.668+0300][1042.647s][36520] GC(24728)       Update Derived Pointers (ms):  Min:  0.0, Avg:  0.0, Max:  0.0, Diff:  0.0, Sum:  0.0, Workers: 1
[2025-05-12T23:25:32.668+0300][1042.647s][36520] GC(24728)       Eagerly Reclaim Humongous Objects (ms): skipped
[2025-05-12T23:25:32.668+0300][1042.647s][36520] GC(24728)         Humongous Total                skipped
[2025-05-12T23:25:32.668+0300][1042.647s][36520] GC(24728)         Humongous Candidates           skipped
[2025-05-12T23:25:32.668+0300][1042.647s][36520] GC(24728)         Humongous Reclaimed            skipped
[2025-05-12T23:25:32.668+0300][1042.647s][36520] GC(24728)       Redirty Logged Cards (ms):     Min:  0.0, Avg:  0.0, Max:  0.0, Diff:  0.0, Sum:  0.0, Workers: 2
[2025-05-12T23:25:32.668+0300][1042.647s][36520] GC(24728)         Redirtied Cards:               Min: 0, Avg:  0.0, Max: 0, Diff: 0, Sum: 0, Workers: 2
[2025-05-12T23:25:32.668+0300][1042.647s][36520] GC(24728)       Resize TLABs (ms):             Min:  0.0, Avg:  0.0, Max:  0.0, Diff:  0.0, Sum:  0.0, Workers: 2
[2025-05-12T23:25:32.668+0300][1042.647s][36520] GC(24728)       Free Collection Set (ms):      Min:  0.0, Avg:  0.0, Max:  0.0, Diff:  0.0, Sum:  0.0, Workers: 2
[2025-05-12T23:25:32.668+0300][1042.647s][36520] GC(24728)     Rebuild Free List: 0.1ms
[2025-05-12T23:25:32.668+0300][1042.647s][36520] GC(24728)     Prepare For Mutator: 0.1ms
[2025-05-12T23:25:32.668+0300][1042.647s][36520] GC(24728)     Expand Heap After Collection: 0.0ms
[2025-05-12T23:25:32.668+0300][1042.647s][36520] GC(24728)   Other: 0.2ms
[2025-05-12T23:25:32.668+0300][1042.647s][36520] GC(24728) Coarsening (recent): Inline->AoC 0 (0) AoC->Howl 0 (0) Howl->Full 0 (0) Inline->AoC 0 (0) AoC->BitMap 0 (0) BitMap->Full 0 (0) 
[2025-05-12T23:25:32.669+0300][1042.647s][36520] GC(24728) Coarsening (all): Inline->AoC 10920 (0) AoC->Howl 7731 (0) Howl->Full 0 (0) Inline->AoC 10809 (0) AoC->BitMap 7399 (0) BitMap->Full 0 (0) 
[2025-05-12T23:25:32.669+0300][1042.647s][36520] GC(24728) Eden regions: 1->0(0)
[2025-05-12T23:25:32.669+0300][1042.647s][36520] GC(24728) Survivor regions: 0->0(0)
[2025-05-12T23:25:32.669+0300][1042.647s][36520] GC(24728) Old regions: 11->12
[2025-05-12T23:25:32.669+0300][1042.647s][36520] GC(24728) Humongous regions: 0->0
[2025-05-12T23:25:32.669+0300][1042.647s][36520] GC(24728) Metaspace: 10759K(12736K)->10759K(12736K) NonClass: 9683K(11328K)->9683K(11328K) Class: 1076K(1408K)->1076K(1408K)
[2025-05-12T23:25:32.669+0300][1042.647s][36520] GC(24728) Heap after GC invocations=21188 (full 7100):
[2025-05-12T23:25:32.669+0300][1042.647s][36520] GC(24728)  garbage-first heap   total 12288K, used 12278K [0x00000000ff400000, 0x0000000100000000)
[2025-05-12T23:25:32.669+0300][1042.647s][36520] GC(24728)   region size 1024K, 0 young (0K), 0 survivors (0K)
[2025-05-12T23:25:32.669+0300][1042.647s][36520] GC(24728)  Metaspace       used 10759K, committed 12736K, reserved 1114112K
[2025-05-12T23:25:32.669+0300][1042.647s][36520] GC(24728)   class space    used 1076K, committed 1408K, reserved 1048576K
[2025-05-12T23:25:32.669+0300][1042.647s][36520] GC(24728) Pause Young (Normal) (G1 Evacuation Pause) (Evacuation Failure) 11M->11M(12M) 2.716ms
[2025-05-12T23:25:32.669+0300][1042.647s][36520] GC(24728) User=0.00s Sys=0.00s Real=0.00s
[2025-05-12T23:25:32.669+0300][1042.647s][36520] Attempt heap expansion (allocation request failed). Allocation request: 56B
[2025-05-12T23:25:32.669+0300][1042.647s][36520] Expand the heap. requested expansion amount: 1048576B expansion amount: 1048576B
[2025-05-12T23:25:32.669+0300][1042.647s][36520] Did not expand the heap (heap already fully expanded)
[2025-05-12T23:25:32.669+0300][1042.647s][36520] Attempting full compaction
[2025-05-12T23:25:32.669+0300][1042.648s][36520] GC(24729) Pause Full (G1 Compaction Pause)
[2025-05-12T23:25:32.669+0300][1042.648s][36520] GC(24729) Heap before GC invocations=21188 (full 7100):
[2025-05-12T23:25:32.669+0300][1042.648s][36520] GC(24729)  garbage-first heap   total 12288K, used 12278K [0x00000000ff400000, 0x0000000100000000)
[2025-05-12T23:25:32.669+0300][1042.648s][36520] GC(24729)   region size 1024K, 0 young (0K), 0 survivors (0K)
[2025-05-12T23:25:32.669+0300][1042.648s][36520] GC(24729)  Metaspace       used 10759K, committed 12736K, reserved 1114112K
[2025-05-12T23:25:32.669+0300][1042.648s][36520] GC(24729)   class space    used 1076K, committed 1408K, reserved 1048576K
[2025-05-12T23:25:32.669+0300][1042.648s][36520] GC(24729) Requesting 1 active workers for full compaction (waste limited workers: 1, adaptive workers: 2, used limited workers: 12)
[2025-05-12T23:25:32.669+0300][1042.648s][36520] GC(24729) Using 1 workers of 10 for full compaction
[2025-05-12T23:25:32.669+0300][1042.648s][36520] GC(24729) Mutator Allocation stats, regions: 0, wasted size: 0B ( 0.0%)
[2025-05-12T23:25:32.669+0300][1042.648s][36520] GC(24729) Phase 1: Mark live objects
[2025-05-12T23:25:32.675+0300][1042.655s][36520] GC(24729) Phase 1: Reference Processing
[2025-05-12T23:25:32.675+0300][1042.655s][36520] GC(24729) ReferenceProcessor::execute queues: 1, RefProcThreadModel::Single, marks_oops_alive: false
[2025-05-12T23:25:32.675+0300][1042.655s][36520] GC(24729) Skipped KeepAliveFinalRefsPhase of Reference Processing: no references
[2025-05-12T23:25:32.675+0300][1042.655s][36520] GC(24729) ReferenceProcessor::execute queues: 1, RefProcThreadModel::Single, marks_oops_alive: false
[2025-05-12T23:25:32.675+0300][1042.655s][36520] GC(24729) Reference Processing: 0.0ms
[2025-05-12T23:25:32.676+0300][1042.655s][36520] GC(24729)   Notify Soft/WeakReferences: 0.0ms
[2025-05-12T23:25:32.676+0300][1042.655s][36520] GC(24729)     SoftRef: 0.0ms
[2025-05-12T23:25:32.676+0300][1042.655s][36520] GC(24729)     WeakRef: 0.0ms
[2025-05-12T23:25:32.676+0300][1042.655s][36520] GC(24729)     FinalRef: 0.0ms
[2025-05-12T23:25:32.676+0300][1042.655s][36520] GC(24729)     Total: 0.0ms
[2025-05-12T23:25:32.676+0300][1042.655s][36520] GC(24729)   Notify and keep alive finalizable: 0.0ms
[2025-05-12T23:25:32.676+0300][1042.655s][36520] GC(24729)     FinalRef: skipped
[2025-05-12T23:25:32.676+0300][1042.655s][36520] GC(24729)   Notify PhantomReferences: 0.0ms
[2025-05-12T23:25:32.676+0300][1042.655s][36520] GC(24729)     PhantomRef: 0.0ms
[2025-05-12T23:25:32.676+0300][1042.655s][36520] GC(24729)   SoftReference Discovered: 46, Dropped: 4, Processed: 42
[2025-05-12T23:25:32.676+0300][1042.655s][36520] GC(24729)   WeakReference Discovered: 32, Dropped: 13, Processed: 19
[2025-05-12T23:25:32.676+0300][1042.655s][36520] GC(24729)   FinalReference Discovered: 0, Dropped: 0, Processed: 0
[2025-05-12T23:25:32.676+0300][1042.655s][36520] GC(24729)   PhantomReference Discovered: 23, Dropped: 23, Processed: 0
[2025-05-12T23:25:32.676+0300][1042.655s][36520] GC(24729) Phase 1: Reference Processing 0.189ms
[2025-05-12T23:25:32.676+0300][1042.655s][36520] GC(24729) Phase 1: Weak Processing
[2025-05-12T23:25:32.676+0300][1042.655s][36520] GC(24729)   VM Weak                        Min:  0.0, Avg:  0.0, Max:  0.0, Diff:  0.0, Sum:  0.0, Workers: 10
[2025-05-12T23:25:32.676+0300][1042.655s][36520] GC(24729)     Dead                           Min: 0, Avg:  2.0, Max: 20, Diff: 20, Sum: 20, Workers: 10
[2025-05-12T23:25:32.676+0300][1042.655s][36520] GC(24729)     Total                          Min: 0, Avg:  6.7, Max: 59, Diff: 59, Sum: 67, Workers: 10
[2025-05-12T23:25:32.676+0300][1042.655s][36520] GC(24729)   ObjectSynchronizer Weak        Min:  0.0, Avg:  0.0, Max:  0.0, Diff:  0.0, Sum:  0.0, Workers: 10
[2025-05-12T23:25:32.676+0300][1042.655s][36520] GC(24729)     Dead                           Min: 0, Avg:  0.0, Max: 0, Diff: 0, Sum: 0, Workers: 10
[2025-05-12T23:25:32.676+0300][1042.655s][36520] GC(24729)     Total                          Min: 0, Avg:  0.1, Max: 1, Diff: 1, Sum: 1, Workers: 10
[2025-05-12T23:25:32.676+0300][1042.655s][36520] GC(24729)   JVMTI Tag Weak OopStorage      Min:  0.0, Avg:  0.0, Max:  0.1, Diff:  0.0, Sum:  0.5, Workers: 10
[2025-05-12T23:25:32.676+0300][1042.655s][36520] GC(24729)     Dead                           Min: 0, Avg:  2.0, Max: 20, Diff: 20, Sum: 20, Workers: 10
[2025-05-12T23:25:32.676+0300][1042.655s][36520] GC(24729)     Total                          Min: 4452, Avg: 6289.9, Max: 16094, Diff: 11642, Sum: 62899, Workers: 10
[2025-05-12T23:25:32.676+0300][1042.655s][36520] GC(24729)   StringTable Weak               Min:  0.0, Avg:  0.0, Max:  0.0, Diff:  0.0, Sum:  0.2, Workers: 10
[2025-05-12T23:25:32.676+0300][1042.655s][36520] GC(24729)     Dead                           Min: 3, Avg:  9.0, Max: 30, Diff: 27, Sum: 90, Workers: 10
[2025-05-12T23:25:32.676+0300][1042.655s][36520] GC(24729)     Total                          Min: 3648, Avg: 3952.9, Max: 4863, Diff: 1215, Sum: 39529, Workers: 10
[2025-05-12T23:25:32.676+0300][1042.655s][36520] GC(24729)   ResolvedMethodTable Weak       Min:  0.0, Avg:  0.0, Max:  0.0, Diff:  0.0, Sum:  0.0, Workers: 10
[2025-05-12T23:25:32.676+0300][1042.655s][36520] GC(24729)     Dead                           Min: 0, Avg:  3.7, Max: 19, Diff: 19, Sum: 37, Workers: 10
[2025-05-12T23:25:32.676+0300][1042.655s][36520] GC(24729)     Total                          Min: 0, Avg: 48.7, Max: 128, Diff: 128, Sum: 487, Workers: 10
[2025-05-12T23:25:32.676+0300][1042.655s][36520] GC(24729)   JNI Weak                       Min:  0.0, Avg:  0.0, Max:  0.0, Diff:  0.0, Sum:  0.0, Workers: 10
[2025-05-12T23:25:32.676+0300][1042.655s][36520] GC(24729)     Dead                           Min: 0, Avg:  0.0, Max: 0, Diff: 0, Sum: 0, Workers: 10
[2025-05-12T23:25:32.676+0300][1042.655s][36520] GC(24729)     Total                          Min: 0, Avg:  1.1, Max: 11, Diff: 11, Sum: 11, Workers: 10
[2025-05-12T23:25:32.676+0300][1042.655s][36520] GC(24729)   StringDedup Table Weak         Min:  0.0, Avg:  0.0, Max:  0.0, Diff:  0.0, Sum:  0.0, Workers: 10
[2025-05-12T23:25:32.676+0300][1042.655s][36520] GC(24729)     Dead                           Min: 0, Avg:  0.0, Max: 0, Diff: 0, Sum: 0, Workers: 10
[2025-05-12T23:25:32.676+0300][1042.655s][36520] GC(24729)     Total                          Min: 0, Avg:  0.0, Max: 0, Diff: 0, Sum: 0, Workers: 10
[2025-05-12T23:25:32.676+0300][1042.655s][36520] GC(24729)   StringDedup Requests0 Weak     Min:  0.0, Avg:  0.0, Max:  0.0, Diff:  0.0, Sum:  0.0, Workers: 10
[2025-05-12T23:25:32.676+0300][1042.655s][36520] GC(24729)     Dead                           Min: 0, Avg:  0.0, Max: 0, Diff: 0, Sum: 0, Workers: 10
[2025-05-12T23:25:32.676+0300][1042.655s][36520] GC(24729)     Total                          Min: 0, Avg:  0.0, Max: 0, Diff: 0, Sum: 0, Workers: 10
[2025-05-12T23:25:32.676+0300][1042.655s][36520] GC(24729)   StringDedup Requests1 Weak     Min:  0.0, Avg:  0.0, Max:  0.0, Diff:  0.0, Sum:  0.0, Workers: 10
[2025-05-12T23:25:32.676+0300][1042.655s][36520] GC(24729)     Dead                           Min: 0, Avg:  0.0, Max: 0, Diff: 0, Sum: 0, Workers: 10
[2025-05-12T23:25:32.676+0300][1042.655s][36520] GC(24729)     Total                          Min: 0, Avg:  0.0, Max: 0, Diff: 0, Sum: 0, Workers: 10
[2025-05-12T23:25:32.676+0300][1042.655s][36520] GC(24729)   Weak JFR Old Object Samples    Min:  0.0, Avg:  0.0, Max:  0.0, Diff:  0.0, Sum:  0.0, Workers: 10
[2025-05-12T23:25:32.676+0300][1042.655s][36520] GC(24729)     Dead                           Min: 0, Avg:  0.0, Max: 0, Diff: 0, Sum: 0, Workers: 10
[2025-05-12T23:25:32.676+0300][1042.655s][36520] GC(24729)     Total                          Min: 0, Avg:  0.0, Max: 0, Diff: 0, Sum: 0, Workers: 10
[2025-05-12T23:25:32.676+0300][1042.655s][36520] GC(24729) Phase 1: Weak Processing 0.460ms
[2025-05-12T23:25:32.676+0300][1042.655s][36520] GC(24729) Phase 1: Class Unloading and Cleanup
[2025-05-12T23:25:32.676+0300][1042.655s][36520] GC(24729) ClassLoaderData
[2025-05-12T23:25:32.676+0300][1042.656s][36520] GC(24729) ClassLoaderData 0.061ms
[2025-05-12T23:25:32.676+0300][1042.656s][36520] GC(24729) Trigger cleanups
[2025-05-12T23:25:32.676+0300][1042.656s][36520] GC(24729) Trigger cleanups 0.008ms
[2025-05-12T23:25:32.680+0300][1042.659s][36520] GC(24729) Phase 1: Class Unloading and Cleanup 3.799ms
[2025-05-12T23:25:32.680+0300][1042.659s][36520] GC(24729) Report Object Count
[2025-05-12T23:25:32.680+0300][1042.659s][36520] GC(24729) Report Object Count 0.011ms
[2025-05-12T23:25:32.680+0300][1042.659s][36520] GC(24729) Phase 1: Mark live objects 11.656ms
[2025-05-12T23:25:32.680+0300][1042.659s][36520] GC(24729) Phase 2: Prepare compaction
[2025-05-12T23:25:32.680+0300][1042.659s][36520] GC(24729) Phase 2: Determine work lists
[2025-05-12T23:25:32.680+0300][1042.659s][36520] GC(24729) Phase 2: Determine work lists 0.009ms
[2025-05-12T23:25:32.680+0300][1042.659s][36520] GC(24729) Phase 2: Prepare parallel compaction
[2025-05-12T23:25:32.680+0300][1042.660s][36520] GC(24729) Phase 2: Prepare parallel compaction 0.262ms
[2025-05-12T23:25:32.680+0300][1042.660s][36520] GC(24729) Phase 2: Prepare compaction 0.310ms
[2025-05-12T23:25:32.680+0300][1042.660s][36520] GC(24729) Phase 3: Adjust pointers
[2025-05-12T23:25:32.685+0300][1042.664s][36520] GC(24729) Phase 3: Adjust pointers 3.997ms
[2025-05-12T23:25:32.685+0300][1042.664s][36520] GC(24729) Phase 4: Compact heap
[2025-05-12T23:25:32.685+0300][1042.664s][36520] GC(24729) Phase 4: Compact heap 0.213ms
[2025-05-12T23:25:32.685+0300][1042.664s][36520] GC(24729) Phase 5: Reset Metadata
[2025-05-12T23:25:32.687+0300][1042.665s][36520] GC(24729) Phase 5: Reset Metadata 1.577ms
[2025-05-12T23:25:32.687+0300][1042.666s][36520] GC(24729) Running G1 Clear Bitmap with 1 workers for 1 work units.
[2025-05-12T23:25:32.688+0300][1042.667s][36520] GC(24729) Request concurrent cycle initiation (occupancy higher than threshold) occupancy: 11534336B allocation request: 0B threshold: 3577938B (28.43) source: end of Full GC
[2025-05-12T23:25:32.688+0300][1042.667s][36520] Old generation allocation in the last mutator period, old gen allocated: 0B, humongous allocated: 0B, old gen growth: 0B.
[2025-05-12T23:25:32.688+0300][1042.667s][36520] GC(24729) Coarsening (recent): Inline->AoC 0 (0) AoC->Howl 0 (0) Howl->Full 0 (0) Inline->AoC 0 (0) AoC->BitMap 0 (0) BitMap->Full 0 (0) 
[2025-05-12T23:25:32.688+0300][1042.667s][36520] GC(24729) Coarsening (all): Inline->AoC 10920 (0) AoC->Howl 7731 (0) Howl->Full 0 (0) Inline->AoC 10809 (0) AoC->BitMap 7399 (0) BitMap->Full 0 (0) 
[2025-05-12T23:25:32.688+0300][1042.667s][36520] GC(24729) Eden regions: 0->0(1)
[2025-05-12T23:25:32.688+0300][1042.667s][36520] GC(24729) Survivor regions: 0->0(0)
[2025-05-12T23:25:32.688+0300][1042.667s][36520] GC(24729) Old regions: 12->11
[2025-05-12T23:25:32.688+0300][1042.667s][36520] GC(24729) Humongous regions: 0->0
[2025-05-12T23:25:32.688+0300][1042.667s][36520] GC(24729) Metaspace: 10759K(12736K)->10718K(12736K) NonClass: 9683K(11328K)->9653K(11328K) Class: 1076K(1408K)->1064K(1408K)
[2025-05-12T23:25:32.688+0300][1042.667s][36520] GC(24729) Heap after GC invocations=21189 (full 7101):
[2025-05-12T23:25:32.688+0300][1042.667s][36520] GC(24729)  garbage-first heap   total 12288K, used 11245K [0x00000000ff400000, 0x0000000100000000)
[2025-05-12T23:25:32.688+0300][1042.667s][36520] GC(24729)   region size 1024K, 0 young (0K), 0 survivors (0K)
[2025-05-12T23:25:32.688+0300][1042.667s][36520] GC(24729)  Metaspace       used 10718K, committed 12736K, reserved 1114112K
[2025-05-12T23:25:32.688+0300][1042.667s][36520] GC(24729)   class space    used 1064K, committed 1408K, reserved 1048576K
[2025-05-12T23:25:32.688+0300][1042.667s][36520] GC(24729) Pause Full (G1 Compaction Pause) 11M->10M(12M) 19.768ms
[2025-05-12T23:25:32.688+0300][1042.667s][36520] GC(24729) User=0.00s Sys=0.00s Real=0.02s
[2025-05-12T23:25:32.689+0300][1042.667s][9340 ] G1 Service Thread (Card Set Free Memory Task) (run: 21.272ms) (cpu: 0.000ms)
[2025-05-12T23:25:32.717+0300][1042.696s][36520] GC(24730) Initiate concurrent cycle (concurrent cycle initiation requested)
[2025-05-12T23:25:32.717+0300][1042.696s][36520] GC(24730) Pause Young (Concurrent Start) (G1 Evacuation Pause)
[2025-05-12T23:25:32.717+0300][1042.696s][36520] GC(24730) Heap before GC invocations=21189 (full 7101):
[2025-05-12T23:25:32.717+0300][1042.696s][36520] GC(24730)  garbage-first heap   total 12288K, used 11245K [0x00000000ff400000, 0x0000000100000000)
[2025-05-12T23:25:32.717+0300][1042.696s][36520] GC(24730)   region size 1024K, 1 young (1024K), 0 survivors (0K)
[2025-05-12T23:25:32.717+0300][1042.696s][36520] GC(24730)  Metaspace       used 10759K, committed 12736K, reserved 1114112K
[2025-05-12T23:25:32.717+0300][1042.696s][36520] GC(24730)   class space    used 1076K, committed 1408K, reserved 1048576K
[2025-05-12T23:25:32.717+0300][1042.696s][36520] GC(24730) Using 2 workers of 10 for evacuation
[2025-05-12T23:25:32.717+0300][1042.696s][36520] GC(24730) Desired survivor size 524288 bytes, new threshold 15 (max threshold 15)
[2025-05-12T23:25:32.717+0300][1042.696s][36520] GC(24730) TLAB totals: thrds: 1  refills: 317 max: 317 slow allocs: 155 max 155 waste: 22.1% gc: 688B max: 688B slow: 189064B max: 189064B
[2025-05-12T23:25:32.717+0300][1042.696s][36520] GC(24730) Mutator refinement: 0.00ms, refined: 0, precleaned: 0, dirtied: 106
[2025-05-12T23:25:32.717+0300][1042.696s][36520] GC(24730) Concurrent refinement: 0.00ms, refined: 0, precleaned: 0, dirtied: 0
[2025-05-12T23:25:32.717+0300][1042.696s][36520] GC(24730) Total refinement: 0.00ms, refined: 0, precleaned: 0, dirtied: 106
[2025-05-12T23:25:32.717+0300][1042.696s][36520] GC(24730) Generate dirty cards rate: 3.69 cards/ms
[2025-05-12T23:25:32.717+0300][1042.696s][36520] GC(24730) Mutator Allocation stats, regions: 1, wasted size: 0B ( 0.0%)
[2025-05-12T23:25:32.717+0300][1042.696s][36520] GC(24730) No candidates to reclaim.
[2025-05-12T23:25:32.717+0300][1042.696s][36520] GC(24730) Running G1 Merge Heap Roots using 2 workers for 1 regions
[2025-05-12T23:25:32.717+0300][1042.696s][36520] GC(24730) Visited cards 1120 Total dirty 12288 (9.11%) Total old 26624 (4.21%)
[2025-05-12T23:25:32.717+0300][1042.696s][33800] GC(24730) Attempt heap expansion (region allocation request failed). Allocation request: 2064B
[2025-05-12T23:25:32.717+0300][1042.696s][33800] GC(24730) Did not expand the heap (heap already fully expanded)
[2025-05-12T23:25:32.718+0300][1042.697s][36520] GC(24730) ReferenceProcessor::execute queues: 1, RefProcThreadModel::Single, marks_oops_alive: false
[2025-05-12T23:25:32.718+0300][1042.697s][36520] GC(24730) Skipped KeepAliveFinalRefsPhase of Reference Processing: no references
[2025-05-12T23:25:32.718+0300][1042.697s][36520] GC(24730) Skipped PhantomRefsPhase of Reference Processing: no references
[2025-05-12T23:25:32.718+0300][1042.697s][36520] GC(24730) Initializing removing self forwards with 64 chunks per region
[2025-05-12T23:25:32.718+0300][1042.697s][36520] GC(24730) Running G1 Rebuild Free List Task using 2 workers for rebuilding free list of regions
[2025-05-12T23:25:32.718+0300][1042.697s][36520] GC(24730) Young PLAB allocation: allocated: 0B, wasted: 0B, unused: 0B, used: 0B, undo waste: 0B, 
[2025-05-12T23:25:32.718+0300][1042.697s][36520] GC(24730) Young other allocation: region end waste: 0B, regions filled: 0, num plab filled: 2, direct allocated: 0B, num direct allocated: 0, failure used: 0B, failure wasted: 0B
[2025-05-12T23:25:32.718+0300][1042.697s][36520] GC(24730) Young sizing: calculated: 0B, actual: 2064B
[2025-05-12T23:25:32.718+0300][1042.697s][36520] GC(24730) Old PLAB allocation: allocated: 0B, wasted: 0B, unused: 0B, used: 0B, undo waste: 0B, 
[2025-05-12T23:25:32.718+0300][1042.697s][36520] GC(24730) Old other allocation: region end waste: 0B, regions filled: 0, num plab filled: 2, direct allocated: 0B, num direct allocated: 0, failure used: 148856B, failure wasted: 899720B
[2025-05-12T23:25:32.718+0300][1042.697s][36520] GC(24730) Old sizing: calculated: 0B, actual: 2064B
[2025-05-12T23:25:32.718+0300][1042.697s][36520] GC(24730) Heap expansion: short term pause time ratio 37.89% long term pause time ratio 42.29% threshold 7.69% pause time ratio 7.69% fully expanded true resize by 0B
[2025-05-12T23:25:32.718+0300][1042.697s][36520] GC(24730) MMU: 6.3ms (200.0ms/201.0ms)
[2025-05-12T23:25:32.718+0300][1042.697s][36520] Old generation allocation in the last mutator period, old gen allocated: 1048576B, humongous allocated: 0B, old gen growth: 1048576B.
[2025-05-12T23:25:32.718+0300][1042.697s][36520] GC(24730) Basic information (value update), threshold: 3635882B (28.90), target occupancy: 12582912B, current occupancy: 12557184B, recent allocation size: 1048576B, recent allocation duration: 28.73ms, recent old gen allocation rate: 36497979.44B/s, recent marking phase length: 120.12ms
[2025-05-12T23:25:32.718+0300][1042.697s][9340 ] G1 Service Thread (Card Set Free Memory Task) (run 0.043ms after schedule)
[2025-05-12T23:25:32.718+0300][1042.697s][36520] GC(24730) Adaptive IHOP information (value update), threshold: 3635882B (33.99), internal target occupancy: 10695475B, occupancy: 12557184B, additional buffer size: 1048576B, predicted old gen allocation rate: 49808372.41B/s, predicted marking phase length: 120.68ms, prediction active: true
[2025-05-12T23:25:32.718+0300][1042.697s][36520] GC(24730) GC refinement: goal: 18446744073709551615 + 104 / 20.00ms, actual: 106 / 0.04ms, 
[2025-05-12T23:25:32.718+0300][1042.697s][36520] GC(24730) Unchanged pending cards target: 18446744073709551615
[2025-05-12T23:25:32.718+0300][1042.697s][36520] GC(24730)   Pre Evacuate Collection Set: 0.1ms
[2025-05-12T23:25:32.718+0300][1042.697s][36520] GC(24730)     Pre Evacuate Prepare: 0.1ms
[2025-05-12T23:25:32.718+0300][1042.697s][36520] GC(24730)       JT Retire TLABs And Flush Logs (ms): Min:  0.0, Avg:  0.0, Max:  0.0, Diff:  0.0, Sum:  0.0, Workers: 2
[2025-05-12T23:25:32.718+0300][1042.697s][36520] GC(24730)       Non-JT Flush Logs (ms):        Min:  0.0, Avg:  0.0, Max:  0.0, Diff:  0.0, Sum:  0.0, Workers: 1
[2025-05-12T23:25:32.718+0300][1042.697s][36520] GC(24730)     Choose Collection Set: 0.0ms
[2025-05-12T23:25:32.718+0300][1042.697s][36520] GC(24730)     Region Register: 0.1ms
[2025-05-12T23:25:32.718+0300][1042.697s][36520] GC(24730)     Prepare Heap Roots: 0.0ms
[2025-05-12T23:25:32.718+0300][1042.697s][36520] GC(24730)     Reset Marking State (ms):      Min:  0.0, Avg:  0.0, Max:  0.0, Diff:  0.0, Sum:  0.0, Workers: 1
[2025-05-12T23:25:32.718+0300][1042.697s][36520] GC(24730)     Note Start Of Mark (ms):       Min:  0.0, Avg:  0.0, Max:  0.0, Diff:  0.0, Sum:  0.0, Workers: 2
[2025-05-12T23:25:32.718+0300][1042.697s][36520] GC(24730)   Merge Heap Roots: 0.1ms
[2025-05-12T23:25:32.718+0300][1042.697s][36520] GC(24730)     Prepare Merge Heap Roots: 0.0ms
[2025-05-12T23:25:32.718+0300][1042.697s][36520] GC(24730)     Remembered Sets (ms):          Min:  0.0, Avg:  0.0, Max:  0.0, Diff:  0.0, Sum:  0.0, Workers: 2
[2025-05-12T23:25:32.718+0300][1042.697s][36520] GC(24730)       Eager Reclaim (ms):            skipped
[2025-05-12T23:25:32.718+0300][1042.697s][36520] GC(24730)       Merged Inline                  Min: 0, Avg:  0.0, Max: 0, Diff: 0, Sum: 0, Workers: 2
[2025-05-12T23:25:32.718+0300][1042.697s][36520] GC(24730)       Merged ArrayOfCards            Min: 0, Avg:  0.0, Max: 0, Diff: 0, Sum: 0, Workers: 2
[2025-05-12T23:25:32.718+0300][1042.697s][36520] GC(24730)       Merged Howl                    Min: 0, Avg:  0.0, Max: 0, Diff: 0, Sum: 0, Workers: 2
[2025-05-12T23:25:32.718+0300][1042.697s][36520] GC(24730)       Merged Full                    Min: 0, Avg:  0.0, Max: 0, Diff: 0, Sum: 0, Workers: 2
[2025-05-12T23:25:32.718+0300][1042.697s][36520] GC(24730)       Merged Howl Inline             Min: 0, Avg:  0.0, Max: 0, Diff: 0, Sum: 0, Workers: 2
[2025-05-12T23:25:32.718+0300][1042.697s][36520] GC(24730)       Merged Howl ArrayOfCards       Min: 0, Avg:  0.0, Max: 0, Diff: 0, Sum: 0, Workers: 2
[2025-05-12T23:25:32.718+0300][1042.697s][36520] GC(24730)       Merged Howl BitMap             Min: 0, Avg:  0.0, Max: 0, Diff: 0, Sum: 0, Workers: 2
[2025-05-12T23:25:32.718+0300][1042.697s][36520] GC(24730)       Merged Howl Full               Min: 0, Avg:  0.0, Max: 0, Diff: 0, Sum: 0, Workers: 2
[2025-05-12T23:25:32.718+0300][1042.697s][36520] GC(24730)       Merged Cards                   Min: 8, Avg:  8.0, Max: 8, Diff: 0, Sum: 16, Workers: 2
[2025-05-12T23:25:32.718+0300][1042.697s][36520] GC(24730)     Log Buffers (ms):              Min:  0.0, Avg:  0.0, Max:  0.0, Diff:  0.0, Sum:  0.0, Workers: 2
[2025-05-12T23:25:32.718+0300][1042.697s][36520] GC(24730)       Dirty Cards:                   Min: 23, Avg: 53.0, Max: 83, Diff: 60, Sum: 106, Workers: 2
[2025-05-12T23:25:32.718+0300][1042.697s][36520] GC(24730)       Skipped Cards:                 Min: 0, Avg:  0.0, Max: 0, Diff: 0, Sum: 0, Workers: 2
[2025-05-12T23:25:32.718+0300][1042.697s][36520] GC(24730)   Evacuate Collection Set: 0.4ms
[2025-05-12T23:25:32.718+0300][1042.697s][36520] GC(24730)     Ext Root Scanning (ms):        Min:  0.1, Avg:  0.1, Max:  0.2, Diff:  0.1, Sum:  0.3, Workers: 2
[2025-05-12T23:25:32.718+0300][1042.697s][36520] GC(24730)     Scan Heap Roots (ms):          Min:  0.0, Avg:  0.0, Max:  0.1, Diff:  0.1, Sum:  0.1, Workers: 2
[2025-05-12T23:25:32.718+0300][1042.697s][36520] GC(24730)       Scanned Cards:                 Min: 3, Avg: 53.0, Max: 103, Diff: 100, Sum: 106, Workers: 2
[2025-05-12T23:25:32.718+0300][1042.697s][36520] GC(24730)       Scanned Blocks:                Min: 3, Avg: 36.0, Max: 69, Diff: 66, Sum: 72, Workers: 2
[2025-05-12T23:25:32.718+0300][1042.697s][36520] GC(24730)       Claimed Chunks:                Min: 3, Avg: 17.5, Max: 32, Diff: 29, Sum: 35, Workers: 2
[2025-05-12T23:25:32.718+0300][1042.697s][36520] GC(24730)       Found Roots:                   Min: 4, Avg: 59.0, Max: 114, Diff: 110, Sum: 118, Workers: 2
[2025-05-12T23:25:32.718+0300][1042.697s][36520] GC(24730)     Code Root Scan (ms):           Min:  0.0, Avg:  0.0, Max:  0.0, Diff:  0.0, Sum:  0.0, Workers: 2
[2025-05-12T23:25:32.718+0300][1042.697s][36520] GC(24730)     Object Copy (ms):              Min:  0.1, Avg:  0.1, Max:  0.1, Diff:  0.0, Sum:  0.3, Workers: 2
[2025-05-12T23:25:32.718+0300][1042.697s][36520] GC(24730)     Termination (ms):              Min:  0.0, Avg:  0.0, Max:  0.0, Diff:  0.0, Sum:  0.0, Workers: 2
[2025-05-12T23:25:32.718+0300][1042.697s][36520] GC(24730)       Termination Attempts:          Min: 1, Avg:  1.0, Max: 1, Diff: 0, Sum: 2, Workers: 2
[2025-05-12T23:25:32.718+0300][1042.697s][36520] GC(24730)     GC Worker Other (ms):          Min:  0.0, Avg:  0.0, Max:  0.0, Diff:  0.0, Sum:  0.0, Workers: 2
[2025-05-12T23:25:32.718+0300][1042.698s][36520] GC(24730)     GC Worker Total (ms):          Min:  0.3, Avg:  0.3, Max:  0.3, Diff:  0.0, Sum:  0.6, Workers: 2
[2025-05-12T23:25:32.718+0300][1042.698s][36520] GC(24730)   Post Evacuate Collection Set: 0.5ms
[2025-05-12T23:25:32.718+0300][1042.698s][36520] GC(24730)     NMethod List Cleanup: 0.0ms
[2025-05-12T23:25:32.718+0300][1042.698s][36520] GC(24730)     Reference Processing: 0.0ms
[2025-05-12T23:25:32.718+0300][1042.698s][36520] GC(24730)       Notify Soft/WeakReferences: 0.0ms
[2025-05-12T23:25:32.719+0300][1042.698s][36520] GC(24730)         SoftRef (ms):                  Min:  0.0, Avg:  0.0, Max:  0.0, Diff:  0.0, Sum:  0.0, Workers: 1
[2025-05-12T23:25:32.719+0300][1042.698s][36520] GC(24730)         WeakRef (ms):                  Min:  0.0, Avg:  0.0, Max:  0.0, Diff:  0.0, Sum:  0.0, Workers: 1
[2025-05-12T23:25:32.719+0300][1042.698s][36520] GC(24730)         FinalRef (ms):                 Min:  0.0, Avg:  0.0, Max:  0.0, Diff:  0.0, Sum:  0.0, Workers: 1
[2025-05-12T23:25:32.719+0300][1042.698s][36520] GC(24730)         Total (ms):                    Min:  0.0, Avg:  0.0, Max:  0.0, Diff:  0.0, Sum:  0.0, Workers: 1
[2025-05-12T23:25:32.719+0300][1042.698s][36520] GC(24730)       Notify and keep alive finalizable: 0.0ms
[2025-05-12T23:25:32.719+0300][1042.698s][36520] GC(24730)         FinalRef (ms):                 skipped
[2025-05-12T23:25:32.719+0300][1042.698s][36520] GC(24730)       Notify PhantomReferences: 0.0ms
[2025-05-12T23:25:32.719+0300][1042.698s][36520] GC(24730)         PhantomRef (ms):               skipped
[2025-05-12T23:25:32.719+0300][1042.698s][36520] GC(24730)       SoftReference Discovered: 0, Dropped: 0, Processed: 0
[2025-05-12T23:25:32.719+0300][1042.698s][36520] GC(24730)       WeakReference Discovered: 26, Dropped: 3, Processed: 23
[2025-05-12T23:25:32.719+0300][1042.698s][36520] GC(24730)       FinalReference Discovered: 0, Dropped: 0, Processed: 0
[2025-05-12T23:25:32.719+0300][1042.698s][36520] GC(24730)       PhantomReference Discovered: 0, Dropped: 0, Processed: 0
[2025-05-12T23:25:32.719+0300][1042.698s][36520] GC(24730)     Weak Processing: 0.1ms
[2025-05-12T23:25:32.719+0300][1042.698s][36520] GC(24730)       VM Weak                        Min:  0.0, Avg:  0.0, Max:  0.0, Diff:  0.0, Sum:  0.0, Workers: 10
[2025-05-12T23:25:32.719+0300][1042.698s][36520] GC(24730)         Dead                           Min: 0, Avg:  0.0, Max: 0, Diff: 0, Sum: 0, Workers: 10
[2025-05-12T23:25:32.719+0300][1042.698s][36520] GC(24730)         Total                          Min: 0, Avg:  6.7, Max: 62, Diff: 62, Sum: 67, Workers: 10
[2025-05-12T23:25:32.719+0300][1042.698s][36520] GC(24730)       ObjectSynchronizer Weak        Min:  0.0, Avg:  0.0, Max:  0.0, Diff:  0.0, Sum:  0.0, Workers: 10
[2025-05-12T23:25:32.719+0300][1042.698s][36520] GC(24730)         Dead                           Min: 0, Avg:  0.0, Max: 0, Diff: 0, Sum: 0, Workers: 10
[2025-05-12T23:25:32.719+0300][1042.698s][36520] GC(24730)         Total                          Min: 0, Avg:  0.1, Max: 1, Diff: 1, Sum: 1, Workers: 10
[2025-05-12T23:25:32.719+0300][1042.698s][36520] GC(24730)       JVMTI Tag Weak OopStorage      Min:  0.0, Avg:  0.1, Max:  0.1, Diff:  0.0, Sum:  0.5, Workers: 10
[2025-05-12T23:25:32.719+0300][1042.698s][36520] GC(24730)         Dead                           Min: 0, Avg:  0.0, Max: 0, Diff: 0, Sum: 0, Workers: 10
[2025-05-12T23:25:32.719+0300][1042.698s][36520] GC(24730)         Total                          Min: 3747, Avg: 6289.9, Max: 13095, Diff: 9348, Sum: 62899, Workers: 10
[2025-05-12T23:25:32.719+0300][1042.698s][36520] GC(24730)       StringTable Weak               Min:  0.0, Avg:  0.0, Max:  0.0, Diff:  0.0, Sum:  0.2, Workers: 10
[2025-05-12T23:25:32.719+0300][1042.698s][36520] GC(24730)         Dead                           Min: 0, Avg:  1.7, Max: 4, Diff: 4, Sum: 17, Workers: 10
[2025-05-12T23:25:32.719+0300][1042.698s][36520] GC(24730)         Total                          Min: 3264, Avg: 3952.9, Max: 4992, Diff: 1728, Sum: 39529, Workers: 10
[2025-05-12T23:25:32.719+0300][1042.698s][36520] GC(24730)       ResolvedMethodTable Weak       Min:  0.0, Avg:  0.0, Max:  0.0, Diff:  0.0, Sum:  0.0, Workers: 10
[2025-05-12T23:25:32.719+0300][1042.698s][36520] GC(24730)         Dead                           Min: 0, Avg:  0.0, Max: 0, Diff: 0, Sum: 0, Workers: 10
[2025-05-12T23:25:32.719+0300][1042.698s][36520] GC(24730)         Total                          Min: 0, Avg: 50.2, Max: 119, Diff: 119, Sum: 502, Workers: 10
[2025-05-12T23:25:32.719+0300][1042.698s][36520] GC(24730)       JNI Weak                       Min:  0.0, Avg:  0.0, Max:  0.0, Diff:  0.0, Sum:  0.0, Workers: 10
[2025-05-12T23:25:32.719+0300][1042.698s][36520] GC(24730)         Dead                           Min: 0, Avg:  0.0, Max: 0, Diff: 0, Sum: 0, Workers: 10
[2025-05-12T23:25:32.719+0300][1042.698s][36520] GC(24730)         Total                          Min: 0, Avg:  1.1, Max: 11, Diff: 11, Sum: 11, Workers: 10
[2025-05-12T23:25:32.719+0300][1042.698s][36520] GC(24730)       StringDedup Table Weak         Min:  0.0, Avg:  0.0, Max:  0.0, Diff:  0.0, Sum:  0.0, Workers: 10
[2025-05-12T23:25:32.719+0300][1042.698s][36520] GC(24730)         Dead                           Min: 0, Avg:  0.0, Max: 0, Diff: 0, Sum: 0, Workers: 10
[2025-05-12T23:25:32.719+0300][1042.698s][36520] GC(24730)         Total                          Min: 0, Avg:  0.0, Max: 0, Diff: 0, Sum: 0, Workers: 10
[2025-05-12T23:25:32.719+0300][1042.698s][36520] GC(24730)       StringDedup Requests0 Weak     Min:  0.0, Avg:  0.0, Max:  0.0, Diff:  0.0, Sum:  0.0, Workers: 10
[2025-05-12T23:25:32.719+0300][1042.698s][36520] GC(24730)         Dead                           Min: 0, Avg:  0.0, Max: 0, Diff: 0, Sum: 0, Workers: 10
[2025-05-12T23:25:32.719+0300][1042.698s][36520] GC(24730)         Total                          Min: 0, Avg:  0.0, Max: 0, Diff: 0, Sum: 0, Workers: 10
[2025-05-12T23:25:32.719+0300][1042.698s][36520] GC(24730)       StringDedup Requests1 Weak     Min:  0.0, Avg:  0.0, Max:  0.0, Diff:  0.0, Sum:  0.0, Workers: 10
[2025-05-12T23:25:32.719+0300][1042.698s][36520] GC(24730)         Dead                           Min: 0, Avg:  0.0, Max: 0, Diff: 0, Sum: 0, Workers: 10
[2025-05-12T23:25:32.719+0300][1042.698s][36520] GC(24730)         Total                          Min: 0, Avg:  0.0, Max: 0, Diff: 0, Sum: 0, Workers: 10
[2025-05-12T23:25:32.719+0300][1042.698s][36520] GC(24730)       Weak JFR Old Object Samples    Min:  0.0, Avg:  0.0, Max:  0.0, Diff:  0.0, Sum:  0.0, Workers: 10
[2025-05-12T23:25:32.719+0300][1042.698s][36520] GC(24730)         Dead                           Min: 0, Avg:  0.0, Max: 0, Diff: 0, Sum: 0, Workers: 10
[2025-05-12T23:25:32.719+0300][1042.698s][36520] GC(24730)         Total                          Min: 0, Avg:  0.0, Max: 0, Diff: 0, Sum: 0, Workers: 10
[2025-05-12T23:25:32.719+0300][1042.698s][36520] GC(24730)     Post Evacuate Cleanup 1: 0.1ms
[2025-05-12T23:25:32.719+0300][1042.698s][36520] GC(24730)       Merge Per-Thread State (ms):   Min:  0.0, Avg:  0.0, Max:  0.0, Diff:  0.0, Sum:  0.0, Workers: 1
[2025-05-12T23:25:32.719+0300][1042.698s][36520] GC(24730)         Copied Bytes                   Min: 0, Avg:  0.0, Max: 0, Diff: 0, Sum: 0, Workers: 2
[2025-05-12T23:25:32.719+0300][1042.698s][36520] GC(24730)         LAB Waste                      Min: 0, Avg:  0.0, Max: 0, Diff: 0, Sum: 0, Workers: 2
[2025-05-12T23:25:32.719+0300][1042.698s][36520] GC(24730)         LAB Undo Waste                 Min: 0, Avg:  0.0, Max: 0, Diff: 0, Sum: 0, Workers: 2
[2025-05-12T23:25:32.719+0300][1042.698s][36520] GC(24730)       Clear Logged Cards (ms):       Min:  0.0, Avg:  0.0, Max:  0.0, Diff:  0.0, Sum:  0.0, Workers: 2
[2025-05-12T23:25:32.719+0300][1042.698s][36520] GC(24730)       Recalculate Used Memory (ms):  Min:  0.0, Avg:  0.0, Max:  0.0, Diff:  0.0, Sum:  0.0, Workers: 1
[2025-05-12T23:25:32.719+0300][1042.698s][36520] GC(24730)       Restore Retained Regions (ms): Min:  0.0, Avg:  0.0, Max:  0.1, Diff:  0.0, Sum:  0.1, Workers: 2
[2025-05-12T23:25:32.719+0300][1042.698s][36520] GC(24730)         Evacuation Failure Regions:    Min: 1, Avg:  1.0, Max: 1, Diff: 0, Sum: 1, Workers: 1
[2025-05-12T23:25:32.719+0300][1042.698s][36520] GC(24730)         Remove Self Forwards (ms):     Min:  0.0, Avg:  0.0, Max:  0.1, Diff:  0.0, Sum:  0.1, Workers: 2
[2025-05-12T23:25:32.719+0300][1042.698s][36520] GC(24730)           Forward Chunks:                Min: 20, Avg: 27.0, Max: 34, Diff: 14, Sum: 54, Workers: 2
[2025-05-12T23:25:32.719+0300][1042.698s][36520] GC(24730)           Empty Forward Chunks:          Min: 4, Avg:  5.0, Max: 6, Diff: 2, Sum: 10, Workers: 2
[2025-05-12T23:25:32.719+0300][1042.698s][36520] GC(24730)           Forward Objects:               Min: 866, Avg: 1608.0, Max: 2350, Diff: 1484, Sum: 3216, Workers: 2
[2025-05-12T23:25:32.719+0300][1042.698s][36520] GC(24730)           Forward Bytes:                 Min: 40256, Avg: 74428.0, Max: 108600, Diff: 68344, Sum: 148856, Workers: 2
[2025-05-12T23:25:32.719+0300][1042.698s][36520] GC(24730)     Post Evacuate Cleanup 2: 0.1ms
[2025-05-12T23:25:32.719+0300][1042.698s][36520] GC(24730)       Recalculate Used Memory (ms):  Min:  0.0, Avg:  0.0, Max:  0.0, Diff:  0.0, Sum:  0.0, Workers: 1
[2025-05-12T23:25:32.719+0300][1042.698s][36520] GC(24730)       Restore Preserved Marks (ms):  Min:  0.0, Avg:  0.0, Max:  0.0, Diff:  0.0, Sum:  0.0, Workers: 2
[2025-05-12T23:25:32.719+0300][1042.698s][36520] GC(24730)       Clear Retained Region Bitmaps (ms): skipped
[2025-05-12T23:25:32.719+0300][1042.698s][36520] GC(24730)       Update Derived Pointers (ms):  Min:  0.0, Avg:  0.0, Max:  0.0, Diff:  0.0, Sum:  0.0, Workers: 1
[2025-05-12T23:25:32.719+0300][1042.698s][36520] GC(24730)       Eagerly Reclaim Humongous Objects (ms): skipped
[2025-05-12T23:25:32.719+0300][1042.698s][36520] GC(24730)         Humongous Total                skipped
[2025-05-12T23:25:32.719+0300][1042.698s][36520] GC(24730)         Humongous Candidates           skipped
[2025-05-12T23:25:32.719+0300][1042.698s][36520] GC(24730)         Humongous Reclaimed            skipped
[2025-05-12T23:25:32.719+0300][1042.698s][36520] GC(24730)       Redirty Logged Cards (ms):     Min:  0.0, Avg:  0.0, Max:  0.0, Diff:  0.0, Sum:  0.0, Workers: 2
[2025-05-12T23:25:32.719+0300][1042.698s][36520] GC(24730)         Redirtied Cards:               Min: 0, Avg:  0.0, Max: 0, Diff: 0, Sum: 0, Workers: 2
[2025-05-12T23:25:32.719+0300][1042.698s][36520] GC(24730)       Resize TLABs (ms):             Min:  0.0, Avg:  0.0, Max:  0.0, Diff:  0.0, Sum:  0.0, Workers: 2
[2025-05-12T23:25:32.719+0300][1042.698s][36520] GC(24730)       Free Collection Set (ms):      Min:  0.0, Avg:  0.0, Max:  0.0, Diff:  0.0, Sum:  0.0, Workers: 2
[2025-05-12T23:25:32.719+0300][1042.698s][36520] GC(24730)     Rebuild Free List: 0.1ms
[2025-05-12T23:25:32.719+0300][1042.698s][36520] GC(24730)     Prepare For Mutator: 0.1ms
[2025-05-12T23:25:32.719+0300][1042.698s][36520] GC(24730)     Expand Heap After Collection: 0.0ms
[2025-05-12T23:25:32.719+0300][1042.698s][36520] GC(24730)   Other: 0.3ms
[2025-05-12T23:25:32.719+0300][1042.698s][36520] GC(24730) Coarsening (recent): Inline->AoC 0 (0) AoC->Howl 0 (0) Howl->Full 0 (0) Inline->AoC 0 (0) AoC->BitMap 0 (0) BitMap->Full 0 (0) 
[2025-05-12T23:25:32.719+0300][1042.698s][36520] GC(24730) Coarsening (all): Inline->AoC 10920 (0) AoC->Howl 7731 (0) Howl->Full 0 (0) Inline->AoC 10809 (0) AoC->BitMap 7399 (0) BitMap->Full 0 (0) 
[2025-05-12T23:25:32.719+0300][1042.698s][36520] GC(24730) Eden regions: 1->0(0)
[2025-05-12T23:25:32.719+0300][1042.698s][36520] GC(24730) Survivor regions: 0->0(0)
[2025-05-12T23:25:32.719+0300][1042.698s][36520] GC(24730) Old regions: 11->12
[2025-05-12T23:25:32.719+0300][1042.698s][36520] GC(24730) Humongous regions: 0->0
[2025-05-12T23:25:32.719+0300][1042.698s][36520] GC(24730) Metaspace: 10759K(12736K)->10759K(12736K) NonClass: 9683K(11328K)->9683K(11328K) Class: 1076K(1408K)->1076K(1408K)
[2025-05-12T23:25:32.719+0300][1042.698s][36520] GC(24730) Heap after GC invocations=21190 (full 7101):
[2025-05-12T23:25:32.719+0300][1042.698s][36520] GC(24730)  garbage-first heap   total 12288K, used 12262K [0x00000000ff400000, 0x0000000100000000)
[2025-05-12T23:25:32.719+0300][1042.698s][36520] GC(24730)   region size 1024K, 0 young (0K), 0 survivors (0K)
[2025-05-12T23:25:32.719+0300][1042.698s][36520] GC(24730)  Metaspace       used 10759K, committed 12736K, reserved 1114112K
[2025-05-12T23:25:32.719+0300][1042.698s][36520] GC(24730)   class space    used 1076K, committed 1408K, reserved 1048576K
[2025-05-12T23:25:32.719+0300][1042.698s][36520] GC(24730) Pause Young (Concurrent Start) (G1 Evacuation Pause) (Evacuation Failure) 11M->11M(12M) 2.611ms
[2025-05-12T23:25:32.719+0300][1042.698s][36520] GC(24730) User=0.00s Sys=0.00s Real=0.00s
[2025-05-12T23:25:32.719+0300][1042.698s][36520] Attempt heap expansion (allocation request failed). Allocation request: 16400B
[2025-05-12T23:25:32.719+0300][1042.698s][36520] Expand the heap. requested expansion amount: 1048576B expansion amount: 1048576B
[2025-05-12T23:25:32.719+0300][1042.698s][36520] Did not expand the heap (heap already fully expanded)
[2025-05-12T23:25:32.719+0300][1042.698s][36520] Attempting full compaction
[2025-05-12T23:25:32.719+0300][1042.698s][36520] GC(24732) Pause Full (G1 Compaction Pause)
[2025-05-12T23:25:32.719+0300][1042.698s][34628] GC(24731) Concurrent Mark Cycle
[2025-05-12T23:25:32.719+0300][1042.698s][36520] GC(24732) Heap before GC invocations=21190 (full 7101):
[2025-05-12T23:25:32.719+0300][1042.698s][34628] GC(24731) Concurrent Scan Root Regions
[2025-05-12T23:25:32.719+0300][1042.698s][36520] GC(24732)  garbage-first heap   total 12288K, used 12262K [0x00000000ff400000, 0x0000000100000000)
[2025-05-12T23:25:32.719+0300][1042.699s][34628] GC(24731) Concurrent Scan Root Regions 0.086ms
[2025-05-12T23:25:32.720+0300][1042.699s][36520] GC(24732)   region size 1024K, 0 young (0K), 0 survivors (0K)
[2025-05-12T23:25:32.720+0300][1042.699s][34628] GC(24731) Concurrent Mark
[2025-05-12T23:25:32.720+0300][1042.699s][36520] GC(24732)  Metaspace       used 10759K, committed 12736K, reserved 1114112K
[2025-05-12T23:25:32.720+0300][1042.699s][34628] GC(24731) Concurrent Mark From Roots
[2025-05-12T23:25:32.720+0300][1042.699s][36520] GC(24732)   class space    used 1076K, committed 1408K, reserved 1048576K
[2025-05-12T23:25:32.720+0300][1042.699s][34628] GC(24731) Using 3 workers of 3 for marking
[2025-05-12T23:25:32.720+0300][1042.699s][36520] GC(24732) Requesting 1 active workers for full compaction (waste limited workers: 1, adaptive workers: 2, used limited workers: 12)
[2025-05-12T23:25:32.720+0300][1042.699s][36520] GC(24732) Using 1 workers of 10 for full compaction
[2025-05-12T23:25:32.720+0300][1042.699s][36520] GC(24732) Clear Bitmap
[2025-05-12T23:25:32.720+0300][1042.699s][36520] GC(24732) Running G1 Clear Bitmap with 1 workers for 1 work units.
[2025-05-12T23:25:32.720+0300][1042.699s][36520] GC(24732) Clear Bitmap 0.082ms
[2025-05-12T23:25:32.720+0300][1042.699s][36520] GC(24732) Mutator Allocation stats, regions: 0, wasted size: 0B ( 0.0%)
[2025-05-12T23:25:32.720+0300][1042.699s][36520] GC(24732) Phase 1: Mark live objects
[2025-05-12T23:25:32.726+0300][1042.706s][36520] GC(24732) Phase 1: Reference Processing
[2025-05-12T23:25:32.727+0300][1042.706s][36520] GC(24732) ReferenceProcessor::execute queues: 1, RefProcThreadModel::Single, marks_oops_alive: false
[2025-05-12T23:25:32.727+0300][1042.706s][36520] GC(24732) Skipped KeepAliveFinalRefsPhase of Reference Processing: no references
[2025-05-12T23:25:32.727+0300][1042.706s][36520] GC(24732) ReferenceProcessor::execute queues: 1, RefProcThreadModel::Single, marks_oops_alive: false
[2025-05-12T23:25:32.727+0300][1042.706s][36520] GC(24732) Reference Processing: 0.0ms
[2025-05-12T23:25:32.727+0300][1042.706s][36520] GC(24732)   Notify Soft/WeakReferences: 0.0ms
[2025-05-12T23:25:32.727+0300][1042.706s][36520] GC(24732)     SoftRef: 0.0ms
[2025-05-12T23:25:32.727+0300][1042.706s][36520] GC(24732)     WeakRef: 0.0ms
[2025-05-12T23:25:32.727+0300][1042.706s][36520] GC(24732)     FinalRef: 0.0ms
[2025-05-12T23:25:32.727+0300][1042.706s][36520] GC(24732)     Total: 0.0ms
[2025-05-12T23:25:32.727+0300][1042.706s][36520] GC(24732)   Notify and keep alive finalizable: 0.0ms
[2025-05-12T23:25:32.727+0300][1042.706s][36520] GC(24732)     FinalRef: skipped
[2025-05-12T23:25:32.727+0300][1042.706s][36520] GC(24732)   Notify PhantomReferences: 0.0ms
[2025-05-12T23:25:32.727+0300][1042.706s][36520] GC(24732)     PhantomRef: 0.0ms
[2025-05-12T23:25:32.727+0300][1042.706s][36520] GC(24732)   SoftReference Discovered: 46, Dropped: 4, Processed: 42
[2025-05-12T23:25:32.727+0300][1042.706s][36520] GC(24732)   WeakReference Discovered: 33, Dropped: 14, Processed: 19
[2025-05-12T23:25:32.727+0300][1042.706s][36520] GC(24732)   FinalReference Discovered: 0, Dropped: 0, Processed: 0
[2025-05-12T23:25:32.727+0300][1042.706s][36520] GC(24732)   PhantomReference Discovered: 23, Dropped: 23, Processed: 0
[2025-05-12T23:25:32.727+0300][1042.706s][36520] GC(24732) Phase 1: Reference Processing 0.182ms
[2025-05-12T23:25:32.727+0300][1042.706s][36520] GC(24732) Phase 1: Weak Processing
[2025-05-12T23:25:32.727+0300][1042.706s][36520] GC(24732)   VM Weak                        Min:  0.0, Avg:  0.0, Max:  0.0, Diff:  0.0, Sum:  0.0, Workers: 10
[2025-05-12T23:25:32.727+0300][1042.706s][36520] GC(24732)     Dead                           Min: 0, Avg:  2.0, Max: 20, Diff: 20, Sum: 20, Workers: 10
[2025-05-12T23:25:32.727+0300][1042.706s][36520] GC(24732)     Total                          Min: 0, Avg:  6.7, Max: 59, Diff: 59, Sum: 67, Workers: 10
[2025-05-12T23:25:32.727+0300][1042.706s][36520] GC(24732)   ObjectSynchronizer Weak        Min:  0.0, Avg:  0.0, Max:  0.0, Diff:  0.0, Sum:  0.0, Workers: 10
[2025-05-12T23:25:32.727+0300][1042.706s][36520] GC(24732)     Dead                           Min: 0, Avg:  0.0, Max: 0, Diff: 0, Sum: 0, Workers: 10
[2025-05-12T23:25:32.727+0300][1042.706s][36520] GC(24732)     Total                          Min: 0, Avg:  0.1, Max: 1, Diff: 1, Sum: 1, Workers: 10
[2025-05-12T23:25:32.727+0300][1042.706s][36520] GC(24732)   JVMTI Tag Weak OopStorage      Min:  0.0, Avg:  0.0, Max:  0.1, Diff:  0.0, Sum:  0.5, Workers: 10
[2025-05-12T23:25:32.727+0300][1042.706s][36520] GC(24732)     Dead                           Min: 0, Avg:  2.0, Max: 20, Diff: 20, Sum: 20, Workers: 10
[2025-05-12T23:25:32.727+0300][1042.706s][36520] GC(24732)     Total                          Min: 3601, Avg: 6289.9, Max: 14081, Diff: 10480, Sum: 62899, Workers: 10
[2025-05-12T23:25:32.727+0300][1042.706s][36520] GC(24732)   StringTable Weak               Min:  0.0, Avg:  0.0, Max:  0.0, Diff:  0.0, Sum:  0.2, Workers: 10
[2025-05-12T23:25:32.727+0300][1042.706s][36520] GC(24732)     Dead                           Min: 0, Avg:  7.3, Max: 36, Diff: 36, Sum: 73, Workers: 10
[2025-05-12T23:25:32.727+0300][1042.706s][36520] GC(24732)     Total                          Min: 3520, Avg: 3952.9, Max: 4859, Diff: 1339, Sum: 39529, Workers: 10
[2025-05-12T23:25:32.727+0300][1042.706s][36520] GC(24732)   ResolvedMethodTable Weak       Min:  0.0, Avg:  0.0, Max:  0.0, Diff:  0.0, Sum:  0.0, Workers: 10
[2025-05-12T23:25:32.727+0300][1042.707s][36520] GC(24732)     Dead                           Min: 0, Avg:  3.7, Max: 17, Diff: 17, Sum: 37, Workers: 10
[2025-05-12T23:25:32.727+0300][1042.707s][36520] GC(24732)     Total                          Min: 0, Avg: 50.2, Max: 119, Diff: 119, Sum: 502, Workers: 10
[2025-05-12T23:25:32.727+0300][1042.707s][36520] GC(24732)   JNI Weak                       Min:  0.0, Avg:  0.0, Max:  0.0, Diff:  0.0, Sum:  0.0, Workers: 10
[2025-05-12T23:25:32.727+0300][1042.707s][36520] GC(24732)     Dead                           Min: 0, Avg:  0.0, Max: 0, Diff: 0, Sum: 0, Workers: 10
[2025-05-12T23:25:32.727+0300][1042.707s][36520] GC(24732)     Total                          Min: 0, Avg:  1.1, Max: 11, Diff: 11, Sum: 11, Workers: 10
[2025-05-12T23:25:32.727+0300][1042.707s][36520] GC(24732)   StringDedup Table Weak         Min:  0.0, Avg:  0.0, Max:  0.0, Diff:  0.0, Sum:  0.0, Workers: 10
[2025-05-12T23:25:32.727+0300][1042.707s][36520] GC(24732)     Dead                           Min: 0, Avg:  0.0, Max: 0, Diff: 0, Sum: 0, Workers: 10
[2025-05-12T23:25:32.727+0300][1042.707s][36520] GC(24732)     Total                          Min: 0, Avg:  0.0, Max: 0, Diff: 0, Sum: 0, Workers: 10
[2025-05-12T23:25:32.727+0300][1042.707s][36520] GC(24732)   StringDedup Requests0 Weak     Min:  0.0, Avg:  0.0, Max:  0.0, Diff:  0.0, Sum:  0.0, Workers: 10
[2025-05-12T23:25:32.727+0300][1042.707s][36520] GC(24732)     Dead                           Min: 0, Avg:  0.0, Max: 0, Diff: 0, Sum: 0, Workers: 10
[2025-05-12T23:25:32.727+0300][1042.707s][36520] GC(24732)     Total                          Min: 0, Avg:  0.0, Max: 0, Diff: 0, Sum: 0, Workers: 10
[2025-05-12T23:25:32.727+0300][1042.707s][36520] GC(24732)   StringDedup Requests1 Weak     Min:  0.0, Avg:  0.0, Max:  0.0, Diff:  0.0, Sum:  0.0, Workers: 10
[2025-05-12T23:25:32.727+0300][1042.707s][36520] GC(24732)     Dead                           Min: 0, Avg:  0.0, Max: 0, Diff: 0, Sum: 0, Workers: 10
[2025-05-12T23:25:32.727+0300][1042.707s][36520] GC(24732)     Total                          Min: 0, Avg:  0.0, Max: 0, Diff: 0, Sum: 0, Workers: 10
[2025-05-12T23:25:32.727+0300][1042.707s][36520] GC(24732)   Weak JFR Old Object Samples    Min:  0.0, Avg:  0.0, Max:  0.0, Diff:  0.0, Sum:  0.0, Workers: 10
[2025-05-12T23:25:32.727+0300][1042.707s][36520] GC(24732)     Dead                           Min: 0, Avg:  0.0, Max: 0, Diff: 0, Sum: 0, Workers: 10
[2025-05-12T23:25:32.727+0300][1042.707s][36520] GC(24732)     Total                          Min: 0, Avg:  0.0, Max: 0, Diff: 0, Sum: 0, Workers: 10
[2025-05-12T23:25:32.727+0300][1042.707s][36520] GC(24732) Phase 1: Weak Processing 0.440ms
[2025-05-12T23:25:32.727+0300][1042.707s][36520] GC(24732) Phase 1: Class Unloading and Cleanup
[2025-05-12T23:25:32.727+0300][1042.707s][36520] GC(24732) ClassLoaderData
[2025-05-12T23:25:32.727+0300][1042.707s][36520] GC(24732) ClassLoaderData 0.061ms
[2025-05-12T23:25:32.727+0300][1042.707s][36520] GC(24732) Trigger cleanups
[2025-05-12T23:25:32.727+0300][1042.707s][36520] GC(24732) Trigger cleanups 0.009ms
[2025-05-12T23:25:32.731+0300][1042.710s][36520] GC(24732) Phase 1: Class Unloading and Cleanup 3.778ms
[2025-05-12T23:25:32.731+0300][1042.710s][36520] GC(24732) Report Object Count
[2025-05-12T23:25:32.731+0300][1042.710s][36520] GC(24732) Report Object Count 0.012ms
[2025-05-12T23:25:32.731+0300][1042.711s][36520] GC(24732) Phase 1: Mark live objects 11.466ms
[2025-05-12T23:25:32.731+0300][1042.711s][36520] GC(24732) Phase 2: Prepare compaction
[2025-05-12T23:25:32.731+0300][1042.711s][36520] GC(24732) Phase 2: Determine work lists
[2025-05-12T23:25:32.731+0300][1042.711s][36520] GC(24732) Phase 2: Determine work lists 0.128ms
[2025-05-12T23:25:32.731+0300][1042.711s][36520] GC(24732) Phase 2: Prepare parallel compaction
[2025-05-12T23:25:32.731+0300][1042.711s][36520] GC(24732) Phase 2: Prepare parallel compaction 0.177ms
[2025-05-12T23:25:32.731+0300][1042.711s][36520] GC(24732) Phase 2: Prepare compaction 0.349ms
[2025-05-12T23:25:32.731+0300][1042.711s][36520] GC(24732) Phase 3: Adjust pointers
[2025-05-12T23:25:32.736+0300][1042.715s][36520] GC(24732) Phase 3: Adjust pointers 4.374ms
[2025-05-12T23:25:32.736+0300][1042.715s][36520] GC(24732) Phase 4: Compact heap
[2025-05-12T23:25:32.736+0300][1042.715s][36520] GC(24732) Phase 4: Compact heap 0.212ms
[2025-05-12T23:25:32.736+0300][1042.716s][36520] GC(24732) Phase 5: Reset Metadata
[2025-05-12T23:25:32.737+0300][1042.717s][36520] GC(24732) Phase 5: Reset Metadata 1.597ms
[2025-05-12T23:25:32.738+0300][1042.717s][36520] GC(24732) Running G1 Clear Bitmap with 1 workers for 1 work units.
[2025-05-12T23:25:32.739+0300][1042.719s][36520] Old generation allocation in the last mutator period, old gen allocated: 0B, humongous allocated: 0B, old gen growth: 0B.
[2025-05-12T23:25:32.739+0300][1042.719s][36520] GC(24732) Coarsening (recent): Inline->AoC 0 (0) AoC->Howl 0 (0) Howl->Full 0 (0) Inline->AoC 0 (0) AoC->BitMap 0 (0) BitMap->Full 0 (0) 
[2025-05-12T23:25:32.739+0300][1042.719s][36520] GC(24732) Coarsening (all): Inline->AoC 10920 (0) AoC->Howl 7731 (0) Howl->Full 0 (0) Inline->AoC 10809 (0) AoC->BitMap 7399 (0) BitMap->Full 0 (0) 
[2025-05-12T23:25:32.739+0300][1042.719s][36520] GC(24732) Eden regions: 0->0(1)
[2025-05-12T23:25:32.739+0300][1042.719s][36520] GC(24732) Survivor regions: 0->0(0)
[2025-05-12T23:25:32.739+0300][1042.719s][36520] GC(24732) Old regions: 12->11
[2025-05-12T23:25:32.739+0300][1042.719s][36520] GC(24732) Humongous regions: 0->0
[2025-05-12T23:25:32.739+0300][1042.719s][36520] GC(24732) Metaspace: 10759K(12736K)->10718K(12736K) NonClass: 9683K(11328K)->9653K(11328K) Class: 1076K(1408K)->1064K(1408K)
[2025-05-12T23:25:32.739+0300][1042.719s][36520] GC(24732) Heap after GC invocations=21191 (full 7102):
[2025-05-12T23:25:32.739+0300][1042.719s][36520] GC(24732)  garbage-first heap   total 12288K, used 11212K [0x00000000ff400000, 0x0000000100000000)
[2025-05-12T23:25:32.739+0300][1042.719s][36520] GC(24732)   region size 1024K, 0 young (0K), 0 survivors (0K)
[2025-05-12T23:25:32.739+0300][1042.719s][36520] GC(24732)  Metaspace       used 10718K, committed 12736K, reserved 1114112K
[2025-05-12T23:25:32.739+0300][1042.719s][36520] GC(24732)   class space    used 1064K, committed 1408K, reserved 1048576K
[2025-05-12T23:25:32.739+0300][1042.719s][36520] GC(24732) Pause Full (G1 Compaction Pause) 11M->10M(12M) 20.503ms
[2025-05-12T23:25:32.739+0300][1042.719s][36520] GC(24732) User=0.00s Sys=0.00s Real=0.02s
[2025-05-12T23:25:32.739+0300][1042.719s][9340 ] G1 Service Thread (Card Set Free Memory Task) (run: 21.938ms) (cpu: 0.000ms)
[2025-05-12T23:25:32.739+0300][1042.719s][34628] ---------------------------------------------------------------------
[2025-05-12T23:25:32.739+0300][1042.719s][34628] Marking Stats, task = 0, calls = 0
[2025-05-12T23:25:32.739+0300][1042.719s][34628]   Elapsed time = 0.00ms, Termination time = 0.00ms
[2025-05-12T23:25:32.739+0300][1042.719s][34628]   Step Times (cum): num = 5369, avg = 0.16ms, sd = 1.55ms max = 16.00ms, total = 833.00ms
[2025-05-12T23:25:32.739+0300][1042.719s][34628]   Mark Stats Cache: hits 1707 misses 0 ratio 100.000
[2025-05-12T23:25:32.739+0300][1042.719s][34628] ---------------------------------------------------------------------
[2025-05-12T23:25:32.739+0300][1042.719s][34628] Marking Stats, task = 1, calls = 0
[2025-05-12T23:25:32.740+0300][1042.719s][34628]   Elapsed time = 0.00ms, Termination time = 0.00ms
[2025-05-12T23:25:32.740+0300][1042.719s][34628]   Step Times (cum): num = 13793, avg = 0.02ms, sd = 0.58ms max = 16.00ms, total = 296.00ms
[2025-05-12T23:25:32.740+0300][1042.719s][34628]   Mark Stats Cache: hits 4690 misses 0 ratio 100.000
[2025-05-12T23:25:32.740+0300][1042.719s][34628] ---------------------------------------------------------------------
[2025-05-12T23:25:32.740+0300][1042.719s][34628] Marking Stats, task = 2, calls = 0
[2025-05-12T23:25:32.740+0300][1042.719s][34628]   Elapsed time = 0.00ms, Termination time = 0.00ms
[2025-05-12T23:25:32.740+0300][1042.719s][34628]   Step Times (cum): num = 13231, avg = 0.02ms, sd = 0.61ms max = 16.00ms, total = 313.00ms
[2025-05-12T23:25:32.740+0300][1042.719s][34628]   Mark Stats Cache: hits 0 misses 0 ratio 0.000
[2025-05-12T23:25:32.740+0300][1042.719s][34628] ---------------------------------------------------------------------
[2025-05-12T23:25:32.740+0300][1042.719s][34628] GC(24731) Concurrent Mark From Roots 20.500ms
[2025-05-12T23:25:32.740+0300][1042.719s][34628] GC(24731) Concurrent Mark Abort
[2025-05-12T23:25:32.740+0300][1042.719s][34628] GC(24731) Concurrent Mark Cycle 20.821ms
[2025-05-12T23:25:32.767+0300][1042.746s][36520] GC(24733) Pause Young (Normal) (G1 Evacuation Pause)
[2025-05-12T23:25:32.767+0300][1042.746s][36520] GC(24733) Heap before GC invocations=21191 (full 7102):
[2025-05-12T23:25:32.767+0300][1042.746s][36520] GC(24733)  garbage-first heap   total 12288K, used 12236K [0x00000000ff400000, 0x0000000100000000)
[2025-05-12T23:25:32.767+0300][1042.746s][36520] GC(24733)   region size 1024K, 1 young (1024K), 0 survivors (0K)
[2025-05-12T23:25:32.767+0300][1042.746s][36520] GC(24733)  Metaspace       used 10759K, committed 12736K, reserved 1114112K
[2025-05-12T23:25:32.767+0300][1042.746s][36520] GC(24733)   class space    used 1076K, committed 1408K, reserved 1048576K
[2025-05-12T23:25:32.767+0300][1042.746s][36520] GC(24733) Using 2 workers of 10 for evacuation
[2025-05-12T23:25:32.767+0300][1042.746s][36520] GC(24733) Desired survivor size 524288 bytes, new threshold 15 (max threshold 15)
[2025-05-12T23:25:32.767+0300][1042.746s][36520] GC(24733) TLAB totals: thrds: 1  refills: 311 max: 311 slow allocs: 152 max 152 waste: 22.0% gc: 0B max: 0B slow: 186232B max: 186232B
[2025-05-12T23:25:32.767+0300][1042.747s][36520] GC(24733) Mutator refinement: 0.00ms, refined: 0, precleaned: 0, dirtied: 100
[2025-05-12T23:25:32.767+0300][1042.747s][36520] GC(24733) Concurrent refinement: 0.00ms, refined: 0, precleaned: 0, dirtied: 0
[2025-05-12T23:25:32.767+0300][1042.747s][36520] GC(24733) Total refinement: 0.00ms, refined: 0, precleaned: 0, dirtied: 100
[2025-05-12T23:25:32.767+0300][1042.747s][36520] GC(24733) Generate dirty cards rate: 3.62 cards/ms
[2025-05-12T23:25:32.767+0300][1042.747s][36520] GC(24733) Mutator Allocation stats, regions: 1, wasted size: 1040B ( 0.1%)
[2025-05-12T23:25:32.767+0300][1042.747s][36520] GC(24733) No candidates to reclaim.
[2025-05-12T23:25:32.767+0300][1042.747s][36520] GC(24733) Running G1 Merge Heap Roots using 2 workers for 1 regions
[2025-05-12T23:25:32.767+0300][1042.747s][36520] GC(24733) Visited cards 1056 Total dirty 12288 (8.59%) Total old 26624 (3.97%)
[2025-05-12T23:25:32.767+0300][1042.747s][16704] GC(24733) Attempt heap expansion (region allocation request failed). Allocation request: 2064B
[2025-05-12T23:25:32.767+0300][1042.747s][16704] GC(24733) Did not expand the heap (heap already fully expanded)
[2025-05-12T23:25:32.768+0300][1042.747s][36520] GC(24733) ReferenceProcessor::execute queues: 1, RefProcThreadModel::Single, marks_oops_alive: false
[2025-05-12T23:25:32.768+0300][1042.747s][36520] GC(24733) Skipped KeepAliveFinalRefsPhase of Reference Processing: no references
[2025-05-12T23:25:32.768+0300][1042.747s][36520] GC(24733) Skipped PhantomRefsPhase of Reference Processing: no references
[2025-05-12T23:25:32.768+0300][1042.747s][36520] GC(24733) Initializing removing self forwards with 64 chunks per region
[2025-05-12T23:25:32.768+0300][1042.748s][36520] GC(24733) Running G1 Rebuild Free List Task using 2 workers for rebuilding free list of regions
[2025-05-12T23:25:32.768+0300][1042.748s][36520] GC(24733) Young PLAB allocation: allocated: 0B, wasted: 0B, unused: 0B, used: 0B, undo waste: 0B, 
[2025-05-12T23:25:32.768+0300][1042.748s][36520] GC(24733) Young other allocation: region end waste: 0B, regions filled: 0, num plab filled: 2, direct allocated: 0B, num direct allocated: 0, failure used: 0B, failure wasted: 0B
[2025-05-12T23:25:32.768+0300][1042.748s][36520] GC(24733) Young sizing: calculated: 0B, actual: 2064B
[2025-05-12T23:25:32.768+0300][1042.748s][36520] GC(24733) Old PLAB allocation: allocated: 0B, wasted: 0B, unused: 0B, used: 0B, undo waste: 0B, 
[2025-05-12T23:25:32.768+0300][1042.748s][36520] GC(24733) Old other allocation: region end waste: 0B, regions filled: 0, num plab filled: 2, direct allocated: 0B, num direct allocated: 0, failure used: 151432B, failure wasted: 897144B
[2025-05-12T23:25:32.768+0300][1042.748s][36520] GC(24733) Old sizing: calculated: 0B, actual: 2064B
[2025-05-12T23:25:32.768+0300][1042.748s][36520] GC(24733) Heap expansion: short term pause time ratio 38.36% long term pause time ratio 41.20% threshold 7.69% pause time ratio 7.69% fully expanded true resize by 0B
[2025-05-12T23:25:32.768+0300][1042.748s][36520] GC(24733) Request concurrent cycle initiation (occupancy higher than threshold) occupancy: 12582912B allocation request: 0B threshold: 3635882B (28.90) source: end of GC
[2025-05-12T23:25:32.768+0300][1042.748s][36520] GC(24733) MMU: 6.3ms (200.0ms/201.0ms)
[2025-05-12T23:25:32.768+0300][1042.748s][36520] Old generation allocation in the last mutator period, old gen allocated: 1048576B, humongous allocated: 0B, old gen growth: 1048576B.
[2025-05-12T23:25:32.768+0300][1042.748s][36520] GC(24733) Basic information (value update), threshold: 3685590B (29.29), target occupancy: 12582912B, current occupancy: 12530144B, recent allocation size: 1048576B, recent allocation duration: 27.65ms, recent old gen allocation rate: 37920714.02B/s, recent marking phase length: 120.12ms
[2025-05-12T23:25:32.768+0300][1042.748s][9340 ] G1 Service Thread (Card Set Free Memory Task) (run 0.048ms after schedule)
[2025-05-12T23:25:32.768+0300][1042.748s][36520] GC(24733) Adaptive IHOP information (value update), threshold: 3685590B (34.46), internal target occupancy: 10695475B, occupancy: 12530144B, additional buffer size: 1048576B, predicted old gen allocation rate: 49396488.92B/s, predicted marking phase length: 120.68ms, prediction active: true
[2025-05-12T23:25:32.768+0300][1042.748s][36520] GC(24733) GC refinement: goal: 18446744073709551615 + 103 / 20.00ms, actual: 100 / 0.04ms, 
[2025-05-12T23:25:32.768+0300][1042.748s][36520] GC(24733) Unchanged pending cards target: 18446744073709551615
[2025-05-12T23:25:32.768+0300][1042.748s][36520] GC(24733)   Pre Evacuate Collection Set: 0.2ms
[2025-05-12T23:25:32.768+0300][1042.748s][36520] GC(24733)     Pre Evacuate Prepare: 0.1ms
[2025-05-12T23:25:32.768+0300][1042.748s][36520] GC(24733)       JT Retire TLABs And Flush Logs (ms): Min:  0.0, Avg:  0.0, Max:  0.0, Diff:  0.0, Sum:  0.0, Workers: 2
[2025-05-12T23:25:32.768+0300][1042.748s][36520] GC(24733)       Non-JT Flush Logs (ms):        Min:  0.0, Avg:  0.0, Max:  0.0, Diff:  0.0, Sum:  0.0, Workers: 1
[2025-05-12T23:25:32.768+0300][1042.748s][36520] GC(24733)     Choose Collection Set: 0.0ms
[2025-05-12T23:25:32.768+0300][1042.748s][36520] GC(24733)     Region Register: 0.1ms
[2025-05-12T23:25:32.768+0300][1042.748s][36520] GC(24733)     Prepare Heap Roots: 0.0ms
[2025-05-12T23:25:32.768+0300][1042.748s][36520] GC(24733)   Merge Heap Roots: 0.1ms
[2025-05-12T23:25:32.768+0300][1042.748s][36520] GC(24733)     Prepare Merge Heap Roots: 0.0ms
[2025-05-12T23:25:32.768+0300][1042.748s][36520] GC(24733)     Remembered Sets (ms):          Min:  0.0, Avg:  0.0, Max:  0.0, Diff:  0.0, Sum:  0.0, Workers: 2
[2025-05-12T23:25:32.768+0300][1042.748s][36520] GC(24733)       Eager Reclaim (ms):            skipped
[2025-05-12T23:25:32.768+0300][1042.748s][36520] GC(24733)       Merged Inline                  Min: 0, Avg:  0.0, Max: 0, Diff: 0, Sum: 0, Workers: 2
[2025-05-12T23:25:32.768+0300][1042.748s][36520] GC(24733)       Merged ArrayOfCards            Min: 0, Avg:  0.0, Max: 0, Diff: 0, Sum: 0, Workers: 2
[2025-05-12T23:25:32.768+0300][1042.748s][36520] GC(24733)       Merged Howl                    Min: 0, Avg:  0.0, Max: 0, Diff: 0, Sum: 0, Workers: 2
[2025-05-12T23:25:32.768+0300][1042.748s][36520] GC(24733)       Merged Full                    Min: 0, Avg:  0.0, Max: 0, Diff: 0, Sum: 0, Workers: 2
[2025-05-12T23:25:32.768+0300][1042.748s][36520] GC(24733)       Merged Howl Inline             Min: 0, Avg:  0.0, Max: 0, Diff: 0, Sum: 0, Workers: 2
[2025-05-12T23:25:32.768+0300][1042.748s][36520] GC(24733)       Merged Howl ArrayOfCards       Min: 0, Avg:  0.0, Max: 0, Diff: 0, Sum: 0, Workers: 2
[2025-05-12T23:25:32.768+0300][1042.748s][36520] GC(24733)       Merged Howl BitMap             Min: 0, Avg:  0.0, Max: 0, Diff: 0, Sum: 0, Workers: 2
[2025-05-12T23:25:32.768+0300][1042.748s][36520] GC(24733)       Merged Howl Full               Min: 0, Avg:  0.0, Max: 0, Diff: 0, Sum: 0, Workers: 2
[2025-05-12T23:25:32.768+0300][1042.748s][36520] GC(24733)       Merged Cards                   Min: 8, Avg:  8.0, Max: 8, Diff: 0, Sum: 16, Workers: 2
[2025-05-12T23:25:32.768+0300][1042.748s][36520] GC(24733)     Log Buffers (ms):              Min:  0.0, Avg:  0.0, Max:  0.0, Diff:  0.0, Sum:  0.0, Workers: 2
[2025-05-12T23:25:32.768+0300][1042.748s][36520] GC(24733)       Dirty Cards:                   Min: 0, Avg: 50.0, Max: 100, Diff: 100, Sum: 100, Workers: 2
[2025-05-12T23:25:32.768+0300][1042.748s][36520] GC(24733)       Skipped Cards:                 Min: 0, Avg:  0.0, Max: 0, Diff: 0, Sum: 0, Workers: 2
[2025-05-12T23:25:32.768+0300][1042.748s][36520] GC(24733)   Evacuate Collection Set: 0.4ms
[2025-05-12T23:25:32.768+0300][1042.748s][36520] GC(24733)     Ext Root Scanning (ms):        Min:  0.1, Avg:  0.1, Max:  0.1, Diff:  0.0, Sum:  0.2, Workers: 2
[2025-05-12T23:25:32.768+0300][1042.748s][36520] GC(24733)     Scan Heap Roots (ms):          Min:  0.0, Avg:  0.0, Max:  0.1, Diff:  0.0, Sum:  0.1, Workers: 2
[2025-05-12T23:25:32.768+0300][1042.748s][36520] GC(24733)       Scanned Cards:                 Min: 35, Avg: 50.0, Max: 65, Diff: 30, Sum: 100, Workers: 2
[2025-05-12T23:25:32.768+0300][1042.748s][36520] GC(24733)       Scanned Blocks:                Min: 23, Avg: 34.0, Max: 45, Diff: 22, Sum: 68, Workers: 2
[2025-05-12T23:25:32.768+0300][1042.748s][36520] GC(24733)       Claimed Chunks:                Min: 11, Avg: 16.5, Max: 22, Diff: 11, Sum: 33, Workers: 2
[2025-05-12T23:25:32.769+0300][1042.748s][36520] GC(24733)       Found Roots:                   Min: 58, Avg: 59.0, Max: 60, Diff: 2, Sum: 118, Workers: 2
[2025-05-12T23:25:32.769+0300][1042.748s][36520] GC(24733)     Code Root Scan (ms):           Min:  0.0, Avg:  0.0, Max:  0.0, Diff:  0.0, Sum:  0.0, Workers: 2
[2025-05-12T23:25:32.769+0300][1042.748s][36520] GC(24733)     Object Copy (ms):              Min:  0.1, Avg:  0.1, Max:  0.1, Diff:  0.0, Sum:  0.3, Workers: 2
[2025-05-12T23:25:32.769+0300][1042.748s][36520] GC(24733)     Termination (ms):              Min:  0.0, Avg:  0.0, Max:  0.0, Diff:  0.0, Sum:  0.0, Workers: 2
[2025-05-12T23:25:32.769+0300][1042.748s][36520] GC(24733)       Termination Attempts:          Min: 1, Avg:  1.0, Max: 1, Diff: 0, Sum: 2, Workers: 2
[2025-05-12T23:25:32.769+0300][1042.748s][36520] GC(24733)     GC Worker Other (ms):          Min:  0.0, Avg:  0.0, Max:  0.0, Diff:  0.0, Sum:  0.0, Workers: 2
[2025-05-12T23:25:32.769+0300][1042.748s][36520] GC(24733)     GC Worker Total (ms):          Min:  0.3, Avg:  0.3, Max:  0.3, Diff:  0.0, Sum:  0.5, Workers: 2
[2025-05-12T23:25:32.769+0300][1042.748s][36520] GC(24733)   Post Evacuate Collection Set: 0.6ms
[2025-05-12T23:25:32.769+0300][1042.748s][36520] GC(24733)     NMethod List Cleanup: 0.0ms
[2025-05-12T23:25:32.769+0300][1042.748s][36520] GC(24733)     Reference Processing: 0.1ms
[2025-05-12T23:25:32.769+0300][1042.748s][36520] GC(24733)       Notify Soft/WeakReferences: 0.0ms
[2025-05-12T23:25:32.769+0300][1042.748s][36520] GC(24733)         SoftRef (ms):                  Min:  0.0, Avg:  0.0, Max:  0.0, Diff:  0.0, Sum:  0.0, Workers: 1
[2025-05-12T23:25:32.769+0300][1042.748s][36520] GC(24733)         WeakRef (ms):                  Min:  0.0, Avg:  0.0, Max:  0.0, Diff:  0.0, Sum:  0.0, Workers: 1
[2025-05-12T23:25:32.769+0300][1042.748s][36520] GC(24733)         FinalRef (ms):                 Min:  0.0, Avg:  0.0, Max:  0.0, Diff:  0.0, Sum:  0.0, Workers: 1
[2025-05-12T23:25:32.769+0300][1042.748s][36520] GC(24733)         Total (ms):                    Min:  0.0, Avg:  0.0, Max:  0.0, Diff:  0.0, Sum:  0.0, Workers: 1
[2025-05-12T23:25:32.769+0300][1042.748s][36520] GC(24733)       Notify and keep alive finalizable: 0.0ms
[2025-05-12T23:25:32.769+0300][1042.748s][36520] GC(24733)         FinalRef (ms):                 skipped
[2025-05-12T23:25:32.769+0300][1042.748s][36520] GC(24733)       Notify PhantomReferences: 0.0ms
[2025-05-12T23:25:32.769+0300][1042.748s][36520] GC(24733)         PhantomRef (ms):               skipped
[2025-05-12T23:25:32.769+0300][1042.748s][36520] GC(24733)       SoftReference Discovered: 0, Dropped: 0, Processed: 0
[2025-05-12T23:25:32.769+0300][1042.748s][36520] GC(24733)       WeakReference Discovered: 40, Dropped: 17, Processed: 23
[2025-05-12T23:25:32.769+0300][1042.748s][36520] GC(24733)       FinalReference Discovered: 0, Dropped: 0, Processed: 0
[2025-05-12T23:25:32.769+0300][1042.748s][36520] GC(24733)       PhantomReference Discovered: 0, Dropped: 0, Processed: 0
[2025-05-12T23:25:32.769+0300][1042.748s][36520] GC(24733)     Weak Processing: 0.1ms
[2025-05-12T23:25:32.769+0300][1042.748s][36520] GC(24733)       VM Weak                        Min:  0.0, Avg:  0.0, Max:  0.0, Diff:  0.0, Sum:  0.0, Workers: 10
[2025-05-12T23:25:32.769+0300][1042.748s][36520] GC(24733)         Dead                           Min: 0, Avg:  0.0, Max: 0, Diff: 0, Sum: 0, Workers: 10
[2025-05-12T23:25:32.769+0300][1042.748s][36520] GC(24733)         Total                          Min: 0, Avg:  6.7, Max: 41, Diff: 41, Sum: 67, Workers: 10
[2025-05-12T23:25:32.769+0300][1042.748s][36520] GC(24733)       ObjectSynchronizer Weak        Min:  0.0, Avg:  0.0, Max:  0.0, Diff:  0.0, Sum:  0.0, Workers: 10
[2025-05-12T23:25:32.769+0300][1042.748s][36520] GC(24733)         Dead                           Min: 0, Avg:  0.0, Max: 0, Diff: 0, Sum: 0, Workers: 10
[2025-05-12T23:25:32.769+0300][1042.748s][36520] GC(24733)         Total                          Min: 0, Avg:  0.1, Max: 1, Diff: 1, Sum: 1, Workers: 10
[2025-05-12T23:25:32.769+0300][1042.748s][36520] GC(24733)       JVMTI Tag Weak OopStorage      Min:  0.0, Avg:  0.1, Max:  0.1, Diff:  0.0, Sum:  0.6, Workers: 10
[2025-05-12T23:25:32.769+0300][1042.748s][36520] GC(24733)         Dead                           Min: 0, Avg:  0.0, Max: 0, Diff: 0, Sum: 0, Workers: 10
[2025-05-12T23:25:32.769+0300][1042.748s][36520] GC(24733)         Total                          Min: 3752, Avg: 6289.9, Max: 8332, Diff: 4580, Sum: 62899, Workers: 10
[2025-05-12T23:25:32.769+0300][1042.748s][36520] GC(24733)       StringTable Weak               Min:  0.0, Avg:  0.0, Max:  0.0, Diff:  0.0, Sum:  0.3, Workers: 10
[2025-05-12T23:25:32.769+0300][1042.748s][36520] GC(24733)         Dead                           Min: 0, Avg:  1.7, Max: 5, Diff: 5, Sum: 17, Workers: 10
[2025-05-12T23:25:32.769+0300][1042.748s][36520] GC(24733)         Total                          Min: 3520, Avg: 3952.9, Max: 4224, Diff: 704, Sum: 39529, Workers: 10
[2025-05-12T23:25:32.769+0300][1042.748s][36520] GC(24733)       ResolvedMethodTable Weak       Min:  0.0, Avg:  0.0, Max:  0.0, Diff:  0.0, Sum:  0.0, Workers: 10
[2025-05-12T23:25:32.769+0300][1042.748s][36520] GC(24733)         Dead                           Min: 0, Avg:  0.0, Max: 0, Diff: 0, Sum: 0, Workers: 10
[2025-05-12T23:25:32.769+0300][1042.748s][36520] GC(24733)         Total                          Min: 0, Avg: 51.8, Max: 127, Diff: 127, Sum: 518, Workers: 10
[2025-05-12T23:25:32.769+0300][1042.749s][36520] GC(24733)       JNI Weak                       Min:  0.0, Avg:  0.0, Max:  0.0, Diff:  0.0, Sum:  0.0, Workers: 10
[2025-05-12T23:25:32.769+0300][1042.749s][36520] GC(24733)         Dead                           Min: 0, Avg:  0.0, Max: 0, Diff: 0, Sum: 0, Workers: 10
[2025-05-12T23:25:32.769+0300][1042.749s][36520] GC(24733)         Total                          Min: 0, Avg:  1.1, Max: 11, Diff: 11, Sum: 11, Workers: 10
[2025-05-12T23:25:32.769+0300][1042.749s][36520] GC(24733)       StringDedup Table Weak         Min:  0.0, Avg:  0.0, Max:  0.0, Diff:  0.0, Sum:  0.0, Workers: 10
[2025-05-12T23:25:32.769+0300][1042.749s][36520] GC(24733)         Dead                           Min: 0, Avg:  0.0, Max: 0, Diff: 0, Sum: 0, Workers: 10
[2025-05-12T23:25:32.769+0300][1042.749s][36520] GC(24733)         Total                          Min: 0, Avg:  0.0, Max: 0, Diff: 0, Sum: 0, Workers: 10
[2025-05-12T23:25:32.769+0300][1042.749s][36520] GC(24733)       StringDedup Requests0 Weak     Min:  0.0, Avg:  0.0, Max:  0.0, Diff:  0.0, Sum:  0.0, Workers: 10
[2025-05-12T23:25:32.769+0300][1042.749s][36520] GC(24733)         Dead                           Min: 0, Avg:  0.0, Max: 0, Diff: 0, Sum: 0, Workers: 10
[2025-05-12T23:25:32.769+0300][1042.749s][36520] GC(24733)         Total                          Min: 0, Avg:  0.0, Max: 0, Diff: 0, Sum: 0, Workers: 10
[2025-05-12T23:25:32.769+0300][1042.749s][36520] GC(24733)       StringDedup Requests1 Weak     Min:  0.0, Avg:  0.0, Max:  0.0, Diff:  0.0, Sum:  0.0, Workers: 10
[2025-05-12T23:25:32.769+0300][1042.749s][36520] GC(24733)         Dead                           Min: 0, Avg:  0.0, Max: 0, Diff: 0, Sum: 0, Workers: 10
[2025-05-12T23:25:32.769+0300][1042.749s][36520] GC(24733)         Total                          Min: 0, Avg:  0.0, Max: 0, Diff: 0, Sum: 0, Workers: 10
[2025-05-12T23:25:32.769+0300][1042.749s][36520] GC(24733)       Weak JFR Old Object Samples    Min:  0.0, Avg:  0.0, Max:  0.0, Diff:  0.0, Sum:  0.0, Workers: 10
[2025-05-12T23:25:32.769+0300][1042.749s][36520] GC(24733)         Dead                           Min: 0, Avg:  0.0, Max: 0, Diff: 0, Sum: 0, Workers: 10
[2025-05-12T23:25:32.769+0300][1042.749s][36520] GC(24733)         Total                          Min: 0, Avg:  0.0, Max: 0, Diff: 0, Sum: 0, Workers: 10
[2025-05-12T23:25:32.769+0300][1042.749s][36520] GC(24733)     Post Evacuate Cleanup 1: 0.1ms
[2025-05-12T23:25:32.769+0300][1042.749s][36520] GC(24733)       Merge Per-Thread State (ms):   Min:  0.0, Avg:  0.0, Max:  0.0, Diff:  0.0, Sum:  0.0, Workers: 1
[2025-05-12T23:25:32.769+0300][1042.749s][36520] GC(24733)         Copied Bytes                   Min: 0, Avg:  0.0, Max: 0, Diff: 0, Sum: 0, Workers: 2
[2025-05-12T23:25:32.769+0300][1042.749s][36520] GC(24733)         LAB Waste                      Min: 0, Avg:  0.0, Max: 0, Diff: 0, Sum: 0, Workers: 2
[2025-05-12T23:25:32.769+0300][1042.749s][36520] GC(24733)         LAB Undo Waste                 Min: 0, Avg:  0.0, Max: 0, Diff: 0, Sum: 0, Workers: 2
[2025-05-12T23:25:32.769+0300][1042.749s][36520] GC(24733)       Clear Logged Cards (ms):       Min:  0.0, Avg:  0.0, Max:  0.0, Diff:  0.0, Sum:  0.0, Workers: 2
[2025-05-12T23:25:32.769+0300][1042.749s][36520] GC(24733)       Recalculate Used Memory (ms):  Min:  0.0, Avg:  0.0, Max:  0.0, Diff:  0.0, Sum:  0.0, Workers: 1
[2025-05-12T23:25:32.769+0300][1042.749s][36520] GC(24733)       Restore Retained Regions (ms): Min:  0.0, Avg:  0.0, Max:  0.0, Diff:  0.0, Sum:  0.1, Workers: 2
[2025-05-12T23:25:32.769+0300][1042.749s][36520] GC(24733)         Evacuation Failure Regions:    Min: 1, Avg:  1.0, Max: 1, Diff: 0, Sum: 1, Workers: 1
[2025-05-12T23:25:32.769+0300][1042.749s][36520] GC(24733)         Remove Self Forwards (ms):     Min:  0.0, Avg:  0.0, Max:  0.0, Diff:  0.0, Sum:  0.1, Workers: 2
[2025-05-12T23:25:32.769+0300][1042.749s][36520] GC(24733)           Forward Chunks:                Min: 26, Avg: 26.0, Max: 26, Diff: 0, Sum: 52, Workers: 2
[2025-05-12T23:25:32.769+0300][1042.749s][36520] GC(24733)           Empty Forward Chunks:          Min: 3, Avg:  6.0, Max: 9, Diff: 6, Sum: 12, Workers: 2
[2025-05-12T23:25:32.769+0300][1042.749s][36520] GC(24733)           Forward Objects:               Min: 1283, Avg: 1431.0, Max: 1579, Diff: 296, Sum: 2862, Workers: 2
[2025-05-12T23:25:32.769+0300][1042.749s][36520] GC(24733)           Forward Bytes:                 Min: 73768, Avg: 75716.0, Max: 77664, Diff: 3896, Sum: 151432, Workers: 2
[2025-05-12T23:25:32.769+0300][1042.749s][36520] GC(24733)     Post Evacuate Cleanup 2: 0.1ms
[2025-05-12T23:25:32.769+0300][1042.749s][36520] GC(24733)       Recalculate Used Memory (ms):  Min:  0.0, Avg:  0.0, Max:  0.0, Diff:  0.0, Sum:  0.0, Workers: 1
[2025-05-12T23:25:32.769+0300][1042.749s][36520] GC(24733)       Restore Preserved Marks (ms):  Min:  0.0, Avg:  0.0, Max:  0.0, Diff:  0.0, Sum:  0.0, Workers: 2
[2025-05-12T23:25:32.769+0300][1042.749s][36520] GC(24733)       Clear Retained Region Bitmaps (ms): Min:  0.0, Avg:  0.0, Max:  0.0, Diff:  0.0, Sum:  0.0, Workers: 2
[2025-05-12T23:25:32.769+0300][1042.749s][36520] GC(24733)       Update Derived Pointers (ms):  Min:  0.0, Avg:  0.0, Max:  0.0, Diff:  0.0, Sum:  0.0, Workers: 1
[2025-05-12T23:25:32.769+0300][1042.749s][36520] GC(24733)       Eagerly Reclaim Humongous Objects (ms): skipped
[2025-05-12T23:25:32.769+0300][1042.749s][36520] GC(24733)         Humongous Total                skipped
[2025-05-12T23:25:32.769+0300][1042.749s][36520] GC(24733)         Humongous Candidates           skipped
[2025-05-12T23:25:32.769+0300][1042.749s][36520] GC(24733)         Humongous Reclaimed            skipped
[2025-05-12T23:25:32.769+0300][1042.749s][36520] GC(24733)       Redirty Logged Cards (ms):     Min:  0.0, Avg:  0.0, Max:  0.0, Diff:  0.0, Sum:  0.0, Workers: 2
[2025-05-12T23:25:32.769+0300][1042.749s][36520] GC(24733)         Redirtied Cards:               Min: 0, Avg:  0.0, Max: 0, Diff: 0, Sum: 0, Workers: 2
[2025-05-12T23:25:32.769+0300][1042.749s][36520] GC(24733)       Resize TLABs (ms):             Min:  0.0, Avg:  0.0, Max:  0.0, Diff:  0.0, Sum:  0.0, Workers: 2
[2025-05-12T23:25:32.769+0300][1042.749s][36520] GC(24733)       Free Collection Set (ms):      Min:  0.0, Avg:  0.0, Max:  0.0, Diff:  0.0, Sum:  0.0, Workers: 2
[2025-05-12T23:25:32.769+0300][1042.749s][36520] GC(24733)     Rebuild Free List: 0.1ms
[2025-05-12T23:25:32.769+0300][1042.749s][36520] GC(24733)     Prepare For Mutator: 0.1ms
[2025-05-12T23:25:32.769+0300][1042.749s][36520] GC(24733)     Expand Heap After Collection: 0.0ms
[2025-05-12T23:25:32.769+0300][1042.749s][36520] GC(24733)   Other: 0.2ms
[2025-05-12T23:25:32.769+0300][1042.749s][36520] GC(24733) Coarsening (recent): Inline->AoC 0 (0) AoC->Howl 0 (0) Howl->Full 0 (0) Inline->AoC 0 (0) AoC->BitMap 0 (0) BitMap->Full 0 (0) 
[2025-05-12T23:25:32.769+0300][1042.749s][36520] GC(24733) Coarsening (all): Inline->AoC 10920 (0) AoC->Howl 7731 (0) Howl->Full 0 (0) Inline->AoC 10809 (0) AoC->BitMap 7399 (0) BitMap->Full 0 (0) 
[2025-05-12T23:25:32.769+0300][1042.749s][36520] GC(24733) Eden regions: 1->0(0)
[2025-05-12T23:25:32.769+0300][1042.749s][36520] GC(24733) Survivor regions: 0->0(0)
[2025-05-12T23:25:32.769+0300][1042.749s][36520] GC(24733) Old regions: 11->12
[2025-05-12T23:25:32.769+0300][1042.749s][36520] GC(24733) Humongous regions: 0->0
[2025-05-12T23:25:32.769+0300][1042.749s][36520] GC(24733) Metaspace: 10759K(12736K)->10759K(12736K) NonClass: 9683K(11328K)->9683K(11328K) Class: 1076K(1408K)->1076K(1408K)
[2025-05-12T23:25:32.769+0300][1042.749s][36520] GC(24733) Heap after GC invocations=21192 (full 7102):
[2025-05-12T23:25:32.769+0300][1042.749s][36520] GC(24733)  garbage-first heap   total 12288K, used 12236K [0x00000000ff400000, 0x0000000100000000)
[2025-05-12T23:25:32.769+0300][1042.749s][36520] GC(24733)   region size 1024K, 0 young (0K), 0 survivors (0K)
[2025-05-12T23:25:32.769+0300][1042.749s][36520] GC(24733)  Metaspace       used 10759K, committed 12736K, reserved 1114112K
[2025-05-12T23:25:32.769+0300][1042.749s][36520] GC(24733)   class space    used 1076K, committed 1408K, reserved 1048576K
[2025-05-12T23:25:32.769+0300][1042.749s][36520] GC(24733) Pause Young (Normal) (G1 Evacuation Pause) (Evacuation Failure) 11M->11M(12M) 2.762ms
[2025-05-12T23:25:32.769+0300][1042.749s][36520] GC(24733) User=0.00s Sys=0.00s Real=0.00s
[2025-05-12T23:25:32.769+0300][1042.749s][36520] Attempt heap expansion (allocation request failed). Allocation request: 2048B
[2025-05-12T23:25:32.769+0300][1042.749s][36520] Expand the heap. requested expansion amount: 1048576B expansion amount: 1048576B
[2025-05-12T23:25:32.769+0300][1042.749s][36520] Did not expand the heap (heap already fully expanded)
[2025-05-12T23:25:32.769+0300][1042.749s][36520] Attempting full compaction
[2025-05-12T23:25:32.769+0300][1042.749s][36520] GC(24734) Pause Full (G1 Compaction Pause)
[2025-05-12T23:25:32.769+0300][1042.749s][36520] GC(24734) Heap before GC invocations=21192 (full 7102):
[2025-05-12T23:25:32.769+0300][1042.749s][36520] GC(24734)  garbage-first heap   total 12288K, used 12236K [0x00000000ff400000, 0x0000000100000000)
[2025-05-12T23:25:32.769+0300][1042.749s][36520] GC(24734)   region size 1024K, 0 young (0K), 0 survivors (0K)
[2025-05-12T23:25:32.770+0300][1042.749s][36520] GC(24734)  Metaspace       used 10759K, committed 12736K, reserved 1114112K
[2025-05-12T23:25:32.770+0300][1042.749s][36520] GC(24734)   class space    used 1076K, committed 1408K, reserved 1048576K
[2025-05-12T23:25:32.770+0300][1042.749s][36520] GC(24734) Requesting 1 active workers for full compaction (waste limited workers: 1, adaptive workers: 2, used limited workers: 12)
[2025-05-12T23:25:32.770+0300][1042.749s][36520] GC(24734) Using 1 workers of 10 for full compaction
[2025-05-12T23:25:32.770+0300][1042.749s][36520] GC(24734) Mutator Allocation stats, regions: 0, wasted size: 0B ( 0.0%)
[2025-05-12T23:25:32.770+0300][1042.749s][36520] GC(24734) Phase 1: Mark live objects
[2025-05-12T23:25:32.778+0300][1042.756s][36520] GC(24734) Phase 1: Reference Processing
[2025-05-12T23:25:32.778+0300][1042.756s][36520] GC(24734) ReferenceProcessor::execute queues: 1, RefProcThreadModel::Single, marks_oops_alive: false
[2025-05-12T23:25:32.778+0300][1042.756s][36520] GC(24734) Skipped KeepAliveFinalRefsPhase of Reference Processing: no references
[2025-05-12T23:25:32.778+0300][1042.756s][36520] GC(24734) ReferenceProcessor::execute queues: 1, RefProcThreadModel::Single, marks_oops_alive: false
[2025-05-12T23:25:32.778+0300][1042.756s][36520] GC(24734) Reference Processing: 0.0ms
[2025-05-12T23:25:32.778+0300][1042.756s][36520] GC(24734)   Notify Soft/WeakReferences: 0.0ms
[2025-05-12T23:25:32.778+0300][1042.756s][36520] GC(24734)     SoftRef: 0.0ms
[2025-05-12T23:25:32.778+0300][1042.756s][36520] GC(24734)     WeakRef: 0.0ms
[2025-05-12T23:25:32.778+0300][1042.756s][36520] GC(24734)     FinalRef: 0.0ms
[2025-05-12T23:25:32.778+0300][1042.756s][36520] GC(24734)     Total: 0.0ms
[2025-05-12T23:25:32.778+0300][1042.756s][36520] GC(24734)   Notify and keep alive finalizable: 0.0ms
[2025-05-12T23:25:32.778+0300][1042.756s][36520] GC(24734)     FinalRef: skipped
[2025-05-12T23:25:32.778+0300][1042.756s][36520] GC(24734)   Notify PhantomReferences: 0.0ms
[2025-05-12T23:25:32.778+0300][1042.756s][36520] GC(24734)     PhantomRef: 0.0ms
[2025-05-12T23:25:32.778+0300][1042.756s][36520] GC(24734)   SoftReference Discovered: 46, Dropped: 4, Processed: 42
[2025-05-12T23:25:32.778+0300][1042.756s][36520] GC(24734)   WeakReference Discovered: 34, Dropped: 13, Processed: 21
[2025-05-12T23:25:32.778+0300][1042.756s][36520] GC(24734)   FinalReference Discovered: 0, Dropped: 0, Processed: 0
[2025-05-12T23:25:32.778+0300][1042.756s][36520] GC(24734)   PhantomReference Discovered: 23, Dropped: 23, Processed: 0
[2025-05-12T23:25:32.778+0300][1042.756s][36520] GC(24734) Phase 1: Reference Processing 0.204ms
[2025-05-12T23:25:32.778+0300][1042.756s][36520] GC(24734) Phase 1: Weak Processing
[2025-05-12T23:25:32.778+0300][1042.757s][36520] GC(24734)   VM Weak                        Min:  0.0, Avg:  0.0, Max:  0.0, Diff:  0.0, Sum:  0.0, Workers: 10
[2025-05-12T23:25:32.778+0300][1042.757s][36520] GC(24734)     Dead                           Min: 0, Avg:  2.1, Max: 21, Diff: 21, Sum: 21, Workers: 10
[2025-05-12T23:25:32.778+0300][1042.757s][36520] GC(24734)     Total                          Min: 0, Avg:  6.7, Max: 64, Diff: 64, Sum: 67, Workers: 10
[2025-05-12T23:25:32.778+0300][1042.757s][36520] GC(24734)   ObjectSynchronizer Weak        Min:  0.0, Avg:  0.0, Max:  0.0, Diff:  0.0, Sum:  0.0, Workers: 10
[2025-05-12T23:25:32.778+0300][1042.757s][36520] GC(24734)     Dead                           Min: 0, Avg:  0.0, Max: 0, Diff: 0, Sum: 0, Workers: 10
[2025-05-12T23:25:32.778+0300][1042.757s][36520] GC(24734)     Total                          Min: 0, Avg:  0.1, Max: 1, Diff: 1, Sum: 1, Workers: 10
[2025-05-12T23:25:32.778+0300][1042.757s][36520] GC(24734)   JVMTI Tag Weak OopStorage      Min:  0.0, Avg:  0.1, Max:  0.1, Diff:  0.0, Sum:  0.6, Workers: 10
[2025-05-12T23:25:32.778+0300][1042.757s][36520] GC(24734)     Dead                           Min: 0, Avg:  2.1, Max: 21, Diff: 21, Sum: 21, Workers: 10
[2025-05-12T23:25:32.778+0300][1042.757s][36520] GC(24734)     Total                          Min: 1900, Avg: 6289.9, Max: 8470, Diff: 6570, Sum: 62899, Workers: 10
[2025-05-12T23:25:32.778+0300][1042.757s][36520] GC(24734)   StringTable Weak               Min:  0.0, Avg:  0.0, Max:  0.0, Diff:  0.0, Sum:  0.3, Workers: 10
[2025-05-12T23:25:32.778+0300][1042.757s][36520] GC(24734)     Dead                           Min: 0, Avg: 14.1, Max: 51, Diff: 51, Sum: 141, Workers: 10
[2025-05-12T23:25:32.778+0300][1042.757s][36520] GC(24734)     Total                          Min: 640, Avg: 3952.9, Max: 4799, Diff: 4159, Sum: 39529, Workers: 10
[2025-05-12T23:25:32.778+0300][1042.757s][36520] GC(24734)   ResolvedMethodTable Weak       Min:  0.0, Avg:  0.0, Max:  0.0, Diff:  0.0, Sum:  0.0, Workers: 10
[2025-05-12T23:25:32.778+0300][1042.757s][36520] GC(24734)     Dead                           Min: 0, Avg:  5.2, Max: 22, Diff: 22, Sum: 52, Workers: 10
[2025-05-12T23:25:32.778+0300][1042.757s][36520] GC(24734)     Total                          Min: 0, Avg: 51.8, Max: 127, Diff: 127, Sum: 518, Workers: 10
[2025-05-12T23:25:32.778+0300][1042.757s][36520] GC(24734)   JNI Weak                       Min:  0.0, Avg:  0.0, Max:  0.0, Diff:  0.0, Sum:  0.0, Workers: 10
[2025-05-12T23:25:32.778+0300][1042.757s][36520] GC(24734)     Dead                           Min: 0, Avg:  0.0, Max: 0, Diff: 0, Sum: 0, Workers: 10
[2025-05-12T23:25:32.778+0300][1042.757s][36520] GC(24734)     Total                          Min: 0, Avg:  1.1, Max: 11, Diff: 11, Sum: 11, Workers: 10
[2025-05-12T23:25:32.778+0300][1042.757s][36520] GC(24734)   StringDedup Table Weak         Min:  0.0, Avg:  0.0, Max:  0.0, Diff:  0.0, Sum:  0.0, Workers: 10
[2025-05-12T23:25:32.778+0300][1042.757s][36520] GC(24734)     Dead                           Min: 0, Avg:  0.0, Max: 0, Diff: 0, Sum: 0, Workers: 10
[2025-05-12T23:25:32.778+0300][1042.757s][36520] GC(24734)     Total                          Min: 0, Avg:  0.0, Max: 0, Diff: 0, Sum: 0, Workers: 10
[2025-05-12T23:25:32.778+0300][1042.757s][36520] GC(24734)   StringDedup Requests0 Weak     Min:  0.0, Avg:  0.0, Max:  0.0, Diff:  0.0, Sum:  0.0, Workers: 10
[2025-05-12T23:25:32.778+0300][1042.757s][36520] GC(24734)     Dead                           Min: 0, Avg:  0.0, Max: 0, Diff: 0, Sum: 0, Workers: 10
[2025-05-12T23:25:32.778+0300][1042.757s][36520] GC(24734)     Total                          Min: 0, Avg:  0.0, Max: 0, Diff: 0, Sum: 0, Workers: 10
[2025-05-12T23:25:32.778+0300][1042.757s][36520] GC(24734)   StringDedup Requests1 Weak     Min:  0.0, Avg:  0.0, Max:  0.0, Diff:  0.0, Sum:  0.0, Workers: 10
[2025-05-12T23:25:32.778+0300][1042.757s][36520] GC(24734)     Dead                           Min: 0, Avg:  0.0, Max: 0, Diff: 0, Sum: 0, Workers: 10
[2025-05-12T23:25:32.778+0300][1042.757s][36520] GC(24734)     Total                          Min: 0, Avg:  0.0, Max: 0, Diff: 0, Sum: 0, Workers: 10
[2025-05-12T23:25:32.778+0300][1042.757s][36520] GC(24734)   Weak JFR Old Object Samples    Min:  0.0, Avg:  0.0, Max:  0.0, Diff:  0.0, Sum:  0.0, Workers: 10
[2025-05-12T23:25:32.778+0300][1042.757s][36520] GC(24734)     Dead                           Min: 0, Avg:  0.0, Max: 0, Diff: 0, Sum: 0, Workers: 10
[2025-05-12T23:25:32.778+0300][1042.757s][36520] GC(24734)     Total                          Min: 0, Avg:  0.0, Max: 0, Diff: 0, Sum: 0, Workers: 10
[2025-05-12T23:25:32.778+0300][1042.757s][36520] GC(24734) Phase 1: Weak Processing 0.479ms
[2025-05-12T23:25:32.778+0300][1042.757s][36520] GC(24734) Phase 1: Class Unloading and Cleanup
[2025-05-12T23:25:32.778+0300][1042.757s][36520] GC(24734) ClassLoaderData
[2025-05-12T23:25:32.778+0300][1042.757s][36520] GC(24734) ClassLoaderData 0.065ms
[2025-05-12T23:25:32.778+0300][1042.757s][36520] GC(24734) Trigger cleanups
[2025-05-12T23:25:32.778+0300][1042.757s][36520] GC(24734) Trigger cleanups 0.009ms
[2025-05-12T23:25:32.782+0300][1042.761s][36520] GC(24734) Phase 1: Class Unloading and Cleanup 3.721ms
[2025-05-12T23:25:32.782+0300][1042.761s][36520] GC(24734) Report Object Count
[2025-05-12T23:25:32.782+0300][1042.761s][36520] GC(24734) Report Object Count 0.011ms
[2025-05-12T23:25:32.782+0300][1042.761s][36520] GC(24734) Phase 1: Mark live objects 11.522ms
[2025-05-12T23:25:32.782+0300][1042.761s][36520] GC(24734) Phase 2: Prepare compaction
[2025-05-12T23:25:32.782+0300][1042.761s][36520] GC(24734) Phase 2: Determine work lists
[2025-05-12T23:25:32.782+0300][1042.761s][36520] GC(24734) Phase 2: Determine work lists 0.010ms
[2025-05-12T23:25:32.782+0300][1042.761s][36520] GC(24734) Phase 2: Prepare parallel compaction
[2025-05-12T23:25:32.782+0300][1042.761s][36520] GC(24734) Phase 2: Prepare parallel compaction 0.225ms
[2025-05-12T23:25:32.782+0300][1042.761s][36520] GC(24734) Phase 2: Prepare compaction 0.270ms
[2025-05-12T23:25:32.782+0300][1042.761s][36520] GC(24734) Phase 3: Adjust pointers
[2025-05-12T23:25:32.786+0300][1042.765s][36520] GC(24734) Phase 3: Adjust pointers 4.037ms
[2025-05-12T23:25:32.786+0300][1042.765s][36520] GC(24734) Phase 4: Compact heap
[2025-05-12T23:25:32.786+0300][1042.765s][36520] GC(24734) Phase 4: Compact heap 0.117ms
[2025-05-12T23:25:32.786+0300][1042.765s][36520] GC(24734) Phase 5: Reset Metadata
[2025-05-12T23:25:32.788+0300][1042.767s][36520] GC(24734) Phase 5: Reset Metadata 1.629ms
[2025-05-12T23:25:32.788+0300][1042.767s][36520] GC(24734) Running G1 Clear Bitmap with 1 workers for 1 work units.
[2025-05-12T23:25:32.789+0300][1042.769s][36520] GC(24734) Request concurrent cycle initiation (occupancy higher than threshold) occupancy: 11534336B allocation request: 0B threshold: 3685590B (29.29) source: end of Full GC
[2025-05-12T23:25:32.789+0300][1042.769s][36520] Old generation allocation in the last mutator period, old gen allocated: 0B, humongous allocated: 0B, old gen growth: 0B.
[2025-05-12T23:25:32.790+0300][1042.769s][36520] GC(24734) Coarsening (recent): Inline->AoC 0 (0) AoC->Howl 0 (0) Howl->Full 0 (0) Inline->AoC 0 (0) AoC->BitMap 0 (0) BitMap->Full 0 (0) 
[2025-05-12T23:25:32.790+0300][1042.769s][36520] GC(24734) Coarsening (all): Inline->AoC 10920 (0) AoC->Howl 7731 (0) Howl->Full 0 (0) Inline->AoC 10809 (0) AoC->BitMap 7399 (0) BitMap->Full 0 (0) 
[2025-05-12T23:25:32.790+0300][1042.769s][36520] GC(24734) Eden regions: 0->0(1)
[2025-05-12T23:25:32.790+0300][1042.769s][36520] GC(24734) Survivor regions: 0->0(0)
[2025-05-12T23:25:32.790+0300][1042.769s][36520] GC(24734) Old regions: 12->11
[2025-05-12T23:25:32.790+0300][1042.769s][36520] GC(24734) Humongous regions: 0->0
[2025-05-12T23:25:32.790+0300][1042.769s][36520] GC(24734) Metaspace: 10759K(12736K)->10716K(12736K) NonClass: 9683K(11328K)->9652K(11328K) Class: 1076K(1408K)->1064K(1408K)
[2025-05-12T23:25:32.790+0300][1042.769s][36520] GC(24734) Heap after GC invocations=21193 (full 7103):
[2025-05-12T23:25:32.790+0300][1042.769s][36520] GC(24734)  garbage-first heap   total 12288K, used 11170K [0x00000000ff400000, 0x0000000100000000)
[2025-05-12T23:25:32.790+0300][1042.769s][36520] GC(24734)   region size 1024K, 0 young (0K), 0 survivors (0K)
[2025-05-12T23:25:32.790+0300][1042.769s][36520] GC(24734)  Metaspace       used 10716K, committed 12736K, reserved 1114112K
[2025-05-12T23:25:32.790+0300][1042.769s][36520] GC(24734)   class space    used 1064K, committed 1408K, reserved 1048576K
[2025-05-12T23:25:32.790+0300][1042.769s][36520] GC(24734) Pause Full (G1 Compaction Pause) 11M->10M(12M) 19.832ms
[2025-05-12T23:25:32.790+0300][1042.769s][36520] GC(24734) User=0.02s Sys=0.00s Real=0.02s
[2025-05-12T23:25:32.790+0300][1042.769s][9340 ] G1 Service Thread (Card Set Free Memory Task) (run: 21.263ms) (cpu: 0.000ms)
[2025-05-12T23:25:32.799+0300][1042.777s][9340 ] G1 Service Thread (Periodic GC Task) (run 0.832ms after schedule)
[2025-05-12T23:25:32.799+0300][1042.777s][9340 ] G1 Service Thread (Periodic GC Task) (run: 0.046ms) (cpu: 0.000ms)
[2025-05-12T23:25:32.807+0300][1042.786s][36520] GC(24735) Initiate concurrent cycle (concurrent cycle initiation requested)
[2025-05-12T23:25:32.807+0300][1042.786s][36520] GC(24735) Pause Young (Concurrent Start) (G1 Evacuation Pause)
[2025-05-12T23:25:32.807+0300][1042.786s][36520] GC(24735) Heap before GC invocations=21193 (full 7103):
[2025-05-12T23:25:32.807+0300][1042.786s][36520] GC(24735)  garbage-first heap   total 12288K, used 12194K [0x00000000ff400000, 0x0000000100000000)
[2025-05-12T23:25:32.807+0300][1042.786s][36520] GC(24735)   region size 1024K, 1 young (1024K), 0 survivors (0K)
[2025-05-12T23:25:32.807+0300][1042.786s][36520] GC(24735)  Metaspace       used 10757K, committed 12736K, reserved 1114112K
[2025-05-12T23:25:32.807+0300][1042.786s][36520] GC(24735)   class space    used 1075K, committed 1408K, reserved 1048576K
[2025-05-12T23:25:32.807+0300][1042.786s][36520] GC(24735) Using 2 workers of 10 for evacuation
[2025-05-12T23:25:32.807+0300][1042.786s][36520] GC(24735) Desired survivor size 524288 bytes, new threshold 15 (max threshold 15)
[2025-05-12T23:25:32.807+0300][1042.786s][36520] GC(24735) TLAB totals: thrds: 1  refills: 319 max: 319 slow allocs: 159 max 159 waste: 22.1% gc: 0B max: 0B slow: 191328B max: 191328B
[2025-05-12T23:25:32.807+0300][1042.786s][36520] GC(24735) Mutator refinement: 0.00ms, refined: 0, precleaned: 0, dirtied: 90
[2025-05-12T23:25:32.807+0300][1042.786s][36520] GC(24735) Concurrent refinement: 0.00ms, refined: 0, precleaned: 0, dirtied: 0
[2025-05-12T23:25:32.807+0300][1042.786s][36520] GC(24735) Total refinement: 0.00ms, refined: 0, precleaned: 0, dirtied: 90
[2025-05-12T23:25:32.807+0300][1042.786s][36520] GC(24735) Generate dirty cards rate: 5.27 cards/ms
[2025-05-12T23:25:32.807+0300][1042.786s][36520] GC(24735) Mutator Allocation stats, regions: 1, wasted size: 1368B ( 0.1%)
[2025-05-12T23:25:32.807+0300][1042.786s][36520] GC(24735) No candidates to reclaim.
[2025-05-12T23:25:32.807+0300][1042.786s][36520] GC(24735) Running G1 Merge Heap Roots using 2 workers for 1 regions
[2025-05-12T23:25:32.807+0300][1042.786s][36520] GC(24735) Visited cards 992 Total dirty 12288 (8.07%) Total old 26624 (3.73%)
[2025-05-12T23:25:32.807+0300][1042.786s][34024] GC(24735) Attempt heap expansion (region allocation request failed). Allocation request: 2064B
[2025-05-12T23:25:32.807+0300][1042.786s][34024] GC(24735) Did not expand the heap (heap already fully expanded)
[2025-05-12T23:25:32.808+0300][1042.787s][36520] GC(24735) ReferenceProcessor::execute queues: 1, RefProcThreadModel::Single, marks_oops_alive: false
[2025-05-12T23:25:32.808+0300][1042.787s][36520] GC(24735) Skipped KeepAliveFinalRefsPhase of Reference Processing: no references
[2025-05-12T23:25:32.808+0300][1042.787s][36520] GC(24735) Skipped PhantomRefsPhase of Reference Processing: no references
[2025-05-12T23:25:32.808+0300][1042.787s][36520] GC(24735) Initializing removing self forwards with 64 chunks per region
[2025-05-12T23:25:32.808+0300][1042.787s][36520] GC(24735) Running G1 Rebuild Free List Task using 2 workers for rebuilding free list of regions
[2025-05-12T23:25:32.808+0300][1042.787s][36520] GC(24735) Young PLAB allocation: allocated: 0B, wasted: 0B, unused: 0B, used: 0B, undo waste: 0B, 
[2025-05-12T23:25:32.808+0300][1042.787s][36520] GC(24735) Young other allocation: region end waste: 0B, regions filled: 0, num plab filled: 2, direct allocated: 0B, num direct allocated: 0, failure used: 0B, failure wasted: 0B
[2025-05-12T23:25:32.808+0300][1042.787s][36520] GC(24735) Young sizing: calculated: 0B, actual: 2064B
[2025-05-12T23:25:32.808+0300][1042.787s][36520] GC(24735) Old PLAB allocation: allocated: 0B, wasted: 0B, unused: 0B, used: 0B, undo waste: 0B, 
[2025-05-12T23:25:32.808+0300][1042.787s][36520] GC(24735) Old other allocation: region end waste: 0B, regions filled: 0, num plab filled: 2, direct allocated: 0B, num direct allocated: 0, failure used: 221112B, failure wasted: 827464B
[2025-05-12T23:25:32.808+0300][1042.787s][36520] GC(24735) Old sizing: calculated: 0B, actual: 2064B
[2025-05-12T23:25:32.808+0300][1042.787s][36520] GC(24735) Heap expansion: short term pause time ratio 39.01% long term pause time ratio 41.21% threshold 7.69% pause time ratio 7.69% fully expanded true resize by 0B
[2025-05-12T23:25:32.808+0300][1042.787s][9340 ] G1 Service Thread (Card Set Free Memory Task) (run 0.009ms after schedule)
[2025-05-12T23:25:32.808+0300][1042.787s][36520] GC(24735) MMU: 6.5ms (200.0ms/201.0ms)
[2025-05-12T23:25:32.808+0300][1042.787s][36520] Old generation allocation in the last mutator period, old gen allocated: 1048576B, humongous allocated: 0B, old gen growth: 1048576B.
[2025-05-12T23:25:32.808+0300][1042.787s][36520] GC(24735) Basic information (value update), threshold: 3556252B (28.26), target occupancy: 12582912B, current occupancy: 12486672B, recent allocation size: 1048576B, recent allocation duration: 17.06ms, recent old gen allocation rate: 61456804.60B/s, recent marking phase length: 120.12ms
[2025-05-12T23:25:32.808+0300][1042.787s][36520] GC(24735) Adaptive IHOP information (value update), threshold: 3556252B (33.25), internal target occupancy: 10695475B, occupancy: 12486672B, additional buffer size: 1048576B, predicted old gen allocation rate: 50468205.60B/s, predicted marking phase length: 120.68ms, prediction active: true
[2025-05-12T23:25:32.808+0300][1042.787s][36520] GC(24735) GC refinement: goal: 18446744073709551615 + 101 / 20.00ms, actual: 90 / 0.03ms, 
[2025-05-12T23:25:32.808+0300][1042.787s][36520] GC(24735) Unchanged pending cards target: 18446744073709551615
[2025-05-12T23:25:32.808+0300][1042.787s][36520] GC(24735)   Pre Evacuate Collection Set: 0.1ms
[2025-05-12T23:25:32.808+0300][1042.787s][36520] GC(24735)     Pre Evacuate Prepare: 0.1ms
[2025-05-12T23:25:32.808+0300][1042.787s][36520] GC(24735)       JT Retire TLABs And Flush Logs (ms): Min:  0.0, Avg:  0.0, Max:  0.0, Diff:  0.0, Sum:  0.0, Workers: 2
[2025-05-12T23:25:32.808+0300][1042.787s][36520] GC(24735)       Non-JT Flush Logs (ms):        Min:  0.0, Avg:  0.0, Max:  0.0, Diff:  0.0, Sum:  0.0, Workers: 1
[2025-05-12T23:25:32.808+0300][1042.787s][36520] GC(24735)     Choose Collection Set: 0.0ms
[2025-05-12T23:25:32.808+0300][1042.787s][36520] GC(24735)     Region Register: 0.1ms
[2025-05-12T23:25:32.808+0300][1042.787s][36520] GC(24735)     Prepare Heap Roots: 0.0ms
[2025-05-12T23:25:32.808+0300][1042.787s][36520] GC(24735)     Reset Marking State (ms):      Min:  0.0, Avg:  0.0, Max:  0.0, Diff:  0.0, Sum:  0.0, Workers: 1
[2025-05-12T23:25:32.808+0300][1042.787s][36520] GC(24735)     Note Start Of Mark (ms):       Min:  0.0, Avg:  0.0, Max:  0.0, Diff:  0.0, Sum:  0.0, Workers: 2
[2025-05-12T23:25:32.808+0300][1042.787s][36520] GC(24735)   Merge Heap Roots: 0.1ms
[2025-05-12T23:25:32.808+0300][1042.787s][36520] GC(24735)     Prepare Merge Heap Roots: 0.0ms
[2025-05-12T23:25:32.808+0300][1042.787s][36520] GC(24735)     Remembered Sets (ms):          Min:  0.0, Avg:  0.0, Max:  0.0, Diff:  0.0, Sum:  0.0, Workers: 2
[2025-05-12T23:25:32.808+0300][1042.787s][36520] GC(24735)       Eager Reclaim (ms):            skipped
[2025-05-12T23:25:32.808+0300][1042.787s][36520] GC(24735)       Merged Inline                  Min: 0, Avg:  0.0, Max: 0, Diff: 0, Sum: 0, Workers: 2
[2025-05-12T23:25:32.808+0300][1042.787s][36520] GC(24735)       Merged ArrayOfCards            Min: 0, Avg:  0.0, Max: 0, Diff: 0, Sum: 0, Workers: 2
[2025-05-12T23:25:32.808+0300][1042.787s][36520] GC(24735)       Merged Howl                    Min: 0, Avg:  0.0, Max: 0, Diff: 0, Sum: 0, Workers: 2
[2025-05-12T23:25:32.808+0300][1042.787s][36520] GC(24735)       Merged Full                    Min: 0, Avg:  0.0, Max: 0, Diff: 0, Sum: 0, Workers: 2
[2025-05-12T23:25:32.808+0300][1042.787s][36520] GC(24735)       Merged Howl Inline             Min: 0, Avg:  0.0, Max: 0, Diff: 0, Sum: 0, Workers: 2
[2025-05-12T23:25:32.808+0300][1042.787s][36520] GC(24735)       Merged Howl ArrayOfCards       Min: 0, Avg:  0.0, Max: 0, Diff: 0, Sum: 0, Workers: 2
[2025-05-12T23:25:32.808+0300][1042.787s][36520] GC(24735)       Merged Howl BitMap             Min: 0, Avg:  0.0, Max: 0, Diff: 0, Sum: 0, Workers: 2
[2025-05-12T23:25:32.808+0300][1042.787s][36520] GC(24735)       Merged Howl Full               Min: 0, Avg:  0.0, Max: 0, Diff: 0, Sum: 0, Workers: 2
[2025-05-12T23:25:32.808+0300][1042.787s][36520] GC(24735)       Merged Cards                   Min: 8, Avg:  8.0, Max: 8, Diff: 0, Sum: 16, Workers: 2
[2025-05-12T23:25:32.808+0300][1042.787s][36520] GC(24735)     Log Buffers (ms):              Min:  0.0, Avg:  0.0, Max:  0.0, Diff:  0.0, Sum:  0.0, Workers: 2
[2025-05-12T23:25:32.808+0300][1042.787s][36520] GC(24735)       Dirty Cards:                   Min: 0, Avg: 45.0, Max: 90, Diff: 90, Sum: 90, Workers: 2
[2025-05-12T23:25:32.808+0300][1042.787s][36520] GC(24735)       Skipped Cards:                 Min: 0, Avg:  0.0, Max: 0, Diff: 0, Sum: 0, Workers: 2
[2025-05-12T23:25:32.808+0300][1042.787s][36520] GC(24735)   Evacuate Collection Set: 0.4ms
[2025-05-12T23:25:32.808+0300][1042.787s][36520] GC(24735)     Ext Root Scanning (ms):        Min:  0.1, Avg:  0.2, Max:  0.2, Diff:  0.0, Sum:  0.3, Workers: 2
[2025-05-12T23:25:32.808+0300][1042.787s][36520] GC(24735)     Scan Heap Roots (ms):          Min:  0.0, Avg:  0.0, Max:  0.0, Diff:  0.0, Sum:  0.1, Workers: 2
[2025-05-12T23:25:32.808+0300][1042.787s][36520] GC(24735)       Scanned Cards:                 Min: 41, Avg: 45.0, Max: 49, Diff: 8, Sum: 90, Workers: 2
[2025-05-12T23:25:32.808+0300][1042.787s][36520] GC(24735)       Scanned Blocks:                Min: 21, Avg: 29.5, Max: 38, Diff: 17, Sum: 59, Workers: 2
[2025-05-12T23:25:32.808+0300][1042.787s][36520] GC(24735)       Claimed Chunks:                Min: 13, Avg: 15.5, Max: 18, Diff: 5, Sum: 31, Workers: 2
[2025-05-12T23:25:32.808+0300][1042.787s][36520] GC(24735)       Found Roots:                   Min: 50, Avg: 58.0, Max: 66, Diff: 16, Sum: 116, Workers: 2
[2025-05-12T23:25:32.808+0300][1042.787s][36520] GC(24735)     Code Root Scan (ms):           Min:  0.0, Avg:  0.0, Max:  0.0, Diff:  0.0, Sum:  0.0, Workers: 2
[2025-05-12T23:25:32.808+0300][1042.787s][36520] GC(24735)     Object Copy (ms):              Min:  0.2, Avg:  0.2, Max:  0.2, Diff:  0.1, Sum:  0.4, Workers: 2
[2025-05-12T23:25:32.808+0300][1042.787s][36520] GC(24735)     Termination (ms):              Min:  0.0, Avg:  0.0, Max:  0.0, Diff:  0.0, Sum:  0.0, Workers: 2
[2025-05-12T23:25:32.809+0300][1042.787s][36520] GC(24735)       Termination Attempts:          Min: 1, Avg:  1.0, Max: 1, Diff: 0, Sum: 2, Workers: 2
[2025-05-12T23:25:32.809+0300][1042.787s][36520] GC(24735)     GC Worker Other (ms):          Min:  0.0, Avg:  0.0, Max:  0.0, Diff:  0.0, Sum:  0.0, Workers: 2
[2025-05-12T23:25:32.809+0300][1042.788s][36520] GC(24735)     GC Worker Total (ms):          Min:  0.4, Avg:  0.4, Max:  0.4, Diff:  0.0, Sum:  0.8, Workers: 2
[2025-05-12T23:25:32.809+0300][1042.788s][36520] GC(24735)   Post Evacuate Collection Set: 0.5ms
[2025-05-12T23:25:32.809+0300][1042.788s][36520] GC(24735)     NMethod List Cleanup: 0.0ms
[2025-05-12T23:25:32.809+0300][1042.788s][36520] GC(24735)     Reference Processing: 0.0ms
[2025-05-12T23:25:32.809+0300][1042.788s][36520] GC(24735)       Notify Soft/WeakReferences: 0.0ms
[2025-05-12T23:25:32.809+0300][1042.788s][36520] GC(24735)         SoftRef (ms):                  Min:  0.0, Avg:  0.0, Max:  0.0, Diff:  0.0, Sum:  0.0, Workers: 1
[2025-05-12T23:25:32.809+0300][1042.788s][36520] GC(24735)         WeakRef (ms):                  Min:  0.0, Avg:  0.0, Max:  0.0, Diff:  0.0, Sum:  0.0, Workers: 1
[2025-05-12T23:25:32.809+0300][1042.788s][36520] GC(24735)         FinalRef (ms):                 Min:  0.0, Avg:  0.0, Max:  0.0, Diff:  0.0, Sum:  0.0, Workers: 1
[2025-05-12T23:25:32.809+0300][1042.788s][36520] GC(24735)         Total (ms):                    Min:  0.0, Avg:  0.0, Max:  0.0, Diff:  0.0, Sum:  0.0, Workers: 1
[2025-05-12T23:25:32.809+0300][1042.788s][36520] GC(24735)       Notify and keep alive finalizable: 0.0ms
[2025-05-12T23:25:32.809+0300][1042.788s][36520] GC(24735)         FinalRef (ms):                 skipped
[2025-05-12T23:25:32.809+0300][1042.788s][36520] GC(24735)       Notify PhantomReferences: 0.0ms
[2025-05-12T23:25:32.809+0300][1042.788s][36520] GC(24735)         PhantomRef (ms):               skipped
[2025-05-12T23:25:32.809+0300][1042.788s][36520] GC(24735)       SoftReference Discovered: 0, Dropped: 0, Processed: 0
[2025-05-12T23:25:32.809+0300][1042.788s][36520] GC(24735)       WeakReference Discovered: 38, Dropped: 15, Processed: 23
[2025-05-12T23:25:32.809+0300][1042.788s][36520] GC(24735)       FinalReference Discovered: 0, Dropped: 0, Processed: 0
[2025-05-12T23:25:32.809+0300][1042.788s][36520] GC(24735)       PhantomReference Discovered: 0, Dropped: 0, Processed: 0
[2025-05-12T23:25:32.809+0300][1042.788s][36520] GC(24735)     Weak Processing: 0.1ms
[2025-05-12T23:25:32.809+0300][1042.788s][36520] GC(24735)       VM Weak                        Min:  0.0, Avg:  0.0, Max:  0.0, Diff:  0.0, Sum:  0.0, Workers: 10
[2025-05-12T23:25:32.809+0300][1042.788s][36520] GC(24735)         Dead                           Min: 0, Avg:  0.0, Max: 0, Diff: 0, Sum: 0, Workers: 10
[2025-05-12T23:25:32.809+0300][1042.788s][36520] GC(24735)         Total                          Min: 0, Avg:  6.6, Max: 65, Diff: 65, Sum: 66, Workers: 10
[2025-05-12T23:25:32.809+0300][1042.788s][36520] GC(24735)       ObjectSynchronizer Weak        Min:  0.0, Avg:  0.0, Max:  0.0, Diff:  0.0, Sum:  0.0, Workers: 10
[2025-05-12T23:25:32.809+0300][1042.788s][36520] GC(24735)         Dead                           Min: 0, Avg:  0.0, Max: 0, Diff: 0, Sum: 0, Workers: 10
[2025-05-12T23:25:32.809+0300][1042.788s][36520] GC(24735)         Total                          Min: 0, Avg:  0.1, Max: 1, Diff: 1, Sum: 1, Workers: 10
[2025-05-12T23:25:32.809+0300][1042.788s][36520] GC(24735)       JVMTI Tag Weak OopStorage      Min:  0.0, Avg:  0.1, Max:  0.1, Diff:  0.0, Sum:  0.6, Workers: 10
[2025-05-12T23:25:32.809+0300][1042.788s][36520] GC(24735)         Dead                           Min: 0, Avg:  0.0, Max: 0, Diff: 0, Sum: 0, Workers: 10
[2025-05-12T23:25:32.809+0300][1042.788s][36520] GC(24735)         Total                          Min: 3592, Avg: 6289.8, Max: 7243, Diff: 3651, Sum: 62898, Workers: 10
[2025-05-12T23:25:32.809+0300][1042.788s][36520] GC(24735)       StringTable Weak               Min:  0.0, Avg:  0.0, Max:  0.0, Diff:  0.0, Sum:  0.2, Workers: 10
[2025-05-12T23:25:32.809+0300][1042.788s][36520] GC(24735)         Dead                           Min: 0, Avg:  0.0, Max: 0, Diff: 0, Sum: 0, Workers: 10
[2025-05-12T23:25:32.809+0300][1042.788s][36520] GC(24735)         Total                          Min: 3456, Avg: 3952.9, Max: 4224, Diff: 768, Sum: 39529, Workers: 10
[2025-05-12T23:25:32.809+0300][1042.788s][36520] GC(24735)       ResolvedMethodTable Weak       Min:  0.0, Avg:  0.0, Max:  0.0, Diff:  0.0, Sum:  0.0, Workers: 10
[2025-05-12T23:25:32.809+0300][1042.788s][36520] GC(24735)         Dead                           Min: 0, Avg:  0.0, Max: 0, Diff: 0, Sum: 0, Workers: 10
[2025-05-12T23:25:32.809+0300][1042.788s][36520] GC(24735)         Total                          Min: 0, Avg: 53.6, Max: 128, Diff: 128, Sum: 536, Workers: 10
[2025-05-12T23:25:32.809+0300][1042.788s][36520] GC(24735)       JNI Weak                       Min:  0.0, Avg:  0.0, Max:  0.0, Diff:  0.0, Sum:  0.0, Workers: 10
[2025-05-12T23:25:32.809+0300][1042.788s][36520] GC(24735)         Dead                           Min: 0, Avg:  0.0, Max: 0, Diff: 0, Sum: 0, Workers: 10
[2025-05-12T23:25:32.809+0300][1042.788s][36520] GC(24735)         Total                          Min: 0, Avg:  1.1, Max: 11, Diff: 11, Sum: 11, Workers: 10
[2025-05-12T23:25:32.809+0300][1042.788s][36520] GC(24735)       StringDedup Table Weak         Min:  0.0, Avg:  0.0, Max:  0.0, Diff:  0.0, Sum:  0.0, Workers: 10
[2025-05-12T23:25:32.809+0300][1042.788s][36520] GC(24735)         Dead                           Min: 0, Avg:  0.0, Max: 0, Diff: 0, Sum: 0, Workers: 10
[2025-05-12T23:25:32.809+0300][1042.788s][36520] GC(24735)         Total                          Min: 0, Avg:  0.0, Max: 0, Diff: 0, Sum: 0, Workers: 10
[2025-05-12T23:25:32.809+0300][1042.788s][36520] GC(24735)       StringDedup Requests0 Weak     Min:  0.0, Avg:  0.0, Max:  0.0, Diff:  0.0, Sum:  0.0, Workers: 10
[2025-05-12T23:25:32.809+0300][1042.788s][36520] GC(24735)         Dead                           Min: 0, Avg:  0.0, Max: 0, Diff: 0, Sum: 0, Workers: 10
[2025-05-12T23:25:32.809+0300][1042.788s][36520] GC(24735)         Total                          Min: 0, Avg:  0.0, Max: 0, Diff: 0, Sum: 0, Workers: 10
[2025-05-12T23:25:32.809+0300][1042.788s][36520] GC(24735)       StringDedup Requests1 Weak     Min:  0.0, Avg:  0.0, Max:  0.0, Diff:  0.0, Sum:  0.0, Workers: 10
[2025-05-12T23:25:32.809+0300][1042.788s][36520] GC(24735)         Dead                           Min: 0, Avg:  0.0, Max: 0, Diff: 0, Sum: 0, Workers: 10
[2025-05-12T23:25:32.809+0300][1042.788s][36520] GC(24735)         Total                          Min: 0, Avg:  0.0, Max: 0, Diff: 0, Sum: 0, Workers: 10
[2025-05-12T23:25:32.809+0300][1042.788s][36520] GC(24735)       Weak JFR Old Object Samples    Min:  0.0, Avg:  0.0, Max:  0.0, Diff:  0.0, Sum:  0.0, Workers: 10
[2025-05-12T23:25:32.809+0300][1042.788s][36520] GC(24735)         Dead                           Min: 0, Avg:  0.0, Max: 0, Diff: 0, Sum: 0, Workers: 10
[2025-05-12T23:25:32.809+0300][1042.788s][36520] GC(24735)         Total                          Min: 0, Avg:  0.0, Max: 0, Diff: 0, Sum: 0, Workers: 10
[2025-05-12T23:25:32.809+0300][1042.788s][36520] GC(24735)     Post Evacuate Cleanup 1: 0.1ms
[2025-05-12T23:25:32.809+0300][1042.788s][36520] GC(24735)       Merge Per-Thread State (ms):   Min:  0.0, Avg:  0.0, Max:  0.0, Diff:  0.0, Sum:  0.0, Workers: 1
[2025-05-12T23:25:32.809+0300][1042.788s][36520] GC(24735)         Copied Bytes                   Min: 0, Avg:  0.0, Max: 0, Diff: 0, Sum: 0, Workers: 2
[2025-05-12T23:25:32.809+0300][1042.788s][36520] GC(24735)         LAB Waste                      Min: 0, Avg:  0.0, Max: 0, Diff: 0, Sum: 0, Workers: 2
[2025-05-12T23:25:32.809+0300][1042.788s][36520] GC(24735)         LAB Undo Waste                 Min: 0, Avg:  0.0, Max: 0, Diff: 0, Sum: 0, Workers: 2
[2025-05-12T23:25:32.809+0300][1042.788s][36520] GC(24735)       Clear Logged Cards (ms):       Min:  0.0, Avg:  0.0, Max:  0.0, Diff:  0.0, Sum:  0.0, Workers: 2
[2025-05-12T23:25:32.809+0300][1042.788s][36520] GC(24735)       Recalculate Used Memory (ms):  Min:  0.0, Avg:  0.0, Max:  0.0, Diff:  0.0, Sum:  0.0, Workers: 1
[2025-05-12T23:25:32.809+0300][1042.788s][36520] GC(24735)       Restore Retained Regions (ms): Min:  0.1, Avg:  0.1, Max:  0.1, Diff:  0.0, Sum:  0.1, Workers: 2
[2025-05-12T23:25:32.809+0300][1042.788s][36520] GC(24735)         Evacuation Failure Regions:    Min: 1, Avg:  1.0, Max: 1, Diff: 0, Sum: 1, Workers: 1
[2025-05-12T23:25:32.809+0300][1042.788s][36520] GC(24735)         Remove Self Forwards (ms):     Min:  0.1, Avg:  0.1, Max:  0.1, Diff:  0.0, Sum:  0.1, Workers: 2
[2025-05-12T23:25:32.809+0300][1042.788s][36520] GC(24735)           Forward Chunks:                Min: 27, Avg: 28.5, Max: 30, Diff: 3, Sum: 57, Workers: 2
[2025-05-12T23:25:32.809+0300][1042.788s][36520] GC(24735)           Empty Forward Chunks:          Min: 2, Avg:  3.5, Max: 5, Diff: 3, Sum: 7, Workers: 2
[2025-05-12T23:25:32.809+0300][1042.788s][36520] GC(24735)           Forward Objects:               Min: 2049, Avg: 2131.0, Max: 2213, Diff: 164, Sum: 4262, Workers: 2
[2025-05-12T23:25:32.809+0300][1042.788s][36520] GC(24735)           Forward Bytes:                 Min: 103664, Avg: 110556.0, Max: 117448, Diff: 13784, Sum: 221112, Workers: 2
[2025-05-12T23:25:32.809+0300][1042.788s][36520] GC(24735)     Post Evacuate Cleanup 2: 0.1ms
[2025-05-12T23:25:32.809+0300][1042.788s][36520] GC(24735)       Recalculate Used Memory (ms):  Min:  0.0, Avg:  0.0, Max:  0.0, Diff:  0.0, Sum:  0.0, Workers: 1
[2025-05-12T23:25:32.809+0300][1042.788s][36520] GC(24735)       Restore Preserved Marks (ms):  Min:  0.0, Avg:  0.0, Max:  0.0, Diff:  0.0, Sum:  0.0, Workers: 2
[2025-05-12T23:25:32.809+0300][1042.788s][36520] GC(24735)       Clear Retained Region Bitmaps (ms): skipped
[2025-05-12T23:25:32.809+0300][1042.788s][36520] GC(24735)       Update Derived Pointers (ms):  Min:  0.0, Avg:  0.0, Max:  0.0, Diff:  0.0, Sum:  0.0, Workers: 1
[2025-05-12T23:25:32.809+0300][1042.788s][36520] GC(24735)       Eagerly Reclaim Humongous Objects (ms): skipped
[2025-05-12T23:25:32.809+0300][1042.788s][36520] GC(24735)         Humongous Total                skipped
[2025-05-12T23:25:32.809+0300][1042.788s][36520] GC(24735)         Humongous Candidates           skipped
[2025-05-12T23:25:32.809+0300][1042.788s][36520] GC(24735)         Humongous Reclaimed            skipped
[2025-05-12T23:25:32.809+0300][1042.788s][36520] GC(24735)       Redirty Logged Cards (ms):     Min:  0.0, Avg:  0.0, Max:  0.0, Diff:  0.0, Sum:  0.0, Workers: 2
[2025-05-12T23:25:32.809+0300][1042.788s][36520] GC(24735)         Redirtied Cards:               Min: 0, Avg:  0.0, Max: 0, Diff: 0, Sum: 0, Workers: 2
[2025-05-12T23:25:32.809+0300][1042.788s][36520] GC(24735)       Resize TLABs (ms):             Min:  0.0, Avg:  0.0, Max:  0.0, Diff:  0.0, Sum:  0.0, Workers: 2
[2025-05-12T23:25:32.809+0300][1042.788s][36520] GC(24735)       Free Collection Set (ms):      Min:  0.0, Avg:  0.0, Max:  0.0, Diff:  0.0, Sum:  0.0, Workers: 2
[2025-05-12T23:25:32.809+0300][1042.788s][36520] GC(24735)     Rebuild Free List: 0.1ms
[2025-05-12T23:25:32.809+0300][1042.788s][36520] GC(24735)     Prepare For Mutator: 0.1ms
[2025-05-12T23:25:32.809+0300][1042.788s][36520] GC(24735)     Expand Heap After Collection: 0.0ms
[2025-05-12T23:25:32.809+0300][1042.788s][36520] GC(24735)   Other: 0.3ms
[2025-05-12T23:25:32.809+0300][1042.788s][36520] GC(24735) Coarsening (recent): Inline->AoC 0 (0) AoC->Howl 0 (0) Howl->Full 0 (0) Inline->AoC 0 (0) AoC->BitMap 0 (0) BitMap->Full 0 (0) 
[2025-05-12T23:25:32.809+0300][1042.788s][36520] GC(24735) Coarsening (all): Inline->AoC 10920 (0) AoC->Howl 7731 (0) Howl->Full 0 (0) Inline->AoC 10809 (0) AoC->BitMap 7399 (0) BitMap->Full 0 (0) 
[2025-05-12T23:25:32.809+0300][1042.788s][36520] GC(24735) Eden regions: 1->0(0)
[2025-05-12T23:25:32.809+0300][1042.788s][36520] GC(24735) Survivor regions: 0->0(0)
[2025-05-12T23:25:32.809+0300][1042.788s][36520] GC(24735) Old regions: 11->12
[2025-05-12T23:25:32.809+0300][1042.788s][36520] GC(24735) Humongous regions: 0->0
[2025-05-12T23:25:32.809+0300][1042.788s][36520] GC(24735) Metaspace: 10757K(12736K)->10757K(12736K) NonClass: 9682K(11328K)->9682K(11328K) Class: 1075K(1408K)->1075K(1408K)
[2025-05-12T23:25:32.809+0300][1042.788s][36520] GC(24735) Heap after GC invocations=21194 (full 7103):
[2025-05-12T23:25:32.809+0300][1042.788s][36520] GC(24735)  garbage-first heap   total 12288K, used 12194K [0x00000000ff400000, 0x0000000100000000)
[2025-05-12T23:25:32.809+0300][1042.788s][36520] GC(24735)   region size 1024K, 0 young (0K), 0 survivors (0K)
[2025-05-12T23:25:32.809+0300][1042.788s][36520] GC(24735)  Metaspace       used 10757K, committed 12736K, reserved 1114112K
[2025-05-12T23:25:32.809+0300][1042.788s][36520] GC(24735)   class space    used 1075K, committed 1408K, reserved 1048576K
[2025-05-12T23:25:32.809+0300][1042.788s][36520] GC(24735) Pause Young (Concurrent Start) (G1 Evacuation Pause) (Evacuation Failure) 11M->11M(12M) 2.714ms
[2025-05-12T23:25:32.809+0300][1042.788s][36520] GC(24735) User=0.00s Sys=0.00s Real=0.00s
[2025-05-12T23:25:32.809+0300][1042.788s][36520] Attempt heap expansion (allocation request failed). Allocation request: 2048B
[2025-05-12T23:25:32.809+0300][1042.788s][34628] GC(24736) Concurrent Mark Cycle
[2025-05-12T23:25:32.809+0300][1042.788s][36520] Expand the heap. requested expansion amount: 1048576B expansion amount: 1048576B
[2025-05-12T23:25:32.809+0300][1042.788s][34628] GC(24736) Concurrent Scan Root Regions
[2025-05-12T23:25:32.810+0300][1042.788s][36520] Did not expand the heap (heap already fully expanded)
[2025-05-12T23:25:32.810+0300][1042.788s][34628] GC(24736) Concurrent Scan Root Regions 0.035ms
[2025-05-12T23:25:32.810+0300][1042.789s][36520] Attempting full compaction
[2025-05-12T23:25:32.810+0300][1042.789s][34628] GC(24736) Concurrent Mark
[2025-05-12T23:25:32.810+0300][1042.789s][36520] GC(24737) Pause Full (G1 Compaction Pause)
[2025-05-12T23:25:32.810+0300][1042.789s][34628] GC(24736) Concurrent Mark From Roots
[2025-05-12T23:25:32.810+0300][1042.789s][36520] GC(24737) Heap before GC invocations=21194 (full 7103):
[2025-05-12T23:25:32.810+0300][1042.789s][34628] GC(24736) Using 3 workers of 3 for marking
[2025-05-12T23:25:32.810+0300][1042.789s][36520] GC(24737)  garbage-first heap   total 12288K, used 12194K [0x00000000ff400000, 0x0000000100000000)
[2025-05-12T23:25:32.810+0300][1042.789s][36520] GC(24737)   region size 1024K, 0 young (0K), 0 survivors (0K)
[2025-05-12T23:25:32.810+0300][1042.789s][36520] GC(24737)  Metaspace       used 10757K, committed 12736K, reserved 1114112K
[2025-05-12T23:25:32.810+0300][1042.789s][36520] GC(24737)   class space    used 1075K, committed 1408K, reserved 1048576K
[2025-05-12T23:25:32.810+0300][1042.789s][36520] GC(24737) Requesting 1 active workers for full compaction (waste limited workers: 1, adaptive workers: 2, used limited workers: 12)
[2025-05-12T23:25:32.810+0300][1042.789s][36520] GC(24737) Using 1 workers of 10 for full compaction
[2025-05-12T23:25:32.810+0300][1042.789s][36520] GC(24737) Clear Bitmap
[2025-05-12T23:25:32.810+0300][1042.789s][36520] GC(24737) Running G1 Clear Bitmap with 1 workers for 1 work units.
[2025-05-12T23:25:32.810+0300][1042.789s][36520] GC(24737) Clear Bitmap 0.081ms
[2025-05-12T23:25:32.810+0300][1042.789s][36520] GC(24737) Mutator Allocation stats, regions: 0, wasted size: 0B ( 0.0%)
[2025-05-12T23:25:32.810+0300][1042.789s][36520] GC(24737) Phase 1: Mark live objects
[2025-05-12T23:25:32.816+0300][1042.796s][36520] GC(24737) Phase 1: Reference Processing
[2025-05-12T23:25:32.816+0300][1042.796s][36520] GC(24737) ReferenceProcessor::execute queues: 1, RefProcThreadModel::Single, marks_oops_alive: false
[2025-05-12T23:25:32.816+0300][1042.796s][36520] GC(24737) Skipped KeepAliveFinalRefsPhase of Reference Processing: no references
[2025-05-12T23:25:32.816+0300][1042.796s][36520] GC(24737) ReferenceProcessor::execute queues: 1, RefProcThreadModel::Single, marks_oops_alive: false
[2025-05-12T23:25:32.816+0300][1042.796s][36520] GC(24737) Reference Processing: 0.0ms
[2025-05-12T23:25:32.816+0300][1042.796s][36520] GC(24737)   Notify Soft/WeakReferences: 0.0ms
[2025-05-12T23:25:32.816+0300][1042.796s][36520] GC(24737)     SoftRef: 0.0ms
[2025-05-12T23:25:32.816+0300][1042.796s][36520] GC(24737)     WeakRef: 0.0ms
[2025-05-12T23:25:32.816+0300][1042.796s][36520] GC(24737)     FinalRef: 0.0ms
[2025-05-12T23:25:32.816+0300][1042.796s][36520] GC(24737)     Total: 0.0ms
[2025-05-12T23:25:32.816+0300][1042.796s][36520] GC(24737)   Notify and keep alive finalizable: 0.0ms
[2025-05-12T23:25:32.816+0300][1042.796s][36520] GC(24737)     FinalRef: skipped
[2025-05-12T23:25:32.816+0300][1042.796s][36520] GC(24737)   Notify PhantomReferences: 0.0ms
[2025-05-12T23:25:32.816+0300][1042.796s][36520] GC(24737)     PhantomRef: 0.0ms
[2025-05-12T23:25:32.817+0300][1042.796s][36520] GC(24737)   SoftReference Discovered: 47, Dropped: 4, Processed: 43
[2025-05-12T23:25:32.817+0300][1042.796s][36520] GC(24737)   WeakReference Discovered: 32, Dropped: 13, Processed: 19
[2025-05-12T23:25:32.817+0300][1042.796s][36520] GC(24737)   FinalReference Discovered: 0, Dropped: 0, Processed: 0
[2025-05-12T23:25:32.817+0300][1042.796s][36520] GC(24737)   PhantomReference Discovered: 23, Dropped: 23, Processed: 0
[2025-05-12T23:25:32.817+0300][1042.796s][36520] GC(24737) Phase 1: Reference Processing 0.258ms
[2025-05-12T23:25:32.817+0300][1042.796s][36520] GC(24737) Phase 1: Weak Processing
[2025-05-12T23:25:32.817+0300][1042.796s][36520] GC(24737)   VM Weak                        Min:  0.0, Avg:  0.0, Max:  0.0, Diff:  0.0, Sum:  0.0, Workers: 10
[2025-05-12T23:25:32.817+0300][1042.796s][36520] GC(24737)     Dead                           Min: 0, Avg:  1.8, Max: 18, Diff: 18, Sum: 18, Workers: 10
[2025-05-12T23:25:32.817+0300][1042.796s][36520] GC(24737)     Total                          Min: 0, Avg:  6.6, Max: 40, Diff: 40, Sum: 66, Workers: 10
[2025-05-12T23:25:32.817+0300][1042.796s][36520] GC(24737)   ObjectSynchronizer Weak        Min:  0.0, Avg:  0.0, Max:  0.0, Diff:  0.0, Sum:  0.0, Workers: 10
[2025-05-12T23:25:32.817+0300][1042.796s][36520] GC(24737)     Dead                           Min: 0, Avg:  0.0, Max: 0, Diff: 0, Sum: 0, Workers: 10
[2025-05-12T23:25:32.817+0300][1042.796s][36520] GC(24737)     Total                          Min: 0, Avg:  0.1, Max: 1, Diff: 1, Sum: 1, Workers: 10
[2025-05-12T23:25:32.817+0300][1042.796s][36520] GC(24737)   JVMTI Tag Weak OopStorage      Min:  0.0, Avg:  0.1, Max:  0.1, Diff:  0.0, Sum:  0.6, Workers: 10
[2025-05-12T23:25:32.817+0300][1042.796s][36520] GC(24737)     Dead                           Min: 0, Avg:  1.8, Max: 18, Diff: 18, Sum: 18, Workers: 10
[2025-05-12T23:25:32.817+0300][1042.796s][36520] GC(24737)     Total                          Min: 3506, Avg: 6289.8, Max: 7327, Diff: 3821, Sum: 62898, Workers: 10
[2025-05-12T23:25:32.817+0300][1042.796s][36520] GC(24737)   StringTable Weak               Min:  0.0, Avg:  0.0, Max:  0.0, Diff:  0.0, Sum:  0.3, Workers: 10
[2025-05-12T23:25:32.817+0300][1042.796s][36520] GC(24737)     Dead                           Min: 1, Avg:  6.8, Max: 27, Diff: 26, Sum: 68, Workers: 10
[2025-05-12T23:25:32.817+0300][1042.796s][36520] GC(24737)     Total                          Min: 3712, Avg: 3952.9, Max: 4288, Diff: 576, Sum: 39529, Workers: 10
[2025-05-12T23:25:32.817+0300][1042.796s][36520] GC(24737)   ResolvedMethodTable Weak       Min:  0.0, Avg:  0.0, Max:  0.0, Diff:  0.0, Sum:  0.0, Workers: 10
[2025-05-12T23:25:32.817+0300][1042.796s][36520] GC(24737)     Dead                           Min: 0, Avg:  3.5, Max: 19, Diff: 19, Sum: 35, Workers: 10
[2025-05-12T23:25:32.817+0300][1042.796s][36520] GC(24737)     Total                          Min: 0, Avg: 53.6, Max: 128, Diff: 128, Sum: 536, Workers: 10
[2025-05-12T23:25:32.817+0300][1042.796s][36520] GC(24737)   JNI Weak                       Min:  0.0, Avg:  0.0, Max:  0.0, Diff:  0.0, Sum:  0.0, Workers: 10
[2025-05-12T23:25:32.817+0300][1042.796s][36520] GC(24737)     Dead                           Min: 0, Avg:  0.0, Max: 0, Diff: 0, Sum: 0, Workers: 10
[2025-05-12T23:25:32.817+0300][1042.796s][36520] GC(24737)     Total                          Min: 0, Avg:  1.1, Max: 11, Diff: 11, Sum: 11, Workers: 10
[2025-05-12T23:25:32.817+0300][1042.796s][36520] GC(24737)   StringDedup Table Weak         Min:  0.0, Avg:  0.0, Max:  0.0, Diff:  0.0, Sum:  0.0, Workers: 10
[2025-05-12T23:25:32.817+0300][1042.796s][36520] GC(24737)     Dead                           Min: 0, Avg:  0.0, Max: 0, Diff: 0, Sum: 0, Workers: 10
[2025-05-12T23:25:32.817+0300][1042.796s][36520] GC(24737)     Total                          Min: 0, Avg:  0.0, Max: 0, Diff: 0, Sum: 0, Workers: 10
[2025-05-12T23:25:32.817+0300][1042.796s][36520] GC(24737)   StringDedup Requests0 Weak     Min:  0.0, Avg:  0.0, Max:  0.0, Diff:  0.0, Sum:  0.0, Workers: 10
[2025-05-12T23:25:32.817+0300][1042.797s][36520] GC(24737)     Dead                           Min: 0, Avg:  0.0, Max: 0, Diff: 0, Sum: 0, Workers: 10
[2025-05-12T23:25:32.817+0300][1042.797s][36520] GC(24737)     Total                          Min: 0, Avg:  0.0, Max: 0, Diff: 0, Sum: 0, Workers: 10
[2025-05-12T23:25:32.817+0300][1042.797s][36520] GC(24737)   StringDedup Requests1 Weak     Min:  0.0, Avg:  0.0, Max:  0.0, Diff:  0.0, Sum:  0.0, Workers: 10
[2025-05-12T23:25:32.817+0300][1042.797s][36520] GC(24737)     Dead                           Min: 0, Avg:  0.0, Max: 0, Diff: 0, Sum: 0, Workers: 10
[2025-05-12T23:25:32.817+0300][1042.797s][36520] GC(24737)     Total                          Min: 0, Avg:  0.0, Max: 0, Diff: 0, Sum: 0, Workers: 10
[2025-05-12T23:25:32.817+0300][1042.797s][36520] GC(24737)   Weak JFR Old Object Samples    Min:  0.0, Avg:  0.0, Max:  0.0, Diff:  0.0, Sum:  0.0, Workers: 10
[2025-05-12T23:25:32.817+0300][1042.797s][36520] GC(24737)     Dead                           Min: 0, Avg:  0.0, Max: 0, Diff: 0, Sum: 0, Workers: 10
[2025-05-12T23:25:32.817+0300][1042.797s][36520] GC(24737)     Total                          Min: 0, Avg:  0.0, Max: 0, Diff: 0, Sum: 0, Workers: 10
[2025-05-12T23:25:32.817+0300][1042.797s][36520] GC(24737) Phase 1: Weak Processing 0.499ms
[2025-05-12T23:25:32.817+0300][1042.797s][36520] GC(24737) Phase 1: Class Unloading and Cleanup
[2025-05-12T23:25:32.817+0300][1042.797s][36520] GC(24737) ClassLoaderData
[2025-05-12T23:25:32.817+0300][1042.797s][36520] GC(24737) ClassLoaderData 0.065ms
[2025-05-12T23:25:32.817+0300][1042.797s][36520] GC(24737) Trigger cleanups
[2025-05-12T23:25:32.817+0300][1042.797s][36520] GC(24737) Trigger cleanups 0.008ms
[2025-05-12T23:25:32.821+0300][1042.801s][36520] GC(24737) Phase 1: Class Unloading and Cleanup 4.026ms
[2025-05-12T23:25:32.821+0300][1042.801s][36520] GC(24737) Report Object Count
[2025-05-12T23:25:32.821+0300][1042.801s][36520] GC(24737) Report Object Count 0.011ms
[2025-05-12T23:25:32.821+0300][1042.801s][36520] GC(24737) Phase 1: Mark live objects 11.851ms
[2025-05-12T23:25:32.821+0300][1042.801s][36520] GC(24737) Phase 2: Prepare compaction
[2025-05-12T23:25:32.821+0300][1042.801s][36520] GC(24737) Phase 2: Determine work lists
[2025-05-12T23:25:32.821+0300][1042.801s][36520] GC(24737) Phase 2: Determine work lists 0.010ms
[2025-05-12T23:25:32.821+0300][1042.801s][36520] GC(24737) Phase 2: Prepare parallel compaction
[2025-05-12T23:25:32.821+0300][1042.801s][36520] GC(24737) Phase 2: Prepare parallel compaction 0.266ms
[2025-05-12T23:25:32.821+0300][1042.801s][36520] GC(24737) Phase 2: Prepare compaction 0.304ms
[2025-05-12T23:25:32.821+0300][1042.801s][36520] GC(24737) Phase 3: Adjust pointers
[2025-05-12T23:25:32.827+0300][1042.806s][36520] GC(24737) Phase 3: Adjust pointers 4.575ms
[2025-05-12T23:25:32.827+0300][1042.806s][36520] GC(24737) Phase 4: Compact heap
[2025-05-12T23:25:32.827+0300][1042.806s][36520] GC(24737) Phase 4: Compact heap 0.190ms
[2025-05-12T23:25:32.827+0300][1042.806s][36520] GC(24737) Phase 5: Reset Metadata
[2025-05-12T23:25:32.829+0300][1042.808s][36520] GC(24737) Phase 5: Reset Metadata 1.891ms
[2025-05-12T23:25:32.829+0300][1042.808s][36520] GC(24737) Running G1 Clear Bitmap with 1 workers for 1 work units.
[2025-05-12T23:25:32.831+0300][1042.810s][36520] Old generation allocation in the last mutator period, old gen allocated: 0B, humongous allocated: 0B, old gen growth: 0B.
[2025-05-12T23:25:32.831+0300][1042.810s][36520] GC(24737) Coarsening (recent): Inline->AoC 0 (0) AoC->Howl 0 (0) Howl->Full 0 (0) Inline->AoC 0 (0) AoC->BitMap 0 (0) BitMap->Full 0 (0) 
[2025-05-12T23:25:32.831+0300][1042.810s][36520] GC(24737) Coarsening (all): Inline->AoC 10920 (0) AoC->Howl 7731 (0) Howl->Full 0 (0) Inline->AoC 10809 (0) AoC->BitMap 7399 (0) BitMap->Full 0 (0) 
[2025-05-12T23:25:32.831+0300][1042.810s][36520] GC(24737) Eden regions: 0->0(1)
[2025-05-12T23:25:32.831+0300][1042.810s][36520] GC(24737) Survivor regions: 0->0(0)
[2025-05-12T23:25:32.831+0300][1042.810s][36520] GC(24737) Old regions: 12->11
[2025-05-12T23:25:32.831+0300][1042.810s][36520] GC(24737) Humongous regions: 0->0
[2025-05-12T23:25:32.831+0300][1042.810s][36520] GC(24737) Metaspace: 10757K(12736K)->10722K(12736K) NonClass: 9682K(11328K)->9656K(11328K) Class: 1075K(1408K)->1066K(1408K)
[2025-05-12T23:25:32.831+0300][1042.810s][36520] GC(24737) Heap after GC invocations=21195 (full 7104):
[2025-05-12T23:25:32.831+0300][1042.810s][36520] GC(24737)  garbage-first heap   total 12288K, used 11255K [0x00000000ff400000, 0x0000000100000000)
[2025-05-12T23:25:32.831+0300][1042.810s][36520] GC(24737)   region size 1024K, 0 young (0K), 0 survivors (0K)
[2025-05-12T23:25:32.831+0300][1042.810s][36520] GC(24737)  Metaspace       used 10722K, committed 12736K, reserved 1114112K
[2025-05-12T23:25:32.831+0300][1042.810s][36520] GC(24737)   class space    used 1066K, committed 1408K, reserved 1048576K
[2025-05-12T23:25:32.831+0300][1042.810s][36520] GC(24737) Pause Full (G1 Compaction Pause) 11M->10M(12M) 21.472ms
[2025-05-12T23:25:32.831+0300][1042.810s][36520] GC(24737) User=0.00s Sys=0.00s Real=0.02s
[2025-05-12T23:25:32.831+0300][1042.810s][34628] ---------------------------------------------------------------------
[2025-05-12T23:25:32.831+0300][1042.810s][9340 ] G1 Service Thread (Card Set Free Memory Task) (run: 23.102ms) (cpu: 0.000ms)
[2025-05-12T23:25:32.831+0300][1042.810s][34628] Marking Stats, task = 0, calls = 0
[2025-05-12T23:25:32.832+0300][1042.810s][34628]   Elapsed time = 0.00ms, Termination time = 0.00ms
[2025-05-12T23:25:32.832+0300][1042.810s][34628]   Step Times (cum): num = 5369, avg = 0.16ms, sd = 1.55ms max = 16.00ms, total = 833.00ms
[2025-05-12T23:25:32.832+0300][1042.810s][34628]   Mark Stats Cache: hits 2579 misses 0 ratio 100.000
[2025-05-12T23:25:32.832+0300][1042.810s][34628] ---------------------------------------------------------------------
[2025-05-12T23:25:32.832+0300][1042.810s][34628] Marking Stats, task = 1, calls = 0
[2025-05-12T23:25:32.832+0300][1042.810s][34628]   Elapsed time = 0.00ms, Termination time = 0.00ms
[2025-05-12T23:25:32.832+0300][1042.810s][34628]   Step Times (cum): num = 13793, avg = 0.02ms, sd = 0.58ms max = 16.00ms, total = 296.00ms
[2025-05-12T23:25:32.832+0300][1042.810s][34628]   Mark Stats Cache: hits 4899 misses 0 ratio 100.000
[2025-05-12T23:25:32.832+0300][1042.810s][34628] ---------------------------------------------------------------------
[2025-05-12T23:25:32.832+0300][1042.810s][34628] Marking Stats, task = 2, calls = 0
[2025-05-12T23:25:32.832+0300][1042.810s][34628]   Elapsed time = 0.00ms, Termination time = 0.00ms
[2025-05-12T23:25:32.832+0300][1042.810s][34628]   Step Times (cum): num = 13231, avg = 0.02ms, sd = 0.61ms max = 16.00ms, total = 313.00ms
[2025-05-12T23:25:32.832+0300][1042.810s][34628]   Mark Stats Cache: hits 0 misses 0 ratio 0.000
[2025-05-12T23:25:32.832+0300][1042.810s][34628] ---------------------------------------------------------------------
[2025-05-12T23:25:32.832+0300][1042.810s][34628] GC(24736) Concurrent Mark From Roots 21.760ms
[2025-05-12T23:25:32.832+0300][1042.810s][34628] GC(24736) Concurrent Mark Abort
[2025-05-12T23:25:32.832+0300][1042.810s][34628] GC(24736) Concurrent Mark Cycle 21.932ms
[2025-05-12T23:25:32.858+0300][1042.837s][36520] GC(24738) Pause Young (Normal) (G1 Evacuation Pause)
[2025-05-12T23:25:32.858+0300][1042.837s][36520] GC(24738) Heap before GC invocations=21195 (full 7104):
[2025-05-12T23:25:32.858+0300][1042.837s][36520] GC(24738)  garbage-first heap   total 12288K, used 12279K [0x00000000ff400000, 0x0000000100000000)
[2025-05-12T23:25:32.858+0300][1042.837s][36520] GC(24738)   region size 1024K, 1 young (1024K), 0 survivors (0K)
[2025-05-12T23:25:32.858+0300][1042.837s][36520] GC(24738)  Metaspace       used 10759K, committed 12736K, reserved 1114112K
[2025-05-12T23:25:32.858+0300][1042.837s][36520] GC(24738)   class space    used 1076K, committed 1408K, reserved 1048576K
[2025-05-12T23:25:32.858+0300][1042.837s][36520] GC(24738) Using 2 workers of 10 for evacuation
[2025-05-12T23:25:32.858+0300][1042.837s][36520] GC(24738) Desired survivor size 524288 bytes, new threshold 15 (max threshold 15)
[2025-05-12T23:25:32.858+0300][1042.837s][36520] GC(24738) TLAB totals: thrds: 1  refills: 317 max: 317 slow allocs: 151 max 151 waste: 22.1% gc: 0B max: 0B slow: 189512B max: 189512B
[2025-05-12T23:25:32.858+0300][1042.837s][36520] GC(24738) Mutator refinement: 0.00ms, refined: 0, precleaned: 0, dirtied: 102
[2025-05-12T23:25:32.858+0300][1042.837s][36520] GC(24738) Concurrent refinement: 0.00ms, refined: 0, precleaned: 0, dirtied: 0
[2025-05-12T23:25:32.858+0300][1042.837s][36520] GC(24738) Total refinement: 0.00ms, refined: 0, precleaned: 0, dirtied: 102
[2025-05-12T23:25:32.858+0300][1042.837s][36520] GC(24738) Generate dirty cards rate: 3.74 cards/ms
[2025-05-12T23:25:32.858+0300][1042.837s][36520] GC(24738) Mutator Allocation stats, regions: 1, wasted size: 0B ( 0.0%)
[2025-05-12T23:25:32.858+0300][1042.837s][36520] GC(24738) No candidates to reclaim.
[2025-05-12T23:25:32.858+0300][1042.837s][36520] GC(24738) Running G1 Merge Heap Roots using 2 workers for 1 regions
[2025-05-12T23:25:32.858+0300][1042.837s][36520] GC(24738) Visited cards 1152 Total dirty 12288 (9.38%) Total old 26624 (4.33%)
[2025-05-12T23:25:32.858+0300][1042.837s][34024] GC(24738) Attempt heap expansion (region allocation request failed). Allocation request: 2064B
[2025-05-12T23:25:32.858+0300][1042.837s][34024] GC(24738) Did not expand the heap (heap already fully expanded)
[2025-05-12T23:25:32.859+0300][1042.838s][36520] GC(24738) ReferenceProcessor::execute queues: 1, RefProcThreadModel::Single, marks_oops_alive: false
[2025-05-12T23:25:32.859+0300][1042.838s][36520] GC(24738) Skipped KeepAliveFinalRefsPhase of Reference Processing: no references
[2025-05-12T23:25:32.859+0300][1042.838s][36520] GC(24738) Skipped PhantomRefsPhase of Reference Processing: no references
[2025-05-12T23:25:32.859+0300][1042.838s][36520] GC(24738) Initializing removing self forwards with 64 chunks per region
[2025-05-12T23:25:32.859+0300][1042.838s][36520] GC(24738) Running G1 Rebuild Free List Task using 2 workers for rebuilding free list of regions
[2025-05-12T23:25:32.859+0300][1042.838s][36520] GC(24738) Young PLAB allocation: allocated: 0B, wasted: 0B, unused: 0B, used: 0B, undo waste: 0B, 
[2025-05-12T23:25:32.859+0300][1042.838s][36520] GC(24738) Young other allocation: region end waste: 0B, regions filled: 0, num plab filled: 2, direct allocated: 0B, num direct allocated: 0, failure used: 0B, failure wasted: 0B
[2025-05-12T23:25:32.859+0300][1042.838s][36520] GC(24738) Young sizing: calculated: 0B, actual: 2064B
[2025-05-12T23:25:32.859+0300][1042.838s][36520] GC(24738) Old PLAB allocation: allocated: 0B, wasted: 0B, unused: 0B, used: 0B, undo waste: 0B, 
[2025-05-12T23:25:32.859+0300][1042.838s][36520] GC(24738) Old other allocation: region end waste: 0B, regions filled: 0, num plab filled: 2, direct allocated: 0B, num direct allocated: 0, failure used: 186776B, failure wasted: 861800B
[2025-05-12T23:25:32.859+0300][1042.838s][36520] GC(24738) Old sizing: calculated: 0B, actual: 2064B
[2025-05-12T23:25:32.859+0300][1042.838s][36520] GC(24738) Heap expansion: short term pause time ratio 51.28% long term pause time ratio 42.11% threshold 7.69% pause time ratio 7.69% fully expanded true resize by 0B
[2025-05-12T23:25:32.859+0300][1042.838s][9340 ] G1 Service Thread (Card Set Free Memory Task) (run 0.010ms after schedule)
[2025-05-12T23:25:32.859+0300][1042.838s][36520] GC(24738) Request concurrent cycle initiation (occupancy higher than threshold) occupancy: 12582912B allocation request: 0B threshold: 3556252B (28.26) source: end of GC
[2025-05-12T23:25:32.859+0300][1042.838s][36520] GC(24738) MMU: 6.3ms (200.0ms/201.0ms)
[2025-05-12T23:25:32.859+0300][1042.838s][36520] Old generation allocation in the last mutator period, old gen allocated: 1048576B, humongous allocated: 0B, old gen growth: 1048576B.
[2025-05-12T23:25:32.859+0300][1042.838s][36520] GC(24738) Basic information (value update), threshold: 3606434B (28.66), target occupancy: 12582912B, current occupancy: 12574632B, recent allocation size: 1048576B, recent allocation duration: 27.26ms, recent old gen allocation rate: 38465172.92B/s, recent marking phase length: 120.12ms
[2025-05-12T23:25:32.859+0300][1042.838s][36520] GC(24738) Adaptive IHOP information (value update), threshold: 3606434B (33.72), internal target occupancy: 10695475B, occupancy: 12574632B, additional buffer size: 1048576B, predicted old gen allocation rate: 50052384.86B/s, predicted marking phase length: 120.68ms, prediction active: true
[2025-05-12T23:25:32.859+0300][1042.838s][36520] GC(24738) GC refinement: goal: 18446744073709551615 + 102 / 20.00ms, actual: 102 / 0.04ms, 
[2025-05-12T23:25:32.859+0300][1042.838s][36520] GC(24738) Unchanged pending cards target: 18446744073709551615
[2025-05-12T23:25:32.859+0300][1042.838s][36520] GC(24738)   Pre Evacuate Collection Set: 0.1ms
[2025-05-12T23:25:32.859+0300][1042.838s][36520] GC(24738)     Pre Evacuate Prepare: 0.1ms
[2025-05-12T23:25:32.859+0300][1042.838s][36520] GC(24738)       JT Retire TLABs And Flush Logs (ms): Min:  0.0, Avg:  0.0, Max:  0.0, Diff:  0.0, Sum:  0.0, Workers: 2
[2025-05-12T23:25:32.859+0300][1042.838s][36520] GC(24738)       Non-JT Flush Logs (ms):        Min:  0.0, Avg:  0.0, Max:  0.0, Diff:  0.0, Sum:  0.0, Workers: 1
[2025-05-12T23:25:32.859+0300][1042.838s][36520] GC(24738)     Choose Collection Set: 0.0ms
[2025-05-12T23:25:32.859+0300][1042.838s][36520] GC(24738)     Region Register: 0.0ms
[2025-05-12T23:25:32.859+0300][1042.838s][36520] GC(24738)     Prepare Heap Roots: 0.0ms
[2025-05-12T23:25:32.859+0300][1042.838s][36520] GC(24738)   Merge Heap Roots: 0.1ms
[2025-05-12T23:25:32.859+0300][1042.838s][36520] GC(24738)     Prepare Merge Heap Roots: 0.0ms
[2025-05-12T23:25:32.859+0300][1042.838s][36520] GC(24738)     Remembered Sets (ms):          Min:  0.0, Avg:  0.0, Max:  0.0, Diff:  0.0, Sum:  0.0, Workers: 2
[2025-05-12T23:25:32.859+0300][1042.838s][36520] GC(24738)       Eager Reclaim (ms):            skipped
[2025-05-12T23:25:32.859+0300][1042.838s][36520] GC(24738)       Merged Inline                  Min: 0, Avg:  0.0, Max: 0, Diff: 0, Sum: 0, Workers: 2
[2025-05-12T23:25:32.859+0300][1042.838s][36520] GC(24738)       Merged ArrayOfCards            Min: 0, Avg:  0.0, Max: 0, Diff: 0, Sum: 0, Workers: 2
[2025-05-12T23:25:32.859+0300][1042.838s][36520] GC(24738)       Merged Howl                    Min: 0, Avg:  0.0, Max: 0, Diff: 0, Sum: 0, Workers: 2
[2025-05-12T23:25:32.859+0300][1042.838s][36520] GC(24738)       Merged Full                    Min: 0, Avg:  0.0, Max: 0, Diff: 0, Sum: 0, Workers: 2
[2025-05-12T23:25:32.859+0300][1042.838s][36520] GC(24738)       Merged Howl Inline             Min: 0, Avg:  0.0, Max: 0, Diff: 0, Sum: 0, Workers: 2
[2025-05-12T23:25:32.859+0300][1042.838s][36520] GC(24738)       Merged Howl ArrayOfCards       Min: 0, Avg:  0.0, Max: 0, Diff: 0, Sum: 0, Workers: 2
[2025-05-12T23:25:32.859+0300][1042.838s][36520] GC(24738)       Merged Howl BitMap             Min: 0, Avg:  0.0, Max: 0, Diff: 0, Sum: 0, Workers: 2
[2025-05-12T23:25:32.859+0300][1042.838s][36520] GC(24738)       Merged Howl Full               Min: 0, Avg:  0.0, Max: 0, Diff: 0, Sum: 0, Workers: 2
[2025-05-12T23:25:32.859+0300][1042.838s][36520] GC(24738)       Merged Cards                   Min: 8, Avg:  8.0, Max: 8, Diff: 0, Sum: 16, Workers: 2
[2025-05-12T23:25:32.859+0300][1042.838s][36520] GC(24738)     Log Buffers (ms):              Min:  0.0, Avg:  0.0, Max:  0.0, Diff:  0.0, Sum:  0.0, Workers: 2
[2025-05-12T23:25:32.859+0300][1042.838s][36520] GC(24738)       Dirty Cards:                   Min: 24, Avg: 51.0, Max: 78, Diff: 54, Sum: 102, Workers: 2
[2025-05-12T23:25:32.859+0300][1042.838s][36520] GC(24738)       Skipped Cards:                 Min: 0, Avg:  0.0, Max: 0, Diff: 0, Sum: 0, Workers: 2
[2025-05-12T23:25:32.859+0300][1042.838s][36520] GC(24738)   Evacuate Collection Set: 0.4ms
[2025-05-12T23:25:32.859+0300][1042.838s][36520] GC(24738)     Ext Root Scanning (ms):        Min:  0.1, Avg:  0.1, Max:  0.1, Diff:  0.0, Sum:  0.2, Workers: 2
[2025-05-12T23:25:32.859+0300][1042.839s][36520] GC(24738)     Scan Heap Roots (ms):          Min:  0.0, Avg:  0.0, Max:  0.0, Diff:  0.0, Sum:  0.1, Workers: 2
[2025-05-12T23:25:32.859+0300][1042.839s][36520] GC(24738)       Scanned Cards:                 Min: 42, Avg: 51.0, Max: 60, Diff: 18, Sum: 102, Workers: 2
[2025-05-12T23:25:32.859+0300][1042.839s][36520] GC(24738)       Scanned Blocks:                Min: 30, Avg: 37.0, Max: 44, Diff: 14, Sum: 74, Workers: 2
[2025-05-12T23:25:32.859+0300][1042.839s][36520] GC(24738)       Claimed Chunks:                Min: 13, Avg: 18.0, Max: 23, Diff: 10, Sum: 36, Workers: 2
[2025-05-12T23:25:32.859+0300][1042.839s][36520] GC(24738)       Found Roots:                   Min: 21, Avg: 50.0, Max: 79, Diff: 58, Sum: 100, Workers: 2
[2025-05-12T23:25:32.859+0300][1042.839s][36520] GC(24738)     Code Root Scan (ms):           Min:  0.0, Avg:  0.0, Max:  0.0, Diff:  0.0, Sum:  0.0, Workers: 2
[2025-05-12T23:25:32.859+0300][1042.839s][36520] GC(24738)     Object Copy (ms):              Min:  0.1, Avg:  0.2, Max:  0.2, Diff:  0.0, Sum:  0.3, Workers: 2
[2025-05-12T23:25:32.860+0300][1042.839s][36520] GC(24738)     Termination (ms):              Min:  0.0, Avg:  0.0, Max:  0.0, Diff:  0.0, Sum:  0.0, Workers: 2
[2025-05-12T23:25:32.860+0300][1042.839s][36520] GC(24738)       Termination Attempts:          Min: 1, Avg:  1.0, Max: 1, Diff: 0, Sum: 2, Workers: 2
[2025-05-12T23:25:32.860+0300][1042.839s][36520] GC(24738)     GC Worker Other (ms):          Min:  0.0, Avg:  0.0, Max:  0.0, Diff:  0.0, Sum:  0.0, Workers: 2
[2025-05-12T23:25:32.860+0300][1042.839s][36520] GC(24738)     GC Worker Total (ms):          Min:  0.3, Avg:  0.3, Max:  0.3, Diff:  0.0, Sum:  0.6, Workers: 2
[2025-05-12T23:25:32.860+0300][1042.839s][36520] GC(24738)   Post Evacuate Collection Set: 0.4ms
[2025-05-12T23:25:32.860+0300][1042.839s][36520] GC(24738)     NMethod List Cleanup: 0.0ms
[2025-05-12T23:25:32.860+0300][1042.839s][36520] GC(24738)     Reference Processing: 0.1ms
[2025-05-12T23:25:32.860+0300][1042.839s][36520] GC(24738)       Notify Soft/WeakReferences: 0.0ms
[2025-05-12T23:25:32.860+0300][1042.839s][36520] GC(24738)         SoftRef (ms):                  Min:  0.0, Avg:  0.0, Max:  0.0, Diff:  0.0, Sum:  0.0, Workers: 1
[2025-05-12T23:25:32.860+0300][1042.839s][36520] GC(24738)         WeakRef (ms):                  Min:  0.0, Avg:  0.0, Max:  0.0, Diff:  0.0, Sum:  0.0, Workers: 1
[2025-05-12T23:25:32.860+0300][1042.839s][36520] GC(24738)         FinalRef (ms):                 Min:  0.0, Avg:  0.0, Max:  0.0, Diff:  0.0, Sum:  0.0, Workers: 1
[2025-05-12T23:25:32.860+0300][1042.839s][36520] GC(24738)         Total (ms):                    Min:  0.0, Avg:  0.0, Max:  0.0, Diff:  0.0, Sum:  0.0, Workers: 1
[2025-05-12T23:25:32.860+0300][1042.839s][36520] GC(24738)       Notify and keep alive finalizable: 0.0ms
[2025-05-12T23:25:32.860+0300][1042.839s][36520] GC(24738)         FinalRef (ms):                 skipped
[2025-05-12T23:25:32.860+0300][1042.839s][36520] GC(24738)       Notify PhantomReferences: 0.0ms
[2025-05-12T23:25:32.860+0300][1042.839s][36520] GC(24738)         PhantomRef (ms):               skipped
[2025-05-12T23:25:32.860+0300][1042.839s][36520] GC(24738)       SoftReference Discovered: 0, Dropped: 0, Processed: 0
[2025-05-12T23:25:32.860+0300][1042.839s][36520] GC(24738)       WeakReference Discovered: 23, Dropped: 1, Processed: 22
[2025-05-12T23:25:32.860+0300][1042.839s][36520] GC(24738)       FinalReference Discovered: 0, Dropped: 0, Processed: 0
[2025-05-12T23:25:32.860+0300][1042.839s][36520] GC(24738)       PhantomReference Discovered: 0, Dropped: 0, Processed: 0
[2025-05-12T23:25:32.860+0300][1042.839s][36520] GC(24738)     Weak Processing: 0.1ms
[2025-05-12T23:25:32.860+0300][1042.839s][36520] GC(24738)       VM Weak                        Min:  0.0, Avg:  0.0, Max:  0.0, Diff:  0.0, Sum:  0.0, Workers: 10
[2025-05-12T23:25:32.860+0300][1042.839s][36520] GC(24738)         Dead                           Min: 0, Avg:  0.0, Max: 0, Diff: 0, Sum: 0, Workers: 10
[2025-05-12T23:25:32.860+0300][1042.839s][36520] GC(24738)         Total                          Min: 0, Avg:  6.7, Max: 62, Diff: 62, Sum: 67, Workers: 10
[2025-05-12T23:25:32.860+0300][1042.839s][36520] GC(24738)       ObjectSynchronizer Weak        Min:  0.0, Avg:  0.0, Max:  0.0, Diff:  0.0, Sum:  0.0, Workers: 10
[2025-05-12T23:25:32.860+0300][1042.839s][36520] GC(24738)         Dead                           Min: 0, Avg:  0.0, Max: 0, Diff: 0, Sum: 0, Workers: 10
[2025-05-12T23:25:32.860+0300][1042.839s][36520] GC(24738)         Total                          Min: 0, Avg:  0.1, Max: 1, Diff: 1, Sum: 1, Workers: 10
[2025-05-12T23:25:32.860+0300][1042.839s][36520] GC(24738)       JVMTI Tag Weak OopStorage      Min:  0.1, Avg:  0.1, Max:  0.1, Diff:  0.0, Sum:  0.6, Workers: 10
[2025-05-12T23:25:32.860+0300][1042.839s][36520] GC(24738)         Dead                           Min: 0, Avg:  0.0, Max: 0, Diff: 0, Sum: 0, Workers: 10
[2025-05-12T23:25:32.860+0300][1042.839s][36520] GC(24738)         Total                          Min: 5673, Avg: 6289.9, Max: 6718, Diff: 1045, Sum: 62899, Workers: 10
[2025-05-12T23:25:32.860+0300][1042.839s][36520] GC(24738)       StringTable Weak               Min:  0.0, Avg:  0.0, Max:  0.0, Diff:  0.0, Sum:  0.3, Workers: 10
[2025-05-12T23:25:32.860+0300][1042.839s][36520] GC(24738)         Dead                           Min: 0, Avg:  0.0, Max: 0, Diff: 0, Sum: 0, Workers: 10
[2025-05-12T23:25:32.860+0300][1042.839s][36520] GC(24738)         Total                          Min: 3584, Avg: 3952.9, Max: 4224, Diff: 640, Sum: 39529, Workers: 10
[2025-05-12T23:25:32.860+0300][1042.839s][36520] GC(24738)       ResolvedMethodTable Weak       Min:  0.0, Avg:  0.0, Max:  0.0, Diff:  0.0, Sum:  0.0, Workers: 10
[2025-05-12T23:25:32.860+0300][1042.839s][36520] GC(24738)         Dead                           Min: 0, Avg:  0.0, Max: 0, Diff: 0, Sum: 0, Workers: 10
[2025-05-12T23:25:32.860+0300][1042.839s][36520] GC(24738)         Total                          Min: 0, Avg: 55.1, Max: 125, Diff: 125, Sum: 551, Workers: 10
[2025-05-12T23:25:32.860+0300][1042.839s][36520] GC(24738)       JNI Weak                       Min:  0.0, Avg:  0.0, Max:  0.0, Diff:  0.0, Sum:  0.0, Workers: 10
[2025-05-12T23:25:32.860+0300][1042.839s][36520] GC(24738)         Dead                           Min: 0, Avg:  0.0, Max: 0, Diff: 0, Sum: 0, Workers: 10
[2025-05-12T23:25:32.860+0300][1042.839s][36520] GC(24738)         Total                          Min: 0, Avg:  1.1, Max: 11, Diff: 11, Sum: 11, Workers: 10
[2025-05-12T23:25:32.860+0300][1042.839s][36520] GC(24738)       StringDedup Table Weak         Min:  0.0, Avg:  0.0, Max:  0.0, Diff:  0.0, Sum:  0.0, Workers: 10
[2025-05-12T23:25:32.860+0300][1042.839s][36520] GC(24738)         Dead                           Min: 0, Avg:  0.0, Max: 0, Diff: 0, Sum: 0, Workers: 10
[2025-05-12T23:25:32.860+0300][1042.839s][36520] GC(24738)         Total                          Min: 0, Avg:  0.0, Max: 0, Diff: 0, Sum: 0, Workers: 10
[2025-05-12T23:25:32.860+0300][1042.839s][36520] GC(24738)       StringDedup Requests0 Weak     Min:  0.0, Avg:  0.0, Max:  0.0, Diff:  0.0, Sum:  0.0, Workers: 10
[2025-05-12T23:25:32.860+0300][1042.839s][36520] GC(24738)         Dead                           Min: 0, Avg:  0.0, Max: 0, Diff: 0, Sum: 0, Workers: 10
[2025-05-12T23:25:32.860+0300][1042.839s][36520] GC(24738)         Total                          Min: 0, Avg:  0.0, Max: 0, Diff: 0, Sum: 0, Workers: 10
[2025-05-12T23:25:32.860+0300][1042.839s][36520] GC(24738)       StringDedup Requests1 Weak     Min:  0.0, Avg:  0.0, Max:  0.0, Diff:  0.0, Sum:  0.0, Workers: 10
[2025-05-12T23:25:32.860+0300][1042.839s][36520] GC(24738)         Dead                           Min: 0, Avg:  0.0, Max: 0, Diff: 0, Sum: 0, Workers: 10
[2025-05-12T23:25:32.860+0300][1042.839s][36520] GC(24738)         Total                          Min: 0, Avg:  0.0, Max: 0, Diff: 0, Sum: 0, Workers: 10
[2025-05-12T23:25:32.860+0300][1042.839s][36520] GC(24738)       Weak JFR Old Object Samples    Min:  0.0, Avg:  0.0, Max:  0.0, Diff:  0.0, Sum:  0.0, Workers: 10
[2025-05-12T23:25:32.860+0300][1042.839s][36520] GC(24738)         Dead                           Min: 0, Avg:  0.0, Max: 0, Diff: 0, Sum: 0, Workers: 10
[2025-05-12T23:25:32.860+0300][1042.839s][36520] GC(24738)         Total                          Min: 0, Avg:  0.0, Max: 0, Diff: 0, Sum: 0, Workers: 10
[2025-05-12T23:25:32.860+0300][1042.839s][36520] GC(24738)     Post Evacuate Cleanup 1: 0.1ms
[2025-05-12T23:25:32.860+0300][1042.839s][36520] GC(24738)       Merge Per-Thread State (ms):   Min:  0.0, Avg:  0.0, Max:  0.0, Diff:  0.0, Sum:  0.0, Workers: 1
[2025-05-12T23:25:32.860+0300][1042.839s][36520] GC(24738)         Copied Bytes                   Min: 0, Avg:  0.0, Max: 0, Diff: 0, Sum: 0, Workers: 2
[2025-05-12T23:25:32.860+0300][1042.839s][36520] GC(24738)         LAB Waste                      Min: 0, Avg:  0.0, Max: 0, Diff: 0, Sum: 0, Workers: 2
[2025-05-12T23:25:32.860+0300][1042.839s][36520] GC(24738)         LAB Undo Waste                 Min: 0, Avg:  0.0, Max: 0, Diff: 0, Sum: 0, Workers: 2
[2025-05-12T23:25:32.860+0300][1042.839s][36520] GC(24738)       Clear Logged Cards (ms):       Min:  0.0, Avg:  0.0, Max:  0.0, Diff:  0.0, Sum:  0.0, Workers: 2
[2025-05-12T23:25:32.860+0300][1042.839s][36520] GC(24738)       Recalculate Used Memory (ms):  Min:  0.0, Avg:  0.0, Max:  0.0, Diff:  0.0, Sum:  0.0, Workers: 1
[2025-05-12T23:25:32.860+0300][1042.839s][36520] GC(24738)       Restore Retained Regions (ms): Min:  0.0, Avg:  0.0, Max:  0.1, Diff:  0.0, Sum:  0.1, Workers: 2
[2025-05-12T23:25:32.860+0300][1042.839s][36520] GC(24738)         Evacuation Failure Regions:    Min: 1, Avg:  1.0, Max: 1, Diff: 0, Sum: 1, Workers: 1
[2025-05-12T23:25:32.860+0300][1042.839s][36520] GC(24738)         Remove Self Forwards (ms):     Min:  0.0, Avg:  0.0, Max:  0.1, Diff:  0.0, Sum:  0.1, Workers: 2
[2025-05-12T23:25:32.860+0300][1042.839s][36520] GC(24738)           Forward Chunks:                Min: 14, Avg: 28.0, Max: 42, Diff: 28, Sum: 56, Workers: 2
[2025-05-12T23:25:32.860+0300][1042.839s][36520] GC(24738)           Empty Forward Chunks:          Min: 3, Avg:  4.0, Max: 5, Diff: 2, Sum: 8, Workers: 2
[2025-05-12T23:25:32.860+0300][1042.839s][36520] GC(24738)           Forward Objects:               Min: 1072, Avg: 1712.5, Max: 2353, Diff: 1281, Sum: 3425, Workers: 2
[2025-05-12T23:25:32.860+0300][1042.839s][36520] GC(24738)           Forward Bytes:                 Min: 69536, Avg: 93388.0, Max: 117240, Diff: 47704, Sum: 186776, Workers: 2
[2025-05-12T23:25:32.860+0300][1042.839s][36520] GC(24738)     Post Evacuate Cleanup 2: 0.0ms
[2025-05-12T23:25:32.860+0300][1042.839s][36520] GC(24738)       Recalculate Used Memory (ms):  Min:  0.0, Avg:  0.0, Max:  0.0, Diff:  0.0, Sum:  0.0, Workers: 1
[2025-05-12T23:25:32.860+0300][1042.839s][36520] GC(24738)       Restore Preserved Marks (ms):  Min:  0.0, Avg:  0.0, Max:  0.0, Diff:  0.0, Sum:  0.0, Workers: 2
[2025-05-12T23:25:32.860+0300][1042.839s][36520] GC(24738)       Clear Retained Region Bitmaps (ms): Min:  0.0, Avg:  0.0, Max:  0.0, Diff:  0.0, Sum:  0.0, Workers: 2
[2025-05-12T23:25:32.860+0300][1042.839s][36520] GC(24738)       Update Derived Pointers (ms):  Min:  0.0, Avg:  0.0, Max:  0.0, Diff:  0.0, Sum:  0.0, Workers: 1
[2025-05-12T23:25:32.860+0300][1042.839s][36520] GC(24738)       Eagerly Reclaim Humongous Objects (ms): skipped
[2025-05-12T23:25:32.860+0300][1042.839s][36520] GC(24738)         Humongous Total                skipped
[2025-05-12T23:25:32.860+0300][1042.839s][36520] GC(24738)         Humongous Candidates           skipped
[2025-05-12T23:25:32.860+0300][1042.839s][36520] GC(24738)         Humongous Reclaimed            skipped
[2025-05-12T23:25:32.860+0300][1042.839s][36520] GC(24738)       Redirty Logged Cards (ms):     Min:  0.0, Avg:  0.0, Max:  0.0, Diff:  0.0, Sum:  0.0, Workers: 2
[2025-05-12T23:25:32.860+0300][1042.839s][36520] GC(24738)         Redirtied Cards:               Min: 0, Avg:  0.0, Max: 0, Diff: 0, Sum: 0, Workers: 2
[2025-05-12T23:25:32.860+0300][1042.839s][36520] GC(24738)       Resize TLABs (ms):             Min:  0.0, Avg:  0.0, Max:  0.0, Diff:  0.0, Sum:  0.0, Workers: 2
[2025-05-12T23:25:32.860+0300][1042.839s][36520] GC(24738)       Free Collection Set (ms):      Min:  0.0, Avg:  0.0, Max:  0.0, Diff:  0.0, Sum:  0.0, Workers: 2
[2025-05-12T23:25:32.860+0300][1042.839s][36520] GC(24738)     Rebuild Free List: 0.0ms
[2025-05-12T23:25:32.860+0300][1042.839s][36520] GC(24738)     Prepare For Mutator: 0.1ms
[2025-05-12T23:25:32.860+0300][1042.839s][36520] GC(24738)     Expand Heap After Collection: 0.0ms
[2025-05-12T23:25:32.860+0300][1042.839s][36520] GC(24738)   Other: 0.2ms
[2025-05-12T23:25:32.860+0300][1042.839s][36520] GC(24738) Coarsening (recent): Inline->AoC 0 (0) AoC->Howl 0 (0) Howl->Full 0 (0) Inline->AoC 0 (0) AoC->BitMap 0 (0) BitMap->Full 0 (0) 
[2025-05-12T23:25:32.860+0300][1042.839s][36520] GC(24738) Coarsening (all): Inline->AoC 10920 (0) AoC->Howl 7731 (0) Howl->Full 0 (0) Inline->AoC 10809 (0) AoC->BitMap 7399 (0) BitMap->Full 0 (0) 
[2025-05-12T23:25:32.860+0300][1042.839s][36520] GC(24738) Eden regions: 1->0(0)
[2025-05-12T23:25:32.860+0300][1042.839s][36520] GC(24738) Survivor regions: 0->0(0)
[2025-05-12T23:25:32.860+0300][1042.839s][36520] GC(24738) Old regions: 11->12
[2025-05-12T23:25:32.860+0300][1042.839s][36520] GC(24738) Humongous regions: 0->0
[2025-05-12T23:25:32.860+0300][1042.839s][36520] GC(24738) Metaspace: 10759K(12736K)->10759K(12736K) NonClass: 9683K(11328K)->9683K(11328K) Class: 1076K(1408K)->1076K(1408K)
[2025-05-12T23:25:32.860+0300][1042.839s][36520] GC(24738) Heap after GC invocations=21196 (full 7104):
[2025-05-12T23:25:32.860+0300][1042.839s][36520] GC(24738)  garbage-first heap   total 12288K, used 12279K [0x00000000ff400000, 0x0000000100000000)
[2025-05-12T23:25:32.860+0300][1042.839s][36520] GC(24738)   region size 1024K, 0 young (0K), 0 survivors (0K)
[2025-05-12T23:25:32.860+0300][1042.839s][36520] GC(24738)  Metaspace       used 10759K, committed 12736K, reserved 1114112K
[2025-05-12T23:25:32.860+0300][1042.839s][36520] GC(24738)   class space    used 1076K, committed 1408K, reserved 1048576K
[2025-05-12T23:25:32.860+0300][1042.840s][36520] GC(24738) Pause Young (Normal) (G1 Evacuation Pause) (Evacuation Failure) 11M->11M(12M) 2.543ms
[2025-05-12T23:25:32.861+0300][1042.840s][36520] GC(24738) User=0.00s Sys=0.00s Real=0.00s
[2025-05-12T23:25:32.861+0300][1042.840s][36520] Attempt heap expansion (allocation request failed). Allocation request: 2048B
[2025-05-12T23:25:32.861+0300][1042.840s][36520] Expand the heap. requested expansion amount: 1048576B expansion amount: 1048576B
[2025-05-12T23:25:32.861+0300][1042.840s][36520] Did not expand the heap (heap already fully expanded)
[2025-05-12T23:25:32.861+0300][1042.840s][36520] Attempting full compaction
[2025-05-12T23:25:32.861+0300][1042.840s][36520] GC(24739) Pause Full (G1 Compaction Pause)
[2025-05-12T23:25:32.861+0300][1042.840s][36520] GC(24739) Heap before GC invocations=21196 (full 7104):
[2025-05-12T23:25:32.861+0300][1042.840s][36520] GC(24739)  garbage-first heap   total 12288K, used 12279K [0x00000000ff400000, 0x0000000100000000)
[2025-05-12T23:25:32.861+0300][1042.840s][36520] GC(24739)   region size 1024K, 0 young (0K), 0 survivors (0K)
[2025-05-12T23:25:32.861+0300][1042.840s][36520] GC(24739)  Metaspace       used 10759K, committed 12736K, reserved 1114112K
[2025-05-12T23:25:32.861+0300][1042.840s][36520] GC(24739)   class space    used 1076K, committed 1408K, reserved 1048576K
[2025-05-12T23:25:32.861+0300][1042.840s][36520] GC(24739) Requesting 1 active workers for full compaction (waste limited workers: 1, adaptive workers: 2, used limited workers: 12)
[2025-05-12T23:25:32.861+0300][1042.840s][36520] GC(24739) Using 1 workers of 10 for full compaction
[2025-05-12T23:25:32.861+0300][1042.840s][36520] GC(24739) Mutator Allocation stats, regions: 0, wasted size: 0B ( 0.0%)
[2025-05-12T23:25:32.861+0300][1042.840s][36520] GC(24739) Phase 1: Mark live objects
[2025-05-12T23:25:32.869+0300][1042.848s][36520] GC(24739) Phase 1: Reference Processing
[2025-05-12T23:25:32.869+0300][1042.848s][36520] GC(24739) ReferenceProcessor::execute queues: 1, RefProcThreadModel::Single, marks_oops_alive: false
[2025-05-12T23:25:32.869+0300][1042.848s][36520] GC(24739) Skipped KeepAliveFinalRefsPhase of Reference Processing: no references
[2025-05-12T23:25:32.869+0300][1042.848s][36520] GC(24739) ReferenceProcessor::execute queues: 1, RefProcThreadModel::Single, marks_oops_alive: false
[2025-05-12T23:25:32.869+0300][1042.848s][36520] GC(24739) Reference Processing: 0.0ms
[2025-05-12T23:25:32.869+0300][1042.848s][36520] GC(24739)   Notify Soft/WeakReferences: 0.0ms
[2025-05-12T23:25:32.869+0300][1042.848s][36520] GC(24739)     SoftRef: 0.0ms
[2025-05-12T23:25:32.869+0300][1042.848s][36520] GC(24739)     WeakRef: 0.0ms
[2025-05-12T23:25:32.869+0300][1042.848s][36520] GC(24739)     FinalRef: 0.0ms
[2025-05-12T23:25:32.869+0300][1042.848s][36520] GC(24739)     Total: 0.0ms
[2025-05-12T23:25:32.869+0300][1042.848s][36520] GC(24739)   Notify and keep alive finalizable: 0.0ms
[2025-05-12T23:25:32.869+0300][1042.848s][36520] GC(24739)     FinalRef: skipped
[2025-05-12T23:25:32.869+0300][1042.848s][36520] GC(24739)   Notify PhantomReferences: 0.0ms
[2025-05-12T23:25:32.869+0300][1042.848s][36520] GC(24739)     PhantomRef: 0.0ms
[2025-05-12T23:25:32.869+0300][1042.848s][36520] GC(24739)   SoftReference Discovered: 46, Dropped: 4, Processed: 42
[2025-05-12T23:25:32.869+0300][1042.848s][36520] GC(24739)   WeakReference Discovered: 32, Dropped: 13, Processed: 19
[2025-05-12T23:25:32.869+0300][1042.848s][36520] GC(24739)   FinalReference Discovered: 0, Dropped: 0, Processed: 0
[2025-05-12T23:25:32.869+0300][1042.848s][36520] GC(24739)   PhantomReference Discovered: 23, Dropped: 23, Processed: 0
[2025-05-12T23:25:32.869+0300][1042.848s][36520] GC(24739) Phase 1: Reference Processing 0.221ms
[2025-05-12T23:25:32.869+0300][1042.848s][36520] GC(24739) Phase 1: Weak Processing
[2025-05-12T23:25:32.869+0300][1042.848s][36520] GC(24739)   VM Weak                        Min:  0.0, Avg:  0.0, Max:  0.0, Diff:  0.0, Sum:  0.0, Workers: 10
[2025-05-12T23:25:32.869+0300][1042.848s][36520] GC(24739)     Dead                           Min: 0, Avg:  2.0, Max: 20, Diff: 20, Sum: 20, Workers: 10
[2025-05-12T23:25:32.869+0300][1042.848s][36520] GC(24739)     Total                          Min: 0, Avg:  6.7, Max: 67, Diff: 67, Sum: 67, Workers: 10
[2025-05-12T23:25:32.869+0300][1042.848s][36520] GC(24739)   ObjectSynchronizer Weak        Min:  0.0, Avg:  0.0, Max:  0.0, Diff:  0.0, Sum:  0.0, Workers: 10
[2025-05-12T23:25:32.869+0300][1042.848s][36520] GC(24739)     Dead                           Min: 0, Avg:  0.0, Max: 0, Diff: 0, Sum: 0, Workers: 10
[2025-05-12T23:25:32.869+0300][1042.848s][36520] GC(24739)     Total                          Min: 0, Avg:  0.1, Max: 1, Diff: 1, Sum: 1, Workers: 10
[2025-05-12T23:25:32.869+0300][1042.848s][36520] GC(24739)   JVMTI Tag Weak OopStorage      Min:  0.0, Avg:  0.1, Max:  0.1, Diff:  0.1, Sum:  0.6, Workers: 10
[2025-05-12T23:25:32.869+0300][1042.848s][36520] GC(24739)     Dead                           Min: 0, Avg:  2.0, Max: 20, Diff: 20, Sum: 20, Workers: 10
[2025-05-12T23:25:32.869+0300][1042.848s][36520] GC(24739)     Total                          Min: 0, Avg: 6289.9, Max: 8770, Diff: 8770, Sum: 62899, Workers: 10
[2025-05-12T23:25:32.869+0300][1042.848s][36520] GC(24739)   StringTable Weak               Min:  0.0, Avg:  0.0, Max:  0.0, Diff:  0.0, Sum:  0.3, Workers: 10
[2025-05-12T23:25:32.869+0300][1042.848s][36520] GC(24739)     Dead                           Min: 0, Avg:  9.0, Max: 31, Diff: 31, Sum: 90, Workers: 10
[2025-05-12T23:25:32.869+0300][1042.848s][36520] GC(24739)     Total                          Min: 0, Avg: 3952.9, Max: 4926, Diff: 4926, Sum: 39529, Workers: 10
[2025-05-12T23:25:32.869+0300][1042.848s][36520] GC(24739)   ResolvedMethodTable Weak       Min:  0.0, Avg:  0.0, Max:  0.0, Diff:  0.0, Sum:  0.0, Workers: 10
[2025-05-12T23:25:32.869+0300][1042.848s][36520] GC(24739)     Dead                           Min: 0, Avg:  3.7, Max: 20, Diff: 20, Sum: 37, Workers: 10
[2025-05-12T23:25:32.869+0300][1042.848s][36520] GC(24739)     Total                          Min: 0, Avg: 55.1, Max: 125, Diff: 125, Sum: 551, Workers: 10
[2025-05-12T23:25:32.869+0300][1042.848s][36520] GC(24739)   JNI Weak                       Min:  0.0, Avg:  0.0, Max:  0.0, Diff:  0.0, Sum:  0.0, Workers: 10
[2025-05-12T23:25:32.869+0300][1042.848s][36520] GC(24739)     Dead                           Min: 0, Avg:  0.0, Max: 0, Diff: 0, Sum: 0, Workers: 10
[2025-05-12T23:25:32.869+0300][1042.848s][36520] GC(24739)     Total                          Min: 0, Avg:  1.1, Max: 11, Diff: 11, Sum: 11, Workers: 10
[2025-05-12T23:25:32.869+0300][1042.848s][36520] GC(24739)   StringDedup Table Weak         Min:  0.0, Avg:  0.0, Max:  0.0, Diff:  0.0, Sum:  0.0, Workers: 10
[2025-05-12T23:25:32.869+0300][1042.848s][36520] GC(24739)     Dead                           Min: 0, Avg:  0.0, Max: 0, Diff: 0, Sum: 0, Workers: 10
[2025-05-12T23:25:32.869+0300][1042.848s][36520] GC(24739)     Total                          Min: 0, Avg:  0.0, Max: 0, Diff: 0, Sum: 0, Workers: 10
[2025-05-12T23:25:32.869+0300][1042.848s][36520] GC(24739)   StringDedup Requests0 Weak     Min:  0.0, Avg:  0.0, Max:  0.0, Diff:  0.0, Sum:  0.0, Workers: 10
[2025-05-12T23:25:32.869+0300][1042.848s][36520] GC(24739)     Dead                           Min: 0, Avg:  0.0, Max: 0, Diff: 0, Sum: 0, Workers: 10
[2025-05-12T23:25:32.869+0300][1042.848s][36520] GC(24739)     Total                          Min: 0, Avg:  0.0, Max: 0, Diff: 0, Sum: 0, Workers: 10
[2025-05-12T23:25:32.869+0300][1042.848s][36520] GC(24739)   StringDedup Requests1 Weak     Min:  0.0, Avg:  0.0, Max:  0.0, Diff:  0.0, Sum:  0.0, Workers: 10
[2025-05-12T23:25:32.869+0300][1042.848s][36520] GC(24739)     Dead                           Min: 0, Avg:  0.0, Max: 0, Diff: 0, Sum: 0, Workers: 10
[2025-05-12T23:25:32.869+0300][1042.848s][36520] GC(24739)     Total                          Min: 0, Avg:  0.0, Max: 0, Diff: 0, Sum: 0, Workers: 10
[2025-05-12T23:25:32.869+0300][1042.848s][36520] GC(24739)   Weak JFR Old Object Samples    Min:  0.0, Avg:  0.0, Max:  0.0, Diff:  0.0, Sum:  0.0, Workers: 10
[2025-05-12T23:25:32.869+0300][1042.848s][36520] GC(24739)     Dead                           Min: 0, Avg:  0.0, Max: 0, Diff: 0, Sum: 0, Workers: 10
[2025-05-12T23:25:32.869+0300][1042.848s][36520] GC(24739)     Total                          Min: 0, Avg:  0.0, Max: 0, Diff: 0, Sum: 0, Workers: 10
[2025-05-12T23:25:32.869+0300][1042.848s][36520] GC(24739) Phase 1: Weak Processing 0.607ms
[2025-05-12T23:25:32.869+0300][1042.848s][36520] GC(24739) Phase 1: Class Unloading and Cleanup
[2025-05-12T23:25:32.869+0300][1042.848s][36520] GC(24739) ClassLoaderData
[2025-05-12T23:25:32.869+0300][1042.848s][36520] GC(24739) ClassLoaderData 0.104ms
[2025-05-12T23:25:32.869+0300][1042.848s][36520] GC(24739) Trigger cleanups
[2025-05-12T23:25:32.869+0300][1042.849s][36520] GC(24739) Trigger cleanups 0.013ms
[2025-05-12T23:25:32.873+0300][1042.852s][36520] GC(24739) Phase 1: Class Unloading and Cleanup 3.919ms
[2025-05-12T23:25:32.873+0300][1042.852s][36520] GC(24739) Report Object Count
[2025-05-12T23:25:32.873+0300][1042.852s][36520] GC(24739) Report Object Count 0.013ms
[2025-05-12T23:25:32.873+0300][1042.852s][36520] GC(24739) Phase 1: Mark live objects 12.454ms
[2025-05-12T23:25:32.873+0300][1042.852s][36520] GC(24739) Phase 2: Prepare compaction
[2025-05-12T23:25:32.873+0300][1042.852s][36520] GC(24739) Phase 2: Determine work lists
[2025-05-12T23:25:32.873+0300][1042.852s][36520] GC(24739) Phase 2: Determine work lists 0.010ms
[2025-05-12T23:25:32.873+0300][1042.852s][36520] GC(24739) Phase 2: Prepare parallel compaction
[2025-05-12T23:25:32.873+0300][1042.853s][36520] GC(24739) Phase 2: Prepare parallel compaction 0.208ms
[2025-05-12T23:25:32.873+0300][1042.853s][36520] GC(24739) Phase 2: Prepare compaction 0.247ms
[2025-05-12T23:25:32.873+0300][1042.853s][36520] GC(24739) Phase 3: Adjust pointers
[2025-05-12T23:25:32.877+0300][1042.857s][36520] GC(24739) Phase 3: Adjust pointers 4.388ms
[2025-05-12T23:25:32.877+0300][1042.857s][36520] GC(24739) Phase 4: Compact heap
[2025-05-12T23:25:32.878+0300][1042.857s][36520] GC(24739) Phase 4: Compact heap 0.211ms
[2025-05-12T23:25:32.878+0300][1042.857s][36520] GC(24739) Phase 5: Reset Metadata
[2025-05-12T23:25:32.879+0300][1042.859s][36520] GC(24739) Phase 5: Reset Metadata 1.762ms
[2025-05-12T23:25:32.880+0300][1042.860s][36520] GC(24739) Running G1 Clear Bitmap with 1 workers for 1 work units.
[2025-05-12T23:25:32.882+0300][1042.861s][36520] GC(24739) Request concurrent cycle initiation (occupancy higher than threshold) occupancy: 11534336B allocation request: 0B threshold: 3606434B (28.66) source: end of Full GC
[2025-05-12T23:25:32.882+0300][1042.861s][36520] Old generation allocation in the last mutator period, old gen allocated: 0B, humongous allocated: 0B, old gen growth: 0B.
[2025-05-12T23:25:32.882+0300][1042.861s][36520] GC(24739) Coarsening (recent): Inline->AoC 0 (0) AoC->Howl 0 (0) Howl->Full 0 (0) Inline->AoC 0 (0) AoC->BitMap 0 (0) BitMap->Full 0 (0) 
[2025-05-12T23:25:32.882+0300][1042.861s][36520] GC(24739) Coarsening (all): Inline->AoC 10920 (0) AoC->Howl 7731 (0) Howl->Full 0 (0) Inline->AoC 10809 (0) AoC->BitMap 7399 (0) BitMap->Full 0 (0) 
[2025-05-12T23:25:32.882+0300][1042.861s][36520] GC(24739) Eden regions: 0->0(1)
[2025-05-12T23:25:32.882+0300][1042.861s][36520] GC(24739) Survivor regions: 0->0(0)
[2025-05-12T23:25:32.882+0300][1042.861s][36520] GC(24739) Old regions: 12->11
[2025-05-12T23:25:32.882+0300][1042.861s][36520] GC(24739) Humongous regions: 0->0
[2025-05-12T23:25:32.882+0300][1042.861s][36520] GC(24739) Metaspace: 10759K(12736K)->10718K(12736K) NonClass: 9683K(11328K)->9653K(11328K) Class: 1076K(1408K)->1064K(1408K)
[2025-05-12T23:25:32.882+0300][1042.861s][36520] GC(24739) Heap after GC invocations=21197 (full 7105):
[2025-05-12T23:25:32.882+0300][1042.861s][36520] GC(24739)  garbage-first heap   total 12288K, used 11248K [0x00000000ff400000, 0x0000000100000000)
[2025-05-12T23:25:32.882+0300][1042.861s][36520] GC(24739)   region size 1024K, 0 young (0K), 0 survivors (0K)
[2025-05-12T23:25:32.882+0300][1042.861s][36520] GC(24739)  Metaspace       used 10718K, committed 12736K, reserved 1114112K
[2025-05-12T23:25:32.882+0300][1042.861s][36520] GC(24739)   class space    used 1064K, committed 1408K, reserved 1048576K
[2025-05-12T23:25:32.882+0300][1042.861s][36520] GC(24739) Pause Full (G1 Compaction Pause) 11M->10M(12M) 21.348ms
[2025-05-12T23:25:32.882+0300][1042.861s][36520] GC(24739) User=0.02s Sys=0.00s Real=0.02s
[2025-05-12T23:25:32.882+0300][1042.861s][9340 ] G1 Service Thread (Card Set Free Memory Task) (run: 23.111ms) (cpu: 0.000ms)
[2025-05-12T23:25:32.910+0300][1042.889s][36520] GC(24740) Initiate concurrent cycle (concurrent cycle initiation requested)
[2025-05-12T23:25:32.910+0300][1042.889s][36520] GC(24740) Pause Young (Concurrent Start) (G1 Evacuation Pause)
[2025-05-12T23:25:32.910+0300][1042.889s][36520] GC(24740) Heap before GC invocations=21197 (full 7105):
[2025-05-12T23:25:32.910+0300][1042.889s][36520] GC(24740)  garbage-first heap   total 12288K, used 11248K [0x00000000ff400000, 0x0000000100000000)
[2025-05-12T23:25:32.910+0300][1042.889s][36520] GC(24740)   region size 1024K, 1 young (1024K), 0 survivors (0K)
[2025-05-12T23:25:32.910+0300][1042.889s][36520] GC(24740)  Metaspace       used 10759K, committed 12736K, reserved 1114112K
[2025-05-12T23:25:32.910+0300][1042.889s][36520] GC(24740)   class space    used 1076K, committed 1408K, reserved 1048576K
[2025-05-12T23:25:32.910+0300][1042.889s][36520] GC(24740) Using 2 workers of 10 for evacuation
[2025-05-12T23:25:32.910+0300][1042.889s][36520] GC(24740) Desired survivor size 524288 bytes, new threshold 15 (max threshold 15)
[2025-05-12T23:25:32.910+0300][1042.889s][36520] GC(24740) TLAB totals: thrds: 1  refills: 316 max: 316 slow allocs: 157 max 157 waste: 22.1% gc: 688B max: 688B slow: 188472B max: 188472B
[2025-05-12T23:25:32.910+0300][1042.889s][36520] GC(24740) Mutator refinement: 0.00ms, refined: 0, precleaned: 0, dirtied: 111
[2025-05-12T23:25:32.910+0300][1042.889s][36520] GC(24740) Concurrent refinement: 0.00ms, refined: 0, precleaned: 0, dirtied: 0
[2025-05-12T23:25:32.910+0300][1042.889s][36520] GC(24740) Total refinement: 0.00ms, refined: 0, precleaned: 0, dirtied: 111
[2025-05-12T23:25:32.910+0300][1042.889s][36520] GC(24740) Generate dirty cards rate: 4.01 cards/ms
[2025-05-12T23:25:32.910+0300][1042.889s][36520] GC(24740) Mutator Allocation stats, regions: 1, wasted size: 0B ( 0.0%)
[2025-05-12T23:25:32.910+0300][1042.889s][36520] GC(24740) No candidates to reclaim.
[2025-05-12T23:25:32.910+0300][1042.889s][36520] GC(24740) Running G1 Merge Heap Roots using 2 workers for 1 regions
[2025-05-12T23:25:32.910+0300][1042.889s][36520] GC(24740) Visited cards 1152 Total dirty 12288 (9.38%) Total old 26624 (4.33%)
[2025-05-12T23:25:32.910+0300][1042.889s][28516] GC(24740) Attempt heap expansion (region allocation request failed). Allocation request: 2064B
[2025-05-12T23:25:32.910+0300][1042.889s][28516] GC(24740) Did not expand the heap (heap already fully expanded)
[2025-05-12T23:25:32.911+0300][1042.889s][36520] GC(24740) ReferenceProcessor::execute queues: 1, RefProcThreadModel::Single, marks_oops_alive: false
[2025-05-12T23:25:32.911+0300][1042.889s][36520] GC(24740) Skipped KeepAliveFinalRefsPhase of Reference Processing: no references
[2025-05-12T23:25:32.911+0300][1042.889s][36520] GC(24740) Skipped PhantomRefsPhase of Reference Processing: no references
[2025-05-12T23:25:32.911+0300][1042.890s][36520] GC(24740) Initializing removing self forwards with 64 chunks per region
[2025-05-12T23:25:32.911+0300][1042.890s][36520] GC(24740) Running G1 Rebuild Free List Task using 2 workers for rebuilding free list of regions
[2025-05-12T23:25:32.911+0300][1042.890s][36520] GC(24740) Young PLAB allocation: allocated: 0B, wasted: 0B, unused: 0B, used: 0B, undo waste: 0B, 
[2025-05-12T23:25:32.911+0300][1042.890s][36520] GC(24740) Young other allocation: region end waste: 0B, regions filled: 0, num plab filled: 2, direct allocated: 0B, num direct allocated: 0, failure used: 0B, failure wasted: 0B
[2025-05-12T23:25:32.911+0300][1042.890s][36520] GC(24740) Young sizing: calculated: 0B, actual: 2064B
[2025-05-12T23:25:32.911+0300][1042.890s][36520] GC(24740) Old PLAB allocation: allocated: 0B, wasted: 0B, unused: 0B, used: 0B, undo waste: 0B, 
[2025-05-12T23:25:32.911+0300][1042.890s][36520] GC(24740) Old other allocation: region end waste: 0B, regions filled: 0, num plab filled: 2, direct allocated: 0B, num direct allocated: 0, failure used: 158024B, failure wasted: 890552B
[2025-05-12T23:25:32.911+0300][1042.890s][36520] GC(24740) Old sizing: calculated: 0B, actual: 2064B
[2025-05-12T23:25:32.911+0300][1042.890s][36520] GC(24740) Heap expansion: short term pause time ratio 41.19% long term pause time ratio 42.30% threshold 7.69% pause time ratio 7.69% fully expanded true resize by 0B
[2025-05-12T23:25:32.911+0300][1042.890s][9340 ] G1 Service Thread (Card Set Free Memory Task) (run 0.009ms after schedule)
[2025-05-12T23:25:32.911+0300][1042.890s][36520] GC(24740) MMU: 6.3ms (200.0ms/201.0ms)
[2025-05-12T23:25:32.911+0300][1042.890s][36520] Old generation allocation in the last mutator period, old gen allocated: 1048576B, humongous allocated: 0B, old gen growth: 1048576B.
[2025-05-12T23:25:32.911+0300][1042.890s][36520] GC(24740) Basic information (value update), threshold: 3657635B (29.07), target occupancy: 12582912B, current occupancy: 12557248B, recent allocation size: 1048576B, recent allocation duration: 27.71ms, recent old gen allocation rate: 37839566.09B/s, recent marking phase length: 120.12ms
[2025-05-12T23:25:32.911+0300][1042.890s][36520] GC(24740) Adaptive IHOP information (value update), threshold: 3657635B (34.20), internal target occupancy: 10695475B, occupancy: 12557248B, additional buffer size: 1048576B, predicted old gen allocation rate: 49628129.85B/s, predicted marking phase length: 120.68ms, prediction active: true
[2025-05-12T23:25:32.911+0300][1042.890s][36520] GC(24740) GC refinement: goal: 18446744073709551615 + 106 / 20.00ms, actual: 111 / 0.05ms, 
[2025-05-12T23:25:32.911+0300][1042.890s][36520] GC(24740) Unchanged pending cards target: 18446744073709551615
[2025-05-12T23:25:32.911+0300][1042.890s][36520] GC(24740)   Pre Evacuate Collection Set: 0.1ms
[2025-05-12T23:25:32.911+0300][1042.890s][36520] GC(24740)     Pre Evacuate Prepare: 0.1ms
[2025-05-12T23:25:32.911+0300][1042.890s][36520] GC(24740)       JT Retire TLABs And Flush Logs (ms): Min:  0.0, Avg:  0.0, Max:  0.0, Diff:  0.0, Sum:  0.0, Workers: 2
[2025-05-12T23:25:32.911+0300][1042.890s][36520] GC(24740)       Non-JT Flush Logs (ms):        Min:  0.0, Avg:  0.0, Max:  0.0, Diff:  0.0, Sum:  0.0, Workers: 1
[2025-05-12T23:25:32.911+0300][1042.890s][36520] GC(24740)     Choose Collection Set: 0.0ms
[2025-05-12T23:25:32.911+0300][1042.890s][36520] GC(24740)     Region Register: 0.1ms
[2025-05-12T23:25:32.911+0300][1042.890s][36520] GC(24740)     Prepare Heap Roots: 0.0ms
[2025-05-12T23:25:32.911+0300][1042.890s][36520] GC(24740)     Reset Marking State (ms):      Min:  0.0, Avg:  0.0, Max:  0.0, Diff:  0.0, Sum:  0.0, Workers: 1
[2025-05-12T23:25:32.911+0300][1042.890s][36520] GC(24740)     Note Start Of Mark (ms):       Min:  0.0, Avg:  0.0, Max:  0.0, Diff:  0.0, Sum:  0.0, Workers: 2
[2025-05-12T23:25:32.911+0300][1042.890s][36520] GC(24740)   Merge Heap Roots: 0.1ms
[2025-05-12T23:25:32.911+0300][1042.890s][36520] GC(24740)     Prepare Merge Heap Roots: 0.0ms
[2025-05-12T23:25:32.911+0300][1042.890s][36520] GC(24740)     Remembered Sets (ms):          Min:  0.0, Avg:  0.0, Max:  0.0, Diff:  0.0, Sum:  0.0, Workers: 2
[2025-05-12T23:25:32.911+0300][1042.890s][36520] GC(24740)       Eager Reclaim (ms):            skipped
[2025-05-12T23:25:32.911+0300][1042.890s][36520] GC(24740)       Merged Inline                  Min: 0, Avg:  0.0, Max: 0, Diff: 0, Sum: 0, Workers: 2
[2025-05-12T23:25:32.911+0300][1042.890s][36520] GC(24740)       Merged ArrayOfCards            Min: 0, Avg:  0.0, Max: 0, Diff: 0, Sum: 0, Workers: 2
[2025-05-12T23:25:32.911+0300][1042.890s][36520] GC(24740)       Merged Howl                    Min: 0, Avg:  0.0, Max: 0, Diff: 0, Sum: 0, Workers: 2
[2025-05-12T23:25:32.911+0300][1042.890s][36520] GC(24740)       Merged Full                    Min: 0, Avg:  0.0, Max: 0, Diff: 0, Sum: 0, Workers: 2
[2025-05-12T23:25:32.911+0300][1042.890s][36520] GC(24740)       Merged Howl Inline             Min: 0, Avg:  0.0, Max: 0, Diff: 0, Sum: 0, Workers: 2
[2025-05-12T23:25:32.911+0300][1042.890s][36520] GC(24740)       Merged Howl ArrayOfCards       Min: 0, Avg:  0.0, Max: 0, Diff: 0, Sum: 0, Workers: 2
[2025-05-12T23:25:32.911+0300][1042.890s][36520] GC(24740)       Merged Howl BitMap             Min: 0, Avg:  0.0, Max: 0, Diff: 0, Sum: 0, Workers: 2
[2025-05-12T23:25:32.911+0300][1042.890s][36520] GC(24740)       Merged Howl Full               Min: 0, Avg:  0.0, Max: 0, Diff: 0, Sum: 0, Workers: 2
[2025-05-12T23:25:32.911+0300][1042.890s][36520] GC(24740)       Merged Cards                   Min: 8, Avg:  8.0, Max: 8, Diff: 0, Sum: 16, Workers: 2
[2025-05-12T23:25:32.911+0300][1042.890s][36520] GC(24740)     Log Buffers (ms):              Min:  0.0, Avg:  0.0, Max:  0.0, Diff:  0.0, Sum:  0.0, Workers: 2
[2025-05-12T23:25:32.911+0300][1042.890s][36520] GC(24740)       Dirty Cards:                   Min: 0, Avg: 55.5, Max: 111, Diff: 111, Sum: 111, Workers: 2
[2025-05-12T23:25:32.911+0300][1042.890s][36520] GC(24740)       Skipped Cards:                 Min: 0, Avg:  0.0, Max: 0, Diff: 0, Sum: 0, Workers: 2
[2025-05-12T23:25:32.911+0300][1042.890s][36520] GC(24740)   Evacuate Collection Set: 0.4ms
[2025-05-12T23:25:32.911+0300][1042.890s][36520] GC(24740)     Ext Root Scanning (ms):        Min:  0.1, Avg:  0.1, Max:  0.2, Diff:  0.1, Sum:  0.3, Workers: 2
[2025-05-12T23:25:32.911+0300][1042.890s][36520] GC(24740)     Scan Heap Roots (ms):          Min:  0.0, Avg:  0.0, Max:  0.1, Diff:  0.1, Sum:  0.1, Workers: 2
[2025-05-12T23:25:32.911+0300][1042.890s][36520] GC(24740)       Scanned Cards:                 Min: 13, Avg: 55.5, Max: 98, Diff: 85, Sum: 111, Workers: 2
[2025-05-12T23:25:32.911+0300][1042.890s][36520] GC(24740)       Scanned Blocks:                Min: 10, Avg: 36.5, Max: 63, Diff: 53, Sum: 73, Workers: 2
[2025-05-12T23:25:32.912+0300][1042.890s][36520] GC(24740)       Claimed Chunks:                Min: 8, Avg: 18.0, Max: 28, Diff: 20, Sum: 36, Workers: 2
[2025-05-12T23:25:32.912+0300][1042.890s][36520] GC(24740)       Found Roots:                   Min: 13, Avg: 71.5, Max: 130, Diff: 117, Sum: 143, Workers: 2
[2025-05-12T23:25:32.912+0300][1042.890s][36520] GC(24740)     Code Root Scan (ms):           Min:  0.0, Avg:  0.0, Max:  0.0, Diff:  0.0, Sum:  0.0, Workers: 2
[2025-05-12T23:25:32.912+0300][1042.890s][36520] GC(24740)     Object Copy (ms):              Min:  0.1, Avg:  0.2, Max:  0.2, Diff:  0.0, Sum:  0.3, Workers: 2
[2025-05-12T23:25:32.912+0300][1042.890s][36520] GC(24740)     Termination (ms):              Min:  0.0, Avg:  0.0, Max:  0.0, Diff:  0.0, Sum:  0.0, Workers: 2
[2025-05-12T23:25:32.912+0300][1042.891s][36520] GC(24740)       Termination Attempts:          Min: 1, Avg:  1.0, Max: 1, Diff: 0, Sum: 2, Workers: 2
[2025-05-12T23:25:32.912+0300][1042.891s][36520] GC(24740)     GC Worker Other (ms):          Min:  0.0, Avg:  0.0, Max:  0.0, Diff:  0.0, Sum:  0.0, Workers: 2
[2025-05-12T23:25:32.912+0300][1042.891s][36520] GC(24740)     GC Worker Total (ms):          Min:  0.3, Avg:  0.3, Max:  0.4, Diff:  0.0, Sum:  0.7, Workers: 2
[2025-05-12T23:25:32.912+0300][1042.891s][36520] GC(24740)   Post Evacuate Collection Set: 0.5ms
[2025-05-12T23:25:32.912+0300][1042.891s][36520] GC(24740)     NMethod List Cleanup: 0.0ms
[2025-05-12T23:25:32.912+0300][1042.891s][36520] GC(24740)     Reference Processing: 0.0ms
[2025-05-12T23:25:32.912+0300][1042.891s][36520] GC(24740)       Notify Soft/WeakReferences: 0.0ms
[2025-05-12T23:25:32.912+0300][1042.891s][36520] GC(24740)         SoftRef (ms):                  Min:  0.0, Avg:  0.0, Max:  0.0, Diff:  0.0, Sum:  0.0, Workers: 1
[2025-05-12T23:25:32.912+0300][1042.891s][36520] GC(24740)         WeakRef (ms):                  Min:  0.0, Avg:  0.0, Max:  0.0, Diff:  0.0, Sum:  0.0, Workers: 1
[2025-05-12T23:25:32.912+0300][1042.891s][36520] GC(24740)         FinalRef (ms):                 Min:  0.0, Avg:  0.0, Max:  0.0, Diff:  0.0, Sum:  0.0, Workers: 1
[2025-05-12T23:25:32.912+0300][1042.891s][36520] GC(24740)         Total (ms):                    Min:  0.0, Avg:  0.0, Max:  0.0, Diff:  0.0, Sum:  0.0, Workers: 1
[2025-05-12T23:25:32.912+0300][1042.891s][36520] GC(24740)       Notify and keep alive finalizable: 0.0ms
[2025-05-12T23:25:32.912+0300][1042.891s][36520] GC(24740)         FinalRef (ms):                 skipped
[2025-05-12T23:25:32.912+0300][1042.891s][36520] GC(24740)       Notify PhantomReferences: 0.0ms
[2025-05-12T23:25:32.912+0300][1042.891s][36520] GC(24740)         PhantomRef (ms):               skipped
[2025-05-12T23:25:32.912+0300][1042.891s][36520] GC(24740)       SoftReference Discovered: 0, Dropped: 0, Processed: 0
[2025-05-12T23:25:32.912+0300][1042.891s][36520] GC(24740)       WeakReference Discovered: 24, Dropped: 1, Processed: 23
[2025-05-12T23:25:32.912+0300][1042.891s][36520] GC(24740)       FinalReference Discovered: 0, Dropped: 0, Processed: 0
[2025-05-12T23:25:32.912+0300][1042.891s][36520] GC(24740)       PhantomReference Discovered: 0, Dropped: 0, Processed: 0
[2025-05-12T23:25:32.912+0300][1042.891s][36520] GC(24740)     Weak Processing: 0.1ms
[2025-05-12T23:25:32.912+0300][1042.891s][36520] GC(24740)       VM Weak                        Min:  0.0, Avg:  0.0, Max:  0.0, Diff:  0.0, Sum:  0.0, Workers: 10
[2025-05-12T23:25:32.912+0300][1042.891s][36520] GC(24740)         Dead                           Min: 0, Avg:  0.0, Max: 0, Diff: 0, Sum: 0, Workers: 10
[2025-05-12T23:25:32.912+0300][1042.891s][36520] GC(24740)         Total                          Min: 0, Avg:  6.7, Max: 63, Diff: 63, Sum: 67, Workers: 10
[2025-05-12T23:25:32.912+0300][1042.891s][36520] GC(24740)       ObjectSynchronizer Weak        Min:  0.0, Avg:  0.0, Max:  0.0, Diff:  0.0, Sum:  0.0, Workers: 10
[2025-05-12T23:25:32.912+0300][1042.891s][36520] GC(24740)         Dead                           Min: 0, Avg:  0.0, Max: 0, Diff: 0, Sum: 0, Workers: 10
[2025-05-12T23:25:32.912+0300][1042.891s][36520] GC(24740)         Total                          Min: 0, Avg:  0.1, Max: 1, Diff: 1, Sum: 1, Workers: 10
[2025-05-12T23:25:32.912+0300][1042.891s][36520] GC(24740)       JVMTI Tag Weak OopStorage      Min:  0.0, Avg:  0.1, Max:  0.1, Diff:  0.0, Sum:  0.6, Workers: 10
[2025-05-12T23:25:32.912+0300][1042.891s][36520] GC(24740)         Dead                           Min: 0, Avg:  0.0, Max: 0, Diff: 0, Sum: 0, Workers: 10
[2025-05-12T23:25:32.912+0300][1042.891s][36520] GC(24740)         Total                          Min: 3387, Avg: 6289.9, Max: 7436, Diff: 4049, Sum: 62899, Workers: 10
[2025-05-12T23:25:32.912+0300][1042.891s][36520] GC(24740)       StringTable Weak               Min:  0.0, Avg:  0.0, Max:  0.0, Diff:  0.0, Sum:  0.2, Workers: 10
[2025-05-12T23:25:32.912+0300][1042.891s][36520] GC(24740)         Dead                           Min: 0, Avg:  1.7, Max: 8, Diff: 8, Sum: 17, Workers: 10
[2025-05-12T23:25:32.912+0300][1042.891s][36520] GC(24740)         Total                          Min: 3517, Avg: 3952.9, Max: 4224, Diff: 707, Sum: 39529, Workers: 10
[2025-05-12T23:25:32.912+0300][1042.891s][36520] GC(24740)       ResolvedMethodTable Weak       Min:  0.0, Avg:  0.0, Max:  0.0, Diff:  0.0, Sum:  0.0, Workers: 10
[2025-05-12T23:25:32.912+0300][1042.891s][36520] GC(24740)         Dead                           Min: 0, Avg:  0.0, Max: 0, Diff: 0, Sum: 0, Workers: 10
[2025-05-12T23:25:32.912+0300][1042.891s][36520] GC(24740)         Total                          Min: 0, Avg: 56.6, Max: 123, Diff: 123, Sum: 566, Workers: 10
[2025-05-12T23:25:32.912+0300][1042.891s][36520] GC(24740)       JNI Weak                       Min:  0.0, Avg:  0.0, Max:  0.0, Diff:  0.0, Sum:  0.0, Workers: 10
[2025-05-12T23:25:32.912+0300][1042.891s][36520] GC(24740)         Dead                           Min: 0, Avg:  0.0, Max: 0, Diff: 0, Sum: 0, Workers: 10
[2025-05-12T23:25:32.912+0300][1042.891s][36520] GC(24740)         Total                          Min: 0, Avg:  1.1, Max: 11, Diff: 11, Sum: 11, Workers: 10
[2025-05-12T23:25:32.912+0300][1042.891s][36520] GC(24740)       StringDedup Table Weak         Min:  0.0, Avg:  0.0, Max:  0.0, Diff:  0.0, Sum:  0.0, Workers: 10
[2025-05-12T23:25:32.912+0300][1042.891s][36520] GC(24740)         Dead                           Min: 0, Avg:  0.0, Max: 0, Diff: 0, Sum: 0, Workers: 10
[2025-05-12T23:25:32.912+0300][1042.891s][36520] GC(24740)         Total                          Min: 0, Avg:  0.0, Max: 0, Diff: 0, Sum: 0, Workers: 10
[2025-05-12T23:25:32.912+0300][1042.891s][36520] GC(24740)       StringDedup Requests0 Weak     Min:  0.0, Avg:  0.0, Max:  0.0, Diff:  0.0, Sum:  0.0, Workers: 10
[2025-05-12T23:25:32.912+0300][1042.891s][36520] GC(24740)         Dead                           Min: 0, Avg:  0.0, Max: 0, Diff: 0, Sum: 0, Workers: 10
[2025-05-12T23:25:32.912+0300][1042.891s][36520] GC(24740)         Total                          Min: 0, Avg:  0.0, Max: 0, Diff: 0, Sum: 0, Workers: 10
[2025-05-12T23:25:32.912+0300][1042.891s][36520] GC(24740)       StringDedup Requests1 Weak     Min:  0.0, Avg:  0.0, Max:  0.0, Diff:  0.0, Sum:  0.0, Workers: 10
[2025-05-12T23:25:32.912+0300][1042.891s][36520] GC(24740)         Dead                           Min: 0, Avg:  0.0, Max: 0, Diff: 0, Sum: 0, Workers: 10
[2025-05-12T23:25:32.912+0300][1042.891s][36520] GC(24740)         Total                          Min: 0, Avg:  0.0, Max: 0, Diff: 0, Sum: 0, Workers: 10
[2025-05-12T23:25:32.912+0300][1042.891s][36520] GC(24740)       Weak JFR Old Object Samples    Min:  0.0, Avg:  0.0, Max:  0.0, Diff:  0.0, Sum:  0.0, Workers: 10
[2025-05-12T23:25:32.912+0300][1042.891s][36520] GC(24740)         Dead                           Min: 0, Avg:  0.0, Max: 0, Diff: 0, Sum: 0, Workers: 10
[2025-05-12T23:25:32.912+0300][1042.891s][36520] GC(24740)         Total                          Min: 0, Avg:  0.0, Max: 0, Diff: 0, Sum: 0, Workers: 10
[2025-05-12T23:25:32.912+0300][1042.891s][36520] GC(24740)     Post Evacuate Cleanup 1: 0.1ms
[2025-05-12T23:25:32.912+0300][1042.891s][36520] GC(24740)       Merge Per-Thread State (ms):   Min:  0.0, Avg:  0.0, Max:  0.0, Diff:  0.0, Sum:  0.0, Workers: 1
[2025-05-12T23:25:32.912+0300][1042.891s][36520] GC(24740)         Copied Bytes                   Min: 0, Avg:  0.0, Max: 0, Diff: 0, Sum: 0, Workers: 2
[2025-05-12T23:25:32.912+0300][1042.891s][36520] GC(24740)         LAB Waste                      Min: 0, Avg:  0.0, Max: 0, Diff: 0, Sum: 0, Workers: 2
[2025-05-12T23:25:32.912+0300][1042.891s][36520] GC(24740)         LAB Undo Waste                 Min: 0, Avg:  0.0, Max: 0, Diff: 0, Sum: 0, Workers: 2
[2025-05-12T23:25:32.912+0300][1042.891s][36520] GC(24740)       Clear Logged Cards (ms):       Min:  0.0, Avg:  0.0, Max:  0.0, Diff:  0.0, Sum:  0.0, Workers: 2
[2025-05-12T23:25:32.912+0300][1042.891s][36520] GC(24740)       Recalculate Used Memory (ms):  Min:  0.0, Avg:  0.0, Max:  0.0, Diff:  0.0, Sum:  0.0, Workers: 1
[2025-05-12T23:25:32.912+0300][1042.891s][36520] GC(24740)       Restore Retained Regions (ms): Min:  0.0, Avg:  0.0, Max:  0.1, Diff:  0.0, Sum:  0.1, Workers: 2
[2025-05-12T23:25:32.912+0300][1042.891s][36520] GC(24740)         Evacuation Failure Regions:    Min: 1, Avg:  1.0, Max: 1, Diff: 0, Sum: 1, Workers: 1
[2025-05-12T23:25:32.912+0300][1042.891s][36520] GC(24740)         Remove Self Forwards (ms):     Min:  0.0, Avg:  0.0, Max:  0.1, Diff:  0.0, Sum:  0.1, Workers: 2
[2025-05-12T23:25:32.912+0300][1042.891s][36520] GC(24740)           Forward Chunks:                Min: 20, Avg: 27.5, Max: 35, Diff: 15, Sum: 55, Workers: 2
[2025-05-12T23:25:32.912+0300][1042.891s][36520] GC(24740)           Empty Forward Chunks:          Min: 9, Avg:  9.0, Max: 9, Diff: 0, Sum: 9, Workers: 1
[2025-05-12T23:25:32.912+0300][1042.891s][36520] GC(24740)           Forward Objects:               Min: 958, Avg: 1695.0, Max: 2432, Diff: 1474, Sum: 3390, Workers: 2
[2025-05-12T23:25:32.912+0300][1042.891s][36520] GC(24740)           Forward Bytes:                 Min: 43128, Avg: 79012.0, Max: 114896, Diff: 71768, Sum: 158024, Workers: 2
[2025-05-12T23:25:32.912+0300][1042.891s][36520] GC(24740)     Post Evacuate Cleanup 2: 0.1ms
[2025-05-12T23:25:32.912+0300][1042.891s][36520] GC(24740)       Recalculate Used Memory (ms):  Min:  0.0, Avg:  0.0, Max:  0.0, Diff:  0.0, Sum:  0.0, Workers: 1
[2025-05-12T23:25:32.912+0300][1042.891s][36520] GC(24740)       Restore Preserved Marks (ms):  Min:  0.0, Avg:  0.0, Max:  0.0, Diff:  0.0, Sum:  0.0, Workers: 2
[2025-05-12T23:25:32.912+0300][1042.891s][36520] GC(24740)       Clear Retained Region Bitmaps (ms): skipped
[2025-05-12T23:25:32.912+0300][1042.891s][36520] GC(24740)       Update Derived Pointers (ms):  Min:  0.0, Avg:  0.0, Max:  0.0, Diff:  0.0, Sum:  0.0, Workers: 1
[2025-05-12T23:25:32.912+0300][1042.891s][36520] GC(24740)       Eagerly Reclaim Humongous Objects (ms): skipped
[2025-05-12T23:25:32.912+0300][1042.891s][36520] GC(24740)         Humongous Total                skipped
[2025-05-12T23:25:32.912+0300][1042.891s][36520] GC(24740)         Humongous Candidates           skipped
[2025-05-12T23:25:32.912+0300][1042.891s][36520] GC(24740)         Humongous Reclaimed            skipped
[2025-05-12T23:25:32.912+0300][1042.891s][36520] GC(24740)       Redirty Logged Cards (ms):     Min:  0.0, Avg:  0.0, Max:  0.0, Diff:  0.0, Sum:  0.0, Workers: 2
[2025-05-12T23:25:32.912+0300][1042.891s][36520] GC(24740)         Redirtied Cards:               Min: 0, Avg:  0.0, Max: 0, Diff: 0, Sum: 0, Workers: 2
[2025-05-12T23:25:32.912+0300][1042.891s][36520] GC(24740)       Resize TLABs (ms):             Min:  0.0, Avg:  0.0, Max:  0.0, Diff:  0.0, Sum:  0.0, Workers: 2
[2025-05-12T23:25:32.912+0300][1042.891s][36520] GC(24740)       Free Collection Set (ms):      Min:  0.0, Avg:  0.0, Max:  0.0, Diff:  0.0, Sum:  0.0, Workers: 2
[2025-05-12T23:25:32.912+0300][1042.891s][36520] GC(24740)     Rebuild Free List: 0.1ms
[2025-05-12T23:25:32.912+0300][1042.891s][36520] GC(24740)     Prepare For Mutator: 0.1ms
[2025-05-12T23:25:32.912+0300][1042.891s][36520] GC(24740)     Expand Heap After Collection: 0.0ms
[2025-05-12T23:25:32.912+0300][1042.891s][36520] GC(24740)   Other: 0.3ms
[2025-05-12T23:25:32.912+0300][1042.891s][36520] GC(24740) Coarsening (recent): Inline->AoC 0 (0) AoC->Howl 0 (0) Howl->Full 0 (0) Inline->AoC 0 (0) AoC->BitMap 0 (0) BitMap->Full 0 (0) 
[2025-05-12T23:25:32.912+0300][1042.891s][36520] GC(24740) Coarsening (all): Inline->AoC 10920 (0) AoC->Howl 7731 (0) Howl->Full 0 (0) Inline->AoC 10809 (0) AoC->BitMap 7399 (0) BitMap->Full 0 (0) 
[2025-05-12T23:25:32.912+0300][1042.891s][36520] GC(24740) Eden regions: 1->0(0)
[2025-05-12T23:25:32.912+0300][1042.891s][36520] GC(24740) Survivor regions: 0->0(0)
[2025-05-12T23:25:32.912+0300][1042.891s][36520] GC(24740) Old regions: 11->12
[2025-05-12T23:25:32.912+0300][1042.891s][36520] GC(24740) Humongous regions: 0->0
[2025-05-12T23:25:32.912+0300][1042.891s][36520] GC(24740) Metaspace: 10759K(12736K)->10759K(12736K) NonClass: 9683K(11328K)->9683K(11328K) Class: 1076K(1408K)->1076K(1408K)
[2025-05-12T23:25:32.912+0300][1042.891s][36520] GC(24740) Heap after GC invocations=21198 (full 7105):
[2025-05-12T23:25:32.912+0300][1042.891s][36520] GC(24740)  garbage-first heap   total 12288K, used 12262K [0x00000000ff400000, 0x0000000100000000)
[2025-05-12T23:25:32.912+0300][1042.891s][36520] GC(24740)   region size 1024K, 0 young (0K), 0 survivors (0K)
[2025-05-12T23:25:32.912+0300][1042.891s][36520] GC(24740)  Metaspace       used 10759K, committed 12736K, reserved 1114112K
[2025-05-12T23:25:32.912+0300][1042.891s][36520] GC(24740)   class space    used 1076K, committed 1408K, reserved 1048576K
[2025-05-12T23:25:32.912+0300][1042.891s][36520] GC(24740) Pause Young (Concurrent Start) (G1 Evacuation Pause) (Evacuation Failure) 11M->11M(12M) 2.837ms
[2025-05-12T23:25:32.912+0300][1042.891s][36520] GC(24740) User=0.00s Sys=0.00s Real=0.00s
[2025-05-12T23:25:32.912+0300][1042.891s][36520] Attempt heap expansion (allocation request failed). Allocation request: 16400B
[2025-05-12T23:25:32.912+0300][1042.891s][34628] GC(24741) Concurrent Mark Cycle
[2025-05-12T23:25:32.912+0300][1042.891s][36520] Expand the heap. requested expansion amount: 1048576B expansion amount: 1048576B
[2025-05-12T23:25:32.913+0300][1042.891s][34628] GC(24741) Concurrent Scan Root Regions
[2025-05-12T23:25:32.913+0300][1042.891s][36520] Did not expand the heap (heap already fully expanded)
[2025-05-12T23:25:32.913+0300][1042.892s][34628] GC(24741) Concurrent Scan Root Regions 0.036ms
[2025-05-12T23:25:32.913+0300][1042.892s][36520] Attempting full compaction
[2025-05-12T23:25:32.913+0300][1042.892s][34628] GC(24741) Concurrent Mark
[2025-05-12T23:25:32.913+0300][1042.892s][36520] GC(24742) Pause Full (G1 Compaction Pause)
[2025-05-12T23:25:32.913+0300][1042.892s][34628] GC(24741) Concurrent Mark From Roots
[2025-05-12T23:25:32.913+0300][1042.892s][36520] GC(24742) Heap before GC invocations=21198 (full 7105):
[2025-05-12T23:25:32.913+0300][1042.892s][34628] GC(24741) Using 3 workers of 3 for marking
[2025-05-12T23:25:32.913+0300][1042.892s][36520] GC(24742)  garbage-first heap   total 12288K, used 12262K [0x00000000ff400000, 0x0000000100000000)
[2025-05-12T23:25:32.913+0300][1042.892s][36520] GC(24742)   region size 1024K, 0 young (0K), 0 survivors (0K)
[2025-05-12T23:25:32.913+0300][1042.892s][36520] GC(24742)  Metaspace       used 10759K, committed 12736K, reserved 1114112K
[2025-05-12T23:25:32.913+0300][1042.892s][36520] GC(24742)   class space    used 1076K, committed 1408K, reserved 1048576K
[2025-05-12T23:25:32.913+0300][1042.892s][36520] GC(24742) Requesting 1 active workers for full compaction (waste limited workers: 1, adaptive workers: 2, used limited workers: 12)
[2025-05-12T23:25:32.913+0300][1042.892s][36520] GC(24742) Using 1 workers of 10 for full compaction
[2025-05-12T23:25:32.913+0300][1042.892s][36520] GC(24742) Clear Bitmap
[2025-05-12T23:25:32.913+0300][1042.892s][36520] GC(24742) Running G1 Clear Bitmap with 1 workers for 1 work units.
[2025-05-12T23:25:32.913+0300][1042.892s][36520] GC(24742) Clear Bitmap 0.049ms
[2025-05-12T23:25:32.913+0300][1042.892s][36520] GC(24742) Mutator Allocation stats, regions: 0, wasted size: 0B ( 0.0%)
[2025-05-12T23:25:32.913+0300][1042.892s][36520] GC(24742) Phase 1: Mark live objects
[2025-05-12T23:25:32.921+0300][1042.899s][36520] GC(24742) Phase 1: Reference Processing
[2025-05-12T23:25:32.921+0300][1042.899s][36520] GC(24742) ReferenceProcessor::execute queues: 1, RefProcThreadModel::Single, marks_oops_alive: false
[2025-05-12T23:25:32.921+0300][1042.899s][36520] GC(24742) Skipped KeepAliveFinalRefsPhase of Reference Processing: no references
[2025-05-12T23:25:32.921+0300][1042.899s][36520] GC(24742) ReferenceProcessor::execute queues: 1, RefProcThreadModel::Single, marks_oops_alive: false
[2025-05-12T23:25:32.921+0300][1042.899s][36520] GC(24742) Reference Processing: 0.0ms
[2025-05-12T23:25:32.921+0300][1042.899s][36520] GC(24742)   Notify Soft/WeakReferences: 0.0ms
[2025-05-12T23:25:32.921+0300][1042.899s][36520] GC(24742)     SoftRef: 0.0ms
[2025-05-12T23:25:32.921+0300][1042.899s][36520] GC(24742)     WeakRef: 0.0ms
[2025-05-12T23:25:32.921+0300][1042.899s][36520] GC(24742)     FinalRef: 0.0ms
[2025-05-12T23:25:32.921+0300][1042.899s][36520] GC(24742)     Total: 0.0ms
[2025-05-12T23:25:32.921+0300][1042.899s][36520] GC(24742)   Notify and keep alive finalizable: 0.0ms
[2025-05-12T23:25:32.921+0300][1042.900s][36520] GC(24742)     FinalRef: skipped
[2025-05-12T23:25:32.921+0300][1042.900s][36520] GC(24742)   Notify PhantomReferences: 0.0ms
[2025-05-12T23:25:32.921+0300][1042.900s][36520] GC(24742)     PhantomRef: 0.0ms
[2025-05-12T23:25:32.921+0300][1042.900s][36520] GC(24742)   SoftReference Discovered: 46, Dropped: 4, Processed: 42
[2025-05-12T23:25:32.921+0300][1042.900s][36520] GC(24742)   WeakReference Discovered: 33, Dropped: 14, Processed: 19
[2025-05-12T23:25:32.921+0300][1042.900s][36520] GC(24742)   FinalReference Discovered: 0, Dropped: 0, Processed: 0
[2025-05-12T23:25:32.921+0300][1042.900s][36520] GC(24742)   PhantomReference Discovered: 23, Dropped: 23, Processed: 0
[2025-05-12T23:25:32.921+0300][1042.900s][36520] GC(24742) Phase 1: Reference Processing 0.217ms
[2025-05-12T23:25:32.921+0300][1042.900s][36520] GC(24742) Phase 1: Weak Processing
[2025-05-12T23:25:32.921+0300][1042.900s][36520] GC(24742)   VM Weak                        Min:  0.0, Avg:  0.0, Max:  0.0, Diff:  0.0, Sum:  0.0, Workers: 10
[2025-05-12T23:25:32.921+0300][1042.900s][36520] GC(24742)     Dead                           Min: 0, Avg:  2.0, Max: 20, Diff: 20, Sum: 20, Workers: 10
[2025-05-12T23:25:32.921+0300][1042.900s][36520] GC(24742)     Total                          Min: 0, Avg:  6.7, Max: 59, Diff: 59, Sum: 67, Workers: 10
[2025-05-12T23:25:32.921+0300][1042.900s][36520] GC(24742)   ObjectSynchronizer Weak        Min:  0.0, Avg:  0.0, Max:  0.0, Diff:  0.0, Sum:  0.0, Workers: 10
[2025-05-12T23:25:32.921+0300][1042.900s][36520] GC(24742)     Dead                           Min: 0, Avg:  0.0, Max: 0, Diff: 0, Sum: 0, Workers: 10
[2025-05-12T23:25:32.921+0300][1042.900s][36520] GC(24742)     Total                          Min: 0, Avg:  0.1, Max: 1, Diff: 1, Sum: 1, Workers: 10
[2025-05-12T23:25:32.921+0300][1042.900s][36520] GC(24742)   JVMTI Tag Weak OopStorage      Min:  0.0, Avg:  0.1, Max:  0.1, Diff:  0.0, Sum:  0.5, Workers: 10
[2025-05-12T23:25:32.921+0300][1042.900s][36520] GC(24742)     Dead                           Min: 0, Avg:  2.0, Max: 20, Diff: 20, Sum: 20, Workers: 10
[2025-05-12T23:25:32.921+0300][1042.900s][36520] GC(24742)     Total                          Min: 3323, Avg: 6289.9, Max: 11316, Diff: 7993, Sum: 62899, Workers: 10
[2025-05-12T23:25:32.921+0300][1042.900s][36520] GC(24742)   StringTable Weak               Min:  0.0, Avg:  0.0, Max:  0.0, Diff:  0.0, Sum:  0.2, Workers: 10
[2025-05-12T23:25:32.921+0300][1042.900s][36520] GC(24742)     Dead                           Min: 0, Avg:  7.3, Max: 28, Diff: 28, Sum: 73, Workers: 10
[2025-05-12T23:25:32.921+0300][1042.900s][36520] GC(24742)     Total                          Min: 3520, Avg: 3952.9, Max: 4992, Diff: 1472, Sum: 39529, Workers: 10
[2025-05-12T23:25:32.921+0300][1042.900s][36520] GC(24742)   ResolvedMethodTable Weak       Min:  0.0, Avg:  0.0, Max:  0.0, Diff:  0.0, Sum:  0.0, Workers: 10
[2025-05-12T23:25:32.921+0300][1042.900s][36520] GC(24742)     Dead                           Min: 0, Avg:  3.7, Max: 37, Diff: 37, Sum: 37, Workers: 10
[2025-05-12T23:25:32.921+0300][1042.900s][36520] GC(24742)     Total                          Min: 10, Avg: 56.6, Max: 123, Diff: 113, Sum: 566, Workers: 10
[2025-05-12T23:25:32.921+0300][1042.900s][36520] GC(24742)   JNI Weak                       Min:  0.0, Avg:  0.0, Max:  0.0, Diff:  0.0, Sum:  0.0, Workers: 10
[2025-05-12T23:25:32.921+0300][1042.900s][36520] GC(24742)     Dead                           Min: 0, Avg:  0.0, Max: 0, Diff: 0, Sum: 0, Workers: 10
[2025-05-12T23:25:32.921+0300][1042.900s][36520] GC(24742)     Total                          Min: 0, Avg:  1.1, Max: 11, Diff: 11, Sum: 11, Workers: 10
[2025-05-12T23:25:32.921+0300][1042.900s][36520] GC(24742)   StringDedup Table Weak         Min:  0.0, Avg:  0.0, Max:  0.0, Diff:  0.0, Sum:  0.0, Workers: 10
[2025-05-12T23:25:32.921+0300][1042.900s][36520] GC(24742)     Dead                           Min: 0, Avg:  0.0, Max: 0, Diff: 0, Sum: 0, Workers: 10
[2025-05-12T23:25:32.921+0300][1042.900s][36520] GC(24742)     Total                          Min: 0, Avg:  0.0, Max: 0, Diff: 0, Sum: 0, Workers: 10
[2025-05-12T23:25:32.921+0300][1042.900s][36520] GC(24742)   StringDedup Requests0 Weak     Min:  0.0, Avg:  0.0, Max:  0.0, Diff:  0.0, Sum:  0.0, Workers: 10
[2025-05-12T23:25:32.921+0300][1042.900s][36520] GC(24742)     Dead                           Min: 0, Avg:  0.0, Max: 0, Diff: 0, Sum: 0, Workers: 10
[2025-05-12T23:25:32.921+0300][1042.900s][36520] GC(24742)     Total                          Min: 0, Avg:  0.0, Max: 0, Diff: 0, Sum: 0, Workers: 10
[2025-05-12T23:25:32.921+0300][1042.900s][36520] GC(24742)   StringDedup Requests1 Weak     Min:  0.0, Avg:  0.0, Max:  0.0, Diff:  0.0, Sum:  0.0, Workers: 10
[2025-05-12T23:25:32.921+0300][1042.900s][36520] GC(24742)     Dead                           Min: 0, Avg:  0.0, Max: 0, Diff: 0, Sum: 0, Workers: 10
[2025-05-12T23:25:32.921+0300][1042.900s][36520] GC(24742)     Total                          Min: 0, Avg:  0.0, Max: 0, Diff: 0, Sum: 0, Workers: 10
[2025-05-12T23:25:32.921+0300][1042.900s][36520] GC(24742)   Weak JFR Old Object Samples    Min:  0.0, Avg:  0.0, Max:  0.0, Diff:  0.0, Sum:  0.0, Workers: 10
[2025-05-12T23:25:32.921+0300][1042.900s][36520] GC(24742)     Dead                           Min: 0, Avg:  0.0, Max: 0, Diff: 0, Sum: 0, Workers: 10
[2025-05-12T23:25:32.921+0300][1042.900s][36520] GC(24742)     Total                          Min: 0, Avg:  0.0, Max: 0, Diff: 0, Sum: 0, Workers: 10
[2025-05-12T23:25:32.921+0300][1042.900s][36520] GC(24742) Phase 1: Weak Processing 0.448ms
[2025-05-12T23:25:32.921+0300][1042.900s][36520] GC(24742) Phase 1: Class Unloading and Cleanup
[2025-05-12T23:25:32.921+0300][1042.900s][36520] GC(24742) ClassLoaderData
[2025-05-12T23:25:32.921+0300][1042.900s][36520] GC(24742) ClassLoaderData 0.067ms
[2025-05-12T23:25:32.921+0300][1042.900s][36520] GC(24742) Trigger cleanups
[2025-05-12T23:25:32.921+0300][1042.900s][36520] GC(24742) Trigger cleanups 0.009ms
[2025-05-12T23:25:32.925+0300][1042.904s][36520] GC(24742) Phase 1: Class Unloading and Cleanup 3.882ms
[2025-05-12T23:25:32.925+0300][1042.904s][36520] GC(24742) Report Object Count
[2025-05-12T23:25:32.925+0300][1042.904s][36520] GC(24742) Report Object Count 0.011ms
[2025-05-12T23:25:32.925+0300][1042.904s][36520] GC(24742) Phase 1: Mark live objects 12.164ms
[2025-05-12T23:25:32.925+0300][1042.904s][36520] GC(24742) Phase 2: Prepare compaction
[2025-05-12T23:25:32.925+0300][1042.904s][36520] GC(24742) Phase 2: Determine work lists
[2025-05-12T23:25:32.925+0300][1042.904s][36520] GC(24742) Phase 2: Determine work lists 0.010ms
[2025-05-12T23:25:32.925+0300][1042.904s][36520] GC(24742) Phase 2: Prepare parallel compaction
[2025-05-12T23:25:32.925+0300][1042.904s][36520] GC(24742) Phase 2: Prepare parallel compaction 0.181ms
[2025-05-12T23:25:32.925+0300][1042.904s][36520] GC(24742) Phase 2: Prepare compaction 0.220ms
[2025-05-12T23:25:32.925+0300][1042.904s][36520] GC(24742) Phase 3: Adjust pointers
[2025-05-12T23:25:32.930+0300][1042.909s][36520] GC(24742) Phase 3: Adjust pointers 4.317ms
[2025-05-12T23:25:32.930+0300][1042.909s][36520] GC(24742) Phase 4: Compact heap
[2025-05-12T23:25:32.930+0300][1042.909s][36520] GC(24742) Phase 4: Compact heap 0.182ms
[2025-05-12T23:25:32.930+0300][1042.909s][36520] GC(24742) Phase 5: Reset Metadata
[2025-05-12T23:25:32.931+0300][1042.910s][36520] GC(24742) Phase 5: Reset Metadata 1.629ms
[2025-05-12T23:25:32.931+0300][1042.911s][36520] GC(24742) Running G1 Clear Bitmap with 1 workers for 1 work units.
[2025-05-12T23:25:32.933+0300][1042.912s][36520] Old generation allocation in the last mutator period, old gen allocated: 0B, humongous allocated: 0B, old gen growth: 0B.
[2025-05-12T23:25:32.933+0300][1042.912s][36520] GC(24742) Coarsening (recent): Inline->AoC 0 (0) AoC->Howl 0 (0) Howl->Full 0 (0) Inline->AoC 0 (0) AoC->BitMap 0 (0) BitMap->Full 0 (0) 
[2025-05-12T23:25:32.933+0300][1042.912s][36520] GC(24742) Coarsening (all): Inline->AoC 10920 (0) AoC->Howl 7731 (0) Howl->Full 0 (0) Inline->AoC 10809 (0) AoC->BitMap 7399 (0) BitMap->Full 0 (0) 
[2025-05-12T23:25:32.933+0300][1042.912s][36520] GC(24742) Eden regions: 0->0(1)
[2025-05-12T23:25:32.933+0300][1042.912s][36520] GC(24742) Survivor regions: 0->0(0)
[2025-05-12T23:25:32.933+0300][1042.912s][36520] GC(24742) Old regions: 12->11
[2025-05-12T23:25:32.933+0300][1042.912s][36520] GC(24742) Humongous regions: 0->0
[2025-05-12T23:25:32.933+0300][1042.912s][36520] GC(24742) Metaspace: 10759K(12736K)->10718K(12736K) NonClass: 9683K(11328K)->9653K(11328K) Class: 1076K(1408K)->1064K(1408K)
[2025-05-12T23:25:32.933+0300][1042.912s][36520] GC(24742) Heap after GC invocations=21199 (full 7106):
[2025-05-12T23:25:32.933+0300][1042.912s][36520] GC(24742)  garbage-first heap   total 12288K, used 11213K [0x00000000ff400000, 0x0000000100000000)
[2025-05-12T23:25:32.933+0300][1042.912s][36520] GC(24742)   region size 1024K, 0 young (0K), 0 survivors (0K)
[2025-05-12T23:25:32.933+0300][1042.912s][36520] GC(24742)  Metaspace       used 10718K, committed 12736K, reserved 1114112K
[2025-05-12T23:25:32.933+0300][1042.912s][36520] GC(24742)   class space    used 1064K, committed 1408K, reserved 1048576K
[2025-05-12T23:25:32.933+0300][1042.912s][36520] GC(24742) Pause Full (G1 Compaction Pause) 11M->10M(12M) 20.905ms
[2025-05-12T23:25:32.933+0300][1042.912s][36520] GC(24742) User=0.02s Sys=0.00s Real=0.02s
[2025-05-12T23:25:32.933+0300][1042.913s][9340 ] G1 Service Thread (Card Set Free Memory Task) (run: 22.607ms) (cpu: 0.000ms)
[2025-05-12T23:25:32.933+0300][1042.913s][34628] ---------------------------------------------------------------------
[2025-05-12T23:25:32.933+0300][1042.913s][34628] Marking Stats, task = 0, calls = 0
[2025-05-12T23:25:32.933+0300][1042.913s][34628]   Elapsed time = 0.00ms, Termination time = 0.00ms
[2025-05-12T23:25:32.933+0300][1042.913s][34628]   Step Times (cum): num = 5369, avg = 0.16ms, sd = 1.55ms max = 16.00ms, total = 833.00ms
[2025-05-12T23:25:32.933+0300][1042.913s][34628]   Mark Stats Cache: hits 4501 misses 0 ratio 100.000
[2025-05-12T23:25:32.933+0300][1042.913s][34628] ---------------------------------------------------------------------
[2025-05-12T23:25:32.933+0300][1042.913s][34628] Marking Stats, task = 1, calls = 0
[2025-05-12T23:25:32.933+0300][1042.913s][34628]   Elapsed time = 0.00ms, Termination time = 0.00ms
[2025-05-12T23:25:32.933+0300][1042.913s][34628]   Step Times (cum): num = 13793, avg = 0.02ms, sd = 0.58ms max = 16.00ms, total = 296.00ms
[2025-05-12T23:25:32.933+0300][1042.913s][34628]   Mark Stats Cache: hits 2070 misses 0 ratio 100.000
[2025-05-12T23:25:32.933+0300][1042.913s][34628] ---------------------------------------------------------------------
[2025-05-12T23:25:32.933+0300][1042.913s][34628] Marking Stats, task = 2, calls = 0
[2025-05-12T23:25:32.933+0300][1042.913s][34628]   Elapsed time = 0.00ms, Termination time = 0.00ms
[2025-05-12T23:25:32.933+0300][1042.913s][34628]   Step Times (cum): num = 13231, avg = 0.02ms, sd = 0.61ms max = 16.00ms, total = 313.00ms
[2025-05-12T23:25:32.933+0300][1042.913s][34628]   Mark Stats Cache: hits 0 misses 0 ratio 0.000
[2025-05-12T23:25:32.933+0300][1042.913s][34628] ---------------------------------------------------------------------
[2025-05-12T23:25:32.933+0300][1042.913s][34628] GC(24741) Concurrent Mark From Roots 21.207ms
[2025-05-12T23:25:32.933+0300][1042.913s][34628] GC(24741) Concurrent Mark Abort
[2025-05-12T23:25:32.933+0300][1042.913s][34628] GC(24741) Concurrent Mark Cycle 21.379ms
[2025-05-12T23:25:32.962+0300][1042.941s][36520] GC(24743) Pause Young (Normal) (G1 Evacuation Pause)
[2025-05-12T23:25:32.962+0300][1042.941s][36520] GC(24743) Heap before GC invocations=21199 (full 7106):
[2025-05-12T23:25:32.962+0300][1042.941s][36520] GC(24743)  garbage-first heap   total 12288K, used 12237K [0x00000000ff400000, 0x0000000100000000)
[2025-05-12T23:25:32.962+0300][1042.941s][36520] GC(24743)   region size 1024K, 1 young (1024K), 0 survivors (0K)
[2025-05-12T23:25:32.962+0300][1042.941s][36520] GC(24743)  Metaspace       used 10759K, committed 12736K, reserved 1114112K
[2025-05-12T23:25:32.962+0300][1042.941s][36520] GC(24743)   class space    used 1076K, committed 1408K, reserved 1048576K
[2025-05-12T23:25:32.962+0300][1042.941s][36520] GC(24743) Using 2 workers of 10 for evacuation
[2025-05-12T23:25:32.962+0300][1042.941s][36520] GC(24743) Desired survivor size 524288 bytes, new threshold 15 (max threshold 15)
[2025-05-12T23:25:32.962+0300][1042.941s][36520] GC(24743) TLAB totals: thrds: 1  refills: 311 max: 311 slow allocs: 152 max 152 waste: 22.0% gc: 0B max: 0B slow: 186232B max: 186232B
[2025-05-12T23:25:32.962+0300][1042.941s][36520] GC(24743) Mutator refinement: 0.00ms, refined: 0, precleaned: 0, dirtied: 100
[2025-05-12T23:25:32.962+0300][1042.941s][36520] GC(24743) Concurrent refinement: 0.00ms, refined: 0, precleaned: 0, dirtied: 0
[2025-05-12T23:25:32.962+0300][1042.941s][36520] GC(24743) Total refinement: 0.00ms, refined: 0, precleaned: 0, dirtied: 100
[2025-05-12T23:25:32.962+0300][1042.941s][36520] GC(24743) Generate dirty cards rate: 3.51 cards/ms
[2025-05-12T23:25:32.962+0300][1042.941s][36520] GC(24743) Mutator Allocation stats, regions: 1, wasted size: 1040B ( 0.1%)
[2025-05-12T23:25:32.962+0300][1042.941s][36520] GC(24743) No candidates to reclaim.
[2025-05-12T23:25:32.962+0300][1042.941s][36520] GC(24743) Running G1 Merge Heap Roots using 2 workers for 1 regions
[2025-05-12T23:25:32.962+0300][1042.941s][36520] GC(24743) Visited cards 1056 Total dirty 12288 (8.59%) Total old 26624 (3.97%)
[2025-05-12T23:25:32.962+0300][1042.941s][33800] GC(24743) Attempt heap expansion (region allocation request failed). Allocation request: 2064B
[2025-05-12T23:25:32.962+0300][1042.941s][33800] GC(24743) Did not expand the heap (heap already fully expanded)
[2025-05-12T23:25:32.962+0300][1042.941s][36520] GC(24743) ReferenceProcessor::execute queues: 1, RefProcThreadModel::Single, marks_oops_alive: false
[2025-05-12T23:25:32.962+0300][1042.941s][36520] GC(24743) Skipped KeepAliveFinalRefsPhase of Reference Processing: no references
[2025-05-12T23:25:32.962+0300][1042.941s][36520] GC(24743) Skipped PhantomRefsPhase of Reference Processing: no references
[2025-05-12T23:25:32.962+0300][1042.941s][36520] GC(24743) Initializing removing self forwards with 64 chunks per region
[2025-05-12T23:25:32.962+0300][1042.942s][36520] GC(24743) Running G1 Rebuild Free List Task using 2 workers for rebuilding free list of regions
[2025-05-12T23:25:32.963+0300][1042.942s][36520] GC(24743) Young PLAB allocation: allocated: 0B, wasted: 0B, unused: 0B, used: 0B, undo waste: 0B, 
[2025-05-12T23:25:32.963+0300][1042.942s][36520] GC(24743) Young other allocation: region end waste: 0B, regions filled: 0, num plab filled: 2, direct allocated: 0B, num direct allocated: 0, failure used: 0B, failure wasted: 0B
[2025-05-12T23:25:32.963+0300][1042.942s][36520] GC(24743) Young sizing: calculated: 0B, actual: 2064B
[2025-05-12T23:25:32.963+0300][1042.942s][36520] GC(24743) Old PLAB allocation: allocated: 0B, wasted: 0B, unused: 0B, used: 0B, undo waste: 0B, 
[2025-05-12T23:25:32.963+0300][1042.942s][36520] GC(24743) Old other allocation: region end waste: 0B, regions filled: 0, num plab filled: 2, direct allocated: 0B, num direct allocated: 0, failure used: 151432B, failure wasted: 897144B
[2025-05-12T23:25:32.963+0300][1042.942s][36520] GC(24743) Old sizing: calculated: 0B, actual: 2064B
[2025-05-12T23:25:32.963+0300][1042.942s][36520] GC(24743) Heap expansion: short term pause time ratio 40.02% long term pause time ratio 41.23% threshold 7.69% pause time ratio 7.69% fully expanded true resize by 0B
[2025-05-12T23:25:32.963+0300][1042.942s][36520] GC(24743) Request concurrent cycle initiation (occupancy higher than threshold) occupancy: 12582912B allocation request: 0B threshold: 3657635B (29.07) source: end of GC
[2025-05-12T23:25:32.963+0300][1042.942s][36520] GC(24743) MMU: 6.0ms (200.0ms/201.0ms)
[2025-05-12T23:25:32.963+0300][1042.942s][36520] Old generation allocation in the last mutator period, old gen allocated: 1048576B, humongous allocated: 0B, old gen growth: 1048576B.
[2025-05-12T23:25:32.963+0300][1042.942s][9340 ] G1 Service Thread (Card Set Free Memory Task) (run 0.043ms after schedule)
[2025-05-12T23:25:32.963+0300][1042.942s][36520] GC(24743) Basic information (value update), threshold: 3711445B (29.50), target occupancy: 12582912B, current occupancy: 12531152B, recent allocation size: 1048576B, recent allocation duration: 28.48ms, recent old gen allocation rate: 36822502.77B/s, recent marking phase length: 120.12ms
[2025-05-12T23:25:32.963+0300][1042.942s][36520] GC(24743) Adaptive IHOP information (value update), threshold: 3711445B (34.70), internal target occupancy: 10695475B, occupancy: 12531152B, additional buffer size: 1048576B, predicted old gen allocation rate: 49182246.40B/s, predicted marking phase length: 120.68ms, prediction active: true
[2025-05-12T23:25:32.963+0300][1042.942s][36520] GC(24743) GC refinement: goal: 18446744073709551615 + 105 / 20.00ms, actual: 100 / 0.04ms, 
[2025-05-12T23:25:32.963+0300][1042.942s][36520] GC(24743) Unchanged pending cards target: 18446744073709551615
[2025-05-12T23:25:32.963+0300][1042.942s][36520] GC(24743)   Pre Evacuate Collection Set: 0.1ms
[2025-05-12T23:25:32.963+0300][1042.942s][36520] GC(24743)     Pre Evacuate Prepare: 0.0ms
[2025-05-12T23:25:32.963+0300][1042.942s][36520] GC(24743)       JT Retire TLABs And Flush Logs (ms): Min:  0.0, Avg:  0.0, Max:  0.0, Diff:  0.0, Sum:  0.0, Workers: 2
[2025-05-12T23:25:32.963+0300][1042.942s][36520] GC(24743)       Non-JT Flush Logs (ms):        Min:  0.0, Avg:  0.0, Max:  0.0, Diff:  0.0, Sum:  0.0, Workers: 1
[2025-05-12T23:25:32.963+0300][1042.942s][36520] GC(24743)     Choose Collection Set: 0.0ms
[2025-05-12T23:25:32.963+0300][1042.942s][36520] GC(24743)     Region Register: 0.0ms
[2025-05-12T23:25:32.963+0300][1042.942s][36520] GC(24743)     Prepare Heap Roots: 0.0ms
[2025-05-12T23:25:32.963+0300][1042.942s][36520] GC(24743)   Merge Heap Roots: 0.1ms
[2025-05-12T23:25:32.963+0300][1042.942s][36520] GC(24743)     Prepare Merge Heap Roots: 0.0ms
[2025-05-12T23:25:32.963+0300][1042.942s][36520] GC(24743)     Remembered Sets (ms):          Min:  0.0, Avg:  0.0, Max:  0.0, Diff:  0.0, Sum:  0.0, Workers: 2
[2025-05-12T23:25:32.963+0300][1042.942s][36520] GC(24743)       Eager Reclaim (ms):            skipped
[2025-05-12T23:25:32.963+0300][1042.942s][36520] GC(24743)       Merged Inline                  Min: 0, Avg:  0.0, Max: 0, Diff: 0, Sum: 0, Workers: 2
[2025-05-12T23:25:32.963+0300][1042.942s][36520] GC(24743)       Merged ArrayOfCards            Min: 0, Avg:  0.0, Max: 0, Diff: 0, Sum: 0, Workers: 2
[2025-05-12T23:25:32.963+0300][1042.942s][36520] GC(24743)       Merged Howl                    Min: 0, Avg:  0.0, Max: 0, Diff: 0, Sum: 0, Workers: 2
[2025-05-12T23:25:32.963+0300][1042.942s][36520] GC(24743)       Merged Full                    Min: 0, Avg:  0.0, Max: 0, Diff: 0, Sum: 0, Workers: 2
[2025-05-12T23:25:32.963+0300][1042.942s][36520] GC(24743)       Merged Howl Inline             Min: 0, Avg:  0.0, Max: 0, Diff: 0, Sum: 0, Workers: 2
[2025-05-12T23:25:32.963+0300][1042.942s][36520] GC(24743)       Merged Howl ArrayOfCards       Min: 0, Avg:  0.0, Max: 0, Diff: 0, Sum: 0, Workers: 2
[2025-05-12T23:25:32.963+0300][1042.942s][36520] GC(24743)       Merged Howl BitMap             Min: 0, Avg:  0.0, Max: 0, Diff: 0, Sum: 0, Workers: 2
[2025-05-12T23:25:32.963+0300][1042.942s][36520] GC(24743)       Merged Howl Full               Min: 0, Avg:  0.0, Max: 0, Diff: 0, Sum: 0, Workers: 2
[2025-05-12T23:25:32.963+0300][1042.942s][36520] GC(24743)       Merged Cards                   Min: 8, Avg:  8.0, Max: 8, Diff: 0, Sum: 16, Workers: 2
[2025-05-12T23:25:32.963+0300][1042.942s][36520] GC(24743)     Log Buffers (ms):              Min:  0.0, Avg:  0.0, Max:  0.0, Diff:  0.0, Sum:  0.0, Workers: 2
[2025-05-12T23:25:32.963+0300][1042.942s][36520] GC(24743)       Dirty Cards:                   Min: 22, Avg: 50.0, Max: 78, Diff: 56, Sum: 100, Workers: 2
[2025-05-12T23:25:32.963+0300][1042.942s][36520] GC(24743)       Skipped Cards:                 Min: 0, Avg:  0.0, Max: 0, Diff: 0, Sum: 0, Workers: 2
[2025-05-12T23:25:32.963+0300][1042.942s][36520] GC(24743)   Evacuate Collection Set: 0.3ms
[2025-05-12T23:25:32.963+0300][1042.942s][36520] GC(24743)     Ext Root Scanning (ms):        Min:  0.1, Avg:  0.1, Max:  0.1, Diff:  0.0, Sum:  0.2, Workers: 2
[2025-05-12T23:25:32.963+0300][1042.942s][36520] GC(24743)     Scan Heap Roots (ms):          Min:  0.0, Avg:  0.0, Max:  0.0, Diff:  0.0, Sum:  0.1, Workers: 2
[2025-05-12T23:25:32.963+0300][1042.942s][36520] GC(24743)       Scanned Cards:                 Min: 50, Avg: 50.0, Max: 50, Diff: 0, Sum: 100, Workers: 2
[2025-05-12T23:25:32.963+0300][1042.942s][36520] GC(24743)       Scanned Blocks:                Min: 32, Avg: 33.5, Max: 35, Diff: 3, Sum: 67, Workers: 2
[2025-05-12T23:25:32.963+0300][1042.942s][36520] GC(24743)       Claimed Chunks:                Min: 15, Avg: 16.5, Max: 18, Diff: 3, Sum: 33, Workers: 2
[2025-05-12T23:25:32.963+0300][1042.942s][36520] GC(24743)       Found Roots:                   Min: 35, Avg: 58.5, Max: 82, Diff: 47, Sum: 117, Workers: 2
[2025-05-12T23:25:32.963+0300][1042.942s][36520] GC(24743)     Code Root Scan (ms):           Min:  0.0, Avg:  0.0, Max:  0.0, Diff:  0.0, Sum:  0.0, Workers: 2
[2025-05-12T23:25:32.963+0300][1042.942s][36520] GC(24743)     Object Copy (ms):              Min:  0.1, Avg:  0.1, Max:  0.1, Diff:  0.0, Sum:  0.2, Workers: 2
[2025-05-12T23:25:32.963+0300][1042.942s][36520] GC(24743)     Termination (ms):              Min:  0.0, Avg:  0.0, Max:  0.0, Diff:  0.0, Sum:  0.0, Workers: 2
[2025-05-12T23:25:32.963+0300][1042.942s][36520] GC(24743)       Termination Attempts:          Min: 1, Avg:  1.0, Max: 1, Diff: 0, Sum: 2, Workers: 2
[2025-05-12T23:25:32.963+0300][1042.942s][36520] GC(24743)     GC Worker Other (ms):          Min:  0.0, Avg:  0.0, Max:  0.0, Diff:  0.0, Sum:  0.0, Workers: 2
[2025-05-12T23:25:32.963+0300][1042.942s][36520] GC(24743)     GC Worker Total (ms):          Min:  0.3, Avg:  0.3, Max:  0.3, Diff:  0.0, Sum:  0.5, Workers: 2
[2025-05-12T23:25:32.963+0300][1042.942s][36520] GC(24743)   Post Evacuate Collection Set: 0.4ms
[2025-05-12T23:25:32.963+0300][1042.942s][36520] GC(24743)     NMethod List Cleanup: 0.0ms
[2025-05-12T23:25:32.963+0300][1042.942s][36520] GC(24743)     Reference Processing: 0.1ms
[2025-05-12T23:25:32.963+0300][1042.942s][36520] GC(24743)       Notify Soft/WeakReferences: 0.0ms
[2025-05-12T23:25:32.963+0300][1042.942s][36520] GC(24743)         SoftRef (ms):                  Min:  0.0, Avg:  0.0, Max:  0.0, Diff:  0.0, Sum:  0.0, Workers: 1
[2025-05-12T23:25:32.963+0300][1042.942s][36520] GC(24743)         WeakRef (ms):                  Min:  0.0, Avg:  0.0, Max:  0.0, Diff:  0.0, Sum:  0.0, Workers: 1
[2025-05-12T23:25:32.963+0300][1042.942s][36520] GC(24743)         FinalRef (ms):                 Min:  0.0, Avg:  0.0, Max:  0.0, Diff:  0.0, Sum:  0.0, Workers: 1
[2025-05-12T23:25:32.963+0300][1042.942s][36520] GC(24743)         Total (ms):                    Min:  0.0, Avg:  0.0, Max:  0.0, Diff:  0.0, Sum:  0.0, Workers: 1
[2025-05-12T23:25:32.963+0300][1042.942s][36520] GC(24743)       Notify and keep alive finalizable: 0.0ms
[2025-05-12T23:25:32.963+0300][1042.942s][36520] GC(24743)         FinalRef (ms):                 skipped
[2025-05-12T23:25:32.963+0300][1042.942s][36520] GC(24743)       Notify PhantomReferences: 0.0ms
[2025-05-12T23:25:32.963+0300][1042.942s][36520] GC(24743)         PhantomRef (ms):               skipped
[2025-05-12T23:25:32.963+0300][1042.942s][36520] GC(24743)       SoftReference Discovered: 0, Dropped: 0, Processed: 0
[2025-05-12T23:25:32.963+0300][1042.942s][36520] GC(24743)       WeakReference Discovered: 26, Dropped: 3, Processed: 23
[2025-05-12T23:25:32.963+0300][1042.942s][36520] GC(24743)       FinalReference Discovered: 0, Dropped: 0, Processed: 0
[2025-05-12T23:25:32.963+0300][1042.942s][36520] GC(24743)       PhantomReference Discovered: 0, Dropped: 0, Processed: 0
[2025-05-12T23:25:32.963+0300][1042.942s][36520] GC(24743)     Weak Processing: 0.1ms
[2025-05-12T23:25:32.963+0300][1042.942s][36520] GC(24743)       VM Weak                        Min:  0.0, Avg:  0.0, Max:  0.0, Diff:  0.0, Sum:  0.0, Workers: 10
[2025-05-12T23:25:32.963+0300][1042.942s][36520] GC(24743)         Dead                           Min: 0, Avg:  0.0, Max: 0, Diff: 0, Sum: 0, Workers: 10
[2025-05-12T23:25:32.963+0300][1042.942s][36520] GC(24743)         Total                          Min: 0, Avg:  6.7, Max: 62, Diff: 62, Sum: 67, Workers: 10
[2025-05-12T23:25:32.963+0300][1042.942s][36520] GC(24743)       ObjectSynchronizer Weak        Min:  0.0, Avg:  0.0, Max:  0.0, Diff:  0.0, Sum:  0.0, Workers: 10
[2025-05-12T23:25:32.963+0300][1042.942s][36520] GC(24743)         Dead                           Min: 0, Avg:  0.0, Max: 0, Diff: 0, Sum: 0, Workers: 10
[2025-05-12T23:25:32.963+0300][1042.942s][36520] GC(24743)         Total                          Min: 0, Avg:  0.1, Max: 1, Diff: 1, Sum: 1, Workers: 10
[2025-05-12T23:25:32.963+0300][1042.942s][36520] GC(24743)       JVMTI Tag Weak OopStorage      Min:  0.1, Avg:  0.1, Max:  0.1, Diff:  0.0, Sum:  0.6, Workers: 10
[2025-05-12T23:25:32.963+0300][1042.942s][36520] GC(24743)         Dead                           Min: 0, Avg:  0.0, Max: 0, Diff: 0, Sum: 0, Workers: 10
[2025-05-12T23:25:32.963+0300][1042.942s][36520] GC(24743)         Total                          Min: 5730, Avg: 6289.9, Max: 7181, Diff: 1451, Sum: 62899, Workers: 10
[2025-05-12T23:25:32.963+0300][1042.942s][36520] GC(24743)       StringTable Weak               Min:  0.0, Avg:  0.0, Max:  0.0, Diff:  0.0, Sum:  0.2, Workers: 10
[2025-05-12T23:25:32.963+0300][1042.942s][36520] GC(24743)         Dead                           Min: 0, Avg:  1.7, Max: 5, Diff: 5, Sum: 17, Workers: 10
[2025-05-12T23:25:32.963+0300][1042.942s][36520] GC(24743)         Total                          Min: 3455, Avg: 3952.9, Max: 4288, Diff: 833, Sum: 39529, Workers: 10
[2025-05-12T23:25:32.963+0300][1042.942s][36520] GC(24743)       ResolvedMethodTable Weak       Min:  0.0, Avg:  0.0, Max:  0.0, Diff:  0.0, Sum:  0.0, Workers: 10
[2025-05-12T23:25:32.963+0300][1042.942s][36520] GC(24743)         Dead                           Min: 0, Avg:  0.0, Max: 0, Diff: 0, Sum: 0, Workers: 10
[2025-05-12T23:25:32.963+0300][1042.942s][36520] GC(24743)         Total                          Min: 0, Avg: 58.1, Max: 128, Diff: 128, Sum: 581, Workers: 10
[2025-05-12T23:25:32.963+0300][1042.942s][36520] GC(24743)       JNI Weak                       Min:  0.0, Avg:  0.0, Max:  0.0, Diff:  0.0, Sum:  0.0, Workers: 10
[2025-05-12T23:25:32.963+0300][1042.942s][36520] GC(24743)         Dead                           Min: 0, Avg:  0.0, Max: 0, Diff: 0, Sum: 0, Workers: 10
[2025-05-12T23:25:32.963+0300][1042.942s][36520] GC(24743)         Total                          Min: 0, Avg:  1.1, Max: 11, Diff: 11, Sum: 11, Workers: 10
[2025-05-12T23:25:32.963+0300][1042.942s][36520] GC(24743)       StringDedup Table Weak         Min:  0.0, Avg:  0.0, Max:  0.0, Diff:  0.0, Sum:  0.0, Workers: 10
[2025-05-12T23:25:32.963+0300][1042.942s][36520] GC(24743)         Dead                           Min: 0, Avg:  0.0, Max: 0, Diff: 0, Sum: 0, Workers: 10
[2025-05-12T23:25:32.963+0300][1042.942s][36520] GC(24743)         Total                          Min: 0, Avg:  0.0, Max: 0, Diff: 0, Sum: 0, Workers: 10
[2025-05-12T23:25:32.963+0300][1042.942s][36520] GC(24743)       StringDedup Requests0 Weak     Min:  0.0, Avg:  0.0, Max:  0.0, Diff:  0.0, Sum:  0.0, Workers: 10
[2025-05-12T23:25:32.963+0300][1042.942s][36520] GC(24743)         Dead                           Min: 0, Avg:  0.0, Max: 0, Diff: 0, Sum: 0, Workers: 10
[2025-05-12T23:25:32.963+0300][1042.942s][36520] GC(24743)         Total                          Min: 0, Avg:  0.0, Max: 0, Diff: 0, Sum: 0, Workers: 10
[2025-05-12T23:25:32.963+0300][1042.942s][36520] GC(24743)       StringDedup Requests1 Weak     Min:  0.0, Avg:  0.0, Max:  0.0, Diff:  0.0, Sum:  0.0, Workers: 10
[2025-05-12T23:25:32.963+0300][1042.943s][36520] GC(24743)         Dead                           Min: 0, Avg:  0.0, Max: 0, Diff: 0, Sum: 0, Workers: 10
[2025-05-12T23:25:32.963+0300][1042.943s][36520] GC(24743)         Total                          Min: 0, Avg:  0.0, Max: 0, Diff: 0, Sum: 0, Workers: 10
[2025-05-12T23:25:32.963+0300][1042.943s][36520] GC(24743)       Weak JFR Old Object Samples    Min:  0.0, Avg:  0.0, Max:  0.0, Diff:  0.0, Sum:  0.0, Workers: 10
[2025-05-12T23:25:32.963+0300][1042.943s][36520] GC(24743)         Dead                           Min: 0, Avg:  0.0, Max: 0, Diff: 0, Sum: 0, Workers: 10
[2025-05-12T23:25:32.963+0300][1042.943s][36520] GC(24743)         Total                          Min: 0, Avg:  0.0, Max: 0, Diff: 0, Sum: 0, Workers: 10
[2025-05-12T23:25:32.963+0300][1042.943s][36520] GC(24743)     Post Evacuate Cleanup 1: 0.1ms
[2025-05-12T23:25:32.963+0300][1042.943s][36520] GC(24743)       Merge Per-Thread State (ms):   Min:  0.0, Avg:  0.0, Max:  0.0, Diff:  0.0, Sum:  0.0, Workers: 1
[2025-05-12T23:25:32.964+0300][1042.943s][36520] GC(24743)         Copied Bytes                   Min: 0, Avg:  0.0, Max: 0, Diff: 0, Sum: 0, Workers: 2
[2025-05-12T23:25:32.964+0300][1042.943s][36520] GC(24743)         LAB Waste                      Min: 0, Avg:  0.0, Max: 0, Diff: 0, Sum: 0, Workers: 2
[2025-05-12T23:25:32.964+0300][1042.943s][36520] GC(24743)         LAB Undo Waste                 Min: 0, Avg:  0.0, Max: 0, Diff: 0, Sum: 0, Workers: 2
[2025-05-12T23:25:32.964+0300][1042.943s][36520] GC(24743)       Clear Logged Cards (ms):       Min:  0.0, Avg:  0.0, Max:  0.0, Diff:  0.0, Sum:  0.0, Workers: 2
[2025-05-12T23:25:32.964+0300][1042.943s][36520] GC(24743)       Recalculate Used Memory (ms):  Min:  0.0, Avg:  0.0, Max:  0.0, Diff:  0.0, Sum:  0.0, Workers: 1
[2025-05-12T23:25:32.964+0300][1042.943s][36520] GC(24743)       Restore Retained Regions (ms): Min:  0.0, Avg:  0.0, Max:  0.0, Diff:  0.0, Sum:  0.1, Workers: 2
[2025-05-12T23:25:32.964+0300][1042.943s][36520] GC(24743)         Evacuation Failure Regions:    Min: 1, Avg:  1.0, Max: 1, Diff: 0, Sum: 1, Workers: 1
[2025-05-12T23:25:32.964+0300][1042.943s][36520] GC(24743)         Remove Self Forwards (ms):     Min:  0.0, Avg:  0.0, Max:  0.0, Diff:  0.0, Sum:  0.1, Workers: 2
[2025-05-12T23:25:32.964+0300][1042.943s][36520] GC(24743)           Forward Chunks:                Min: 25, Avg: 26.0, Max: 27, Diff: 2, Sum: 52, Workers: 2
[2025-05-12T23:25:32.964+0300][1042.943s][36520] GC(24743)           Empty Forward Chunks:          Min: 12, Avg: 12.0, Max: 12, Diff: 0, Sum: 12, Workers: 1
[2025-05-12T23:25:32.964+0300][1042.943s][36520] GC(24743)           Forward Objects:               Min: 1345, Avg: 1431.0, Max: 1517, Diff: 172, Sum: 2862, Workers: 2
[2025-05-12T23:25:32.964+0300][1042.943s][36520] GC(24743)           Forward Bytes:                 Min: 71360, Avg: 75716.0, Max: 80072, Diff: 8712, Sum: 151432, Workers: 2
[2025-05-12T23:25:32.964+0300][1042.943s][36520] GC(24743)     Post Evacuate Cleanup 2: 0.0ms
[2025-05-12T23:25:32.964+0300][1042.943s][36520] GC(24743)       Recalculate Used Memory (ms):  Min:  0.0, Avg:  0.0, Max:  0.0, Diff:  0.0, Sum:  0.0, Workers: 1
[2025-05-12T23:25:32.964+0300][1042.943s][36520] GC(24743)       Restore Preserved Marks (ms):  Min:  0.0, Avg:  0.0, Max:  0.0, Diff:  0.0, Sum:  0.0, Workers: 2
[2025-05-12T23:25:32.964+0300][1042.943s][36520] GC(24743)       Clear Retained Region Bitmaps (ms): Min:  0.0, Avg:  0.0, Max:  0.0, Diff:  0.0, Sum:  0.0, Workers: 2
[2025-05-12T23:25:32.964+0300][1042.943s][36520] GC(24743)       Update Derived Pointers (ms):  Min:  0.0, Avg:  0.0, Max:  0.0, Diff:  0.0, Sum:  0.0, Workers: 1
[2025-05-12T23:25:32.964+0300][1042.943s][36520] GC(24743)       Eagerly Reclaim Humongous Objects (ms): skipped
[2025-05-12T23:25:32.964+0300][1042.943s][36520] GC(24743)         Humongous Total                skipped
[2025-05-12T23:25:32.964+0300][1042.943s][36520] GC(24743)         Humongous Candidates           skipped
[2025-05-12T23:25:32.964+0300][1042.943s][36520] GC(24743)         Humongous Reclaimed            skipped
[2025-05-12T23:25:32.964+0300][1042.943s][36520] GC(24743)       Redirty Logged Cards (ms):     Min:  0.0, Avg:  0.0, Max:  0.0, Diff:  0.0, Sum:  0.0, Workers: 2
[2025-05-12T23:25:32.964+0300][1042.943s][36520] GC(24743)         Redirtied Cards:               Min: 0, Avg:  0.0, Max: 0, Diff: 0, Sum: 0, Workers: 2
[2025-05-12T23:25:32.964+0300][1042.943s][36520] GC(24743)       Resize TLABs (ms):             Min:  0.0, Avg:  0.0, Max:  0.0, Diff:  0.0, Sum:  0.0, Workers: 2
[2025-05-12T23:25:32.964+0300][1042.943s][36520] GC(24743)       Free Collection Set (ms):      Min:  0.0, Avg:  0.0, Max:  0.0, Diff:  0.0, Sum:  0.0, Workers: 2
[2025-05-12T23:25:32.964+0300][1042.943s][36520] GC(24743)     Rebuild Free List: 0.1ms
[2025-05-12T23:25:32.964+0300][1042.943s][36520] GC(24743)     Prepare For Mutator: 0.1ms
[2025-05-12T23:25:32.964+0300][1042.943s][36520] GC(24743)     Expand Heap After Collection: 0.0ms
[2025-05-12T23:25:32.964+0300][1042.943s][36520] GC(24743)   Other: 0.2ms
[2025-05-12T23:25:32.964+0300][1042.943s][36520] GC(24743) Coarsening (recent): Inline->AoC 0 (0) AoC->Howl 0 (0) Howl->Full 0 (0) Inline->AoC 0 (0) AoC->BitMap 0 (0) BitMap->Full 0 (0) 
[2025-05-12T23:25:32.964+0300][1042.943s][36520] GC(24743) Coarsening (all): Inline->AoC 10920 (0) AoC->Howl 7731 (0) Howl->Full 0 (0) Inline->AoC 10809 (0) AoC->BitMap 7399 (0) BitMap->Full 0 (0) 
[2025-05-12T23:25:32.964+0300][1042.943s][36520] GC(24743) Eden regions: 1->0(0)
[2025-05-12T23:25:32.964+0300][1042.943s][36520] GC(24743) Survivor regions: 0->0(0)
[2025-05-12T23:25:32.964+0300][1042.943s][36520] GC(24743) Old regions: 11->12
[2025-05-12T23:25:32.964+0300][1042.943s][36520] GC(24743) Humongous regions: 0->0
[2025-05-12T23:25:32.964+0300][1042.943s][36520] GC(24743) Metaspace: 10759K(12736K)->10759K(12736K) NonClass: 9683K(11328K)->9683K(11328K) Class: 1076K(1408K)->1076K(1408K)
[2025-05-12T23:25:32.964+0300][1042.943s][36520] GC(24743) Heap after GC invocations=21200 (full 7106):
[2025-05-12T23:25:32.964+0300][1042.943s][36520] GC(24743)  garbage-first heap   total 12288K, used 12237K [0x00000000ff400000, 0x0000000100000000)
[2025-05-12T23:25:32.964+0300][1042.943s][36520] GC(24743)   region size 1024K, 0 young (0K), 0 survivors (0K)
[2025-05-12T23:25:32.964+0300][1042.943s][36520] GC(24743)  Metaspace       used 10759K, committed 12736K, reserved 1114112K
[2025-05-12T23:25:32.964+0300][1042.943s][36520] GC(24743)   class space    used 1076K, committed 1408K, reserved 1048576K
[2025-05-12T23:25:32.964+0300][1042.943s][36520] GC(24743) Pause Young (Normal) (G1 Evacuation Pause) (Evacuation Failure) 11M->11M(12M) 2.358ms
[2025-05-12T23:25:32.964+0300][1042.943s][36520] GC(24743) User=0.00s Sys=0.00s Real=0.00s
[2025-05-12T23:25:32.964+0300][1042.943s][36520] Attempt heap expansion (allocation request failed). Allocation request: 2048B
[2025-05-12T23:25:32.964+0300][1042.943s][36520] Expand the heap. requested expansion amount: 1048576B expansion amount: 1048576B
[2025-05-12T23:25:32.964+0300][1042.943s][36520] Did not expand the heap (heap already fully expanded)
[2025-05-12T23:25:32.964+0300][1042.943s][36520] Attempting full compaction
[2025-05-12T23:25:32.964+0300][1042.943s][36520] GC(24744) Pause Full (G1 Compaction Pause)
[2025-05-12T23:25:32.964+0300][1042.943s][36520] GC(24744) Heap before GC invocations=21200 (full 7106):
[2025-05-12T23:25:32.964+0300][1042.943s][36520] GC(24744)  garbage-first heap   total 12288K, used 12237K [0x00000000ff400000, 0x0000000100000000)
[2025-05-12T23:25:32.964+0300][1042.943s][36520] GC(24744)   region size 1024K, 0 young (0K), 0 survivors (0K)
[2025-05-12T23:25:32.964+0300][1042.943s][36520] GC(24744)  Metaspace       used 10759K, committed 12736K, reserved 1114112K
[2025-05-12T23:25:32.964+0300][1042.943s][36520] GC(24744)   class space    used 1076K, committed 1408K, reserved 1048576K
[2025-05-12T23:25:32.964+0300][1042.943s][36520] GC(24744) Requesting 1 active workers for full compaction (waste limited workers: 1, adaptive workers: 2, used limited workers: 12)
[2025-05-12T23:25:32.964+0300][1042.943s][36520] GC(24744) Using 1 workers of 10 for full compaction
[2025-05-12T23:25:32.964+0300][1042.943s][36520] GC(24744) Mutator Allocation stats, regions: 0, wasted size: 0B ( 0.0%)
[2025-05-12T23:25:32.964+0300][1042.943s][36520] GC(24744) Phase 1: Mark live objects
[2025-05-12T23:25:32.972+0300][1042.951s][36520] GC(24744) Phase 1: Reference Processing
[2025-05-12T23:25:32.972+0300][1042.951s][36520] GC(24744) ReferenceProcessor::execute queues: 1, RefProcThreadModel::Single, marks_oops_alive: false
[2025-05-12T23:25:32.972+0300][1042.951s][36520] GC(24744) Skipped KeepAliveFinalRefsPhase of Reference Processing: no references
[2025-05-12T23:25:32.972+0300][1042.951s][36520] GC(24744) ReferenceProcessor::execute queues: 1, RefProcThreadModel::Single, marks_oops_alive: false
[2025-05-12T23:25:32.972+0300][1042.951s][36520] GC(24744) Reference Processing: 0.0ms
[2025-05-12T23:25:32.972+0300][1042.951s][36520] GC(24744)   Notify Soft/WeakReferences: 0.0ms
[2025-05-12T23:25:32.972+0300][1042.951s][36520] GC(24744)     SoftRef: 0.0ms
[2025-05-12T23:25:32.972+0300][1042.951s][36520] GC(24744)     WeakRef: 0.0ms
[2025-05-12T23:25:32.972+0300][1042.951s][36520] GC(24744)     FinalRef: 0.0ms
[2025-05-12T23:25:32.972+0300][1042.951s][36520] GC(24744)     Total: 0.0ms
[2025-05-12T23:25:32.972+0300][1042.951s][36520] GC(24744)   Notify and keep alive finalizable: 0.0ms
[2025-05-12T23:25:32.972+0300][1042.951s][36520] GC(24744)     FinalRef: skipped
[2025-05-12T23:25:32.972+0300][1042.951s][36520] GC(24744)   Notify PhantomReferences: 0.0ms
[2025-05-12T23:25:32.972+0300][1042.951s][36520] GC(24744)     PhantomRef: 0.0ms
[2025-05-12T23:25:32.972+0300][1042.951s][36520] GC(24744)   SoftReference Discovered: 46, Dropped: 4, Processed: 42
[2025-05-12T23:25:32.972+0300][1042.951s][36520] GC(24744)   WeakReference Discovered: 34, Dropped: 13, Processed: 21
[2025-05-12T23:25:32.972+0300][1042.951s][36520] GC(24744)   FinalReference Discovered: 0, Dropped: 0, Processed: 0
[2025-05-12T23:25:32.972+0300][1042.951s][36520] GC(24744)   PhantomReference Discovered: 23, Dropped: 23, Processed: 0
[2025-05-12T23:25:32.972+0300][1042.951s][36520] GC(24744) Phase 1: Reference Processing 0.419ms
[2025-05-12T23:25:32.972+0300][1042.951s][36520] GC(24744) Phase 1: Weak Processing
[2025-05-12T23:25:32.972+0300][1042.951s][36520] GC(24744)   VM Weak                        Min:  0.0, Avg:  0.0, Max:  0.0, Diff:  0.0, Sum:  0.0, Workers: 10
[2025-05-12T23:25:32.972+0300][1042.951s][36520] GC(24744)     Dead                           Min: 0, Avg:  2.1, Max: 21, Diff: 21, Sum: 21, Workers: 10
[2025-05-12T23:25:32.972+0300][1042.951s][36520] GC(24744)     Total                          Min: 0, Avg:  6.7, Max: 67, Diff: 67, Sum: 67, Workers: 10
[2025-05-12T23:25:32.972+0300][1042.951s][36520] GC(24744)   ObjectSynchronizer Weak        Min:  0.0, Avg:  0.0, Max:  0.0, Diff:  0.0, Sum:  0.0, Workers: 10
[2025-05-12T23:25:32.972+0300][1042.951s][36520] GC(24744)     Dead                           Min: 0, Avg:  0.0, Max: 0, Diff: 0, Sum: 0, Workers: 10
[2025-05-12T23:25:32.972+0300][1042.951s][36520] GC(24744)     Total                          Min: 0, Avg:  0.1, Max: 1, Diff: 1, Sum: 1, Workers: 10
[2025-05-12T23:25:32.972+0300][1042.951s][36520] GC(24744)   JVMTI Tag Weak OopStorage      Min:  0.1, Avg:  0.1, Max:  0.1, Diff:  0.0, Sum:  0.6, Workers: 10
[2025-05-12T23:25:32.972+0300][1042.951s][36520] GC(24744)     Dead                           Min: 0, Avg:  2.1, Max: 21, Diff: 21, Sum: 21, Workers: 10
[2025-05-12T23:25:32.972+0300][1042.951s][36520] GC(24744)     Total                          Min: 3753, Avg: 6289.9, Max: 7532, Diff: 3779, Sum: 62899, Workers: 10
[2025-05-12T23:25:32.972+0300][1042.951s][36520] GC(24744)   StringTable Weak               Min:  0.0, Avg:  0.0, Max:  0.0, Diff:  0.0, Sum:  0.3, Workers: 10
[2025-05-12T23:25:32.972+0300][1042.951s][36520] GC(24744)     Dead                           Min: 0, Avg: 14.1, Max: 53, Diff: 53, Sum: 141, Workers: 10
[2025-05-12T23:25:32.972+0300][1042.951s][36520] GC(24744)     Total                          Min: 3709, Avg: 3952.9, Max: 4096, Diff: 387, Sum: 39529, Workers: 10
[2025-05-12T23:25:32.972+0300][1042.951s][36520] GC(24744)   ResolvedMethodTable Weak       Min:  0.0, Avg:  0.0, Max:  0.0, Diff:  0.0, Sum:  0.0, Workers: 10
[2025-05-12T23:25:32.973+0300][1042.951s][36520] GC(24744)     Dead                           Min: 0, Avg:  5.2, Max: 15, Diff: 15, Sum: 52, Workers: 10
[2025-05-12T23:25:32.973+0300][1042.951s][36520] GC(24744)     Total                          Min: 10, Avg: 58.1, Max: 128, Diff: 118, Sum: 581, Workers: 10
[2025-05-12T23:25:32.973+0300][1042.951s][36520] GC(24744)   JNI Weak                       Min:  0.0, Avg:  0.0, Max:  0.0, Diff:  0.0, Sum:  0.0, Workers: 10
[2025-05-12T23:25:32.973+0300][1042.951s][36520] GC(24744)     Dead                           Min: 0, Avg:  0.0, Max: 0, Diff: 0, Sum: 0, Workers: 10
[2025-05-12T23:25:32.973+0300][1042.951s][36520] GC(24744)     Total                          Min: 0, Avg:  1.1, Max: 11, Diff: 11, Sum: 11, Workers: 10
[2025-05-12T23:25:32.973+0300][1042.951s][36520] GC(24744)   StringDedup Table Weak         Min:  0.0, Avg:  0.0, Max:  0.0, Diff:  0.0, Sum:  0.0, Workers: 10
[2025-05-12T23:25:32.973+0300][1042.951s][36520] GC(24744)     Dead                           Min: 0, Avg:  0.0, Max: 0, Diff: 0, Sum: 0, Workers: 10
[2025-05-12T23:25:32.973+0300][1042.951s][36520] GC(24744)     Total                          Min: 0, Avg:  0.0, Max: 0, Diff: 0, Sum: 0, Workers: 10
[2025-05-12T23:25:32.973+0300][1042.951s][36520] GC(24744)   StringDedup Requests0 Weak     Min:  0.0, Avg:  0.0, Max:  0.0, Diff:  0.0, Sum:  0.0, Workers: 10
[2025-05-12T23:25:32.973+0300][1042.951s][36520] GC(24744)     Dead                           Min: 0, Avg:  0.0, Max: 0, Diff: 0, Sum: 0, Workers: 10
[2025-05-12T23:25:32.973+0300][1042.951s][36520] GC(24744)     Total                          Min: 0, Avg:  0.0, Max: 0, Diff: 0, Sum: 0, Workers: 10
[2025-05-12T23:25:32.973+0300][1042.951s][36520] GC(24744)   StringDedup Requests1 Weak     Min:  0.0, Avg:  0.0, Max:  0.0, Diff:  0.0, Sum:  0.0, Workers: 10
[2025-05-12T23:25:32.973+0300][1042.952s][36520] GC(24744)     Dead                           Min: 0, Avg:  0.0, Max: 0, Diff: 0, Sum: 0, Workers: 10
[2025-05-12T23:25:32.973+0300][1042.952s][36520] GC(24744)     Total                          Min: 0, Avg:  0.0, Max: 0, Diff: 0, Sum: 0, Workers: 10
[2025-05-12T23:25:32.973+0300][1042.952s][36520] GC(24744)   Weak JFR Old Object Samples    Min:  0.0, Avg:  0.0, Max:  0.0, Diff:  0.0, Sum:  0.0, Workers: 10
[2025-05-12T23:25:32.973+0300][1042.952s][36520] GC(24744)     Dead                           Min: 0, Avg:  0.0, Max: 0, Diff: 0, Sum: 0, Workers: 10
[2025-05-12T23:25:32.973+0300][1042.952s][36520] GC(24744)     Total                          Min: 0, Avg:  0.0, Max: 0, Diff: 0, Sum: 0, Workers: 10
[2025-05-12T23:25:32.973+0300][1042.952s][36520] GC(24744) Phase 1: Weak Processing 0.483ms
[2025-05-12T23:25:32.973+0300][1042.952s][36520] GC(24744) Phase 1: Class Unloading and Cleanup
[2025-05-12T23:25:32.973+0300][1042.952s][36520] GC(24744) ClassLoaderData
[2025-05-12T23:25:32.973+0300][1042.952s][36520] GC(24744) ClassLoaderData 0.069ms
[2025-05-12T23:25:32.973+0300][1042.952s][36520] GC(24744) Trigger cleanups
[2025-05-12T23:25:32.973+0300][1042.952s][36520] GC(24744) Trigger cleanups 0.009ms
[2025-05-12T23:25:32.977+0300][1042.955s][36520] GC(24744) Phase 1: Class Unloading and Cleanup 3.874ms
[2025-05-12T23:25:32.977+0300][1042.955s][36520] GC(24744) Report Object Count
[2025-05-12T23:25:32.977+0300][1042.955s][36520] GC(24744) Report Object Count 0.012ms
[2025-05-12T23:25:32.977+0300][1042.955s][36520] GC(24744) Phase 1: Mark live objects 12.309ms
[2025-05-12T23:25:32.977+0300][1042.956s][36520] GC(24744) Phase 2: Prepare compaction
[2025-05-12T23:25:32.977+0300][1042.956s][36520] GC(24744) Phase 2: Determine work lists
[2025-05-12T23:25:32.977+0300][1042.956s][36520] GC(24744) Phase 2: Determine work lists 0.010ms
[2025-05-12T23:25:32.977+0300][1042.956s][36520] GC(24744) Phase 2: Prepare parallel compaction
[2025-05-12T23:25:32.977+0300][1042.956s][36520] GC(24744) Phase 2: Prepare parallel compaction 0.160ms
[2025-05-12T23:25:32.977+0300][1042.956s][36520] GC(24744) Phase 2: Prepare compaction 0.204ms
[2025-05-12T23:25:32.977+0300][1042.956s][36520] GC(24744) Phase 3: Adjust pointers
[2025-05-12T23:25:32.981+0300][1042.960s][36520] GC(24744) Phase 3: Adjust pointers 4.326ms
[2025-05-12T23:25:32.981+0300][1042.960s][36520] GC(24744) Phase 4: Compact heap
[2025-05-12T23:25:32.981+0300][1042.960s][36520] GC(24744) Phase 4: Compact heap 0.139ms
[2025-05-12T23:25:32.981+0300][1042.960s][36520] GC(24744) Phase 5: Reset Metadata
[2025-05-12T23:25:32.982+0300][1042.962s][36520] GC(24744) Phase 5: Reset Metadata 1.440ms
[2025-05-12T23:25:32.983+0300][1042.962s][36520] GC(24744) Running G1 Clear Bitmap with 1 workers for 1 work units.
[2025-05-12T23:25:32.984+0300][1042.963s][36520] GC(24744) Request concurrent cycle initiation (occupancy higher than threshold) occupancy: 11534336B allocation request: 0B threshold: 3711445B (29.50) source: end of Full GC
[2025-05-12T23:25:32.984+0300][1042.963s][36520] Old generation allocation in the last mutator period, old gen allocated: 0B, humongous allocated: 0B, old gen growth: 0B.
[2025-05-12T23:25:32.984+0300][1042.963s][36520] GC(24744) Coarsening (recent): Inline->AoC 0 (0) AoC->Howl 0 (0) Howl->Full 0 (0) Inline->AoC 0 (0) AoC->BitMap 0 (0) BitMap->Full 0 (0) 
[2025-05-12T23:25:32.984+0300][1042.963s][36520] GC(24744) Coarsening (all): Inline->AoC 10920 (0) AoC->Howl 7731 (0) Howl->Full 0 (0) Inline->AoC 10809 (0) AoC->BitMap 7399 (0) BitMap->Full 0 (0) 
[2025-05-12T23:25:32.984+0300][1042.963s][36520] GC(24744) Eden regions: 0->0(1)
[2025-05-12T23:25:32.984+0300][1042.963s][36520] GC(24744) Survivor regions: 0->0(0)
[2025-05-12T23:25:32.984+0300][1042.963s][36520] GC(24744) Old regions: 12->11
[2025-05-12T23:25:32.984+0300][1042.963s][36520] GC(24744) Humongous regions: 0->0
[2025-05-12T23:25:32.984+0300][1042.963s][36520] GC(24744) Metaspace: 10759K(12736K)->10716K(12736K) NonClass: 9683K(11328K)->9652K(11328K) Class: 1076K(1408K)->1064K(1408K)
[2025-05-12T23:25:32.984+0300][1042.963s][36520] GC(24744) Heap after GC invocations=21201 (full 7107):
[2025-05-12T23:25:32.984+0300][1042.964s][36520] GC(24744)  garbage-first heap   total 12288K, used 11171K [0x00000000ff400000, 0x0000000100000000)
[2025-05-12T23:25:32.984+0300][1042.964s][36520] GC(24744)   region size 1024K, 0 young (0K), 0 survivors (0K)
[2025-05-12T23:25:32.984+0300][1042.964s][36520] GC(24744)  Metaspace       used 10716K, committed 12736K, reserved 1114112K
[2025-05-12T23:25:32.984+0300][1042.964s][36520] GC(24744)   class space    used 1064K, committed 1408K, reserved 1048576K
[2025-05-12T23:25:32.984+0300][1042.964s][36520] GC(24744) Pause Full (G1 Compaction Pause) 11M->10M(12M) 20.483ms
[2025-05-12T23:25:32.984+0300][1042.964s][36520] GC(24744) User=0.00s Sys=0.00s Real=0.02s
[2025-05-12T23:25:32.984+0300][1042.964s][9340 ] G1 Service Thread (Card Set Free Memory Task) (run: 21.919ms) (cpu: 0.000ms)
[2025-05-12T23:25:33.000+0300][1042.979s][36520] GC(24745) Initiate concurrent cycle (concurrent cycle initiation requested)
[2025-05-12T23:25:33.000+0300][1042.979s][36520] GC(24745) Pause Young (Concurrent Start) (G1 Evacuation Pause)
[2025-05-12T23:25:33.000+0300][1042.979s][36520] GC(24745) Heap before GC invocations=21201 (full 7107):
[2025-05-12T23:25:33.000+0300][1042.979s][36520] GC(24745)  garbage-first heap   total 12288K, used 12195K [0x00000000ff400000, 0x0000000100000000)
[2025-05-12T23:25:33.000+0300][1042.979s][36520] GC(24745)   region size 1024K, 1 young (1024K), 0 survivors (0K)
[2025-05-12T23:25:33.000+0300][1042.980s][36520] GC(24745)  Metaspace       used 10757K, committed 12736K, reserved 1114112K
[2025-05-12T23:25:33.000+0300][1042.980s][36520] GC(24745)   class space    used 1075K, committed 1408K, reserved 1048576K
[2025-05-12T23:25:33.000+0300][1042.980s][36520] GC(24745) Using 2 workers of 10 for evacuation
[2025-05-12T23:25:33.000+0300][1042.980s][36520] GC(24745) Desired survivor size 524288 bytes, new threshold 15 (max threshold 15)
[2025-05-12T23:25:33.000+0300][1042.980s][36520] GC(24745) TLAB totals: thrds: 1  refills: 319 max: 319 slow allocs: 159 max 159 waste: 22.1% gc: 0B max: 0B slow: 191344B max: 191344B
[2025-05-12T23:25:33.000+0300][1042.980s][36520] GC(24745) Mutator refinement: 0.00ms, refined: 0, precleaned: 0, dirtied: 89
[2025-05-12T23:25:33.000+0300][1042.980s][36520] GC(24745) Concurrent refinement: 0.00ms, refined: 0, precleaned: 0, dirtied: 0
[2025-05-12T23:25:33.000+0300][1042.980s][36520] GC(24745) Total refinement: 0.00ms, refined: 0, precleaned: 0, dirtied: 89
[2025-05-12T23:25:33.000+0300][1042.980s][36520] GC(24745) Generate dirty cards rate: 5.50 cards/ms
[2025-05-12T23:25:33.000+0300][1042.980s][36520] GC(24745) Mutator Allocation stats, regions: 1, wasted size: 1368B ( 0.1%)
[2025-05-12T23:25:33.000+0300][1042.980s][36520] GC(24745) No candidates to reclaim.
[2025-05-12T23:25:33.000+0300][1042.980s][36520] GC(24745) Running G1 Merge Heap Roots using 2 workers for 1 regions
[2025-05-12T23:25:33.001+0300][1042.980s][36520] GC(24745) Visited cards 992 Total dirty 12288 (8.07%) Total old 26624 (3.73%)
[2025-05-12T23:25:33.001+0300][1042.980s][23404] GC(24745) Attempt heap expansion (region allocation request failed). Allocation request: 2064B
[2025-05-12T23:25:33.001+0300][1042.980s][23404] GC(24745) Did not expand the heap (heap already fully expanded)
[2025-05-12T23:25:33.001+0300][1042.980s][36520] GC(24745) ReferenceProcessor::execute queues: 1, RefProcThreadModel::Single, marks_oops_alive: false
[2025-05-12T23:25:33.001+0300][1042.980s][36520] GC(24745) Skipped KeepAliveFinalRefsPhase of Reference Processing: no references
[2025-05-12T23:25:33.001+0300][1042.980s][36520] GC(24745) Skipped PhantomRefsPhase of Reference Processing: no references
[2025-05-12T23:25:33.001+0300][1042.981s][36520] GC(24745) Initializing removing self forwards with 64 chunks per region
[2025-05-12T23:25:33.001+0300][1042.981s][36520] GC(24745) Running G1 Rebuild Free List Task using 2 workers for rebuilding free list of regions
[2025-05-12T23:25:33.001+0300][1042.981s][36520] GC(24745) Young PLAB allocation: allocated: 0B, wasted: 0B, unused: 0B, used: 0B, undo waste: 0B, 
[2025-05-12T23:25:33.001+0300][1042.981s][36520] GC(24745) Young other allocation: region end waste: 0B, regions filled: 0, num plab filled: 2, direct allocated: 0B, num direct allocated: 0, failure used: 0B, failure wasted: 0B
[2025-05-12T23:25:33.002+0300][1042.981s][36520] GC(24745) Young sizing: calculated: 0B, actual: 2064B
[2025-05-12T23:25:33.002+0300][1042.981s][36520] GC(24745) Old PLAB allocation: allocated: 0B, wasted: 0B, unused: 0B, used: 0B, undo waste: 0B, 
[2025-05-12T23:25:33.002+0300][1042.981s][36520] GC(24745) Old other allocation: region end waste: 0B, regions filled: 0, num plab filled: 2, direct allocated: 0B, num direct allocated: 0, failure used: 221112B, failure wasted: 827464B
[2025-05-12T23:25:33.002+0300][1042.981s][36520] GC(24745) Old sizing: calculated: 0B, actual: 2064B
[2025-05-12T23:25:33.002+0300][1042.981s][36520] GC(24745) Heap expansion: short term pause time ratio 39.51% long term pause time ratio 41.28% threshold 7.69% pause time ratio 7.69% fully expanded true resize by 0B
[2025-05-12T23:25:33.002+0300][1042.981s][9340 ] G1 Service Thread (Card Set Free Memory Task) (run 0.008ms after schedule)
[2025-05-12T23:25:33.002+0300][1042.981s][36520] GC(24745) MMU: 6.1ms (200.0ms/201.0ms)
[2025-05-12T23:25:33.002+0300][1042.981s][36520] Old generation allocation in the last mutator period, old gen allocated: 1048576B, humongous allocated: 0B, old gen growth: 1048576B.
[2025-05-12T23:25:33.002+0300][1042.981s][36520] GC(24745) Basic information (value update), threshold: 3544216B (28.17), target occupancy: 12582912B, current occupancy: 12487680B, recent allocation size: 1048576B, recent allocation duration: 16.19ms, recent old gen allocation rate: 64773694.58B/s, recent marking phase length: 120.12ms
[2025-05-12T23:25:33.002+0300][1042.981s][36520] GC(24745) Adaptive IHOP information (value update), threshold: 3544216B (33.14), internal target occupancy: 10695475B, occupancy: 12487680B, additional buffer size: 1048576B, predicted old gen allocation rate: 50567933.80B/s, predicted marking phase length: 120.68ms, prediction active: true
[2025-05-12T23:25:33.002+0300][1042.981s][36520] GC(24745) GC refinement: goal: 18446744073709551615 + 101 / 20.00ms, actual: 89 / 0.04ms, 
[2025-05-12T23:25:33.002+0300][1042.981s][36520] GC(24745) Unchanged pending cards target: 18446744073709551615
[2025-05-12T23:25:33.002+0300][1042.981s][36520] GC(24745)   Pre Evacuate Collection Set: 0.2ms
[2025-05-12T23:25:33.002+0300][1042.981s][36520] GC(24745)     Pre Evacuate Prepare: 0.1ms
[2025-05-12T23:25:33.002+0300][1042.981s][36520] GC(24745)       JT Retire TLABs And Flush Logs (ms): Min:  0.0, Avg:  0.0, Max:  0.0, Diff:  0.0, Sum:  0.0, Workers: 2
[2025-05-12T23:25:33.002+0300][1042.981s][36520] GC(24745)       Non-JT Flush Logs (ms):        Min:  0.0, Avg:  0.0, Max:  0.0, Diff:  0.0, Sum:  0.0, Workers: 1
[2025-05-12T23:25:33.002+0300][1042.981s][36520] GC(24745)     Choose Collection Set: 0.0ms
[2025-05-12T23:25:33.002+0300][1042.981s][36520] GC(24745)     Region Register: 0.1ms
[2025-05-12T23:25:33.002+0300][1042.981s][36520] GC(24745)     Prepare Heap Roots: 0.0ms
[2025-05-12T23:25:33.002+0300][1042.981s][36520] GC(24745)     Reset Marking State (ms):      Min:  0.0, Avg:  0.0, Max:  0.0, Diff:  0.0, Sum:  0.0, Workers: 1
[2025-05-12T23:25:33.002+0300][1042.981s][36520] GC(24745)     Note Start Of Mark (ms):       Min:  0.0, Avg:  0.0, Max:  0.0, Diff:  0.0, Sum:  0.0, Workers: 2
[2025-05-12T23:25:33.002+0300][1042.981s][36520] GC(24745)   Merge Heap Roots: 0.1ms
[2025-05-12T23:25:33.002+0300][1042.981s][36520] GC(24745)     Prepare Merge Heap Roots: 0.0ms
[2025-05-12T23:25:33.002+0300][1042.981s][36520] GC(24745)     Remembered Sets (ms):          Min:  0.0, Avg:  0.0, Max:  0.0, Diff:  0.0, Sum:  0.0, Workers: 2
[2025-05-12T23:25:33.002+0300][1042.981s][36520] GC(24745)       Eager Reclaim (ms):            skipped
[2025-05-12T23:25:33.002+0300][1042.981s][36520] GC(24745)       Merged Inline                  Min: 0, Avg:  0.0, Max: 0, Diff: 0, Sum: 0, Workers: 2
[2025-05-12T23:25:33.002+0300][1042.981s][36520] GC(24745)       Merged ArrayOfCards            Min: 0, Avg:  0.0, Max: 0, Diff: 0, Sum: 0, Workers: 2
[2025-05-12T23:25:33.002+0300][1042.981s][36520] GC(24745)       Merged Howl                    Min: 0, Avg:  0.0, Max: 0, Diff: 0, Sum: 0, Workers: 2
[2025-05-12T23:25:33.002+0300][1042.981s][36520] GC(24745)       Merged Full                    Min: 0, Avg:  0.0, Max: 0, Diff: 0, Sum: 0, Workers: 2
[2025-05-12T23:25:33.002+0300][1042.981s][36520] GC(24745)       Merged Howl Inline             Min: 0, Avg:  0.0, Max: 0, Diff: 0, Sum: 0, Workers: 2
[2025-05-12T23:25:33.003+0300][1042.981s][36520] GC(24745)       Merged Howl ArrayOfCards       Min: 0, Avg:  0.0, Max: 0, Diff: 0, Sum: 0, Workers: 2
[2025-05-12T23:25:33.003+0300][1042.981s][36520] GC(24745)       Merged Howl BitMap             Min: 0, Avg:  0.0, Max: 0, Diff: 0, Sum: 0, Workers: 2
[2025-05-12T23:25:33.003+0300][1042.981s][36520] GC(24745)       Merged Howl Full               Min: 0, Avg:  0.0, Max: 0, Diff: 0, Sum: 0, Workers: 2
[2025-05-12T23:25:33.003+0300][1042.981s][36520] GC(24745)       Merged Cards                   Min: 8, Avg:  8.0, Max: 8, Diff: 0, Sum: 16, Workers: 2
[2025-05-12T23:25:33.003+0300][1042.981s][36520] GC(24745)     Log Buffers (ms):              Min:  0.0, Avg:  0.0, Max:  0.0, Diff:  0.0, Sum:  0.0, Workers: 2
[2025-05-12T23:25:33.003+0300][1042.981s][36520] GC(24745)       Dirty Cards:                   Min: 15, Avg: 44.5, Max: 74, Diff: 59, Sum: 89, Workers: 2
[2025-05-12T23:25:33.003+0300][1042.981s][36520] GC(24745)       Skipped Cards:                 Min: 0, Avg:  0.0, Max: 0, Diff: 0, Sum: 0, Workers: 2
[2025-05-12T23:25:33.003+0300][1042.981s][36520] GC(24745)   Evacuate Collection Set: 0.4ms
[2025-05-12T23:25:33.003+0300][1042.981s][36520] GC(24745)     Ext Root Scanning (ms):        Min:  0.2, Avg:  0.2, Max:  0.2, Diff:  0.0, Sum:  0.3, Workers: 2
[2025-05-12T23:25:33.003+0300][1042.981s][36520] GC(24745)     Scan Heap Roots (ms):          Min:  0.0, Avg:  0.0, Max:  0.0, Diff:  0.0, Sum:  0.1, Workers: 2
[2025-05-12T23:25:33.003+0300][1042.981s][36520] GC(24745)       Scanned Cards:                 Min: 41, Avg: 44.5, Max: 48, Diff: 7, Sum: 89, Workers: 2
[2025-05-12T23:25:33.003+0300][1042.981s][36520] GC(24745)       Scanned Blocks:                Min: 27, Avg: 29.0, Max: 31, Diff: 4, Sum: 58, Workers: 2
[2025-05-12T23:25:33.003+0300][1042.981s][36520] GC(24745)       Claimed Chunks:                Min: 15, Avg: 15.5, Max: 16, Diff: 1, Sum: 31, Workers: 2
[2025-05-12T23:25:33.003+0300][1042.981s][36520] GC(24745)       Found Roots:                   Min: 55, Avg: 58.0, Max: 61, Diff: 6, Sum: 116, Workers: 2
[2025-05-12T23:25:33.003+0300][1042.981s][36520] GC(24745)     Code Root Scan (ms):           Min:  0.0, Avg:  0.0, Max:  0.0, Diff:  0.0, Sum:  0.0, Workers: 2
[2025-05-12T23:25:33.003+0300][1042.981s][36520] GC(24745)     Object Copy (ms):              Min:  0.2, Avg:  0.2, Max:  0.2, Diff:  0.0, Sum:  0.4, Workers: 2
[2025-05-12T23:25:33.003+0300][1042.981s][36520] GC(24745)     Termination (ms):              Min:  0.0, Avg:  0.0, Max:  0.0, Diff:  0.0, Sum:  0.0, Workers: 2
[2025-05-12T23:25:33.003+0300][1042.981s][36520] GC(24745)       Termination Attempts:          Min: 1, Avg:  1.0, Max: 1, Diff: 0, Sum: 2, Workers: 2
[2025-05-12T23:25:33.003+0300][1042.981s][36520] GC(24745)     GC Worker Other (ms):          Min:  0.0, Avg:  0.0, Max:  0.0, Diff:  0.0, Sum:  0.0, Workers: 2
[2025-05-12T23:25:33.003+0300][1042.982s][36520] GC(24745)     GC Worker Total (ms):          Min:  0.4, Avg:  0.4, Max:  0.4, Diff:  0.0, Sum:  0.8, Workers: 2
[2025-05-12T23:25:33.003+0300][1042.982s][36520] GC(24745)   Post Evacuate Collection Set: 0.5ms
[2025-05-12T23:25:33.003+0300][1042.982s][36520] GC(24745)     NMethod List Cleanup: 0.0ms
[2025-05-12T23:25:33.003+0300][1042.982s][36520] GC(24745)     Reference Processing: 0.1ms
[2025-05-12T23:25:33.003+0300][1042.982s][36520] GC(24745)       Notify Soft/WeakReferences: 0.0ms
[2025-05-12T23:25:33.003+0300][1042.982s][36520] GC(24745)         SoftRef (ms):                  Min:  0.0, Avg:  0.0, Max:  0.0, Diff:  0.0, Sum:  0.0, Workers: 1
[2025-05-12T23:25:33.003+0300][1042.982s][36520] GC(24745)         WeakRef (ms):                  Min:  0.0, Avg:  0.0, Max:  0.0, Diff:  0.0, Sum:  0.0, Workers: 1
[2025-05-12T23:25:33.003+0300][1042.982s][36520] GC(24745)         FinalRef (ms):                 Min:  0.0, Avg:  0.0, Max:  0.0, Diff:  0.0, Sum:  0.0, Workers: 1
[2025-05-12T23:25:33.003+0300][1042.982s][36520] GC(24745)         Total (ms):                    Min:  0.0, Avg:  0.0, Max:  0.0, Diff:  0.0, Sum:  0.0, Workers: 1
[2025-05-12T23:25:33.003+0300][1042.982s][36520] GC(24745)       Notify and keep alive finalizable: 0.0ms
[2025-05-12T23:25:33.003+0300][1042.982s][36520] GC(24745)         FinalRef (ms):                 skipped
[2025-05-12T23:25:33.003+0300][1042.982s][36520] GC(24745)       Notify PhantomReferences: 0.0ms
[2025-05-12T23:25:33.003+0300][1042.982s][36520] GC(24745)         PhantomRef (ms):               skipped
[2025-05-12T23:25:33.003+0300][1042.982s][36520] GC(24745)       SoftReference Discovered: 0, Dropped: 0, Processed: 0
[2025-05-12T23:25:33.003+0300][1042.982s][36520] GC(24745)       WeakReference Discovered: 26, Dropped: 3, Processed: 23
[2025-05-12T23:25:33.003+0300][1042.982s][36520] GC(24745)       FinalReference Discovered: 0, Dropped: 0, Processed: 0
[2025-05-12T23:25:33.003+0300][1042.982s][36520] GC(24745)       PhantomReference Discovered: 0, Dropped: 0, Processed: 0
[2025-05-12T23:25:33.003+0300][1042.982s][36520] GC(24745)     Weak Processing: 0.1ms
[2025-05-12T23:25:33.003+0300][1042.982s][36520] GC(24745)       VM Weak                        Min:  0.0, Avg:  0.0, Max:  0.0, Diff:  0.0, Sum:  0.0, Workers: 10
[2025-05-12T23:25:33.003+0300][1042.982s][36520] GC(24745)         Dead                           Min: 0, Avg:  0.0, Max: 0, Diff: 0, Sum: 0, Workers: 10
[2025-05-12T23:25:33.003+0300][1042.982s][36520] GC(24745)         Total                          Min: 0, Avg:  6.6, Max: 64, Diff: 64, Sum: 66, Workers: 10
[2025-05-12T23:25:33.003+0300][1042.982s][36520] GC(24745)       ObjectSynchronizer Weak        Min:  0.0, Avg:  0.0, Max:  0.0, Diff:  0.0, Sum:  0.0, Workers: 10
[2025-05-12T23:25:33.003+0300][1042.982s][36520] GC(24745)         Dead                           Min: 0, Avg:  0.0, Max: 0, Diff: 0, Sum: 0, Workers: 10
[2025-05-12T23:25:33.003+0300][1042.982s][36520] GC(24745)         Total                          Min: 0, Avg:  0.1, Max: 1, Diff: 1, Sum: 1, Workers: 10
[2025-05-12T23:25:33.003+0300][1042.982s][36520] GC(24745)       JVMTI Tag Weak OopStorage      Min:  0.0, Avg:  0.1, Max:  0.1, Diff:  0.0, Sum:  0.6, Workers: 10
[2025-05-12T23:25:33.003+0300][1042.982s][36520] GC(24745)         Dead                           Min: 0, Avg:  0.0, Max: 0, Diff: 0, Sum: 0, Workers: 10
[2025-05-12T23:25:33.003+0300][1042.982s][36520] GC(24745)         Total                          Min: 3175, Avg: 6289.8, Max: 7387, Diff: 4212, Sum: 62898, Workers: 10
[2025-05-12T23:25:33.003+0300][1042.982s][36520] GC(24745)       StringTable Weak               Min:  0.0, Avg:  0.0, Max:  0.0, Diff:  0.0, Sum:  0.3, Workers: 10
[2025-05-12T23:25:33.003+0300][1042.982s][36520] GC(24745)         Dead                           Min: 0, Avg:  0.0, Max: 0, Diff: 0, Sum: 0, Workers: 10
[2025-05-12T23:25:33.003+0300][1042.982s][36520] GC(24745)         Total                          Min: 3519, Avg: 3952.9, Max: 4224, Diff: 705, Sum: 39529, Workers: 10
[2025-05-12T23:25:33.003+0300][1042.982s][36520] GC(24745)       ResolvedMethodTable Weak       Min:  0.0, Avg:  0.0, Max:  0.0, Diff:  0.0, Sum:  0.0, Workers: 10
[2025-05-12T23:25:33.003+0300][1042.982s][36520] GC(24745)         Dead                           Min: 0, Avg:  0.0, Max: 0, Diff: 0, Sum: 0, Workers: 10
[2025-05-12T23:25:33.003+0300][1042.982s][36520] GC(24745)         Total                          Min: 0, Avg: 59.5, Max: 127, Diff: 127, Sum: 595, Workers: 10
[2025-05-12T23:25:33.003+0300][1042.982s][36520] GC(24745)       JNI Weak                       Min:  0.0, Avg:  0.0, Max:  0.0, Diff:  0.0, Sum:  0.0, Workers: 10
[2025-05-12T23:25:33.003+0300][1042.982s][36520] GC(24745)         Dead                           Min: 0, Avg:  0.0, Max: 0, Diff: 0, Sum: 0, Workers: 10
[2025-05-12T23:25:33.003+0300][1042.982s][36520] GC(24745)         Total                          Min: 0, Avg:  1.1, Max: 11, Diff: 11, Sum: 11, Workers: 10
[2025-05-12T23:25:33.003+0300][1042.982s][36520] GC(24745)       StringDedup Table Weak         Min:  0.0, Avg:  0.0, Max:  0.0, Diff:  0.0, Sum:  0.0, Workers: 10
[2025-05-12T23:25:33.003+0300][1042.982s][36520] GC(24745)         Dead                           Min: 0, Avg:  0.0, Max: 0, Diff: 0, Sum: 0, Workers: 10
[2025-05-12T23:25:33.003+0300][1042.982s][36520] GC(24745)         Total                          Min: 0, Avg:  0.0, Max: 0, Diff: 0, Sum: 0, Workers: 10
[2025-05-12T23:25:33.003+0300][1042.982s][36520] GC(24745)       StringDedup Requests0 Weak     Min:  0.0, Avg:  0.0, Max:  0.0, Diff:  0.0, Sum:  0.0, Workers: 10
[2025-05-12T23:25:33.003+0300][1042.982s][36520] GC(24745)         Dead                           Min: 0, Avg:  0.0, Max: 0, Diff: 0, Sum: 0, Workers: 10
[2025-05-12T23:25:33.003+0300][1042.982s][36520] GC(24745)         Total                          Min: 0, Avg:  0.0, Max: 0, Diff: 0, Sum: 0, Workers: 10
[2025-05-12T23:25:33.003+0300][1042.982s][36520] GC(24745)       StringDedup Requests1 Weak     Min:  0.0, Avg:  0.0, Max:  0.0, Diff:  0.0, Sum:  0.0, Workers: 10
[2025-05-12T23:25:33.003+0300][1042.982s][36520] GC(24745)         Dead                           Min: 0, Avg:  0.0, Max: 0, Diff: 0, Sum: 0, Workers: 10
[2025-05-12T23:25:33.003+0300][1042.982s][36520] GC(24745)         Total                          Min: 0, Avg:  0.0, Max: 0, Diff: 0, Sum: 0, Workers: 10
[2025-05-12T23:25:33.003+0300][1042.982s][36520] GC(24745)       Weak JFR Old Object Samples    Min:  0.0, Avg:  0.0, Max:  0.0, Diff:  0.0, Sum:  0.0, Workers: 10
[2025-05-12T23:25:33.003+0300][1042.982s][36520] GC(24745)         Dead                           Min: 0, Avg:  0.0, Max: 0, Diff: 0, Sum: 0, Workers: 10
[2025-05-12T23:25:33.003+0300][1042.982s][36520] GC(24745)         Total                          Min: 0, Avg:  0.0, Max: 0, Diff: 0, Sum: 0, Workers: 10
[2025-05-12T23:25:33.003+0300][1042.982s][36520] GC(24745)     Post Evacuate Cleanup 1: 0.2ms
[2025-05-12T23:25:33.003+0300][1042.982s][36520] GC(24745)       Merge Per-Thread State (ms):   Min:  0.0, Avg:  0.0, Max:  0.0, Diff:  0.0, Sum:  0.0, Workers: 1
[2025-05-12T23:25:33.003+0300][1042.982s][36520] GC(24745)         Copied Bytes                   Min: 0, Avg:  0.0, Max: 0, Diff: 0, Sum: 0, Workers: 2
[2025-05-12T23:25:33.003+0300][1042.982s][36520] GC(24745)         LAB Waste                      Min: 0, Avg:  0.0, Max: 0, Diff: 0, Sum: 0, Workers: 2
[2025-05-12T23:25:33.003+0300][1042.982s][36520] GC(24745)         LAB Undo Waste                 Min: 0, Avg:  0.0, Max: 0, Diff: 0, Sum: 0, Workers: 2
[2025-05-12T23:25:33.003+0300][1042.982s][36520] GC(24745)       Clear Logged Cards (ms):       Min:  0.0, Avg:  0.0, Max:  0.0, Diff:  0.0, Sum:  0.0, Workers: 2
[2025-05-12T23:25:33.003+0300][1042.982s][36520] GC(24745)       Recalculate Used Memory (ms):  Min:  0.0, Avg:  0.0, Max:  0.0, Diff:  0.0, Sum:  0.0, Workers: 1
[2025-05-12T23:25:33.003+0300][1042.982s][36520] GC(24745)       Restore Retained Regions (ms): Min:  0.1, Avg:  0.1, Max:  0.1, Diff:  0.0, Sum:  0.1, Workers: 2
[2025-05-12T23:25:33.003+0300][1042.982s][36520] GC(24745)         Evacuation Failure Regions:    Min: 1, Avg:  1.0, Max: 1, Diff: 0, Sum: 1, Workers: 1
[2025-05-12T23:25:33.003+0300][1042.982s][36520] GC(24745)         Remove Self Forwards (ms):     Min:  0.1, Avg:  0.1, Max:  0.1, Diff:  0.0, Sum:  0.1, Workers: 2
[2025-05-12T23:25:33.003+0300][1042.982s][36520] GC(24745)           Forward Chunks:                Min: 28, Avg: 28.5, Max: 29, Diff: 1, Sum: 57, Workers: 2
[2025-05-12T23:25:33.003+0300][1042.982s][36520] GC(24745)           Empty Forward Chunks:          Min: 2, Avg:  3.5, Max: 5, Diff: 3, Sum: 7, Workers: 2
[2025-05-12T23:25:33.003+0300][1042.982s][36520] GC(24745)           Forward Objects:               Min: 2026, Avg: 2131.0, Max: 2236, Diff: 210, Sum: 4262, Workers: 2
[2025-05-12T23:25:33.003+0300][1042.982s][36520] GC(24745)           Forward Bytes:                 Min: 104520, Avg: 110556.0, Max: 116592, Diff: 12072, Sum: 221112, Workers: 2
[2025-05-12T23:25:33.003+0300][1042.982s][36520] GC(24745)     Post Evacuate Cleanup 2: 0.1ms
[2025-05-12T23:25:33.003+0300][1042.982s][36520] GC(24745)       Recalculate Used Memory (ms):  Min:  0.0, Avg:  0.0, Max:  0.0, Diff:  0.0, Sum:  0.0, Workers: 1
[2025-05-12T23:25:33.003+0300][1042.982s][36520] GC(24745)       Restore Preserved Marks (ms):  Min:  0.0, Avg:  0.0, Max:  0.0, Diff:  0.0, Sum:  0.0, Workers: 2
[2025-05-12T23:25:33.003+0300][1042.982s][36520] GC(24745)       Clear Retained Region Bitmaps (ms): skipped
[2025-05-12T23:25:33.003+0300][1042.982s][36520] GC(24745)       Update Derived Pointers (ms):  Min:  0.0, Avg:  0.0, Max:  0.0, Diff:  0.0, Sum:  0.0, Workers: 1
[2025-05-12T23:25:33.003+0300][1042.982s][36520] GC(24745)       Eagerly Reclaim Humongous Objects (ms): skipped
[2025-05-12T23:25:33.003+0300][1042.982s][36520] GC(24745)         Humongous Total                skipped
[2025-05-12T23:25:33.003+0300][1042.982s][36520] GC(24745)         Humongous Candidates           skipped
[2025-05-12T23:25:33.003+0300][1042.982s][36520] GC(24745)         Humongous Reclaimed            skipped
[2025-05-12T23:25:33.003+0300][1042.982s][36520] GC(24745)       Redirty Logged Cards (ms):     Min:  0.0, Avg:  0.0, Max:  0.0, Diff:  0.0, Sum:  0.0, Workers: 2
[2025-05-12T23:25:33.003+0300][1042.982s][36520] GC(24745)         Redirtied Cards:               Min: 0, Avg:  0.0, Max: 0, Diff: 0, Sum: 0, Workers: 2
[2025-05-12T23:25:33.003+0300][1042.982s][36520] GC(24745)       Resize TLABs (ms):             Min:  0.0, Avg:  0.0, Max:  0.0, Diff:  0.0, Sum:  0.0, Workers: 2
[2025-05-12T23:25:33.003+0300][1042.982s][36520] GC(24745)       Free Collection Set (ms):      Min:  0.0, Avg:  0.0, Max:  0.0, Diff:  0.0, Sum:  0.0, Workers: 2
[2025-05-12T23:25:33.003+0300][1042.982s][36520] GC(24745)     Rebuild Free List: 0.1ms
[2025-05-12T23:25:33.003+0300][1042.982s][36520] GC(24745)     Prepare For Mutator: 0.1ms
[2025-05-12T23:25:33.003+0300][1042.982s][36520] GC(24745)     Expand Heap After Collection: 0.0ms
[2025-05-12T23:25:33.003+0300][1042.982s][36520] GC(24745)   Other: 0.3ms
[2025-05-12T23:25:33.003+0300][1042.982s][36520] GC(24745) Coarsening (recent): Inline->AoC 0 (0) AoC->Howl 0 (0) Howl->Full 0 (0) Inline->AoC 0 (0) AoC->BitMap 0 (0) BitMap->Full 0 (0) 
[2025-05-12T23:25:33.003+0300][1042.982s][36520] GC(24745) Coarsening (all): Inline->AoC 10920 (0) AoC->Howl 7731 (0) Howl->Full 0 (0) Inline->AoC 10809 (0) AoC->BitMap 7399 (0) BitMap->Full 0 (0) 
[2025-05-12T23:25:33.003+0300][1042.982s][36520] GC(24745) Eden regions: 1->0(0)
[2025-05-12T23:25:33.003+0300][1042.982s][36520] GC(24745) Survivor regions: 0->0(0)
[2025-05-12T23:25:33.003+0300][1042.982s][36520] GC(24745) Old regions: 11->12
[2025-05-12T23:25:33.003+0300][1042.982s][36520] GC(24745) Humongous regions: 0->0
[2025-05-12T23:25:33.004+0300][1042.982s][36520] GC(24745) Metaspace: 10757K(12736K)->10757K(12736K) NonClass: 9682K(11328K)->9682K(11328K) Class: 1075K(1408K)->1075K(1408K)
[2025-05-12T23:25:33.004+0300][1042.982s][36520] GC(24745) Heap after GC invocations=21202 (full 7107):
[2025-05-12T23:25:33.004+0300][1042.982s][36520] GC(24745)  garbage-first heap   total 12288K, used 12195K [0x00000000ff400000, 0x0000000100000000)
[2025-05-12T23:25:33.004+0300][1042.982s][36520] GC(24745)   region size 1024K, 0 young (0K), 0 survivors (0K)
[2025-05-12T23:25:33.004+0300][1042.982s][36520] GC(24745)  Metaspace       used 10757K, committed 12736K, reserved 1114112K
[2025-05-12T23:25:33.004+0300][1042.982s][36520] GC(24745)   class space    used 1075K, committed 1408K, reserved 1048576K
[2025-05-12T23:25:33.004+0300][1042.982s][36520] GC(24745) Pause Young (Concurrent Start) (G1 Evacuation Pause) (Evacuation Failure) 11M->11M(12M) 2.966ms
[2025-05-12T23:25:33.004+0300][1042.982s][36520] GC(24745) User=0.00s Sys=0.00s Real=0.00s
[2025-05-12T23:25:33.004+0300][1042.982s][34628] GC(24746) Concurrent Mark Cycle
[2025-05-12T23:25:33.004+0300][1042.982s][36520] Attempt heap expansion (allocation request failed). Allocation request: 2048B
[2025-05-12T23:25:33.004+0300][1042.982s][34628] GC(24746) Concurrent Scan Root Regions
[2025-05-12T23:25:33.004+0300][1042.983s][36520] Expand the heap. requested expansion amount: 1048576B expansion amount: 1048576B
[2025-05-12T23:25:33.004+0300][1042.983s][34628] GC(24746) Concurrent Scan Root Regions 0.142ms
[2025-05-12T23:25:33.004+0300][1042.983s][36520] Did not expand the heap (heap already fully expanded)
[2025-05-12T23:25:33.004+0300][1042.983s][34628] GC(24746) Concurrent Mark
[2025-05-12T23:25:33.004+0300][1042.983s][36520] Attempting full compaction
[2025-05-12T23:25:33.004+0300][1042.983s][34628] GC(24746) Concurrent Mark From Roots
[2025-05-12T23:25:33.004+0300][1042.983s][36520] GC(24747) Pause Full (G1 Compaction Pause)
[2025-05-12T23:25:33.004+0300][1042.983s][34628] GC(24746) Using 3 workers of 3 for marking
[2025-05-12T23:25:33.004+0300][1042.983s][36520] GC(24747) Heap before GC invocations=21202 (full 7107):
[2025-05-12T23:25:33.004+0300][1042.983s][36520] GC(24747)  garbage-first heap   total 12288K, used 12195K [0x00000000ff400000, 0x0000000100000000)
[2025-05-12T23:25:33.004+0300][1042.983s][36520] GC(24747)   region size 1024K, 0 young (0K), 0 survivors (0K)
[2025-05-12T23:25:33.004+0300][1042.983s][36520] GC(24747)  Metaspace       used 10757K, committed 12736K, reserved 1114112K
[2025-05-12T23:25:33.004+0300][1042.983s][36520] GC(24747)   class space    used 1075K, committed 1408K, reserved 1048576K
[2025-05-12T23:25:33.004+0300][1042.983s][36520] GC(24747) Requesting 1 active workers for full compaction (waste limited workers: 1, adaptive workers: 2, used limited workers: 12)
[2025-05-12T23:25:33.004+0300][1042.983s][36520] GC(24747) Using 1 workers of 10 for full compaction
[2025-05-12T23:25:33.004+0300][1042.983s][36520] GC(24747) Clear Bitmap
[2025-05-12T23:25:33.004+0300][1042.983s][36520] GC(24747) Running G1 Clear Bitmap with 1 workers for 1 work units.
[2025-05-12T23:25:33.004+0300][1042.983s][36520] GC(24747) Clear Bitmap 0.050ms
[2025-05-12T23:25:33.004+0300][1042.983s][36520] GC(24747) Mutator Allocation stats, regions: 0, wasted size: 0B ( 0.0%)
[2025-05-12T23:25:33.004+0300][1042.983s][36520] GC(24747) Phase 1: Mark live objects
[2025-05-12T23:25:33.012+0300][1042.991s][36520] GC(24747) Phase 1: Reference Processing
[2025-05-12T23:25:33.012+0300][1042.991s][36520] GC(24747) ReferenceProcessor::execute queues: 1, RefProcThreadModel::Single, marks_oops_alive: false
[2025-05-12T23:25:33.012+0300][1042.991s][36520] GC(24747) Skipped KeepAliveFinalRefsPhase of Reference Processing: no references
[2025-05-12T23:25:33.012+0300][1042.991s][36520] GC(24747) ReferenceProcessor::execute queues: 1, RefProcThreadModel::Single, marks_oops_alive: false
[2025-05-12T23:25:33.012+0300][1042.991s][36520] GC(24747) Reference Processing: 0.1ms
[2025-05-12T23:25:33.012+0300][1042.992s][36520] GC(24747)   Notify Soft/WeakReferences: 0.0ms
[2025-05-12T23:25:33.012+0300][1042.992s][36520] GC(24747)     SoftRef: 0.0ms
[2025-05-12T23:25:33.012+0300][1042.992s][36520] GC(24747)     WeakRef: 0.0ms
[2025-05-12T23:25:33.012+0300][1042.992s][36520] GC(24747)     FinalRef: 0.0ms
[2025-05-12T23:25:33.012+0300][1042.992s][36520] GC(24747)     Total: 0.0ms
[2025-05-12T23:25:33.012+0300][1042.992s][36520] GC(24747)   Notify and keep alive finalizable: 0.0ms
[2025-05-12T23:25:33.012+0300][1042.992s][36520] GC(24747)     FinalRef: skipped
[2025-05-12T23:25:33.012+0300][1042.992s][36520] GC(24747)   Notify PhantomReferences: 0.0ms
[2025-05-12T23:25:33.012+0300][1042.992s][36520] GC(24747)     PhantomRef: 0.0ms
[2025-05-12T23:25:33.012+0300][1042.992s][36520] GC(24747)   SoftReference Discovered: 47, Dropped: 4, Processed: 43
[2025-05-12T23:25:33.012+0300][1042.992s][36520] GC(24747)   WeakReference Discovered: 32, Dropped: 13, Processed: 19
[2025-05-12T23:25:33.012+0300][1042.992s][36520] GC(24747)   FinalReference Discovered: 0, Dropped: 0, Processed: 0
[2025-05-12T23:25:33.012+0300][1042.992s][36520] GC(24747)   PhantomReference Discovered: 23, Dropped: 23, Processed: 0
[2025-05-12T23:25:33.012+0300][1042.992s][36520] GC(24747) Phase 1: Reference Processing 0.274ms
[2025-05-12T23:25:33.012+0300][1042.992s][36520] GC(24747) Phase 1: Weak Processing
[2025-05-12T23:25:33.013+0300][1042.992s][36520] GC(24747)   VM Weak                        Min:  0.0, Avg:  0.0, Max:  0.0, Diff:  0.0, Sum:  0.0, Workers: 10
[2025-05-12T23:25:33.013+0300][1042.992s][36520] GC(24747)     Dead                           Min: 0, Avg:  1.8, Max: 18, Diff: 18, Sum: 18, Workers: 10
[2025-05-12T23:25:33.013+0300][1042.992s][36520] GC(24747)     Total                          Min: 0, Avg:  6.6, Max: 40, Diff: 40, Sum: 66, Workers: 10
[2025-05-12T23:25:33.013+0300][1042.992s][36520] GC(24747)   ObjectSynchronizer Weak        Min:  0.0, Avg:  0.0, Max:  0.0, Diff:  0.0, Sum:  0.0, Workers: 10
[2025-05-12T23:25:33.013+0300][1042.992s][36520] GC(24747)     Dead                           Min: 0, Avg:  0.0, Max: 0, Diff: 0, Sum: 0, Workers: 10
[2025-05-12T23:25:33.013+0300][1042.992s][36520] GC(24747)     Total                          Min: 0, Avg:  0.1, Max: 1, Diff: 1, Sum: 1, Workers: 10
[2025-05-12T23:25:33.013+0300][1042.992s][36520] GC(24747)   JVMTI Tag Weak OopStorage      Min:  0.0, Avg:  0.1, Max:  0.1, Diff:  0.0, Sum:  0.5, Workers: 10
[2025-05-12T23:25:33.013+0300][1042.992s][36520] GC(24747)     Dead                           Min: 0, Avg:  1.8, Max: 18, Diff: 18, Sum: 18, Workers: 10
[2025-05-12T23:25:33.013+0300][1042.992s][36520] GC(24747)     Total                          Min: 5408, Avg: 6289.8, Max: 7169, Diff: 1761, Sum: 62898, Workers: 10
[2025-05-12T23:25:33.013+0300][1042.992s][36520] GC(24747)   StringTable Weak               Min:  0.0, Avg:  0.0, Max:  0.0, Diff:  0.0, Sum:  0.3, Workers: 10
[2025-05-12T23:25:33.013+0300][1042.992s][36520] GC(24747)     Dead                           Min: 0, Avg:  6.8, Max: 28, Diff: 28, Sum: 68, Workers: 10
[2025-05-12T23:25:33.013+0300][1042.992s][36520] GC(24747)     Total                          Min: 3645, Avg: 3952.9, Max: 4224, Diff: 579, Sum: 39529, Workers: 10
[2025-05-12T23:25:33.013+0300][1042.992s][36520] GC(24747)   ResolvedMethodTable Weak       Min:  0.0, Avg:  0.0, Max:  0.0, Diff:  0.0, Sum:  0.0, Workers: 10
[2025-05-12T23:25:33.013+0300][1042.992s][36520] GC(24747)     Dead                           Min: 0, Avg:  3.5, Max: 13, Diff: 13, Sum: 35, Workers: 10
[2025-05-12T23:25:33.013+0300][1042.992s][36520] GC(24747)     Total                          Min: 0, Avg: 59.5, Max: 127, Diff: 127, Sum: 595, Workers: 10
[2025-05-12T23:25:33.013+0300][1042.992s][36520] GC(24747)   JNI Weak                       Min:  0.0, Avg:  0.0, Max:  0.0, Diff:  0.0, Sum:  0.0, Workers: 10
[2025-05-12T23:25:33.013+0300][1042.992s][36520] GC(24747)     Dead                           Min: 0, Avg:  0.0, Max: 0, Diff: 0, Sum: 0, Workers: 10
[2025-05-12T23:25:33.013+0300][1042.992s][36520] GC(24747)     Total                          Min: 0, Avg:  1.1, Max: 11, Diff: 11, Sum: 11, Workers: 10
[2025-05-12T23:25:33.013+0300][1042.992s][36520] GC(24747)   StringDedup Table Weak         Min:  0.0, Avg:  0.0, Max:  0.0, Diff:  0.0, Sum:  0.0, Workers: 10
[2025-05-12T23:25:33.013+0300][1042.992s][36520] GC(24747)     Dead                           Min: 0, Avg:  0.0, Max: 0, Diff: 0, Sum: 0, Workers: 10
[2025-05-12T23:25:33.013+0300][1042.992s][36520] GC(24747)     Total                          Min: 0, Avg:  0.0, Max: 0, Diff: 0, Sum: 0, Workers: 10
[2025-05-12T23:25:33.013+0300][1042.992s][36520] GC(24747)   StringDedup Requests0 Weak     Min:  0.0, Avg:  0.0, Max:  0.0, Diff:  0.0, Sum:  0.0, Workers: 10
[2025-05-12T23:25:33.013+0300][1042.992s][36520] GC(24747)     Dead                           Min: 0, Avg:  0.0, Max: 0, Diff: 0, Sum: 0, Workers: 10
[2025-05-12T23:25:33.013+0300][1042.992s][36520] GC(24747)     Total                          Min: 0, Avg:  0.0, Max: 0, Diff: 0, Sum: 0, Workers: 10
[2025-05-12T23:25:33.013+0300][1042.992s][36520] GC(24747)   StringDedup Requests1 Weak     Min:  0.0, Avg:  0.0, Max:  0.0, Diff:  0.0, Sum:  0.0, Workers: 10
[2025-05-12T23:25:33.013+0300][1042.992s][36520] GC(24747)     Dead                           Min: 0, Avg:  0.0, Max: 0, Diff: 0, Sum: 0, Workers: 10
[2025-05-12T23:25:33.013+0300][1042.992s][36520] GC(24747)     Total                          Min: 0, Avg:  0.0, Max: 0, Diff: 0, Sum: 0, Workers: 10
[2025-05-12T23:25:33.013+0300][1042.992s][36520] GC(24747)   Weak JFR Old Object Samples    Min:  0.0, Avg:  0.0, Max:  0.0, Diff:  0.0, Sum:  0.0, Workers: 10
[2025-05-12T23:25:33.013+0300][1042.992s][36520] GC(24747)     Dead                           Min: 0, Avg:  0.0, Max: 0, Diff: 0, Sum: 0, Workers: 10
[2025-05-12T23:25:33.013+0300][1042.992s][36520] GC(24747)     Total                          Min: 0, Avg:  0.0, Max: 0, Diff: 0, Sum: 0, Workers: 10
[2025-05-12T23:25:33.013+0300][1042.992s][36520] GC(24747) Phase 1: Weak Processing 0.474ms
[2025-05-12T23:25:33.013+0300][1042.992s][36520] GC(24747) Phase 1: Class Unloading and Cleanup
[2025-05-12T23:25:33.013+0300][1042.992s][36520] GC(24747) ClassLoaderData
[2025-05-12T23:25:33.013+0300][1042.992s][36520] GC(24747) ClassLoaderData 0.072ms
[2025-05-12T23:25:33.013+0300][1042.992s][36520] GC(24747) Trigger cleanups
[2025-05-12T23:25:33.013+0300][1042.992s][36520] GC(24747) Trigger cleanups 0.009ms
[2025-05-12T23:25:33.017+0300][1042.996s][36520] GC(24747) Phase 1: Class Unloading and Cleanup 4.042ms
[2025-05-12T23:25:33.017+0300][1042.996s][36520] GC(24747) Report Object Count
[2025-05-12T23:25:33.017+0300][1042.996s][36520] GC(24747) Report Object Count 0.012ms
[2025-05-12T23:25:33.017+0300][1042.996s][36520] GC(24747) Phase 1: Mark live objects 13.228ms
[2025-05-12T23:25:33.017+0300][1042.996s][36520] GC(24747) Phase 2: Prepare compaction
[2025-05-12T23:25:33.017+0300][1042.996s][36520] GC(24747) Phase 2: Determine work lists
[2025-05-12T23:25:33.017+0300][1042.996s][36520] GC(24747) Phase 2: Determine work lists 0.010ms
[2025-05-12T23:25:33.017+0300][1042.996s][36520] GC(24747) Phase 2: Prepare parallel compaction
[2025-05-12T23:25:33.018+0300][1042.997s][36520] GC(24747) Phase 2: Prepare parallel compaction 0.205ms
[2025-05-12T23:25:33.018+0300][1042.997s][36520] GC(24747) Phase 2: Prepare compaction 0.256ms
[2025-05-12T23:25:33.018+0300][1042.997s][36520] GC(24747) Phase 3: Adjust pointers
[2025-05-12T23:25:33.022+0300][1043.001s][36520] GC(24747) Phase 3: Adjust pointers 4.730ms
[2025-05-12T23:25:33.022+0300][1043.001s][36520] GC(24747) Phase 4: Compact heap
[2025-05-12T23:25:33.022+0300][1043.002s][36520] GC(24747) Phase 4: Compact heap 0.188ms
[2025-05-12T23:25:33.022+0300][1043.002s][36520] GC(24747) Phase 5: Reset Metadata
[2025-05-12T23:25:33.025+0300][1043.003s][36520] GC(24747) Phase 5: Reset Metadata 1.918ms
[2025-05-12T23:25:33.025+0300][1043.004s][36520] GC(24747) Running G1 Clear Bitmap with 1 workers for 1 work units.
[2025-05-12T23:25:33.027+0300][1043.005s][36520] Old generation allocation in the last mutator period, old gen allocated: 0B, humongous allocated: 0B, old gen growth: 0B.
[2025-05-12T23:25:33.027+0300][1043.005s][36520] GC(24747) Coarsening (recent): Inline->AoC 0 (0) AoC->Howl 0 (0) Howl->Full 0 (0) Inline->AoC 0 (0) AoC->BitMap 0 (0) BitMap->Full 0 (0) 
[2025-05-12T23:25:33.027+0300][1043.005s][36520] GC(24747) Coarsening (all): Inline->AoC 10920 (0) AoC->Howl 7731 (0) Howl->Full 0 (0) Inline->AoC 10809 (0) AoC->BitMap 7399 (0) BitMap->Full 0 (0) 
[2025-05-12T23:25:33.027+0300][1043.005s][36520] GC(24747) Eden regions: 0->0(1)
[2025-05-12T23:25:33.027+0300][1043.005s][36520] GC(24747) Survivor regions: 0->0(0)
[2025-05-12T23:25:33.027+0300][1043.006s][36520] GC(24747) Old regions: 12->11
[2025-05-12T23:25:33.027+0300][1043.006s][36520] GC(24747) Humongous regions: 0->0
[2025-05-12T23:25:33.027+0300][1043.006s][36520] GC(24747) Metaspace: 10757K(12736K)->10722K(12736K) NonClass: 9682K(11328K)->9656K(11328K) Class: 1075K(1408K)->1066K(1408K)
[2025-05-12T23:25:33.027+0300][1043.006s][36520] GC(24747) Heap after GC invocations=21203 (full 7108):
[2025-05-12T23:25:33.027+0300][1043.006s][36520] GC(24747)  garbage-first heap   total 12288K, used 11256K [0x00000000ff400000, 0x0000000100000000)
[2025-05-12T23:25:33.027+0300][1043.006s][36520] GC(24747)   region size 1024K, 0 young (0K), 0 survivors (0K)
[2025-05-12T23:25:33.027+0300][1043.006s][36520] GC(24747)  Metaspace       used 10722K, committed 12736K, reserved 1114112K
[2025-05-12T23:25:33.027+0300][1043.006s][36520] GC(24747)   class space    used 1066K, committed 1408K, reserved 1048576K
[2025-05-12T23:25:33.027+0300][1043.006s][36520] GC(24747) Pause Full (G1 Compaction Pause) 11M->10M(12M) 22.835ms
[2025-05-12T23:25:33.027+0300][1043.006s][36520] GC(24747) User=0.00s Sys=0.00s Real=0.02s
[2025-05-12T23:25:33.027+0300][1043.006s][34628] ---------------------------------------------------------------------
[2025-05-12T23:25:33.027+0300][1043.006s][9340 ] G1 Service Thread (Card Set Free Memory Task) (run: 24.766ms) (cpu: 0.000ms)
[2025-05-12T23:25:33.027+0300][1043.006s][34628] Marking Stats, task = 0, calls = 0
[2025-05-12T23:25:33.027+0300][1043.006s][34628]   Elapsed time = 0.00ms, Termination time = 0.00ms
[2025-05-12T23:25:33.027+0300][1043.006s][34628]   Step Times (cum): num = 5369, avg = 0.16ms, sd = 1.55ms max = 16.00ms, total = 833.00ms
[2025-05-12T23:25:33.027+0300][1043.006s][34628]   Mark Stats Cache: hits 2282 misses 0 ratio 100.000
[2025-05-12T23:25:33.027+0300][1043.006s][34628] ---------------------------------------------------------------------
[2025-05-12T23:25:33.027+0300][1043.006s][34628] Marking Stats, task = 1, calls = 0
[2025-05-12T23:25:33.027+0300][1043.006s][34628]   Elapsed time = 0.00ms, Termination time = 0.00ms
[2025-05-12T23:25:33.027+0300][1043.006s][34628]   Step Times (cum): num = 13793, avg = 0.02ms, sd = 0.58ms max = 16.00ms, total = 296.00ms
[2025-05-12T23:25:33.027+0300][1043.006s][34628]   Mark Stats Cache: hits 5196 misses 0 ratio 100.000
[2025-05-12T23:25:33.027+0300][1043.006s][34628] ---------------------------------------------------------------------
[2025-05-12T23:25:33.027+0300][1043.006s][34628] Marking Stats, task = 2, calls = 0
[2025-05-12T23:25:33.027+0300][1043.006s][34628]   Elapsed time = 0.00ms, Termination time = 0.00ms
[2025-05-12T23:25:33.027+0300][1043.006s][34628]   Step Times (cum): num = 13231, avg = 0.02ms, sd = 0.61ms max = 16.00ms, total = 313.00ms
[2025-05-12T23:25:33.027+0300][1043.006s][34628]   Mark Stats Cache: hits 0 misses 0 ratio 0.000
[2025-05-12T23:25:33.027+0300][1043.006s][34628] ---------------------------------------------------------------------
[2025-05-12T23:25:33.027+0300][1043.006s][34628] GC(24746) Concurrent Mark From Roots 23.161ms
[2025-05-12T23:25:33.027+0300][1043.006s][34628] GC(24746) Concurrent Mark Abort
[2025-05-12T23:25:33.027+0300][1043.006s][34628] GC(24746) Concurrent Mark Cycle 23.480ms
[2025-05-12T23:25:33.053+0300][1043.033s][36520] GC(24748) Pause Young (Normal) (G1 Evacuation Pause)
[2025-05-12T23:25:33.053+0300][1043.033s][36520] GC(24748) Heap before GC invocations=21203 (full 7108):
[2025-05-12T23:25:33.053+0300][1043.033s][36520] GC(24748)  garbage-first heap   total 12288K, used 12280K [0x00000000ff400000, 0x0000000100000000)
[2025-05-12T23:25:33.053+0300][1043.033s][36520] GC(24748)   region size 1024K, 1 young (1024K), 0 survivors (0K)
[2025-05-12T23:25:33.053+0300][1043.033s][36520] GC(24748)  Metaspace       used 10759K, committed 12736K, reserved 1114112K
[2025-05-12T23:25:33.053+0300][1043.033s][36520] GC(24748)   class space    used 1076K, committed 1408K, reserved 1048576K
[2025-05-12T23:25:33.053+0300][1043.033s][36520] GC(24748) Using 2 workers of 10 for evacuation
[2025-05-12T23:25:33.053+0300][1043.033s][36520] GC(24748) Desired survivor size 524288 bytes, new threshold 15 (max threshold 15)
[2025-05-12T23:25:33.053+0300][1043.033s][36520] GC(24748) TLAB totals: thrds: 1  refills: 317 max: 317 slow allocs: 151 max 151 waste: 22.1% gc: 0B max: 0B slow: 189528B max: 189528B
[2025-05-12T23:25:33.053+0300][1043.033s][36520] GC(24748) Mutator refinement: 0.00ms, refined: 0, precleaned: 0, dirtied: 101
[2025-05-12T23:25:33.053+0300][1043.033s][36520] GC(24748) Concurrent refinement: 0.00ms, refined: 0, precleaned: 0, dirtied: 0
[2025-05-12T23:25:33.053+0300][1043.033s][36520] GC(24748) Total refinement: 0.00ms, refined: 0, precleaned: 0, dirtied: 101
[2025-05-12T23:25:33.053+0300][1043.033s][36520] GC(24748) Generate dirty cards rate: 3.68 cards/ms
[2025-05-12T23:25:33.053+0300][1043.033s][36520] GC(24748) Mutator Allocation stats, regions: 1, wasted size: 0B ( 0.0%)
[2025-05-12T23:25:33.053+0300][1043.033s][36520] GC(24748) No candidates to reclaim.
[2025-05-12T23:25:33.053+0300][1043.033s][36520] GC(24748) Running G1 Merge Heap Roots using 2 workers for 1 regions
[2025-05-12T23:25:33.054+0300][1043.033s][36520] GC(24748) Visited cards 1152 Total dirty 12288 (9.38%) Total old 26624 (4.33%)
[2025-05-12T23:25:33.054+0300][1043.033s][13972] GC(24748) Attempt heap expansion (region allocation request failed). Allocation request: 2064B
[2025-05-12T23:25:33.054+0300][1043.033s][13972] GC(24748) Did not expand the heap (heap already fully expanded)
[2025-05-12T23:25:33.054+0300][1043.034s][36520] GC(24748) ReferenceProcessor::execute queues: 1, RefProcThreadModel::Single, marks_oops_alive: false
[2025-05-12T23:25:33.054+0300][1043.034s][36520] GC(24748) Skipped KeepAliveFinalRefsPhase of Reference Processing: no references
[2025-05-12T23:25:33.054+0300][1043.034s][36520] GC(24748) Skipped PhantomRefsPhase of Reference Processing: no references
[2025-05-12T23:25:33.054+0300][1043.034s][36520] GC(24748) Initializing removing self forwards with 64 chunks per region
[2025-05-12T23:25:33.054+0300][1043.034s][36520] GC(24748) Running G1 Rebuild Free List Task using 2 workers for rebuilding free list of regions
[2025-05-12T23:25:33.054+0300][1043.034s][36520] GC(24748) Young PLAB allocation: allocated: 0B, wasted: 0B, unused: 0B, used: 0B, undo waste: 0B, 
[2025-05-12T23:25:33.054+0300][1043.034s][36520] GC(24748) Young other allocation: region end waste: 0B, regions filled: 0, num plab filled: 2, direct allocated: 0B, num direct allocated: 0, failure used: 0B, failure wasted: 0B
[2025-05-12T23:25:33.054+0300][1043.034s][36520] GC(24748) Young sizing: calculated: 0B, actual: 2064B
[2025-05-12T23:25:33.054+0300][1043.034s][36520] GC(24748) Old PLAB allocation: allocated: 0B, wasted: 0B, unused: 0B, used: 0B, undo waste: 0B, 
[2025-05-12T23:25:33.054+0300][1043.034s][36520] GC(24748) Old other allocation: region end waste: 0B, regions filled: 0, num plab filled: 2, direct allocated: 0B, num direct allocated: 0, failure used: 186776B, failure wasted: 861800B
[2025-05-12T23:25:33.054+0300][1043.034s][36520] GC(24748) Old sizing: calculated: 0B, actual: 2064B
[2025-05-12T23:25:33.054+0300][1043.034s][36520] GC(24748) Heap expansion: short term pause time ratio 53.39% long term pause time ratio 42.43% threshold 7.69% pause time ratio 7.69% fully expanded true resize by 0B
[2025-05-12T23:25:33.054+0300][1043.034s][9340 ] G1 Service Thread (Card Set Free Memory Task) (run 0.010ms after schedule)
[2025-05-12T23:25:33.054+0300][1043.034s][36520] GC(24748) Request concurrent cycle initiation (occupancy higher than threshold) occupancy: 12582912B allocation request: 0B threshold: 3544216B (28.17) source: end of GC
[2025-05-12T23:25:33.055+0300][1043.034s][36520] GC(24748) MMU: 6.0ms (200.0ms/201.0ms)
[2025-05-12T23:25:33.055+0300][1043.034s][36520] Old generation allocation in the last mutator period, old gen allocated: 1048576B, humongous allocated: 0B, old gen growth: 1048576B.
[2025-05-12T23:25:33.055+0300][1043.034s][36520] GC(24748) Basic information (value update), threshold: 3596075B (28.58), target occupancy: 12582912B, current occupancy: 12575640B, recent allocation size: 1048576B, recent allocation duration: 27.46ms, recent old gen allocation rate: 38191976.81B/s, recent marking phase length: 120.12ms
[2025-05-12T23:25:33.055+0300][1043.034s][36520] GC(24748) Adaptive IHOP information (value update), threshold: 3596075B (33.62), internal target occupancy: 10695475B, occupancy: 12575640B, additional buffer size: 1048576B, predicted old gen allocation rate: 50138224.93B/s, predicted marking phase length: 120.68ms, prediction active: true
[2025-05-12T23:25:33.055+0300][1043.034s][36520] GC(24748) GC refinement: goal: 18446744073709551615 + 102 / 20.00ms, actual: 101 / 0.04ms, 
[2025-05-12T23:25:33.055+0300][1043.034s][36520] GC(24748) Unchanged pending cards target: 18446744073709551615
[2025-05-12T23:25:33.055+0300][1043.034s][36520] GC(24748)   Pre Evacuate Collection Set: 0.1ms
[2025-05-12T23:25:33.055+0300][1043.034s][36520] GC(24748)     Pre Evacuate Prepare: 0.1ms
[2025-05-12T23:25:33.055+0300][1043.034s][36520] GC(24748)       JT Retire TLABs And Flush Logs (ms): Min:  0.0, Avg:  0.0, Max:  0.0, Diff:  0.0, Sum:  0.0, Workers: 2
[2025-05-12T23:25:33.055+0300][1043.034s][36520] GC(24748)       Non-JT Flush Logs (ms):        Min:  0.0, Avg:  0.0, Max:  0.0, Diff:  0.0, Sum:  0.0, Workers: 1
[2025-05-12T23:25:33.055+0300][1043.034s][36520] GC(24748)     Choose Collection Set: 0.0ms
[2025-05-12T23:25:33.055+0300][1043.034s][36520] GC(24748)     Region Register: 0.1ms
[2025-05-12T23:25:33.055+0300][1043.034s][36520] GC(24748)     Prepare Heap Roots: 0.0ms
[2025-05-12T23:25:33.055+0300][1043.034s][36520] GC(24748)   Merge Heap Roots: 0.1ms
[2025-05-12T23:25:33.055+0300][1043.034s][36520] GC(24748)     Prepare Merge Heap Roots: 0.0ms
[2025-05-12T23:25:33.055+0300][1043.034s][36520] GC(24748)     Remembered Sets (ms):          Min:  0.0, Avg:  0.0, Max:  0.0, Diff:  0.0, Sum:  0.0, Workers: 2
[2025-05-12T23:25:33.055+0300][1043.034s][36520] GC(24748)       Eager Reclaim (ms):            skipped
[2025-05-12T23:25:33.055+0300][1043.034s][36520] GC(24748)       Merged Inline                  Min: 0, Avg:  0.0, Max: 0, Diff: 0, Sum: 0, Workers: 2
[2025-05-12T23:25:33.055+0300][1043.034s][36520] GC(24748)       Merged ArrayOfCards            Min: 0, Avg:  0.0, Max: 0, Diff: 0, Sum: 0, Workers: 2
[2025-05-12T23:25:33.055+0300][1043.034s][36520] GC(24748)       Merged Howl                    Min: 0, Avg:  0.0, Max: 0, Diff: 0, Sum: 0, Workers: 2
[2025-05-12T23:25:33.055+0300][1043.034s][36520] GC(24748)       Merged Full                    Min: 0, Avg:  0.0, Max: 0, Diff: 0, Sum: 0, Workers: 2
[2025-05-12T23:25:33.055+0300][1043.034s][36520] GC(24748)       Merged Howl Inline             Min: 0, Avg:  0.0, Max: 0, Diff: 0, Sum: 0, Workers: 2
[2025-05-12T23:25:33.055+0300][1043.034s][36520] GC(24748)       Merged Howl ArrayOfCards       Min: 0, Avg:  0.0, Max: 0, Diff: 0, Sum: 0, Workers: 2
[2025-05-12T23:25:33.055+0300][1043.034s][36520] GC(24748)       Merged Howl BitMap             Min: 0, Avg:  0.0, Max: 0, Diff: 0, Sum: 0, Workers: 2
[2025-05-12T23:25:33.055+0300][1043.034s][36520] GC(24748)       Merged Howl Full               Min: 0, Avg:  0.0, Max: 0, Diff: 0, Sum: 0, Workers: 2
[2025-05-12T23:25:33.055+0300][1043.034s][36520] GC(24748)       Merged Cards                   Min: 8, Avg:  8.0, Max: 8, Diff: 0, Sum: 16, Workers: 2
[2025-05-12T23:25:33.055+0300][1043.034s][36520] GC(24748)     Log Buffers (ms):              Min:  0.0, Avg:  0.0, Max:  0.0, Diff:  0.0, Sum:  0.0, Workers: 2
[2025-05-12T23:25:33.055+0300][1043.034s][36520] GC(24748)       Dirty Cards:                   Min: 24, Avg: 50.5, Max: 77, Diff: 53, Sum: 101, Workers: 2
[2025-05-12T23:25:33.055+0300][1043.034s][36520] GC(24748)       Skipped Cards:                 Min: 0, Avg:  0.0, Max: 0, Diff: 0, Sum: 0, Workers: 2
[2025-05-12T23:25:33.055+0300][1043.034s][36520] GC(24748)   Evacuate Collection Set: 0.3ms
[2025-05-12T23:25:33.055+0300][1043.034s][36520] GC(24748)     Ext Root Scanning (ms):        Min:  0.1, Avg:  0.1, Max:  0.1, Diff:  0.0, Sum:  0.2, Workers: 2
[2025-05-12T23:25:33.055+0300][1043.034s][36520] GC(24748)     Scan Heap Roots (ms):          Min:  0.0, Avg:  0.0, Max:  0.1, Diff:  0.0, Sum:  0.1, Workers: 2
[2025-05-12T23:25:33.055+0300][1043.034s][36520] GC(24748)       Scanned Cards:                 Min: 21, Avg: 50.5, Max: 80, Diff: 59, Sum: 101, Workers: 2
[2025-05-12T23:25:33.055+0300][1043.034s][36520] GC(24748)       Scanned Blocks:                Min: 18, Avg: 36.0, Max: 54, Diff: 36, Sum: 72, Workers: 2
[2025-05-12T23:25:33.055+0300][1043.034s][36520] GC(24748)       Claimed Chunks:                Min: 9, Avg: 18.0, Max: 27, Diff: 18, Sum: 36, Workers: 2
[2025-05-12T23:25:33.055+0300][1043.035s][36520] GC(24748)       Found Roots:                   Min: 25, Avg: 50.0, Max: 75, Diff: 50, Sum: 100, Workers: 2
[2025-05-12T23:25:33.055+0300][1043.035s][36520] GC(24748)     Code Root Scan (ms):           Min:  0.0, Avg:  0.0, Max:  0.0, Diff:  0.0, Sum:  0.0, Workers: 2
[2025-05-12T23:25:33.055+0300][1043.035s][36520] GC(24748)     Object Copy (ms):              Min:  0.1, Avg:  0.2, Max:  0.2, Diff:  0.0, Sum:  0.3, Workers: 2
[2025-05-12T23:25:33.055+0300][1043.035s][36520] GC(24748)     Termination (ms):              Min:  0.0, Avg:  0.0, Max:  0.0, Diff:  0.0, Sum:  0.0, Workers: 2
[2025-05-12T23:25:33.055+0300][1043.035s][36520] GC(24748)       Termination Attempts:          Min: 1, Avg:  1.0, Max: 1, Diff: 0, Sum: 2, Workers: 2
[2025-05-12T23:25:33.055+0300][1043.035s][36520] GC(24748)     GC Worker Other (ms):          Min:  0.0, Avg:  0.0, Max:  0.0, Diff:  0.0, Sum:  0.0, Workers: 2
[2025-05-12T23:25:33.055+0300][1043.035s][36520] GC(24748)     GC Worker Total (ms):          Min:  0.3, Avg:  0.3, Max:  0.3, Diff:  0.0, Sum:  0.6, Workers: 2
[2025-05-12T23:25:33.055+0300][1043.035s][36520] GC(24748)   Post Evacuate Collection Set: 0.6ms
[2025-05-12T23:25:33.055+0300][1043.035s][36520] GC(24748)     NMethod List Cleanup: 0.0ms
[2025-05-12T23:25:33.055+0300][1043.035s][36520] GC(24748)     Reference Processing: 0.1ms
[2025-05-12T23:25:33.055+0300][1043.035s][36520] GC(24748)       Notify Soft/WeakReferences: 0.0ms
[2025-05-12T23:25:33.055+0300][1043.035s][36520] GC(24748)         SoftRef (ms):                  Min:  0.0, Avg:  0.0, Max:  0.0, Diff:  0.0, Sum:  0.0, Workers: 1
[2025-05-12T23:25:33.055+0300][1043.035s][36520] GC(24748)         WeakRef (ms):                  Min:  0.0, Avg:  0.0, Max:  0.0, Diff:  0.0, Sum:  0.0, Workers: 1
[2025-05-12T23:25:33.055+0300][1043.035s][36520] GC(24748)         FinalRef (ms):                 Min:  0.0, Avg:  0.0, Max:  0.0, Diff:  0.0, Sum:  0.0, Workers: 1
[2025-05-12T23:25:33.055+0300][1043.035s][36520] GC(24748)         Total (ms):                    Min:  0.0, Avg:  0.0, Max:  0.0, Diff:  0.0, Sum:  0.0, Workers: 1
[2025-05-12T23:25:33.055+0300][1043.035s][36520] GC(24748)       Notify and keep alive finalizable: 0.0ms
[2025-05-12T23:25:33.055+0300][1043.035s][36520] GC(24748)         FinalRef (ms):                 skipped
[2025-05-12T23:25:33.055+0300][1043.035s][36520] GC(24748)       Notify PhantomReferences: 0.0ms
[2025-05-12T23:25:33.055+0300][1043.035s][36520] GC(24748)         PhantomRef (ms):               skipped
[2025-05-12T23:25:33.055+0300][1043.035s][36520] GC(24748)       SoftReference Discovered: 0, Dropped: 0, Processed: 0
[2025-05-12T23:25:33.055+0300][1043.035s][36520] GC(24748)       WeakReference Discovered: 41, Dropped: 19, Processed: 22
[2025-05-12T23:25:33.055+0300][1043.035s][36520] GC(24748)       FinalReference Discovered: 0, Dropped: 0, Processed: 0
[2025-05-12T23:25:33.055+0300][1043.035s][36520] GC(24748)       PhantomReference Discovered: 0, Dropped: 0, Processed: 0
[2025-05-12T23:25:33.055+0300][1043.035s][36520] GC(24748)     Weak Processing: 0.1ms
[2025-05-12T23:25:33.055+0300][1043.035s][36520] GC(24748)       VM Weak                        Min:  0.0, Avg:  0.0, Max:  0.0, Diff:  0.0, Sum:  0.0, Workers: 10
[2025-05-12T23:25:33.055+0300][1043.035s][36520] GC(24748)         Dead                           Min: 0, Avg:  0.0, Max: 0, Diff: 0, Sum: 0, Workers: 10
[2025-05-12T23:25:33.055+0300][1043.035s][36520] GC(24748)         Total                          Min: 0, Avg:  6.7, Max: 62, Diff: 62, Sum: 67, Workers: 10
[2025-05-12T23:25:33.055+0300][1043.035s][36520] GC(24748)       ObjectSynchronizer Weak        Min:  0.0, Avg:  0.0, Max:  0.0, Diff:  0.0, Sum:  0.0, Workers: 10
[2025-05-12T23:25:33.055+0300][1043.035s][36520] GC(24748)         Dead                           Min: 0, Avg:  0.0, Max: 0, Diff: 0, Sum: 0, Workers: 10
[2025-05-12T23:25:33.055+0300][1043.035s][36520] GC(24748)         Total                          Min: 0, Avg:  0.1, Max: 1, Diff: 1, Sum: 1, Workers: 10
[2025-05-12T23:25:33.055+0300][1043.035s][36520] GC(24748)       JVMTI Tag Weak OopStorage      Min:  0.1, Avg:  0.1, Max:  0.1, Diff:  0.0, Sum:  0.6, Workers: 10
[2025-05-12T23:25:33.055+0300][1043.035s][36520] GC(24748)         Dead                           Min: 0, Avg:  0.0, Max: 0, Diff: 0, Sum: 0, Workers: 10
[2025-05-12T23:25:33.055+0300][1043.035s][36520] GC(24748)         Total                          Min: 5911, Avg: 6289.9, Max: 6574, Diff: 663, Sum: 62899, Workers: 10
[2025-05-12T23:25:33.055+0300][1043.035s][36520] GC(24748)       StringTable Weak               Min:  0.0, Avg:  0.0, Max:  0.0, Diff:  0.0, Sum:  0.3, Workers: 10
[2025-05-12T23:25:33.055+0300][1043.035s][36520] GC(24748)         Dead                           Min: 0, Avg:  0.0, Max: 0, Diff: 0, Sum: 0, Workers: 10
[2025-05-12T23:25:33.055+0300][1043.035s][36520] GC(24748)         Total                          Min: 3456, Avg: 3952.9, Max: 4288, Diff: 832, Sum: 39529, Workers: 10
[2025-05-12T23:25:33.055+0300][1043.035s][36520] GC(24748)       ResolvedMethodTable Weak       Min:  0.0, Avg:  0.0, Max:  0.0, Diff:  0.0, Sum:  0.0, Workers: 10
[2025-05-12T23:25:33.055+0300][1043.035s][36520] GC(24748)         Dead                           Min: 0, Avg:  0.0, Max: 0, Diff: 0, Sum: 0, Workers: 10
[2025-05-12T23:25:33.055+0300][1043.035s][36520] GC(24748)         Total                          Min: 36, Avg: 61.2, Max: 123, Diff: 87, Sum: 612, Workers: 10
[2025-05-12T23:25:33.055+0300][1043.035s][36520] GC(24748)       JNI Weak                       Min:  0.0, Avg:  0.0, Max:  0.0, Diff:  0.0, Sum:  0.0, Workers: 10
[2025-05-12T23:25:33.055+0300][1043.035s][36520] GC(24748)         Dead                           Min: 0, Avg:  0.0, Max: 0, Diff: 0, Sum: 0, Workers: 10
[2025-05-12T23:25:33.055+0300][1043.035s][36520] GC(24748)         Total                          Min: 0, Avg:  1.1, Max: 11, Diff: 11, Sum: 11, Workers: 10
[2025-05-12T23:25:33.055+0300][1043.035s][36520] GC(24748)       StringDedup Table Weak         Min:  0.0, Avg:  0.0, Max:  0.0, Diff:  0.0, Sum:  0.0, Workers: 10
[2025-05-12T23:25:33.055+0300][1043.035s][36520] GC(24748)         Dead                           Min: 0, Avg:  0.0, Max: 0, Diff: 0, Sum: 0, Workers: 10
[2025-05-12T23:25:33.055+0300][1043.035s][36520] GC(24748)         Total                          Min: 0, Avg:  0.0, Max: 0, Diff: 0, Sum: 0, Workers: 10
[2025-05-12T23:25:33.055+0300][1043.035s][36520] GC(24748)       StringDedup Requests0 Weak     Min:  0.0, Avg:  0.0, Max:  0.0, Diff:  0.0, Sum:  0.0, Workers: 10
[2025-05-12T23:25:33.055+0300][1043.035s][36520] GC(24748)         Dead                           Min: 0, Avg:  0.0, Max: 0, Diff: 0, Sum: 0, Workers: 10
[2025-05-12T23:25:33.055+0300][1043.035s][36520] GC(24748)         Total                          Min: 0, Avg:  0.0, Max: 0, Diff: 0, Sum: 0, Workers: 10
[2025-05-12T23:25:33.055+0300][1043.035s][36520] GC(24748)       StringDedup Requests1 Weak     Min:  0.0, Avg:  0.0, Max:  0.0, Diff:  0.0, Sum:  0.0, Workers: 10
[2025-05-12T23:25:33.055+0300][1043.035s][36520] GC(24748)         Dead                           Min: 0, Avg:  0.0, Max: 0, Diff: 0, Sum: 0, Workers: 10
[2025-05-12T23:25:33.055+0300][1043.035s][36520] GC(24748)         Total                          Min: 0, Avg:  0.0, Max: 0, Diff: 0, Sum: 0, Workers: 10
[2025-05-12T23:25:33.055+0300][1043.035s][36520] GC(24748)       Weak JFR Old Object Samples    Min:  0.0, Avg:  0.0, Max:  0.0, Diff:  0.0, Sum:  0.0, Workers: 10
[2025-05-12T23:25:33.055+0300][1043.035s][36520] GC(24748)         Dead                           Min: 0, Avg:  0.0, Max: 0, Diff: 0, Sum: 0, Workers: 10
[2025-05-12T23:25:33.055+0300][1043.035s][36520] GC(24748)         Total                          Min: 0, Avg:  0.0, Max: 0, Diff: 0, Sum: 0, Workers: 10
[2025-05-12T23:25:33.055+0300][1043.035s][36520] GC(24748)     Post Evacuate Cleanup 1: 0.1ms
[2025-05-12T23:25:33.055+0300][1043.035s][36520] GC(24748)       Merge Per-Thread State (ms):   Min:  0.0, Avg:  0.0, Max:  0.0, Diff:  0.0, Sum:  0.0, Workers: 1
[2025-05-12T23:25:33.055+0300][1043.035s][36520] GC(24748)         Copied Bytes                   Min: 0, Avg:  0.0, Max: 0, Diff: 0, Sum: 0, Workers: 2
[2025-05-12T23:25:33.055+0300][1043.035s][36520] GC(24748)         LAB Waste                      Min: 0, Avg:  0.0, Max: 0, Diff: 0, Sum: 0, Workers: 2
[2025-05-12T23:25:33.055+0300][1043.035s][36520] GC(24748)         LAB Undo Waste                 Min: 0, Avg:  0.0, Max: 0, Diff: 0, Sum: 0, Workers: 2
[2025-05-12T23:25:33.055+0300][1043.035s][36520] GC(24748)       Clear Logged Cards (ms):       Min:  0.0, Avg:  0.0, Max:  0.0, Diff:  0.0, Sum:  0.0, Workers: 2
[2025-05-12T23:25:33.055+0300][1043.035s][36520] GC(24748)       Recalculate Used Memory (ms):  Min:  0.0, Avg:  0.0, Max:  0.0, Diff:  0.0, Sum:  0.0, Workers: 1
[2025-05-12T23:25:33.055+0300][1043.035s][36520] GC(24748)       Restore Retained Regions (ms): Min:  0.0, Avg:  0.0, Max:  0.1, Diff:  0.0, Sum:  0.1, Workers: 2
[2025-05-12T23:25:33.055+0300][1043.035s][36520] GC(24748)         Evacuation Failure Regions:    Min: 1, Avg:  1.0, Max: 1, Diff: 0, Sum: 1, Workers: 1
[2025-05-12T23:25:33.055+0300][1043.035s][36520] GC(24748)         Remove Self Forwards (ms):     Min:  0.0, Avg:  0.0, Max:  0.1, Diff:  0.0, Sum:  0.1, Workers: 2
[2025-05-12T23:25:33.055+0300][1043.035s][36520] GC(24748)           Forward Chunks:                Min: 12, Avg: 28.0, Max: 44, Diff: 32, Sum: 56, Workers: 2
[2025-05-12T23:25:33.055+0300][1043.035s][36520] GC(24748)           Empty Forward Chunks:          Min: 2, Avg:  4.0, Max: 6, Diff: 4, Sum: 8, Workers: 2
[2025-05-12T23:25:33.055+0300][1043.035s][36520] GC(24748)           Forward Objects:               Min: 1218, Avg: 1712.5, Max: 2207, Diff: 989, Sum: 3425, Workers: 2
[2025-05-12T23:25:33.055+0300][1043.035s][36520] GC(24748)           Forward Bytes:                 Min: 77576, Avg: 93388.0, Max: 109200, Diff: 31624, Sum: 186776, Workers: 2
[2025-05-12T23:25:33.055+0300][1043.035s][36520] GC(24748)     Post Evacuate Cleanup 2: 0.1ms
[2025-05-12T23:25:33.055+0300][1043.035s][36520] GC(24748)       Recalculate Used Memory (ms):  Min:  0.0, Avg:  0.0, Max:  0.0, Diff:  0.0, Sum:  0.0, Workers: 1
[2025-05-12T23:25:33.055+0300][1043.035s][36520] GC(24748)       Restore Preserved Marks (ms):  Min:  0.0, Avg:  0.0, Max:  0.0, Diff:  0.0, Sum:  0.0, Workers: 2
[2025-05-12T23:25:33.056+0300][1043.035s][36520] GC(24748)       Clear Retained Region Bitmaps (ms): Min:  0.0, Avg:  0.0, Max:  0.0, Diff:  0.0, Sum:  0.0, Workers: 2
[2025-05-12T23:25:33.056+0300][1043.035s][36520] GC(24748)       Update Derived Pointers (ms):  Min:  0.0, Avg:  0.0, Max:  0.0, Diff:  0.0, Sum:  0.0, Workers: 1
[2025-05-12T23:25:33.056+0300][1043.035s][36520] GC(24748)       Eagerly Reclaim Humongous Objects (ms): skipped
[2025-05-12T23:25:33.056+0300][1043.035s][36520] GC(24748)         Humongous Total                skipped
[2025-05-12T23:25:33.056+0300][1043.035s][36520] GC(24748)         Humongous Candidates           skipped
[2025-05-12T23:25:33.056+0300][1043.035s][36520] GC(24748)         Humongous Reclaimed            skipped
[2025-05-12T23:25:33.056+0300][1043.035s][36520] GC(24748)       Redirty Logged Cards (ms):     Min:  0.0, Avg:  0.0, Max:  0.0, Diff:  0.0, Sum:  0.0, Workers: 2
[2025-05-12T23:25:33.056+0300][1043.035s][36520] GC(24748)         Redirtied Cards:               Min: 0, Avg:  0.0, Max: 0, Diff: 0, Sum: 0, Workers: 2
[2025-05-12T23:25:33.056+0300][1043.035s][36520] GC(24748)       Resize TLABs (ms):             Min:  0.0, Avg:  0.0, Max:  0.0, Diff:  0.0, Sum:  0.0, Workers: 2
[2025-05-12T23:25:33.056+0300][1043.035s][36520] GC(24748)       Free Collection Set (ms):      Min:  0.0, Avg:  0.0, Max:  0.0, Diff:  0.0, Sum:  0.0, Workers: 2
[2025-05-12T23:25:33.056+0300][1043.035s][36520] GC(24748)     Rebuild Free List: 0.1ms
[2025-05-12T23:25:33.056+0300][1043.035s][36520] GC(24748)     Prepare For Mutator: 0.1ms
[2025-05-12T23:25:33.056+0300][1043.035s][36520] GC(24748)     Expand Heap After Collection: 0.0ms
[2025-05-12T23:25:33.056+0300][1043.035s][36520] GC(24748)   Other: 0.3ms
[2025-05-12T23:25:33.056+0300][1043.035s][36520] GC(24748) Coarsening (recent): Inline->AoC 0 (0) AoC->Howl 0 (0) Howl->Full 0 (0) Inline->AoC 0 (0) AoC->BitMap 0 (0) BitMap->Full 0 (0) 
[2025-05-12T23:25:33.056+0300][1043.035s][36520] GC(24748) Coarsening (all): Inline->AoC 10920 (0) AoC->Howl 7731 (0) Howl->Full 0 (0) Inline->AoC 10809 (0) AoC->BitMap 7399 (0) BitMap->Full 0 (0) 
[2025-05-12T23:25:33.056+0300][1043.035s][36520] GC(24748) Eden regions: 1->0(0)
[2025-05-12T23:25:33.056+0300][1043.035s][36520] GC(24748) Survivor regions: 0->0(0)
[2025-05-12T23:25:33.056+0300][1043.035s][36520] GC(24748) Old regions: 11->12
[2025-05-12T23:25:33.056+0300][1043.035s][36520] GC(24748) Humongous regions: 0->0
[2025-05-12T23:25:33.056+0300][1043.035s][36520] GC(24748) Metaspace: 10759K(12736K)->10759K(12736K) NonClass: 9683K(11328K)->9683K(11328K) Class: 1076K(1408K)->1076K(1408K)
[2025-05-12T23:25:33.056+0300][1043.035s][36520] GC(24748) Heap after GC invocations=21204 (full 7108):
[2025-05-12T23:25:33.056+0300][1043.035s][36520] GC(24748)  garbage-first heap   total 12288K, used 12280K [0x00000000ff400000, 0x0000000100000000)
[2025-05-12T23:25:33.056+0300][1043.035s][36520] GC(24748)   region size 1024K, 0 young (0K), 0 survivors (0K)
[2025-05-12T23:25:33.056+0300][1043.035s][36520] GC(24748)  Metaspace       used 10759K, committed 12736K, reserved 1114112K
[2025-05-12T23:25:33.056+0300][1043.035s][36520] GC(24748)   class space    used 1076K, committed 1408K, reserved 1048576K
[2025-05-12T23:25:33.056+0300][1043.035s][36520] GC(24748) Pause Young (Normal) (G1 Evacuation Pause) (Evacuation Failure) 11M->11M(12M) 2.745ms
[2025-05-12T23:25:33.056+0300][1043.035s][36520] GC(24748) User=0.00s Sys=0.00s Real=0.00s
[2025-05-12T23:25:33.056+0300][1043.036s][36520] Attempt heap expansion (allocation request failed). Allocation request: 2048B
[2025-05-12T23:25:33.056+0300][1043.036s][36520] Expand the heap. requested expansion amount: 1048576B expansion amount: 1048576B
[2025-05-12T23:25:33.056+0300][1043.036s][36520] Did not expand the heap (heap already fully expanded)
[2025-05-12T23:25:33.056+0300][1043.036s][36520] Attempting full compaction
[2025-05-12T23:25:33.056+0300][1043.036s][36520] GC(24749) Pause Full (G1 Compaction Pause)
[2025-05-12T23:25:33.056+0300][1043.036s][36520] GC(24749) Heap before GC invocations=21204 (full 7108):
[2025-05-12T23:25:33.056+0300][1043.036s][36520] GC(24749)  garbage-first heap   total 12288K, used 12280K [0x00000000ff400000, 0x0000000100000000)
[2025-05-12T23:25:33.056+0300][1043.036s][36520] GC(24749)   region size 1024K, 0 young (0K), 0 survivors (0K)
[2025-05-12T23:25:33.056+0300][1043.036s][36520] GC(24749)  Metaspace       used 10759K, committed 12736K, reserved 1114112K
[2025-05-12T23:25:33.056+0300][1043.036s][36520] GC(24749)   class space    used 1076K, committed 1408K, reserved 1048576K
[2025-05-12T23:25:33.056+0300][1043.036s][36520] GC(24749) Requesting 1 active workers for full compaction (waste limited workers: 1, adaptive workers: 2, used limited workers: 12)
[2025-05-12T23:25:33.056+0300][1043.036s][36520] GC(24749) Using 1 workers of 10 for full compaction
[2025-05-12T23:25:33.056+0300][1043.036s][36520] GC(24749) Mutator Allocation stats, regions: 0, wasted size: 0B ( 0.0%)
[2025-05-12T23:25:33.056+0300][1043.036s][36520] GC(24749) Phase 1: Mark live objects
[2025-05-12T23:25:33.065+0300][1043.043s][36520] GC(24749) Phase 1: Reference Processing
[2025-05-12T23:25:33.065+0300][1043.043s][36520] GC(24749) ReferenceProcessor::execute queues: 1, RefProcThreadModel::Single, marks_oops_alive: false
[2025-05-12T23:25:33.065+0300][1043.043s][36520] GC(24749) Skipped KeepAliveFinalRefsPhase of Reference Processing: no references
[2025-05-12T23:25:33.065+0300][1043.043s][36520] GC(24749) ReferenceProcessor::execute queues: 1, RefProcThreadModel::Single, marks_oops_alive: false
[2025-05-12T23:25:33.065+0300][1043.043s][36520] GC(24749) Reference Processing: 0.0ms
[2025-05-12T23:25:33.065+0300][1043.043s][36520] GC(24749)   Notify Soft/WeakReferences: 0.0ms
[2025-05-12T23:25:33.065+0300][1043.043s][36520] GC(24749)     SoftRef: 0.0ms
[2025-05-12T23:25:33.065+0300][1043.043s][36520] GC(24749)     WeakRef: 0.0ms
[2025-05-12T23:25:33.065+0300][1043.043s][36520] GC(24749)     FinalRef: 0.0ms
[2025-05-12T23:25:33.065+0300][1043.043s][36520] GC(24749)     Total: 0.0ms
[2025-05-12T23:25:33.065+0300][1043.043s][36520] GC(24749)   Notify and keep alive finalizable: 0.0ms
[2025-05-12T23:25:33.065+0300][1043.043s][36520] GC(24749)     FinalRef: skipped
[2025-05-12T23:25:33.065+0300][1043.043s][36520] GC(24749)   Notify PhantomReferences: 0.0ms
[2025-05-12T23:25:33.065+0300][1043.043s][36520] GC(24749)     PhantomRef: 0.0ms
[2025-05-12T23:25:33.065+0300][1043.043s][36520] GC(24749)   SoftReference Discovered: 46, Dropped: 4, Processed: 42
[2025-05-12T23:25:33.065+0300][1043.043s][36520] GC(24749)   WeakReference Discovered: 32, Dropped: 13, Processed: 19
[2025-05-12T23:25:33.065+0300][1043.043s][36520] GC(24749)   FinalReference Discovered: 0, Dropped: 0, Processed: 0
[2025-05-12T23:25:33.065+0300][1043.043s][36520] GC(24749)   PhantomReference Discovered: 23, Dropped: 23, Processed: 0
[2025-05-12T23:25:33.065+0300][1043.043s][36520] GC(24749) Phase 1: Reference Processing 0.213ms
[2025-05-12T23:25:33.065+0300][1043.043s][36520] GC(24749) Phase 1: Weak Processing
[2025-05-12T23:25:33.065+0300][1043.044s][36520] GC(24749)   VM Weak                        Min:  0.0, Avg:  0.0, Max:  0.0, Diff:  0.0, Sum:  0.0, Workers: 10
[2025-05-12T23:25:33.065+0300][1043.044s][36520] GC(24749)     Dead                           Min: 0, Avg:  2.0, Max: 20, Diff: 20, Sum: 20, Workers: 10
[2025-05-12T23:25:33.065+0300][1043.044s][36520] GC(24749)     Total                          Min: 0, Avg:  6.7, Max: 41, Diff: 41, Sum: 67, Workers: 10
[2025-05-12T23:25:33.065+0300][1043.044s][36520] GC(24749)   ObjectSynchronizer Weak        Min:  0.0, Avg:  0.0, Max:  0.0, Diff:  0.0, Sum:  0.0, Workers: 10
[2025-05-12T23:25:33.065+0300][1043.044s][36520] GC(24749)     Dead                           Min: 0, Avg:  0.0, Max: 0, Diff: 0, Sum: 0, Workers: 10
[2025-05-12T23:25:33.065+0300][1043.044s][36520] GC(24749)     Total                          Min: 0, Avg:  0.1, Max: 1, Diff: 1, Sum: 1, Workers: 10
[2025-05-12T23:25:33.065+0300][1043.044s][36520] GC(24749)   JVMTI Tag Weak OopStorage      Min:  0.0, Avg:  0.1, Max:  0.1, Diff:  0.0, Sum:  0.5, Workers: 10
[2025-05-12T23:25:33.065+0300][1043.044s][36520] GC(24749)     Dead                           Min: 0, Avg:  2.0, Max: 20, Diff: 20, Sum: 20, Workers: 10
[2025-05-12T23:25:33.065+0300][1043.044s][36520] GC(24749)     Total                          Min: 3338, Avg: 6289.9, Max: 10675, Diff: 7337, Sum: 62899, Workers: 10
[2025-05-12T23:25:33.065+0300][1043.044s][36520] GC(24749)   StringTable Weak               Min:  0.0, Avg:  0.0, Max:  0.0, Diff:  0.0, Sum:  0.2, Workers: 10
[2025-05-12T23:25:33.065+0300][1043.044s][36520] GC(24749)     Dead                           Min: 1, Avg:  9.0, Max: 32, Diff: 31, Sum: 90, Workers: 10
[2025-05-12T23:25:33.065+0300][1043.044s][36520] GC(24749)     Total                          Min: 3520, Avg: 3952.9, Max: 4797, Diff: 1277, Sum: 39529, Workers: 10
[2025-05-12T23:25:33.065+0300][1043.044s][36520] GC(24749)   ResolvedMethodTable Weak       Min:  0.0, Avg:  0.0, Max:  0.0, Diff:  0.0, Sum:  0.0, Workers: 10
[2025-05-12T23:25:33.065+0300][1043.044s][36520] GC(24749)     Dead                           Min: 0, Avg:  3.7, Max: 37, Diff: 37, Sum: 37, Workers: 10
[2025-05-12T23:25:33.065+0300][1043.044s][36520] GC(24749)     Total                          Min: 0, Avg: 61.2, Max: 123, Diff: 123, Sum: 612, Workers: 10
[2025-05-12T23:25:33.065+0300][1043.044s][36520] GC(24749)   JNI Weak                       Min:  0.0, Avg:  0.0, Max:  0.0, Diff:  0.0, Sum:  0.0, Workers: 10
[2025-05-12T23:25:33.065+0300][1043.044s][36520] GC(24749)     Dead                           Min: 0, Avg:  0.0, Max: 0, Diff: 0, Sum: 0, Workers: 10
[2025-05-12T23:25:33.065+0300][1043.044s][36520] GC(24749)     Total                          Min: 0, Avg:  1.1, Max: 11, Diff: 11, Sum: 11, Workers: 10
[2025-05-12T23:25:33.065+0300][1043.044s][36520] GC(24749)   StringDedup Table Weak         Min:  0.0, Avg:  0.0, Max:  0.0, Diff:  0.0, Sum:  0.0, Workers: 10
[2025-05-12T23:25:33.065+0300][1043.044s][36520] GC(24749)     Dead                           Min: 0, Avg:  0.0, Max: 0, Diff: 0, Sum: 0, Workers: 10
[2025-05-12T23:25:33.065+0300][1043.044s][36520] GC(24749)     Total                          Min: 0, Avg:  0.0, Max: 0, Diff: 0, Sum: 0, Workers: 10
[2025-05-12T23:25:33.065+0300][1043.044s][36520] GC(24749)   StringDedup Requests0 Weak     Min:  0.0, Avg:  0.0, Max:  0.0, Diff:  0.0, Sum:  0.0, Workers: 10
[2025-05-12T23:25:33.065+0300][1043.044s][36520] GC(24749)     Dead                           Min: 0, Avg:  0.0, Max: 0, Diff: 0, Sum: 0, Workers: 10
[2025-05-12T23:25:33.065+0300][1043.044s][36520] GC(24749)     Total                          Min: 0, Avg:  0.0, Max: 0, Diff: 0, Sum: 0, Workers: 10
[2025-05-12T23:25:33.065+0300][1043.044s][36520] GC(24749)   StringDedup Requests1 Weak     Min:  0.0, Avg:  0.0, Max:  0.0, Diff:  0.0, Sum:  0.0, Workers: 10
[2025-05-12T23:25:33.065+0300][1043.044s][36520] GC(24749)     Dead                           Min: 0, Avg:  0.0, Max: 0, Diff: 0, Sum: 0, Workers: 10
[2025-05-12T23:25:33.065+0300][1043.044s][36520] GC(24749)     Total                          Min: 0, Avg:  0.0, Max: 0, Diff: 0, Sum: 0, Workers: 10
[2025-05-12T23:25:33.065+0300][1043.044s][36520] GC(24749)   Weak JFR Old Object Samples    Min:  0.0, Avg:  0.0, Max:  0.0, Diff:  0.0, Sum:  0.0, Workers: 10
[2025-05-12T23:25:33.065+0300][1043.044s][36520] GC(24749)     Dead                           Min: 0, Avg:  0.0, Max: 0, Diff: 0, Sum: 0, Workers: 10
[2025-05-12T23:25:33.065+0300][1043.044s][36520] GC(24749)     Total                          Min: 0, Avg:  0.0, Max: 0, Diff: 0, Sum: 0, Workers: 10
[2025-05-12T23:25:33.065+0300][1043.044s][36520] GC(24749) Phase 1: Weak Processing 0.470ms
[2025-05-12T23:25:33.065+0300][1043.044s][36520] GC(24749) Phase 1: Class Unloading and Cleanup
[2025-05-12T23:25:33.065+0300][1043.044s][36520] GC(24749) ClassLoaderData
[2025-05-12T23:25:33.065+0300][1043.044s][36520] GC(24749) ClassLoaderData 0.068ms
[2025-05-12T23:25:33.065+0300][1043.044s][36520] GC(24749) Trigger cleanups
[2025-05-12T23:25:33.065+0300][1043.044s][36520] GC(24749) Trigger cleanups 0.009ms
[2025-05-12T23:25:33.069+0300][1043.048s][36520] GC(24749) Phase 1: Class Unloading and Cleanup 3.939ms
[2025-05-12T23:25:33.069+0300][1043.048s][36520] GC(24749) Report Object Count
[2025-05-12T23:25:33.069+0300][1043.048s][36520] GC(24749) Report Object Count 0.011ms
[2025-05-12T23:25:33.069+0300][1043.048s][36520] GC(24749) Phase 1: Mark live objects 12.246ms
[2025-05-12T23:25:33.069+0300][1043.048s][36520] GC(24749) Phase 2: Prepare compaction
[2025-05-12T23:25:33.069+0300][1043.048s][36520] GC(24749) Phase 2: Determine work lists
[2025-05-12T23:25:33.069+0300][1043.048s][36520] GC(24749) Phase 2: Determine work lists 0.010ms
[2025-05-12T23:25:33.069+0300][1043.048s][36520] GC(24749) Phase 2: Prepare parallel compaction
[2025-05-12T23:25:33.069+0300][1043.048s][36520] GC(24749) Phase 2: Prepare parallel compaction 0.188ms
[2025-05-12T23:25:33.069+0300][1043.048s][36520] GC(24749) Phase 2: Prepare compaction 0.231ms
[2025-05-12T23:25:33.069+0300][1043.048s][36520] GC(24749) Phase 3: Adjust pointers
[2025-05-12T23:25:33.073+0300][1043.052s][36520] GC(24749) Phase 3: Adjust pointers 4.216ms
[2025-05-12T23:25:33.073+0300][1043.052s][36520] GC(24749) Phase 4: Compact heap
[2025-05-12T23:25:33.073+0300][1043.053s][36520] GC(24749) Phase 4: Compact heap 0.193ms
[2025-05-12T23:25:33.073+0300][1043.053s][36520] GC(24749) Phase 5: Reset Metadata
[2025-05-12T23:25:33.075+0300][1043.054s][36520] GC(24749) Phase 5: Reset Metadata 1.651ms
[2025-05-12T23:25:33.075+0300][1043.055s][36520] GC(24749) Running G1 Clear Bitmap with 1 workers for 1 work units.
[2025-05-12T23:25:33.077+0300][1043.056s][36520] GC(24749) Request concurrent cycle initiation (occupancy higher than threshold) occupancy: 11534336B allocation request: 0B threshold: 3596075B (28.58) source: end of Full GC
[2025-05-12T23:25:33.077+0300][1043.056s][36520] Old generation allocation in the last mutator period, old gen allocated: 0B, humongous allocated: 0B, old gen growth: 0B.
[2025-05-12T23:25:33.077+0300][1043.056s][36520] GC(24749) Coarsening (recent): Inline->AoC 0 (0) AoC->Howl 0 (0) Howl->Full 0 (0) Inline->AoC 0 (0) AoC->BitMap 0 (0) BitMap->Full 0 (0) 
[2025-05-12T23:25:33.077+0300][1043.056s][36520] GC(24749) Coarsening (all): Inline->AoC 10920 (0) AoC->Howl 7731 (0) Howl->Full 0 (0) Inline->AoC 10809 (0) AoC->BitMap 7399 (0) BitMap->Full 0 (0) 
[2025-05-12T23:25:33.077+0300][1043.056s][36520] GC(24749) Eden regions: 0->0(1)
[2025-05-12T23:25:33.077+0300][1043.056s][36520] GC(24749) Survivor regions: 0->0(0)
[2025-05-12T23:25:33.077+0300][1043.056s][36520] GC(24749) Old regions: 12->11
[2025-05-12T23:25:33.077+0300][1043.056s][36520] GC(24749) Humongous regions: 0->0
[2025-05-12T23:25:33.077+0300][1043.056s][36520] GC(24749) Metaspace: 10759K(12736K)->10718K(12736K) NonClass: 9683K(11328K)->9653K(11328K) Class: 1076K(1408K)->1064K(1408K)
[2025-05-12T23:25:33.077+0300][1043.056s][36520] GC(24749) Heap after GC invocations=21205 (full 7109):
[2025-05-12T23:25:33.077+0300][1043.056s][36520] GC(24749)  garbage-first heap   total 12288K, used 11249K [0x00000000ff400000, 0x0000000100000000)
[2025-05-12T23:25:33.077+0300][1043.056s][36520] GC(24749)   region size 1024K, 0 young (0K), 0 survivors (0K)
[2025-05-12T23:25:33.077+0300][1043.056s][36520] GC(24749)  Metaspace       used 10718K, committed 12736K, reserved 1114112K
[2025-05-12T23:25:33.077+0300][1043.056s][36520] GC(24749)   class space    used 1064K, committed 1408K, reserved 1048576K
[2025-05-12T23:25:33.077+0300][1043.056s][36520] GC(24749) Pause Full (G1 Compaction Pause) 11M->10M(12M) 20.756ms
[2025-05-12T23:25:33.077+0300][1043.056s][36520] GC(24749) User=0.00s Sys=0.00s Real=0.02s
[2025-05-12T23:25:33.077+0300][1043.056s][9340 ] G1 Service Thread (Card Set Free Memory Task) (run: 22.305ms) (cpu: 0.000ms)
[2025-05-12T23:25:33.106+0300][1043.085s][36520] GC(24750) Initiate concurrent cycle (concurrent cycle initiation requested)
[2025-05-12T23:25:33.106+0300][1043.085s][36520] GC(24750) Pause Young (Concurrent Start) (G1 Evacuation Pause)
[2025-05-12T23:25:33.106+0300][1043.085s][36520] GC(24750) Heap before GC invocations=21205 (full 7109):
[2025-05-12T23:25:33.106+0300][1043.085s][36520] GC(24750)  garbage-first heap   total 12288K, used 11249K [0x00000000ff400000, 0x0000000100000000)
[2025-05-12T23:25:33.106+0300][1043.085s][36520] GC(24750)   region size 1024K, 1 young (1024K), 0 survivors (0K)
[2025-05-12T23:25:33.106+0300][1043.085s][36520] GC(24750)  Metaspace       used 10759K, committed 12736K, reserved 1114112K
[2025-05-12T23:25:33.106+0300][1043.085s][36520] GC(24750)   class space    used 1076K, committed 1408K, reserved 1048576K
[2025-05-12T23:25:33.106+0300][1043.085s][36520] GC(24750) Using 2 workers of 10 for evacuation
[2025-05-12T23:25:33.106+0300][1043.085s][36520] GC(24750) Desired survivor size 524288 bytes, new threshold 15 (max threshold 15)
[2025-05-12T23:25:33.106+0300][1043.085s][36520] GC(24750) TLAB totals: thrds: 1  refills: 316 max: 316 slow allocs: 157 max 157 waste: 22.1% gc: 688B max: 688B slow: 188472B max: 188472B
[2025-05-12T23:25:33.106+0300][1043.085s][36520] GC(24750) Mutator refinement: 0.00ms, refined: 0, precleaned: 0, dirtied: 111
[2025-05-12T23:25:33.106+0300][1043.085s][36520] GC(24750) Concurrent refinement: 0.00ms, refined: 0, precleaned: 0, dirtied: 0
[2025-05-12T23:25:33.106+0300][1043.085s][36520] GC(24750) Total refinement: 0.00ms, refined: 0, precleaned: 0, dirtied: 111
[2025-05-12T23:25:33.106+0300][1043.085s][36520] GC(24750) Generate dirty cards rate: 3.85 cards/ms
[2025-05-12T23:25:33.106+0300][1043.085s][36520] GC(24750) Mutator Allocation stats, regions: 1, wasted size: 0B ( 0.0%)
[2025-05-12T23:25:33.106+0300][1043.085s][36520] GC(24750) No candidates to reclaim.
[2025-05-12T23:25:33.106+0300][1043.085s][36520] GC(24750) Running G1 Merge Heap Roots using 2 workers for 1 regions
[2025-05-12T23:25:33.106+0300][1043.085s][36520] GC(24750) Visited cards 1152 Total dirty 12288 (9.38%) Total old 26624 (4.33%)
[2025-05-12T23:25:33.106+0300][1043.085s][34024] GC(24750) Attempt heap expansion (region allocation request failed). Allocation request: 2064B
[2025-05-12T23:25:33.106+0300][1043.085s][34024] GC(24750) Did not expand the heap (heap already fully expanded)
[2025-05-12T23:25:33.107+0300][1043.086s][36520] GC(24750) ReferenceProcessor::execute queues: 1, RefProcThreadModel::Single, marks_oops_alive: false
[2025-05-12T23:25:33.107+0300][1043.086s][36520] GC(24750) Skipped KeepAliveFinalRefsPhase of Reference Processing: no references
[2025-05-12T23:25:33.107+0300][1043.086s][36520] GC(24750) Skipped PhantomRefsPhase of Reference Processing: no references
[2025-05-12T23:25:33.107+0300][1043.086s][36520] GC(24750) Initializing removing self forwards with 64 chunks per region
[2025-05-12T23:25:33.108+0300][1043.087s][36520] GC(24750) Running G1 Rebuild Free List Task using 2 workers for rebuilding free list of regions
[2025-05-12T23:25:33.108+0300][1043.087s][36520] GC(24750) Young PLAB allocation: allocated: 0B, wasted: 0B, unused: 0B, used: 0B, undo waste: 0B, 
[2025-05-12T23:25:33.108+0300][1043.087s][36520] GC(24750) Young other allocation: region end waste: 0B, regions filled: 0, num plab filled: 2, direct allocated: 0B, num direct allocated: 0, failure used: 0B, failure wasted: 0B
[2025-05-12T23:25:33.108+0300][1043.087s][36520] GC(24750) Young sizing: calculated: 0B, actual: 2064B
[2025-05-12T23:25:33.108+0300][1043.087s][36520] GC(24750) Old PLAB allocation: allocated: 0B, wasted: 0B, unused: 0B, used: 0B, undo waste: 0B, 
[2025-05-12T23:25:33.108+0300][1043.087s][36520] GC(24750) Old other allocation: region end waste: 0B, regions filled: 0, num plab filled: 2, direct allocated: 0B, num direct allocated: 0, failure used: 158024B, failure wasted: 890552B
[2025-05-12T23:25:33.108+0300][1043.087s][36520] GC(24750) Old sizing: calculated: 0B, actual: 2064B
[2025-05-12T23:25:33.108+0300][1043.087s][36520] GC(24750) Heap expansion: short term pause time ratio 40.33% long term pause time ratio 42.59% threshold 7.69% pause time ratio 7.69% fully expanded true resize by 0B
[2025-05-12T23:25:33.108+0300][1043.087s][9340 ] G1 Service Thread (Card Set Free Memory Task) (run 0.012ms after schedule)
[2025-05-12T23:25:33.108+0300][1043.087s][36520] GC(24750) MMU: 6.8ms (200.0ms/201.0ms)
[2025-05-12T23:25:33.108+0300][1043.087s][36520] Old generation allocation in the last mutator period, old gen allocated: 1048576B, humongous allocated: 0B, old gen growth: 1048576B.
[2025-05-12T23:25:33.108+0300][1043.087s][36520] GC(24750) Basic information (value update), threshold: 3653740B (29.04), target occupancy: 12582912B, current occupancy: 12558256B, recent allocation size: 1048576B, recent allocation duration: 28.80ms, recent old gen allocation rate: 36409394.58B/s, recent marking phase length: 120.12ms
[2025-05-12T23:25:33.108+0300][1043.087s][36520] GC(24750) Adaptive IHOP information (value update), threshold: 3653740B (34.16), internal target occupancy: 10695475B, occupancy: 12558256B, additional buffer size: 1048576B, predicted old gen allocation rate: 49660398.96B/s, predicted marking phase length: 120.68ms, prediction active: true
[2025-05-12T23:25:33.108+0300][1043.087s][36520] GC(24750) GC refinement: goal: 18446744073709551615 + 106 / 20.00ms, actual: 111 / 0.06ms, 
[2025-05-12T23:25:33.108+0300][1043.087s][36520] GC(24750) Unchanged pending cards target: 18446744073709551615
[2025-05-12T23:25:33.108+0300][1043.087s][36520] GC(24750)   Pre Evacuate Collection Set: 0.2ms
[2025-05-12T23:25:33.108+0300][1043.087s][36520] GC(24750)     Pre Evacuate Prepare: 0.1ms
[2025-05-12T23:25:33.108+0300][1043.087s][36520] GC(24750)       JT Retire TLABs And Flush Logs (ms): Min:  0.0, Avg:  0.0, Max:  0.0, Diff:  0.0, Sum:  0.0, Workers: 2
[2025-05-12T23:25:33.108+0300][1043.087s][36520] GC(24750)       Non-JT Flush Logs (ms):        Min:  0.0, Avg:  0.0, Max:  0.0, Diff:  0.0, Sum:  0.0, Workers: 1
[2025-05-12T23:25:33.108+0300][1043.087s][36520] GC(24750)     Choose Collection Set: 0.0ms
[2025-05-12T23:25:33.108+0300][1043.087s][36520] GC(24750)     Region Register: 0.1ms
[2025-05-12T23:25:33.108+0300][1043.087s][36520] GC(24750)     Prepare Heap Roots: 0.0ms
[2025-05-12T23:25:33.108+0300][1043.087s][36520] GC(24750)     Reset Marking State (ms):      Min:  0.0, Avg:  0.0, Max:  0.0, Diff:  0.0, Sum:  0.0, Workers: 1
[2025-05-12T23:25:33.108+0300][1043.087s][36520] GC(24750)     Note Start Of Mark (ms):       Min:  0.0, Avg:  0.0, Max:  0.0, Diff:  0.0, Sum:  0.0, Workers: 2
[2025-05-12T23:25:33.108+0300][1043.087s][36520] GC(24750)   Merge Heap Roots: 0.1ms
[2025-05-12T23:25:33.108+0300][1043.087s][36520] GC(24750)     Prepare Merge Heap Roots: 0.0ms
[2025-05-12T23:25:33.108+0300][1043.087s][36520] GC(24750)     Remembered Sets (ms):          Min:  0.0, Avg:  0.0, Max:  0.0, Diff:  0.0, Sum:  0.0, Workers: 2
[2025-05-12T23:25:33.108+0300][1043.087s][36520] GC(24750)       Eager Reclaim (ms):            skipped
[2025-05-12T23:25:33.108+0300][1043.087s][36520] GC(24750)       Merged Inline                  Min: 0, Avg:  0.0, Max: 0, Diff: 0, Sum: 0, Workers: 2
[2025-05-12T23:25:33.108+0300][1043.087s][36520] GC(24750)       Merged ArrayOfCards            Min: 0, Avg:  0.0, Max: 0, Diff: 0, Sum: 0, Workers: 2
[2025-05-12T23:25:33.108+0300][1043.087s][36520] GC(24750)       Merged Howl                    Min: 0, Avg:  0.0, Max: 0, Diff: 0, Sum: 0, Workers: 2
[2025-05-12T23:25:33.108+0300][1043.087s][36520] GC(24750)       Merged Full                    Min: 0, Avg:  0.0, Max: 0, Diff: 0, Sum: 0, Workers: 2
[2025-05-12T23:25:33.108+0300][1043.087s][36520] GC(24750)       Merged Howl Inline             Min: 0, Avg:  0.0, Max: 0, Diff: 0, Sum: 0, Workers: 2
[2025-05-12T23:25:33.108+0300][1043.087s][36520] GC(24750)       Merged Howl ArrayOfCards       Min: 0, Avg:  0.0, Max: 0, Diff: 0, Sum: 0, Workers: 2
[2025-05-12T23:25:33.108+0300][1043.087s][36520] GC(24750)       Merged Howl BitMap             Min: 0, Avg:  0.0, Max: 0, Diff: 0, Sum: 0, Workers: 2
[2025-05-12T23:25:33.108+0300][1043.087s][36520] GC(24750)       Merged Howl Full               Min: 0, Avg:  0.0, Max: 0, Diff: 0, Sum: 0, Workers: 2
[2025-05-12T23:25:33.108+0300][1043.087s][36520] GC(24750)       Merged Cards                   Min: 8, Avg:  8.0, Max: 8, Diff: 0, Sum: 16, Workers: 2
[2025-05-12T23:25:33.108+0300][1043.087s][36520] GC(24750)     Log Buffers (ms):              Min:  0.0, Avg:  0.0, Max:  0.0, Diff:  0.0, Sum:  0.0, Workers: 2
[2025-05-12T23:25:33.108+0300][1043.087s][36520] GC(24750)       Dirty Cards:                   Min: 22, Avg: 55.5, Max: 89, Diff: 67, Sum: 111, Workers: 2
[2025-05-12T23:25:33.108+0300][1043.087s][36520] GC(24750)       Skipped Cards:                 Min: 0, Avg:  0.0, Max: 0, Diff: 0, Sum: 0, Workers: 2
[2025-05-12T23:25:33.108+0300][1043.087s][36520] GC(24750)   Evacuate Collection Set: 0.5ms
[2025-05-12T23:25:33.108+0300][1043.087s][36520] GC(24750)     Ext Root Scanning (ms):        Min:  0.1, Avg:  0.2, Max:  0.3, Diff:  0.1, Sum:  0.4, Workers: 2
[2025-05-12T23:25:33.108+0300][1043.087s][36520] GC(24750)     Scan Heap Roots (ms):          Min:  0.0, Avg:  0.1, Max:  0.1, Diff:  0.1, Sum:  0.1, Workers: 2
[2025-05-12T23:25:33.108+0300][1043.087s][36520] GC(24750)       Scanned Cards:                 Min: 29, Avg: 55.5, Max: 82, Diff: 53, Sum: 111, Workers: 2
[2025-05-12T23:25:33.108+0300][1043.087s][36520] GC(24750)       Scanned Blocks:                Min: 22, Avg: 37.0, Max: 52, Diff: 30, Sum: 74, Workers: 2
[2025-05-12T23:25:33.108+0300][1043.087s][36520] GC(24750)       Claimed Chunks:                Min: 12, Avg: 18.0, Max: 24, Diff: 12, Sum: 36, Workers: 2
[2025-05-12T23:25:33.108+0300][1043.087s][36520] GC(24750)       Found Roots:                   Min: 29, Avg: 71.5, Max: 114, Diff: 85, Sum: 143, Workers: 2
[2025-05-12T23:25:33.108+0300][1043.087s][36520] GC(24750)     Code Root Scan (ms):           Min:  0.0, Avg:  0.0, Max:  0.0, Diff:  0.0, Sum:  0.0, Workers: 2
[2025-05-12T23:25:33.108+0300][1043.087s][36520] GC(24750)     Object Copy (ms):              Min:  0.2, Avg:  0.2, Max:  0.3, Diff:  0.1, Sum:  0.5, Workers: 2
[2025-05-12T23:25:33.108+0300][1043.087s][36520] GC(24750)     Termination (ms):              Min:  0.0, Avg:  0.0, Max:  0.0, Diff:  0.0, Sum:  0.0, Workers: 2
[2025-05-12T23:25:33.108+0300][1043.087s][36520] GC(24750)       Termination Attempts:          Min: 1, Avg:  1.0, Max: 1, Diff: 0, Sum: 2, Workers: 2
[2025-05-12T23:25:33.108+0300][1043.087s][36520] GC(24750)     GC Worker Other (ms):          Min:  0.0, Avg:  0.0, Max:  0.0, Diff:  0.0, Sum:  0.0, Workers: 2
[2025-05-12T23:25:33.108+0300][1043.087s][36520] GC(24750)     GC Worker Total (ms):          Min:  0.5, Avg:  0.5, Max:  0.5, Diff:  0.0, Sum:  1.0, Workers: 2
[2025-05-12T23:25:33.108+0300][1043.087s][36520] GC(24750)   Post Evacuate Collection Set: 0.9ms
[2025-05-12T23:25:33.108+0300][1043.087s][36520] GC(24750)     NMethod List Cleanup: 0.0ms
[2025-05-12T23:25:33.108+0300][1043.087s][36520] GC(24750)     Reference Processing: 0.1ms
[2025-05-12T23:25:33.108+0300][1043.087s][36520] GC(24750)       Notify Soft/WeakReferences: 0.0ms
[2025-05-12T23:25:33.108+0300][1043.087s][36520] GC(24750)         SoftRef (ms):                  Min:  0.0, Avg:  0.0, Max:  0.0, Diff:  0.0, Sum:  0.0, Workers: 1
[2025-05-12T23:25:33.108+0300][1043.087s][36520] GC(24750)         WeakRef (ms):                  Min:  0.0, Avg:  0.0, Max:  0.0, Diff:  0.0, Sum:  0.0, Workers: 1
[2025-05-12T23:25:33.108+0300][1043.087s][36520] GC(24750)         FinalRef (ms):                 Min:  0.0, Avg:  0.0, Max:  0.0, Diff:  0.0, Sum:  0.0, Workers: 1
[2025-05-12T23:25:33.108+0300][1043.087s][36520] GC(24750)         Total (ms):                    Min:  0.0, Avg:  0.0, Max:  0.0, Diff:  0.0, Sum:  0.0, Workers: 1
[2025-05-12T23:25:33.108+0300][1043.087s][36520] GC(24750)       Notify and keep alive finalizable: 0.0ms
[2025-05-12T23:25:33.108+0300][1043.087s][36520] GC(24750)         FinalRef (ms):                 skipped
[2025-05-12T23:25:33.108+0300][1043.087s][36520] GC(24750)       Notify PhantomReferences: 0.0ms
[2025-05-12T23:25:33.108+0300][1043.087s][36520] GC(24750)         PhantomRef (ms):               skipped
[2025-05-12T23:25:33.108+0300][1043.087s][36520] GC(24750)       SoftReference Discovered: 0, Dropped: 0, Processed: 0
[2025-05-12T23:25:33.108+0300][1043.087s][36520] GC(24750)       WeakReference Discovered: 41, Dropped: 18, Processed: 23
[2025-05-12T23:25:33.108+0300][1043.087s][36520] GC(24750)       FinalReference Discovered: 0, Dropped: 0, Processed: 0
[2025-05-12T23:25:33.108+0300][1043.087s][36520] GC(24750)       PhantomReference Discovered: 0, Dropped: 0, Processed: 0
[2025-05-12T23:25:33.108+0300][1043.087s][36520] GC(24750)     Weak Processing: 0.2ms
[2025-05-12T23:25:33.108+0300][1043.087s][36520] GC(24750)       VM Weak                        Min:  0.0, Avg:  0.0, Max:  0.0, Diff:  0.0, Sum:  0.0, Workers: 10
[2025-05-12T23:25:33.108+0300][1043.088s][36520] GC(24750)         Dead                           Min: 0, Avg:  0.0, Max: 0, Diff: 0, Sum: 0, Workers: 10
[2025-05-12T23:25:33.108+0300][1043.088s][36520] GC(24750)         Total                          Min: 0, Avg:  6.7, Max: 41, Diff: 41, Sum: 67, Workers: 10
[2025-05-12T23:25:33.109+0300][1043.088s][36520] GC(24750)       ObjectSynchronizer Weak        Min:  0.0, Avg:  0.0, Max:  0.0, Diff:  0.0, Sum:  0.0, Workers: 10
[2025-05-12T23:25:33.109+0300][1043.088s][36520] GC(24750)         Dead                           Min: 0, Avg:  0.0, Max: 0, Diff: 0, Sum: 0, Workers: 10
[2025-05-12T23:25:33.109+0300][1043.088s][36520] GC(24750)         Total                          Min: 0, Avg:  0.1, Max: 1, Diff: 1, Sum: 1, Workers: 10
[2025-05-12T23:25:33.109+0300][1043.088s][36520] GC(24750)       JVMTI Tag Weak OopStorage      Min:  0.0, Avg:  0.1, Max:  0.1, Diff:  0.1, Sum:  0.6, Workers: 10
[2025-05-12T23:25:33.109+0300][1043.088s][36520] GC(24750)         Dead                           Min: 0, Avg:  0.0, Max: 0, Diff: 0, Sum: 0, Workers: 10
[2025-05-12T23:25:33.109+0300][1043.088s][36520] GC(24750)         Total                          Min: 0, Avg: 6289.9, Max: 9762, Diff: 9762, Sum: 62899, Workers: 10
[2025-05-12T23:25:33.109+0300][1043.088s][36520] GC(24750)       StringTable Weak               Min:  0.0, Avg:  0.0, Max:  0.0, Diff:  0.0, Sum:  0.3, Workers: 10
[2025-05-12T23:25:33.109+0300][1043.088s][36520] GC(24750)         Dead                           Min: 0, Avg:  1.7, Max: 7, Diff: 7, Sum: 17, Workers: 10
[2025-05-12T23:25:33.109+0300][1043.088s][36520] GC(24750)         Total                          Min: 0, Avg: 3952.9, Max: 6075, Diff: 6075, Sum: 39529, Workers: 10
[2025-05-12T23:25:33.109+0300][1043.088s][36520] GC(24750)       ResolvedMethodTable Weak       Min:  0.0, Avg:  0.0, Max:  0.0, Diff:  0.0, Sum:  0.0, Workers: 10
[2025-05-12T23:25:33.109+0300][1043.088s][36520] GC(24750)         Dead                           Min: 0, Avg:  0.0, Max: 0, Diff: 0, Sum: 0, Workers: 10
[2025-05-12T23:25:33.109+0300][1043.088s][36520] GC(24750)         Total                          Min: 0, Avg: 62.9, Max: 125, Diff: 125, Sum: 629, Workers: 10
[2025-05-12T23:25:33.109+0300][1043.088s][36520] GC(24750)       JNI Weak                       Min:  0.0, Avg:  0.0, Max:  0.0, Diff:  0.0, Sum:  0.0, Workers: 10
[2025-05-12T23:25:33.109+0300][1043.088s][36520] GC(24750)         Dead                           Min: 0, Avg:  0.0, Max: 0, Diff: 0, Sum: 0, Workers: 10
[2025-05-12T23:25:33.109+0300][1043.088s][36520] GC(24750)         Total                          Min: 0, Avg:  1.1, Max: 11, Diff: 11, Sum: 11, Workers: 10
[2025-05-12T23:25:33.109+0300][1043.088s][36520] GC(24750)       StringDedup Table Weak         Min:  0.0, Avg:  0.0, Max:  0.0, Diff:  0.0, Sum:  0.0, Workers: 10
[2025-05-12T23:25:33.109+0300][1043.088s][36520] GC(24750)         Dead                           Min: 0, Avg:  0.0, Max: 0, Diff: 0, Sum: 0, Workers: 10
[2025-05-12T23:25:33.109+0300][1043.088s][36520] GC(24750)         Total                          Min: 0, Avg:  0.0, Max: 0, Diff: 0, Sum: 0, Workers: 10
[2025-05-12T23:25:33.109+0300][1043.088s][36520] GC(24750)       StringDedup Requests0 Weak     Min:  0.0, Avg:  0.0, Max:  0.0, Diff:  0.0, Sum:  0.0, Workers: 10
[2025-05-12T23:25:33.109+0300][1043.088s][36520] GC(24750)         Dead                           Min: 0, Avg:  0.0, Max: 0, Diff: 0, Sum: 0, Workers: 10
[2025-05-12T23:25:33.109+0300][1043.088s][36520] GC(24750)         Total                          Min: 0, Avg:  0.0, Max: 0, Diff: 0, Sum: 0, Workers: 10
[2025-05-12T23:25:33.109+0300][1043.088s][36520] GC(24750)       StringDedup Requests1 Weak     Min:  0.0, Avg:  0.0, Max:  0.0, Diff:  0.0, Sum:  0.0, Workers: 10
[2025-05-12T23:25:33.109+0300][1043.088s][36520] GC(24750)         Dead                           Min: 0, Avg:  0.0, Max: 0, Diff: 0, Sum: 0, Workers: 10
[2025-05-12T23:25:33.109+0300][1043.088s][36520] GC(24750)         Total                          Min: 0, Avg:  0.0, Max: 0, Diff: 0, Sum: 0, Workers: 10
[2025-05-12T23:25:33.109+0300][1043.088s][36520] GC(24750)       Weak JFR Old Object Samples    Min:  0.0, Avg:  0.0, Max:  0.0, Diff:  0.0, Sum:  0.0, Workers: 10
[2025-05-12T23:25:33.109+0300][1043.088s][36520] GC(24750)         Dead                           Min: 0, Avg:  0.0, Max: 0, Diff: 0, Sum: 0, Workers: 10
[2025-05-12T23:25:33.109+0300][1043.088s][36520] GC(24750)         Total                          Min: 0, Avg:  0.0, Max: 0, Diff: 0, Sum: 0, Workers: 10
[2025-05-12T23:25:33.109+0300][1043.088s][36520] GC(24750)     Post Evacuate Cleanup 1: 0.4ms
[2025-05-12T23:25:33.109+0300][1043.088s][36520] GC(24750)       Merge Per-Thread State (ms):   Min:  0.0, Avg:  0.0, Max:  0.0, Diff:  0.0, Sum:  0.0, Workers: 1
[2025-05-12T23:25:33.109+0300][1043.088s][36520] GC(24750)         Copied Bytes                   Min: 0, Avg:  0.0, Max: 0, Diff: 0, Sum: 0, Workers: 2
[2025-05-12T23:25:33.109+0300][1043.088s][36520] GC(24750)         LAB Waste                      Min: 0, Avg:  0.0, Max: 0, Diff: 0, Sum: 0, Workers: 2
[2025-05-12T23:25:33.109+0300][1043.088s][36520] GC(24750)         LAB Undo Waste                 Min: 0, Avg:  0.0, Max: 0, Diff: 0, Sum: 0, Workers: 2
[2025-05-12T23:25:33.109+0300][1043.088s][36520] GC(24750)       Clear Logged Cards (ms):       Min:  0.0, Avg:  0.0, Max:  0.0, Diff:  0.0, Sum:  0.0, Workers: 2
[2025-05-12T23:25:33.109+0300][1043.088s][36520] GC(24750)       Recalculate Used Memory (ms):  Min:  0.0, Avg:  0.0, Max:  0.0, Diff:  0.0, Sum:  0.0, Workers: 1
[2025-05-12T23:25:33.109+0300][1043.088s][36520] GC(24750)       Restore Retained Regions (ms): Min:  0.0, Avg:  0.1, Max:  0.1, Diff:  0.0, Sum:  0.1, Workers: 2
[2025-05-12T23:25:33.109+0300][1043.088s][36520] GC(24750)         Evacuation Failure Regions:    Min: 1, Avg:  1.0, Max: 1, Diff: 0, Sum: 1, Workers: 1
[2025-05-12T23:25:33.109+0300][1043.088s][36520] GC(24750)         Remove Self Forwards (ms):     Min:  0.0, Avg:  0.1, Max:  0.1, Diff:  0.0, Sum:  0.1, Workers: 2
[2025-05-12T23:25:33.109+0300][1043.088s][36520] GC(24750)           Forward Chunks:                Min: 24, Avg: 27.5, Max: 31, Diff: 7, Sum: 55, Workers: 2
[2025-05-12T23:25:33.109+0300][1043.088s][36520] GC(24750)           Empty Forward Chunks:          Min: 3, Avg:  4.5, Max: 6, Diff: 3, Sum: 9, Workers: 2
[2025-05-12T23:25:33.109+0300][1043.088s][36520] GC(24750)           Forward Objects:               Min: 1081, Avg: 1695.0, Max: 2309, Diff: 1228, Sum: 3390, Workers: 2
[2025-05-12T23:25:33.109+0300][1043.088s][36520] GC(24750)           Forward Bytes:                 Min: 48640, Avg: 79012.0, Max: 109384, Diff: 60744, Sum: 158024, Workers: 2
[2025-05-12T23:25:33.109+0300][1043.088s][36520] GC(24750)     Post Evacuate Cleanup 2: 0.0ms
[2025-05-12T23:25:33.109+0300][1043.088s][36520] GC(24750)       Recalculate Used Memory (ms):  Min:  0.0, Avg:  0.0, Max:  0.0, Diff:  0.0, Sum:  0.0, Workers: 1
[2025-05-12T23:25:33.109+0300][1043.088s][36520] GC(24750)       Restore Preserved Marks (ms):  Min:  0.0, Avg:  0.0, Max:  0.0, Diff:  0.0, Sum:  0.0, Workers: 2
[2025-05-12T23:25:33.109+0300][1043.088s][36520] GC(24750)       Clear Retained Region Bitmaps (ms): skipped
[2025-05-12T23:25:33.109+0300][1043.088s][36520] GC(24750)       Update Derived Pointers (ms):  Min:  0.0, Avg:  0.0, Max:  0.0, Diff:  0.0, Sum:  0.0, Workers: 1
[2025-05-12T23:25:33.109+0300][1043.088s][36520] GC(24750)       Eagerly Reclaim Humongous Objects (ms): skipped
[2025-05-12T23:25:33.109+0300][1043.088s][36520] GC(24750)         Humongous Total                skipped
[2025-05-12T23:25:33.109+0300][1043.088s][36520] GC(24750)         Humongous Candidates           skipped
[2025-05-12T23:25:33.109+0300][1043.088s][36520] GC(24750)         Humongous Reclaimed            skipped
[2025-05-12T23:25:33.109+0300][1043.088s][36520] GC(24750)       Redirty Logged Cards (ms):     Min:  0.0, Avg:  0.0, Max:  0.0, Diff:  0.0, Sum:  0.0, Workers: 2
[2025-05-12T23:25:33.109+0300][1043.088s][36520] GC(24750)         Redirtied Cards:               Min: 0, Avg:  0.0, Max: 0, Diff: 0, Sum: 0, Workers: 2
[2025-05-12T23:25:33.109+0300][1043.088s][36520] GC(24750)       Resize TLABs (ms):             Min:  0.0, Avg:  0.0, Max:  0.0, Diff:  0.0, Sum:  0.0, Workers: 2
[2025-05-12T23:25:33.109+0300][1043.088s][36520] GC(24750)       Free Collection Set (ms):      Min:  0.0, Avg:  0.0, Max:  0.0, Diff:  0.0, Sum:  0.0, Workers: 2
[2025-05-12T23:25:33.109+0300][1043.088s][36520] GC(24750)     Rebuild Free List: 0.1ms
[2025-05-12T23:25:33.109+0300][1043.088s][36520] GC(24750)     Prepare For Mutator: 0.1ms
[2025-05-12T23:25:33.109+0300][1043.088s][36520] GC(24750)     Expand Heap After Collection: 0.0ms
[2025-05-12T23:25:33.109+0300][1043.088s][36520] GC(24750)   Other: 0.4ms
[2025-05-12T23:25:33.109+0300][1043.088s][36520] GC(24750) Coarsening (recent): Inline->AoC 0 (0) AoC->Howl 0 (0) Howl->Full 0 (0) Inline->AoC 0 (0) AoC->BitMap 0 (0) BitMap->Full 0 (0) 
[2025-05-12T23:25:33.109+0300][1043.088s][36520] GC(24750) Coarsening (all): Inline->AoC 10920 (0) AoC->Howl 7731 (0) Howl->Full 0 (0) Inline->AoC 10809 (0) AoC->BitMap 7399 (0) BitMap->Full 0 (0) 
[2025-05-12T23:25:33.109+0300][1043.088s][36520] GC(24750) Eden regions: 1->0(0)
[2025-05-12T23:25:33.109+0300][1043.088s][36520] GC(24750) Survivor regions: 0->0(0)
[2025-05-12T23:25:33.109+0300][1043.088s][36520] GC(24750) Old regions: 11->12
[2025-05-12T23:25:33.109+0300][1043.088s][36520] GC(24750) Humongous regions: 0->0
[2025-05-12T23:25:33.109+0300][1043.088s][36520] GC(24750) Metaspace: 10759K(12736K)->10759K(12736K) NonClass: 9683K(11328K)->9683K(11328K) Class: 1076K(1408K)->1076K(1408K)
[2025-05-12T23:25:33.109+0300][1043.088s][36520] GC(24750) Heap after GC invocations=21206 (full 7109):
[2025-05-12T23:25:33.109+0300][1043.088s][36520] GC(24750)  garbage-first heap   total 12288K, used 12263K [0x00000000ff400000, 0x0000000100000000)
[2025-05-12T23:25:33.109+0300][1043.088s][36520] GC(24750)   region size 1024K, 0 young (0K), 0 survivors (0K)
[2025-05-12T23:25:33.109+0300][1043.088s][36520] GC(24750)  Metaspace       used 10759K, committed 12736K, reserved 1114112K
[2025-05-12T23:25:33.109+0300][1043.088s][36520] GC(24750)   class space    used 1076K, committed 1408K, reserved 1048576K
[2025-05-12T23:25:33.109+0300][1043.088s][36520] GC(24750) Pause Young (Concurrent Start) (G1 Evacuation Pause) (Evacuation Failure) 11M->11M(12M) 3.380ms
[2025-05-12T23:25:33.109+0300][1043.088s][36520] GC(24750) User=0.00s Sys=0.00s Real=0.00s
[2025-05-12T23:25:33.109+0300][1043.088s][36520] Attempt heap expansion (allocation request failed). Allocation request: 16400B
[2025-05-12T23:25:33.109+0300][1043.088s][36520] Expand the heap. requested expansion amount: 1048576B expansion amount: 1048576B
[2025-05-12T23:25:33.109+0300][1043.088s][36520] Did not expand the heap (heap already fully expanded)
[2025-05-12T23:25:33.109+0300][1043.088s][36520] Attempting full compaction
[2025-05-12T23:25:33.109+0300][1043.088s][36520] GC(24752) Pause Full (G1 Compaction Pause)
[2025-05-12T23:25:33.109+0300][1043.088s][34628] GC(24751) Concurrent Mark Cycle
[2025-05-12T23:25:33.109+0300][1043.088s][36520] GC(24752) Heap before GC invocations=21206 (full 7109):
[2025-05-12T23:25:33.109+0300][1043.088s][34628] GC(24751) Concurrent Scan Root Regions
[2025-05-12T23:25:33.109+0300][1043.088s][36520] GC(24752)  garbage-first heap   total 12288K, used 12263K [0x00000000ff400000, 0x0000000100000000)
[2025-05-12T23:25:33.109+0300][1043.088s][34628] GC(24751) Concurrent Scan Root Regions 0.124ms
[2025-05-12T23:25:33.109+0300][1043.088s][36520] GC(24752)   region size 1024K, 0 young (0K), 0 survivors (0K)
[2025-05-12T23:25:33.110+0300][1043.089s][34628] GC(24751) Concurrent Mark
[2025-05-12T23:25:33.110+0300][1043.089s][36520] GC(24752)  Metaspace       used 10759K, committed 12736K, reserved 1114112K
[2025-05-12T23:25:33.110+0300][1043.089s][34628] GC(24751) Concurrent Mark From Roots
[2025-05-12T23:25:33.110+0300][1043.089s][36520] GC(24752)   class space    used 1076K, committed 1408K, reserved 1048576K
[2025-05-12T23:25:33.110+0300][1043.089s][34628] GC(24751) Using 3 workers of 3 for marking
[2025-05-12T23:25:33.110+0300][1043.089s][36520] GC(24752) Requesting 1 active workers for full compaction (waste limited workers: 1, adaptive workers: 2, used limited workers: 12)
[2025-05-12T23:25:33.110+0300][1043.089s][36520] GC(24752) Using 1 workers of 10 for full compaction
[2025-05-12T23:25:33.110+0300][1043.089s][36520] GC(24752) Clear Bitmap
[2025-05-12T23:25:33.110+0300][1043.089s][36520] GC(24752) Running G1 Clear Bitmap with 1 workers for 1 work units.
[2025-05-12T23:25:33.110+0300][1043.089s][36520] GC(24752) Clear Bitmap 0.122ms
[2025-05-12T23:25:33.110+0300][1043.089s][36520] GC(24752) Mutator Allocation stats, regions: 0, wasted size: 0B ( 0.0%)
[2025-05-12T23:25:33.110+0300][1043.089s][36520] GC(24752) Phase 1: Mark live objects
[2025-05-12T23:25:33.118+0300][1043.097s][36520] GC(24752) Phase 1: Reference Processing
[2025-05-12T23:25:33.118+0300][1043.097s][36520] GC(24752) ReferenceProcessor::execute queues: 1, RefProcThreadModel::Single, marks_oops_alive: false
[2025-05-12T23:25:33.118+0300][1043.097s][36520] GC(24752) Skipped KeepAliveFinalRefsPhase of Reference Processing: no references
[2025-05-12T23:25:33.118+0300][1043.097s][36520] GC(24752) ReferenceProcessor::execute queues: 1, RefProcThreadModel::Single, marks_oops_alive: false
[2025-05-12T23:25:33.118+0300][1043.097s][36520] GC(24752) Reference Processing: 0.0ms
[2025-05-12T23:25:33.118+0300][1043.097s][36520] GC(24752)   Notify Soft/WeakReferences: 0.0ms
[2025-05-12T23:25:33.118+0300][1043.097s][36520] GC(24752)     SoftRef: 0.0ms
[2025-05-12T23:25:33.118+0300][1043.097s][36520] GC(24752)     WeakRef: 0.0ms
[2025-05-12T23:25:33.118+0300][1043.097s][36520] GC(24752)     FinalRef: 0.0ms
[2025-05-12T23:25:33.118+0300][1043.097s][36520] GC(24752)     Total: 0.0ms
[2025-05-12T23:25:33.118+0300][1043.097s][36520] GC(24752)   Notify and keep alive finalizable: 0.0ms
[2025-05-12T23:25:33.118+0300][1043.097s][36520] GC(24752)     FinalRef: skipped
[2025-05-12T23:25:33.118+0300][1043.097s][36520] GC(24752)   Notify PhantomReferences: 0.0ms
[2025-05-12T23:25:33.118+0300][1043.097s][36520] GC(24752)     PhantomRef: 0.0ms
[2025-05-12T23:25:33.118+0300][1043.097s][36520] GC(24752)   SoftReference Discovered: 46, Dropped: 4, Processed: 42
[2025-05-12T23:25:33.118+0300][1043.097s][36520] GC(24752)   WeakReference Discovered: 33, Dropped: 14, Processed: 19
[2025-05-12T23:25:33.118+0300][1043.097s][36520] GC(24752)   FinalReference Discovered: 0, Dropped: 0, Processed: 0
[2025-05-12T23:25:33.118+0300][1043.097s][36520] GC(24752)   PhantomReference Discovered: 23, Dropped: 23, Processed: 0
[2025-05-12T23:25:33.118+0300][1043.097s][36520] GC(24752) Phase 1: Reference Processing 0.210ms
[2025-05-12T23:25:33.118+0300][1043.097s][36520] GC(24752) Phase 1: Weak Processing
[2025-05-12T23:25:33.118+0300][1043.098s][36520] GC(24752)   VM Weak                        Min:  0.0, Avg:  0.0, Max:  0.0, Diff:  0.0, Sum:  0.0, Workers: 10
[2025-05-12T23:25:33.118+0300][1043.098s][36520] GC(24752)     Dead                           Min: 0, Avg:  2.0, Max: 20, Diff: 20, Sum: 20, Workers: 10
[2025-05-12T23:25:33.118+0300][1043.098s][36520] GC(24752)     Total                          Min: 0, Avg:  6.7, Max: 63, Diff: 63, Sum: 67, Workers: 10
[2025-05-12T23:25:33.118+0300][1043.098s][36520] GC(24752)   ObjectSynchronizer Weak        Min:  0.0, Avg:  0.0, Max:  0.0, Diff:  0.0, Sum:  0.0, Workers: 10
[2025-05-12T23:25:33.118+0300][1043.098s][36520] GC(24752)     Dead                           Min: 0, Avg:  0.0, Max: 0, Diff: 0, Sum: 0, Workers: 10
[2025-05-12T23:25:33.118+0300][1043.098s][36520] GC(24752)     Total                          Min: 0, Avg:  0.1, Max: 1, Diff: 1, Sum: 1, Workers: 10
[2025-05-12T23:25:33.118+0300][1043.098s][36520] GC(24752)   JVMTI Tag Weak OopStorage      Min:  0.0, Avg:  0.1, Max:  0.1, Diff:  0.1, Sum:  0.6, Workers: 10
[2025-05-12T23:25:33.118+0300][1043.098s][36520] GC(24752)     Dead                           Min: 0, Avg:  2.0, Max: 20, Diff: 20, Sum: 20, Workers: 10
[2025-05-12T23:25:33.118+0300][1043.098s][36520] GC(24752)     Total                          Min: 0, Avg: 6289.9, Max: 8122, Diff: 8122, Sum: 62899, Workers: 10
[2025-05-12T23:25:33.118+0300][1043.098s][36520] GC(24752)   StringTable Weak               Min:  0.0, Avg:  0.0, Max:  0.0, Diff:  0.0, Sum:  0.3, Workers: 10
[2025-05-12T23:25:33.118+0300][1043.098s][36520] GC(24752)     Dead                           Min: 0, Avg:  7.3, Max: 26, Diff: 26, Sum: 73, Workers: 10
[2025-05-12T23:25:33.118+0300][1043.098s][36520] GC(24752)     Total                          Min: 0, Avg: 3952.9, Max: 4800, Diff: 4800, Sum: 39529, Workers: 10
[2025-05-12T23:25:33.118+0300][1043.098s][36520] GC(24752)   ResolvedMethodTable Weak       Min:  0.0, Avg:  0.0, Max:  0.0, Diff:  0.0, Sum:  0.0, Workers: 10
[2025-05-12T23:25:33.118+0300][1043.098s][36520] GC(24752)     Dead                           Min: 0, Avg:  3.7, Max: 37, Diff: 37, Sum: 37, Workers: 10
[2025-05-12T23:25:33.118+0300][1043.098s][36520] GC(24752)     Total                          Min: 0, Avg: 62.9, Max: 123, Diff: 123, Sum: 629, Workers: 10
[2025-05-12T23:25:33.118+0300][1043.098s][36520] GC(24752)   JNI Weak                       Min:  0.0, Avg:  0.0, Max:  0.0, Diff:  0.0, Sum:  0.0, Workers: 10
[2025-05-12T23:25:33.118+0300][1043.098s][36520] GC(24752)     Dead                           Min: 0, Avg:  0.0, Max: 0, Diff: 0, Sum: 0, Workers: 10
[2025-05-12T23:25:33.118+0300][1043.098s][36520] GC(24752)     Total                          Min: 0, Avg:  1.1, Max: 11, Diff: 11, Sum: 11, Workers: 10
[2025-05-12T23:25:33.118+0300][1043.098s][36520] GC(24752)   StringDedup Table Weak         Min:  0.0, Avg:  0.0, Max:  0.0, Diff:  0.0, Sum:  0.0, Workers: 10
[2025-05-12T23:25:33.118+0300][1043.098s][36520] GC(24752)     Dead                           Min: 0, Avg:  0.0, Max: 0, Diff: 0, Sum: 0, Workers: 10
[2025-05-12T23:25:33.118+0300][1043.098s][36520] GC(24752)     Total                          Min: 0, Avg:  0.0, Max: 0, Diff: 0, Sum: 0, Workers: 10
[2025-05-12T23:25:33.118+0300][1043.098s][36520] GC(24752)   StringDedup Requests0 Weak     Min:  0.0, Avg:  0.0, Max:  0.0, Diff:  0.0, Sum:  0.0, Workers: 10
[2025-05-12T23:25:33.118+0300][1043.098s][36520] GC(24752)     Dead                           Min: 0, Avg:  0.0, Max: 0, Diff: 0, Sum: 0, Workers: 10
[2025-05-12T23:25:33.118+0300][1043.098s][36520] GC(24752)     Total                          Min: 0, Avg:  0.0, Max: 0, Diff: 0, Sum: 0, Workers: 10
[2025-05-12T23:25:33.118+0300][1043.098s][36520] GC(24752)   StringDedup Requests1 Weak     Min:  0.0, Avg:  0.0, Max:  0.0, Diff:  0.0, Sum:  0.0, Workers: 10
[2025-05-12T23:25:33.118+0300][1043.098s][36520] GC(24752)     Dead                           Min: 0, Avg:  0.0, Max: 0, Diff: 0, Sum: 0, Workers: 10
[2025-05-12T23:25:33.118+0300][1043.098s][36520] GC(24752)     Total                          Min: 0, Avg:  0.0, Max: 0, Diff: 0, Sum: 0, Workers: 10
[2025-05-12T23:25:33.118+0300][1043.098s][36520] GC(24752)   Weak JFR Old Object Samples    Min:  0.0, Avg:  0.0, Max:  0.0, Diff:  0.0, Sum:  0.0, Workers: 10
[2025-05-12T23:25:33.118+0300][1043.098s][36520] GC(24752)     Dead                           Min: 0, Avg:  0.0, Max: 0, Diff: 0, Sum: 0, Workers: 10
[2025-05-12T23:25:33.118+0300][1043.098s][36520] GC(24752)     Total                          Min: 0, Avg:  0.0, Max: 0, Diff: 0, Sum: 0, Workers: 10
[2025-05-12T23:25:33.118+0300][1043.098s][36520] GC(24752) Phase 1: Weak Processing 0.468ms
[2025-05-12T23:25:33.118+0300][1043.098s][36520] GC(24752) Phase 1: Class Unloading and Cleanup
[2025-05-12T23:25:33.118+0300][1043.098s][36520] GC(24752) ClassLoaderData
[2025-05-12T23:25:33.118+0300][1043.098s][36520] GC(24752) ClassLoaderData 0.083ms
[2025-05-12T23:25:33.119+0300][1043.098s][36520] GC(24752) Trigger cleanups
[2025-05-12T23:25:33.119+0300][1043.098s][36520] GC(24752) Trigger cleanups 0.009ms
[2025-05-12T23:25:33.123+0300][1043.102s][36520] GC(24752) Phase 1: Class Unloading and Cleanup 4.254ms
[2025-05-12T23:25:33.123+0300][1043.102s][36520] GC(24752) Report Object Count
[2025-05-12T23:25:33.123+0300][1043.102s][36520] GC(24752) Report Object Count 0.016ms
[2025-05-12T23:25:33.123+0300][1043.102s][36520] GC(24752) Phase 1: Mark live objects 13.087ms
[2025-05-12T23:25:33.123+0300][1043.102s][36520] GC(24752) Phase 2: Prepare compaction
[2025-05-12T23:25:33.123+0300][1043.102s][36520] GC(24752) Phase 2: Determine work lists
[2025-05-12T23:25:33.123+0300][1043.102s][36520] GC(24752) Phase 2: Determine work lists 0.010ms
[2025-05-12T23:25:33.123+0300][1043.102s][36520] GC(24752) Phase 2: Prepare parallel compaction
[2025-05-12T23:25:33.124+0300][1043.103s][36520] GC(24752) Phase 2: Prepare parallel compaction 0.308ms
[2025-05-12T23:25:33.124+0300][1043.103s][36520] GC(24752) Phase 2: Prepare compaction 0.358ms
[2025-05-12T23:25:33.124+0300][1043.103s][36520] GC(24752) Phase 3: Adjust pointers
[2025-05-12T23:25:33.129+0300][1043.108s][36520] GC(24752) Phase 3: Adjust pointers 5.314ms
[2025-05-12T23:25:33.129+0300][1043.108s][36520] GC(24752) Phase 4: Compact heap
[2025-05-12T23:25:33.129+0300][1043.108s][36520] GC(24752) Phase 4: Compact heap 0.252ms
[2025-05-12T23:25:33.129+0300][1043.108s][36520] GC(24752) Phase 5: Reset Metadata
[2025-05-12T23:25:33.130+0300][1043.110s][36520] GC(24752) Phase 5: Reset Metadata 1.804ms
[2025-05-12T23:25:33.132+0300][1043.111s][36520] GC(24752) Running G1 Clear Bitmap with 1 workers for 1 work units.
[2025-05-12T23:25:33.133+0300][1043.113s][36520] Old generation allocation in the last mutator period, old gen allocated: 0B, humongous allocated: 0B, old gen growth: 0B.
[2025-05-12T23:25:33.133+0300][1043.113s][36520] GC(24752) Coarsening (recent): Inline->AoC 0 (0) AoC->Howl 0 (0) Howl->Full 0 (0) Inline->AoC 0 (0) AoC->BitMap 0 (0) BitMap->Full 0 (0) 
[2025-05-12T23:25:33.133+0300][1043.113s][36520] GC(24752) Coarsening (all): Inline->AoC 10920 (0) AoC->Howl 7731 (0) Howl->Full 0 (0) Inline->AoC 10809 (0) AoC->BitMap 7399 (0) BitMap->Full 0 (0) 
[2025-05-12T23:25:33.133+0300][1043.113s][36520] GC(24752) Eden regions: 0->0(1)
[2025-05-12T23:25:33.133+0300][1043.113s][36520] GC(24752) Survivor regions: 0->0(0)
[2025-05-12T23:25:33.133+0300][1043.113s][36520] GC(24752) Old regions: 12->11
[2025-05-12T23:25:33.133+0300][1043.113s][36520] GC(24752) Humongous regions: 0->0
[2025-05-12T23:25:33.133+0300][1043.113s][36520] GC(24752) Metaspace: 10759K(12736K)->10718K(12736K) NonClass: 9683K(11328K)->9653K(11328K) Class: 1076K(1408K)->1064K(1408K)
[2025-05-12T23:25:33.133+0300][1043.113s][36520] GC(24752) Heap after GC invocations=21207 (full 7110):
[2025-05-12T23:25:33.133+0300][1043.113s][36520] GC(24752)  garbage-first heap   total 12288K, used 11214K [0x00000000ff400000, 0x0000000100000000)
[2025-05-12T23:25:33.133+0300][1043.113s][36520] GC(24752)   region size 1024K, 0 young (0K), 0 survivors (0K)
[2025-05-12T23:25:33.134+0300][1043.113s][36520] GC(24752)  Metaspace       used 10718K, committed 12736K, reserved 1114112K
[2025-05-12T23:25:33.134+0300][1043.113s][36520] GC(24752)   class space    used 1064K, committed 1408K, reserved 1048576K
[2025-05-12T23:25:33.134+0300][1043.113s][36520] GC(24752) Pause Full (G1 Compaction Pause) 11M->10M(12M) 24.715ms
[2025-05-12T23:25:33.134+0300][1043.113s][36520] GC(24752) User=0.00s Sys=0.00s Real=0.03s
[2025-05-12T23:25:33.134+0300][1043.113s][9340 ] G1 Service Thread (Card Set Free Memory Task) (run: 26.253ms) (cpu: 0.000ms)
[2025-05-12T23:25:33.134+0300][1043.113s][34628] ---------------------------------------------------------------------
[2025-05-12T23:25:33.134+0300][1043.113s][34628] Marking Stats, task = 0, calls = 0
[2025-05-12T23:25:33.134+0300][1043.113s][34628]   Elapsed time = 0.00ms, Termination time = 0.00ms
[2025-05-12T23:25:33.134+0300][1043.113s][34628]   Step Times (cum): num = 5369, avg = 0.16ms, sd = 1.55ms max = 16.00ms, total = 833.00ms
[2025-05-12T23:25:33.134+0300][1043.113s][34628]   Mark Stats Cache: hits 4313 misses 0 ratio 100.000
[2025-05-12T23:25:33.134+0300][1043.113s][34628] ---------------------------------------------------------------------
[2025-05-12T23:25:33.134+0300][1043.113s][34628] Marking Stats, task = 1, calls = 0
[2025-05-12T23:25:33.134+0300][1043.113s][34628]   Elapsed time = 0.00ms, Termination time = 0.00ms
[2025-05-12T23:25:33.134+0300][1043.113s][34628]   Step Times (cum): num = 13793, avg = 0.02ms, sd = 0.58ms max = 16.00ms, total = 296.00ms
[2025-05-12T23:25:33.134+0300][1043.113s][34628]   Mark Stats Cache: hits 2258 misses 0 ratio 100.000
[2025-05-12T23:25:33.134+0300][1043.113s][34628] ---------------------------------------------------------------------
[2025-05-12T23:25:33.134+0300][1043.113s][34628] Marking Stats, task = 2, calls = 0
[2025-05-12T23:25:33.134+0300][1043.113s][34628]   Elapsed time = 0.00ms, Termination time = 0.00ms
[2025-05-12T23:25:33.134+0300][1043.113s][34628]   Step Times (cum): num = 13231, avg = 0.02ms, sd = 0.61ms max = 16.00ms, total = 313.00ms
[2025-05-12T23:25:33.134+0300][1043.113s][34628]   Mark Stats Cache: hits 0 misses 0 ratio 0.000
[2025-05-12T23:25:33.134+0300][1043.113s][34628] ---------------------------------------------------------------------
[2025-05-12T23:25:33.134+0300][1043.113s][34628] GC(24751) Concurrent Mark From Roots 24.800ms
[2025-05-12T23:25:33.134+0300][1043.113s][34628] GC(24751) Concurrent Mark Abort
[2025-05-12T23:25:33.134+0300][1043.113s][34628] GC(24751) Concurrent Mark Cycle 25.234ms
[2025-05-12T23:25:33.161+0300][1043.140s][36520] GC(24753) Pause Young (Normal) (G1 Evacuation Pause)
[2025-05-12T23:25:33.161+0300][1043.140s][36520] GC(24753) Heap before GC invocations=21207 (full 7110):
[2025-05-12T23:25:33.161+0300][1043.140s][36520] GC(24753)  garbage-first heap   total 12288K, used 12238K [0x00000000ff400000, 0x0000000100000000)
[2025-05-12T23:25:33.161+0300][1043.140s][36520] GC(24753)   region size 1024K, 1 young (1024K), 0 survivors (0K)
[2025-05-12T23:25:33.161+0300][1043.140s][36520] GC(24753)  Metaspace       used 10759K, committed 12736K, reserved 1114112K
[2025-05-12T23:25:33.161+0300][1043.140s][36520] GC(24753)   class space    used 1076K, committed 1408K, reserved 1048576K
[2025-05-12T23:25:33.161+0300][1043.140s][36520] GC(24753) Using 2 workers of 10 for evacuation
[2025-05-12T23:25:33.161+0300][1043.140s][36520] GC(24753) Desired survivor size 524288 bytes, new threshold 15 (max threshold 15)
[2025-05-12T23:25:33.161+0300][1043.140s][36520] GC(24753) TLAB totals: thrds: 1  refills: 311 max: 311 slow allocs: 152 max 152 waste: 22.0% gc: 0B max: 0B slow: 186232B max: 186232B
[2025-05-12T23:25:33.161+0300][1043.140s][36520] GC(24753) Mutator refinement: 0.00ms, refined: 0, precleaned: 0, dirtied: 99
[2025-05-12T23:25:33.161+0300][1043.141s][36520] GC(24753) Concurrent refinement: 0.00ms, refined: 0, precleaned: 0, dirtied: 0
[2025-05-12T23:25:33.161+0300][1043.141s][36520] GC(24753) Total refinement: 0.00ms, refined: 0, precleaned: 0, dirtied: 99
[2025-05-12T23:25:33.161+0300][1043.141s][36520] GC(24753) Generate dirty cards rate: 3.59 cards/ms
[2025-05-12T23:25:33.161+0300][1043.141s][36520] GC(24753) Mutator Allocation stats, regions: 1, wasted size: 1040B ( 0.1%)
[2025-05-12T23:25:33.161+0300][1043.141s][36520] GC(24753) No candidates to reclaim.
[2025-05-12T23:25:33.161+0300][1043.141s][36520] GC(24753) Running G1 Merge Heap Roots using 2 workers for 1 regions
[2025-05-12T23:25:33.161+0300][1043.141s][36520] GC(24753) Visited cards 1056 Total dirty 12288 (8.59%) Total old 26624 (3.97%)
[2025-05-12T23:25:33.161+0300][1043.141s][33800] GC(24753) Attempt heap expansion (region allocation request failed). Allocation request: 2064B
[2025-05-12T23:25:33.161+0300][1043.141s][33800] GC(24753) Did not expand the heap (heap already fully expanded)
[2025-05-12T23:25:33.162+0300][1043.141s][36520] GC(24753) ReferenceProcessor::execute queues: 1, RefProcThreadModel::Single, marks_oops_alive: false
[2025-05-12T23:25:33.162+0300][1043.141s][36520] GC(24753) Skipped KeepAliveFinalRefsPhase of Reference Processing: no references
[2025-05-12T23:25:33.162+0300][1043.141s][36520] GC(24753) Skipped PhantomRefsPhase of Reference Processing: no references
[2025-05-12T23:25:33.162+0300][1043.141s][36520] GC(24753) Initializing removing self forwards with 64 chunks per region
[2025-05-12T23:25:33.162+0300][1043.142s][36520] GC(24753) Running G1 Rebuild Free List Task using 2 workers for rebuilding free list of regions
[2025-05-12T23:25:33.162+0300][1043.142s][36520] GC(24753) Young PLAB allocation: allocated: 0B, wasted: 0B, unused: 0B, used: 0B, undo waste: 0B, 
[2025-05-12T23:25:33.162+0300][1043.142s][36520] GC(24753) Young other allocation: region end waste: 0B, regions filled: 0, num plab filled: 2, direct allocated: 0B, num direct allocated: 0, failure used: 0B, failure wasted: 0B
[2025-05-12T23:25:33.162+0300][1043.142s][36520] GC(24753) Young sizing: calculated: 0B, actual: 2064B
[2025-05-12T23:25:33.162+0300][1043.142s][36520] GC(24753) Old PLAB allocation: allocated: 0B, wasted: 0B, unused: 0B, used: 0B, undo waste: 0B, 
[2025-05-12T23:25:33.162+0300][1043.142s][36520] GC(24753) Old other allocation: region end waste: 0B, regions filled: 0, num plab filled: 2, direct allocated: 0B, num direct allocated: 0, failure used: 151432B, failure wasted: 897144B
[2025-05-12T23:25:33.162+0300][1043.142s][36520] GC(24753) Old sizing: calculated: 0B, actual: 2064B
[2025-05-12T23:25:33.162+0300][1043.142s][36520] GC(24753) Heap expansion: short term pause time ratio 41.95% long term pause time ratio 41.91% threshold 7.69% pause time ratio 7.69% fully expanded true resize by 0B
[2025-05-12T23:25:33.162+0300][1043.142s][9340 ] G1 Service Thread (Card Set Free Memory Task) (run 0.012ms after schedule)
[2025-05-12T23:25:33.162+0300][1043.142s][36520] GC(24753) Request concurrent cycle initiation (occupancy higher than threshold) occupancy: 12582912B allocation request: 0B threshold: 3653740B (29.04) source: end of GC
[2025-05-12T23:25:33.162+0300][1043.142s][36520] GC(24753) MMU: 6.9ms (200.0ms/201.0ms)
[2025-05-12T23:25:33.162+0300][1043.142s][36520] Old generation allocation in the last mutator period, old gen allocated: 1048576B, humongous allocated: 0B, old gen growth: 1048576B.
[2025-05-12T23:25:33.162+0300][1043.142s][36520] GC(24753) Basic information (value update), threshold: 3702455B (29.42), target occupancy: 12582912B, current occupancy: 12532160B, recent allocation size: 1048576B, recent allocation duration: 27.59ms, recent old gen allocation rate: 38010062.78B/s, recent marking phase length: 120.12ms
[2025-05-12T23:25:33.162+0300][1043.142s][36520] GC(24753) Adaptive IHOP information (value update), threshold: 3702455B (34.62), internal target occupancy: 10695475B, occupancy: 12532160B, additional buffer size: 1048576B, predicted old gen allocation rate: 49256742.84B/s, predicted marking phase length: 120.68ms, prediction active: true
[2025-05-12T23:25:33.162+0300][1043.142s][36520] GC(24753) GC refinement: goal: 18446744073709551615 + 104 / 20.00ms, actual: 99 / 0.04ms, 
[2025-05-12T23:25:33.162+0300][1043.142s][36520] GC(24753) Unchanged pending cards target: 18446744073709551615
[2025-05-12T23:25:33.162+0300][1043.142s][36520] GC(24753)   Pre Evacuate Collection Set: 0.2ms
[2025-05-12T23:25:33.162+0300][1043.142s][36520] GC(24753)     Pre Evacuate Prepare: 0.1ms
[2025-05-12T23:25:33.162+0300][1043.142s][36520] GC(24753)       JT Retire TLABs And Flush Logs (ms): Min:  0.0, Avg:  0.0, Max:  0.0, Diff:  0.0, Sum:  0.0, Workers: 2
[2025-05-12T23:25:33.162+0300][1043.142s][36520] GC(24753)       Non-JT Flush Logs (ms):        Min:  0.0, Avg:  0.0, Max:  0.0, Diff:  0.0, Sum:  0.0, Workers: 1
[2025-05-12T23:25:33.162+0300][1043.142s][36520] GC(24753)     Choose Collection Set: 0.0ms
[2025-05-12T23:25:33.162+0300][1043.142s][36520] GC(24753)     Region Register: 0.1ms
[2025-05-12T23:25:33.162+0300][1043.142s][36520] GC(24753)     Prepare Heap Roots: 0.0ms
[2025-05-12T23:25:33.162+0300][1043.142s][36520] GC(24753)   Merge Heap Roots: 0.1ms
[2025-05-12T23:25:33.162+0300][1043.142s][36520] GC(24753)     Prepare Merge Heap Roots: 0.0ms
[2025-05-12T23:25:33.162+0300][1043.142s][36520] GC(24753)     Remembered Sets (ms):          Min:  0.0, Avg:  0.0, Max:  0.0, Diff:  0.0, Sum:  0.0, Workers: 2
[2025-05-12T23:25:33.162+0300][1043.142s][36520] GC(24753)       Eager Reclaim (ms):            skipped
[2025-05-12T23:25:33.162+0300][1043.142s][36520] GC(24753)       Merged Inline                  Min: 0, Avg:  0.0, Max: 0, Diff: 0, Sum: 0, Workers: 2
[2025-05-12T23:25:33.162+0300][1043.142s][36520] GC(24753)       Merged ArrayOfCards            Min: 0, Avg:  0.0, Max: 0, Diff: 0, Sum: 0, Workers: 2
[2025-05-12T23:25:33.162+0300][1043.142s][36520] GC(24753)       Merged Howl                    Min: 0, Avg:  0.0, Max: 0, Diff: 0, Sum: 0, Workers: 2
[2025-05-12T23:25:33.162+0300][1043.142s][36520] GC(24753)       Merged Full                    Min: 0, Avg:  0.0, Max: 0, Diff: 0, Sum: 0, Workers: 2
[2025-05-12T23:25:33.162+0300][1043.142s][36520] GC(24753)       Merged Howl Inline             Min: 0, Avg:  0.0, Max: 0, Diff: 0, Sum: 0, Workers: 2
[2025-05-12T23:25:33.162+0300][1043.142s][36520] GC(24753)       Merged Howl ArrayOfCards       Min: 0, Avg:  0.0, Max: 0, Diff: 0, Sum: 0, Workers: 2
[2025-05-12T23:25:33.162+0300][1043.142s][36520] GC(24753)       Merged Howl BitMap             Min: 0, Avg:  0.0, Max: 0, Diff: 0, Sum: 0, Workers: 2
[2025-05-12T23:25:33.162+0300][1043.142s][36520] GC(24753)       Merged Howl Full               Min: 0, Avg:  0.0, Max: 0, Diff: 0, Sum: 0, Workers: 2
[2025-05-12T23:25:33.162+0300][1043.142s][36520] GC(24753)       Merged Cards                   Min: 8, Avg:  8.0, Max: 8, Diff: 0, Sum: 16, Workers: 2
[2025-05-12T23:25:33.162+0300][1043.142s][36520] GC(24753)     Log Buffers (ms):              Min:  0.0, Avg:  0.0, Max:  0.0, Diff:  0.0, Sum:  0.0, Workers: 2
[2025-05-12T23:25:33.162+0300][1043.142s][36520] GC(24753)       Dirty Cards:                   Min: 21, Avg: 49.5, Max: 78, Diff: 57, Sum: 99, Workers: 2
[2025-05-12T23:25:33.162+0300][1043.142s][36520] GC(24753)       Skipped Cards:                 Min: 0, Avg:  0.0, Max: 0, Diff: 0, Sum: 0, Workers: 2
[2025-05-12T23:25:33.162+0300][1043.142s][36520] GC(24753)   Evacuate Collection Set: 0.3ms
[2025-05-12T23:25:33.162+0300][1043.142s][36520] GC(24753)     Ext Root Scanning (ms):        Min:  0.1, Avg:  0.1, Max:  0.1, Diff:  0.0, Sum:  0.2, Workers: 2
[2025-05-12T23:25:33.163+0300][1043.142s][36520] GC(24753)     Scan Heap Roots (ms):          Min:  0.0, Avg:  0.0, Max:  0.0, Diff:  0.0, Sum:  0.1, Workers: 2
[2025-05-12T23:25:33.163+0300][1043.142s][36520] GC(24753)       Scanned Cards:                 Min: 41, Avg: 49.5, Max: 58, Diff: 17, Sum: 99, Workers: 2
[2025-05-12T23:25:33.163+0300][1043.142s][36520] GC(24753)       Scanned Blocks:                Min: 26, Avg: 34.0, Max: 42, Diff: 16, Sum: 68, Workers: 2
[2025-05-12T23:25:33.163+0300][1043.142s][36520] GC(24753)       Claimed Chunks:                Min: 12, Avg: 16.5, Max: 21, Diff: 9, Sum: 33, Workers: 2
[2025-05-12T23:25:33.163+0300][1043.142s][36520] GC(24753)       Found Roots:                   Min: 38, Avg: 59.0, Max: 80, Diff: 42, Sum: 118, Workers: 2
[2025-05-12T23:25:33.163+0300][1043.142s][36520] GC(24753)     Code Root Scan (ms):           Min:  0.0, Avg:  0.0, Max:  0.0, Diff:  0.0, Sum:  0.0, Workers: 2
[2025-05-12T23:25:33.163+0300][1043.142s][36520] GC(24753)     Object Copy (ms):              Min:  0.1, Avg:  0.1, Max:  0.1, Diff:  0.0, Sum:  0.2, Workers: 2
[2025-05-12T23:25:33.163+0300][1043.142s][36520] GC(24753)     Termination (ms):              Min:  0.0, Avg:  0.0, Max:  0.0, Diff:  0.0, Sum:  0.0, Workers: 2
[2025-05-12T23:25:33.163+0300][1043.142s][36520] GC(24753)       Termination Attempts:          Min: 1, Avg:  1.0, Max: 1, Diff: 0, Sum: 2, Workers: 2
[2025-05-12T23:25:33.163+0300][1043.142s][36520] GC(24753)     GC Worker Other (ms):          Min:  0.0, Avg:  0.0, Max:  0.0, Diff:  0.0, Sum:  0.0, Workers: 2
[2025-05-12T23:25:33.163+0300][1043.142s][36520] GC(24753)     GC Worker Total (ms):          Min:  0.2, Avg:  0.3, Max:  0.3, Diff:  0.0, Sum:  0.5, Workers: 2
[2025-05-12T23:25:33.163+0300][1043.142s][36520] GC(24753)   Post Evacuate Collection Set: 0.5ms
[2025-05-12T23:25:33.163+0300][1043.142s][36520] GC(24753)     NMethod List Cleanup: 0.0ms
[2025-05-12T23:25:33.163+0300][1043.142s][36520] GC(24753)     Reference Processing: 0.1ms
[2025-05-12T23:25:33.163+0300][1043.142s][36520] GC(24753)       Notify Soft/WeakReferences: 0.0ms
[2025-05-12T23:25:33.163+0300][1043.142s][36520] GC(24753)         SoftRef (ms):                  Min:  0.0, Avg:  0.0, Max:  0.0, Diff:  0.0, Sum:  0.0, Workers: 1
[2025-05-12T23:25:33.163+0300][1043.142s][36520] GC(24753)         WeakRef (ms):                  Min:  0.0, Avg:  0.0, Max:  0.0, Diff:  0.0, Sum:  0.0, Workers: 1
[2025-05-12T23:25:33.163+0300][1043.142s][36520] GC(24753)         FinalRef (ms):                 Min:  0.0, Avg:  0.0, Max:  0.0, Diff:  0.0, Sum:  0.0, Workers: 1
[2025-05-12T23:25:33.163+0300][1043.142s][36520] GC(24753)         Total (ms):                    Min:  0.0, Avg:  0.0, Max:  0.0, Diff:  0.0, Sum:  0.0, Workers: 1
[2025-05-12T23:25:33.163+0300][1043.142s][36520] GC(24753)       Notify and keep alive finalizable: 0.0ms
[2025-05-12T23:25:33.163+0300][1043.142s][36520] GC(24753)         FinalRef (ms):                 skipped
[2025-05-12T23:25:33.163+0300][1043.142s][36520] GC(24753)       Notify PhantomReferences: 0.0ms
[2025-05-12T23:25:33.163+0300][1043.142s][36520] GC(24753)         PhantomRef (ms):               skipped
[2025-05-12T23:25:33.163+0300][1043.142s][36520] GC(24753)       SoftReference Discovered: 0, Dropped: 0, Processed: 0
[2025-05-12T23:25:33.163+0300][1043.142s][36520] GC(24753)       WeakReference Discovered: 26, Dropped: 3, Processed: 23
[2025-05-12T23:25:33.163+0300][1043.142s][36520] GC(24753)       FinalReference Discovered: 0, Dropped: 0, Processed: 0
[2025-05-12T23:25:33.163+0300][1043.142s][36520] GC(24753)       PhantomReference Discovered: 0, Dropped: 0, Processed: 0
[2025-05-12T23:25:33.163+0300][1043.142s][36520] GC(24753)     Weak Processing: 0.1ms
[2025-05-12T23:25:33.163+0300][1043.142s][36520] GC(24753)       VM Weak                        Min:  0.0, Avg:  0.0, Max:  0.0, Diff:  0.0, Sum:  0.0, Workers: 10
[2025-05-12T23:25:33.163+0300][1043.142s][36520] GC(24753)         Dead                           Min: 0, Avg:  0.0, Max: 0, Diff: 0, Sum: 0, Workers: 10
[2025-05-12T23:25:33.163+0300][1043.142s][36520] GC(24753)         Total                          Min: 0, Avg:  6.7, Max: 41, Diff: 41, Sum: 67, Workers: 10
[2025-05-12T23:25:33.163+0300][1043.142s][36520] GC(24753)       ObjectSynchronizer Weak        Min:  0.0, Avg:  0.0, Max:  0.0, Diff:  0.0, Sum:  0.0, Workers: 10
[2025-05-12T23:25:33.163+0300][1043.142s][36520] GC(24753)         Dead                           Min: 0, Avg:  0.0, Max: 0, Diff: 0, Sum: 0, Workers: 10
[2025-05-12T23:25:33.163+0300][1043.142s][36520] GC(24753)         Total                          Min: 0, Avg:  0.1, Max: 1, Diff: 1, Sum: 1, Workers: 10
[2025-05-12T23:25:33.163+0300][1043.142s][36520] GC(24753)       JVMTI Tag Weak OopStorage      Min:  0.0, Avg:  0.1, Max:  0.1, Diff:  0.1, Sum:  0.6, Workers: 10
[2025-05-12T23:25:33.163+0300][1043.142s][36520] GC(24753)         Dead                           Min: 0, Avg:  0.0, Max: 0, Diff: 0, Sum: 0, Workers: 10
[2025-05-12T23:25:33.163+0300][1043.142s][36520] GC(24753)         Total                          Min: 0, Avg: 6289.9, Max: 8335, Diff: 8335, Sum: 62899, Workers: 10
[2025-05-12T23:25:33.163+0300][1043.142s][36520] GC(24753)       StringTable Weak               Min:  0.0, Avg:  0.0, Max:  0.0, Diff:  0.0, Sum:  0.3, Workers: 10
[2025-05-12T23:25:33.163+0300][1043.142s][36520] GC(24753)         Dead                           Min: 0, Avg:  1.7, Max: 6, Diff: 6, Sum: 17, Workers: 10
[2025-05-12T23:25:33.163+0300][1043.142s][36520] GC(24753)         Total                          Min: 640, Avg: 3952.9, Max: 4672, Diff: 4032, Sum: 39529, Workers: 10
[2025-05-12T23:25:33.163+0300][1043.143s][36520] GC(24753)       ResolvedMethodTable Weak       Min:  0.0, Avg:  0.0, Max:  0.0, Diff:  0.0, Sum:  0.0, Workers: 10
[2025-05-12T23:25:33.163+0300][1043.143s][36520] GC(24753)         Dead                           Min: 0, Avg:  0.0, Max: 0, Diff: 0, Sum: 0, Workers: 10
[2025-05-12T23:25:33.163+0300][1043.143s][36520] GC(24753)         Total                          Min: 0, Avg: 64.4, Max: 128, Diff: 128, Sum: 644, Workers: 10
[2025-05-12T23:25:33.163+0300][1043.143s][36520] GC(24753)       JNI Weak                       Min:  0.0, Avg:  0.0, Max:  0.0, Diff:  0.0, Sum:  0.0, Workers: 10
[2025-05-12T23:25:33.163+0300][1043.143s][36520] GC(24753)         Dead                           Min: 0, Avg:  0.0, Max: 0, Diff: 0, Sum: 0, Workers: 10
[2025-05-12T23:25:33.163+0300][1043.143s][36520] GC(24753)         Total                          Min: 0, Avg:  1.1, Max: 11, Diff: 11, Sum: 11, Workers: 10
[2025-05-12T23:25:33.163+0300][1043.143s][36520] GC(24753)       StringDedup Table Weak         Min:  0.0, Avg:  0.0, Max:  0.0, Diff:  0.0, Sum:  0.0, Workers: 10
[2025-05-12T23:25:33.163+0300][1043.143s][36520] GC(24753)         Dead                           Min: 0, Avg:  0.0, Max: 0, Diff: 0, Sum: 0, Workers: 10
[2025-05-12T23:25:33.163+0300][1043.143s][36520] GC(24753)         Total                          Min: 0, Avg:  0.0, Max: 0, Diff: 0, Sum: 0, Workers: 10
[2025-05-12T23:25:33.163+0300][1043.143s][36520] GC(24753)       StringDedup Requests0 Weak     Min:  0.0, Avg:  0.0, Max:  0.0, Diff:  0.0, Sum:  0.0, Workers: 10
[2025-05-12T23:25:33.163+0300][1043.143s][36520] GC(24753)         Dead                           Min: 0, Avg:  0.0, Max: 0, Diff: 0, Sum: 0, Workers: 10
[2025-05-12T23:25:33.163+0300][1043.143s][36520] GC(24753)         Total                          Min: 0, Avg:  0.0, Max: 0, Diff: 0, Sum: 0, Workers: 10
[2025-05-12T23:25:33.163+0300][1043.143s][36520] GC(24753)       StringDedup Requests1 Weak     Min:  0.0, Avg:  0.0, Max:  0.0, Diff:  0.0, Sum:  0.0, Workers: 10
[2025-05-12T23:25:33.163+0300][1043.143s][36520] GC(24753)         Dead                           Min: 0, Avg:  0.0, Max: 0, Diff: 0, Sum: 0, Workers: 10
[2025-05-12T23:25:33.163+0300][1043.143s][36520] GC(24753)         Total                          Min: 0, Avg:  0.0, Max: 0, Diff: 0, Sum: 0, Workers: 10
[2025-05-12T23:25:33.163+0300][1043.143s][36520] GC(24753)       Weak JFR Old Object Samples    Min:  0.0, Avg:  0.0, Max:  0.0, Diff:  0.0, Sum:  0.0, Workers: 10
[2025-05-12T23:25:33.163+0300][1043.143s][36520] GC(24753)         Dead                           Min: 0, Avg:  0.0, Max: 0, Diff: 0, Sum: 0, Workers: 10
[2025-05-12T23:25:33.163+0300][1043.143s][36520] GC(24753)         Total                          Min: 0, Avg:  0.0, Max: 0, Diff: 0, Sum: 0, Workers: 10
[2025-05-12T23:25:33.163+0300][1043.143s][36520] GC(24753)     Post Evacuate Cleanup 1: 0.1ms
[2025-05-12T23:25:33.163+0300][1043.143s][36520] GC(24753)       Merge Per-Thread State (ms):   Min:  0.0, Avg:  0.0, Max:  0.0, Diff:  0.0, Sum:  0.0, Workers: 1
[2025-05-12T23:25:33.163+0300][1043.143s][36520] GC(24753)         Copied Bytes                   Min: 0, Avg:  0.0, Max: 0, Diff: 0, Sum: 0, Workers: 2
[2025-05-12T23:25:33.163+0300][1043.143s][36520] GC(24753)         LAB Waste                      Min: 0, Avg:  0.0, Max: 0, Diff: 0, Sum: 0, Workers: 2
[2025-05-12T23:25:33.163+0300][1043.143s][36520] GC(24753)         LAB Undo Waste                 Min: 0, Avg:  0.0, Max: 0, Diff: 0, Sum: 0, Workers: 2
[2025-05-12T23:25:33.163+0300][1043.143s][36520] GC(24753)       Clear Logged Cards (ms):       Min:  0.0, Avg:  0.0, Max:  0.0, Diff:  0.0, Sum:  0.0, Workers: 2
[2025-05-12T23:25:33.163+0300][1043.143s][36520] GC(24753)       Recalculate Used Memory (ms):  Min:  0.0, Avg:  0.0, Max:  0.0, Diff:  0.0, Sum:  0.0, Workers: 1
[2025-05-12T23:25:33.163+0300][1043.143s][36520] GC(24753)       Restore Retained Regions (ms): Min:  0.1, Avg:  0.1, Max:  0.1, Diff:  0.0, Sum:  0.1, Workers: 2
[2025-05-12T23:25:33.163+0300][1043.143s][36520] GC(24753)         Evacuation Failure Regions:    Min: 1, Avg:  1.0, Max: 1, Diff: 0, Sum: 1, Workers: 1
[2025-05-12T23:25:33.163+0300][1043.143s][36520] GC(24753)         Remove Self Forwards (ms):     Min:  0.0, Avg:  0.0, Max:  0.0, Diff:  0.0, Sum:  0.1, Workers: 2
[2025-05-12T23:25:33.163+0300][1043.143s][36520] GC(24753)           Forward Chunks:                Min: 23, Avg: 26.0, Max: 29, Diff: 6, Sum: 52, Workers: 2
[2025-05-12T23:25:33.163+0300][1043.143s][36520] GC(24753)           Empty Forward Chunks:          Min: 1, Avg:  6.0, Max: 11, Diff: 10, Sum: 12, Workers: 2
[2025-05-12T23:25:33.163+0300][1043.143s][36520] GC(24753)           Forward Objects:               Min: 1388, Avg: 1431.0, Max: 1474, Diff: 86, Sum: 2862, Workers: 2
[2025-05-12T23:25:33.163+0300][1043.143s][36520] GC(24753)           Forward Bytes:                 Min: 69464, Avg: 75716.0, Max: 81968, Diff: 12504, Sum: 151432, Workers: 2
[2025-05-12T23:25:33.163+0300][1043.143s][36520] GC(24753)     Post Evacuate Cleanup 2: 0.1ms
[2025-05-12T23:25:33.163+0300][1043.143s][36520] GC(24753)       Recalculate Used Memory (ms):  Min:  0.0, Avg:  0.0, Max:  0.0, Diff:  0.0, Sum:  0.0, Workers: 1
[2025-05-12T23:25:33.163+0300][1043.143s][36520] GC(24753)       Restore Preserved Marks (ms):  Min:  0.0, Avg:  0.0, Max:  0.0, Diff:  0.0, Sum:  0.0, Workers: 2
[2025-05-12T23:25:33.163+0300][1043.143s][36520] GC(24753)       Clear Retained Region Bitmaps (ms): Min:  0.0, Avg:  0.0, Max:  0.0, Diff:  0.0, Sum:  0.0, Workers: 2
[2025-05-12T23:25:33.163+0300][1043.143s][36520] GC(24753)       Update Derived Pointers (ms):  Min:  0.0, Avg:  0.0, Max:  0.0, Diff:  0.0, Sum:  0.0, Workers: 1
[2025-05-12T23:25:33.163+0300][1043.143s][36520] GC(24753)       Eagerly Reclaim Humongous Objects (ms): skipped
[2025-05-12T23:25:33.163+0300][1043.143s][36520] GC(24753)         Humongous Total                skipped
[2025-05-12T23:25:33.163+0300][1043.143s][36520] GC(24753)         Humongous Candidates           skipped
[2025-05-12T23:25:33.163+0300][1043.143s][36520] GC(24753)         Humongous Reclaimed            skipped
[2025-05-12T23:25:33.163+0300][1043.143s][36520] GC(24753)       Redirty Logged Cards (ms):     Min:  0.0, Avg:  0.0, Max:  0.0, Diff:  0.0, Sum:  0.0, Workers: 2
[2025-05-12T23:25:33.163+0300][1043.143s][36520] GC(24753)         Redirtied Cards:               Min: 0, Avg:  0.0, Max: 0, Diff: 0, Sum: 0, Workers: 2
[2025-05-12T23:25:33.163+0300][1043.143s][36520] GC(24753)       Resize TLABs (ms):             Min:  0.0, Avg:  0.0, Max:  0.0, Diff:  0.0, Sum:  0.0, Workers: 2
[2025-05-12T23:25:33.163+0300][1043.143s][36520] GC(24753)       Free Collection Set (ms):      Min:  0.0, Avg:  0.0, Max:  0.0, Diff:  0.0, Sum:  0.0, Workers: 2
[2025-05-12T23:25:33.163+0300][1043.143s][36520] GC(24753)     Rebuild Free List: 0.0ms
[2025-05-12T23:25:33.163+0300][1043.143s][36520] GC(24753)     Prepare For Mutator: 0.1ms
[2025-05-12T23:25:33.163+0300][1043.143s][36520] GC(24753)     Expand Heap After Collection: 0.0ms
[2025-05-12T23:25:33.163+0300][1043.143s][36520] GC(24753)   Other: 0.3ms
[2025-05-12T23:25:33.163+0300][1043.143s][36520] GC(24753) Coarsening (recent): Inline->AoC 0 (0) AoC->Howl 0 (0) Howl->Full 0 (0) Inline->AoC 0 (0) AoC->BitMap 0 (0) BitMap->Full 0 (0) 
[2025-05-12T23:25:33.163+0300][1043.143s][36520] GC(24753) Coarsening (all): Inline->AoC 10920 (0) AoC->Howl 7731 (0) Howl->Full 0 (0) Inline->AoC 10809 (0) AoC->BitMap 7399 (0) BitMap->Full 0 (0) 
[2025-05-12T23:25:33.163+0300][1043.143s][36520] GC(24753) Eden regions: 1->0(0)
[2025-05-12T23:25:33.163+0300][1043.143s][36520] GC(24753) Survivor regions: 0->0(0)
[2025-05-12T23:25:33.163+0300][1043.143s][36520] GC(24753) Old regions: 11->12
[2025-05-12T23:25:33.163+0300][1043.143s][36520] GC(24753) Humongous regions: 0->0
[2025-05-12T23:25:33.163+0300][1043.143s][36520] GC(24753) Metaspace: 10759K(12736K)->10759K(12736K) NonClass: 9683K(11328K)->9683K(11328K) Class: 1076K(1408K)->1076K(1408K)
[2025-05-12T23:25:33.163+0300][1043.143s][36520] GC(24753) Heap after GC invocations=21208 (full 7110):
[2025-05-12T23:25:33.163+0300][1043.143s][36520] GC(24753)  garbage-first heap   total 12288K, used 12238K [0x00000000ff400000, 0x0000000100000000)
[2025-05-12T23:25:33.163+0300][1043.143s][36520] GC(24753)   region size 1024K, 0 young (0K), 0 survivors (0K)
[2025-05-12T23:25:33.163+0300][1043.143s][36520] GC(24753)  Metaspace       used 10759K, committed 12736K, reserved 1114112K
[2025-05-12T23:25:33.163+0300][1043.143s][36520] GC(24753)   class space    used 1076K, committed 1408K, reserved 1048576K
[2025-05-12T23:25:33.163+0300][1043.143s][36520] GC(24753) Pause Young (Normal) (G1 Evacuation Pause) (Evacuation Failure) 11M->11M(12M) 2.862ms
[2025-05-12T23:25:33.163+0300][1043.143s][36520] GC(24753) User=0.00s Sys=0.00s Real=0.00s
[2025-05-12T23:25:33.164+0300][1043.143s][36520] Attempt heap expansion (allocation request failed). Allocation request: 2048B
[2025-05-12T23:25:33.164+0300][1043.143s][36520] Expand the heap. requested expansion amount: 1048576B expansion amount: 1048576B
[2025-05-12T23:25:33.164+0300][1043.143s][36520] Did not expand the heap (heap already fully expanded)
[2025-05-12T23:25:33.164+0300][1043.143s][36520] Attempting full compaction
[2025-05-12T23:25:33.164+0300][1043.143s][36520] GC(24754) Pause Full (G1 Compaction Pause)
[2025-05-12T23:25:33.164+0300][1043.143s][36520] GC(24754) Heap before GC invocations=21208 (full 7110):
[2025-05-12T23:25:33.164+0300][1043.143s][36520] GC(24754)  garbage-first heap   total 12288K, used 12238K [0x00000000ff400000, 0x0000000100000000)
[2025-05-12T23:25:33.164+0300][1043.143s][36520] GC(24754)   region size 1024K, 0 young (0K), 0 survivors (0K)
[2025-05-12T23:25:33.164+0300][1043.143s][36520] GC(24754)  Metaspace       used 10759K, committed 12736K, reserved 1114112K
[2025-05-12T23:25:33.164+0300][1043.143s][36520] GC(24754)   class space    used 1076K, committed 1408K, reserved 1048576K
[2025-05-12T23:25:33.164+0300][1043.143s][36520] GC(24754) Requesting 1 active workers for full compaction (waste limited workers: 1, adaptive workers: 2, used limited workers: 12)
[2025-05-12T23:25:33.164+0300][1043.143s][36520] GC(24754) Using 1 workers of 10 for full compaction
[2025-05-12T23:25:33.164+0300][1043.143s][36520] GC(24754) Mutator Allocation stats, regions: 0, wasted size: 0B ( 0.0%)
[2025-05-12T23:25:33.164+0300][1043.143s][36520] GC(24754) Phase 1: Mark live objects
[2025-05-12T23:25:33.171+0300][1043.151s][36520] GC(24754) Phase 1: Reference Processing
[2025-05-12T23:25:33.171+0300][1043.151s][36520] GC(24754) ReferenceProcessor::execute queues: 1, RefProcThreadModel::Single, marks_oops_alive: false
[2025-05-12T23:25:33.171+0300][1043.151s][36520] GC(24754) Skipped KeepAliveFinalRefsPhase of Reference Processing: no references
[2025-05-12T23:25:33.171+0300][1043.151s][36520] GC(24754) ReferenceProcessor::execute queues: 1, RefProcThreadModel::Single, marks_oops_alive: false
[2025-05-12T23:25:33.171+0300][1043.151s][36520] GC(24754) Reference Processing: 0.0ms
[2025-05-12T23:25:33.171+0300][1043.151s][36520] GC(24754)   Notify Soft/WeakReferences: 0.0ms
[2025-05-12T23:25:33.172+0300][1043.151s][36520] GC(24754)     SoftRef: 0.0ms
[2025-05-12T23:25:33.172+0300][1043.151s][36520] GC(24754)     WeakRef: 0.0ms
[2025-05-12T23:25:33.172+0300][1043.151s][36520] GC(24754)     FinalRef: 0.0ms
[2025-05-12T23:25:33.172+0300][1043.151s][36520] GC(24754)     Total: 0.0ms
[2025-05-12T23:25:33.172+0300][1043.151s][36520] GC(24754)   Notify and keep alive finalizable: 0.0ms
[2025-05-12T23:25:33.172+0300][1043.151s][36520] GC(24754)     FinalRef: skipped
[2025-05-12T23:25:33.172+0300][1043.151s][36520] GC(24754)   Notify PhantomReferences: 0.0ms
[2025-05-12T23:25:33.172+0300][1043.151s][36520] GC(24754)     PhantomRef: 0.0ms
[2025-05-12T23:25:33.172+0300][1043.151s][36520] GC(24754)   SoftReference Discovered: 46, Dropped: 4, Processed: 42
[2025-05-12T23:25:33.172+0300][1043.151s][36520] GC(24754)   WeakReference Discovered: 34, Dropped: 13, Processed: 21
[2025-05-12T23:25:33.172+0300][1043.151s][36520] GC(24754)   FinalReference Discovered: 0, Dropped: 0, Processed: 0
[2025-05-12T23:25:33.172+0300][1043.151s][36520] GC(24754)   PhantomReference Discovered: 23, Dropped: 23, Processed: 0
[2025-05-12T23:25:33.172+0300][1043.151s][36520] GC(24754) Phase 1: Reference Processing 0.205ms
[2025-05-12T23:25:33.172+0300][1043.151s][36520] GC(24754) Phase 1: Weak Processing
[2025-05-12T23:25:33.172+0300][1043.151s][36520] GC(24754)   VM Weak                        Min:  0.0, Avg:  0.0, Max:  0.0, Diff:  0.0, Sum:  0.0, Workers: 10
[2025-05-12T23:25:33.172+0300][1043.151s][36520] GC(24754)     Dead                           Min: 0, Avg:  2.1, Max: 21, Diff: 21, Sum: 21, Workers: 10
[2025-05-12T23:25:33.172+0300][1043.151s][36520] GC(24754)     Total                          Min: 0, Avg:  6.7, Max: 67, Diff: 67, Sum: 67, Workers: 10
[2025-05-12T23:25:33.172+0300][1043.151s][36520] GC(24754)   ObjectSynchronizer Weak        Min:  0.0, Avg:  0.0, Max:  0.0, Diff:  0.0, Sum:  0.0, Workers: 10
[2025-05-12T23:25:33.172+0300][1043.151s][36520] GC(24754)     Dead                           Min: 0, Avg:  0.0, Max: 0, Diff: 0, Sum: 0, Workers: 10
[2025-05-12T23:25:33.172+0300][1043.151s][36520] GC(24754)     Total                          Min: 0, Avg:  0.1, Max: 1, Diff: 1, Sum: 1, Workers: 10
[2025-05-12T23:25:33.172+0300][1043.151s][36520] GC(24754)   JVMTI Tag Weak OopStorage      Min:  0.0, Avg:  0.1, Max:  0.1, Diff:  0.1, Sum:  0.7, Workers: 10
[2025-05-12T23:25:33.172+0300][1043.151s][36520] GC(24754)     Dead                           Min: 0, Avg:  2.1, Max: 21, Diff: 21, Sum: 21, Workers: 10
[2025-05-12T23:25:33.172+0300][1043.151s][36520] GC(24754)     Total                          Min: 704, Avg: 6289.9, Max: 9426, Diff: 8722, Sum: 62899, Workers: 10
[2025-05-12T23:25:33.172+0300][1043.151s][36520] GC(24754)   StringTable Weak               Min:  0.0, Avg:  0.0, Max:  0.0, Diff:  0.0, Sum:  0.3, Workers: 10
[2025-05-12T23:25:33.172+0300][1043.151s][36520] GC(24754)     Dead                           Min: 0, Avg: 14.1, Max: 53, Diff: 53, Sum: 141, Workers: 10
[2025-05-12T23:25:33.172+0300][1043.151s][36520] GC(24754)     Total                          Min: 0, Avg: 3952.9, Max: 4672, Diff: 4672, Sum: 39529, Workers: 10
[2025-05-12T23:25:33.172+0300][1043.151s][36520] GC(24754)   ResolvedMethodTable Weak       Min:  0.0, Avg:  0.0, Max:  0.0, Diff:  0.0, Sum:  0.0, Workers: 10
[2025-05-12T23:25:33.172+0300][1043.151s][36520] GC(24754)     Dead                           Min: 0, Avg:  5.2, Max: 25, Diff: 25, Sum: 52, Workers: 10
[2025-05-12T23:25:33.172+0300][1043.151s][36520] GC(24754)     Total                          Min: 0, Avg: 64.4, Max: 128, Diff: 128, Sum: 644, Workers: 10
[2025-05-12T23:25:33.172+0300][1043.151s][36520] GC(24754)   JNI Weak                       Min:  0.0, Avg:  0.0, Max:  0.0, Diff:  0.0, Sum:  0.0, Workers: 10
[2025-05-12T23:25:33.172+0300][1043.151s][36520] GC(24754)     Dead                           Min: 0, Avg:  0.0, Max: 0, Diff: 0, Sum: 0, Workers: 10
[2025-05-12T23:25:33.172+0300][1043.151s][36520] GC(24754)     Total                          Min: 0, Avg:  1.1, Max: 11, Diff: 11, Sum: 11, Workers: 10
[2025-05-12T23:25:33.172+0300][1043.151s][36520] GC(24754)   StringDedup Table Weak         Min:  0.0, Avg:  0.0, Max:  0.0, Diff:  0.0, Sum:  0.0, Workers: 10
[2025-05-12T23:25:33.172+0300][1043.151s][36520] GC(24754)     Dead                           Min: 0, Avg:  0.0, Max: 0, Diff: 0, Sum: 0, Workers: 10
[2025-05-12T23:25:33.172+0300][1043.151s][36520] GC(24754)     Total                          Min: 0, Avg:  0.0, Max: 0, Diff: 0, Sum: 0, Workers: 10
[2025-05-12T23:25:33.172+0300][1043.151s][36520] GC(24754)   StringDedup Requests0 Weak     Min:  0.0, Avg:  0.0, Max:  0.0, Diff:  0.0, Sum:  0.0, Workers: 10
[2025-05-12T23:25:33.172+0300][1043.151s][36520] GC(24754)     Dead                           Min: 0, Avg:  0.0, Max: 0, Diff: 0, Sum: 0, Workers: 10
[2025-05-12T23:25:33.172+0300][1043.151s][36520] GC(24754)     Total                          Min: 0, Avg:  0.0, Max: 0, Diff: 0, Sum: 0, Workers: 10
[2025-05-12T23:25:33.172+0300][1043.151s][36520] GC(24754)   StringDedup Requests1 Weak     Min:  0.0, Avg:  0.0, Max:  0.0, Diff:  0.0, Sum:  0.0, Workers: 10
[2025-05-12T23:25:33.172+0300][1043.151s][36520] GC(24754)     Dead                           Min: 0, Avg:  0.0, Max: 0, Diff: 0, Sum: 0, Workers: 10
[2025-05-12T23:25:33.172+0300][1043.151s][36520] GC(24754)     Total                          Min: 0, Avg:  0.0, Max: 0, Diff: 0, Sum: 0, Workers: 10
[2025-05-12T23:25:33.172+0300][1043.151s][36520] GC(24754)   Weak JFR Old Object Samples    Min:  0.0, Avg:  0.0, Max:  0.0, Diff:  0.0, Sum:  0.0, Workers: 10
[2025-05-12T23:25:33.172+0300][1043.151s][36520] GC(24754)     Dead                           Min: 0, Avg:  0.0, Max: 0, Diff: 0, Sum: 0, Workers: 10
[2025-05-12T23:25:33.172+0300][1043.151s][36520] GC(24754)     Total                          Min: 0, Avg:  0.0, Max: 0, Diff: 0, Sum: 0, Workers: 10
[2025-05-12T23:25:33.172+0300][1043.151s][36520] GC(24754) Phase 1: Weak Processing 0.494ms
[2025-05-12T23:25:33.172+0300][1043.151s][36520] GC(24754) Phase 1: Class Unloading and Cleanup
[2025-05-12T23:25:33.172+0300][1043.151s][36520] GC(24754) ClassLoaderData
[2025-05-12T23:25:33.172+0300][1043.151s][36520] GC(24754) ClassLoaderData 0.069ms
[2025-05-12T23:25:33.172+0300][1043.151s][36520] GC(24754) Trigger cleanups
[2025-05-12T23:25:33.172+0300][1043.151s][36520] GC(24754) Trigger cleanups 0.009ms
[2025-05-12T23:25:33.176+0300][1043.155s][36520] GC(24754) Phase 1: Class Unloading and Cleanup 4.159ms
[2025-05-12T23:25:33.176+0300][1043.155s][36520] GC(24754) Report Object Count
[2025-05-12T23:25:33.176+0300][1043.155s][36520] GC(24754) Report Object Count 0.013ms
[2025-05-12T23:25:33.176+0300][1043.156s][36520] GC(24754) Phase 1: Mark live objects 12.200ms
[2025-05-12T23:25:33.176+0300][1043.156s][36520] GC(24754) Phase 2: Prepare compaction
[2025-05-12T23:25:33.176+0300][1043.156s][36520] GC(24754) Phase 2: Determine work lists
[2025-05-12T23:25:33.176+0300][1043.156s][36520] GC(24754) Phase 2: Determine work lists 0.010ms
[2025-05-12T23:25:33.176+0300][1043.156s][36520] GC(24754) Phase 2: Prepare parallel compaction
[2025-05-12T23:25:33.177+0300][1043.156s][36520] GC(24754) Phase 2: Prepare parallel compaction 0.253ms
[2025-05-12T23:25:33.177+0300][1043.156s][36520] GC(24754) Phase 2: Prepare compaction 0.293ms
[2025-05-12T23:25:33.177+0300][1043.156s][36520] GC(24754) Phase 3: Adjust pointers
[2025-05-12T23:25:33.181+0300][1043.161s][36520] GC(24754) Phase 3: Adjust pointers 4.961ms
[2025-05-12T23:25:33.181+0300][1043.161s][36520] GC(24754) Phase 4: Compact heap
[2025-05-12T23:25:33.181+0300][1043.161s][36520] GC(24754) Phase 4: Compact heap 0.160ms
[2025-05-12T23:25:33.181+0300][1043.161s][36520] GC(24754) Phase 5: Reset Metadata
[2025-05-12T23:25:33.184+0300][1043.163s][36520] GC(24754) Phase 5: Reset Metadata 2.147ms
[2025-05-12T23:25:33.185+0300][1043.164s][36520] GC(24754) Running G1 Clear Bitmap with 1 workers for 1 work units.
[2025-05-12T23:25:33.186+0300][1043.165s][36520] GC(24754) Request concurrent cycle initiation (occupancy higher than threshold) occupancy: 11534336B allocation request: 0B threshold: 3702455B (29.42) source: end of Full GC
[2025-05-12T23:25:33.186+0300][1043.165s][36520] Old generation allocation in the last mutator period, old gen allocated: 0B, humongous allocated: 0B, old gen growth: 0B.
[2025-05-12T23:25:33.186+0300][1043.165s][36520] GC(24754) Coarsening (recent): Inline->AoC 0 (0) AoC->Howl 0 (0) Howl->Full 0 (0) Inline->AoC 0 (0) AoC->BitMap 0 (0) BitMap->Full 0 (0) 
[2025-05-12T23:25:33.186+0300][1043.165s][36520] GC(24754) Coarsening (all): Inline->AoC 10920 (0) AoC->Howl 7731 (0) Howl->Full 0 (0) Inline->AoC 10809 (0) AoC->BitMap 7399 (0) BitMap->Full 0 (0) 
[2025-05-12T23:25:33.186+0300][1043.165s][36520] GC(24754) Eden regions: 0->0(1)
[2025-05-12T23:25:33.186+0300][1043.165s][36520] GC(24754) Survivor regions: 0->0(0)
[2025-05-12T23:25:33.186+0300][1043.165s][36520] GC(24754) Old regions: 12->11
[2025-05-12T23:25:33.186+0300][1043.165s][36520] GC(24754) Humongous regions: 0->0
[2025-05-12T23:25:33.186+0300][1043.165s][36520] GC(24754) Metaspace: 10759K(12736K)->10716K(12736K) NonClass: 9683K(11328K)->9652K(11328K) Class: 1076K(1408K)->1064K(1408K)
[2025-05-12T23:25:33.186+0300][1043.165s][36520] GC(24754) Heap after GC invocations=21209 (full 7111):
[2025-05-12T23:25:33.186+0300][1043.165s][36520] GC(24754)  garbage-first heap   total 12288K, used 11171K [0x00000000ff400000, 0x0000000100000000)
[2025-05-12T23:25:33.186+0300][1043.165s][36520] GC(24754)   region size 1024K, 0 young (0K), 0 survivors (0K)
[2025-05-12T23:25:33.186+0300][1043.165s][36520] GC(24754)  Metaspace       used 10716K, committed 12736K, reserved 1114112K
[2025-05-12T23:25:33.186+0300][1043.165s][36520] GC(24754)   class space    used 1064K, committed 1408K, reserved 1048576K
[2025-05-12T23:25:33.186+0300][1043.165s][36520] GC(24754) Pause Full (G1 Compaction Pause) 11M->10M(12M) 21.846ms
[2025-05-12T23:25:33.186+0300][1043.165s][36520] GC(24754) User=0.00s Sys=0.00s Real=0.02s
[2025-05-12T23:25:33.186+0300][1043.165s][9340 ] G1 Service Thread (Card Set Free Memory Task) (run: 23.472ms) (cpu: 0.000ms)
[2025-05-12T23:25:33.203+0300][1043.182s][36520] GC(24755) Initiate concurrent cycle (concurrent cycle initiation requested)
[2025-05-12T23:25:33.203+0300][1043.182s][36520] GC(24755) Pause Young (Concurrent Start) (G1 Evacuation Pause)
[2025-05-12T23:25:33.203+0300][1043.182s][36520] GC(24755) Heap before GC invocations=21209 (full 7111):
[2025-05-12T23:25:33.203+0300][1043.182s][36520] GC(24755)  garbage-first heap   total 12288K, used 12195K [0x00000000ff400000, 0x0000000100000000)
[2025-05-12T23:25:33.203+0300][1043.182s][36520] GC(24755)   region size 1024K, 1 young (1024K), 0 survivors (0K)
[2025-05-12T23:25:33.203+0300][1043.182s][36520] GC(24755)  Metaspace       used 10757K, committed 12736K, reserved 1114112K
[2025-05-12T23:25:33.203+0300][1043.182s][36520] GC(24755)   class space    used 1075K, committed 1408K, reserved 1048576K
[2025-05-12T23:25:33.203+0300][1043.182s][36520] GC(24755) Using 2 workers of 10 for evacuation
[2025-05-12T23:25:33.203+0300][1043.182s][36520] GC(24755) Desired survivor size 524288 bytes, new threshold 15 (max threshold 15)
[2025-05-12T23:25:33.203+0300][1043.182s][36520] GC(24755) TLAB totals: thrds: 1  refills: 319 max: 319 slow allocs: 159 max 159 waste: 22.1% gc: 0B max: 0B slow: 191328B max: 191328B
[2025-05-12T23:25:33.203+0300][1043.182s][36520] GC(24755) Mutator refinement: 0.00ms, refined: 0, precleaned: 0, dirtied: 91
[2025-05-12T23:25:33.203+0300][1043.182s][36520] GC(24755) Concurrent refinement: 0.00ms, refined: 0, precleaned: 0, dirtied: 0
[2025-05-12T23:25:33.203+0300][1043.182s][36520] GC(24755) Total refinement: 0.00ms, refined: 0, precleaned: 0, dirtied: 91
[2025-05-12T23:25:33.203+0300][1043.182s][36520] GC(24755) Generate dirty cards rate: 5.42 cards/ms
[2025-05-12T23:25:33.203+0300][1043.182s][36520] GC(24755) Mutator Allocation stats, regions: 1, wasted size: 1368B ( 0.1%)
[2025-05-12T23:25:33.203+0300][1043.182s][36520] GC(24755) No candidates to reclaim.
[2025-05-12T23:25:33.203+0300][1043.182s][36520] GC(24755) Running G1 Merge Heap Roots using 2 workers for 1 regions
[2025-05-12T23:25:33.203+0300][1043.182s][36520] GC(24755) Visited cards 992 Total dirty 12288 (8.07%) Total old 26624 (3.73%)
[2025-05-12T23:25:33.203+0300][1043.182s][28072] GC(24755) Attempt heap expansion (region allocation request failed). Allocation request: 2064B
[2025-05-12T23:25:33.203+0300][1043.182s][28072] GC(24755) Did not expand the heap (heap already fully expanded)
[2025-05-12T23:25:33.204+0300][1043.182s][36520] GC(24755) ReferenceProcessor::execute queues: 1, RefProcThreadModel::Single, marks_oops_alive: false
[2025-05-12T23:25:33.204+0300][1043.182s][36520] GC(24755) Skipped KeepAliveFinalRefsPhase of Reference Processing: no references
[2025-05-12T23:25:33.204+0300][1043.182s][36520] GC(24755) Skipped PhantomRefsPhase of Reference Processing: no references
[2025-05-12T23:25:33.204+0300][1043.183s][36520] GC(24755) Initializing removing self forwards with 64 chunks per region
[2025-05-12T23:25:33.204+0300][1043.183s][36520] GC(24755) Running G1 Rebuild Free List Task using 2 workers for rebuilding free list of regions
[2025-05-12T23:25:33.204+0300][1043.183s][36520] GC(24755) Young PLAB allocation: allocated: 0B, wasted: 0B, unused: 0B, used: 0B, undo waste: 0B, 
[2025-05-12T23:25:33.204+0300][1043.183s][36520] GC(24755) Young other allocation: region end waste: 0B, regions filled: 0, num plab filled: 2, direct allocated: 0B, num direct allocated: 0, failure used: 0B, failure wasted: 0B
[2025-05-12T23:25:33.204+0300][1043.183s][36520] GC(24755) Young sizing: calculated: 0B, actual: 2064B
[2025-05-12T23:25:33.204+0300][1043.183s][36520] GC(24755) Old PLAB allocation: allocated: 0B, wasted: 0B, unused: 0B, used: 0B, undo waste: 0B, 
[2025-05-12T23:25:33.204+0300][1043.183s][36520] GC(24755) Old other allocation: region end waste: 0B, regions filled: 0, num plab filled: 2, direct allocated: 0B, num direct allocated: 0, failure used: 221112B, failure wasted: 827464B
[2025-05-12T23:25:33.204+0300][1043.183s][36520] GC(24755) Old sizing: calculated: 0B, actual: 2064B
[2025-05-12T23:25:33.204+0300][1043.183s][36520] GC(24755) Heap expansion: short term pause time ratio 41.40% long term pause time ratio 42.27% threshold 7.69% pause time ratio 7.69% fully expanded true resize by 0B
[2025-05-12T23:25:33.204+0300][1043.183s][9340 ] G1 Service Thread (Card Set Free Memory Task) (run 0.010ms after schedule)
[2025-05-12T23:25:33.204+0300][1043.183s][36520] GC(24755) MMU: 5.8ms (200.0ms/201.0ms)
[2025-05-12T23:25:33.204+0300][1043.183s][36520] Old generation allocation in the last mutator period, old gen allocated: 1048576B, humongous allocated: 0B, old gen growth: 1048576B.
[2025-05-12T23:25:33.204+0300][1043.183s][36520] GC(24755) Basic information (value update), threshold: 3560890B (28.30), target occupancy: 12582912B, current occupancy: 12488688B, recent allocation size: 1048576B, recent allocation duration: 16.78ms, recent old gen allocation rate: 62490002.92B/s, recent marking phase length: 120.12ms
[2025-05-12T23:25:33.204+0300][1043.183s][36520] GC(24755) Adaptive IHOP information (value update), threshold: 3560890B (33.29), internal target occupancy: 10695475B, occupancy: 12488688B, additional buffer size: 1048576B, predicted old gen allocation rate: 50429770.77B/s, predicted marking phase length: 120.68ms, prediction active: true
[2025-05-12T23:25:33.204+0300][1043.183s][36520] GC(24755) GC refinement: goal: 18446744073709551615 + 102 / 20.00ms, actual: 91 / 0.04ms, 
[2025-05-12T23:25:33.204+0300][1043.183s][36520] GC(24755) Unchanged pending cards target: 18446744073709551615
[2025-05-12T23:25:33.204+0300][1043.183s][36520] GC(24755)   Pre Evacuate Collection Set: 0.1ms
[2025-05-12T23:25:33.204+0300][1043.183s][36520] GC(24755)     Pre Evacuate Prepare: 0.0ms
[2025-05-12T23:25:33.204+0300][1043.183s][36520] GC(24755)       JT Retire TLABs And Flush Logs (ms): Min:  0.0, Avg:  0.0, Max:  0.0, Diff:  0.0, Sum:  0.0, Workers: 2
[2025-05-12T23:25:33.204+0300][1043.183s][36520] GC(24755)       Non-JT Flush Logs (ms):        Min:  0.0, Avg:  0.0, Max:  0.0, Diff:  0.0, Sum:  0.0, Workers: 1
[2025-05-12T23:25:33.204+0300][1043.183s][36520] GC(24755)     Choose Collection Set: 0.0ms
[2025-05-12T23:25:33.204+0300][1043.183s][36520] GC(24755)     Region Register: 0.0ms
[2025-05-12T23:25:33.204+0300][1043.183s][36520] GC(24755)     Prepare Heap Roots: 0.0ms
[2025-05-12T23:25:33.204+0300][1043.183s][36520] GC(24755)     Reset Marking State (ms):      Min:  0.0, Avg:  0.0, Max:  0.0, Diff:  0.0, Sum:  0.0, Workers: 1
[2025-05-12T23:25:33.204+0300][1043.183s][36520] GC(24755)     Note Start Of Mark (ms):       Min:  0.0, Avg:  0.0, Max:  0.0, Diff:  0.0, Sum:  0.0, Workers: 2
[2025-05-12T23:25:33.204+0300][1043.183s][36520] GC(24755)   Merge Heap Roots: 0.1ms
[2025-05-12T23:25:33.204+0300][1043.183s][36520] GC(24755)     Prepare Merge Heap Roots: 0.0ms
[2025-05-12T23:25:33.204+0300][1043.183s][36520] GC(24755)     Remembered Sets (ms):          Min:  0.0, Avg:  0.0, Max:  0.0, Diff:  0.0, Sum:  0.0, Workers: 2
[2025-05-12T23:25:33.204+0300][1043.183s][36520] GC(24755)       Eager Reclaim (ms):            skipped
[2025-05-12T23:25:33.204+0300][1043.183s][36520] GC(24755)       Merged Inline                  Min: 0, Avg:  0.0, Max: 0, Diff: 0, Sum: 0, Workers: 2
[2025-05-12T23:25:33.204+0300][1043.183s][36520] GC(24755)       Merged ArrayOfCards            Min: 0, Avg:  0.0, Max: 0, Diff: 0, Sum: 0, Workers: 2
[2025-05-12T23:25:33.204+0300][1043.183s][36520] GC(24755)       Merged Howl                    Min: 0, Avg:  0.0, Max: 0, Diff: 0, Sum: 0, Workers: 2
[2025-05-12T23:25:33.204+0300][1043.183s][36520] GC(24755)       Merged Full                    Min: 0, Avg:  0.0, Max: 0, Diff: 0, Sum: 0, Workers: 2
[2025-05-12T23:25:33.204+0300][1043.183s][36520] GC(24755)       Merged Howl Inline             Min: 0, Avg:  0.0, Max: 0, Diff: 0, Sum: 0, Workers: 2
[2025-05-12T23:25:33.204+0300][1043.183s][36520] GC(24755)       Merged Howl ArrayOfCards       Min: 0, Avg:  0.0, Max: 0, Diff: 0, Sum: 0, Workers: 2
[2025-05-12T23:25:33.204+0300][1043.183s][36520] GC(24755)       Merged Howl BitMap             Min: 0, Avg:  0.0, Max: 0, Diff: 0, Sum: 0, Workers: 2
[2025-05-12T23:25:33.204+0300][1043.183s][36520] GC(24755)       Merged Howl Full               Min: 0, Avg:  0.0, Max: 0, Diff: 0, Sum: 0, Workers: 2
[2025-05-12T23:25:33.204+0300][1043.183s][36520] GC(24755)       Merged Cards                   Min: 8, Avg:  8.0, Max: 8, Diff: 0, Sum: 16, Workers: 2
[2025-05-12T23:25:33.204+0300][1043.183s][36520] GC(24755)     Log Buffers (ms):              Min:  0.0, Avg:  0.0, Max:  0.0, Diff:  0.0, Sum:  0.0, Workers: 2
[2025-05-12T23:25:33.205+0300][1043.183s][36520] GC(24755)       Dirty Cards:                   Min: 16, Avg: 45.5, Max: 75, Diff: 59, Sum: 91, Workers: 2
[2025-05-12T23:25:33.205+0300][1043.183s][36520] GC(24755)       Skipped Cards:                 Min: 0, Avg:  0.0, Max: 0, Diff: 0, Sum: 0, Workers: 2
[2025-05-12T23:25:33.205+0300][1043.183s][36520] GC(24755)   Evacuate Collection Set: 0.5ms
[2025-05-12T23:25:33.205+0300][1043.183s][36520] GC(24755)     Ext Root Scanning (ms):        Min:  0.2, Avg:  0.2, Max:  0.2, Diff:  0.0, Sum:  0.4, Workers: 2
[2025-05-12T23:25:33.205+0300][1043.183s][36520] GC(24755)     Scan Heap Roots (ms):          Min:  0.0, Avg:  0.0, Max:  0.0, Diff:  0.0, Sum:  0.1, Workers: 2
[2025-05-12T23:25:33.205+0300][1043.183s][36520] GC(24755)       Scanned Cards:                 Min: 45, Avg: 45.5, Max: 46, Diff: 1, Sum: 91, Workers: 2
[2025-05-12T23:25:33.205+0300][1043.183s][36520] GC(24755)       Scanned Blocks:                Min: 27, Avg: 29.0, Max: 31, Diff: 4, Sum: 58, Workers: 2
[2025-05-12T23:25:33.205+0300][1043.183s][36520] GC(24755)       Claimed Chunks:                Min: 14, Avg: 15.5, Max: 17, Diff: 3, Sum: 31, Workers: 2
[2025-05-12T23:25:33.205+0300][1043.183s][36520] GC(24755)       Found Roots:                   Min: 51, Avg: 58.0, Max: 65, Diff: 14, Sum: 116, Workers: 2
[2025-05-12T23:25:33.205+0300][1043.183s][36520] GC(24755)     Code Root Scan (ms):           Min:  0.0, Avg:  0.0, Max:  0.0, Diff:  0.0, Sum:  0.0, Workers: 2
[2025-05-12T23:25:33.205+0300][1043.183s][36520] GC(24755)     Object Copy (ms):              Min:  0.2, Avg:  0.2, Max:  0.3, Diff:  0.0, Sum:  0.5, Workers: 2
[2025-05-12T23:25:33.205+0300][1043.183s][36520] GC(24755)     Termination (ms):              Min:  0.0, Avg:  0.0, Max:  0.0, Diff:  0.0, Sum:  0.0, Workers: 2
[2025-05-12T23:25:33.205+0300][1043.183s][36520] GC(24755)       Termination Attempts:          Min: 1, Avg:  1.0, Max: 1, Diff: 0, Sum: 2, Workers: 2
[2025-05-12T23:25:33.205+0300][1043.183s][36520] GC(24755)     GC Worker Other (ms):          Min:  0.0, Avg:  0.0, Max:  0.0, Diff:  0.0, Sum:  0.0, Workers: 2
[2025-05-12T23:25:33.205+0300][1043.183s][36520] GC(24755)     GC Worker Total (ms):          Min:  0.5, Avg:  0.5, Max:  0.5, Diff:  0.0, Sum:  1.0, Workers: 2
[2025-05-12T23:25:33.205+0300][1043.183s][36520] GC(24755)   Post Evacuate Collection Set: 0.5ms
[2025-05-12T23:25:33.205+0300][1043.183s][36520] GC(24755)     NMethod List Cleanup: 0.0ms
[2025-05-12T23:25:33.205+0300][1043.183s][36520] GC(24755)     Reference Processing: 0.1ms
[2025-05-12T23:25:33.205+0300][1043.183s][36520] GC(24755)       Notify Soft/WeakReferences: 0.0ms
[2025-05-12T23:25:33.205+0300][1043.183s][36520] GC(24755)         SoftRef (ms):                  Min:  0.0, Avg:  0.0, Max:  0.0, Diff:  0.0, Sum:  0.0, Workers: 1
[2025-05-12T23:25:33.205+0300][1043.183s][36520] GC(24755)         WeakRef (ms):                  Min:  0.0, Avg:  0.0, Max:  0.0, Diff:  0.0, Sum:  0.0, Workers: 1
[2025-05-12T23:25:33.205+0300][1043.183s][36520] GC(24755)         FinalRef (ms):                 Min:  0.0, Avg:  0.0, Max:  0.0, Diff:  0.0, Sum:  0.0, Workers: 1
[2025-05-12T23:25:33.205+0300][1043.183s][36520] GC(24755)         Total (ms):                    Min:  0.0, Avg:  0.0, Max:  0.0, Diff:  0.0, Sum:  0.0, Workers: 1
[2025-05-12T23:25:33.205+0300][1043.183s][36520] GC(24755)       Notify and keep alive finalizable: 0.0ms
[2025-05-12T23:25:33.205+0300][1043.183s][36520] GC(24755)         FinalRef (ms):                 skipped
[2025-05-12T23:25:33.205+0300][1043.183s][36520] GC(24755)       Notify PhantomReferences: 0.0ms
[2025-05-12T23:25:33.205+0300][1043.183s][36520] GC(24755)         PhantomRef (ms):               skipped
[2025-05-12T23:25:33.205+0300][1043.183s][36520] GC(24755)       SoftReference Discovered: 0, Dropped: 0, Processed: 0
[2025-05-12T23:25:33.205+0300][1043.184s][36520] GC(24755)       WeakReference Discovered: 26, Dropped: 3, Processed: 23
[2025-05-12T23:25:33.205+0300][1043.184s][36520] GC(24755)       FinalReference Discovered: 0, Dropped: 0, Processed: 0
[2025-05-12T23:25:33.205+0300][1043.184s][36520] GC(24755)       PhantomReference Discovered: 0, Dropped: 0, Processed: 0
[2025-05-12T23:25:33.205+0300][1043.184s][36520] GC(24755)     Weak Processing: 0.1ms
[2025-05-12T23:25:33.205+0300][1043.184s][36520] GC(24755)       VM Weak                        Min:  0.0, Avg:  0.0, Max:  0.0, Diff:  0.0, Sum:  0.0, Workers: 10
[2025-05-12T23:25:33.205+0300][1043.184s][36520] GC(24755)         Dead                           Min: 0, Avg:  0.0, Max: 0, Diff: 0, Sum: 0, Workers: 10
[2025-05-12T23:25:33.205+0300][1043.184s][36520] GC(24755)         Total                          Min: 0, Avg:  6.6, Max: 66, Diff: 66, Sum: 66, Workers: 10
[2025-05-12T23:25:33.205+0300][1043.184s][36520] GC(24755)       ObjectSynchronizer Weak        Min:  0.0, Avg:  0.0, Max:  0.0, Diff:  0.0, Sum:  0.0, Workers: 10
[2025-05-12T23:25:33.205+0300][1043.184s][36520] GC(24755)         Dead                           Min: 0, Avg:  0.0, Max: 0, Diff: 0, Sum: 0, Workers: 10
[2025-05-12T23:25:33.205+0300][1043.184s][36520] GC(24755)         Total                          Min: 0, Avg:  0.1, Max: 1, Diff: 1, Sum: 1, Workers: 10
[2025-05-12T23:25:33.205+0300][1043.184s][36520] GC(24755)       JVMTI Tag Weak OopStorage      Min:  0.0, Avg:  0.1, Max:  0.1, Diff:  0.1, Sum:  0.6, Workers: 10
[2025-05-12T23:25:33.205+0300][1043.184s][36520] GC(24755)         Dead                           Min: 0, Avg:  0.0, Max: 0, Diff: 0, Sum: 0, Workers: 10
[2025-05-12T23:25:33.205+0300][1043.184s][36520] GC(24755)         Total                          Min: 0, Avg: 6289.8, Max: 7547, Diff: 7547, Sum: 62898, Workers: 10
[2025-05-12T23:25:33.205+0300][1043.184s][36520] GC(24755)       StringTable Weak               Min:  0.0, Avg:  0.0, Max:  0.0, Diff:  0.0, Sum:  0.2, Workers: 10
[2025-05-12T23:25:33.205+0300][1043.184s][36520] GC(24755)         Dead                           Min: 0, Avg:  0.0, Max: 0, Diff: 0, Sum: 0, Workers: 10
[2025-05-12T23:25:33.205+0300][1043.184s][36520] GC(24755)         Total                          Min: 0, Avg: 3952.9, Max: 4672, Diff: 4672, Sum: 39529, Workers: 10
[2025-05-12T23:25:33.205+0300][1043.184s][36520] GC(24755)       ResolvedMethodTable Weak       Min:  0.0, Avg:  0.0, Max:  0.0, Diff:  0.0, Sum:  0.0, Workers: 10
[2025-05-12T23:25:33.205+0300][1043.184s][36520] GC(24755)         Dead                           Min: 0, Avg:  0.0, Max: 0, Diff: 0, Sum: 0, Workers: 10
[2025-05-12T23:25:33.205+0300][1043.184s][36520] GC(24755)         Total                          Min: 0, Avg: 65.8, Max: 128, Diff: 128, Sum: 658, Workers: 10
[2025-05-12T23:25:33.205+0300][1043.184s][36520] GC(24755)       JNI Weak                       Min:  0.0, Avg:  0.0, Max:  0.0, Diff:  0.0, Sum:  0.0, Workers: 10
[2025-05-12T23:25:33.205+0300][1043.184s][36520] GC(24755)         Dead                           Min: 0, Avg:  0.0, Max: 0, Diff: 0, Sum: 0, Workers: 10
[2025-05-12T23:25:33.205+0300][1043.184s][36520] GC(24755)         Total                          Min: 0, Avg:  1.1, Max: 11, Diff: 11, Sum: 11, Workers: 10
[2025-05-12T23:25:33.205+0300][1043.184s][36520] GC(24755)       StringDedup Table Weak         Min:  0.0, Avg:  0.0, Max:  0.0, Diff:  0.0, Sum:  0.0, Workers: 10
[2025-05-12T23:25:33.205+0300][1043.184s][36520] GC(24755)         Dead                           Min: 0, Avg:  0.0, Max: 0, Diff: 0, Sum: 0, Workers: 10
[2025-05-12T23:25:33.205+0300][1043.184s][36520] GC(24755)         Total                          Min: 0, Avg:  0.0, Max: 0, Diff: 0, Sum: 0, Workers: 10
[2025-05-12T23:25:33.205+0300][1043.184s][36520] GC(24755)       StringDedup Requests0 Weak     Min:  0.0, Avg:  0.0, Max:  0.0, Diff:  0.0, Sum:  0.0, Workers: 10
[2025-05-12T23:25:33.205+0300][1043.184s][36520] GC(24755)         Dead                           Min: 0, Avg:  0.0, Max: 0, Diff: 0, Sum: 0, Workers: 10
[2025-05-12T23:25:33.205+0300][1043.184s][36520] GC(24755)         Total                          Min: 0, Avg:  0.0, Max: 0, Diff: 0, Sum: 0, Workers: 10
[2025-05-12T23:25:33.205+0300][1043.184s][36520] GC(24755)       StringDedup Requests1 Weak     Min:  0.0, Avg:  0.0, Max:  0.0, Diff:  0.0, Sum:  0.0, Workers: 10
[2025-05-12T23:25:33.205+0300][1043.184s][36520] GC(24755)         Dead                           Min: 0, Avg:  0.0, Max: 0, Diff: 0, Sum: 0, Workers: 10
[2025-05-12T23:25:33.205+0300][1043.184s][36520] GC(24755)         Total                          Min: 0, Avg:  0.0, Max: 0, Diff: 0, Sum: 0, Workers: 10
[2025-05-12T23:25:33.205+0300][1043.184s][36520] GC(24755)       Weak JFR Old Object Samples    Min:  0.0, Avg:  0.0, Max:  0.0, Diff:  0.0, Sum:  0.0, Workers: 10
[2025-05-12T23:25:33.205+0300][1043.184s][36520] GC(24755)         Dead                           Min: 0, Avg:  0.0, Max: 0, Diff: 0, Sum: 0, Workers: 10
[2025-05-12T23:25:33.205+0300][1043.184s][36520] GC(24755)         Total                          Min: 0, Avg:  0.0, Max: 0, Diff: 0, Sum: 0, Workers: 10
[2025-05-12T23:25:33.205+0300][1043.184s][36520] GC(24755)     Post Evacuate Cleanup 1: 0.1ms
[2025-05-12T23:25:33.205+0300][1043.184s][36520] GC(24755)       Merge Per-Thread State (ms):   Min:  0.0, Avg:  0.0, Max:  0.0, Diff:  0.0, Sum:  0.0, Workers: 1
[2025-05-12T23:25:33.205+0300][1043.184s][36520] GC(24755)         Copied Bytes                   Min: 0, Avg:  0.0, Max: 0, Diff: 0, Sum: 0, Workers: 2
[2025-05-12T23:25:33.205+0300][1043.184s][36520] GC(24755)         LAB Waste                      Min: 0, Avg:  0.0, Max: 0, Diff: 0, Sum: 0, Workers: 2
[2025-05-12T23:25:33.205+0300][1043.184s][36520] GC(24755)         LAB Undo Waste                 Min: 0, Avg:  0.0, Max: 0, Diff: 0, Sum: 0, Workers: 2
[2025-05-12T23:25:33.205+0300][1043.184s][36520] GC(24755)       Clear Logged Cards (ms):       Min:  0.0, Avg:  0.0, Max:  0.0, Diff:  0.0, Sum:  0.0, Workers: 2
[2025-05-12T23:25:33.205+0300][1043.184s][36520] GC(24755)       Recalculate Used Memory (ms):  Min:  0.0, Avg:  0.0, Max:  0.0, Diff:  0.0, Sum:  0.0, Workers: 1
[2025-05-12T23:25:33.205+0300][1043.184s][36520] GC(24755)       Restore Retained Regions (ms): Min:  0.1, Avg:  0.1, Max:  0.1, Diff:  0.0, Sum:  0.1, Workers: 2
[2025-05-12T23:25:33.205+0300][1043.184s][36520] GC(24755)         Evacuation Failure Regions:    Min: 1, Avg:  1.0, Max: 1, Diff: 0, Sum: 1, Workers: 1
[2025-05-12T23:25:33.205+0300][1043.184s][36520] GC(24755)         Remove Self Forwards (ms):     Min:  0.1, Avg:  0.1, Max:  0.1, Diff:  0.0, Sum:  0.1, Workers: 2
[2025-05-12T23:25:33.205+0300][1043.184s][36520] GC(24755)           Forward Chunks:                Min: 27, Avg: 28.5, Max: 30, Diff: 3, Sum: 57, Workers: 2
[2025-05-12T23:25:33.205+0300][1043.184s][36520] GC(24755)           Empty Forward Chunks:          Min: 2, Avg:  3.5, Max: 5, Diff: 3, Sum: 7, Workers: 2
[2025-05-12T23:25:33.205+0300][1043.184s][36520] GC(24755)           Forward Objects:               Min: 2049, Avg: 2131.0, Max: 2213, Diff: 164, Sum: 4262, Workers: 2
[2025-05-12T23:25:33.205+0300][1043.184s][36520] GC(24755)           Forward Bytes:                 Min: 103664, Avg: 110556.0, Max: 117448, Diff: 13784, Sum: 221112, Workers: 2
[2025-05-12T23:25:33.205+0300][1043.184s][36520] GC(24755)     Post Evacuate Cleanup 2: 0.0ms
[2025-05-12T23:25:33.205+0300][1043.184s][36520] GC(24755)       Recalculate Used Memory (ms):  Min:  0.0, Avg:  0.0, Max:  0.0, Diff:  0.0, Sum:  0.0, Workers: 1
[2025-05-12T23:25:33.205+0300][1043.184s][36520] GC(24755)       Restore Preserved Marks (ms):  Min:  0.0, Avg:  0.0, Max:  0.0, Diff:  0.0, Sum:  0.0, Workers: 2
[2025-05-12T23:25:33.205+0300][1043.184s][36520] GC(24755)       Clear Retained Region Bitmaps (ms): skipped
[2025-05-12T23:25:33.205+0300][1043.184s][36520] GC(24755)       Update Derived Pointers (ms):  Min:  0.0, Avg:  0.0, Max:  0.0, Diff:  0.0, Sum:  0.0, Workers: 1
[2025-05-12T23:25:33.205+0300][1043.184s][36520] GC(24755)       Eagerly Reclaim Humongous Objects (ms): skipped
[2025-05-12T23:25:33.205+0300][1043.184s][36520] GC(24755)         Humongous Total                skipped
[2025-05-12T23:25:33.205+0300][1043.184s][36520] GC(24755)         Humongous Candidates           skipped
[2025-05-12T23:25:33.205+0300][1043.184s][36520] GC(24755)         Humongous Reclaimed            skipped
[2025-05-12T23:25:33.205+0300][1043.184s][36520] GC(24755)       Redirty Logged Cards (ms):     Min:  0.0, Avg:  0.0, Max:  0.0, Diff:  0.0, Sum:  0.0, Workers: 2
[2025-05-12T23:25:33.205+0300][1043.184s][36520] GC(24755)         Redirtied Cards:               Min: 0, Avg:  0.0, Max: 0, Diff: 0, Sum: 0, Workers: 2
[2025-05-12T23:25:33.205+0300][1043.184s][36520] GC(24755)       Resize TLABs (ms):             Min:  0.0, Avg:  0.0, Max:  0.0, Diff:  0.0, Sum:  0.0, Workers: 2
[2025-05-12T23:25:33.205+0300][1043.184s][36520] GC(24755)       Free Collection Set (ms):      Min:  0.0, Avg:  0.0, Max:  0.0, Diff:  0.0, Sum:  0.0, Workers: 2
[2025-05-12T23:25:33.205+0300][1043.184s][36520] GC(24755)     Rebuild Free List: 0.1ms
[2025-05-12T23:25:33.205+0300][1043.184s][36520] GC(24755)     Prepare For Mutator: 0.1ms
[2025-05-12T23:25:33.205+0300][1043.184s][36520] GC(24755)     Expand Heap After Collection: 0.0ms
[2025-05-12T23:25:33.205+0300][1043.184s][36520] GC(24755)   Other: 0.2ms
[2025-05-12T23:25:33.205+0300][1043.184s][36520] GC(24755) Coarsening (recent): Inline->AoC 0 (0) AoC->Howl 0 (0) Howl->Full 0 (0) Inline->AoC 0 (0) AoC->BitMap 0 (0) BitMap->Full 0 (0) 
[2025-05-12T23:25:33.205+0300][1043.184s][36520] GC(24755) Coarsening (all): Inline->AoC 10920 (0) AoC->Howl 7731 (0) Howl->Full 0 (0) Inline->AoC 10809 (0) AoC->BitMap 7399 (0) BitMap->Full 0 (0) 
[2025-05-12T23:25:33.205+0300][1043.184s][36520] GC(24755) Eden regions: 1->0(0)
[2025-05-12T23:25:33.205+0300][1043.184s][36520] GC(24755) Survivor regions: 0->0(0)
[2025-05-12T23:25:33.205+0300][1043.184s][36520] GC(24755) Old regions: 11->12
[2025-05-12T23:25:33.205+0300][1043.184s][36520] GC(24755) Humongous regions: 0->0
[2025-05-12T23:25:33.205+0300][1043.184s][36520] GC(24755) Metaspace: 10757K(12736K)->10757K(12736K) NonClass: 9682K(11328K)->9682K(11328K) Class: 1075K(1408K)->1075K(1408K)
[2025-05-12T23:25:33.205+0300][1043.184s][36520] GC(24755) Heap after GC invocations=21210 (full 7111):
[2025-05-12T23:25:33.205+0300][1043.184s][36520] GC(24755)  garbage-first heap   total 12288K, used 12195K [0x00000000ff400000, 0x0000000100000000)
[2025-05-12T23:25:33.205+0300][1043.184s][36520] GC(24755)   region size 1024K, 0 young (0K), 0 survivors (0K)
[2025-05-12T23:25:33.206+0300][1043.184s][36520] GC(24755)  Metaspace       used 10757K, committed 12736K, reserved 1114112K
[2025-05-12T23:25:33.206+0300][1043.184s][36520] GC(24755)   class space    used 1075K, committed 1408K, reserved 1048576K
[2025-05-12T23:25:33.206+0300][1043.184s][36520] GC(24755) Pause Young (Concurrent Start) (G1 Evacuation Pause) (Evacuation Failure) 11M->11M(12M) 2.712ms
[2025-05-12T23:25:33.206+0300][1043.184s][36520] GC(24755) User=0.00s Sys=0.00s Real=0.00s
[2025-05-12T23:25:33.206+0300][1043.184s][34628] GC(24756) Concurrent Mark Cycle
[2025-05-12T23:25:33.206+0300][1043.184s][36520] Attempt heap expansion (allocation request failed). Allocation request: 2048B
[2025-05-12T23:25:33.206+0300][1043.184s][34628] GC(24756) Concurrent Scan Root Regions
[2025-05-12T23:25:33.206+0300][1043.184s][36520] Expand the heap. requested expansion amount: 1048576B expansion amount: 1048576B
[2025-05-12T23:25:33.206+0300][1043.184s][34628] GC(24756) Concurrent Scan Root Regions 0.042ms
[2025-05-12T23:25:33.206+0300][1043.184s][36520] Did not expand the heap (heap already fully expanded)
[2025-05-12T23:25:33.206+0300][1043.184s][34628] GC(24756) Concurrent Mark
[2025-05-12T23:25:33.206+0300][1043.184s][36520] Attempting full compaction
[2025-05-12T23:25:33.206+0300][1043.184s][34628] GC(24756) Concurrent Mark From Roots
[2025-05-12T23:25:33.206+0300][1043.184s][36520] GC(24757) Pause Full (G1 Compaction Pause)
[2025-05-12T23:25:33.206+0300][1043.184s][34628] GC(24756) Using 3 workers of 3 for marking
[2025-05-12T23:25:33.206+0300][1043.185s][36520] GC(24757) Heap before GC invocations=21210 (full 7111):
[2025-05-12T23:25:33.206+0300][1043.185s][36520] GC(24757)  garbage-first heap   total 12288K, used 12195K [0x00000000ff400000, 0x0000000100000000)
[2025-05-12T23:25:33.206+0300][1043.185s][36520] GC(24757)   region size 1024K, 0 young (0K), 0 survivors (0K)
[2025-05-12T23:25:33.206+0300][1043.185s][36520] GC(24757)  Metaspace       used 10757K, committed 12736K, reserved 1114112K
[2025-05-12T23:25:33.206+0300][1043.185s][36520] GC(24757)   class space    used 1075K, committed 1408K, reserved 1048576K
[2025-05-12T23:25:33.206+0300][1043.185s][36520] GC(24757) Requesting 1 active workers for full compaction (waste limited workers: 1, adaptive workers: 2, used limited workers: 12)
[2025-05-12T23:25:33.206+0300][1043.185s][36520] GC(24757) Using 1 workers of 10 for full compaction
[2025-05-12T23:25:33.206+0300][1043.185s][36520] GC(24757) Clear Bitmap
[2025-05-12T23:25:33.206+0300][1043.185s][36520] GC(24757) Running G1 Clear Bitmap with 1 workers for 1 work units.
[2025-05-12T23:25:33.206+0300][1043.185s][36520] GC(24757) Clear Bitmap 0.047ms
[2025-05-12T23:25:33.206+0300][1043.185s][36520] GC(24757) Mutator Allocation stats, regions: 0, wasted size: 0B ( 0.0%)
[2025-05-12T23:25:33.206+0300][1043.185s][36520] GC(24757) Phase 1: Mark live objects
[2025-05-12T23:25:33.214+0300][1043.193s][36520] GC(24757) Phase 1: Reference Processing
[2025-05-12T23:25:33.214+0300][1043.193s][36520] GC(24757) ReferenceProcessor::execute queues: 1, RefProcThreadModel::Single, marks_oops_alive: false
[2025-05-12T23:25:33.214+0300][1043.193s][36520] GC(24757) Skipped KeepAliveFinalRefsPhase of Reference Processing: no references
[2025-05-12T23:25:33.214+0300][1043.193s][36520] GC(24757) ReferenceProcessor::execute queues: 1, RefProcThreadModel::Single, marks_oops_alive: false
[2025-05-12T23:25:33.214+0300][1043.193s][36520] GC(24757) Reference Processing: 0.1ms
[2025-05-12T23:25:33.214+0300][1043.193s][36520] GC(24757)   Notify Soft/WeakReferences: 0.0ms
[2025-05-12T23:25:33.214+0300][1043.193s][36520] GC(24757)     SoftRef: 0.0ms
[2025-05-12T23:25:33.214+0300][1043.193s][36520] GC(24757)     WeakRef: 0.0ms
[2025-05-12T23:25:33.214+0300][1043.193s][36520] GC(24757)     FinalRef: 0.0ms
[2025-05-12T23:25:33.214+0300][1043.193s][36520] GC(24757)     Total: 0.0ms
[2025-05-12T23:25:33.214+0300][1043.193s][36520] GC(24757)   Notify and keep alive finalizable: 0.0ms
[2025-05-12T23:25:33.214+0300][1043.193s][36520] GC(24757)     FinalRef: skipped
[2025-05-12T23:25:33.214+0300][1043.193s][36520] GC(24757)   Notify PhantomReferences: 0.0ms
[2025-05-12T23:25:33.214+0300][1043.193s][36520] GC(24757)     PhantomRef: 0.0ms
[2025-05-12T23:25:33.214+0300][1043.193s][36520] GC(24757)   SoftReference Discovered: 47, Dropped: 4, Processed: 43
[2025-05-12T23:25:33.214+0300][1043.193s][36520] GC(24757)   WeakReference Discovered: 32, Dropped: 13, Processed: 19
[2025-05-12T23:25:33.214+0300][1043.193s][36520] GC(24757)   FinalReference Discovered: 0, Dropped: 0, Processed: 0
[2025-05-12T23:25:33.214+0300][1043.193s][36520] GC(24757)   PhantomReference Discovered: 23, Dropped: 23, Processed: 0
[2025-05-12T23:25:33.214+0300][1043.193s][36520] GC(24757) Phase 1: Reference Processing 0.220ms
[2025-05-12T23:25:33.214+0300][1043.193s][36520] GC(24757) Phase 1: Weak Processing
[2025-05-12T23:25:33.214+0300][1043.193s][36520] GC(24757)   VM Weak                        Min:  0.0, Avg:  0.0, Max:  0.0, Diff:  0.0, Sum:  0.0, Workers: 10
[2025-05-12T23:25:33.214+0300][1043.193s][36520] GC(24757)     Dead                           Min: 0, Avg:  1.8, Max: 18, Diff: 18, Sum: 18, Workers: 10
[2025-05-12T23:25:33.214+0300][1043.193s][36520] GC(24757)     Total                          Min: 0, Avg:  6.6, Max: 58, Diff: 58, Sum: 66, Workers: 10
[2025-05-12T23:25:33.214+0300][1043.193s][36520] GC(24757)   ObjectSynchronizer Weak        Min:  0.0, Avg:  0.0, Max:  0.0, Diff:  0.0, Sum:  0.0, Workers: 10
[2025-05-12T23:25:33.214+0300][1043.193s][36520] GC(24757)     Dead                           Min: 0, Avg:  0.0, Max: 0, Diff: 0, Sum: 0, Workers: 10
[2025-05-12T23:25:33.214+0300][1043.193s][36520] GC(24757)     Total                          Min: 0, Avg:  0.1, Max: 1, Diff: 1, Sum: 1, Workers: 10
[2025-05-12T23:25:33.214+0300][1043.193s][36520] GC(24757)   JVMTI Tag Weak OopStorage      Min:  0.1, Avg:  0.1, Max:  0.1, Diff:  0.0, Sum:  0.6, Workers: 10
[2025-05-12T23:25:33.214+0300][1043.193s][36520] GC(24757)     Dead                           Min: 0, Avg:  1.8, Max: 18, Diff: 18, Sum: 18, Workers: 10
[2025-05-12T23:25:33.214+0300][1043.193s][36520] GC(24757)     Total                          Min: 5999, Avg: 6289.8, Max: 6610, Diff: 611, Sum: 62898, Workers: 10
[2025-05-12T23:25:33.214+0300][1043.193s][36520] GC(24757)   StringTable Weak               Min:  0.0, Avg:  0.0, Max:  0.0, Diff:  0.0, Sum:  0.2, Workers: 10
[2025-05-12T23:25:33.214+0300][1043.193s][36520] GC(24757)     Dead                           Min: 1, Avg:  6.8, Max: 27, Diff: 26, Sum: 68, Workers: 10
[2025-05-12T23:25:33.214+0300][1043.193s][36520] GC(24757)     Total                          Min: 3456, Avg: 3952.9, Max: 4349, Diff: 893, Sum: 39529, Workers: 10
[2025-05-12T23:25:33.214+0300][1043.193s][36520] GC(24757)   ResolvedMethodTable Weak       Min:  0.0, Avg:  0.0, Max:  0.0, Diff:  0.0, Sum:  0.0, Workers: 10
[2025-05-12T23:25:33.214+0300][1043.193s][36520] GC(24757)     Dead                           Min: 0, Avg:  3.5, Max: 15, Diff: 15, Sum: 35, Workers: 10
[2025-05-12T23:25:33.214+0300][1043.193s][36520] GC(24757)     Total                          Min: 0, Avg: 65.8, Max: 128, Diff: 128, Sum: 658, Workers: 10
[2025-05-12T23:25:33.214+0300][1043.193s][36520] GC(24757)   JNI Weak                       Min:  0.0, Avg:  0.0, Max:  0.0, Diff:  0.0, Sum:  0.0, Workers: 10
[2025-05-12T23:25:33.214+0300][1043.194s][36520] GC(24757)     Dead                           Min: 0, Avg:  0.0, Max: 0, Diff: 0, Sum: 0, Workers: 10
[2025-05-12T23:25:33.214+0300][1043.194s][36520] GC(24757)     Total                          Min: 0, Avg:  1.1, Max: 11, Diff: 11, Sum: 11, Workers: 10
[2025-05-12T23:25:33.214+0300][1043.194s][36520] GC(24757)   StringDedup Table Weak         Min:  0.0, Avg:  0.0, Max:  0.0, Diff:  0.0, Sum:  0.0, Workers: 10
[2025-05-12T23:25:33.214+0300][1043.194s][36520] GC(24757)     Dead                           Min: 0, Avg:  0.0, Max: 0, Diff: 0, Sum: 0, Workers: 10
[2025-05-12T23:25:33.214+0300][1043.194s][36520] GC(24757)     Total                          Min: 0, Avg:  0.0, Max: 0, Diff: 0, Sum: 0, Workers: 10
[2025-05-12T23:25:33.214+0300][1043.194s][36520] GC(24757)   StringDedup Requests0 Weak     Min:  0.0, Avg:  0.0, Max:  0.0, Diff:  0.0, Sum:  0.0, Workers: 10
[2025-05-12T23:25:33.214+0300][1043.194s][36520] GC(24757)     Dead                           Min: 0, Avg:  0.0, Max: 0, Diff: 0, Sum: 0, Workers: 10
[2025-05-12T23:25:33.214+0300][1043.194s][36520] GC(24757)     Total                          Min: 0, Avg:  0.0, Max: 0, Diff: 0, Sum: 0, Workers: 10
[2025-05-12T23:25:33.214+0300][1043.194s][36520] GC(24757)   StringDedup Requests1 Weak     Min:  0.0, Avg:  0.0, Max:  0.0, Diff:  0.0, Sum:  0.0, Workers: 10
[2025-05-12T23:25:33.214+0300][1043.194s][36520] GC(24757)     Dead                           Min: 0, Avg:  0.0, Max: 0, Diff: 0, Sum: 0, Workers: 10
[2025-05-12T23:25:33.214+0300][1043.194s][36520] GC(24757)     Total                          Min: 0, Avg:  0.0, Max: 0, Diff: 0, Sum: 0, Workers: 10
[2025-05-12T23:25:33.214+0300][1043.194s][36520] GC(24757)   Weak JFR Old Object Samples    Min:  0.0, Avg:  0.0, Max:  0.0, Diff:  0.0, Sum:  0.0, Workers: 10
[2025-05-12T23:25:33.214+0300][1043.194s][36520] GC(24757)     Dead                           Min: 0, Avg:  0.0, Max: 0, Diff: 0, Sum: 0, Workers: 10
[2025-05-12T23:25:33.214+0300][1043.194s][36520] GC(24757)     Total                          Min: 0, Avg:  0.0, Max: 0, Diff: 0, Sum: 0, Workers: 10
[2025-05-12T23:25:33.214+0300][1043.194s][36520] GC(24757) Phase 1: Weak Processing 0.474ms
[2025-05-12T23:25:33.214+0300][1043.194s][36520] GC(24757) Phase 1: Class Unloading and Cleanup
[2025-05-12T23:25:33.214+0300][1043.194s][36520] GC(24757) ClassLoaderData
[2025-05-12T23:25:33.215+0300][1043.194s][36520] GC(24757) ClassLoaderData 0.073ms
[2025-05-12T23:25:33.215+0300][1043.194s][36520] GC(24757) Trigger cleanups
[2025-05-12T23:25:33.215+0300][1043.194s][36520] GC(24757) Trigger cleanups 0.009ms
[2025-05-12T23:25:33.218+0300][1043.198s][36520] GC(24757) Phase 1: Class Unloading and Cleanup 3.857ms
[2025-05-12T23:25:33.218+0300][1043.198s][36520] GC(24757) Report Object Count
[2025-05-12T23:25:33.218+0300][1043.198s][36520] GC(24757) Report Object Count 0.011ms
[2025-05-12T23:25:33.218+0300][1043.198s][36520] GC(24757) Phase 1: Mark live objects 12.888ms
[2025-05-12T23:25:33.218+0300][1043.198s][36520] GC(24757) Phase 2: Prepare compaction
[2025-05-12T23:25:33.218+0300][1043.198s][36520] GC(24757) Phase 2: Determine work lists
[2025-05-12T23:25:33.218+0300][1043.198s][36520] GC(24757) Phase 2: Determine work lists 0.010ms
[2025-05-12T23:25:33.218+0300][1043.198s][36520] GC(24757) Phase 2: Prepare parallel compaction
[2025-05-12T23:25:33.219+0300][1043.198s][36520] GC(24757) Phase 2: Prepare parallel compaction 0.200ms
[2025-05-12T23:25:33.219+0300][1043.198s][36520] GC(24757) Phase 2: Prepare compaction 0.259ms
[2025-05-12T23:25:33.219+0300][1043.198s][36520] GC(24757) Phase 3: Adjust pointers
[2025-05-12T23:25:33.223+0300][1043.202s][36520] GC(24757) Phase 3: Adjust pointers 4.183ms
[2025-05-12T23:25:33.223+0300][1043.202s][36520] GC(24757) Phase 4: Compact heap
[2025-05-12T23:25:33.224+0300][1043.202s][36520] GC(24757) Phase 4: Compact heap 0.235ms
[2025-05-12T23:25:33.224+0300][1043.202s][36520] GC(24757) Phase 5: Reset Metadata
[2025-05-12T23:25:33.225+0300][1043.204s][36520] GC(24757) Phase 5: Reset Metadata 1.365ms
[2025-05-12T23:25:33.225+0300][1043.204s][36520] GC(24757) Running G1 Clear Bitmap with 1 workers for 1 work units.
[2025-05-12T23:25:33.227+0300][1043.206s][36520] Old generation allocation in the last mutator period, old gen allocated: 0B, humongous allocated: 0B, old gen growth: 0B.
[2025-05-12T23:25:33.227+0300][1043.206s][36520] GC(24757) Coarsening (recent): Inline->AoC 0 (0) AoC->Howl 0 (0) Howl->Full 0 (0) Inline->AoC 0 (0) AoC->BitMap 0 (0) BitMap->Full 0 (0) 
[2025-05-12T23:25:33.227+0300][1043.206s][36520] GC(24757) Coarsening (all): Inline->AoC 10920 (0) AoC->Howl 7731 (0) Howl->Full 0 (0) Inline->AoC 10809 (0) AoC->BitMap 7399 (0) BitMap->Full 0 (0) 
[2025-05-12T23:25:33.227+0300][1043.206s][36520] GC(24757) Eden regions: 0->0(1)
[2025-05-12T23:25:33.227+0300][1043.206s][36520] GC(24757) Survivor regions: 0->0(0)
[2025-05-12T23:25:33.227+0300][1043.206s][36520] GC(24757) Old regions: 12->11
[2025-05-12T23:25:33.227+0300][1043.206s][36520] GC(24757) Humongous regions: 0->0
[2025-05-12T23:25:33.227+0300][1043.206s][36520] GC(24757) Metaspace: 10757K(12736K)->10722K(12736K) NonClass: 9682K(11328K)->9656K(11328K) Class: 1075K(1408K)->1066K(1408K)
[2025-05-12T23:25:33.227+0300][1043.206s][36520] GC(24757) Heap after GC invocations=21211 (full 7112):
[2025-05-12T23:25:33.227+0300][1043.206s][36520] GC(24757)  garbage-first heap   total 12288K, used 11257K [0x00000000ff400000, 0x0000000100000000)
[2025-05-12T23:25:33.227+0300][1043.206s][36520] GC(24757)   region size 1024K, 0 young (0K), 0 survivors (0K)
[2025-05-12T23:25:33.227+0300][1043.206s][36520] GC(24757)  Metaspace       used 10722K, committed 12736K, reserved 1114112K
[2025-05-12T23:25:33.227+0300][1043.206s][36520] GC(24757)   class space    used 1066K, committed 1408K, reserved 1048576K
[2025-05-12T23:25:33.227+0300][1043.206s][36520] GC(24757) Pause Full (G1 Compaction Pause) 11M->10M(12M) 21.561ms
[2025-05-12T23:25:33.227+0300][1043.206s][36520] GC(24757) User=0.00s Sys=0.00s Real=0.02s
[2025-05-12T23:25:33.227+0300][1043.206s][34628] ---------------------------------------------------------------------
[2025-05-12T23:25:33.227+0300][1043.206s][9340 ] G1 Service Thread (Card Set Free Memory Task) (run: 23.249ms) (cpu: 0.000ms)
[2025-05-12T23:25:33.227+0300][1043.206s][34628] Marking Stats, task = 0, calls = 0
[2025-05-12T23:25:33.227+0300][1043.206s][34628]   Elapsed time = 0.00ms, Termination time = 0.00ms
[2025-05-12T23:25:33.227+0300][1043.206s][34628]   Step Times (cum): num = 5369, avg = 0.16ms, sd = 1.55ms max = 16.00ms, total = 833.00ms
[2025-05-12T23:25:33.228+0300][1043.206s][34628]   Mark Stats Cache: hits 2114 misses 0 ratio 100.000
[2025-05-12T23:25:33.228+0300][1043.206s][34628] ---------------------------------------------------------------------
[2025-05-12T23:25:33.228+0300][1043.206s][34628] Marking Stats, task = 1, calls = 0
[2025-05-12T23:25:33.228+0300][1043.206s][34628]   Elapsed time = 0.00ms, Termination time = 0.00ms
[2025-05-12T23:25:33.228+0300][1043.206s][34628]   Step Times (cum): num = 13793, avg = 0.02ms, sd = 0.58ms max = 16.00ms, total = 296.00ms
[2025-05-12T23:25:33.228+0300][1043.206s][34628]   Mark Stats Cache: hits 5364 misses 0 ratio 100.000
[2025-05-12T23:25:33.228+0300][1043.206s][34628] ---------------------------------------------------------------------
[2025-05-12T23:25:33.228+0300][1043.206s][34628] Marking Stats, task = 2, calls = 0
[2025-05-12T23:25:33.228+0300][1043.206s][34628]   Elapsed time = 0.00ms, Termination time = 0.00ms
[2025-05-12T23:25:33.228+0300][1043.206s][34628]   Step Times (cum): num = 13231, avg = 0.02ms, sd = 0.61ms max = 16.00ms, total = 313.00ms
[2025-05-12T23:25:33.228+0300][1043.206s][34628]   Mark Stats Cache: hits 0 misses 0 ratio 0.000
[2025-05-12T23:25:33.228+0300][1043.206s][34628] ---------------------------------------------------------------------
[2025-05-12T23:25:33.228+0300][1043.206s][34628] GC(24756) Concurrent Mark From Roots 21.944ms
[2025-05-12T23:25:33.228+0300][1043.206s][34628] GC(24756) Concurrent Mark Abort
[2025-05-12T23:25:33.228+0300][1043.206s][34628] GC(24756) Concurrent Mark Cycle 22.131ms
[2025-05-12T23:25:33.254+0300][1043.233s][36520] GC(24758) Pause Young (Normal) (G1 Evacuation Pause)
[2025-05-12T23:25:33.254+0300][1043.234s][36520] GC(24758) Heap before GC invocations=21211 (full 7112):
[2025-05-12T23:25:33.254+0300][1043.234s][36520] GC(24758)  garbage-first heap   total 12288K, used 12281K [0x00000000ff400000, 0x0000000100000000)
[2025-05-12T23:25:33.254+0300][1043.234s][36520] GC(24758)   region size 1024K, 1 young (1024K), 0 survivors (0K)
[2025-05-12T23:25:33.255+0300][1043.234s][36520] GC(24758)  Metaspace       used 10759K, committed 12736K, reserved 1114112K
[2025-05-12T23:25:33.255+0300][1043.234s][36520] GC(24758)   class space    used 1076K, committed 1408K, reserved 1048576K
[2025-05-12T23:25:33.255+0300][1043.234s][36520] GC(24758) Using 2 workers of 10 for evacuation
[2025-05-12T23:25:33.255+0300][1043.234s][36520] GC(24758) Desired survivor size 524288 bytes, new threshold 15 (max threshold 15)
[2025-05-12T23:25:33.255+0300][1043.234s][36520] GC(24758) TLAB totals: thrds: 2  refills: 316 max: 315 slow allocs: 151 max 151 waste: 22.3% gc: 2144B max: 2144B slow: 188328B max: 188328B
[2025-05-12T23:25:33.255+0300][1043.234s][36520] GC(24758) Mutator refinement: 0.00ms, refined: 0, precleaned: 0, dirtied: 102
[2025-05-12T23:25:33.255+0300][1043.234s][36520] GC(24758) Concurrent refinement: 0.00ms, refined: 0, precleaned: 0, dirtied: 0
[2025-05-12T23:25:33.255+0300][1043.234s][36520] GC(24758) Total refinement: 0.00ms, refined: 0, precleaned: 0, dirtied: 102
[2025-05-12T23:25:33.255+0300][1043.234s][36520] GC(24758) Generate dirty cards rate: 3.66 cards/ms
[2025-05-12T23:25:33.255+0300][1043.234s][36520] GC(24758) Mutator Allocation stats, regions: 1, wasted size: 2008B ( 0.2%)
[2025-05-12T23:25:33.255+0300][1043.234s][36520] GC(24758) No candidates to reclaim.
[2025-05-12T23:25:33.255+0300][1043.234s][36520] GC(24758) Running G1 Merge Heap Roots using 2 workers for 1 regions
[2025-05-12T23:25:33.255+0300][1043.234s][36520] GC(24758) Visited cards 1120 Total dirty 12288 (9.11%) Total old 26624 (4.21%)
[2025-05-12T23:25:33.255+0300][1043.234s][23404] GC(24758) Attempt heap expansion (region allocation request failed). Allocation request: 2064B
[2025-05-12T23:25:33.255+0300][1043.234s][23404] GC(24758) Did not expand the heap (heap already fully expanded)
[2025-05-12T23:25:33.255+0300][1043.234s][36520] GC(24758) ReferenceProcessor::execute queues: 1, RefProcThreadModel::Single, marks_oops_alive: false
[2025-05-12T23:25:33.255+0300][1043.234s][36520] GC(24758) Skipped KeepAliveFinalRefsPhase of Reference Processing: no references
[2025-05-12T23:25:33.255+0300][1043.234s][36520] GC(24758) Skipped PhantomRefsPhase of Reference Processing: no references
[2025-05-12T23:25:33.255+0300][1043.234s][36520] GC(24758) Initializing removing self forwards with 64 chunks per region
[2025-05-12T23:25:33.255+0300][1043.235s][36520] GC(24758) Running G1 Rebuild Free List Task using 2 workers for rebuilding free list of regions
[2025-05-12T23:25:33.255+0300][1043.235s][36520] GC(24758) Young PLAB allocation: allocated: 0B, wasted: 0B, unused: 0B, used: 0B, undo waste: 0B, 
[2025-05-12T23:25:33.255+0300][1043.235s][36520] GC(24758) Young other allocation: region end waste: 0B, regions filled: 0, num plab filled: 2, direct allocated: 0B, num direct allocated: 0, failure used: 0B, failure wasted: 0B
[2025-05-12T23:25:33.256+0300][1043.235s][36520] GC(24758) Young sizing: calculated: 0B, actual: 2064B
[2025-05-12T23:25:33.256+0300][1043.235s][36520] GC(24758) Old PLAB allocation: allocated: 0B, wasted: 0B, unused: 0B, used: 0B, undo waste: 0B, 
[2025-05-12T23:25:33.256+0300][1043.235s][36520] GC(24758) Old other allocation: region end waste: 0B, regions filled: 0, num plab filled: 2, direct allocated: 0B, num direct allocated: 0, failure used: 185824B, failure wasted: 862752B
[2025-05-12T23:25:33.256+0300][1043.235s][36520] GC(24758) Old sizing: calculated: 0B, actual: 2064B
[2025-05-12T23:25:33.256+0300][1043.235s][36520] GC(24758) Heap expansion: short term pause time ratio 51.66% long term pause time ratio 43.47% threshold 7.69% pause time ratio 7.69% fully expanded true resize by 0B
[2025-05-12T23:25:33.256+0300][1043.235s][9340 ] G1 Service Thread (Card Set Free Memory Task) (run 0.009ms after schedule)
[2025-05-12T23:25:33.256+0300][1043.235s][36520] GC(24758) Request concurrent cycle initiation (occupancy higher than threshold) occupancy: 12582912B allocation request: 0B threshold: 3560890B (28.30) source: end of GC
[2025-05-12T23:25:33.256+0300][1043.235s][36520] GC(24758) MMU: 6.0ms (200.0ms/201.0ms)
[2025-05-12T23:25:33.256+0300][1043.235s][36520] Old generation allocation in the last mutator period, old gen allocated: 1048576B, humongous allocated: 0B, old gen growth: 1048576B.
[2025-05-12T23:25:33.256+0300][1043.235s][36520] GC(24758) Basic information (value update), threshold: 3614605B (28.73), target occupancy: 12582912B, current occupancy: 12576648B, recent allocation size: 1048576B, recent allocation duration: 27.86ms, recent old gen allocation rate: 37639626.25B/s, recent marking phase length: 120.12ms
[2025-05-12T23:25:33.256+0300][1043.235s][36520] GC(24758) Adaptive IHOP information (value update), threshold: 3614605B (33.80), internal target occupancy: 10695475B, occupancy: 12576648B, additional buffer size: 1048576B, predicted old gen allocation rate: 49984680.26B/s, predicted marking phase length: 120.68ms, prediction active: true
[2025-05-12T23:25:33.256+0300][1043.235s][36520] GC(24758) GC refinement: goal: 18446744073709551615 + 102 / 20.00ms, actual: 102 / 0.04ms, 
[2025-05-12T23:25:33.256+0300][1043.235s][36520] GC(24758) Unchanged pending cards target: 18446744073709551615
[2025-05-12T23:25:33.256+0300][1043.235s][36520] GC(24758)   Pre Evacuate Collection Set: 0.1ms
[2025-05-12T23:25:33.256+0300][1043.235s][36520] GC(24758)     Pre Evacuate Prepare: 0.0ms
[2025-05-12T23:25:33.256+0300][1043.235s][36520] GC(24758)       JT Retire TLABs And Flush Logs (ms): Min:  0.0, Avg:  0.0, Max:  0.0, Diff:  0.0, Sum:  0.0, Workers: 2
[2025-05-12T23:25:33.256+0300][1043.235s][36520] GC(24758)       Non-JT Flush Logs (ms):        Min:  0.0, Avg:  0.0, Max:  0.0, Diff:  0.0, Sum:  0.0, Workers: 1
[2025-05-12T23:25:33.256+0300][1043.235s][36520] GC(24758)     Choose Collection Set: 0.0ms
[2025-05-12T23:25:33.256+0300][1043.235s][36520] GC(24758)     Region Register: 0.0ms
[2025-05-12T23:25:33.256+0300][1043.235s][36520] GC(24758)     Prepare Heap Roots: 0.0ms
[2025-05-12T23:25:33.256+0300][1043.235s][36520] GC(24758)   Merge Heap Roots: 0.0ms
[2025-05-12T23:25:33.256+0300][1043.235s][36520] GC(24758)     Prepare Merge Heap Roots: 0.0ms
[2025-05-12T23:25:33.256+0300][1043.235s][36520] GC(24758)     Remembered Sets (ms):          Min:  0.0, Avg:  0.0, Max:  0.0, Diff:  0.0, Sum:  0.0, Workers: 2
[2025-05-12T23:25:33.256+0300][1043.235s][36520] GC(24758)       Eager Reclaim (ms):            skipped
[2025-05-12T23:25:33.256+0300][1043.235s][36520] GC(24758)       Merged Inline                  Min: 0, Avg:  0.0, Max: 0, Diff: 0, Sum: 0, Workers: 2
[2025-05-12T23:25:33.256+0300][1043.235s][36520] GC(24758)       Merged ArrayOfCards            Min: 0, Avg:  0.0, Max: 0, Diff: 0, Sum: 0, Workers: 2
[2025-05-12T23:25:33.256+0300][1043.235s][36520] GC(24758)       Merged Howl                    Min: 0, Avg:  0.0, Max: 0, Diff: 0, Sum: 0, Workers: 2
[2025-05-12T23:25:33.256+0300][1043.235s][36520] GC(24758)       Merged Full                    Min: 0, Avg:  0.0, Max: 0, Diff: 0, Sum: 0, Workers: 2
[2025-05-12T23:25:33.256+0300][1043.235s][36520] GC(24758)       Merged Howl Inline             Min: 0, Avg:  0.0, Max: 0, Diff: 0, Sum: 0, Workers: 2
[2025-05-12T23:25:33.256+0300][1043.235s][36520] GC(24758)       Merged Howl ArrayOfCards       Min: 0, Avg:  0.0, Max: 0, Diff: 0, Sum: 0, Workers: 2
[2025-05-12T23:25:33.256+0300][1043.235s][36520] GC(24758)       Merged Howl BitMap             Min: 0, Avg:  0.0, Max: 0, Diff: 0, Sum: 0, Workers: 2
[2025-05-12T23:25:33.256+0300][1043.235s][36520] GC(24758)       Merged Howl Full               Min: 0, Avg:  0.0, Max: 0, Diff: 0, Sum: 0, Workers: 2
[2025-05-12T23:25:33.256+0300][1043.235s][36520] GC(24758)       Merged Cards                   Min: 8, Avg:  8.0, Max: 8, Diff: 0, Sum: 16, Workers: 2
[2025-05-12T23:25:33.256+0300][1043.235s][36520] GC(24758)     Log Buffers (ms):              Min:  0.0, Avg:  0.0, Max:  0.0, Diff:  0.0, Sum:  0.0, Workers: 2
[2025-05-12T23:25:33.256+0300][1043.235s][36520] GC(24758)       Dirty Cards:                   Min: 0, Avg: 51.0, Max: 102, Diff: 102, Sum: 102, Workers: 2
[2025-05-12T23:25:33.256+0300][1043.235s][36520] GC(24758)       Skipped Cards:                 Min: 0, Avg:  0.0, Max: 0, Diff: 0, Sum: 0, Workers: 2
[2025-05-12T23:25:33.256+0300][1043.235s][36520] GC(24758)   Evacuate Collection Set: 0.3ms
[2025-05-12T23:25:33.256+0300][1043.236s][36520] GC(24758)     Ext Root Scanning (ms):        Min:  0.1, Avg:  0.1, Max:  0.1, Diff:  0.0, Sum:  0.2, Workers: 2
[2025-05-12T23:25:33.256+0300][1043.236s][36520] GC(24758)     Scan Heap Roots (ms):          Min:  0.0, Avg:  0.0, Max:  0.1, Diff:  0.0, Sum:  0.1, Workers: 2
[2025-05-12T23:25:33.256+0300][1043.236s][36520] GC(24758)       Scanned Cards:                 Min: 34, Avg: 51.0, Max: 68, Diff: 34, Sum: 102, Workers: 2
[2025-05-12T23:25:33.257+0300][1043.236s][36520] GC(24758)       Scanned Blocks:                Min: 27, Avg: 35.5, Max: 44, Diff: 17, Sum: 71, Workers: 2
[2025-05-12T23:25:33.257+0300][1043.236s][36520] GC(24758)       Claimed Chunks:                Min: 14, Avg: 17.5, Max: 21, Diff: 7, Sum: 35, Workers: 2
[2025-05-12T23:25:33.257+0300][1043.236s][36520] GC(24758)       Found Roots:                   Min: 37, Avg: 50.0, Max: 63, Diff: 26, Sum: 100, Workers: 2
[2025-05-12T23:25:33.257+0300][1043.236s][36520] GC(24758)     Code Root Scan (ms):           Min:  0.0, Avg:  0.0, Max:  0.0, Diff:  0.0, Sum:  0.0, Workers: 2
[2025-05-12T23:25:33.257+0300][1043.236s][36520] GC(24758)     Object Copy (ms):              Min:  0.1, Avg:  0.2, Max:  0.2, Diff:  0.0, Sum:  0.3, Workers: 2
[2025-05-12T23:25:33.257+0300][1043.236s][36520] GC(24758)     Termination (ms):              Min:  0.0, Avg:  0.0, Max:  0.0, Diff:  0.0, Sum:  0.0, Workers: 2
[2025-05-12T23:25:33.257+0300][1043.236s][36520] GC(24758)       Termination Attempts:          Min: 1, Avg:  1.0, Max: 1, Diff: 0, Sum: 2, Workers: 2
[2025-05-12T23:25:33.257+0300][1043.236s][36520] GC(24758)     GC Worker Other (ms):          Min:  0.0, Avg:  0.0, Max:  0.0, Diff:  0.0, Sum:  0.0, Workers: 2
[2025-05-12T23:25:33.257+0300][1043.236s][36520] GC(24758)     GC Worker Total (ms):          Min:  0.3, Avg:  0.3, Max:  0.3, Diff:  0.0, Sum:  0.6, Workers: 2
[2025-05-12T23:25:33.257+0300][1043.236s][36520] GC(24758)   Post Evacuate Collection Set: 0.5ms
[2025-05-12T23:25:33.257+0300][1043.236s][36520] GC(24758)     NMethod List Cleanup: 0.0ms
[2025-05-12T23:25:33.257+0300][1043.236s][36520] GC(24758)     Reference Processing: 0.1ms
[2025-05-12T23:25:33.257+0300][1043.236s][36520] GC(24758)       Notify Soft/WeakReferences: 0.0ms
[2025-05-12T23:25:33.257+0300][1043.236s][36520] GC(24758)         SoftRef (ms):                  Min:  0.0, Avg:  0.0, Max:  0.0, Diff:  0.0, Sum:  0.0, Workers: 1
[2025-05-12T23:25:33.257+0300][1043.236s][36520] GC(24758)         WeakRef (ms):                  Min:  0.0, Avg:  0.0, Max:  0.0, Diff:  0.0, Sum:  0.0, Workers: 1
[2025-05-12T23:25:33.257+0300][1043.236s][36520] GC(24758)         FinalRef (ms):                 Min:  0.0, Avg:  0.0, Max:  0.0, Diff:  0.0, Sum:  0.0, Workers: 1
[2025-05-12T23:25:33.257+0300][1043.236s][36520] GC(24758)         Total (ms):                    Min:  0.0, Avg:  0.0, Max:  0.0, Diff:  0.0, Sum:  0.0, Workers: 1
[2025-05-12T23:25:33.257+0300][1043.236s][36520] GC(24758)       Notify and keep alive finalizable: 0.0ms
[2025-05-12T23:25:33.257+0300][1043.236s][36520] GC(24758)         FinalRef (ms):                 skipped
[2025-05-12T23:25:33.257+0300][1043.236s][36520] GC(24758)       Notify PhantomReferences: 0.0ms
[2025-05-12T23:25:33.257+0300][1043.236s][36520] GC(24758)         PhantomRef (ms):               skipped
[2025-05-12T23:25:33.257+0300][1043.236s][36520] GC(24758)       SoftReference Discovered: 0, Dropped: 0, Processed: 0
[2025-05-12T23:25:33.257+0300][1043.236s][36520] GC(24758)       WeakReference Discovered: 27, Dropped: 5, Processed: 22
[2025-05-12T23:25:33.257+0300][1043.236s][36520] GC(24758)       FinalReference Discovered: 0, Dropped: 0, Processed: 0
[2025-05-12T23:25:33.257+0300][1043.236s][36520] GC(24758)       PhantomReference Discovered: 0, Dropped: 0, Processed: 0
[2025-05-12T23:25:33.257+0300][1043.236s][36520] GC(24758)     Weak Processing: 0.1ms
[2025-05-12T23:25:33.257+0300][1043.236s][36520] GC(24758)       VM Weak                        Min:  0.0, Avg:  0.0, Max:  0.0, Diff:  0.0, Sum:  0.0, Workers: 10
[2025-05-12T23:25:33.257+0300][1043.236s][36520] GC(24758)         Dead                           Min: 0, Avg:  0.0, Max: 0, Diff: 0, Sum: 0, Workers: 10
[2025-05-12T23:25:33.257+0300][1043.236s][36520] GC(24758)         Total                          Min: 0, Avg:  6.7, Max: 66, Diff: 66, Sum: 67, Workers: 10
[2025-05-12T23:25:33.257+0300][1043.236s][36520] GC(24758)       ObjectSynchronizer Weak        Min:  0.0, Avg:  0.0, Max:  0.0, Diff:  0.0, Sum:  0.0, Workers: 10
[2025-05-12T23:25:33.257+0300][1043.236s][36520] GC(24758)         Dead                           Min: 0, Avg:  0.0, Max: 0, Diff: 0, Sum: 0, Workers: 10
[2025-05-12T23:25:33.257+0300][1043.236s][36520] GC(24758)         Total                          Min: 0, Avg:  0.1, Max: 1, Diff: 1, Sum: 1, Workers: 10
[2025-05-12T23:25:33.257+0300][1043.236s][36520] GC(24758)       JVMTI Tag Weak OopStorage      Min:  0.0, Avg:  0.1, Max:  0.1, Diff:  0.1, Sum:  0.6, Workers: 10
[2025-05-12T23:25:33.257+0300][1043.236s][36520] GC(24758)         Dead                           Min: 0, Avg:  0.0, Max: 0, Diff: 0, Sum: 0, Workers: 10
[2025-05-12T23:25:33.257+0300][1043.236s][36520] GC(24758)         Total                          Min: 128, Avg: 6289.9, Max: 8058, Diff: 7930, Sum: 62899, Workers: 10
[2025-05-12T23:25:33.257+0300][1043.236s][36520] GC(24758)       StringTable Weak               Min:  0.0, Avg:  0.0, Max:  0.0, Diff:  0.0, Sum:  0.3, Workers: 10
[2025-05-12T23:25:33.257+0300][1043.236s][36520] GC(24758)         Dead                           Min: 0, Avg:  0.0, Max: 0, Diff: 0, Sum: 0, Workers: 10
[2025-05-12T23:25:33.257+0300][1043.236s][36520] GC(24758)         Total                          Min: 3389, Avg: 3952.9, Max: 4288, Diff: 899, Sum: 39529, Workers: 10
[2025-05-12T23:25:33.257+0300][1043.236s][36520] GC(24758)       ResolvedMethodTable Weak       Min:  0.0, Avg:  0.0, Max:  0.0, Diff:  0.0, Sum:  0.0, Workers: 10
[2025-05-12T23:25:33.257+0300][1043.236s][36520] GC(24758)         Dead                           Min: 0, Avg:  0.0, Max: 0, Diff: 0, Sum: 0, Workers: 10
[2025-05-12T23:25:33.257+0300][1043.236s][36520] GC(24758)         Total                          Min: 0, Avg: 66.7, Max: 127, Diff: 127, Sum: 667, Workers: 10
[2025-05-12T23:25:33.257+0300][1043.236s][36520] GC(24758)       JNI Weak                       Min:  0.0, Avg:  0.0, Max:  0.0, Diff:  0.0, Sum:  0.0, Workers: 10
[2025-05-12T23:25:33.257+0300][1043.236s][36520] GC(24758)         Dead                           Min: 0, Avg:  0.0, Max: 0, Diff: 0, Sum: 0, Workers: 10
[2025-05-12T23:25:33.257+0300][1043.236s][36520] GC(24758)         Total                          Min: 0, Avg:  1.1, Max: 11, Diff: 11, Sum: 11, Workers: 10
[2025-05-12T23:25:33.257+0300][1043.236s][36520] GC(24758)       StringDedup Table Weak         Min:  0.0, Avg:  0.0, Max:  0.0, Diff:  0.0, Sum:  0.0, Workers: 10
[2025-05-12T23:25:33.257+0300][1043.236s][36520] GC(24758)         Dead                           Min: 0, Avg:  0.0, Max: 0, Diff: 0, Sum: 0, Workers: 10
[2025-05-12T23:25:33.257+0300][1043.236s][36520] GC(24758)         Total                          Min: 0, Avg:  0.0, Max: 0, Diff: 0, Sum: 0, Workers: 10
[2025-05-12T23:25:33.257+0300][1043.236s][36520] GC(24758)       StringDedup Requests0 Weak     Min:  0.0, Avg:  0.0, Max:  0.0, Diff:  0.0, Sum:  0.0, Workers: 10
[2025-05-12T23:25:33.257+0300][1043.236s][36520] GC(24758)         Dead                           Min: 0, Avg:  0.0, Max: 0, Diff: 0, Sum: 0, Workers: 10
[2025-05-12T23:25:33.257+0300][1043.236s][36520] GC(24758)         Total                          Min: 0, Avg:  0.0, Max: 0, Diff: 0, Sum: 0, Workers: 10
[2025-05-12T23:25:33.257+0300][1043.236s][36520] GC(24758)       StringDedup Requests1 Weak     Min:  0.0, Avg:  0.0, Max:  0.0, Diff:  0.0, Sum:  0.0, Workers: 10
[2025-05-12T23:25:33.257+0300][1043.236s][36520] GC(24758)         Dead                           Min: 0, Avg:  0.0, Max: 0, Diff: 0, Sum: 0, Workers: 10
[2025-05-12T23:25:33.257+0300][1043.237s][36520] GC(24758)         Total                          Min: 0, Avg:  0.0, Max: 0, Diff: 0, Sum: 0, Workers: 10
[2025-05-12T23:25:33.257+0300][1043.237s][36520] GC(24758)       Weak JFR Old Object Samples    Min:  0.0, Avg:  0.0, Max:  0.0, Diff:  0.0, Sum:  0.0, Workers: 10
[2025-05-12T23:25:33.257+0300][1043.237s][36520] GC(24758)         Dead                           Min: 0, Avg:  0.0, Max: 0, Diff: 0, Sum: 0, Workers: 10
[2025-05-12T23:25:33.257+0300][1043.237s][36520] GC(24758)         Total                          Min: 0, Avg:  0.0, Max: 0, Diff: 0, Sum: 0, Workers: 10
[2025-05-12T23:25:33.257+0300][1043.237s][36520] GC(24758)     Post Evacuate Cleanup 1: 0.1ms
[2025-05-12T23:25:33.257+0300][1043.237s][36520] GC(24758)       Merge Per-Thread State (ms):   Min:  0.0, Avg:  0.0, Max:  0.0, Diff:  0.0, Sum:  0.0, Workers: 1
[2025-05-12T23:25:33.257+0300][1043.237s][36520] GC(24758)         Copied Bytes                   Min: 0, Avg:  0.0, Max: 0, Diff: 0, Sum: 0, Workers: 2
[2025-05-12T23:25:33.258+0300][1043.237s][36520] GC(24758)         LAB Waste                      Min: 0, Avg:  0.0, Max: 0, Diff: 0, Sum: 0, Workers: 2
[2025-05-12T23:25:33.258+0300][1043.237s][36520] GC(24758)         LAB Undo Waste                 Min: 0, Avg:  0.0, Max: 0, Diff: 0, Sum: 0, Workers: 2
[2025-05-12T23:25:33.258+0300][1043.237s][36520] GC(24758)       Clear Logged Cards (ms):       Min:  0.0, Avg:  0.0, Max:  0.0, Diff:  0.0, Sum:  0.0, Workers: 2
[2025-05-12T23:25:33.258+0300][1043.237s][36520] GC(24758)       Recalculate Used Memory (ms):  Min:  0.0, Avg:  0.0, Max:  0.0, Diff:  0.0, Sum:  0.0, Workers: 1
[2025-05-12T23:25:33.258+0300][1043.237s][36520] GC(24758)       Restore Retained Regions (ms): Min:  0.1, Avg:  0.1, Max:  0.1, Diff:  0.0, Sum:  0.1, Workers: 2
[2025-05-12T23:25:33.258+0300][1043.237s][36520] GC(24758)         Evacuation Failure Regions:    Min: 1, Avg:  1.0, Max: 1, Diff: 0, Sum: 1, Workers: 1
[2025-05-12T23:25:33.258+0300][1043.237s][36520] GC(24758)         Remove Self Forwards (ms):     Min:  0.0, Avg:  0.1, Max:  0.1, Diff:  0.0, Sum:  0.1, Workers: 2
[2025-05-12T23:25:33.258+0300][1043.237s][36520] GC(24758)           Forward Chunks:                Min: 16, Avg: 28.5, Max: 41, Diff: 25, Sum: 57, Workers: 2
[2025-05-12T23:25:33.258+0300][1043.237s][36520] GC(24758)           Empty Forward Chunks:          Min: 7, Avg:  7.0, Max: 7, Diff: 0, Sum: 7, Workers: 1
[2025-05-12T23:25:33.258+0300][1043.237s][36520] GC(24758)           Forward Objects:               Min: 1201, Avg: 1689.0, Max: 2177, Diff: 976, Sum: 3378, Workers: 2
[2025-05-12T23:25:33.258+0300][1043.237s][36520] GC(24758)           Forward Bytes:                 Min: 67504, Avg: 92912.0, Max: 118320, Diff: 50816, Sum: 185824, Workers: 2
[2025-05-12T23:25:33.258+0300][1043.237s][36520] GC(24758)     Post Evacuate Cleanup 2: 0.1ms
[2025-05-12T23:25:33.258+0300][1043.237s][36520] GC(24758)       Recalculate Used Memory (ms):  Min:  0.0, Avg:  0.0, Max:  0.0, Diff:  0.0, Sum:  0.0, Workers: 1
[2025-05-12T23:25:33.258+0300][1043.237s][36520] GC(24758)       Restore Preserved Marks (ms):  Min:  0.0, Avg:  0.0, Max:  0.0, Diff:  0.0, Sum:  0.0, Workers: 2
[2025-05-12T23:25:33.258+0300][1043.237s][36520] GC(24758)       Clear Retained Region Bitmaps (ms): Min:  0.0, Avg:  0.0, Max:  0.0, Diff:  0.0, Sum:  0.0, Workers: 2
[2025-05-12T23:25:33.258+0300][1043.237s][36520] GC(24758)       Update Derived Pointers (ms):  Min:  0.0, Avg:  0.0, Max:  0.0, Diff:  0.0, Sum:  0.0, Workers: 1
[2025-05-12T23:25:33.258+0300][1043.237s][36520] GC(24758)       Eagerly Reclaim Humongous Objects (ms): skipped
[2025-05-12T23:25:33.258+0300][1043.237s][36520] GC(24758)         Humongous Total                skipped
[2025-05-12T23:25:33.258+0300][1043.237s][36520] GC(24758)         Humongous Candidates           skipped
[2025-05-12T23:25:33.258+0300][1043.237s][36520] GC(24758)         Humongous Reclaimed            skipped
[2025-05-12T23:25:33.258+0300][1043.237s][36520] GC(24758)       Redirty Logged Cards (ms):     Min:  0.0, Avg:  0.0, Max:  0.0, Diff:  0.0, Sum:  0.0, Workers: 2
[2025-05-12T23:25:33.258+0300][1043.237s][36520] GC(24758)         Redirtied Cards:               Min: 0, Avg:  0.0, Max: 0, Diff: 0, Sum: 0, Workers: 2
[2025-05-12T23:25:33.258+0300][1043.237s][36520] GC(24758)       Resize TLABs (ms):             Min:  0.0, Avg:  0.0, Max:  0.0, Diff:  0.0, Sum:  0.0, Workers: 2
[2025-05-12T23:25:33.258+0300][1043.237s][36520] GC(24758)       Free Collection Set (ms):      Min:  0.0, Avg:  0.0, Max:  0.0, Diff:  0.0, Sum:  0.0, Workers: 2
[2025-05-12T23:25:33.258+0300][1043.237s][36520] GC(24758)     Rebuild Free List: 0.0ms
[2025-05-12T23:25:33.258+0300][1043.237s][36520] GC(24758)     Prepare For Mutator: 0.1ms
[2025-05-12T23:25:33.258+0300][1043.237s][36520] GC(24758)     Expand Heap After Collection: 0.0ms
[2025-05-12T23:25:33.258+0300][1043.237s][36520] GC(24758)   Other: 0.5ms
[2025-05-12T23:25:33.258+0300][1043.237s][36520] GC(24758) Coarsening (recent): Inline->AoC 0 (0) AoC->Howl 0 (0) Howl->Full 0 (0) Inline->AoC 0 (0) AoC->BitMap 0 (0) BitMap->Full 0 (0) 
[2025-05-12T23:25:33.258+0300][1043.237s][36520] GC(24758) Coarsening (all): Inline->AoC 10920 (0) AoC->Howl 7731 (0) Howl->Full 0 (0) Inline->AoC 10809 (0) AoC->BitMap 7399 (0) BitMap->Full 0 (0) 
[2025-05-12T23:25:33.258+0300][1043.237s][36520] GC(24758) Eden regions: 1->0(0)
[2025-05-12T23:25:33.258+0300][1043.237s][36520] GC(24758) Survivor regions: 0->0(0)
[2025-05-12T23:25:33.258+0300][1043.237s][36520] GC(24758) Old regions: 11->12
[2025-05-12T23:25:33.258+0300][1043.237s][36520] GC(24758) Humongous regions: 0->0
[2025-05-12T23:25:33.258+0300][1043.237s][36520] GC(24758) Metaspace: 10759K(12736K)->10759K(12736K) NonClass: 9683K(11328K)->9683K(11328K) Class: 1076K(1408K)->1076K(1408K)
[2025-05-12T23:25:33.258+0300][1043.237s][36520] GC(24758) Heap after GC invocations=21212 (full 7112):
[2025-05-12T23:25:33.258+0300][1043.237s][36520] GC(24758)  garbage-first heap   total 12288K, used 12281K [0x00000000ff400000, 0x0000000100000000)
[2025-05-12T23:25:33.258+0300][1043.237s][36520] GC(24758)   region size 1024K, 0 young (0K), 0 survivors (0K)
[2025-05-12T23:25:33.258+0300][1043.237s][36520] GC(24758)  Metaspace       used 10759K, committed 12736K, reserved 1114112K
[2025-05-12T23:25:33.258+0300][1043.237s][36520] GC(24758)   class space    used 1076K, committed 1408K, reserved 1048576K
[2025-05-12T23:25:33.258+0300][1043.237s][36520] GC(24758) Pause Young (Normal) (G1 Evacuation Pause) (Evacuation Failure) 11M->11M(12M) 3.767ms
[2025-05-12T23:25:33.258+0300][1043.237s][36520] GC(24758) User=0.00s Sys=0.00s Real=0.00s
[2025-05-12T23:25:33.258+0300][1043.237s][36520] Attempt heap expansion (allocation request failed). Allocation request: 2048B
[2025-05-12T23:25:33.258+0300][1043.237s][36520] Expand the heap. requested expansion amount: 1048576B expansion amount: 1048576B
[2025-05-12T23:25:33.258+0300][1043.237s][36520] Did not expand the heap (heap already fully expanded)
[2025-05-12T23:25:33.258+0300][1043.237s][36520] Attempting full compaction
[2025-05-12T23:25:33.258+0300][1043.237s][36520] GC(24759) Pause Full (G1 Compaction Pause)
[2025-05-12T23:25:33.258+0300][1043.237s][36520] GC(24759) Heap before GC invocations=21212 (full 7112):
[2025-05-12T23:25:33.258+0300][1043.237s][36520] GC(24759)  garbage-first heap   total 12288K, used 12281K [0x00000000ff400000, 0x0000000100000000)
[2025-05-12T23:25:33.258+0300][1043.237s][36520] GC(24759)   region size 1024K, 0 young (0K), 0 survivors (0K)
[2025-05-12T23:25:33.258+0300][1043.237s][36520] GC(24759)  Metaspace       used 10759K, committed 12736K, reserved 1114112K
[2025-05-12T23:25:33.258+0300][1043.237s][36520] GC(24759)   class space    used 1076K, committed 1408K, reserved 1048576K
[2025-05-12T23:25:33.258+0300][1043.237s][36520] GC(24759) Requesting 1 active workers for full compaction (waste limited workers: 1, adaptive workers: 2, used limited workers: 12)
[2025-05-12T23:25:33.258+0300][1043.237s][36520] GC(24759) Using 1 workers of 10 for full compaction
[2025-05-12T23:25:33.258+0300][1043.237s][36520] GC(24759) Mutator Allocation stats, regions: 0, wasted size: 0B ( 0.0%)
[2025-05-12T23:25:33.258+0300][1043.237s][36520] GC(24759) Phase 1: Mark live objects
[2025-05-12T23:25:33.266+0300][1043.245s][36520] GC(24759) Phase 1: Reference Processing
[2025-05-12T23:25:33.266+0300][1043.245s][36520] GC(24759) ReferenceProcessor::execute queues: 1, RefProcThreadModel::Single, marks_oops_alive: false
[2025-05-12T23:25:33.266+0300][1043.245s][36520] GC(24759) Skipped KeepAliveFinalRefsPhase of Reference Processing: no references
[2025-05-12T23:25:33.266+0300][1043.245s][36520] GC(24759) ReferenceProcessor::execute queues: 1, RefProcThreadModel::Single, marks_oops_alive: false
[2025-05-12T23:25:33.266+0300][1043.245s][36520] GC(24759) Reference Processing: 0.1ms
[2025-05-12T23:25:33.266+0300][1043.245s][36520] GC(24759)   Notify Soft/WeakReferences: 0.0ms
[2025-05-12T23:25:33.266+0300][1043.245s][36520] GC(24759)     SoftRef: 0.0ms
[2025-05-12T23:25:33.266+0300][1043.245s][36520] GC(24759)     WeakRef: 0.0ms
[2025-05-12T23:25:33.266+0300][1043.245s][36520] GC(24759)     FinalRef: 0.0ms
[2025-05-12T23:25:33.266+0300][1043.245s][36520] GC(24759)     Total: 0.0ms
[2025-05-12T23:25:33.266+0300][1043.245s][36520] GC(24759)   Notify and keep alive finalizable: 0.0ms
[2025-05-12T23:25:33.266+0300][1043.245s][36520] GC(24759)     FinalRef: skipped
[2025-05-12T23:25:33.266+0300][1043.245s][36520] GC(24759)   Notify PhantomReferences: 0.0ms
[2025-05-12T23:25:33.266+0300][1043.245s][36520] GC(24759)     PhantomRef: 0.0ms
[2025-05-12T23:25:33.266+0300][1043.245s][36520] GC(24759)   SoftReference Discovered: 46, Dropped: 4, Processed: 42
[2025-05-12T23:25:33.266+0300][1043.245s][36520] GC(24759)   WeakReference Discovered: 32, Dropped: 13, Processed: 19
[2025-05-12T23:25:33.266+0300][1043.245s][36520] GC(24759)   FinalReference Discovered: 0, Dropped: 0, Processed: 0
[2025-05-12T23:25:33.266+0300][1043.245s][36520] GC(24759)   PhantomReference Discovered: 23, Dropped: 23, Processed: 0
[2025-05-12T23:25:33.266+0300][1043.245s][36520] GC(24759) Phase 1: Reference Processing 0.210ms
[2025-05-12T23:25:33.266+0300][1043.245s][36520] GC(24759) Phase 1: Weak Processing
[2025-05-12T23:25:33.266+0300][1043.245s][36520] GC(24759)   VM Weak                        Min:  0.0, Avg:  0.0, Max:  0.0, Diff:  0.0, Sum:  0.0, Workers: 10
[2025-05-12T23:25:33.266+0300][1043.246s][36520] GC(24759)     Dead                           Min: 0, Avg:  2.0, Max: 20, Diff: 20, Sum: 20, Workers: 10
[2025-05-12T23:25:33.266+0300][1043.246s][36520] GC(24759)     Total                          Min: 0, Avg:  6.7, Max: 60, Diff: 60, Sum: 67, Workers: 10
[2025-05-12T23:25:33.266+0300][1043.246s][36520] GC(24759)   ObjectSynchronizer Weak        Min:  0.0, Avg:  0.0, Max:  0.0, Diff:  0.0, Sum:  0.0, Workers: 10
[2025-05-12T23:25:33.266+0300][1043.246s][36520] GC(24759)     Dead                           Min: 0, Avg:  0.0, Max: 0, Diff: 0, Sum: 0, Workers: 10
[2025-05-12T23:25:33.266+0300][1043.246s][36520] GC(24759)     Total                          Min: 0, Avg:  0.1, Max: 1, Diff: 1, Sum: 1, Workers: 10
[2025-05-12T23:25:33.266+0300][1043.246s][36520] GC(24759)   JVMTI Tag Weak OopStorage      Min:  0.1, Avg:  0.1, Max:  0.1, Diff:  0.0, Sum:  0.6, Workers: 10
[2025-05-12T23:25:33.266+0300][1043.246s][36520] GC(24759)     Dead                           Min: 0, Avg:  2.0, Max: 20, Diff: 20, Sum: 20, Workers: 10
[2025-05-12T23:25:33.266+0300][1043.246s][36520] GC(24759)     Total                          Min: 5966, Avg: 6289.9, Max: 6673, Diff: 707, Sum: 62899, Workers: 10
[2025-05-12T23:25:33.266+0300][1043.246s][36520] GC(24759)   StringTable Weak               Min:  0.0, Avg:  0.0, Max:  0.0, Diff:  0.0, Sum:  0.3, Workers: 10
[2025-05-12T23:25:33.266+0300][1043.246s][36520] GC(24759)     Dead                           Min: 0, Avg:  9.0, Max: 35, Diff: 35, Sum: 90, Workers: 10
[2025-05-12T23:25:33.266+0300][1043.246s][36520] GC(24759)     Total                          Min: 3645, Avg: 3952.9, Max: 4224, Diff: 579, Sum: 39529, Workers: 10
[2025-05-12T23:25:33.266+0300][1043.246s][36520] GC(24759)   ResolvedMethodTable Weak       Min:  0.0, Avg:  0.0, Max:  0.0, Diff:  0.0, Sum:  0.0, Workers: 10
[2025-05-12T23:25:33.266+0300][1043.246s][36520] GC(24759)     Dead                           Min: 0, Avg:  3.7, Max: 26, Diff: 26, Sum: 37, Workers: 10
[2025-05-12T23:25:33.266+0300][1043.246s][36520] GC(24759)     Total                          Min: 46, Avg: 66.7, Max: 127, Diff: 81, Sum: 667, Workers: 10
[2025-05-12T23:25:33.266+0300][1043.246s][36520] GC(24759)   JNI Weak                       Min:  0.0, Avg:  0.0, Max:  0.0, Diff:  0.0, Sum:  0.0, Workers: 10
[2025-05-12T23:25:33.266+0300][1043.246s][36520] GC(24759)     Dead                           Min: 0, Avg:  0.0, Max: 0, Diff: 0, Sum: 0, Workers: 10
[2025-05-12T23:25:33.266+0300][1043.246s][36520] GC(24759)     Total                          Min: 0, Avg:  1.1, Max: 11, Diff: 11, Sum: 11, Workers: 10
[2025-05-12T23:25:33.266+0300][1043.246s][36520] GC(24759)   StringDedup Table Weak         Min:  0.0, Avg:  0.0, Max:  0.0, Diff:  0.0, Sum:  0.0, Workers: 10
[2025-05-12T23:25:33.266+0300][1043.246s][36520] GC(24759)     Dead                           Min: 0, Avg:  0.0, Max: 0, Diff: 0, Sum: 0, Workers: 10
[2025-05-12T23:25:33.266+0300][1043.246s][36520] GC(24759)     Total                          Min: 0, Avg:  0.0, Max: 0, Diff: 0, Sum: 0, Workers: 10
[2025-05-12T23:25:33.266+0300][1043.246s][36520] GC(24759)   StringDedup Requests0 Weak     Min:  0.0, Avg:  0.0, Max:  0.0, Diff:  0.0, Sum:  0.0, Workers: 10
[2025-05-12T23:25:33.266+0300][1043.246s][36520] GC(24759)     Dead                           Min: 0, Avg:  0.0, Max: 0, Diff: 0, Sum: 0, Workers: 10
[2025-05-12T23:25:33.266+0300][1043.246s][36520] GC(24759)     Total                          Min: 0, Avg:  0.0, Max: 0, Diff: 0, Sum: 0, Workers: 10
[2025-05-12T23:25:33.266+0300][1043.246s][36520] GC(24759)   StringDedup Requests1 Weak     Min:  0.0, Avg:  0.0, Max:  0.0, Diff:  0.0, Sum:  0.0, Workers: 10
[2025-05-12T23:25:33.266+0300][1043.246s][36520] GC(24759)     Dead                           Min: 0, Avg:  0.0, Max: 0, Diff: 0, Sum: 0, Workers: 10
[2025-05-12T23:25:33.266+0300][1043.246s][36520] GC(24759)     Total                          Min: 0, Avg:  0.0, Max: 0, Diff: 0, Sum: 0, Workers: 10
[2025-05-12T23:25:33.266+0300][1043.246s][36520] GC(24759)   Weak JFR Old Object Samples    Min:  0.0, Avg:  0.0, Max:  0.0, Diff:  0.0, Sum:  0.0, Workers: 10
[2025-05-12T23:25:33.266+0300][1043.246s][36520] GC(24759)     Dead                           Min: 0, Avg:  0.0, Max: 0, Diff: 0, Sum: 0, Workers: 10
[2025-05-12T23:25:33.266+0300][1043.246s][36520] GC(24759)     Total                          Min: 0, Avg:  0.0, Max: 0, Diff: 0, Sum: 0, Workers: 10
[2025-05-12T23:25:33.266+0300][1043.246s][36520] GC(24759) Phase 1: Weak Processing 0.427ms
[2025-05-12T23:25:33.266+0300][1043.246s][36520] GC(24759) Phase 1: Class Unloading and Cleanup
[2025-05-12T23:25:33.266+0300][1043.246s][36520] GC(24759) ClassLoaderData
[2025-05-12T23:25:33.266+0300][1043.246s][36520] GC(24759) ClassLoaderData 0.067ms
[2025-05-12T23:25:33.266+0300][1043.246s][36520] GC(24759) Trigger cleanups
[2025-05-12T23:25:33.266+0300][1043.246s][36520] GC(24759) Trigger cleanups 0.009ms
[2025-05-12T23:25:33.270+0300][1043.250s][36520] GC(24759) Phase 1: Class Unloading and Cleanup 3.721ms
[2025-05-12T23:25:33.270+0300][1043.250s][36520] GC(24759) Report Object Count
[2025-05-12T23:25:33.270+0300][1043.250s][36520] GC(24759) Report Object Count 0.011ms
[2025-05-12T23:25:33.270+0300][1043.250s][36520] GC(24759) Phase 1: Mark live objects 12.074ms
[2025-05-12T23:25:33.270+0300][1043.250s][36520] GC(24759) Phase 2: Prepare compaction
[2025-05-12T23:25:33.270+0300][1043.250s][36520] GC(24759) Phase 2: Determine work lists
[2025-05-12T23:25:33.270+0300][1043.250s][36520] GC(24759) Phase 2: Determine work lists 0.010ms
[2025-05-12T23:25:33.270+0300][1043.250s][36520] GC(24759) Phase 2: Prepare parallel compaction
[2025-05-12T23:25:33.270+0300][1043.250s][36520] GC(24759) Phase 2: Prepare parallel compaction 0.186ms
[2025-05-12T23:25:33.270+0300][1043.250s][36520] GC(24759) Phase 2: Prepare compaction 0.237ms
[2025-05-12T23:25:33.270+0300][1043.250s][36520] GC(24759) Phase 3: Adjust pointers
[2025-05-12T23:25:33.275+0300][1043.254s][36520] GC(24759) Phase 3: Adjust pointers 4.264ms
[2025-05-12T23:25:33.275+0300][1043.254s][36520] GC(24759) Phase 4: Compact heap
[2025-05-12T23:25:33.275+0300][1043.254s][36520] GC(24759) Phase 4: Compact heap 0.163ms
[2025-05-12T23:25:33.276+0300][1043.254s][36520] GC(24759) Phase 5: Reset Metadata
[2025-05-12T23:25:33.277+0300][1043.256s][36520] GC(24759) Phase 5: Reset Metadata 1.361ms
[2025-05-12T23:25:33.277+0300][1043.256s][36520] GC(24759) Running G1 Clear Bitmap with 1 workers for 1 work units.
[2025-05-12T23:25:33.279+0300][1043.257s][36520] GC(24759) Request concurrent cycle initiation (occupancy higher than threshold) occupancy: 11534336B allocation request: 0B threshold: 3614605B (28.73) source: end of Full GC
[2025-05-12T23:25:33.279+0300][1043.257s][36520] Old generation allocation in the last mutator period, old gen allocated: 0B, humongous allocated: 0B, old gen growth: 0B.
[2025-05-12T23:25:33.279+0300][1043.257s][36520] GC(24759) Coarsening (recent): Inline->AoC 0 (0) AoC->Howl 0 (0) Howl->Full 0 (0) Inline->AoC 0 (0) AoC->BitMap 0 (0) BitMap->Full 0 (0) 
[2025-05-12T23:25:33.279+0300][1043.257s][36520] GC(24759) Coarsening (all): Inline->AoC 10920 (0) AoC->Howl 7731 (0) Howl->Full 0 (0) Inline->AoC 10809 (0) AoC->BitMap 7399 (0) BitMap->Full 0 (0) 
[2025-05-12T23:25:33.279+0300][1043.257s][36520] GC(24759) Eden regions: 0->0(1)
[2025-05-12T23:25:33.279+0300][1043.257s][36520] GC(24759) Survivor regions: 0->0(0)
[2025-05-12T23:25:33.279+0300][1043.257s][36520] GC(24759) Old regions: 12->11
[2025-05-12T23:25:33.279+0300][1043.257s][36520] GC(24759) Humongous regions: 0->0
[2025-05-12T23:25:33.279+0300][1043.257s][36520] GC(24759) Metaspace: 10759K(12736K)->10718K(12736K) NonClass: 9683K(11328K)->9653K(11328K) Class: 1076K(1408K)->1064K(1408K)
[2025-05-12T23:25:33.279+0300][1043.257s][36520] GC(24759) Heap after GC invocations=21213 (full 7113):
[2025-05-12T23:25:33.279+0300][1043.257s][36520] GC(24759)  garbage-first heap   total 12288K, used 11249K [0x00000000ff400000, 0x0000000100000000)
[2025-05-12T23:25:33.279+0300][1043.257s][36520] GC(24759)   region size 1024K, 0 young (0K), 0 survivors (0K)
[2025-05-12T23:25:33.279+0300][1043.257s][36520] GC(24759)  Metaspace       used 10718K, committed 12736K, reserved 1114112K
[2025-05-12T23:25:33.279+0300][1043.257s][36520] GC(24759)   class space    used 1064K, committed 1408K, reserved 1048576K
[2025-05-12T23:25:33.279+0300][1043.257s][36520] GC(24759) Pause Full (G1 Compaction Pause) 11M->10M(12M) 20.167ms
[2025-05-12T23:25:33.279+0300][1043.258s][36520] GC(24759) User=0.00s Sys=0.00s Real=0.02s
[2025-05-12T23:25:33.279+0300][1043.258s][9340 ] G1 Service Thread (Card Set Free Memory Task) (run: 22.883ms) (cpu: 0.000ms)
[2025-05-12T23:25:33.306+0300][1043.285s][36520] GC(24760) Initiate concurrent cycle (concurrent cycle initiation requested)
[2025-05-12T23:25:33.306+0300][1043.285s][36520] GC(24760) Pause Young (Concurrent Start) (G1 Evacuation Pause)
[2025-05-12T23:25:33.306+0300][1043.285s][36520] GC(24760) Heap before GC invocations=21213 (full 7113):
[2025-05-12T23:25:33.306+0300][1043.285s][36520] GC(24760)  garbage-first heap   total 12288K, used 11249K [0x00000000ff400000, 0x0000000100000000)
[2025-05-12T23:25:33.306+0300][1043.285s][36520] GC(24760)   region size 1024K, 1 young (1024K), 0 survivors (0K)
[2025-05-12T23:25:33.306+0300][1043.285s][36520] GC(24760)  Metaspace       used 10759K, committed 12736K, reserved 1114112K
[2025-05-12T23:25:33.306+0300][1043.285s][36520] GC(24760)   class space    used 1076K, committed 1408K, reserved 1048576K
[2025-05-12T23:25:33.306+0300][1043.285s][36520] GC(24760) Using 2 workers of 10 for evacuation
[2025-05-12T23:25:33.306+0300][1043.285s][36520] GC(24760) Desired survivor size 524288 bytes, new threshold 15 (max threshold 15)
[2025-05-12T23:25:33.306+0300][1043.285s][36520] GC(24760) TLAB totals: thrds: 1  refills: 318 max: 318 slow allocs: 156 max 156 waste: 22.1% gc: 688B max: 688B slow: 189608B max: 189608B
[2025-05-12T23:25:33.306+0300][1043.285s][36520] GC(24760) Mutator refinement: 0.00ms, refined: 0, precleaned: 0, dirtied: 104
[2025-05-12T23:25:33.306+0300][1043.285s][36520] GC(24760) Concurrent refinement: 0.00ms, refined: 0, precleaned: 0, dirtied: 0
[2025-05-12T23:25:33.306+0300][1043.285s][36520] GC(24760) Total refinement: 0.00ms, refined: 0, precleaned: 0, dirtied: 104
[2025-05-12T23:25:33.306+0300][1043.285s][36520] GC(24760) Generate dirty cards rate: 3.78 cards/ms
[2025-05-12T23:25:33.306+0300][1043.285s][36520] GC(24760) Mutator Allocation stats, regions: 1, wasted size: 0B ( 0.0%)
[2025-05-12T23:25:33.306+0300][1043.285s][36520] GC(24760) No candidates to reclaim.
[2025-05-12T23:25:33.306+0300][1043.285s][36520] GC(24760) Running G1 Merge Heap Roots using 2 workers for 1 regions
[2025-05-12T23:25:33.306+0300][1043.285s][36520] GC(24760) Visited cards 1120 Total dirty 12288 (9.11%) Total old 26624 (4.21%)
[2025-05-12T23:25:33.306+0300][1043.285s][18860] GC(24760) Attempt heap expansion (region allocation request failed). Allocation request: 2064B
[2025-05-12T23:25:33.306+0300][1043.285s][18860] GC(24760) Did not expand the heap (heap already fully expanded)
[2025-05-12T23:25:33.306+0300][1043.285s][36520] GC(24760) ReferenceProcessor::execute queues: 1, RefProcThreadModel::Single, marks_oops_alive: false
[2025-05-12T23:25:33.306+0300][1043.285s][36520] GC(24760) Skipped KeepAliveFinalRefsPhase of Reference Processing: no references
[2025-05-12T23:25:33.306+0300][1043.285s][36520] GC(24760) Skipped PhantomRefsPhase of Reference Processing: no references
[2025-05-12T23:25:33.307+0300][1043.286s][36520] GC(24760) Initializing removing self forwards with 64 chunks per region
[2025-05-12T23:25:33.307+0300][1043.286s][36520] GC(24760) Running G1 Rebuild Free List Task using 2 workers for rebuilding free list of regions
[2025-05-12T23:25:33.307+0300][1043.286s][36520] GC(24760) Young PLAB allocation: allocated: 0B, wasted: 0B, unused: 0B, used: 0B, undo waste: 0B, 
[2025-05-12T23:25:33.307+0300][1043.286s][36520] GC(24760) Young other allocation: region end waste: 0B, regions filled: 0, num plab filled: 2, direct allocated: 0B, num direct allocated: 0, failure used: 0B, failure wasted: 0B
[2025-05-12T23:25:33.307+0300][1043.286s][36520] GC(24760) Young sizing: calculated: 0B, actual: 2064B
[2025-05-12T23:25:33.307+0300][1043.286s][36520] GC(24760) Old PLAB allocation: allocated: 0B, wasted: 0B, unused: 0B, used: 0B, undo waste: 0B, 
[2025-05-12T23:25:33.307+0300][1043.286s][36520] GC(24760) Old other allocation: region end waste: 0B, regions filled: 0, num plab filled: 2, direct allocated: 0B, num direct allocated: 0, failure used: 147816B, failure wasted: 900760B
[2025-05-12T23:25:33.307+0300][1043.286s][36520] GC(24760) Old sizing: calculated: 0B, actual: 2064B
[2025-05-12T23:25:33.307+0300][1043.286s][36520] GC(24760) Heap expansion: short term pause time ratio 38.47% long term pause time ratio 43.40% threshold 7.69% pause time ratio 7.69% fully expanded true resize by 0B
[2025-05-12T23:25:33.307+0300][1043.286s][9340 ] G1 Service Thread (Card Set Free Memory Task) (run 0.010ms after schedule)
[2025-05-12T23:25:33.307+0300][1043.286s][36520] GC(24760) MMU: 6.6ms (200.0ms/201.0ms)
[2025-05-12T23:25:33.307+0300][1043.286s][36520] Old generation allocation in the last mutator period, old gen allocated: 1048576B, humongous allocated: 0B, old gen growth: 1048576B.
[2025-05-12T23:25:33.307+0300][1043.286s][36520] GC(24760) Basic information (value update), threshold: 3664527B (29.12), target occupancy: 12582912B, current occupancy: 12562880B, recent allocation size: 1048576B, recent allocation duration: 27.55ms, recent old gen allocation rate: 38064703.49B/s, recent marking phase length: 120.12ms
[2025-05-12T23:25:33.307+0300][1043.286s][36520] GC(24760) Adaptive IHOP information (value update), threshold: 3664527B (34.26), internal target occupancy: 10695475B, occupancy: 12562880B, additional buffer size: 1048576B, predicted old gen allocation rate: 49571017.59B/s, predicted marking phase length: 120.68ms, prediction active: true
[2025-05-12T23:25:33.307+0300][1043.286s][36520] GC(24760) GC refinement: goal: 18446744073709551615 + 103 / 20.00ms, actual: 104 / 0.04ms, 
[2025-05-12T23:25:33.307+0300][1043.286s][36520] GC(24760) Unchanged pending cards target: 18446744073709551615
[2025-05-12T23:25:33.307+0300][1043.286s][36520] GC(24760)   Pre Evacuate Collection Set: 0.1ms
[2025-05-12T23:25:33.307+0300][1043.286s][36520] GC(24760)     Pre Evacuate Prepare: 0.0ms
[2025-05-12T23:25:33.307+0300][1043.286s][36520] GC(24760)       JT Retire TLABs And Flush Logs (ms): Min:  0.0, Avg:  0.0, Max:  0.0, Diff:  0.0, Sum:  0.0, Workers: 2
[2025-05-12T23:25:33.307+0300][1043.286s][36520] GC(24760)       Non-JT Flush Logs (ms):        Min:  0.0, Avg:  0.0, Max:  0.0, Diff:  0.0, Sum:  0.0, Workers: 1
[2025-05-12T23:25:33.307+0300][1043.286s][36520] GC(24760)     Choose Collection Set: 0.0ms
[2025-05-12T23:25:33.307+0300][1043.286s][36520] GC(24760)     Region Register: 0.0ms
[2025-05-12T23:25:33.307+0300][1043.286s][36520] GC(24760)     Prepare Heap Roots: 0.0ms
[2025-05-12T23:25:33.307+0300][1043.286s][36520] GC(24760)     Reset Marking State (ms):      Min:  0.0, Avg:  0.0, Max:  0.0, Diff:  0.0, Sum:  0.0, Workers: 1
[2025-05-12T23:25:33.307+0300][1043.286s][36520] GC(24760)     Note Start Of Mark (ms):       Min:  0.0, Avg:  0.0, Max:  0.0, Diff:  0.0, Sum:  0.0, Workers: 2
[2025-05-12T23:25:33.307+0300][1043.286s][36520] GC(24760)   Merge Heap Roots: 0.1ms
[2025-05-12T23:25:33.307+0300][1043.286s][36520] GC(24760)     Prepare Merge Heap Roots: 0.0ms
[2025-05-12T23:25:33.307+0300][1043.286s][36520] GC(24760)     Remembered Sets (ms):          Min:  0.0, Avg:  0.0, Max:  0.0, Diff:  0.0, Sum:  0.0, Workers: 2
[2025-05-12T23:25:33.307+0300][1043.286s][36520] GC(24760)       Eager Reclaim (ms):            skipped
[2025-05-12T23:25:33.307+0300][1043.286s][36520] GC(24760)       Merged Inline                  Min: 0, Avg:  0.0, Max: 0, Diff: 0, Sum: 0, Workers: 2
[2025-05-12T23:25:33.307+0300][1043.286s][36520] GC(24760)       Merged ArrayOfCards            Min: 0, Avg:  0.0, Max: 0, Diff: 0, Sum: 0, Workers: 2
[2025-05-12T23:25:33.307+0300][1043.286s][36520] GC(24760)       Merged Howl                    Min: 0, Avg:  0.0, Max: 0, Diff: 0, Sum: 0, Workers: 2
[2025-05-12T23:25:33.307+0300][1043.286s][36520] GC(24760)       Merged Full                    Min: 0, Avg:  0.0, Max: 0, Diff: 0, Sum: 0, Workers: 2
[2025-05-12T23:25:33.307+0300][1043.286s][36520] GC(24760)       Merged Howl Inline             Min: 0, Avg:  0.0, Max: 0, Diff: 0, Sum: 0, Workers: 2
[2025-05-12T23:25:33.307+0300][1043.286s][36520] GC(24760)       Merged Howl ArrayOfCards       Min: 0, Avg:  0.0, Max: 0, Diff: 0, Sum: 0, Workers: 2
[2025-05-12T23:25:33.307+0300][1043.286s][36520] GC(24760)       Merged Howl BitMap             Min: 0, Avg:  0.0, Max: 0, Diff: 0, Sum: 0, Workers: 2
[2025-05-12T23:25:33.307+0300][1043.286s][36520] GC(24760)       Merged Howl Full               Min: 0, Avg:  0.0, Max: 0, Diff: 0, Sum: 0, Workers: 2
[2025-05-12T23:25:33.307+0300][1043.286s][36520] GC(24760)       Merged Cards                   Min: 8, Avg:  8.0, Max: 8, Diff: 0, Sum: 16, Workers: 2
[2025-05-12T23:25:33.307+0300][1043.286s][36520] GC(24760)     Log Buffers (ms):              Min:  0.0, Avg:  0.0, Max:  0.0, Diff:  0.0, Sum:  0.0, Workers: 2
[2025-05-12T23:25:33.307+0300][1043.286s][36520] GC(24760)       Dirty Cards:                   Min: 0, Avg: 52.0, Max: 104, Diff: 104, Sum: 104, Workers: 2
[2025-05-12T23:25:33.307+0300][1043.286s][36520] GC(24760)       Skipped Cards:                 Min: 0, Avg:  0.0, Max: 0, Diff: 0, Sum: 0, Workers: 2
[2025-05-12T23:25:33.307+0300][1043.286s][36520] GC(24760)   Evacuate Collection Set: 0.4ms
[2025-05-12T23:25:33.307+0300][1043.286s][36520] GC(24760)     Ext Root Scanning (ms):        Min:  0.1, Avg:  0.1, Max:  0.2, Diff:  0.1, Sum:  0.3, Workers: 2
[2025-05-12T23:25:33.307+0300][1043.286s][36520] GC(24760)     Scan Heap Roots (ms):          Min:  0.0, Avg:  0.0, Max:  0.1, Diff:  0.1, Sum:  0.1, Workers: 2
[2025-05-12T23:25:33.307+0300][1043.286s][36520] GC(24760)       Scanned Cards:                 Min: 7, Avg: 52.0, Max: 97, Diff: 90, Sum: 104, Workers: 2
[2025-05-12T23:25:33.307+0300][1043.286s][36520] GC(24760)       Scanned Blocks:                Min: 6, Avg: 37.0, Max: 68, Diff: 62, Sum: 74, Workers: 2
[2025-05-12T23:25:33.307+0300][1043.286s][36520] GC(24760)       Claimed Chunks:                Min: 2, Avg: 17.5, Max: 33, Diff: 31, Sum: 35, Workers: 2
[2025-05-12T23:25:33.307+0300][1043.286s][36520] GC(24760)       Found Roots:                   Min: 13, Avg: 58.0, Max: 103, Diff: 90, Sum: 116, Workers: 2
[2025-05-12T23:25:33.307+0300][1043.286s][36520] GC(24760)     Code Root Scan (ms):           Min:  0.0, Avg:  0.0, Max:  0.0, Diff:  0.0, Sum:  0.0, Workers: 2
[2025-05-12T23:25:33.307+0300][1043.286s][36520] GC(24760)     Object Copy (ms):              Min:  0.2, Avg:  0.2, Max:  0.2, Diff:  0.0, Sum:  0.3, Workers: 2
[2025-05-12T23:25:33.307+0300][1043.286s][36520] GC(24760)     Termination (ms):              Min:  0.0, Avg:  0.0, Max:  0.0, Diff:  0.0, Sum:  0.0, Workers: 2
[2025-05-12T23:25:33.307+0300][1043.286s][36520] GC(24760)       Termination Attempts:          Min: 1, Avg:  1.0, Max: 1, Diff: 0, Sum: 2, Workers: 2
[2025-05-12T23:25:33.307+0300][1043.286s][36520] GC(24760)     GC Worker Other (ms):          Min:  0.0, Avg:  0.0, Max:  0.0, Diff:  0.0, Sum:  0.0, Workers: 2
[2025-05-12T23:25:33.307+0300][1043.286s][36520] GC(24760)     GC Worker Total (ms):          Min:  0.3, Avg:  0.3, Max:  0.3, Diff:  0.0, Sum:  0.7, Workers: 2
[2025-05-12T23:25:33.307+0300][1043.286s][36520] GC(24760)   Post Evacuate Collection Set: 0.4ms
[2025-05-12T23:25:33.307+0300][1043.286s][36520] GC(24760)     NMethod List Cleanup: 0.0ms
[2025-05-12T23:25:33.307+0300][1043.286s][36520] GC(24760)     Reference Processing: 0.1ms
[2025-05-12T23:25:33.307+0300][1043.286s][36520] GC(24760)       Notify Soft/WeakReferences: 0.0ms
[2025-05-12T23:25:33.307+0300][1043.286s][36520] GC(24760)         SoftRef (ms):                  Min:  0.0, Avg:  0.0, Max:  0.0, Diff:  0.0, Sum:  0.0, Workers: 1
[2025-05-12T23:25:33.307+0300][1043.286s][36520] GC(24760)         WeakRef (ms):                  Min:  0.0, Avg:  0.0, Max:  0.0, Diff:  0.0, Sum:  0.0, Workers: 1
[2025-05-12T23:25:33.307+0300][1043.286s][36520] GC(24760)         FinalRef (ms):                 Min:  0.0, Avg:  0.0, Max:  0.0, Diff:  0.0, Sum:  0.0, Workers: 1
[2025-05-12T23:25:33.307+0300][1043.286s][36520] GC(24760)         Total (ms):                    Min:  0.0, Avg:  0.0, Max:  0.0, Diff:  0.0, Sum:  0.0, Workers: 1
[2025-05-12T23:25:33.307+0300][1043.286s][36520] GC(24760)       Notify and keep alive finalizable: 0.0ms
[2025-05-12T23:25:33.307+0300][1043.286s][36520] GC(24760)         FinalRef (ms):                 skipped
[2025-05-12T23:25:33.307+0300][1043.286s][36520] GC(24760)       Notify PhantomReferences: 0.0ms
[2025-05-12T23:25:33.307+0300][1043.286s][36520] GC(24760)         PhantomRef (ms):               skipped
[2025-05-12T23:25:33.307+0300][1043.286s][36520] GC(24760)       SoftReference Discovered: 0, Dropped: 0, Processed: 0
[2025-05-12T23:25:33.307+0300][1043.286s][36520] GC(24760)       WeakReference Discovered: 26, Dropped: 3, Processed: 23
[2025-05-12T23:25:33.307+0300][1043.286s][36520] GC(24760)       FinalReference Discovered: 0, Dropped: 0, Processed: 0
[2025-05-12T23:25:33.307+0300][1043.286s][36520] GC(24760)       PhantomReference Discovered: 0, Dropped: 0, Processed: 0
[2025-05-12T23:25:33.307+0300][1043.286s][36520] GC(24760)     Weak Processing: 0.1ms
[2025-05-12T23:25:33.307+0300][1043.286s][36520] GC(24760)       VM Weak                        Min:  0.0, Avg:  0.0, Max:  0.0, Diff:  0.0, Sum:  0.0, Workers: 10
[2025-05-12T23:25:33.307+0300][1043.286s][36520] GC(24760)         Dead                           Min: 0, Avg:  0.0, Max: 0, Diff: 0, Sum: 0, Workers: 10
[2025-05-12T23:25:33.307+0300][1043.286s][36520] GC(24760)         Total                          Min: 0, Avg:  6.7, Max: 59, Diff: 59, Sum: 67, Workers: 10
[2025-05-12T23:25:33.307+0300][1043.286s][36520] GC(24760)       ObjectSynchronizer Weak        Min:  0.0, Avg:  0.0, Max:  0.0, Diff:  0.0, Sum:  0.0, Workers: 10
[2025-05-12T23:25:33.307+0300][1043.286s][36520] GC(24760)         Dead                           Min: 0, Avg:  0.0, Max: 0, Diff: 0, Sum: 0, Workers: 10
[2025-05-12T23:25:33.307+0300][1043.286s][36520] GC(24760)         Total                          Min: 0, Avg:  0.1, Max: 1, Diff: 1, Sum: 1, Workers: 10
[2025-05-12T23:25:33.307+0300][1043.286s][36520] GC(24760)       JVMTI Tag Weak OopStorage      Min:  0.1, Avg:  0.1, Max:  0.1, Diff:  0.0, Sum:  0.6, Workers: 10
[2025-05-12T23:25:33.307+0300][1043.286s][36520] GC(24760)         Dead                           Min: 0, Avg:  0.0, Max: 0, Diff: 0, Sum: 0, Workers: 10
[2025-05-12T23:25:33.307+0300][1043.287s][36520] GC(24760)         Total                          Min: 5489, Avg: 6289.9, Max: 7486, Diff: 1997, Sum: 62899, Workers: 10
[2025-05-12T23:25:33.307+0300][1043.287s][36520] GC(24760)       StringTable Weak               Min:  0.0, Avg:  0.0, Max:  0.0, Diff:  0.0, Sum:  0.2, Workers: 10
[2025-05-12T23:25:33.307+0300][1043.287s][36520] GC(24760)         Dead                           Min: 0, Avg:  1.7, Max: 6, Diff: 6, Sum: 17, Workers: 10
[2025-05-12T23:25:33.307+0300][1043.287s][36520] GC(24760)         Total                          Min: 3518, Avg: 3952.9, Max: 4465, Diff: 947, Sum: 39529, Workers: 10
[2025-05-12T23:25:33.308+0300][1043.287s][36520] GC(24760)       ResolvedMethodTable Weak       Min:  0.0, Avg:  0.0, Max:  0.0, Diff:  0.0, Sum:  0.0, Workers: 10
[2025-05-12T23:25:33.308+0300][1043.287s][36520] GC(24760)         Dead                           Min: 0, Avg:  0.0, Max: 0, Diff: 0, Sum: 0, Workers: 10
[2025-05-12T23:25:33.308+0300][1043.287s][36520] GC(24760)         Total                          Min: 46, Avg: 68.5, Max: 126, Diff: 80, Sum: 685, Workers: 10
[2025-05-12T23:25:33.308+0300][1043.287s][36520] GC(24760)       JNI Weak                       Min:  0.0, Avg:  0.0, Max:  0.0, Diff:  0.0, Sum:  0.0, Workers: 10
[2025-05-12T23:25:33.308+0300][1043.287s][36520] GC(24760)         Dead                           Min: 0, Avg:  0.0, Max: 0, Diff: 0, Sum: 0, Workers: 10
[2025-05-12T23:25:33.308+0300][1043.287s][36520] GC(24760)         Total                          Min: 0, Avg:  1.1, Max: 11, Diff: 11, Sum: 11, Workers: 10
[2025-05-12T23:25:33.308+0300][1043.287s][36520] GC(24760)       StringDedup Table Weak         Min:  0.0, Avg:  0.0, Max:  0.0, Diff:  0.0, Sum:  0.0, Workers: 10
[2025-05-12T23:25:33.308+0300][1043.287s][36520] GC(24760)         Dead                           Min: 0, Avg:  0.0, Max: 0, Diff: 0, Sum: 0, Workers: 10
[2025-05-12T23:25:33.308+0300][1043.287s][36520] GC(24760)         Total                          Min: 0, Avg:  0.0, Max: 0, Diff: 0, Sum: 0, Workers: 10
[2025-05-12T23:25:33.308+0300][1043.287s][36520] GC(24760)       StringDedup Requests0 Weak     Min:  0.0, Avg:  0.0, Max:  0.0, Diff:  0.0, Sum:  0.0, Workers: 10
[2025-05-12T23:25:33.308+0300][1043.287s][36520] GC(24760)         Dead                           Min: 0, Avg:  0.0, Max: 0, Diff: 0, Sum: 0, Workers: 10
[2025-05-12T23:25:33.308+0300][1043.287s][36520] GC(24760)         Total                          Min: 0, Avg:  0.0, Max: 0, Diff: 0, Sum: 0, Workers: 10
[2025-05-12T23:25:33.308+0300][1043.287s][36520] GC(24760)       StringDedup Requests1 Weak     Min:  0.0, Avg:  0.0, Max:  0.0, Diff:  0.0, Sum:  0.0, Workers: 10
[2025-05-12T23:25:33.308+0300][1043.287s][36520] GC(24760)         Dead                           Min: 0, Avg:  0.0, Max: 0, Diff: 0, Sum: 0, Workers: 10
[2025-05-12T23:25:33.308+0300][1043.287s][36520] GC(24760)         Total                          Min: 0, Avg:  0.0, Max: 0, Diff: 0, Sum: 0, Workers: 10
[2025-05-12T23:25:33.308+0300][1043.287s][36520] GC(24760)       Weak JFR Old Object Samples    Min:  0.0, Avg:  0.0, Max:  0.0, Diff:  0.0, Sum:  0.0, Workers: 10
[2025-05-12T23:25:33.308+0300][1043.287s][36520] GC(24760)         Dead                           Min: 0, Avg:  0.0, Max: 0, Diff: 0, Sum: 0, Workers: 10
[2025-05-12T23:25:33.308+0300][1043.287s][36520] GC(24760)         Total                          Min: 0, Avg:  0.0, Max: 0, Diff: 0, Sum: 0, Workers: 10
[2025-05-12T23:25:33.308+0300][1043.287s][36520] GC(24760)     Post Evacuate Cleanup 1: 0.1ms
[2025-05-12T23:25:33.308+0300][1043.287s][36520] GC(24760)       Merge Per-Thread State (ms):   Min:  0.0, Avg:  0.0, Max:  0.0, Diff:  0.0, Sum:  0.0, Workers: 1
[2025-05-12T23:25:33.308+0300][1043.287s][36520] GC(24760)         Copied Bytes                   Min: 0, Avg:  0.0, Max: 0, Diff: 0, Sum: 0, Workers: 2
[2025-05-12T23:25:33.308+0300][1043.287s][36520] GC(24760)         LAB Waste                      Min: 0, Avg:  0.0, Max: 0, Diff: 0, Sum: 0, Workers: 2
[2025-05-12T23:25:33.308+0300][1043.287s][36520] GC(24760)         LAB Undo Waste                 Min: 0, Avg:  0.0, Max: 0, Diff: 0, Sum: 0, Workers: 2
[2025-05-12T23:25:33.308+0300][1043.287s][36520] GC(24760)       Clear Logged Cards (ms):       Min:  0.0, Avg:  0.0, Max:  0.0, Diff:  0.0, Sum:  0.0, Workers: 2
[2025-05-12T23:25:33.308+0300][1043.287s][36520] GC(24760)       Recalculate Used Memory (ms):  Min:  0.0, Avg:  0.0, Max:  0.0, Diff:  0.0, Sum:  0.0, Workers: 1
[2025-05-12T23:25:33.308+0300][1043.287s][36520] GC(24760)       Restore Retained Regions (ms): Min:  0.0, Avg:  0.0, Max:  0.0, Diff:  0.0, Sum:  0.1, Workers: 2
[2025-05-12T23:25:33.308+0300][1043.287s][36520] GC(24760)         Evacuation Failure Regions:    Min: 1, Avg:  1.0, Max: 1, Diff: 0, Sum: 1, Workers: 1
[2025-05-12T23:25:33.308+0300][1043.287s][36520] GC(24760)         Remove Self Forwards (ms):     Min:  0.0, Avg:  0.0, Max:  0.0, Diff:  0.0, Sum:  0.1, Workers: 2
[2025-05-12T23:25:33.308+0300][1043.287s][36520] GC(24760)           Forward Chunks:                Min: 24, Avg: 26.5, Max: 29, Diff: 5, Sum: 53, Workers: 2
[2025-05-12T23:25:33.308+0300][1043.287s][36520] GC(24760)           Empty Forward Chunks:          Min: 5, Avg:  5.5, Max: 6, Diff: 1, Sum: 11, Workers: 2
[2025-05-12T23:25:33.308+0300][1043.287s][36520] GC(24760)           Forward Objects:               Min: 1444, Avg: 1618.0, Max: 1792, Diff: 348, Sum: 3236, Workers: 2
[2025-05-12T23:25:33.308+0300][1043.287s][36520] GC(24760)           Forward Bytes:                 Min: 65960, Avg: 73908.0, Max: 81856, Diff: 15896, Sum: 147816, Workers: 2
[2025-05-12T23:25:33.308+0300][1043.287s][36520] GC(24760)     Post Evacuate Cleanup 2: 0.0ms
[2025-05-12T23:25:33.308+0300][1043.287s][36520] GC(24760)       Recalculate Used Memory (ms):  Min:  0.0, Avg:  0.0, Max:  0.0, Diff:  0.0, Sum:  0.0, Workers: 1
[2025-05-12T23:25:33.308+0300][1043.287s][36520] GC(24760)       Restore Preserved Marks (ms):  Min:  0.0, Avg:  0.0, Max:  0.0, Diff:  0.0, Sum:  0.0, Workers: 2
[2025-05-12T23:25:33.308+0300][1043.287s][36520] GC(24760)       Clear Retained Region Bitmaps (ms): skipped
[2025-05-12T23:25:33.308+0300][1043.287s][36520] GC(24760)       Update Derived Pointers (ms):  Min:  0.0, Avg:  0.0, Max:  0.0, Diff:  0.0, Sum:  0.0, Workers: 1
[2025-05-12T23:25:33.308+0300][1043.287s][36520] GC(24760)       Eagerly Reclaim Humongous Objects (ms): skipped
[2025-05-12T23:25:33.308+0300][1043.287s][36520] GC(24760)         Humongous Total                skipped
[2025-05-12T23:25:33.308+0300][1043.287s][36520] GC(24760)         Humongous Candidates           skipped
[2025-05-12T23:25:33.308+0300][1043.287s][36520] GC(24760)         Humongous Reclaimed            skipped
[2025-05-12T23:25:33.308+0300][1043.287s][36520] GC(24760)       Redirty Logged Cards (ms):     Min:  0.0, Avg:  0.0, Max:  0.0, Diff:  0.0, Sum:  0.0, Workers: 2
[2025-05-12T23:25:33.308+0300][1043.287s][36520] GC(24760)         Redirtied Cards:               Min: 0, Avg:  0.0, Max: 0, Diff: 0, Sum: 0, Workers: 2
[2025-05-12T23:25:33.308+0300][1043.287s][36520] GC(24760)       Resize TLABs (ms):             Min:  0.0, Avg:  0.0, Max:  0.0, Diff:  0.0, Sum:  0.0, Workers: 2
[2025-05-12T23:25:33.308+0300][1043.287s][36520] GC(24760)       Free Collection Set (ms):      Min:  0.0, Avg:  0.0, Max:  0.0, Diff:  0.0, Sum:  0.0, Workers: 2
[2025-05-12T23:25:33.308+0300][1043.287s][36520] GC(24760)     Rebuild Free List: 0.0ms
[2025-05-12T23:25:33.308+0300][1043.287s][36520] GC(24760)     Prepare For Mutator: 0.1ms
[2025-05-12T23:25:33.308+0300][1043.287s][36520] GC(24760)     Expand Heap After Collection: 0.0ms
[2025-05-12T23:25:33.308+0300][1043.287s][36520] GC(24760)   Other: 0.2ms
[2025-05-12T23:25:33.308+0300][1043.287s][36520] GC(24760) Coarsening (recent): Inline->AoC 0 (0) AoC->Howl 0 (0) Howl->Full 0 (0) Inline->AoC 0 (0) AoC->BitMap 0 (0) BitMap->Full 0 (0) 
[2025-05-12T23:25:33.308+0300][1043.287s][36520] GC(24760) Coarsening (all): Inline->AoC 10920 (0) AoC->Howl 7731 (0) Howl->Full 0 (0) Inline->AoC 10809 (0) AoC->BitMap 7399 (0) BitMap->Full 0 (0) 
[2025-05-12T23:25:33.308+0300][1043.287s][36520] GC(24760) Eden regions: 1->0(0)
[2025-05-12T23:25:33.308+0300][1043.287s][36520] GC(24760) Survivor regions: 0->0(0)
[2025-05-12T23:25:33.308+0300][1043.287s][36520] GC(24760) Old regions: 11->12
[2025-05-12T23:25:33.308+0300][1043.287s][36520] GC(24760) Humongous regions: 0->0
[2025-05-12T23:25:33.308+0300][1043.287s][36520] GC(24760) Metaspace: 10759K(12736K)->10759K(12736K) NonClass: 9683K(11328K)->9683K(11328K) Class: 1076K(1408K)->1076K(1408K)
[2025-05-12T23:25:33.308+0300][1043.287s][36520] GC(24760) Heap after GC invocations=21214 (full 7113):
[2025-05-12T23:25:33.308+0300][1043.287s][36520] GC(24760)  garbage-first heap   total 12288K, used 12268K [0x00000000ff400000, 0x0000000100000000)
[2025-05-12T23:25:33.308+0300][1043.287s][36520] GC(24760)   region size 1024K, 0 young (0K), 0 survivors (0K)
[2025-05-12T23:25:33.308+0300][1043.287s][36520] GC(24760)  Metaspace       used 10759K, committed 12736K, reserved 1114112K
[2025-05-12T23:25:33.308+0300][1043.287s][36520] GC(24760)   class space    used 1076K, committed 1408K, reserved 1048576K
[2025-05-12T23:25:33.308+0300][1043.287s][36520] GC(24760) Pause Young (Concurrent Start) (G1 Evacuation Pause) (Evacuation Failure) 11M->11M(12M) 2.347ms
[2025-05-12T23:25:33.308+0300][1043.287s][36520] GC(24760) User=0.00s Sys=0.00s Real=0.00s
[2025-05-12T23:25:33.308+0300][1043.287s][36520] Attempt heap expansion (allocation request failed). Allocation request: 16400B
[2025-05-12T23:25:33.308+0300][1043.287s][34628] GC(24761) Concurrent Mark Cycle
[2025-05-12T23:25:33.308+0300][1043.287s][36520] Expand the heap. requested expansion amount: 1048576B expansion amount: 1048576B
[2025-05-12T23:25:33.308+0300][1043.287s][34628] GC(24761) Concurrent Scan Root Regions
[2025-05-12T23:25:33.308+0300][1043.287s][36520] Did not expand the heap (heap already fully expanded)
[2025-05-12T23:25:33.308+0300][1043.287s][34628] GC(24761) Concurrent Scan Root Regions 0.034ms
[2025-05-12T23:25:33.308+0300][1043.287s][36520] Attempting full compaction
[2025-05-12T23:25:33.308+0300][1043.287s][34628] GC(24761) Concurrent Mark
[2025-05-12T23:25:33.308+0300][1043.287s][36520] GC(24762) Pause Full (G1 Compaction Pause)
[2025-05-12T23:25:33.308+0300][1043.287s][34628] GC(24761) Concurrent Mark From Roots
[2025-05-12T23:25:33.308+0300][1043.287s][36520] GC(24762) Heap before GC invocations=21214 (full 7113):
[2025-05-12T23:25:33.308+0300][1043.287s][34628] GC(24761) Using 3 workers of 3 for marking
[2025-05-12T23:25:33.308+0300][1043.287s][36520] GC(24762)  garbage-first heap   total 12288K, used 12268K [0x00000000ff400000, 0x0000000100000000)
[2025-05-12T23:25:33.308+0300][1043.287s][36520] GC(24762)   region size 1024K, 0 young (0K), 0 survivors (0K)
[2025-05-12T23:25:33.308+0300][1043.287s][36520] GC(24762)  Metaspace       used 10759K, committed 12736K, reserved 1114112K
[2025-05-12T23:25:33.308+0300][1043.287s][36520] GC(24762)   class space    used 1076K, committed 1408K, reserved 1048576K
[2025-05-12T23:25:33.308+0300][1043.287s][36520] GC(24762) Requesting 1 active workers for full compaction (waste limited workers: 1, adaptive workers: 2, used limited workers: 12)
[2025-05-12T23:25:33.308+0300][1043.287s][36520] GC(24762) Using 1 workers of 10 for full compaction
[2025-05-12T23:25:33.308+0300][1043.287s][36520] GC(24762) Clear Bitmap
[2025-05-12T23:25:33.308+0300][1043.287s][36520] GC(24762) Running G1 Clear Bitmap with 1 workers for 1 work units.
[2025-05-12T23:25:33.308+0300][1043.288s][36520] GC(24762) Clear Bitmap 0.048ms
[2025-05-12T23:25:33.309+0300][1043.288s][36520] GC(24762) Mutator Allocation stats, regions: 0, wasted size: 0B ( 0.0%)
[2025-05-12T23:25:33.309+0300][1043.288s][36520] GC(24762) Phase 1: Mark live objects
[2025-05-12T23:25:33.315+0300][1043.294s][36520] GC(24762) Phase 1: Reference Processing
[2025-05-12T23:25:33.315+0300][1043.294s][36520] GC(24762) ReferenceProcessor::execute queues: 1, RefProcThreadModel::Single, marks_oops_alive: false
[2025-05-12T23:25:33.315+0300][1043.294s][36520] GC(24762) Skipped KeepAliveFinalRefsPhase of Reference Processing: no references
[2025-05-12T23:25:33.315+0300][1043.294s][36520] GC(24762) ReferenceProcessor::execute queues: 1, RefProcThreadModel::Single, marks_oops_alive: false
[2025-05-12T23:25:33.315+0300][1043.294s][36520] GC(24762) Reference Processing: 0.0ms
[2025-05-12T23:25:33.315+0300][1043.294s][36520] GC(24762)   Notify Soft/WeakReferences: 0.0ms
[2025-05-12T23:25:33.315+0300][1043.294s][36520] GC(24762)     SoftRef: 0.0ms
[2025-05-12T23:25:33.315+0300][1043.294s][36520] GC(24762)     WeakRef: 0.0ms
[2025-05-12T23:25:33.315+0300][1043.294s][36520] GC(24762)     FinalRef: 0.0ms
[2025-05-12T23:25:33.315+0300][1043.294s][36520] GC(24762)     Total: 0.0ms
[2025-05-12T23:25:33.315+0300][1043.294s][36520] GC(24762)   Notify and keep alive finalizable: 0.0ms
[2025-05-12T23:25:33.315+0300][1043.295s][36520] GC(24762)     FinalRef: skipped
[2025-05-12T23:25:33.315+0300][1043.295s][36520] GC(24762)   Notify PhantomReferences: 0.0ms
[2025-05-12T23:25:33.315+0300][1043.295s][36520] GC(24762)     PhantomRef: 0.0ms
[2025-05-12T23:25:33.315+0300][1043.295s][36520] GC(24762)   SoftReference Discovered: 46, Dropped: 4, Processed: 42
[2025-05-12T23:25:33.315+0300][1043.295s][36520] GC(24762)   WeakReference Discovered: 33, Dropped: 14, Processed: 19
[2025-05-12T23:25:33.315+0300][1043.295s][36520] GC(24762)   FinalReference Discovered: 0, Dropped: 0, Processed: 0
[2025-05-12T23:25:33.315+0300][1043.295s][36520] GC(24762)   PhantomReference Discovered: 23, Dropped: 23, Processed: 0
[2025-05-12T23:25:33.315+0300][1043.295s][36520] GC(24762) Phase 1: Reference Processing 0.193ms
[2025-05-12T23:25:33.315+0300][1043.295s][36520] GC(24762) Phase 1: Weak Processing
[2025-05-12T23:25:33.315+0300][1043.295s][36520] GC(24762)   VM Weak                        Min:  0.0, Avg:  0.0, Max:  0.0, Diff:  0.0, Sum:  0.0, Workers: 10
[2025-05-12T23:25:33.315+0300][1043.295s][36520] GC(24762)     Dead                           Min: 0, Avg:  2.0, Max: 20, Diff: 20, Sum: 20, Workers: 10
[2025-05-12T23:25:33.315+0300][1043.295s][36520] GC(24762)     Total                          Min: 0, Avg:  6.7, Max: 41, Diff: 41, Sum: 67, Workers: 10
[2025-05-12T23:25:33.315+0300][1043.295s][36520] GC(24762)   ObjectSynchronizer Weak        Min:  0.0, Avg:  0.0, Max:  0.0, Diff:  0.0, Sum:  0.0, Workers: 10
[2025-05-12T23:25:33.315+0300][1043.295s][36520] GC(24762)     Dead                           Min: 0, Avg:  0.0, Max: 0, Diff: 0, Sum: 0, Workers: 10
[2025-05-12T23:25:33.315+0300][1043.295s][36520] GC(24762)     Total                          Min: 0, Avg:  0.1, Max: 1, Diff: 1, Sum: 1, Workers: 10
[2025-05-12T23:25:33.315+0300][1043.295s][36520] GC(24762)   JVMTI Tag Weak OopStorage      Min:  0.0, Avg:  0.1, Max:  0.1, Diff:  0.0, Sum:  0.6, Workers: 10
[2025-05-12T23:25:33.315+0300][1043.295s][36520] GC(24762)     Dead                           Min: 0, Avg:  2.0, Max: 20, Diff: 20, Sum: 20, Workers: 10
[2025-05-12T23:25:33.315+0300][1043.295s][36520] GC(24762)     Total                          Min: 5309, Avg: 6289.9, Max: 7456, Diff: 2147, Sum: 62899, Workers: 10
[2025-05-12T23:25:33.315+0300][1043.295s][36520] GC(24762)   StringTable Weak               Min:  0.0, Avg:  0.0, Max:  0.0, Diff:  0.0, Sum:  0.2, Workers: 10
[2025-05-12T23:25:33.315+0300][1043.295s][36520] GC(24762)     Dead                           Min: 0, Avg:  7.3, Max: 36, Diff: 36, Sum: 73, Workers: 10
[2025-05-12T23:25:33.315+0300][1043.295s][36520] GC(24762)     Total                          Min: 1792, Avg: 3952.9, Max: 4480, Diff: 2688, Sum: 39529, Workers: 10
[2025-05-12T23:25:33.315+0300][1043.295s][36520] GC(24762)   ResolvedMethodTable Weak       Min:  0.0, Avg:  0.0, Max:  0.0, Diff:  0.0, Sum:  0.0, Workers: 10
[2025-05-12T23:25:33.315+0300][1043.295s][36520] GC(24762)     Dead                           Min: 0, Avg:  3.7, Max: 11, Diff: 11, Sum: 37, Workers: 10
[2025-05-12T23:25:33.315+0300][1043.295s][36520] GC(24762)     Total                          Min: 0, Avg: 68.5, Max: 132, Diff: 132, Sum: 685, Workers: 10
[2025-05-12T23:25:33.315+0300][1043.295s][36520] GC(24762)   JNI Weak                       Min:  0.0, Avg:  0.0, Max:  0.0, Diff:  0.0, Sum:  0.0, Workers: 10
[2025-05-12T23:25:33.315+0300][1043.295s][36520] GC(24762)     Dead                           Min: 0, Avg:  0.0, Max: 0, Diff: 0, Sum: 0, Workers: 10
[2025-05-12T23:25:33.315+0300][1043.295s][36520] GC(24762)     Total                          Min: 0, Avg:  1.1, Max: 11, Diff: 11, Sum: 11, Workers: 10
[2025-05-12T23:25:33.315+0300][1043.295s][36520] GC(24762)   StringDedup Table Weak         Min:  0.0, Avg:  0.0, Max:  0.0, Diff:  0.0, Sum:  0.0, Workers: 10
[2025-05-12T23:25:33.315+0300][1043.295s][36520] GC(24762)     Dead                           Min: 0, Avg:  0.0, Max: 0, Diff: 0, Sum: 0, Workers: 10
[2025-05-12T23:25:33.315+0300][1043.295s][36520] GC(24762)     Total                          Min: 0, Avg:  0.0, Max: 0, Diff: 0, Sum: 0, Workers: 10
[2025-05-12T23:25:33.315+0300][1043.295s][36520] GC(24762)   StringDedup Requests0 Weak     Min:  0.0, Avg:  0.0, Max:  0.0, Diff:  0.0, Sum:  0.0, Workers: 10
[2025-05-12T23:25:33.315+0300][1043.295s][36520] GC(24762)     Dead                           Min: 0, Avg:  0.0, Max: 0, Diff: 0, Sum: 0, Workers: 10
[2025-05-12T23:25:33.315+0300][1043.295s][36520] GC(24762)     Total                          Min: 0, Avg:  0.0, Max: 0, Diff: 0, Sum: 0, Workers: 10
[2025-05-12T23:25:33.315+0300][1043.295s][36520] GC(24762)   StringDedup Requests1 Weak     Min:  0.0, Avg:  0.0, Max:  0.0, Diff:  0.0, Sum:  0.0, Workers: 10
[2025-05-12T23:25:33.315+0300][1043.295s][36520] GC(24762)     Dead                           Min: 0, Avg:  0.0, Max: 0, Diff: 0, Sum: 0, Workers: 10
[2025-05-12T23:25:33.315+0300][1043.295s][36520] GC(24762)     Total                          Min: 0, Avg:  0.0, Max: 0, Diff: 0, Sum: 0, Workers: 10
[2025-05-12T23:25:33.315+0300][1043.295s][36520] GC(24762)   Weak JFR Old Object Samples    Min:  0.0, Avg:  0.0, Max:  0.0, Diff:  0.0, Sum:  0.0, Workers: 10
[2025-05-12T23:25:33.315+0300][1043.295s][36520] GC(24762)     Dead                           Min: 0, Avg:  0.0, Max: 0, Diff: 0, Sum: 0, Workers: 10
[2025-05-12T23:25:33.315+0300][1043.295s][36520] GC(24762)     Total                          Min: 0, Avg:  0.0, Max: 0, Diff: 0, Sum: 0, Workers: 10
[2025-05-12T23:25:33.315+0300][1043.295s][36520] GC(24762) Phase 1: Weak Processing 0.449ms
[2025-05-12T23:25:33.315+0300][1043.295s][36520] GC(24762) Phase 1: Class Unloading and Cleanup
[2025-05-12T23:25:33.315+0300][1043.295s][36520] GC(24762) ClassLoaderData
[2025-05-12T23:25:33.316+0300][1043.295s][36520] GC(24762) ClassLoaderData 0.073ms
[2025-05-12T23:25:33.316+0300][1043.295s][36520] GC(24762) Trigger cleanups
[2025-05-12T23:25:33.316+0300][1043.295s][36520] GC(24762) Trigger cleanups 0.009ms
[2025-05-12T23:25:33.319+0300][1043.299s][36520] GC(24762) Phase 1: Class Unloading and Cleanup 3.766ms
[2025-05-12T23:25:33.319+0300][1043.299s][36520] GC(24762) Report Object Count
[2025-05-12T23:25:33.319+0300][1043.299s][36520] GC(24762) Report Object Count 0.014ms
[2025-05-12T23:25:33.319+0300][1043.299s][36520] GC(24762) Phase 1: Mark live objects 11.295ms
[2025-05-12T23:25:33.319+0300][1043.299s][36520] GC(24762) Phase 2: Prepare compaction
[2025-05-12T23:25:33.319+0300][1043.299s][36520] GC(24762) Phase 2: Determine work lists
[2025-05-12T23:25:33.319+0300][1043.299s][36520] GC(24762) Phase 2: Determine work lists 0.010ms
[2025-05-12T23:25:33.319+0300][1043.299s][36520] GC(24762) Phase 2: Prepare parallel compaction
[2025-05-12T23:25:33.320+0300][1043.299s][36520] GC(24762) Phase 2: Prepare parallel compaction 0.177ms
[2025-05-12T23:25:33.320+0300][1043.299s][36520] GC(24762) Phase 2: Prepare compaction 0.223ms
[2025-05-12T23:25:33.320+0300][1043.299s][36520] GC(24762) Phase 3: Adjust pointers
[2025-05-12T23:25:33.324+0300][1043.303s][36520] GC(24762) Phase 3: Adjust pointers 4.033ms
[2025-05-12T23:25:33.324+0300][1043.303s][36520] GC(24762) Phase 4: Compact heap
[2025-05-12T23:25:33.324+0300][1043.303s][36520] GC(24762) Phase 4: Compact heap 0.137ms
[2025-05-12T23:25:33.324+0300][1043.303s][36520] GC(24762) Phase 5: Reset Metadata
[2025-05-12T23:25:33.326+0300][1043.305s][36520] GC(24762) Phase 5: Reset Metadata 1.314ms
[2025-05-12T23:25:33.326+0300][1043.305s][36520] GC(24762) Running G1 Clear Bitmap with 1 workers for 1 work units.
[2025-05-12T23:25:33.327+0300][1043.306s][36520] Old generation allocation in the last mutator period, old gen allocated: 0B, humongous allocated: 0B, old gen growth: 0B.
[2025-05-12T23:25:33.327+0300][1043.306s][36520] GC(24762) Coarsening (recent): Inline->AoC 0 (0) AoC->Howl 0 (0) Howl->Full 0 (0) Inline->AoC 0 (0) AoC->BitMap 0 (0) BitMap->Full 0 (0) 
[2025-05-12T23:25:33.327+0300][1043.306s][36520] GC(24762) Coarsening (all): Inline->AoC 10920 (0) AoC->Howl 7731 (0) Howl->Full 0 (0) Inline->AoC 10809 (0) AoC->BitMap 7399 (0) BitMap->Full 0 (0) 
[2025-05-12T23:25:33.327+0300][1043.306s][36520] GC(24762) Eden regions: 0->0(1)
[2025-05-12T23:25:33.327+0300][1043.306s][36520] GC(24762) Survivor regions: 0->0(0)
[2025-05-12T23:25:33.327+0300][1043.306s][36520] GC(24762) Old regions: 12->11
[2025-05-12T23:25:33.327+0300][1043.306s][36520] GC(24762) Humongous regions: 0->0
[2025-05-12T23:25:33.327+0300][1043.306s][36520] GC(24762) Metaspace: 10759K(12736K)->10718K(12736K) NonClass: 9683K(11328K)->9653K(11328K) Class: 1076K(1408K)->1064K(1408K)
[2025-05-12T23:25:33.327+0300][1043.306s][36520] GC(24762) Heap after GC invocations=21215 (full 7114):
[2025-05-12T23:25:33.327+0300][1043.306s][36520] GC(24762)  garbage-first heap   total 12288K, used 11215K [0x00000000ff400000, 0x0000000100000000)
[2025-05-12T23:25:33.327+0300][1043.306s][36520] GC(24762)   region size 1024K, 0 young (0K), 0 survivors (0K)
[2025-05-12T23:25:33.327+0300][1043.306s][36520] GC(24762)  Metaspace       used 10718K, committed 12736K, reserved 1114112K
[2025-05-12T23:25:33.327+0300][1043.306s][36520] GC(24762)   class space    used 1064K, committed 1408K, reserved 1048576K
[2025-05-12T23:25:33.327+0300][1043.306s][36520] GC(24762) Pause Full (G1 Compaction Pause) 11M->10M(12M) 19.050ms
[2025-05-12T23:25:33.327+0300][1043.306s][36520] GC(24762) User=0.00s Sys=0.00s Real=0.02s
[2025-05-12T23:25:33.327+0300][1043.306s][34628] ---------------------------------------------------------------------
[2025-05-12T23:25:33.327+0300][1043.306s][9340 ] G1 Service Thread (Card Set Free Memory Task) (run: 20.582ms) (cpu: 0.000ms)
[2025-05-12T23:25:33.327+0300][1043.306s][34628] Marking Stats, task = 0, calls = 0
[2025-05-12T23:25:33.327+0300][1043.306s][34628]   Elapsed time = 0.00ms, Termination time = 0.00ms
[2025-05-12T23:25:33.327+0300][1043.306s][34628]   Step Times (cum): num = 5369, avg = 0.16ms, sd = 1.55ms max = 16.00ms, total = 833.00ms
[2025-05-12T23:25:33.327+0300][1043.306s][34628]   Mark Stats Cache: hits 4662 misses 0 ratio 100.000
[2025-05-12T23:25:33.327+0300][1043.307s][34628] ---------------------------------------------------------------------
[2025-05-12T23:25:33.327+0300][1043.307s][34628] Marking Stats, task = 1, calls = 0
[2025-05-12T23:25:33.328+0300][1043.307s][34628]   Elapsed time = 0.00ms, Termination time = 0.00ms
[2025-05-12T23:25:33.328+0300][1043.307s][34628]   Step Times (cum): num = 13793, avg = 0.02ms, sd = 0.58ms max = 16.00ms, total = 296.00ms
[2025-05-12T23:25:33.328+0300][1043.307s][34628]   Mark Stats Cache: hits 1755 misses 0 ratio 100.000
[2025-05-12T23:25:33.328+0300][1043.307s][34628] ---------------------------------------------------------------------
[2025-05-12T23:25:33.328+0300][1043.307s][34628] Marking Stats, task = 2, calls = 0
[2025-05-12T23:25:33.328+0300][1043.307s][34628]   Elapsed time = 0.00ms, Termination time = 0.00ms
[2025-05-12T23:25:33.328+0300][1043.307s][34628]   Step Times (cum): num = 13231, avg = 0.02ms, sd = 0.61ms max = 16.00ms, total = 313.00ms
[2025-05-12T23:25:33.328+0300][1043.307s][34628]   Mark Stats Cache: hits 0 misses 0 ratio 0.000
[2025-05-12T23:25:33.328+0300][1043.307s][34628] ---------------------------------------------------------------------
[2025-05-12T23:25:33.328+0300][1043.307s][34628] GC(24761) Concurrent Mark From Roots 19.372ms
[2025-05-12T23:25:33.328+0300][1043.307s][34628] GC(24761) Concurrent Mark Abort
[2025-05-12T23:25:33.328+0300][1043.307s][34628] GC(24761) Concurrent Mark Cycle 19.540ms
[2025-05-12T23:25:33.356+0300][1043.335s][36520] GC(24763) Pause Young (Normal) (G1 Evacuation Pause)
[2025-05-12T23:25:33.356+0300][1043.335s][36520] GC(24763) Heap before GC invocations=21215 (full 7114):
[2025-05-12T23:25:33.356+0300][1043.335s][36520] GC(24763)  garbage-first heap   total 12288K, used 12239K [0x00000000ff400000, 0x0000000100000000)
[2025-05-12T23:25:33.356+0300][1043.335s][36520] GC(24763)   region size 1024K, 1 young (1024K), 0 survivors (0K)
[2025-05-12T23:25:33.356+0300][1043.335s][36520] GC(24763)  Metaspace       used 10759K, committed 12736K, reserved 1114112K
[2025-05-12T23:25:33.356+0300][1043.335s][36520] GC(24763)   class space    used 1076K, committed 1408K, reserved 1048576K
[2025-05-12T23:25:33.356+0300][1043.335s][36520] GC(24763) Using 2 workers of 10 for evacuation
[2025-05-12T23:25:33.356+0300][1043.335s][36520] GC(24763) Desired survivor size 524288 bytes, new threshold 15 (max threshold 15)
[2025-05-12T23:25:33.356+0300][1043.335s][36520] GC(24763) TLAB totals: thrds: 1  refills: 311 max: 311 slow allocs: 152 max 152 waste: 22.0% gc: 0B max: 0B slow: 186232B max: 186232B
[2025-05-12T23:25:33.356+0300][1043.335s][36520] GC(24763) Mutator refinement: 0.00ms, refined: 0, precleaned: 0, dirtied: 99
[2025-05-12T23:25:33.356+0300][1043.335s][36520] GC(24763) Concurrent refinement: 0.00ms, refined: 0, precleaned: 0, dirtied: 0
[2025-05-12T23:25:33.356+0300][1043.335s][36520] GC(24763) Total refinement: 0.00ms, refined: 0, precleaned: 0, dirtied: 99
[2025-05-12T23:25:33.356+0300][1043.335s][36520] GC(24763) Generate dirty cards rate: 3.47 cards/ms
[2025-05-12T23:25:33.356+0300][1043.335s][36520] GC(24763) Mutator Allocation stats, regions: 1, wasted size: 1040B ( 0.1%)
[2025-05-12T23:25:33.356+0300][1043.335s][36520] GC(24763) No candidates to reclaim.
[2025-05-12T23:25:33.356+0300][1043.335s][36520] GC(24763) Running G1 Merge Heap Roots using 2 workers for 1 regions
[2025-05-12T23:25:33.356+0300][1043.335s][36520] GC(24763) Visited cards 1056 Total dirty 12288 (8.59%) Total old 26624 (3.97%)
[2025-05-12T23:25:33.356+0300][1043.335s][18860] GC(24763) Attempt heap expansion (region allocation request failed). Allocation request: 2064B
[2025-05-12T23:25:33.356+0300][1043.335s][18860] GC(24763) Did not expand the heap (heap already fully expanded)
[2025-05-12T23:25:33.356+0300][1043.335s][36520] GC(24763) ReferenceProcessor::execute queues: 1, RefProcThreadModel::Single, marks_oops_alive: false
[2025-05-12T23:25:33.356+0300][1043.335s][36520] GC(24763) Skipped KeepAliveFinalRefsPhase of Reference Processing: no references
[2025-05-12T23:25:33.356+0300][1043.335s][36520] GC(24763) Skipped PhantomRefsPhase of Reference Processing: no references
[2025-05-12T23:25:33.356+0300][1043.335s][36520] GC(24763) Initializing removing self forwards with 64 chunks per region
[2025-05-12T23:25:33.357+0300][1043.335s][36520] GC(24763) Running G1 Rebuild Free List Task using 2 workers for rebuilding free list of regions
[2025-05-12T23:25:33.357+0300][1043.336s][36520] GC(24763) Young PLAB allocation: allocated: 0B, wasted: 0B, unused: 0B, used: 0B, undo waste: 0B, 
[2025-05-12T23:25:33.357+0300][1043.336s][36520] GC(24763) Young other allocation: region end waste: 0B, regions filled: 0, num plab filled: 2, direct allocated: 0B, num direct allocated: 0, failure used: 0B, failure wasted: 0B
[2025-05-12T23:25:33.357+0300][1043.336s][36520] GC(24763) Young sizing: calculated: 0B, actual: 2064B
[2025-05-12T23:25:33.357+0300][1043.336s][36520] GC(24763) Old PLAB allocation: allocated: 0B, wasted: 0B, unused: 0B, used: 0B, undo waste: 0B, 
[2025-05-12T23:25:33.357+0300][1043.336s][36520] GC(24763) Old other allocation: region end waste: 0B, regions filled: 0, num plab filled: 2, direct allocated: 0B, num direct allocated: 0, failure used: 151432B, failure wasted: 897144B
[2025-05-12T23:25:33.357+0300][1043.336s][36520] GC(24763) Old sizing: calculated: 0B, actual: 2064B
[2025-05-12T23:25:33.357+0300][1043.336s][36520] GC(24763) Heap expansion: short term pause time ratio 38.24% long term pause time ratio 42.24% threshold 7.69% pause time ratio 7.69% fully expanded true resize by 0B
[2025-05-12T23:25:33.357+0300][1043.336s][9340 ] G1 Service Thread (Card Set Free Memory Task) (run 0.009ms after schedule)
[2025-05-12T23:25:33.357+0300][1043.336s][36520] GC(24763) Request concurrent cycle initiation (occupancy higher than threshold) occupancy: 12582912B allocation request: 0B threshold: 3664527B (29.12) source: end of GC
[2025-05-12T23:25:33.357+0300][1043.336s][36520] GC(24763) MMU: 5.6ms (200.0ms/201.0ms)
[2025-05-12T23:25:33.357+0300][1043.336s][36520] Old generation allocation in the last mutator period, old gen allocated: 1048576B, humongous allocated: 0B, old gen growth: 1048576B.
[2025-05-12T23:25:33.357+0300][1043.336s][36520] GC(24763) Basic information (value update), threshold: 3718459B (29.55), target occupancy: 12582912B, current occupancy: 12533168B, recent allocation size: 1048576B, recent allocation duration: 28.54ms, recent old gen allocation rate: 36737227.86B/s, recent marking phase length: 120.12ms
[2025-05-12T23:25:33.357+0300][1043.336s][36520] GC(24763) Adaptive IHOP information (value update), threshold: 3718459B (34.77), internal target occupancy: 10695475B, occupancy: 12533168B, additional buffer size: 1048576B, predicted old gen allocation rate: 49124124.65B/s, predicted marking phase length: 120.68ms, prediction active: true
[2025-05-12T23:25:33.357+0300][1043.336s][36520] GC(24763) GC refinement: goal: 18446744073709551615 + 102 / 20.00ms, actual: 99 / 0.04ms, 
[2025-05-12T23:25:33.357+0300][1043.336s][36520] GC(24763) Unchanged pending cards target: 18446744073709551615
[2025-05-12T23:25:33.357+0300][1043.336s][36520] GC(24763)   Pre Evacuate Collection Set: 0.1ms
[2025-05-12T23:25:33.357+0300][1043.336s][36520] GC(24763)     Pre Evacuate Prepare: 0.0ms
[2025-05-12T23:25:33.357+0300][1043.336s][36520] GC(24763)       JT Retire TLABs And Flush Logs (ms): Min:  0.0, Avg:  0.0, Max:  0.0, Diff:  0.0, Sum:  0.0, Workers: 2
[2025-05-12T23:25:33.357+0300][1043.336s][36520] GC(24763)       Non-JT Flush Logs (ms):        Min:  0.0, Avg:  0.0, Max:  0.0, Diff:  0.0, Sum:  0.0, Workers: 1
[2025-05-12T23:25:33.357+0300][1043.336s][36520] GC(24763)     Choose Collection Set: 0.0ms
[2025-05-12T23:25:33.357+0300][1043.336s][36520] GC(24763)     Region Register: 0.0ms
[2025-05-12T23:25:33.357+0300][1043.336s][36520] GC(24763)     Prepare Heap Roots: 0.0ms
[2025-05-12T23:25:33.357+0300][1043.336s][36520] GC(24763)   Merge Heap Roots: 0.1ms
[2025-05-12T23:25:33.357+0300][1043.336s][36520] GC(24763)     Prepare Merge Heap Roots: 0.0ms
[2025-05-12T23:25:33.357+0300][1043.336s][36520] GC(24763)     Remembered Sets (ms):          Min:  0.0, Avg:  0.0, Max:  0.0, Diff:  0.0, Sum:  0.0, Workers: 2
[2025-05-12T23:25:33.357+0300][1043.336s][36520] GC(24763)       Eager Reclaim (ms):            skipped
[2025-05-12T23:25:33.357+0300][1043.336s][36520] GC(24763)       Merged Inline                  Min: 0, Avg:  0.0, Max: 0, Diff: 0, Sum: 0, Workers: 2
[2025-05-12T23:25:33.357+0300][1043.336s][36520] GC(24763)       Merged ArrayOfCards            Min: 0, Avg:  0.0, Max: 0, Diff: 0, Sum: 0, Workers: 2
[2025-05-12T23:25:33.357+0300][1043.336s][36520] GC(24763)       Merged Howl                    Min: 0, Avg:  0.0, Max: 0, Diff: 0, Sum: 0, Workers: 2
[2025-05-12T23:25:33.357+0300][1043.336s][36520] GC(24763)       Merged Full                    Min: 0, Avg:  0.0, Max: 0, Diff: 0, Sum: 0, Workers: 2
[2025-05-12T23:25:33.357+0300][1043.336s][36520] GC(24763)       Merged Howl Inline             Min: 0, Avg:  0.0, Max: 0, Diff: 0, Sum: 0, Workers: 2
[2025-05-12T23:25:33.357+0300][1043.336s][36520] GC(24763)       Merged Howl ArrayOfCards       Min: 0, Avg:  0.0, Max: 0, Diff: 0, Sum: 0, Workers: 2
[2025-05-12T23:25:33.357+0300][1043.336s][36520] GC(24763)       Merged Howl BitMap             Min: 0, Avg:  0.0, Max: 0, Diff: 0, Sum: 0, Workers: 2
[2025-05-12T23:25:33.357+0300][1043.336s][36520] GC(24763)       Merged Howl Full               Min: 0, Avg:  0.0, Max: 0, Diff: 0, Sum: 0, Workers: 2
[2025-05-12T23:25:33.357+0300][1043.336s][36520] GC(24763)       Merged Cards                   Min: 8, Avg:  8.0, Max: 8, Diff: 0, Sum: 16, Workers: 2
[2025-05-12T23:25:33.357+0300][1043.336s][36520] GC(24763)     Log Buffers (ms):              Min:  0.0, Avg:  0.0, Max:  0.0, Diff:  0.0, Sum:  0.0, Workers: 2
[2025-05-12T23:25:33.357+0300][1043.336s][36520] GC(24763)       Dirty Cards:                   Min: 21, Avg: 49.5, Max: 78, Diff: 57, Sum: 99, Workers: 2
[2025-05-12T23:25:33.357+0300][1043.336s][36520] GC(24763)       Skipped Cards:                 Min: 0, Avg:  0.0, Max: 0, Diff: 0, Sum: 0, Workers: 2
[2025-05-12T23:25:33.357+0300][1043.336s][36520] GC(24763)   Evacuate Collection Set: 0.3ms
[2025-05-12T23:25:33.357+0300][1043.336s][36520] GC(24763)     Ext Root Scanning (ms):        Min:  0.1, Avg:  0.1, Max:  0.1, Diff:  0.0, Sum:  0.2, Workers: 2
[2025-05-12T23:25:33.357+0300][1043.336s][36520] GC(24763)     Scan Heap Roots (ms):          Min:  0.0, Avg:  0.0, Max:  0.0, Diff:  0.0, Sum:  0.1, Workers: 2
[2025-05-12T23:25:33.357+0300][1043.336s][36520] GC(24763)       Scanned Cards:                 Min: 34, Avg: 49.5, Max: 65, Diff: 31, Sum: 99, Workers: 2
[2025-05-12T23:25:33.357+0300][1043.336s][36520] GC(24763)       Scanned Blocks:                Min: 22, Avg: 34.0, Max: 46, Diff: 24, Sum: 68, Workers: 2
[2025-05-12T23:25:33.357+0300][1043.336s][36520] GC(24763)       Claimed Chunks:                Min: 11, Avg: 16.5, Max: 22, Diff: 11, Sum: 33, Workers: 2
[2025-05-12T23:25:33.357+0300][1043.336s][36520] GC(24763)       Found Roots:                   Min: 58, Avg: 59.0, Max: 60, Diff: 2, Sum: 118, Workers: 2
[2025-05-12T23:25:33.357+0300][1043.336s][36520] GC(24763)     Code Root Scan (ms):           Min:  0.0, Avg:  0.0, Max:  0.0, Diff:  0.0, Sum:  0.0, Workers: 2
[2025-05-12T23:25:33.357+0300][1043.336s][36520] GC(24763)     Object Copy (ms):              Min:  0.1, Avg:  0.1, Max:  0.1, Diff:  0.0, Sum:  0.3, Workers: 2
[2025-05-12T23:25:33.357+0300][1043.336s][36520] GC(24763)     Termination (ms):              Min:  0.0, Avg:  0.0, Max:  0.0, Diff:  0.0, Sum:  0.0, Workers: 2
[2025-05-12T23:25:33.357+0300][1043.336s][36520] GC(24763)       Termination Attempts:          Min: 1, Avg:  1.0, Max: 1, Diff: 0, Sum: 2, Workers: 2
[2025-05-12T23:25:33.357+0300][1043.336s][36520] GC(24763)     GC Worker Other (ms):          Min:  0.0, Avg:  0.0, Max:  0.0, Diff:  0.0, Sum:  0.0, Workers: 2
[2025-05-12T23:25:33.357+0300][1043.336s][36520] GC(24763)     GC Worker Total (ms):          Min:  0.3, Avg:  0.3, Max:  0.3, Diff:  0.0, Sum:  0.5, Workers: 2
[2025-05-12T23:25:33.357+0300][1043.336s][36520] GC(24763)   Post Evacuate Collection Set: 0.4ms
[2025-05-12T23:25:33.357+0300][1043.336s][36520] GC(24763)     NMethod List Cleanup: 0.0ms
[2025-05-12T23:25:33.357+0300][1043.336s][36520] GC(24763)     Reference Processing: 0.1ms
[2025-05-12T23:25:33.357+0300][1043.336s][36520] GC(24763)       Notify Soft/WeakReferences: 0.0ms
[2025-05-12T23:25:33.357+0300][1043.336s][36520] GC(24763)         SoftRef (ms):                  Min:  0.0, Avg:  0.0, Max:  0.0, Diff:  0.0, Sum:  0.0, Workers: 1
[2025-05-12T23:25:33.357+0300][1043.336s][36520] GC(24763)         WeakRef (ms):                  Min:  0.0, Avg:  0.0, Max:  0.0, Diff:  0.0, Sum:  0.0, Workers: 1
[2025-05-12T23:25:33.357+0300][1043.336s][36520] GC(24763)         FinalRef (ms):                 Min:  0.0, Avg:  0.0, Max:  0.0, Diff:  0.0, Sum:  0.0, Workers: 1
[2025-05-12T23:25:33.357+0300][1043.336s][36520] GC(24763)         Total (ms):                    Min:  0.0, Avg:  0.0, Max:  0.0, Diff:  0.0, Sum:  0.0, Workers: 1
[2025-05-12T23:25:33.357+0300][1043.336s][36520] GC(24763)       Notify and keep alive finalizable: 0.0ms
[2025-05-12T23:25:33.357+0300][1043.336s][36520] GC(24763)         FinalRef (ms):                 skipped
[2025-05-12T23:25:33.357+0300][1043.336s][36520] GC(24763)       Notify PhantomReferences: 0.1ms
[2025-05-12T23:25:33.357+0300][1043.336s][36520] GC(24763)         PhantomRef (ms):               skipped
[2025-05-12T23:25:33.357+0300][1043.336s][36520] GC(24763)       SoftReference Discovered: 0, Dropped: 0, Processed: 0
[2025-05-12T23:25:33.357+0300][1043.336s][36520] GC(24763)       WeakReference Discovered: 41, Dropped: 18, Processed: 23
[2025-05-12T23:25:33.357+0300][1043.336s][36520] GC(24763)       FinalReference Discovered: 0, Dropped: 0, Processed: 0
[2025-05-12T23:25:33.357+0300][1043.336s][36520] GC(24763)       PhantomReference Discovered: 0, Dropped: 0, Processed: 0
[2025-05-12T23:25:33.357+0300][1043.336s][36520] GC(24763)     Weak Processing: 0.1ms
[2025-05-12T23:25:33.357+0300][1043.336s][36520] GC(24763)       VM Weak                        Min:  0.0, Avg:  0.0, Max:  0.0, Diff:  0.0, Sum:  0.0, Workers: 10
[2025-05-12T23:25:33.357+0300][1043.336s][36520] GC(24763)         Dead                           Min: 0, Avg:  0.0, Max: 0, Diff: 0, Sum: 0, Workers: 10
[2025-05-12T23:25:33.357+0300][1043.336s][36520] GC(24763)         Total                          Min: 0, Avg:  6.7, Max: 63, Diff: 63, Sum: 67, Workers: 10
[2025-05-12T23:25:33.357+0300][1043.336s][36520] GC(24763)       ObjectSynchronizer Weak        Min:  0.0, Avg:  0.0, Max:  0.0, Diff:  0.0, Sum:  0.0, Workers: 10
[2025-05-12T23:25:33.357+0300][1043.336s][36520] GC(24763)         Dead                           Min: 0, Avg:  0.0, Max: 0, Diff: 0, Sum: 0, Workers: 10
[2025-05-12T23:25:33.357+0300][1043.336s][36520] GC(24763)         Total                          Min: 0, Avg:  0.1, Max: 1, Diff: 1, Sum: 1, Workers: 10
[2025-05-12T23:25:33.357+0300][1043.336s][36520] GC(24763)       JVMTI Tag Weak OopStorage      Min:  0.1, Avg:  0.1, Max:  0.1, Diff:  0.0, Sum:  0.5, Workers: 10
[2025-05-12T23:25:33.357+0300][1043.336s][36520] GC(24763)         Dead                           Min: 0, Avg:  0.0, Max: 0, Diff: 0, Sum: 0, Workers: 10
[2025-05-12T23:25:33.357+0300][1043.336s][36520] GC(24763)         Total                          Min: 5792, Avg: 6289.9, Max: 7993, Diff: 2201, Sum: 62899, Workers: 10
[2025-05-12T23:25:33.357+0300][1043.336s][36520] GC(24763)       StringTable Weak               Min:  0.0, Avg:  0.0, Max:  0.0, Diff:  0.0, Sum:  0.2, Workers: 10
[2025-05-12T23:25:33.357+0300][1043.336s][36520] GC(24763)         Dead                           Min: 0, Avg:  1.7, Max: 5, Diff: 5, Sum: 17, Workers: 10
[2025-05-12T23:25:33.357+0300][1043.336s][36520] GC(24763)         Total                          Min: 3392, Avg: 3952.9, Max: 4416, Diff: 1024, Sum: 39529, Workers: 10
[2025-05-12T23:25:33.357+0300][1043.336s][36520] GC(24763)       ResolvedMethodTable Weak       Min:  0.0, Avg:  0.0, Max:  0.0, Diff:  0.0, Sum:  0.0, Workers: 10
[2025-05-12T23:25:33.357+0300][1043.336s][36520] GC(24763)         Dead                           Min: 0, Avg:  0.0, Max: 0, Diff: 0, Sum: 0, Workers: 10
[2025-05-12T23:25:33.357+0300][1043.336s][36520] GC(24763)         Total                          Min: 0, Avg: 70.1, Max: 125, Diff: 125, Sum: 701, Workers: 10
[2025-05-12T23:25:33.357+0300][1043.336s][36520] GC(24763)       JNI Weak                       Min:  0.0, Avg:  0.0, Max:  0.0, Diff:  0.0, Sum:  0.0, Workers: 10
[2025-05-12T23:25:33.357+0300][1043.336s][36520] GC(24763)         Dead                           Min: 0, Avg:  0.0, Max: 0, Diff: 0, Sum: 0, Workers: 10
[2025-05-12T23:25:33.357+0300][1043.336s][36520] GC(24763)         Total                          Min: 0, Avg:  1.1, Max: 11, Diff: 11, Sum: 11, Workers: 10
[2025-05-12T23:25:33.357+0300][1043.336s][36520] GC(24763)       StringDedup Table Weak         Min:  0.0, Avg:  0.0, Max:  0.0, Diff:  0.0, Sum:  0.0, Workers: 10
[2025-05-12T23:25:33.357+0300][1043.336s][36520] GC(24763)         Dead                           Min: 0, Avg:  0.0, Max: 0, Diff: 0, Sum: 0, Workers: 10
[2025-05-12T23:25:33.357+0300][1043.336s][36520] GC(24763)         Total                          Min: 0, Avg:  0.0, Max: 0, Diff: 0, Sum: 0, Workers: 10
[2025-05-12T23:25:33.358+0300][1043.336s][36520] GC(24763)       StringDedup Requests0 Weak     Min:  0.0, Avg:  0.0, Max:  0.0, Diff:  0.0, Sum:  0.0, Workers: 10
[2025-05-12T23:25:33.358+0300][1043.336s][36520] GC(24763)         Dead                           Min: 0, Avg:  0.0, Max: 0, Diff: 0, Sum: 0, Workers: 10
[2025-05-12T23:25:33.358+0300][1043.337s][36520] GC(24763)         Total                          Min: 0, Avg:  0.0, Max: 0, Diff: 0, Sum: 0, Workers: 10
[2025-05-12T23:25:33.358+0300][1043.337s][36520] GC(24763)       StringDedup Requests1 Weak     Min:  0.0, Avg:  0.0, Max:  0.0, Diff:  0.0, Sum:  0.0, Workers: 10
[2025-05-12T23:25:33.358+0300][1043.337s][36520] GC(24763)         Dead                           Min: 0, Avg:  0.0, Max: 0, Diff: 0, Sum: 0, Workers: 10
[2025-05-12T23:25:33.358+0300][1043.337s][36520] GC(24763)         Total                          Min: 0, Avg:  0.0, Max: 0, Diff: 0, Sum: 0, Workers: 10
[2025-05-12T23:25:33.358+0300][1043.337s][36520] GC(24763)       Weak JFR Old Object Samples    Min:  0.0, Avg:  0.0, Max:  0.0, Diff:  0.0, Sum:  0.0, Workers: 10
[2025-05-12T23:25:33.358+0300][1043.337s][36520] GC(24763)         Dead                           Min: 0, Avg:  0.0, Max: 0, Diff: 0, Sum: 0, Workers: 10
[2025-05-12T23:25:33.358+0300][1043.337s][36520] GC(24763)         Total                          Min: 0, Avg:  0.0, Max: 0, Diff: 0, Sum: 0, Workers: 10
[2025-05-12T23:25:33.358+0300][1043.337s][36520] GC(24763)     Post Evacuate Cleanup 1: 0.1ms
[2025-05-12T23:25:33.358+0300][1043.337s][36520] GC(24763)       Merge Per-Thread State (ms):   Min:  0.0, Avg:  0.0, Max:  0.0, Diff:  0.0, Sum:  0.0, Workers: 1
[2025-05-12T23:25:33.358+0300][1043.337s][36520] GC(24763)         Copied Bytes                   Min: 0, Avg:  0.0, Max: 0, Diff: 0, Sum: 0, Workers: 2
[2025-05-12T23:25:33.358+0300][1043.337s][36520] GC(24763)         LAB Waste                      Min: 0, Avg:  0.0, Max: 0, Diff: 0, Sum: 0, Workers: 2
[2025-05-12T23:25:33.358+0300][1043.337s][36520] GC(24763)         LAB Undo Waste                 Min: 0, Avg:  0.0, Max: 0, Diff: 0, Sum: 0, Workers: 2
[2025-05-12T23:25:33.358+0300][1043.337s][36520] GC(24763)       Clear Logged Cards (ms):       Min:  0.0, Avg:  0.0, Max:  0.0, Diff:  0.0, Sum:  0.0, Workers: 2
[2025-05-12T23:25:33.358+0300][1043.337s][36520] GC(24763)       Recalculate Used Memory (ms):  Min:  0.0, Avg:  0.0, Max:  0.0, Diff:  0.0, Sum:  0.0, Workers: 1
[2025-05-12T23:25:33.358+0300][1043.337s][36520] GC(24763)       Restore Retained Regions (ms): Min:  0.0, Avg:  0.0, Max:  0.0, Diff:  0.0, Sum:  0.1, Workers: 2
[2025-05-12T23:25:33.358+0300][1043.337s][36520] GC(24763)         Evacuation Failure Regions:    Min: 1, Avg:  1.0, Max: 1, Diff: 0, Sum: 1, Workers: 1
[2025-05-12T23:25:33.358+0300][1043.337s][36520] GC(24763)         Remove Self Forwards (ms):     Min:  0.0, Avg:  0.0, Max:  0.0, Diff:  0.0, Sum:  0.1, Workers: 2
[2025-05-12T23:25:33.358+0300][1043.337s][36520] GC(24763)           Forward Chunks:                Min: 25, Avg: 26.0, Max: 27, Diff: 2, Sum: 52, Workers: 2
[2025-05-12T23:25:33.358+0300][1043.337s][36520] GC(24763)           Empty Forward Chunks:          Min: 12, Avg: 12.0, Max: 12, Diff: 0, Sum: 12, Workers: 1
[2025-05-12T23:25:33.358+0300][1043.337s][36520] GC(24763)           Forward Objects:               Min: 1299, Avg: 1431.0, Max: 1563, Diff: 264, Sum: 2862, Workers: 2
[2025-05-12T23:25:33.358+0300][1043.337s][36520] GC(24763)           Forward Bytes:                 Min: 72952, Avg: 75716.0, Max: 78480, Diff: 5528, Sum: 151432, Workers: 2
[2025-05-12T23:25:33.358+0300][1043.337s][36520] GC(24763)     Post Evacuate Cleanup 2: 0.0ms
[2025-05-12T23:25:33.358+0300][1043.337s][36520] GC(24763)       Recalculate Used Memory (ms):  Min:  0.0, Avg:  0.0, Max:  0.0, Diff:  0.0, Sum:  0.0, Workers: 1
[2025-05-12T23:25:33.358+0300][1043.337s][36520] GC(24763)       Restore Preserved Marks (ms):  Min:  0.0, Avg:  0.0, Max:  0.0, Diff:  0.0, Sum:  0.0, Workers: 2
[2025-05-12T23:25:33.358+0300][1043.337s][36520] GC(24763)       Clear Retained Region Bitmaps (ms): Min:  0.0, Avg:  0.0, Max:  0.0, Diff:  0.0, Sum:  0.0, Workers: 2
[2025-05-12T23:25:33.358+0300][1043.337s][36520] GC(24763)       Update Derived Pointers (ms):  Min:  0.0, Avg:  0.0, Max:  0.0, Diff:  0.0, Sum:  0.0, Workers: 1
[2025-05-12T23:25:33.358+0300][1043.337s][36520] GC(24763)       Eagerly Reclaim Humongous Objects (ms): skipped
[2025-05-12T23:25:33.358+0300][1043.337s][36520] GC(24763)         Humongous Total                skipped
[2025-05-12T23:25:33.358+0300][1043.337s][36520] GC(24763)         Humongous Candidates           skipped
[2025-05-12T23:25:33.358+0300][1043.337s][36520] GC(24763)         Humongous Reclaimed            skipped
[2025-05-12T23:25:33.358+0300][1043.337s][36520] GC(24763)       Redirty Logged Cards (ms):     Min:  0.0, Avg:  0.0, Max:  0.0, Diff:  0.0, Sum:  0.0, Workers: 2
[2025-05-12T23:25:33.358+0300][1043.337s][36520] GC(24763)         Redirtied Cards:               Min: 0, Avg:  0.0, Max: 0, Diff: 0, Sum: 0, Workers: 2
[2025-05-12T23:25:33.358+0300][1043.337s][36520] GC(24763)       Resize TLABs (ms):             Min:  0.0, Avg:  0.0, Max:  0.0, Diff:  0.0, Sum:  0.0, Workers: 2
[2025-05-12T23:25:33.358+0300][1043.337s][36520] GC(24763)       Free Collection Set (ms):      Min:  0.0, Avg:  0.0, Max:  0.0, Diff:  0.0, Sum:  0.0, Workers: 2
[2025-05-12T23:25:33.358+0300][1043.337s][36520] GC(24763)     Rebuild Free List: 0.0ms
[2025-05-12T23:25:33.358+0300][1043.337s][36520] GC(24763)     Prepare For Mutator: 0.1ms
[2025-05-12T23:25:33.358+0300][1043.337s][36520] GC(24763)     Expand Heap After Collection: 0.0ms
[2025-05-12T23:25:33.358+0300][1043.337s][36520] GC(24763)   Other: 0.2ms
[2025-05-12T23:25:33.358+0300][1043.337s][36520] GC(24763) Coarsening (recent): Inline->AoC 0 (0) AoC->Howl 0 (0) Howl->Full 0 (0) Inline->AoC 0 (0) AoC->BitMap 0 (0) BitMap->Full 0 (0) 
[2025-05-12T23:25:33.358+0300][1043.337s][36520] GC(24763) Coarsening (all): Inline->AoC 10920 (0) AoC->Howl 7731 (0) Howl->Full 0 (0) Inline->AoC 10809 (0) AoC->BitMap 7399 (0) BitMap->Full 0 (0) 
[2025-05-12T23:25:33.358+0300][1043.337s][36520] GC(24763) Eden regions: 1->0(0)
[2025-05-12T23:25:33.358+0300][1043.337s][36520] GC(24763) Survivor regions: 0->0(0)
[2025-05-12T23:25:33.358+0300][1043.337s][36520] GC(24763) Old regions: 11->12
[2025-05-12T23:25:33.358+0300][1043.337s][36520] GC(24763) Humongous regions: 0->0
[2025-05-12T23:25:33.358+0300][1043.337s][36520] GC(24763) Metaspace: 10759K(12736K)->10759K(12736K) NonClass: 9683K(11328K)->9683K(11328K) Class: 1076K(1408K)->1076K(1408K)
[2025-05-12T23:25:33.358+0300][1043.337s][36520] GC(24763) Heap after GC invocations=21216 (full 7114):
[2025-05-12T23:25:33.358+0300][1043.337s][36520] GC(24763)  garbage-first heap   total 12288K, used 12239K [0x00000000ff400000, 0x0000000100000000)
[2025-05-12T23:25:33.358+0300][1043.337s][36520] GC(24763)   region size 1024K, 0 young (0K), 0 survivors (0K)
[2025-05-12T23:25:33.358+0300][1043.337s][36520] GC(24763)  Metaspace       used 10759K, committed 12736K, reserved 1114112K
[2025-05-12T23:25:33.358+0300][1043.337s][36520] GC(24763)   class space    used 1076K, committed 1408K, reserved 1048576K
[2025-05-12T23:25:33.358+0300][1043.337s][36520] GC(24763) Pause Young (Normal) (G1 Evacuation Pause) (Evacuation Failure) 11M->11M(12M) 2.429ms
[2025-05-12T23:25:33.358+0300][1043.337s][36520] GC(24763) User=0.00s Sys=0.00s Real=0.00s
[2025-05-12T23:25:33.358+0300][1043.337s][36520] Attempt heap expansion (allocation request failed). Allocation request: 2048B
[2025-05-12T23:25:33.358+0300][1043.337s][36520] Expand the heap. requested expansion amount: 1048576B expansion amount: 1048576B
[2025-05-12T23:25:33.358+0300][1043.337s][36520] Did not expand the heap (heap already fully expanded)
[2025-05-12T23:25:33.358+0300][1043.337s][36520] Attempting full compaction
[2025-05-12T23:25:33.358+0300][1043.337s][36520] GC(24764) Pause Full (G1 Compaction Pause)
[2025-05-12T23:25:33.358+0300][1043.337s][36520] GC(24764) Heap before GC invocations=21216 (full 7114):
[2025-05-12T23:25:33.358+0300][1043.337s][36520] GC(24764)  garbage-first heap   total 12288K, used 12239K [0x00000000ff400000, 0x0000000100000000)
[2025-05-12T23:25:33.358+0300][1043.337s][36520] GC(24764)   region size 1024K, 0 young (0K), 0 survivors (0K)
[2025-05-12T23:25:33.358+0300][1043.337s][36520] GC(24764)  Metaspace       used 10759K, committed 12736K, reserved 1114112K
[2025-05-12T23:25:33.358+0300][1043.337s][36520] GC(24764)   class space    used 1076K, committed 1408K, reserved 1048576K
[2025-05-12T23:25:33.358+0300][1043.337s][36520] GC(24764) Requesting 1 active workers for full compaction (waste limited workers: 1, adaptive workers: 2, used limited workers: 12)
[2025-05-12T23:25:33.358+0300][1043.337s][36520] GC(24764) Using 1 workers of 10 for full compaction
[2025-05-12T23:25:33.358+0300][1043.337s][36520] GC(24764) Mutator Allocation stats, regions: 0, wasted size: 0B ( 0.0%)
[2025-05-12T23:25:33.358+0300][1043.337s][36520] GC(24764) Phase 1: Mark live objects
[2025-05-12T23:25:33.365+0300][1043.344s][36520] GC(24764) Phase 1: Reference Processing
[2025-05-12T23:25:33.365+0300][1043.344s][36520] GC(24764) ReferenceProcessor::execute queues: 1, RefProcThreadModel::Single, marks_oops_alive: false
[2025-05-12T23:25:33.365+0300][1043.344s][36520] GC(24764) Skipped KeepAliveFinalRefsPhase of Reference Processing: no references
[2025-05-12T23:25:33.365+0300][1043.344s][36520] GC(24764) ReferenceProcessor::execute queues: 1, RefProcThreadModel::Single, marks_oops_alive: false
[2025-05-12T23:25:33.365+0300][1043.344s][36520] GC(24764) Reference Processing: 0.0ms
[2025-05-12T23:25:33.365+0300][1043.344s][36520] GC(24764)   Notify Soft/WeakReferences: 0.0ms
[2025-05-12T23:25:33.365+0300][1043.344s][36520] GC(24764)     SoftRef: 0.0ms
[2025-05-12T23:25:33.365+0300][1043.344s][36520] GC(24764)     WeakRef: 0.0ms
[2025-05-12T23:25:33.365+0300][1043.344s][36520] GC(24764)     FinalRef: 0.0ms
[2025-05-12T23:25:33.365+0300][1043.344s][36520] GC(24764)     Total: 0.0ms
[2025-05-12T23:25:33.365+0300][1043.344s][36520] GC(24764)   Notify and keep alive finalizable: 0.0ms
[2025-05-12T23:25:33.365+0300][1043.344s][36520] GC(24764)     FinalRef: skipped
[2025-05-12T23:25:33.365+0300][1043.344s][36520] GC(24764)   Notify PhantomReferences: 0.0ms
[2025-05-12T23:25:33.365+0300][1043.344s][36520] GC(24764)     PhantomRef: 0.0ms
[2025-05-12T23:25:33.365+0300][1043.344s][36520] GC(24764)   SoftReference Discovered: 46, Dropped: 4, Processed: 42
[2025-05-12T23:25:33.365+0300][1043.344s][36520] GC(24764)   WeakReference Discovered: 34, Dropped: 13, Processed: 21
[2025-05-12T23:25:33.365+0300][1043.344s][36520] GC(24764)   FinalReference Discovered: 0, Dropped: 0, Processed: 0
[2025-05-12T23:25:33.365+0300][1043.344s][36520] GC(24764)   PhantomReference Discovered: 23, Dropped: 23, Processed: 0
[2025-05-12T23:25:33.365+0300][1043.345s][36520] GC(24764) Phase 1: Reference Processing 0.252ms
[2025-05-12T23:25:33.365+0300][1043.345s][36520] GC(24764) Phase 1: Weak Processing
[2025-05-12T23:25:33.365+0300][1043.345s][36520] GC(24764)   VM Weak                        Min:  0.0, Avg:  0.0, Max:  0.0, Diff:  0.0, Sum:  0.0, Workers: 10
[2025-05-12T23:25:33.365+0300][1043.345s][36520] GC(24764)     Dead                           Min: 0, Avg:  2.1, Max: 21, Diff: 21, Sum: 21, Workers: 10
[2025-05-12T23:25:33.365+0300][1043.345s][36520] GC(24764)     Total                          Min: 0, Avg:  6.7, Max: 41, Diff: 41, Sum: 67, Workers: 10
[2025-05-12T23:25:33.365+0300][1043.345s][36520] GC(24764)   ObjectSynchronizer Weak        Min:  0.0, Avg:  0.0, Max:  0.0, Diff:  0.0, Sum:  0.0, Workers: 10
[2025-05-12T23:25:33.365+0300][1043.345s][36520] GC(24764)     Dead                           Min: 0, Avg:  0.0, Max: 0, Diff: 0, Sum: 0, Workers: 10
[2025-05-12T23:25:33.365+0300][1043.345s][36520] GC(24764)     Total                          Min: 0, Avg:  0.1, Max: 1, Diff: 1, Sum: 1, Workers: 10
[2025-05-12T23:25:33.365+0300][1043.345s][36520] GC(24764)   JVMTI Tag Weak OopStorage      Min:  0.0, Avg:  0.0, Max:  0.1, Diff:  0.0, Sum:  0.5, Workers: 10
[2025-05-12T23:25:33.365+0300][1043.345s][36520] GC(24764)     Dead                           Min: 0, Avg:  2.1, Max: 21, Diff: 21, Sum: 21, Workers: 10
[2025-05-12T23:25:33.365+0300][1043.345s][36520] GC(24764)     Total                          Min: 5586, Avg: 6289.9, Max: 8486, Diff: 2900, Sum: 62899, Workers: 10
[2025-05-12T23:25:33.365+0300][1043.345s][36520] GC(24764)   StringTable Weak               Min:  0.0, Avg:  0.0, Max:  0.0, Diff:  0.0, Sum:  0.2, Workers: 10
[2025-05-12T23:25:33.365+0300][1043.345s][36520] GC(24764)     Dead                           Min: 1, Avg: 14.1, Max: 44, Diff: 43, Sum: 141, Workers: 10
[2025-05-12T23:25:33.365+0300][1043.345s][36520] GC(24764)     Total                          Min: 3392, Avg: 3952.9, Max: 4864, Diff: 1472, Sum: 39529, Workers: 10
[2025-05-12T23:25:33.365+0300][1043.345s][36520] GC(24764)   ResolvedMethodTable Weak       Min:  0.0, Avg:  0.0, Max:  0.0, Diff:  0.0, Sum:  0.0, Workers: 10
[2025-05-12T23:25:33.365+0300][1043.345s][36520] GC(24764)     Dead                           Min: 0, Avg:  5.2, Max: 38, Diff: 38, Sum: 52, Workers: 10
[2025-05-12T23:25:33.365+0300][1043.345s][36520] GC(24764)     Total                          Min: 0, Avg: 70.1, Max: 125, Diff: 125, Sum: 701, Workers: 10
[2025-05-12T23:25:33.365+0300][1043.345s][36520] GC(24764)   JNI Weak                       Min:  0.0, Avg:  0.0, Max:  0.0, Diff:  0.0, Sum:  0.0, Workers: 10
[2025-05-12T23:25:33.365+0300][1043.345s][36520] GC(24764)     Dead                           Min: 0, Avg:  0.0, Max: 0, Diff: 0, Sum: 0, Workers: 10
[2025-05-12T23:25:33.365+0300][1043.345s][36520] GC(24764)     Total                          Min: 0, Avg:  1.1, Max: 11, Diff: 11, Sum: 11, Workers: 10
[2025-05-12T23:25:33.365+0300][1043.345s][36520] GC(24764)   StringDedup Table Weak         Min:  0.0, Avg:  0.0, Max:  0.0, Diff:  0.0, Sum:  0.0, Workers: 10
[2025-05-12T23:25:33.365+0300][1043.345s][36520] GC(24764)     Dead                           Min: 0, Avg:  0.0, Max: 0, Diff: 0, Sum: 0, Workers: 10
[2025-05-12T23:25:33.365+0300][1043.345s][36520] GC(24764)     Total                          Min: 0, Avg:  0.0, Max: 0, Diff: 0, Sum: 0, Workers: 10
[2025-05-12T23:25:33.365+0300][1043.345s][36520] GC(24764)   StringDedup Requests0 Weak     Min:  0.0, Avg:  0.0, Max:  0.0, Diff:  0.0, Sum:  0.0, Workers: 10
[2025-05-12T23:25:33.365+0300][1043.345s][36520] GC(24764)     Dead                           Min: 0, Avg:  0.0, Max: 0, Diff: 0, Sum: 0, Workers: 10
[2025-05-12T23:25:33.365+0300][1043.345s][36520] GC(24764)     Total                          Min: 0, Avg:  0.0, Max: 0, Diff: 0, Sum: 0, Workers: 10
[2025-05-12T23:25:33.365+0300][1043.345s][36520] GC(24764)   StringDedup Requests1 Weak     Min:  0.0, Avg:  0.0, Max:  0.0, Diff:  0.0, Sum:  0.0, Workers: 10
[2025-05-12T23:25:33.365+0300][1043.345s][36520] GC(24764)     Dead                           Min: 0, Avg:  0.0, Max: 0, Diff: 0, Sum: 0, Workers: 10
[2025-05-12T23:25:33.365+0300][1043.345s][36520] GC(24764)     Total                          Min: 0, Avg:  0.0, Max: 0, Diff: 0, Sum: 0, Workers: 10
[2025-05-12T23:25:33.365+0300][1043.345s][36520] GC(24764)   Weak JFR Old Object Samples    Min:  0.0, Avg:  0.0, Max:  0.0, Diff:  0.0, Sum:  0.0, Workers: 10
[2025-05-12T23:25:33.365+0300][1043.345s][36520] GC(24764)     Dead                           Min: 0, Avg:  0.0, Max: 0, Diff: 0, Sum: 0, Workers: 10
[2025-05-12T23:25:33.365+0300][1043.345s][36520] GC(24764)     Total                          Min: 0, Avg:  0.0, Max: 0, Diff: 0, Sum: 0, Workers: 10
[2025-05-12T23:25:33.365+0300][1043.345s][36520] GC(24764) Phase 1: Weak Processing 0.426ms
[2025-05-12T23:25:33.365+0300][1043.345s][36520] GC(24764) Phase 1: Class Unloading and Cleanup
[2025-05-12T23:25:33.365+0300][1043.345s][36520] GC(24764) ClassLoaderData
[2025-05-12T23:25:33.366+0300][1043.345s][36520] GC(24764) ClassLoaderData 0.064ms
[2025-05-12T23:25:33.366+0300][1043.345s][36520] GC(24764) Trigger cleanups
[2025-05-12T23:25:33.366+0300][1043.345s][36520] GC(24764) Trigger cleanups 0.009ms
[2025-05-12T23:25:33.369+0300][1043.349s][36520] GC(24764) Phase 1: Class Unloading and Cleanup 3.620ms
[2025-05-12T23:25:33.369+0300][1043.349s][36520] GC(24764) Report Object Count
[2025-05-12T23:25:33.369+0300][1043.349s][36520] GC(24764) Report Object Count 0.011ms
[2025-05-12T23:25:33.369+0300][1043.349s][36520] GC(24764) Phase 1: Mark live objects 11.448ms
[2025-05-12T23:25:33.369+0300][1043.349s][36520] GC(24764) Phase 2: Prepare compaction
[2025-05-12T23:25:33.369+0300][1043.349s][36520] GC(24764) Phase 2: Determine work lists
[2025-05-12T23:25:33.369+0300][1043.349s][36520] GC(24764) Phase 2: Determine work lists 0.010ms
[2025-05-12T23:25:33.369+0300][1043.349s][36520] GC(24764) Phase 2: Prepare parallel compaction
[2025-05-12T23:25:33.369+0300][1043.349s][36520] GC(24764) Phase 2: Prepare parallel compaction 0.153ms
[2025-05-12T23:25:33.369+0300][1043.349s][36520] GC(24764) Phase 2: Prepare compaction 0.192ms
[2025-05-12T23:25:33.369+0300][1043.349s][36520] GC(24764) Phase 3: Adjust pointers
[2025-05-12T23:25:33.374+0300][1043.353s][36520] GC(24764) Phase 3: Adjust pointers 3.905ms
[2025-05-12T23:25:33.374+0300][1043.353s][36520] GC(24764) Phase 4: Compact heap
[2025-05-12T23:25:33.374+0300][1043.353s][36520] GC(24764) Phase 4: Compact heap 0.130ms
[2025-05-12T23:25:33.374+0300][1043.353s][36520] GC(24764) Phase 5: Reset Metadata
[2025-05-12T23:25:33.375+0300][1043.354s][36520] GC(24764) Phase 5: Reset Metadata 1.315ms
[2025-05-12T23:25:33.376+0300][1043.355s][36520] GC(24764) Running G1 Clear Bitmap with 1 workers for 1 work units.
[2025-05-12T23:25:33.377+0300][1043.356s][36520] GC(24764) Request concurrent cycle initiation (occupancy higher than threshold) occupancy: 11534336B allocation request: 0B threshold: 3718459B (29.55) source: end of Full GC
[2025-05-12T23:25:33.377+0300][1043.356s][36520] Old generation allocation in the last mutator period, old gen allocated: 0B, humongous allocated: 0B, old gen growth: 0B.
[2025-05-12T23:25:33.377+0300][1043.356s][36520] GC(24764) Coarsening (recent): Inline->AoC 0 (0) AoC->Howl 0 (0) Howl->Full 0 (0) Inline->AoC 0 (0) AoC->BitMap 0 (0) BitMap->Full 0 (0) 
[2025-05-12T23:25:33.377+0300][1043.356s][36520] GC(24764) Coarsening (all): Inline->AoC 10920 (0) AoC->Howl 7731 (0) Howl->Full 0 (0) Inline->AoC 10809 (0) AoC->BitMap 7399 (0) BitMap->Full 0 (0) 
[2025-05-12T23:25:33.377+0300][1043.356s][36520] GC(24764) Eden regions: 0->0(1)
[2025-05-12T23:25:33.377+0300][1043.356s][36520] GC(24764) Survivor regions: 0->0(0)
[2025-05-12T23:25:33.377+0300][1043.356s][36520] GC(24764) Old regions: 12->11
[2025-05-12T23:25:33.377+0300][1043.356s][36520] GC(24764) Humongous regions: 0->0
[2025-05-12T23:25:33.377+0300][1043.356s][36520] GC(24764) Metaspace: 10759K(12736K)->10716K(12736K) NonClass: 9683K(11328K)->9652K(11328K) Class: 1076K(1408K)->1064K(1408K)
[2025-05-12T23:25:33.377+0300][1043.356s][36520] GC(24764) Heap after GC invocations=21217 (full 7115):
[2025-05-12T23:25:33.377+0300][1043.356s][36520] GC(24764)  garbage-first heap   total 12288K, used 11172K [0x00000000ff400000, 0x0000000100000000)
[2025-05-12T23:25:33.377+0300][1043.356s][36520] GC(24764)   region size 1024K, 0 young (0K), 0 survivors (0K)
[2025-05-12T23:25:33.377+0300][1043.356s][36520] GC(24764)  Metaspace       used 10716K, committed 12736K, reserved 1114112K
[2025-05-12T23:25:33.377+0300][1043.356s][36520] GC(24764)   class space    used 1064K, committed 1408K, reserved 1048576K
[2025-05-12T23:25:33.377+0300][1043.356s][36520] GC(24764) Pause Full (G1 Compaction Pause) 11M->10M(12M) 18.964ms
[2025-05-12T23:25:33.377+0300][1043.356s][36520] GC(24764) User=0.02s Sys=0.00s Real=0.02s
[2025-05-12T23:25:33.377+0300][1043.356s][9340 ] G1 Service Thread (Card Set Free Memory Task) (run: 20.503ms) (cpu: 0.000ms)
[2025-05-12T23:25:33.393+0300][1043.372s][36520] GC(24765) Initiate concurrent cycle (concurrent cycle initiation requested)
[2025-05-12T23:25:33.393+0300][1043.372s][36520] GC(24765) Pause Young (Concurrent Start) (G1 Evacuation Pause)
[2025-05-12T23:25:33.393+0300][1043.372s][36520] GC(24765) Heap before GC invocations=21217 (full 7115):
[2025-05-12T23:25:33.393+0300][1043.372s][36520] GC(24765)  garbage-first heap   total 12288K, used 12196K [0x00000000ff400000, 0x0000000100000000)
[2025-05-12T23:25:33.393+0300][1043.372s][36520] GC(24765)   region size 1024K, 1 young (1024K), 0 survivors (0K)
[2025-05-12T23:25:33.393+0300][1043.372s][36520] GC(24765)  Metaspace       used 10757K, committed 12736K, reserved 1114112K
[2025-05-12T23:25:33.393+0300][1043.372s][36520] GC(24765)   class space    used 1075K, committed 1408K, reserved 1048576K
[2025-05-12T23:25:33.394+0300][1043.372s][36520] GC(24765) Using 2 workers of 10 for evacuation
[2025-05-12T23:25:33.394+0300][1043.372s][36520] GC(24765) Desired survivor size 524288 bytes, new threshold 15 (max threshold 15)
[2025-05-12T23:25:33.394+0300][1043.372s][36520] GC(24765) TLAB totals: thrds: 1  refills: 319 max: 319 slow allocs: 159 max 159 waste: 22.1% gc: 0B max: 0B slow: 191328B max: 191328B
[2025-05-12T23:25:33.394+0300][1043.372s][36520] GC(24765) Mutator refinement: 0.00ms, refined: 0, precleaned: 0, dirtied: 90
[2025-05-12T23:25:33.394+0300][1043.372s][36520] GC(24765) Concurrent refinement: 0.00ms, refined: 0, precleaned: 0, dirtied: 0
[2025-05-12T23:25:33.394+0300][1043.372s][36520] GC(24765) Total refinement: 0.00ms, refined: 0, precleaned: 0, dirtied: 90
[2025-05-12T23:25:33.394+0300][1043.372s][36520] GC(24765) Generate dirty cards rate: 5.48 cards/ms
[2025-05-12T23:25:33.394+0300][1043.372s][36520] GC(24765) Mutator Allocation stats, regions: 1, wasted size: 1368B ( 0.1%)
[2025-05-12T23:25:33.394+0300][1043.372s][36520] GC(24765) No candidates to reclaim.
[2025-05-12T23:25:33.394+0300][1043.372s][36520] GC(24765) Running G1 Merge Heap Roots using 2 workers for 1 regions
[2025-05-12T23:25:33.394+0300][1043.373s][36520] GC(24765) Visited cards 992 Total dirty 12288 (8.07%) Total old 26624 (3.73%)
[2025-05-12T23:25:33.394+0300][1043.373s][28072] GC(24765) Attempt heap expansion (region allocation request failed). Allocation request: 2064B
[2025-05-12T23:25:33.394+0300][1043.373s][28072] GC(24765) Did not expand the heap (heap already fully expanded)
[2025-05-12T23:25:33.394+0300][1043.373s][36520] GC(24765) ReferenceProcessor::execute queues: 1, RefProcThreadModel::Single, marks_oops_alive: false
[2025-05-12T23:25:33.394+0300][1043.373s][36520] GC(24765) Skipped KeepAliveFinalRefsPhase of Reference Processing: no references
[2025-05-12T23:25:33.394+0300][1043.373s][36520] GC(24765) Skipped PhantomRefsPhase of Reference Processing: no references
[2025-05-12T23:25:33.395+0300][1043.373s][36520] GC(24765) Initializing removing self forwards with 64 chunks per region
[2025-05-12T23:25:33.395+0300][1043.373s][36520] GC(24765) Running G1 Rebuild Free List Task using 2 workers for rebuilding free list of regions
[2025-05-12T23:25:33.395+0300][1043.373s][36520] GC(24765) Young PLAB allocation: allocated: 0B, wasted: 0B, unused: 0B, used: 0B, undo waste: 0B, 
[2025-05-12T23:25:33.395+0300][1043.373s][36520] GC(24765) Young other allocation: region end waste: 0B, regions filled: 0, num plab filled: 2, direct allocated: 0B, num direct allocated: 0, failure used: 0B, failure wasted: 0B
[2025-05-12T23:25:33.395+0300][1043.373s][36520] GC(24765) Young sizing: calculated: 0B, actual: 2064B
[2025-05-12T23:25:33.395+0300][1043.373s][36520] GC(24765) Old PLAB allocation: allocated: 0B, wasted: 0B, unused: 0B, used: 0B, undo waste: 0B, 
[2025-05-12T23:25:33.395+0300][1043.374s][36520] GC(24765) Old other allocation: region end waste: 0B, regions filled: 0, num plab filled: 2, direct allocated: 0B, num direct allocated: 0, failure used: 221112B, failure wasted: 827464B
[2025-05-12T23:25:33.395+0300][1043.374s][36520] GC(24765) Old sizing: calculated: 0B, actual: 2064B
[2025-05-12T23:25:33.395+0300][1043.374s][36520] GC(24765) Heap expansion: short term pause time ratio 37.56% long term pause time ratio 41.88% threshold 7.69% pause time ratio 7.69% fully expanded true resize by 0B
[2025-05-12T23:25:33.395+0300][1043.374s][9340 ] G1 Service Thread (Card Set Free Memory Task) (run 0.008ms after schedule)
[2025-05-12T23:25:33.395+0300][1043.374s][36520] GC(24765) MMU: 5.5ms (200.0ms/201.0ms)
[2025-05-12T23:25:33.395+0300][1043.374s][36520] Old generation allocation in the last mutator period, old gen allocated: 1048576B, humongous allocated: 0B, old gen growth: 1048576B.
[2025-05-12T23:25:33.395+0300][1043.374s][36520] GC(24765) Basic information (value update), threshold: 3560167B (28.29), target occupancy: 12582912B, current occupancy: 12489696B, recent allocation size: 1048576B, recent allocation duration: 16.41ms, recent old gen allocation rate: 63903271.41B/s, recent marking phase length: 120.12ms
[2025-05-12T23:25:33.395+0300][1043.374s][36520] GC(24765) Adaptive IHOP information (value update), threshold: 3560167B (33.29), internal target occupancy: 10695475B, occupancy: 12489696B, additional buffer size: 1048576B, predicted old gen allocation rate: 50435764.30B/s, predicted marking phase length: 120.68ms, prediction active: true
[2025-05-12T23:25:33.395+0300][1043.374s][36520] GC(24765) GC refinement: goal: 18446744073709551615 + 100 / 20.00ms, actual: 90 / 0.03ms, 
[2025-05-12T23:25:33.395+0300][1043.374s][36520] GC(24765) Unchanged pending cards target: 18446744073709551615
[2025-05-12T23:25:33.395+0300][1043.374s][36520] GC(24765)   Pre Evacuate Collection Set: 0.1ms
[2025-05-12T23:25:33.395+0300][1043.374s][36520] GC(24765)     Pre Evacuate Prepare: 0.1ms
[2025-05-12T23:25:33.395+0300][1043.374s][36520] GC(24765)       JT Retire TLABs And Flush Logs (ms): Min:  0.0, Avg:  0.0, Max:  0.0, Diff:  0.0, Sum:  0.0, Workers: 2
[2025-05-12T23:25:33.395+0300][1043.374s][36520] GC(24765)       Non-JT Flush Logs (ms):        Min:  0.0, Avg:  0.0, Max:  0.0, Diff:  0.0, Sum:  0.0, Workers: 1
[2025-05-12T23:25:33.395+0300][1043.374s][36520] GC(24765)     Choose Collection Set: 0.0ms
[2025-05-12T23:25:33.395+0300][1043.374s][36520] GC(24765)     Region Register: 0.0ms
[2025-05-12T23:25:33.395+0300][1043.374s][36520] GC(24765)     Prepare Heap Roots: 0.0ms
[2025-05-12T23:25:33.395+0300][1043.374s][36520] GC(24765)     Reset Marking State (ms):      Min:  0.0, Avg:  0.0, Max:  0.0, Diff:  0.0, Sum:  0.0, Workers: 1
[2025-05-12T23:25:33.395+0300][1043.374s][36520] GC(24765)     Note Start Of Mark (ms):       Min:  0.0, Avg:  0.0, Max:  0.0, Diff:  0.0, Sum:  0.0, Workers: 2
[2025-05-12T23:25:33.395+0300][1043.374s][36520] GC(24765)   Merge Heap Roots: 0.1ms
[2025-05-12T23:25:33.395+0300][1043.374s][36520] GC(24765)     Prepare Merge Heap Roots: 0.0ms
[2025-05-12T23:25:33.395+0300][1043.374s][36520] GC(24765)     Remembered Sets (ms):          Min:  0.0, Avg:  0.0, Max:  0.0, Diff:  0.0, Sum:  0.0, Workers: 2
[2025-05-12T23:25:33.395+0300][1043.374s][36520] GC(24765)       Eager Reclaim (ms):            skipped
[2025-05-12T23:25:33.395+0300][1043.374s][36520] GC(24765)       Merged Inline                  Min: 0, Avg:  0.0, Max: 0, Diff: 0, Sum: 0, Workers: 2
[2025-05-12T23:25:33.395+0300][1043.374s][36520] GC(24765)       Merged ArrayOfCards            Min: 0, Avg:  0.0, Max: 0, Diff: 0, Sum: 0, Workers: 2
[2025-05-12T23:25:33.395+0300][1043.374s][36520] GC(24765)       Merged Howl                    Min: 0, Avg:  0.0, Max: 0, Diff: 0, Sum: 0, Workers: 2
[2025-05-12T23:25:33.395+0300][1043.374s][36520] GC(24765)       Merged Full                    Min: 0, Avg:  0.0, Max: 0, Diff: 0, Sum: 0, Workers: 2
[2025-05-12T23:25:33.395+0300][1043.374s][36520] GC(24765)       Merged Howl Inline             Min: 0, Avg:  0.0, Max: 0, Diff: 0, Sum: 0, Workers: 2
[2025-05-12T23:25:33.395+0300][1043.374s][36520] GC(24765)       Merged Howl ArrayOfCards       Min: 0, Avg:  0.0, Max: 0, Diff: 0, Sum: 0, Workers: 2
[2025-05-12T23:25:33.395+0300][1043.374s][36520] GC(24765)       Merged Howl BitMap             Min: 0, Avg:  0.0, Max: 0, Diff: 0, Sum: 0, Workers: 2
[2025-05-12T23:25:33.395+0300][1043.374s][36520] GC(24765)       Merged Howl Full               Min: 0, Avg:  0.0, Max: 0, Diff: 0, Sum: 0, Workers: 2
[2025-05-12T23:25:33.395+0300][1043.374s][36520] GC(24765)       Merged Cards                   Min: 8, Avg:  8.0, Max: 8, Diff: 0, Sum: 16, Workers: 2
[2025-05-12T23:25:33.395+0300][1043.374s][36520] GC(24765)     Log Buffers (ms):              Min:  0.0, Avg:  0.0, Max:  0.0, Diff:  0.0, Sum:  0.0, Workers: 2
[2025-05-12T23:25:33.395+0300][1043.374s][36520] GC(24765)       Dirty Cards:                   Min: 0, Avg: 45.0, Max: 90, Diff: 90, Sum: 90, Workers: 2
[2025-05-12T23:25:33.395+0300][1043.374s][36520] GC(24765)       Skipped Cards:                 Min: 0, Avg:  0.0, Max: 0, Diff: 0, Sum: 0, Workers: 2
[2025-05-12T23:25:33.395+0300][1043.374s][36520] GC(24765)   Evacuate Collection Set: 0.5ms
[2025-05-12T23:25:33.395+0300][1043.374s][36520] GC(24765)     Ext Root Scanning (ms):        Min:  0.2, Avg:  0.2, Max:  0.2, Diff:  0.0, Sum:  0.3, Workers: 2
[2025-05-12T23:25:33.395+0300][1043.374s][36520] GC(24765)     Scan Heap Roots (ms):          Min:  0.0, Avg:  0.0, Max:  0.0, Diff:  0.0, Sum:  0.1, Workers: 2
[2025-05-12T23:25:33.395+0300][1043.374s][36520] GC(24765)       Scanned Cards:                 Min: 26, Avg: 45.0, Max: 64, Diff: 38, Sum: 90, Workers: 2
[2025-05-12T23:25:33.396+0300][1043.374s][36520] GC(24765)       Scanned Blocks:                Min: 21, Avg: 29.5, Max: 38, Diff: 17, Sum: 59, Workers: 2
[2025-05-12T23:25:33.396+0300][1043.374s][36520] GC(24765)       Claimed Chunks:                Min: 9, Avg: 15.5, Max: 22, Diff: 13, Sum: 31, Workers: 2
[2025-05-12T23:25:33.396+0300][1043.374s][36520] GC(24765)       Found Roots:                   Min: 28, Avg: 57.5, Max: 87, Diff: 59, Sum: 115, Workers: 2
[2025-05-12T23:25:33.396+0300][1043.374s][36520] GC(24765)     Code Root Scan (ms):           Min:  0.0, Avg:  0.0, Max:  0.0, Diff:  0.0, Sum:  0.0, Workers: 2
[2025-05-12T23:25:33.396+0300][1043.374s][36520] GC(24765)     Object Copy (ms):              Min:  0.2, Avg:  0.2, Max:  0.2, Diff:  0.1, Sum:  0.4, Workers: 2
[2025-05-12T23:25:33.396+0300][1043.374s][36520] GC(24765)     Termination (ms):              Min:  0.0, Avg:  0.0, Max:  0.0, Diff:  0.0, Sum:  0.0, Workers: 2
[2025-05-12T23:25:33.396+0300][1043.374s][36520] GC(24765)       Termination Attempts:          Min: 1, Avg:  1.0, Max: 1, Diff: 0, Sum: 2, Workers: 2
[2025-05-12T23:25:33.396+0300][1043.374s][36520] GC(24765)     GC Worker Other (ms):          Min:  0.0, Avg:  0.0, Max:  0.0, Diff:  0.0, Sum:  0.0, Workers: 2
[2025-05-12T23:25:33.396+0300][1043.374s][36520] GC(24765)     GC Worker Total (ms):          Min:  0.4, Avg:  0.4, Max:  0.4, Diff:  0.0, Sum:  0.8, Workers: 2
[2025-05-12T23:25:33.396+0300][1043.374s][36520] GC(24765)   Post Evacuate Collection Set: 0.5ms
[2025-05-12T23:25:33.396+0300][1043.374s][36520] GC(24765)     NMethod List Cleanup: 0.0ms
[2025-05-12T23:25:33.396+0300][1043.374s][36520] GC(24765)     Reference Processing: 0.1ms
[2025-05-12T23:25:33.396+0300][1043.374s][36520] GC(24765)       Notify Soft/WeakReferences: 0.0ms
[2025-05-12T23:25:33.396+0300][1043.374s][36520] GC(24765)         SoftRef (ms):                  Min:  0.0, Avg:  0.0, Max:  0.0, Diff:  0.0, Sum:  0.0, Workers: 1
[2025-05-12T23:25:33.396+0300][1043.374s][36520] GC(24765)         WeakRef (ms):                  Min:  0.0, Avg:  0.0, Max:  0.0, Diff:  0.0, Sum:  0.0, Workers: 1
[2025-05-12T23:25:33.396+0300][1043.374s][36520] GC(24765)         FinalRef (ms):                 Min:  0.0, Avg:  0.0, Max:  0.0, Diff:  0.0, Sum:  0.0, Workers: 1
[2025-05-12T23:25:33.396+0300][1043.375s][36520] GC(24765)         Total (ms):                    Min:  0.0, Avg:  0.0, Max:  0.0, Diff:  0.0, Sum:  0.0, Workers: 1
[2025-05-12T23:25:33.396+0300][1043.375s][36520] GC(24765)       Notify and keep alive finalizable: 0.0ms
[2025-05-12T23:25:33.396+0300][1043.375s][36520] GC(24765)         FinalRef (ms):                 skipped
[2025-05-12T23:25:33.396+0300][1043.375s][36520] GC(24765)       Notify PhantomReferences: 0.0ms
[2025-05-12T23:25:33.396+0300][1043.375s][36520] GC(24765)         PhantomRef (ms):               skipped
[2025-05-12T23:25:33.396+0300][1043.375s][36520] GC(24765)       SoftReference Discovered: 0, Dropped: 0, Processed: 0
[2025-05-12T23:25:33.396+0300][1043.375s][36520] GC(24765)       WeakReference Discovered: 40, Dropped: 17, Processed: 23
[2025-05-12T23:25:33.396+0300][1043.375s][36520] GC(24765)       FinalReference Discovered: 0, Dropped: 0, Processed: 0
[2025-05-12T23:25:33.396+0300][1043.375s][36520] GC(24765)       PhantomReference Discovered: 0, Dropped: 0, Processed: 0
[2025-05-12T23:25:33.396+0300][1043.375s][36520] GC(24765)     Weak Processing: 0.1ms
[2025-05-12T23:25:33.396+0300][1043.375s][36520] GC(24765)       VM Weak                        Min:  0.0, Avg:  0.0, Max:  0.0, Diff:  0.0, Sum:  0.0, Workers: 10
[2025-05-12T23:25:33.396+0300][1043.375s][36520] GC(24765)         Dead                           Min: 0, Avg:  0.0, Max: 0, Diff: 0, Sum: 0, Workers: 10
[2025-05-12T23:25:33.396+0300][1043.375s][36520] GC(24765)         Total                          Min: 0, Avg:  6.6, Max: 40, Diff: 40, Sum: 66, Workers: 10
[2025-05-12T23:25:33.396+0300][1043.375s][36520] GC(24765)       ObjectSynchronizer Weak        Min:  0.0, Avg:  0.0, Max:  0.0, Diff:  0.0, Sum:  0.0, Workers: 10
[2025-05-12T23:25:33.396+0300][1043.375s][36520] GC(24765)         Dead                           Min: 0, Avg:  0.0, Max: 0, Diff: 0, Sum: 0, Workers: 10
[2025-05-12T23:25:33.396+0300][1043.375s][36520] GC(24765)         Total                          Min: 0, Avg:  0.1, Max: 1, Diff: 1, Sum: 1, Workers: 10
[2025-05-12T23:25:33.396+0300][1043.375s][36520] GC(24765)       JVMTI Tag Weak OopStorage      Min:  0.0, Avg:  0.1, Max:  0.1, Diff:  0.0, Sum:  0.7, Workers: 10
[2025-05-12T23:25:33.396+0300][1043.375s][36520] GC(24765)         Dead                           Min: 0, Avg:  0.0, Max: 0, Diff: 0, Sum: 0, Workers: 10
[2025-05-12T23:25:33.396+0300][1043.375s][36520] GC(24765)         Total                          Min: 4509, Avg: 6289.8, Max: 9545, Diff: 5036, Sum: 62898, Workers: 10
[2025-05-12T23:25:33.396+0300][1043.375s][36520] GC(24765)       StringTable Weak               Min:  0.0, Avg:  0.0, Max:  0.0, Diff:  0.0, Sum:  0.2, Workers: 10
[2025-05-12T23:25:33.396+0300][1043.375s][36520] GC(24765)         Dead                           Min: 0, Avg:  0.0, Max: 0, Diff: 0, Sum: 0, Workers: 10
[2025-05-12T23:25:33.396+0300][1043.375s][36520] GC(24765)         Total                          Min: 3392, Avg: 3952.9, Max: 4927, Diff: 1535, Sum: 39529, Workers: 10
[2025-05-12T23:25:33.396+0300][1043.375s][36520] GC(24765)       ResolvedMethodTable Weak       Min:  0.0, Avg:  0.0, Max:  0.0, Diff:  0.0, Sum:  0.0, Workers: 10
[2025-05-12T23:25:33.396+0300][1043.375s][36520] GC(24765)         Dead                           Min: 0, Avg:  0.0, Max: 0, Diff: 0, Sum: 0, Workers: 10
[2025-05-12T23:25:33.396+0300][1043.375s][36520] GC(24765)         Total                          Min: 0, Avg: 71.5, Max: 128, Diff: 128, Sum: 715, Workers: 10
[2025-05-12T23:25:33.396+0300][1043.375s][36520] GC(24765)       JNI Weak                       Min:  0.0, Avg:  0.0, Max:  0.0, Diff:  0.0, Sum:  0.0, Workers: 10
[2025-05-12T23:25:33.396+0300][1043.375s][36520] GC(24765)         Dead                           Min: 0, Avg:  0.0, Max: 0, Diff: 0, Sum: 0, Workers: 10
[2025-05-12T23:25:33.396+0300][1043.375s][36520] GC(24765)         Total                          Min: 0, Avg:  1.1, Max: 11, Diff: 11, Sum: 11, Workers: 10
[2025-05-12T23:25:33.396+0300][1043.375s][36520] GC(24765)       StringDedup Table Weak         Min:  0.0, Avg:  0.0, Max:  0.0, Diff:  0.0, Sum:  0.0, Workers: 10
[2025-05-12T23:25:33.396+0300][1043.375s][36520] GC(24765)         Dead                           Min: 0, Avg:  0.0, Max: 0, Diff: 0, Sum: 0, Workers: 10
[2025-05-12T23:25:33.396+0300][1043.375s][36520] GC(24765)         Total                          Min: 0, Avg:  0.0, Max: 0, Diff: 0, Sum: 0, Workers: 10
[2025-05-12T23:25:33.397+0300][1043.375s][36520] GC(24765)       StringDedup Requests0 Weak     Min:  0.0, Avg:  0.0, Max:  0.0, Diff:  0.0, Sum:  0.0, Workers: 10
[2025-05-12T23:25:33.397+0300][1043.375s][36520] GC(24765)         Dead                           Min: 0, Avg:  0.0, Max: 0, Diff: 0, Sum: 0, Workers: 10
[2025-05-12T23:25:33.397+0300][1043.375s][36520] GC(24765)         Total                          Min: 0, Avg:  0.0, Max: 0, Diff: 0, Sum: 0, Workers: 10
[2025-05-12T23:25:33.397+0300][1043.375s][36520] GC(24765)       StringDedup Requests1 Weak     Min:  0.0, Avg:  0.0, Max:  0.0, Diff:  0.0, Sum:  0.0, Workers: 10
[2025-05-12T23:25:33.397+0300][1043.375s][36520] GC(24765)         Dead                           Min: 0, Avg:  0.0, Max: 0, Diff: 0, Sum: 0, Workers: 10
[2025-05-12T23:25:33.397+0300][1043.375s][36520] GC(24765)         Total                          Min: 0, Avg:  0.0, Max: 0, Diff: 0, Sum: 0, Workers: 10
[2025-05-12T23:25:33.397+0300][1043.375s][36520] GC(24765)       Weak JFR Old Object Samples    Min:  0.0, Avg:  0.0, Max:  0.0, Diff:  0.0, Sum:  0.0, Workers: 10
[2025-05-12T23:25:33.397+0300][1043.375s][36520] GC(24765)         Dead                           Min: 0, Avg:  0.0, Max: 0, Diff: 0, Sum: 0, Workers: 10
[2025-05-12T23:25:33.397+0300][1043.375s][36520] GC(24765)         Total                          Min: 0, Avg:  0.0, Max: 0, Diff: 0, Sum: 0, Workers: 10
[2025-05-12T23:25:33.397+0300][1043.375s][36520] GC(24765)     Post Evacuate Cleanup 1: 0.1ms
[2025-05-12T23:25:33.397+0300][1043.375s][36520] GC(24765)       Merge Per-Thread State (ms):   Min:  0.0, Avg:  0.0, Max:  0.0, Diff:  0.0, Sum:  0.0, Workers: 1
[2025-05-12T23:25:33.397+0300][1043.375s][36520] GC(24765)         Copied Bytes                   Min: 0, Avg:  0.0, Max: 0, Diff: 0, Sum: 0, Workers: 2
[2025-05-12T23:25:33.397+0300][1043.375s][36520] GC(24765)         LAB Waste                      Min: 0, Avg:  0.0, Max: 0, Diff: 0, Sum: 0, Workers: 2
[2025-05-12T23:25:33.397+0300][1043.375s][36520] GC(24765)         LAB Undo Waste                 Min: 0, Avg:  0.0, Max: 0, Diff: 0, Sum: 0, Workers: 2
[2025-05-12T23:25:33.397+0300][1043.375s][36520] GC(24765)       Clear Logged Cards (ms):       Min:  0.0, Avg:  0.0, Max:  0.0, Diff:  0.0, Sum:  0.0, Workers: 2
[2025-05-12T23:25:33.397+0300][1043.375s][36520] GC(24765)       Recalculate Used Memory (ms):  Min:  0.0, Avg:  0.0, Max:  0.0, Diff:  0.0, Sum:  0.0, Workers: 1
[2025-05-12T23:25:33.397+0300][1043.375s][36520] GC(24765)       Restore Retained Regions (ms): Min:  0.1, Avg:  0.1, Max:  0.1, Diff:  0.0, Sum:  0.1, Workers: 2
[2025-05-12T23:25:33.397+0300][1043.376s][36520] GC(24765)         Evacuation Failure Regions:    Min: 1, Avg:  1.0, Max: 1, Diff: 0, Sum: 1, Workers: 1
[2025-05-12T23:25:33.397+0300][1043.376s][36520] GC(24765)         Remove Self Forwards (ms):     Min:  0.1, Avg:  0.1, Max:  0.1, Diff:  0.0, Sum:  0.1, Workers: 2
[2025-05-12T23:25:33.397+0300][1043.376s][36520] GC(24765)           Forward Chunks:                Min: 28, Avg: 28.5, Max: 29, Diff: 1, Sum: 57, Workers: 2
[2025-05-12T23:25:33.397+0300][1043.376s][36520] GC(24765)           Empty Forward Chunks:          Min: 2, Avg:  3.5, Max: 5, Diff: 3, Sum: 7, Workers: 2
[2025-05-12T23:25:33.397+0300][1043.376s][36520] GC(24765)           Forward Objects:               Min: 1976, Avg: 2131.0, Max: 2286, Diff: 310, Sum: 4262, Workers: 2
[2025-05-12T23:25:33.397+0300][1043.376s][36520] GC(24765)           Forward Bytes:                 Min: 106464, Avg: 110556.0, Max: 114648, Diff: 8184, Sum: 221112, Workers: 2
[2025-05-12T23:25:33.397+0300][1043.376s][36520] GC(24765)     Post Evacuate Cleanup 2: 0.0ms
[2025-05-12T23:25:33.397+0300][1043.376s][36520] GC(24765)       Recalculate Used Memory (ms):  Min:  0.0, Avg:  0.0, Max:  0.0, Diff:  0.0, Sum:  0.0, Workers: 1
[2025-05-12T23:25:33.397+0300][1043.376s][36520] GC(24765)       Restore Preserved Marks (ms):  Min:  0.0, Avg:  0.0, Max:  0.0, Diff:  0.0, Sum:  0.0, Workers: 2
[2025-05-12T23:25:33.397+0300][1043.376s][36520] GC(24765)       Clear Retained Region Bitmaps (ms): skipped
[2025-05-12T23:25:33.397+0300][1043.376s][36520] GC(24765)       Update Derived Pointers (ms):  Min:  0.0, Avg:  0.0, Max:  0.0, Diff:  0.0, Sum:  0.0, Workers: 1
[2025-05-12T23:25:33.397+0300][1043.376s][36520] GC(24765)       Eagerly Reclaim Humongous Objects (ms): skipped
[2025-05-12T23:25:33.397+0300][1043.376s][36520] GC(24765)         Humongous Total                skipped
[2025-05-12T23:25:33.397+0300][1043.376s][36520] GC(24765)         Humongous Candidates           skipped
[2025-05-12T23:25:33.397+0300][1043.376s][36520] GC(24765)         Humongous Reclaimed            skipped
[2025-05-12T23:25:33.397+0300][1043.376s][36520] GC(24765)       Redirty Logged Cards (ms):     Min:  0.0, Avg:  0.0, Max:  0.0, Diff:  0.0, Sum:  0.0, Workers: 2
[2025-05-12T23:25:33.397+0300][1043.376s][36520] GC(24765)         Redirtied Cards:               Min: 0, Avg:  0.0, Max: 0, Diff: 0, Sum: 0, Workers: 2
[2025-05-12T23:25:33.397+0300][1043.376s][36520] GC(24765)       Resize TLABs (ms):             Min:  0.0, Avg:  0.0, Max:  0.0, Diff:  0.0, Sum:  0.0, Workers: 2
[2025-05-12T23:25:33.397+0300][1043.376s][36520] GC(24765)       Free Collection Set (ms):      Min:  0.0, Avg:  0.0, Max:  0.0, Diff:  0.0, Sum:  0.0, Workers: 2
[2025-05-12T23:25:33.397+0300][1043.376s][36520] GC(24765)     Rebuild Free List: 0.1ms
[2025-05-12T23:25:33.397+0300][1043.376s][36520] GC(24765)     Prepare For Mutator: 0.1ms
[2025-05-12T23:25:33.397+0300][1043.376s][36520] GC(24765)     Expand Heap After Collection: 0.0ms
[2025-05-12T23:25:33.397+0300][1043.376s][36520] GC(24765)   Other: 0.6ms
[2025-05-12T23:25:33.397+0300][1043.376s][36520] GC(24765) Coarsening (recent): Inline->AoC 0 (0) AoC->Howl 0 (0) Howl->Full 0 (0) Inline->AoC 0 (0) AoC->BitMap 0 (0) BitMap->Full 0 (0) 
[2025-05-12T23:25:33.397+0300][1043.376s][36520] GC(24765) Coarsening (all): Inline->AoC 10920 (0) AoC->Howl 7731 (0) Howl->Full 0 (0) Inline->AoC 10809 (0) AoC->BitMap 7399 (0) BitMap->Full 0 (0) 
[2025-05-12T23:25:33.397+0300][1043.376s][36520] GC(24765) Eden regions: 1->0(0)
[2025-05-12T23:25:33.397+0300][1043.376s][36520] GC(24765) Survivor regions: 0->0(0)
[2025-05-12T23:25:33.397+0300][1043.376s][36520] GC(24765) Old regions: 11->12
[2025-05-12T23:25:33.397+0300][1043.376s][36520] GC(24765) Humongous regions: 0->0
[2025-05-12T23:25:33.397+0300][1043.376s][36520] GC(24765) Metaspace: 10757K(12736K)->10757K(12736K) NonClass: 9682K(11328K)->9682K(11328K) Class: 1075K(1408K)->1075K(1408K)
[2025-05-12T23:25:33.397+0300][1043.376s][36520] GC(24765) Heap after GC invocations=21218 (full 7115):
[2025-05-12T23:25:33.397+0300][1043.376s][36520] GC(24765)  garbage-first heap   total 12288K, used 12196K [0x00000000ff400000, 0x0000000100000000)
[2025-05-12T23:25:33.397+0300][1043.376s][36520] GC(24765)   region size 1024K, 0 young (0K), 0 survivors (0K)
[2025-05-12T23:25:33.397+0300][1043.376s][36520] GC(24765)  Metaspace       used 10757K, committed 12736K, reserved 1114112K
[2025-05-12T23:25:33.397+0300][1043.376s][36520] GC(24765)   class space    used 1075K, committed 1408K, reserved 1048576K
[2025-05-12T23:25:33.397+0300][1043.376s][36520] GC(24765) Pause Young (Concurrent Start) (G1 Evacuation Pause) (Evacuation Failure) 11M->11M(12M) 3.846ms
[2025-05-12T23:25:33.397+0300][1043.376s][36520] GC(24765) User=0.00s Sys=0.00s Real=0.00s
[2025-05-12T23:25:33.397+0300][1043.376s][34628] GC(24766) Concurrent Mark Cycle
[2025-05-12T23:25:33.397+0300][1043.376s][36520] Attempt heap expansion (allocation request failed). Allocation request: 2048B
[2025-05-12T23:25:33.397+0300][1043.376s][34628] GC(24766) Concurrent Scan Root Regions
[2025-05-12T23:25:33.397+0300][1043.376s][36520] Expand the heap. requested expansion amount: 1048576B expansion amount: 1048576B
[2025-05-12T23:25:33.397+0300][1043.376s][34628] GC(24766) Concurrent Scan Root Regions 0.044ms
[2025-05-12T23:25:33.397+0300][1043.376s][36520] Did not expand the heap (heap already fully expanded)
[2025-05-12T23:25:33.397+0300][1043.376s][34628] GC(24766) Concurrent Mark
[2025-05-12T23:25:33.397+0300][1043.376s][36520] Attempting full compaction
[2025-05-12T23:25:33.397+0300][1043.376s][34628] GC(24766) Concurrent Mark From Roots
[2025-05-12T23:25:33.398+0300][1043.376s][36520] GC(24767) Pause Full (G1 Compaction Pause)
[2025-05-12T23:25:33.398+0300][1043.376s][34628] GC(24766) Using 3 workers of 3 for marking
[2025-05-12T23:25:33.398+0300][1043.376s][36520] GC(24767) Heap before GC invocations=21218 (full 7115):
[2025-05-12T23:25:33.398+0300][1043.376s][36520] GC(24767)  garbage-first heap   total 12288K, used 12196K [0x00000000ff400000, 0x0000000100000000)
[2025-05-12T23:25:33.398+0300][1043.376s][36520] GC(24767)   region size 1024K, 0 young (0K), 0 survivors (0K)
[2025-05-12T23:25:33.398+0300][1043.376s][36520] GC(24767)  Metaspace       used 10757K, committed 12736K, reserved 1114112K
[2025-05-12T23:25:33.398+0300][1043.376s][36520] GC(24767)   class space    used 1075K, committed 1408K, reserved 1048576K
[2025-05-12T23:25:33.398+0300][1043.376s][36520] GC(24767) Requesting 1 active workers for full compaction (waste limited workers: 1, adaptive workers: 2, used limited workers: 12)
[2025-05-12T23:25:33.398+0300][1043.376s][36520] GC(24767) Using 1 workers of 10 for full compaction
[2025-05-12T23:25:33.398+0300][1043.376s][36520] GC(24767) Clear Bitmap
[2025-05-12T23:25:33.398+0300][1043.376s][36520] GC(24767) Running G1 Clear Bitmap with 1 workers for 1 work units.
[2025-05-12T23:25:33.398+0300][1043.376s][36520] GC(24767) Clear Bitmap 0.046ms
[2025-05-12T23:25:33.398+0300][1043.376s][36520] GC(24767) Mutator Allocation stats, regions: 0, wasted size: 0B ( 0.0%)
[2025-05-12T23:25:33.398+0300][1043.376s][36520] GC(24767) Phase 1: Mark live objects
[2025-05-12T23:25:33.404+0300][1043.383s][36520] GC(24767) Phase 1: Reference Processing
[2025-05-12T23:25:33.404+0300][1043.383s][36520] GC(24767) ReferenceProcessor::execute queues: 1, RefProcThreadModel::Single, marks_oops_alive: false
[2025-05-12T23:25:33.404+0300][1043.384s][36520] GC(24767) Skipped KeepAliveFinalRefsPhase of Reference Processing: no references
[2025-05-12T23:25:33.404+0300][1043.384s][36520] GC(24767) ReferenceProcessor::execute queues: 1, RefProcThreadModel::Single, marks_oops_alive: false
[2025-05-12T23:25:33.404+0300][1043.384s][36520] GC(24767) Reference Processing: 0.0ms
[2025-05-12T23:25:33.404+0300][1043.384s][36520] GC(24767)   Notify Soft/WeakReferences: 0.0ms
[2025-05-12T23:25:33.404+0300][1043.384s][36520] GC(24767)     SoftRef: 0.0ms
[2025-05-12T23:25:33.404+0300][1043.384s][36520] GC(24767)     WeakRef: 0.0ms
[2025-05-12T23:25:33.404+0300][1043.384s][36520] GC(24767)     FinalRef: 0.0ms
[2025-05-12T23:25:33.404+0300][1043.384s][36520] GC(24767)     Total: 0.0ms
[2025-05-12T23:25:33.404+0300][1043.384s][36520] GC(24767)   Notify and keep alive finalizable: 0.0ms
[2025-05-12T23:25:33.404+0300][1043.384s][36520] GC(24767)     FinalRef: skipped
[2025-05-12T23:25:33.404+0300][1043.384s][36520] GC(24767)   Notify PhantomReferences: 0.0ms
[2025-05-12T23:25:33.404+0300][1043.384s][36520] GC(24767)     PhantomRef: 0.0ms
[2025-05-12T23:25:33.404+0300][1043.384s][36520] GC(24767)   SoftReference Discovered: 47, Dropped: 4, Processed: 43
[2025-05-12T23:25:33.404+0300][1043.384s][36520] GC(24767)   WeakReference Discovered: 32, Dropped: 13, Processed: 19
[2025-05-12T23:25:33.404+0300][1043.384s][36520] GC(24767)   FinalReference Discovered: 0, Dropped: 0, Processed: 0
[2025-05-12T23:25:33.404+0300][1043.384s][36520] GC(24767)   PhantomReference Discovered: 23, Dropped: 23, Processed: 0
[2025-05-12T23:25:33.404+0300][1043.384s][36520] GC(24767) Phase 1: Reference Processing 0.235ms
[2025-05-12T23:25:33.404+0300][1043.384s][36520] GC(24767) Phase 1: Weak Processing
[2025-05-12T23:25:33.405+0300][1043.384s][36520] GC(24767)   VM Weak                        Min:  0.0, Avg:  0.0, Max:  0.0, Diff:  0.0, Sum:  0.0, Workers: 10
[2025-05-12T23:25:33.405+0300][1043.384s][36520] GC(24767)     Dead                           Min: 0, Avg:  1.8, Max: 18, Diff: 18, Sum: 18, Workers: 10
[2025-05-12T23:25:33.405+0300][1043.384s][36520] GC(24767)     Total                          Min: 0, Avg:  6.6, Max: 40, Diff: 40, Sum: 66, Workers: 10
[2025-05-12T23:25:33.405+0300][1043.384s][36520] GC(24767)   ObjectSynchronizer Weak        Min:  0.0, Avg:  0.0, Max:  0.0, Diff:  0.0, Sum:  0.0, Workers: 10
[2025-05-12T23:25:33.405+0300][1043.384s][36520] GC(24767)     Dead                           Min: 0, Avg:  0.0, Max: 0, Diff: 0, Sum: 0, Workers: 10
[2025-05-12T23:25:33.405+0300][1043.384s][36520] GC(24767)     Total                          Min: 0, Avg:  0.1, Max: 1, Diff: 1, Sum: 1, Workers: 10
[2025-05-12T23:25:33.405+0300][1043.384s][36520] GC(24767)   JVMTI Tag Weak OopStorage      Min:  0.1, Avg:  0.1, Max:  0.1, Diff:  0.0, Sum:  0.5, Workers: 10
[2025-05-12T23:25:33.405+0300][1043.384s][36520] GC(24767)     Dead                           Min: 0, Avg:  1.8, Max: 18, Diff: 18, Sum: 18, Workers: 10
[2025-05-12T23:25:33.405+0300][1043.384s][36520] GC(24767)     Total                          Min: 5368, Avg: 6289.8, Max: 8872, Diff: 3504, Sum: 62898, Workers: 10
[2025-05-12T23:25:33.405+0300][1043.384s][36520] GC(24767)   StringTable Weak               Min:  0.0, Avg:  0.0, Max:  0.0, Diff:  0.0, Sum:  0.2, Workers: 10
[2025-05-12T23:25:33.405+0300][1043.384s][36520] GC(24767)     Dead                           Min: 1, Avg:  6.8, Max: 25, Diff: 24, Sum: 68, Workers: 10
[2025-05-12T23:25:33.405+0300][1043.384s][36520] GC(24767)     Total                          Min: 3518, Avg: 3952.9, Max: 4605, Diff: 1087, Sum: 39529, Workers: 10
[2025-05-12T23:25:33.405+0300][1043.384s][36520] GC(24767)   ResolvedMethodTable Weak       Min:  0.0, Avg:  0.0, Max:  0.0, Diff:  0.0, Sum:  0.0, Workers: 10
[2025-05-12T23:25:33.405+0300][1043.384s][36520] GC(24767)     Dead                           Min: 0, Avg:  3.5, Max: 11, Diff: 11, Sum: 35, Workers: 10
[2025-05-12T23:25:33.405+0300][1043.384s][36520] GC(24767)     Total                          Min: 10, Avg: 71.5, Max: 127, Diff: 117, Sum: 715, Workers: 10
[2025-05-12T23:25:33.405+0300][1043.384s][36520] GC(24767)   JNI Weak                       Min:  0.0, Avg:  0.0, Max:  0.0, Diff:  0.0, Sum:  0.0, Workers: 10
[2025-05-12T23:25:33.405+0300][1043.384s][36520] GC(24767)     Dead                           Min: 0, Avg:  0.0, Max: 0, Diff: 0, Sum: 0, Workers: 10
[2025-05-12T23:25:33.405+0300][1043.384s][36520] GC(24767)     Total                          Min: 0, Avg:  1.1, Max: 11, Diff: 11, Sum: 11, Workers: 10
[2025-05-12T23:25:33.405+0300][1043.384s][36520] GC(24767)   StringDedup Table Weak         Min:  0.0, Avg:  0.0, Max:  0.0, Diff:  0.0, Sum:  0.0, Workers: 10
[2025-05-12T23:25:33.405+0300][1043.384s][36520] GC(24767)     Dead                           Min: 0, Avg:  0.0, Max: 0, Diff: 0, Sum: 0, Workers: 10
[2025-05-12T23:25:33.405+0300][1043.384s][36520] GC(24767)     Total                          Min: 0, Avg:  0.0, Max: 0, Diff: 0, Sum: 0, Workers: 10
[2025-05-12T23:25:33.405+0300][1043.384s][36520] GC(24767)   StringDedup Requests0 Weak     Min:  0.0, Avg:  0.0, Max:  0.0, Diff:  0.0, Sum:  0.0, Workers: 10
[2025-05-12T23:25:33.405+0300][1043.384s][36520] GC(24767)     Dead                           Min: 0, Avg:  0.0, Max: 0, Diff: 0, Sum: 0, Workers: 10
[2025-05-12T23:25:33.405+0300][1043.384s][36520] GC(24767)     Total                          Min: 0, Avg:  0.0, Max: 0, Diff: 0, Sum: 0, Workers: 10
[2025-05-12T23:25:33.405+0300][1043.384s][36520] GC(24767)   StringDedup Requests1 Weak     Min:  0.0, Avg:  0.0, Max:  0.0, Diff:  0.0, Sum:  0.0, Workers: 10
[2025-05-12T23:25:33.405+0300][1043.384s][36520] GC(24767)     Dead                           Min: 0, Avg:  0.0, Max: 0, Diff: 0, Sum: 0, Workers: 10
[2025-05-12T23:25:33.405+0300][1043.384s][36520] GC(24767)     Total                          Min: 0, Avg:  0.0, Max: 0, Diff: 0, Sum: 0, Workers: 10
[2025-05-12T23:25:33.405+0300][1043.384s][36520] GC(24767)   Weak JFR Old Object Samples    Min:  0.0, Avg:  0.0, Max:  0.0, Diff:  0.0, Sum:  0.0, Workers: 10
[2025-05-12T23:25:33.405+0300][1043.384s][36520] GC(24767)     Dead                           Min: 0, Avg:  0.0, Max: 0, Diff: 0, Sum: 0, Workers: 10
[2025-05-12T23:25:33.405+0300][1043.384s][36520] GC(24767)     Total                          Min: 0, Avg:  0.0, Max: 0, Diff: 0, Sum: 0, Workers: 10
[2025-05-12T23:25:33.405+0300][1043.384s][36520] GC(24767) Phase 1: Weak Processing 0.437ms
[2025-05-12T23:25:33.405+0300][1043.384s][36520] GC(24767) Phase 1: Class Unloading and Cleanup
[2025-05-12T23:25:33.405+0300][1043.384s][36520] GC(24767) ClassLoaderData
[2025-05-12T23:25:33.405+0300][1043.384s][36520] GC(24767) ClassLoaderData 0.063ms
[2025-05-12T23:25:33.405+0300][1043.384s][36520] GC(24767) Trigger cleanups
[2025-05-12T23:25:33.405+0300][1043.384s][36520] GC(24767) Trigger cleanups 0.009ms
[2025-05-12T23:25:33.409+0300][1043.388s][36520] GC(24767) Phase 1: Class Unloading and Cleanup 3.680ms
[2025-05-12T23:25:33.409+0300][1043.388s][36520] GC(24767) Report Object Count
[2025-05-12T23:25:33.409+0300][1043.388s][36520] GC(24767) Report Object Count 0.012ms
[2025-05-12T23:25:33.409+0300][1043.388s][36520] GC(24767) Phase 1: Mark live objects 11.413ms
[2025-05-12T23:25:33.409+0300][1043.388s][36520] GC(24767) Phase 2: Prepare compaction
[2025-05-12T23:25:33.409+0300][1043.388s][36520] GC(24767) Phase 2: Determine work lists
[2025-05-12T23:25:33.409+0300][1043.388s][36520] GC(24767) Phase 2: Determine work lists 0.010ms
[2025-05-12T23:25:33.409+0300][1043.388s][36520] GC(24767) Phase 2: Prepare parallel compaction
[2025-05-12T23:25:33.409+0300][1043.388s][36520] GC(24767) Phase 2: Prepare parallel compaction 0.241ms
[2025-05-12T23:25:33.409+0300][1043.388s][36520] GC(24767) Phase 2: Prepare compaction 0.290ms
[2025-05-12T23:25:33.409+0300][1043.388s][36520] GC(24767) Phase 3: Adjust pointers
[2025-05-12T23:25:33.414+0300][1043.393s][36520] GC(24767) Phase 3: Adjust pointers 4.541ms
[2025-05-12T23:25:33.414+0300][1043.393s][36520] GC(24767) Phase 4: Compact heap
[2025-05-12T23:25:33.414+0300][1043.393s][36520] GC(24767) Phase 4: Compact heap 0.184ms
[2025-05-12T23:25:33.414+0300][1043.393s][36520] GC(24767) Phase 5: Reset Metadata
[2025-05-12T23:25:33.415+0300][1043.394s][36520] GC(24767) Phase 5: Reset Metadata 1.407ms
[2025-05-12T23:25:33.416+0300][1043.395s][36520] GC(24767) Running G1 Clear Bitmap with 1 workers for 1 work units.
[2025-05-12T23:25:33.417+0300][1043.396s][36520] Old generation allocation in the last mutator period, old gen allocated: 0B, humongous allocated: 0B, old gen growth: 0B.
[2025-05-12T23:25:33.417+0300][1043.396s][36520] GC(24767) Coarsening (recent): Inline->AoC 0 (0) AoC->Howl 0 (0) Howl->Full 0 (0) Inline->AoC 0 (0) AoC->BitMap 0 (0) BitMap->Full 0 (0) 
[2025-05-12T23:25:33.417+0300][1043.396s][36520] GC(24767) Coarsening (all): Inline->AoC 10920 (0) AoC->Howl 7731 (0) Howl->Full 0 (0) Inline->AoC 10809 (0) AoC->BitMap 7399 (0) BitMap->Full 0 (0) 
[2025-05-12T23:25:33.417+0300][1043.396s][36520] GC(24767) Eden regions: 0->0(1)
[2025-05-12T23:25:33.417+0300][1043.396s][36520] GC(24767) Survivor regions: 0->0(0)
[2025-05-12T23:25:33.417+0300][1043.396s][36520] GC(24767) Old regions: 12->11
[2025-05-12T23:25:33.417+0300][1043.396s][36520] GC(24767) Humongous regions: 0->0
[2025-05-12T23:25:33.417+0300][1043.396s][36520] GC(24767) Metaspace: 10757K(12736K)->10722K(12736K) NonClass: 9682K(11328K)->9656K(11328K) Class: 1075K(1408K)->1066K(1408K)
[2025-05-12T23:25:33.417+0300][1043.396s][36520] GC(24767) Heap after GC invocations=21219 (full 7116):
[2025-05-12T23:25:33.417+0300][1043.396s][36520] GC(24767)  garbage-first heap   total 12288K, used 11258K [0x00000000ff400000, 0x0000000100000000)
[2025-05-12T23:25:33.417+0300][1043.396s][36520] GC(24767)   region size 1024K, 0 young (0K), 0 survivors (0K)
[2025-05-12T23:25:33.417+0300][1043.396s][36520] GC(24767)  Metaspace       used 10722K, committed 12736K, reserved 1114112K
[2025-05-12T23:25:33.417+0300][1043.396s][36520] GC(24767)   class space    used 1066K, committed 1408K, reserved 1048576K
[2025-05-12T23:25:33.417+0300][1043.396s][36520] GC(24767) Pause Full (G1 Compaction Pause) 11M->10M(12M) 20.098ms
[2025-05-12T23:25:33.417+0300][1043.396s][36520] GC(24767) User=0.00s Sys=0.00s Real=0.02s
[2025-05-12T23:25:33.417+0300][1043.396s][9340 ] G1 Service Thread (Card Set Free Memory Task) (run: 22.916ms) (cpu: 0.000ms)
[2025-05-12T23:25:33.417+0300][1043.396s][34628] ---------------------------------------------------------------------
[2025-05-12T23:25:33.417+0300][1043.397s][34628] Marking Stats, task = 0, calls = 0
[2025-05-12T23:25:33.417+0300][1043.397s][34628]   Elapsed time = 0.00ms, Termination time = 0.00ms
[2025-05-12T23:25:33.417+0300][1043.397s][34628]   Step Times (cum): num = 5369, avg = 0.16ms, sd = 1.55ms max = 16.00ms, total = 833.00ms
[2025-05-12T23:25:33.417+0300][1043.397s][34628]   Mark Stats Cache: hits 2773 misses 0 ratio 100.000
[2025-05-12T23:25:33.417+0300][1043.397s][34628] ---------------------------------------------------------------------
[2025-05-12T23:25:33.417+0300][1043.397s][34628] Marking Stats, task = 1, calls = 0
[2025-05-12T23:25:33.417+0300][1043.397s][34628]   Elapsed time = 0.00ms, Termination time = 0.00ms
[2025-05-12T23:25:33.417+0300][1043.397s][34628]   Step Times (cum): num = 13793, avg = 0.02ms, sd = 0.58ms max = 16.00ms, total = 296.00ms
[2025-05-12T23:25:33.417+0300][1043.397s][34628]   Mark Stats Cache: hits 4705 misses 0 ratio 100.000
[2025-05-12T23:25:33.417+0300][1043.397s][34628] ---------------------------------------------------------------------
[2025-05-12T23:25:33.417+0300][1043.397s][34628] Marking Stats, task = 2, calls = 0
[2025-05-12T23:25:33.417+0300][1043.397s][34628]   Elapsed time = 0.00ms, Termination time = 0.00ms
[2025-05-12T23:25:33.417+0300][1043.397s][34628]   Step Times (cum): num = 13231, avg = 0.02ms, sd = 0.61ms max = 16.00ms, total = 313.00ms
[2025-05-12T23:25:33.417+0300][1043.397s][34628]   Mark Stats Cache: hits 0 misses 0 ratio 0.000
[2025-05-12T23:25:33.417+0300][1043.397s][34628] ---------------------------------------------------------------------
[2025-05-12T23:25:33.417+0300][1043.397s][34628] GC(24766) Concurrent Mark From Roots 20.456ms
[2025-05-12T23:25:33.417+0300][1043.397s][34628] GC(24766) Concurrent Mark Abort
[2025-05-12T23:25:33.417+0300][1043.397s][34628] GC(24766) Concurrent Mark Cycle 20.640ms
[2025-05-12T23:25:33.447+0300][1043.426s][36520] GC(24768) Pause Young (Normal) (G1 Evacuation Pause)
[2025-05-12T23:25:33.447+0300][1043.426s][36520] GC(24768) Heap before GC invocations=21219 (full 7116):
[2025-05-12T23:25:33.447+0300][1043.426s][36520] GC(24768)  garbage-first heap   total 12288K, used 12282K [0x00000000ff400000, 0x0000000100000000)
[2025-05-12T23:25:33.447+0300][1043.426s][36520] GC(24768)   region size 1024K, 1 young (1024K), 0 survivors (0K)
[2025-05-12T23:25:33.447+0300][1043.426s][36520] GC(24768)  Metaspace       used 10759K, committed 12736K, reserved 1114112K
[2025-05-12T23:25:33.447+0300][1043.426s][36520] GC(24768)   class space    used 1076K, committed 1408K, reserved 1048576K
[2025-05-12T23:25:33.447+0300][1043.426s][36520] GC(24768) Using 2 workers of 10 for evacuation
[2025-05-12T23:25:33.447+0300][1043.426s][36520] GC(24768) Desired survivor size 524288 bytes, new threshold 15 (max threshold 15)
[2025-05-12T23:25:33.447+0300][1043.426s][36520] GC(24768) TLAB totals: thrds: 1  refills: 317 max: 317 slow allocs: 151 max 151 waste: 22.1% gc: 0B max: 0B slow: 189512B max: 189512B
[2025-05-12T23:25:33.447+0300][1043.426s][36520] GC(24768) Mutator refinement: 0.00ms, refined: 0, precleaned: 0, dirtied: 102
[2025-05-12T23:25:33.447+0300][1043.426s][36520] GC(24768) Concurrent refinement: 0.00ms, refined: 0, precleaned: 0, dirtied: 0
[2025-05-12T23:25:33.447+0300][1043.426s][36520] GC(24768) Total refinement: 0.00ms, refined: 0, precleaned: 0, dirtied: 102
[2025-05-12T23:25:33.447+0300][1043.426s][36520] GC(24768) Generate dirty cards rate: 3.40 cards/ms
[2025-05-12T23:25:33.447+0300][1043.426s][36520] GC(24768) Mutator Allocation stats, regions: 1, wasted size: 0B ( 0.0%)
[2025-05-12T23:25:33.447+0300][1043.426s][36520] GC(24768) No candidates to reclaim.
[2025-05-12T23:25:33.447+0300][1043.426s][36520] GC(24768) Running G1 Merge Heap Roots using 2 workers for 1 regions
[2025-05-12T23:25:33.447+0300][1043.426s][36520] GC(24768) Visited cards 1120 Total dirty 12288 (9.11%) Total old 26624 (4.21%)
[2025-05-12T23:25:33.447+0300][1043.426s][33800] GC(24768) Attempt heap expansion (region allocation request failed). Allocation request: 2064B
[2025-05-12T23:25:33.447+0300][1043.427s][33800] GC(24768) Did not expand the heap (heap already fully expanded)
[2025-05-12T23:25:33.448+0300][1043.427s][36520] GC(24768) ReferenceProcessor::execute queues: 1, RefProcThreadModel::Single, marks_oops_alive: false
[2025-05-12T23:25:33.448+0300][1043.427s][36520] GC(24768) Skipped KeepAliveFinalRefsPhase of Reference Processing: no references
[2025-05-12T23:25:33.448+0300][1043.427s][36520] GC(24768) Skipped PhantomRefsPhase of Reference Processing: no references
[2025-05-12T23:25:33.448+0300][1043.427s][36520] GC(24768) Initializing removing self forwards with 64 chunks per region
[2025-05-12T23:25:33.448+0300][1043.427s][36520] GC(24768) Running G1 Rebuild Free List Task using 2 workers for rebuilding free list of regions
[2025-05-12T23:25:33.448+0300][1043.427s][36520] GC(24768) Young PLAB allocation: allocated: 0B, wasted: 0B, unused: 0B, used: 0B, undo waste: 0B, 
[2025-05-12T23:25:33.448+0300][1043.427s][36520] GC(24768) Young other allocation: region end waste: 0B, regions filled: 0, num plab filled: 2, direct allocated: 0B, num direct allocated: 0, failure used: 0B, failure wasted: 0B
[2025-05-12T23:25:33.448+0300][1043.427s][36520] GC(24768) Young sizing: calculated: 0B, actual: 2064B
[2025-05-12T23:25:33.448+0300][1043.427s][36520] GC(24768) Old PLAB allocation: allocated: 0B, wasted: 0B, unused: 0B, used: 0B, undo waste: 0B, 
[2025-05-12T23:25:33.448+0300][1043.427s][36520] GC(24768) Old other allocation: region end waste: 0B, regions filled: 0, num plab filled: 2, direct allocated: 0B, num direct allocated: 0, failure used: 186776B, failure wasted: 861800B
[2025-05-12T23:25:33.448+0300][1043.427s][36520] GC(24768) Old sizing: calculated: 0B, actual: 2064B
[2025-05-12T23:25:33.448+0300][1043.427s][36520] GC(24768) Heap expansion: short term pause time ratio 49.04% long term pause time ratio 42.67% threshold 7.69% pause time ratio 7.69% fully expanded true resize by 0B
[2025-05-12T23:25:33.448+0300][1043.427s][9340 ] G1 Service Thread (Card Set Free Memory Task) (run 0.009ms after schedule)
[2025-05-12T23:25:33.448+0300][1043.427s][36520] GC(24768) Request concurrent cycle initiation (occupancy higher than threshold) occupancy: 12582912B allocation request: 0B threshold: 3560167B (28.29) source: end of GC
[2025-05-12T23:25:33.448+0300][1043.427s][36520] GC(24768) MMU: 5.4ms (200.0ms/201.0ms)
[2025-05-12T23:25:33.448+0300][1043.427s][36520] Old generation allocation in the last mutator period, old gen allocated: 1048576B, humongous allocated: 0B, old gen growth: 1048576B.
[2025-05-12T23:25:33.448+0300][1043.427s][36520] GC(24768) Basic information (value update), threshold: 3624502B (28.80), target occupancy: 12582912B, current occupancy: 12577656B, recent allocation size: 1048576B, recent allocation duration: 29.96ms, recent old gen allocation rate: 34996395.48B/s, recent marking phase length: 120.12ms
[2025-05-12T23:25:33.448+0300][1043.427s][36520] GC(24768) Adaptive IHOP information (value update), threshold: 3624502B (33.89), internal target occupancy: 10695475B, occupancy: 12577656B, additional buffer size: 1048576B, predicted old gen allocation rate: 49902668.38B/s, predicted marking phase length: 120.68ms, prediction active: true
[2025-05-12T23:25:33.448+0300][1043.427s][36520] GC(24768) GC refinement: goal: 18446744073709551615 + 101 / 20.00ms, actual: 102 / 0.04ms, 
[2025-05-12T23:25:33.448+0300][1043.427s][36520] GC(24768) Unchanged pending cards target: 18446744073709551615
[2025-05-12T23:25:33.448+0300][1043.427s][36520] GC(24768)   Pre Evacuate Collection Set: 0.1ms
[2025-05-12T23:25:33.448+0300][1043.427s][36520] GC(24768)     Pre Evacuate Prepare: 0.1ms
[2025-05-12T23:25:33.448+0300][1043.427s][36520] GC(24768)       JT Retire TLABs And Flush Logs (ms): Min:  0.0, Avg:  0.0, Max:  0.0, Diff:  0.0, Sum:  0.0, Workers: 2
[2025-05-12T23:25:33.448+0300][1043.427s][36520] GC(24768)       Non-JT Flush Logs (ms):        Min:  0.0, Avg:  0.0, Max:  0.0, Diff:  0.0, Sum:  0.0, Workers: 1
[2025-05-12T23:25:33.448+0300][1043.427s][36520] GC(24768)     Choose Collection Set: 0.0ms
[2025-05-12T23:25:33.448+0300][1043.427s][36520] GC(24768)     Region Register: 0.0ms
[2025-05-12T23:25:33.448+0300][1043.427s][36520] GC(24768)     Prepare Heap Roots: 0.0ms
[2025-05-12T23:25:33.448+0300][1043.427s][36520] GC(24768)   Merge Heap Roots: 0.1ms
[2025-05-12T23:25:33.448+0300][1043.427s][36520] GC(24768)     Prepare Merge Heap Roots: 0.0ms
[2025-05-12T23:25:33.448+0300][1043.427s][36520] GC(24768)     Remembered Sets (ms):          Min:  0.0, Avg:  0.0, Max:  0.0, Diff:  0.0, Sum:  0.0, Workers: 2
[2025-05-12T23:25:33.448+0300][1043.427s][36520] GC(24768)       Eager Reclaim (ms):            skipped
[2025-05-12T23:25:33.448+0300][1043.427s][36520] GC(24768)       Merged Inline                  Min: 0, Avg:  0.0, Max: 0, Diff: 0, Sum: 0, Workers: 2
[2025-05-12T23:25:33.448+0300][1043.427s][36520] GC(24768)       Merged ArrayOfCards            Min: 0, Avg:  0.0, Max: 0, Diff: 0, Sum: 0, Workers: 2
[2025-05-12T23:25:33.448+0300][1043.428s][36520] GC(24768)       Merged Howl                    Min: 0, Avg:  0.0, Max: 0, Diff: 0, Sum: 0, Workers: 2
[2025-05-12T23:25:33.448+0300][1043.428s][36520] GC(24768)       Merged Full                    Min: 0, Avg:  0.0, Max: 0, Diff: 0, Sum: 0, Workers: 2
[2025-05-12T23:25:33.448+0300][1043.428s][36520] GC(24768)       Merged Howl Inline             Min: 0, Avg:  0.0, Max: 0, Diff: 0, Sum: 0, Workers: 2
[2025-05-12T23:25:33.448+0300][1043.428s][36520] GC(24768)       Merged Howl ArrayOfCards       Min: 0, Avg:  0.0, Max: 0, Diff: 0, Sum: 0, Workers: 2
[2025-05-12T23:25:33.448+0300][1043.428s][36520] GC(24768)       Merged Howl BitMap             Min: 0, Avg:  0.0, Max: 0, Diff: 0, Sum: 0, Workers: 2
[2025-05-12T23:25:33.448+0300][1043.428s][36520] GC(24768)       Merged Howl Full               Min: 0, Avg:  0.0, Max: 0, Diff: 0, Sum: 0, Workers: 2
[2025-05-12T23:25:33.448+0300][1043.428s][36520] GC(24768)       Merged Cards                   Min: 8, Avg:  8.0, Max: 8, Diff: 0, Sum: 16, Workers: 2
[2025-05-12T23:25:33.448+0300][1043.428s][36520] GC(24768)     Log Buffers (ms):              Min:  0.0, Avg:  0.0, Max:  0.0, Diff:  0.0, Sum:  0.0, Workers: 2
[2025-05-12T23:25:33.448+0300][1043.428s][36520] GC(24768)       Dirty Cards:                   Min: 0, Avg: 51.0, Max: 102, Diff: 102, Sum: 102, Workers: 2
[2025-05-12T23:25:33.448+0300][1043.428s][36520] GC(24768)       Skipped Cards:                 Min: 0, Avg:  0.0, Max: 0, Diff: 0, Sum: 0, Workers: 2
[2025-05-12T23:25:33.448+0300][1043.428s][36520] GC(24768)   Evacuate Collection Set: 0.4ms
[2025-05-12T23:25:33.448+0300][1043.428s][36520] GC(24768)     Ext Root Scanning (ms):        Min:  0.1, Avg:  0.1, Max:  0.1, Diff:  0.0, Sum:  0.2, Workers: 2
[2025-05-12T23:25:33.448+0300][1043.428s][36520] GC(24768)     Scan Heap Roots (ms):          Min:  0.0, Avg:  0.0, Max:  0.1, Diff:  0.1, Sum:  0.1, Workers: 2
[2025-05-12T23:25:33.448+0300][1043.428s][36520] GC(24768)       Scanned Cards:                 Min: 16, Avg: 51.0, Max: 86, Diff: 70, Sum: 102, Workers: 2
[2025-05-12T23:25:33.449+0300][1043.428s][36520] GC(24768)       Scanned Blocks:                Min: 14, Avg: 35.5, Max: 57, Diff: 43, Sum: 71, Workers: 2
[2025-05-12T23:25:33.449+0300][1043.428s][36520] GC(24768)       Claimed Chunks:                Min: 6, Avg: 17.5, Max: 29, Diff: 23, Sum: 35, Workers: 2
[2025-05-12T23:25:33.449+0300][1043.428s][36520] GC(24768)       Found Roots:                   Min: 20, Avg: 50.0, Max: 80, Diff: 60, Sum: 100, Workers: 2
[2025-05-12T23:25:33.449+0300][1043.428s][36520] GC(24768)     Code Root Scan (ms):           Min:  0.0, Avg:  0.0, Max:  0.0, Diff:  0.0, Sum:  0.0, Workers: 2
[2025-05-12T23:25:33.449+0300][1043.428s][36520] GC(24768)     Object Copy (ms):              Min:  0.1, Avg:  0.1, Max:  0.2, Diff:  0.0, Sum:  0.3, Workers: 2
[2025-05-12T23:25:33.449+0300][1043.428s][36520] GC(24768)     Termination (ms):              Min:  0.0, Avg:  0.0, Max:  0.0, Diff:  0.0, Sum:  0.0, Workers: 2
[2025-05-12T23:25:33.449+0300][1043.428s][36520] GC(24768)       Termination Attempts:          Min: 1, Avg:  1.0, Max: 1, Diff: 0, Sum: 2, Workers: 2
[2025-05-12T23:25:33.449+0300][1043.428s][36520] GC(24768)     GC Worker Other (ms):          Min:  0.0, Avg:  0.0, Max:  0.0, Diff:  0.0, Sum:  0.0, Workers: 2
[2025-05-12T23:25:33.449+0300][1043.428s][36520] GC(24768)     GC Worker Total (ms):          Min:  0.3, Avg:  0.3, Max:  0.3, Diff:  0.0, Sum:  0.6, Workers: 2
[2025-05-12T23:25:33.449+0300][1043.428s][36520] GC(24768)   Post Evacuate Collection Set: 0.5ms
[2025-05-12T23:25:33.449+0300][1043.428s][36520] GC(24768)     NMethod List Cleanup: 0.0ms
[2025-05-12T23:25:33.449+0300][1043.428s][36520] GC(24768)     Reference Processing: 0.1ms
[2025-05-12T23:25:33.449+0300][1043.428s][36520] GC(24768)       Notify Soft/WeakReferences: 0.0ms
[2025-05-12T23:25:33.449+0300][1043.428s][36520] GC(24768)         SoftRef (ms):                  Min:  0.0, Avg:  0.0, Max:  0.0, Diff:  0.0, Sum:  0.0, Workers: 1
[2025-05-12T23:25:33.449+0300][1043.428s][36520] GC(24768)         WeakRef (ms):                  Min:  0.0, Avg:  0.0, Max:  0.0, Diff:  0.0, Sum:  0.0, Workers: 1
[2025-05-12T23:25:33.449+0300][1043.428s][36520] GC(24768)         FinalRef (ms):                 Min:  0.0, Avg:  0.0, Max:  0.0, Diff:  0.0, Sum:  0.0, Workers: 1
[2025-05-12T23:25:33.449+0300][1043.428s][36520] GC(24768)         Total (ms):                    Min:  0.0, Avg:  0.0, Max:  0.0, Diff:  0.0, Sum:  0.0, Workers: 1
[2025-05-12T23:25:33.449+0300][1043.428s][36520] GC(24768)       Notify and keep alive finalizable: 0.0ms
[2025-05-12T23:25:33.449+0300][1043.428s][36520] GC(24768)         FinalRef (ms):                 skipped
[2025-05-12T23:25:33.449+0300][1043.428s][36520] GC(24768)       Notify PhantomReferences: 0.0ms
[2025-05-12T23:25:33.449+0300][1043.428s][36520] GC(24768)         PhantomRef (ms):               skipped
[2025-05-12T23:25:33.449+0300][1043.428s][36520] GC(24768)       SoftReference Discovered: 0, Dropped: 0, Processed: 0
[2025-05-12T23:25:33.449+0300][1043.428s][36520] GC(24768)       WeakReference Discovered: 29, Dropped: 7, Processed: 22
[2025-05-12T23:25:33.449+0300][1043.428s][36520] GC(24768)       FinalReference Discovered: 0, Dropped: 0, Processed: 0
[2025-05-12T23:25:33.449+0300][1043.428s][36520] GC(24768)       PhantomReference Discovered: 0, Dropped: 0, Processed: 0
[2025-05-12T23:25:33.449+0300][1043.428s][36520] GC(24768)     Weak Processing: 0.1ms
[2025-05-12T23:25:33.449+0300][1043.428s][36520] GC(24768)       VM Weak                        Min:  0.0, Avg:  0.0, Max:  0.0, Diff:  0.0, Sum:  0.0, Workers: 10
[2025-05-12T23:25:33.449+0300][1043.428s][36520] GC(24768)         Dead                           Min: 0, Avg:  0.0, Max: 0, Diff: 0, Sum: 0, Workers: 10
[2025-05-12T23:25:33.449+0300][1043.428s][36520] GC(24768)         Total                          Min: 0, Avg:  6.7, Max: 41, Diff: 41, Sum: 67, Workers: 10
[2025-05-12T23:25:33.449+0300][1043.428s][36520] GC(24768)       ObjectSynchronizer Weak        Min:  0.0, Avg:  0.0, Max:  0.0, Diff:  0.0, Sum:  0.0, Workers: 10
[2025-05-12T23:25:33.449+0300][1043.428s][36520] GC(24768)         Dead                           Min: 0, Avg:  0.0, Max: 0, Diff: 0, Sum: 0, Workers: 10
[2025-05-12T23:25:33.449+0300][1043.428s][36520] GC(24768)         Total                          Min: 0, Avg:  0.1, Max: 1, Diff: 1, Sum: 1, Workers: 10
[2025-05-12T23:25:33.449+0300][1043.428s][36520] GC(24768)       JVMTI Tag Weak OopStorage      Min:  0.0, Avg:  0.1, Max:  0.1, Diff:  0.1, Sum:  0.6, Workers: 10
[2025-05-12T23:25:33.449+0300][1043.428s][36520] GC(24768)         Dead                           Min: 0, Avg:  0.0, Max: 0, Diff: 0, Sum: 0, Workers: 10
[2025-05-12T23:25:33.449+0300][1043.428s][36520] GC(24768)         Total                          Min: 4504, Avg: 6289.9, Max: 10198, Diff: 5694, Sum: 62899, Workers: 10
[2025-05-12T23:25:33.449+0300][1043.428s][36520] GC(24768)       StringTable Weak               Min:  0.0, Avg:  0.0, Max:  0.0, Diff:  0.0, Sum:  0.2, Workers: 10
[2025-05-12T23:25:33.449+0300][1043.428s][36520] GC(24768)         Dead                           Min: 0, Avg:  0.0, Max: 0, Diff: 0, Sum: 0, Workers: 10
[2025-05-12T23:25:33.449+0300][1043.428s][36520] GC(24768)         Total                          Min: 3328, Avg: 3952.9, Max: 4798, Diff: 1470, Sum: 39529, Workers: 10
[2025-05-12T23:25:33.449+0300][1043.428s][36520] GC(24768)       ResolvedMethodTable Weak       Min:  0.0, Avg:  0.0, Max:  0.0, Diff:  0.0, Sum:  0.0, Workers: 10
[2025-05-12T23:25:33.449+0300][1043.428s][36520] GC(24768)         Dead                           Min: 0, Avg:  0.0, Max: 0, Diff: 0, Sum: 0, Workers: 10
[2025-05-12T23:25:33.449+0300][1043.428s][36520] GC(24768)         Total                          Min: 0, Avg: 72.6, Max: 128, Diff: 128, Sum: 726, Workers: 10
[2025-05-12T23:25:33.449+0300][1043.428s][36520] GC(24768)       JNI Weak                       Min:  0.0, Avg:  0.0, Max:  0.0, Diff:  0.0, Sum:  0.0, Workers: 10
[2025-05-12T23:25:33.449+0300][1043.428s][36520] GC(24768)         Dead                           Min: 0, Avg:  0.0, Max: 0, Diff: 0, Sum: 0, Workers: 10
[2025-05-12T23:25:33.449+0300][1043.428s][36520] GC(24768)         Total                          Min: 0, Avg:  1.1, Max: 11, Diff: 11, Sum: 11, Workers: 10
[2025-05-12T23:25:33.449+0300][1043.428s][36520] GC(24768)       StringDedup Table Weak         Min:  0.0, Avg:  0.0, Max:  0.0, Diff:  0.0, Sum:  0.0, Workers: 10
[2025-05-12T23:25:33.449+0300][1043.428s][36520] GC(24768)         Dead                           Min: 0, Avg:  0.0, Max: 0, Diff: 0, Sum: 0, Workers: 10
[2025-05-12T23:25:33.449+0300][1043.428s][36520] GC(24768)         Total                          Min: 0, Avg:  0.0, Max: 0, Diff: 0, Sum: 0, Workers: 10
[2025-05-12T23:25:33.449+0300][1043.428s][36520] GC(24768)       StringDedup Requests0 Weak     Min:  0.0, Avg:  0.0, Max:  0.0, Diff:  0.0, Sum:  0.0, Workers: 10
[2025-05-12T23:25:33.449+0300][1043.428s][36520] GC(24768)         Dead                           Min: 0, Avg:  0.0, Max: 0, Diff: 0, Sum: 0, Workers: 10
[2025-05-12T23:25:33.449+0300][1043.428s][36520] GC(24768)         Total                          Min: 0, Avg:  0.0, Max: 0, Diff: 0, Sum: 0, Workers: 10
[2025-05-12T23:25:33.449+0300][1043.428s][36520] GC(24768)       StringDedup Requests1 Weak     Min:  0.0, Avg:  0.0, Max:  0.0, Diff:  0.0, Sum:  0.0, Workers: 10
[2025-05-12T23:25:33.449+0300][1043.428s][36520] GC(24768)         Dead                           Min: 0, Avg:  0.0, Max: 0, Diff: 0, Sum: 0, Workers: 10
[2025-05-12T23:25:33.449+0300][1043.428s][36520] GC(24768)         Total                          Min: 0, Avg:  0.0, Max: 0, Diff: 0, Sum: 0, Workers: 10
[2025-05-12T23:25:33.449+0300][1043.428s][36520] GC(24768)       Weak JFR Old Object Samples    Min:  0.0, Avg:  0.0, Max:  0.0, Diff:  0.0, Sum:  0.0, Workers: 10
[2025-05-12T23:25:33.449+0300][1043.428s][36520] GC(24768)         Dead                           Min: 0, Avg:  0.0, Max: 0, Diff: 0, Sum: 0, Workers: 10
[2025-05-12T23:25:33.449+0300][1043.428s][36520] GC(24768)         Total                          Min: 0, Avg:  0.0, Max: 0, Diff: 0, Sum: 0, Workers: 10
[2025-05-12T23:25:33.449+0300][1043.428s][36520] GC(24768)     Post Evacuate Cleanup 1: 0.1ms
[2025-05-12T23:25:33.449+0300][1043.428s][36520] GC(24768)       Merge Per-Thread State (ms):   Min:  0.0, Avg:  0.0, Max:  0.0, Diff:  0.0, Sum:  0.0, Workers: 1
[2025-05-12T23:25:33.449+0300][1043.428s][36520] GC(24768)         Copied Bytes                   Min: 0, Avg:  0.0, Max: 0, Diff: 0, Sum: 0, Workers: 2
[2025-05-12T23:25:33.449+0300][1043.428s][36520] GC(24768)         LAB Waste                      Min: 0, Avg:  0.0, Max: 0, Diff: 0, Sum: 0, Workers: 2
[2025-05-12T23:25:33.449+0300][1043.428s][36520] GC(24768)         LAB Undo Waste                 Min: 0, Avg:  0.0, Max: 0, Diff: 0, Sum: 0, Workers: 2
[2025-05-12T23:25:33.449+0300][1043.428s][36520] GC(24768)       Clear Logged Cards (ms):       Min:  0.0, Avg:  0.0, Max:  0.0, Diff:  0.0, Sum:  0.0, Workers: 2
[2025-05-12T23:25:33.449+0300][1043.428s][36520] GC(24768)       Recalculate Used Memory (ms):  Min:  0.0, Avg:  0.0, Max:  0.0, Diff:  0.0, Sum:  0.0, Workers: 1
[2025-05-12T23:25:33.449+0300][1043.428s][36520] GC(24768)       Restore Retained Regions (ms): Min:  0.0, Avg:  0.0, Max:  0.0, Diff:  0.0, Sum:  0.1, Workers: 2
[2025-05-12T23:25:33.449+0300][1043.428s][36520] GC(24768)         Evacuation Failure Regions:    Min: 1, Avg:  1.0, Max: 1, Diff: 0, Sum: 1, Workers: 1
[2025-05-12T23:25:33.449+0300][1043.428s][36520] GC(24768)         Remove Self Forwards (ms):     Min:  0.0, Avg:  0.0, Max:  0.0, Diff:  0.0, Sum:  0.1, Workers: 2
[2025-05-12T23:25:33.449+0300][1043.428s][36520] GC(24768)           Forward Chunks:                Min: 24, Avg: 28.0, Max: 32, Diff: 8, Sum: 56, Workers: 2
[2025-05-12T23:25:33.449+0300][1043.428s][36520] GC(24768)           Empty Forward Chunks:          Min: 3, Avg:  4.0, Max: 5, Diff: 2, Sum: 8, Workers: 2
[2025-05-12T23:25:33.449+0300][1043.428s][36520] GC(24768)           Forward Objects:               Min: 1479, Avg: 1712.5, Max: 1946, Diff: 467, Sum: 3425, Workers: 2
[2025-05-12T23:25:33.449+0300][1043.428s][36520] GC(24768)           Forward Bytes:                 Min: 77936, Avg: 93388.0, Max: 108840, Diff: 30904, Sum: 186776, Workers: 2
[2025-05-12T23:25:33.449+0300][1043.428s][36520] GC(24768)     Post Evacuate Cleanup 2: 0.1ms
[2025-05-12T23:25:33.449+0300][1043.428s][36520] GC(24768)       Recalculate Used Memory (ms):  Min:  0.0, Avg:  0.0, Max:  0.0, Diff:  0.0, Sum:  0.0, Workers: 1
[2025-05-12T23:25:33.449+0300][1043.428s][36520] GC(24768)       Restore Preserved Marks (ms):  Min:  0.0, Avg:  0.0, Max:  0.0, Diff:  0.0, Sum:  0.0, Workers: 2
[2025-05-12T23:25:33.449+0300][1043.428s][36520] GC(24768)       Clear Retained Region Bitmaps (ms): Min:  0.0, Avg:  0.0, Max:  0.0, Diff:  0.0, Sum:  0.0, Workers: 2
[2025-05-12T23:25:33.449+0300][1043.428s][36520] GC(24768)       Update Derived Pointers (ms):  Min:  0.0, Avg:  0.0, Max:  0.0, Diff:  0.0, Sum:  0.0, Workers: 1
[2025-05-12T23:25:33.449+0300][1043.428s][36520] GC(24768)       Eagerly Reclaim Humongous Objects (ms): skipped
[2025-05-12T23:25:33.449+0300][1043.428s][36520] GC(24768)         Humongous Total                skipped
[2025-05-12T23:25:33.449+0300][1043.428s][36520] GC(24768)         Humongous Candidates           skipped
[2025-05-12T23:25:33.449+0300][1043.428s][36520] GC(24768)         Humongous Reclaimed            skipped
[2025-05-12T23:25:33.449+0300][1043.428s][36520] GC(24768)       Redirty Logged Cards (ms):     Min:  0.0, Avg:  0.0, Max:  0.0, Diff:  0.0, Sum:  0.0, Workers: 2
[2025-05-12T23:25:33.449+0300][1043.428s][36520] GC(24768)         Redirtied Cards:               Min: 0, Avg:  0.0, Max: 0, Diff: 0, Sum: 0, Workers: 2
[2025-05-12T23:25:33.449+0300][1043.428s][36520] GC(24768)       Resize TLABs (ms):             Min:  0.0, Avg:  0.0, Max:  0.0, Diff:  0.0, Sum:  0.0, Workers: 2
[2025-05-12T23:25:33.449+0300][1043.428s][36520] GC(24768)       Free Collection Set (ms):      Min:  0.0, Avg:  0.0, Max:  0.0, Diff:  0.0, Sum:  0.0, Workers: 2
[2025-05-12T23:25:33.449+0300][1043.428s][36520] GC(24768)     Rebuild Free List: 0.0ms
[2025-05-12T23:25:33.449+0300][1043.428s][36520] GC(24768)     Prepare For Mutator: 0.1ms
[2025-05-12T23:25:33.449+0300][1043.428s][36520] GC(24768)     Expand Heap After Collection: 0.0ms
[2025-05-12T23:25:33.449+0300][1043.428s][36520] GC(24768)   Other: 0.2ms
[2025-05-12T23:25:33.449+0300][1043.428s][36520] GC(24768) Coarsening (recent): Inline->AoC 0 (0) AoC->Howl 0 (0) Howl->Full 0 (0) Inline->AoC 0 (0) AoC->BitMap 0 (0) BitMap->Full 0 (0) 
[2025-05-12T23:25:33.449+0300][1043.428s][36520] GC(24768) Coarsening (all): Inline->AoC 10920 (0) AoC->Howl 7731 (0) Howl->Full 0 (0) Inline->AoC 10809 (0) AoC->BitMap 7399 (0) BitMap->Full 0 (0) 
[2025-05-12T23:25:33.449+0300][1043.428s][36520] GC(24768) Eden regions: 1->0(0)
[2025-05-12T23:25:33.449+0300][1043.428s][36520] GC(24768) Survivor regions: 0->0(0)
[2025-05-12T23:25:33.449+0300][1043.428s][36520] GC(24768) Old regions: 11->12
[2025-05-12T23:25:33.449+0300][1043.428s][36520] GC(24768) Humongous regions: 0->0
[2025-05-12T23:25:33.449+0300][1043.428s][36520] GC(24768) Metaspace: 10759K(12736K)->10759K(12736K) NonClass: 9683K(11328K)->9683K(11328K) Class: 1076K(1408K)->1076K(1408K)
[2025-05-12T23:25:33.449+0300][1043.428s][36520] GC(24768) Heap after GC invocations=21220 (full 7116):
[2025-05-12T23:25:33.449+0300][1043.428s][36520] GC(24768)  garbage-first heap   total 12288K, used 12282K [0x00000000ff400000, 0x0000000100000000)
[2025-05-12T23:25:33.449+0300][1043.429s][36520] GC(24768)   region size 1024K, 0 young (0K), 0 survivors (0K)
[2025-05-12T23:25:33.449+0300][1043.429s][36520] GC(24768)  Metaspace       used 10759K, committed 12736K, reserved 1114112K
[2025-05-12T23:25:33.449+0300][1043.429s][36520] GC(24768)   class space    used 1076K, committed 1408K, reserved 1048576K
[2025-05-12T23:25:33.449+0300][1043.429s][36520] GC(24768) Pause Young (Normal) (G1 Evacuation Pause) (Evacuation Failure) 11M->11M(12M) 2.529ms
[2025-05-12T23:25:33.449+0300][1043.429s][36520] GC(24768) User=0.00s Sys=0.00s Real=0.00s
[2025-05-12T23:25:33.449+0300][1043.429s][36520] Attempt heap expansion (allocation request failed). Allocation request: 2048B
[2025-05-12T23:25:33.449+0300][1043.429s][36520] Expand the heap. requested expansion amount: 1048576B expansion amount: 1048576B
[2025-05-12T23:25:33.449+0300][1043.429s][36520] Did not expand the heap (heap already fully expanded)
[2025-05-12T23:25:33.449+0300][1043.429s][36520] Attempting full compaction
[2025-05-12T23:25:33.449+0300][1043.429s][36520] GC(24769) Pause Full (G1 Compaction Pause)
[2025-05-12T23:25:33.449+0300][1043.429s][36520] GC(24769) Heap before GC invocations=21220 (full 7116):
[2025-05-12T23:25:33.449+0300][1043.429s][36520] GC(24769)  garbage-first heap   total 12288K, used 12282K [0x00000000ff400000, 0x0000000100000000)
[2025-05-12T23:25:33.450+0300][1043.429s][36520] GC(24769)   region size 1024K, 0 young (0K), 0 survivors (0K)
[2025-05-12T23:25:33.450+0300][1043.429s][36520] GC(24769)  Metaspace       used 10759K, committed 12736K, reserved 1114112K
[2025-05-12T23:25:33.450+0300][1043.429s][36520] GC(24769)   class space    used 1076K, committed 1408K, reserved 1048576K
[2025-05-12T23:25:33.450+0300][1043.429s][36520] GC(24769) Requesting 1 active workers for full compaction (waste limited workers: 1, adaptive workers: 2, used limited workers: 12)
[2025-05-12T23:25:33.450+0300][1043.429s][36520] GC(24769) Using 1 workers of 10 for full compaction
[2025-05-12T23:25:33.450+0300][1043.429s][36520] GC(24769) Mutator Allocation stats, regions: 0, wasted size: 0B ( 0.0%)
[2025-05-12T23:25:33.450+0300][1043.429s][36520] GC(24769) Phase 1: Mark live objects
[2025-05-12T23:25:33.456+0300][1043.436s][36520] GC(24769) Phase 1: Reference Processing
[2025-05-12T23:25:33.456+0300][1043.436s][36520] GC(24769) ReferenceProcessor::execute queues: 1, RefProcThreadModel::Single, marks_oops_alive: false
[2025-05-12T23:25:33.456+0300][1043.436s][36520] GC(24769) Skipped KeepAliveFinalRefsPhase of Reference Processing: no references
[2025-05-12T23:25:33.456+0300][1043.436s][36520] GC(24769) ReferenceProcessor::execute queues: 1, RefProcThreadModel::Single, marks_oops_alive: false
[2025-05-12T23:25:33.457+0300][1043.436s][36520] GC(24769) Reference Processing: 0.0ms
[2025-05-12T23:25:33.457+0300][1043.436s][36520] GC(24769)   Notify Soft/WeakReferences: 0.0ms
[2025-05-12T23:25:33.457+0300][1043.436s][36520] GC(24769)     SoftRef: 0.0ms
[2025-05-12T23:25:33.457+0300][1043.436s][36520] GC(24769)     WeakRef: 0.0ms
[2025-05-12T23:25:33.457+0300][1043.436s][36520] GC(24769)     FinalRef: 0.0ms
[2025-05-12T23:25:33.457+0300][1043.436s][36520] GC(24769)     Total: 0.0ms
[2025-05-12T23:25:33.457+0300][1043.436s][36520] GC(24769)   Notify and keep alive finalizable: 0.0ms
[2025-05-12T23:25:33.457+0300][1043.436s][36520] GC(24769)     FinalRef: skipped
[2025-05-12T23:25:33.457+0300][1043.436s][36520] GC(24769)   Notify PhantomReferences: 0.0ms
[2025-05-12T23:25:33.457+0300][1043.436s][36520] GC(24769)     PhantomRef: 0.0ms
[2025-05-12T23:25:33.457+0300][1043.436s][36520] GC(24769)   SoftReference Discovered: 46, Dropped: 4, Processed: 42
[2025-05-12T23:25:33.457+0300][1043.436s][36520] GC(24769)   WeakReference Discovered: 32, Dropped: 13, Processed: 19
[2025-05-12T23:25:33.457+0300][1043.436s][36520] GC(24769)   FinalReference Discovered: 0, Dropped: 0, Processed: 0
[2025-05-12T23:25:33.457+0300][1043.436s][36520] GC(24769)   PhantomReference Discovered: 23, Dropped: 23, Processed: 0
[2025-05-12T23:25:33.457+0300][1043.436s][36520] GC(24769) Phase 1: Reference Processing 0.212ms
[2025-05-12T23:25:33.457+0300][1043.436s][36520] GC(24769) Phase 1: Weak Processing
[2025-05-12T23:25:33.457+0300][1043.436s][36520] GC(24769)   VM Weak                        Min:  0.0, Avg:  0.0, Max:  0.0, Diff:  0.0, Sum:  0.1, Workers: 10
[2025-05-12T23:25:33.457+0300][1043.436s][36520] GC(24769)     Dead                           Min: 0, Avg:  2.0, Max: 20, Diff: 20, Sum: 20, Workers: 10
[2025-05-12T23:25:33.457+0300][1043.436s][36520] GC(24769)     Total                          Min: 0, Avg:  6.7, Max: 45, Diff: 45, Sum: 67, Workers: 10
[2025-05-12T23:25:33.457+0300][1043.436s][36520] GC(24769)   ObjectSynchronizer Weak        Min:  0.0, Avg:  0.0, Max:  0.0, Diff:  0.0, Sum:  0.0, Workers: 10
[2025-05-12T23:25:33.457+0300][1043.436s][36520] GC(24769)     Dead                           Min: 0, Avg:  0.0, Max: 0, Diff: 0, Sum: 0, Workers: 10
[2025-05-12T23:25:33.457+0300][1043.436s][36520] GC(24769)     Total                          Min: 0, Avg:  0.1, Max: 1, Diff: 1, Sum: 1, Workers: 10
[2025-05-12T23:25:33.457+0300][1043.437s][36520] GC(24769)   JVMTI Tag Weak OopStorage      Min:  0.0, Avg:  0.0, Max:  0.1, Diff:  0.0, Sum:  0.5, Workers: 10
[2025-05-12T23:25:33.457+0300][1043.437s][36520] GC(24769)     Dead                           Min: 0, Avg:  2.0, Max: 20, Diff: 20, Sum: 20, Workers: 10
[2025-05-12T23:25:33.457+0300][1043.437s][36520] GC(24769)     Total                          Min: 4691, Avg: 6289.9, Max: 9578, Diff: 4887, Sum: 62899, Workers: 10
[2025-05-12T23:25:33.457+0300][1043.437s][36520] GC(24769)   StringTable Weak               Min:  0.0, Avg:  0.0, Max:  0.0, Diff:  0.0, Sum:  0.2, Workers: 10
[2025-05-12T23:25:33.457+0300][1043.437s][36520] GC(24769)     Dead                           Min: 1, Avg:  9.0, Max: 38, Diff: 37, Sum: 90, Workers: 10
[2025-05-12T23:25:33.457+0300][1043.437s][36520] GC(24769)     Total                          Min: 3392, Avg: 3952.9, Max: 4862, Diff: 1470, Sum: 39529, Workers: 10
[2025-05-12T23:25:33.457+0300][1043.437s][36520] GC(24769)   ResolvedMethodTable Weak       Min:  0.0, Avg:  0.0, Max:  0.0, Diff:  0.0, Sum:  0.0, Workers: 10
[2025-05-12T23:25:33.457+0300][1043.437s][36520] GC(24769)     Dead                           Min: 0, Avg:  3.7, Max: 12, Diff: 12, Sum: 37, Workers: 10
[2025-05-12T23:25:33.457+0300][1043.437s][36520] GC(24769)     Total                          Min: 0, Avg: 72.6, Max: 128, Diff: 128, Sum: 726, Workers: 10
[2025-05-12T23:25:33.457+0300][1043.437s][36520] GC(24769)   JNI Weak                       Min:  0.0, Avg:  0.0, Max:  0.0, Diff:  0.0, Sum:  0.0, Workers: 10
[2025-05-12T23:25:33.457+0300][1043.437s][36520] GC(24769)     Dead                           Min: 0, Avg:  0.0, Max: 0, Diff: 0, Sum: 0, Workers: 10
[2025-05-12T23:25:33.457+0300][1043.437s][36520] GC(24769)     Total                          Min: 0, Avg:  1.1, Max: 11, Diff: 11, Sum: 11, Workers: 10
[2025-05-12T23:25:33.457+0300][1043.437s][36520] GC(24769)   StringDedup Table Weak         Min:  0.0, Avg:  0.0, Max:  0.0, Diff:  0.0, Sum:  0.0, Workers: 10
[2025-05-12T23:25:33.457+0300][1043.437s][36520] GC(24769)     Dead                           Min: 0, Avg:  0.0, Max: 0, Diff: 0, Sum: 0, Workers: 10
[2025-05-12T23:25:33.457+0300][1043.437s][36520] GC(24769)     Total                          Min: 0, Avg:  0.0, Max: 0, Diff: 0, Sum: 0, Workers: 10
[2025-05-12T23:25:33.457+0300][1043.437s][36520] GC(24769)   StringDedup Requests0 Weak     Min:  0.0, Avg:  0.0, Max:  0.0, Diff:  0.0, Sum:  0.0, Workers: 10
[2025-05-12T23:25:33.457+0300][1043.437s][36520] GC(24769)     Dead                           Min: 0, Avg:  0.0, Max: 0, Diff: 0, Sum: 0, Workers: 10
[2025-05-12T23:25:33.457+0300][1043.437s][36520] GC(24769)     Total                          Min: 0, Avg:  0.0, Max: 0, Diff: 0, Sum: 0, Workers: 10
[2025-05-12T23:25:33.457+0300][1043.437s][36520] GC(24769)   StringDedup Requests1 Weak     Min:  0.0, Avg:  0.0, Max:  0.0, Diff:  0.0, Sum:  0.0, Workers: 10
[2025-05-12T23:25:33.457+0300][1043.437s][36520] GC(24769)     Dead                           Min: 0, Avg:  0.0, Max: 0, Diff: 0, Sum: 0, Workers: 10
[2025-05-12T23:25:33.457+0300][1043.437s][36520] GC(24769)     Total                          Min: 0, Avg:  0.0, Max: 0, Diff: 0, Sum: 0, Workers: 10
[2025-05-12T23:25:33.457+0300][1043.437s][36520] GC(24769)   Weak JFR Old Object Samples    Min:  0.0, Avg:  0.0, Max:  0.0, Diff:  0.0, Sum:  0.0, Workers: 10
[2025-05-12T23:25:33.457+0300][1043.437s][36520] GC(24769)     Dead                           Min: 0, Avg:  0.0, Max: 0, Diff: 0, Sum: 0, Workers: 10
[2025-05-12T23:25:33.457+0300][1043.437s][36520] GC(24769)     Total                          Min: 0, Avg:  0.0, Max: 0, Diff: 0, Sum: 0, Workers: 10
[2025-05-12T23:25:33.457+0300][1043.437s][36520] GC(24769) Phase 1: Weak Processing 0.465ms
[2025-05-12T23:25:33.457+0300][1043.437s][36520] GC(24769) Phase 1: Class Unloading and Cleanup
[2025-05-12T23:25:33.457+0300][1043.437s][36520] GC(24769) ClassLoaderData
[2025-05-12T23:25:33.457+0300][1043.437s][36520] GC(24769) ClassLoaderData 0.062ms
[2025-05-12T23:25:33.457+0300][1043.437s][36520] GC(24769) Trigger cleanups
[2025-05-12T23:25:33.457+0300][1043.437s][36520] GC(24769) Trigger cleanups 0.008ms
[2025-05-12T23:25:33.461+0300][1043.441s][36520] GC(24769) Phase 1: Class Unloading and Cleanup 4.109ms
[2025-05-12T23:25:33.461+0300][1043.441s][36520] GC(24769) Report Object Count
[2025-05-12T23:25:33.461+0300][1043.441s][36520] GC(24769) Report Object Count 0.012ms
[2025-05-12T23:25:33.461+0300][1043.441s][36520] GC(24769) Phase 1: Mark live objects 12.192ms
[2025-05-12T23:25:33.461+0300][1043.441s][36520] GC(24769) Phase 2: Prepare compaction
[2025-05-12T23:25:33.461+0300][1043.441s][36520] GC(24769) Phase 2: Determine work lists
[2025-05-12T23:25:33.461+0300][1043.441s][36520] GC(24769) Phase 2: Determine work lists 0.010ms
[2025-05-12T23:25:33.461+0300][1043.441s][36520] GC(24769) Phase 2: Prepare parallel compaction
[2025-05-12T23:25:33.462+0300][1043.441s][36520] GC(24769) Phase 2: Prepare parallel compaction 0.265ms
[2025-05-12T23:25:33.462+0300][1043.441s][36520] GC(24769) Phase 2: Prepare compaction 0.319ms
[2025-05-12T23:25:33.462+0300][1043.441s][36520] GC(24769) Phase 3: Adjust pointers
[2025-05-12T23:25:33.466+0300][1043.445s][36520] GC(24769) Phase 3: Adjust pointers 4.039ms
[2025-05-12T23:25:33.466+0300][1043.445s][36520] GC(24769) Phase 4: Compact heap
[2025-05-12T23:25:33.466+0300][1043.445s][36520] GC(24769) Phase 4: Compact heap 0.160ms
[2025-05-12T23:25:33.466+0300][1043.445s][36520] GC(24769) Phase 5: Reset Metadata
[2025-05-12T23:25:33.467+0300][1043.447s][36520] GC(24769) Phase 5: Reset Metadata 1.298ms
[2025-05-12T23:25:33.468+0300][1043.447s][36520] GC(24769) Running G1 Clear Bitmap with 1 workers for 1 work units.
[2025-05-12T23:25:33.469+0300][1043.449s][36520] GC(24769) Request concurrent cycle initiation (occupancy higher than threshold) occupancy: 11534336B allocation request: 0B threshold: 3624502B (28.80) source: end of Full GC
[2025-05-12T23:25:33.469+0300][1043.449s][36520] Old generation allocation in the last mutator period, old gen allocated: 0B, humongous allocated: 0B, old gen growth: 0B.
[2025-05-12T23:25:33.469+0300][1043.449s][36520] GC(24769) Coarsening (recent): Inline->AoC 0 (0) AoC->Howl 0 (0) Howl->Full 0 (0) Inline->AoC 0 (0) AoC->BitMap 0 (0) BitMap->Full 0 (0) 
[2025-05-12T23:25:33.469+0300][1043.449s][36520] GC(24769) Coarsening (all): Inline->AoC 10920 (0) AoC->Howl 7731 (0) Howl->Full 0 (0) Inline->AoC 10809 (0) AoC->BitMap 7399 (0) BitMap->Full 0 (0) 
[2025-05-12T23:25:33.469+0300][1043.449s][36520] GC(24769) Eden regions: 0->0(1)
[2025-05-12T23:25:33.469+0300][1043.449s][36520] GC(24769) Survivor regions: 0->0(0)
[2025-05-12T23:25:33.469+0300][1043.449s][36520] GC(24769) Old regions: 12->11
[2025-05-12T23:25:33.469+0300][1043.449s][36520] GC(24769) Humongous regions: 0->0
[2025-05-12T23:25:33.469+0300][1043.449s][36520] GC(24769) Metaspace: 10759K(12736K)->10718K(12736K) NonClass: 9683K(11328K)->9653K(11328K) Class: 1076K(1408K)->1064K(1408K)
[2025-05-12T23:25:33.469+0300][1043.449s][36520] GC(24769) Heap after GC invocations=21221 (full 7117):
[2025-05-12T23:25:33.469+0300][1043.449s][36520] GC(24769)  garbage-first heap   total 12288K, used 11251K [0x00000000ff400000, 0x0000000100000000)
[2025-05-12T23:25:33.469+0300][1043.449s][36520] GC(24769)   region size 1024K, 0 young (0K), 0 survivors (0K)
[2025-05-12T23:25:33.469+0300][1043.449s][36520] GC(24769)  Metaspace       used 10718K, committed 12736K, reserved 1114112K
[2025-05-12T23:25:33.469+0300][1043.449s][36520] GC(24769)   class space    used 1064K, committed 1408K, reserved 1048576K
[2025-05-12T23:25:33.469+0300][1043.449s][36520] GC(24769) Pause Full (G1 Compaction Pause) 11M->10M(12M) 20.364ms
[2025-05-12T23:25:33.469+0300][1043.449s][36520] GC(24769) User=0.00s Sys=0.00s Real=0.02s
[2025-05-12T23:25:33.470+0300][1043.449s][9340 ] G1 Service Thread (Card Set Free Memory Task) (run: 21.873ms) (cpu: 0.000ms)
[2025-05-12T23:25:33.498+0300][1043.477s][36520] GC(24770) Initiate concurrent cycle (concurrent cycle initiation requested)
[2025-05-12T23:25:33.498+0300][1043.477s][36520] GC(24770) Pause Young (Concurrent Start) (G1 Evacuation Pause)
[2025-05-12T23:25:33.498+0300][1043.477s][36520] GC(24770) Heap before GC invocations=21221 (full 7117):
[2025-05-12T23:25:33.498+0300][1043.477s][36520] GC(24770)  garbage-first heap   total 12288K, used 11251K [0x00000000ff400000, 0x0000000100000000)
[2025-05-12T23:25:33.498+0300][1043.477s][36520] GC(24770)   region size 1024K, 1 young (1024K), 0 survivors (0K)
[2025-05-12T23:25:33.498+0300][1043.477s][36520] GC(24770)  Metaspace       used 10759K, committed 12736K, reserved 1114112K
[2025-05-12T23:25:33.498+0300][1043.477s][36520] GC(24770)   class space    used 1076K, committed 1408K, reserved 1048576K
[2025-05-12T23:25:33.498+0300][1043.477s][36520] GC(24770) Using 2 workers of 10 for evacuation
[2025-05-12T23:25:33.498+0300][1043.477s][36520] GC(24770) Desired survivor size 524288 bytes, new threshold 15 (max threshold 15)
[2025-05-12T23:25:33.498+0300][1043.477s][36520] GC(24770) TLAB totals: thrds: 1  refills: 316 max: 316 slow allocs: 157 max 157 waste: 22.1% gc: 688B max: 688B slow: 188472B max: 188472B
[2025-05-12T23:25:33.498+0300][1043.477s][36520] GC(24770) Mutator refinement: 0.00ms, refined: 0, precleaned: 0, dirtied: 110
[2025-05-12T23:25:33.498+0300][1043.477s][36520] GC(24770) Concurrent refinement: 0.00ms, refined: 0, precleaned: 0, dirtied: 0
[2025-05-12T23:25:33.498+0300][1043.477s][36520] GC(24770) Total refinement: 0.00ms, refined: 0, precleaned: 0, dirtied: 110
[2025-05-12T23:25:33.498+0300][1043.477s][36520] GC(24770) Generate dirty cards rate: 3.94 cards/ms
[2025-05-12T23:25:33.498+0300][1043.477s][36520] GC(24770) Mutator Allocation stats, regions: 1, wasted size: 0B ( 0.0%)
[2025-05-12T23:25:33.498+0300][1043.477s][36520] GC(24770) No candidates to reclaim.
[2025-05-12T23:25:33.498+0300][1043.477s][36520] GC(24770) Running G1 Merge Heap Roots using 2 workers for 1 regions
[2025-05-12T23:25:33.498+0300][1043.477s][36520] GC(24770) Visited cards 1120 Total dirty 12288 (9.11%) Total old 26624 (4.21%)
[2025-05-12T23:25:33.498+0300][1043.477s][23404] GC(24770) Attempt heap expansion (region allocation request failed). Allocation request: 2064B
[2025-05-12T23:25:33.498+0300][1043.477s][23404] GC(24770) Did not expand the heap (heap already fully expanded)
[2025-05-12T23:25:33.499+0300][1043.477s][36520] GC(24770) ReferenceProcessor::execute queues: 1, RefProcThreadModel::Single, marks_oops_alive: false
[2025-05-12T23:25:33.499+0300][1043.477s][36520] GC(24770) Skipped KeepAliveFinalRefsPhase of Reference Processing: no references
[2025-05-12T23:25:33.499+0300][1043.477s][36520] GC(24770) Skipped PhantomRefsPhase of Reference Processing: no references
[2025-05-12T23:25:33.499+0300][1043.478s][36520] GC(24770) Initializing removing self forwards with 64 chunks per region
[2025-05-12T23:25:33.499+0300][1043.478s][36520] GC(24770) Running G1 Rebuild Free List Task using 2 workers for rebuilding free list of regions
[2025-05-12T23:25:33.499+0300][1043.478s][36520] GC(24770) Young PLAB allocation: allocated: 0B, wasted: 0B, unused: 0B, used: 0B, undo waste: 0B, 
[2025-05-12T23:25:33.499+0300][1043.478s][36520] GC(24770) Young other allocation: region end waste: 0B, regions filled: 0, num plab filled: 2, direct allocated: 0B, num direct allocated: 0, failure used: 0B, failure wasted: 0B
[2025-05-12T23:25:33.499+0300][1043.478s][36520] GC(24770) Young sizing: calculated: 0B, actual: 2064B
[2025-05-12T23:25:33.499+0300][1043.478s][36520] GC(24770) Old PLAB allocation: allocated: 0B, wasted: 0B, unused: 0B, used: 0B, undo waste: 0B, 
[2025-05-12T23:25:33.499+0300][1043.478s][36520] GC(24770) Old other allocation: region end waste: 0B, regions filled: 0, num plab filled: 2, direct allocated: 0B, num direct allocated: 0, failure used: 158024B, failure wasted: 890552B
[2025-05-12T23:25:33.499+0300][1043.478s][36520] GC(24770) Old sizing: calculated: 0B, actual: 2064B
[2025-05-12T23:25:33.499+0300][1043.478s][36520] GC(24770) Heap expansion: short term pause time ratio 38.16% long term pause time ratio 42.52% threshold 7.69% pause time ratio 7.69% fully expanded true resize by 0B
[2025-05-12T23:25:33.499+0300][1043.478s][9340 ] G1 Service Thread (Card Set Free Memory Task) (run 0.007ms after schedule)
[2025-05-12T23:25:33.499+0300][1043.478s][36520] GC(24770) MMU: 5.5ms (200.0ms/201.0ms)
[2025-05-12T23:25:33.499+0300][1043.478s][36520] Old generation allocation in the last mutator period, old gen allocated: 1048576B, humongous allocated: 0B, old gen growth: 1048576B.
[2025-05-12T23:25:33.499+0300][1043.478s][36520] GC(24770) Basic information (value update), threshold: 3676232B (29.22), target occupancy: 12582912B, current occupancy: 12560272B, recent allocation size: 1048576B, recent allocation duration: 27.91ms, recent old gen allocation rate: 37571922.53B/s, recent marking phase length: 120.12ms
[2025-05-12T23:25:33.499+0300][1043.478s][36520] GC(24770) Adaptive IHOP information (value update), threshold: 3676232B (34.37), internal target occupancy: 10695475B, occupancy: 12560272B, additional buffer size: 1048576B, predicted old gen allocation rate: 49474029.45B/s, predicted marking phase length: 120.68ms, prediction active: true
[2025-05-12T23:25:33.499+0300][1043.478s][36520] GC(24770) GC refinement: goal: 18446744073709551615 + 105 / 20.00ms, actual: 110 / 0.04ms, 
[2025-05-12T23:25:33.499+0300][1043.478s][36520] GC(24770) Unchanged pending cards target: 18446744073709551615
[2025-05-12T23:25:33.499+0300][1043.478s][36520] GC(24770)   Pre Evacuate Collection Set: 0.1ms
[2025-05-12T23:25:33.499+0300][1043.478s][36520] GC(24770)     Pre Evacuate Prepare: 0.0ms
[2025-05-12T23:25:33.499+0300][1043.478s][36520] GC(24770)       JT Retire TLABs And Flush Logs (ms): Min:  0.0, Avg:  0.0, Max:  0.0, Diff:  0.0, Sum:  0.0, Workers: 2
[2025-05-12T23:25:33.499+0300][1043.478s][36520] GC(24770)       Non-JT Flush Logs (ms):        Min:  0.0, Avg:  0.0, Max:  0.0, Diff:  0.0, Sum:  0.0, Workers: 1
[2025-05-12T23:25:33.499+0300][1043.478s][36520] GC(24770)     Choose Collection Set: 0.0ms
[2025-05-12T23:25:33.499+0300][1043.478s][36520] GC(24770)     Region Register: 0.1ms
[2025-05-12T23:25:33.499+0300][1043.478s][36520] GC(24770)     Prepare Heap Roots: 0.0ms
[2025-05-12T23:25:33.499+0300][1043.478s][36520] GC(24770)     Reset Marking State (ms):      Min:  0.0, Avg:  0.0, Max:  0.0, Diff:  0.0, Sum:  0.0, Workers: 1
[2025-05-12T23:25:33.499+0300][1043.478s][36520] GC(24770)     Note Start Of Mark (ms):       Min:  0.0, Avg:  0.0, Max:  0.0, Diff:  0.0, Sum:  0.0, Workers: 2
[2025-05-12T23:25:33.499+0300][1043.478s][36520] GC(24770)   Merge Heap Roots: 0.1ms
[2025-05-12T23:25:33.499+0300][1043.478s][36520] GC(24770)     Prepare Merge Heap Roots: 0.0ms
[2025-05-12T23:25:33.499+0300][1043.478s][36520] GC(24770)     Remembered Sets (ms):          Min:  0.0, Avg:  0.0, Max:  0.0, Diff:  0.0, Sum:  0.0, Workers: 2
[2025-05-12T23:25:33.499+0300][1043.478s][36520] GC(24770)       Eager Reclaim (ms):            skipped
[2025-05-12T23:25:33.499+0300][1043.478s][36520] GC(24770)       Merged Inline                  Min: 0, Avg:  0.0, Max: 0, Diff: 0, Sum: 0, Workers: 2
[2025-05-12T23:25:33.499+0300][1043.478s][36520] GC(24770)       Merged ArrayOfCards            Min: 0, Avg:  0.0, Max: 0, Diff: 0, Sum: 0, Workers: 2
[2025-05-12T23:25:33.499+0300][1043.478s][36520] GC(24770)       Merged Howl                    Min: 0, Avg:  0.0, Max: 0, Diff: 0, Sum: 0, Workers: 2
[2025-05-12T23:25:33.499+0300][1043.478s][36520] GC(24770)       Merged Full                    Min: 0, Avg:  0.0, Max: 0, Diff: 0, Sum: 0, Workers: 2
[2025-05-12T23:25:33.499+0300][1043.478s][36520] GC(24770)       Merged Howl Inline             Min: 0, Avg:  0.0, Max: 0, Diff: 0, Sum: 0, Workers: 2
[2025-05-12T23:25:33.499+0300][1043.478s][36520] GC(24770)       Merged Howl ArrayOfCards       Min: 0, Avg:  0.0, Max: 0, Diff: 0, Sum: 0, Workers: 2
[2025-05-12T23:25:33.499+0300][1043.478s][36520] GC(24770)       Merged Howl BitMap             Min: 0, Avg:  0.0, Max: 0, Diff: 0, Sum: 0, Workers: 2
[2025-05-12T23:25:33.499+0300][1043.478s][36520] GC(24770)       Merged Howl Full               Min: 0, Avg:  0.0, Max: 0, Diff: 0, Sum: 0, Workers: 2
[2025-05-12T23:25:33.499+0300][1043.478s][36520] GC(24770)       Merged Cards                   Min: 8, Avg:  8.0, Max: 8, Diff: 0, Sum: 16, Workers: 2
[2025-05-12T23:25:33.499+0300][1043.478s][36520] GC(24770)     Log Buffers (ms):              Min:  0.0, Avg:  0.0, Max:  0.0, Diff:  0.0, Sum:  0.0, Workers: 2
[2025-05-12T23:25:33.499+0300][1043.478s][36520] GC(24770)       Dirty Cards:                   Min: 0, Avg: 55.0, Max: 110, Diff: 110, Sum: 110, Workers: 2
[2025-05-12T23:25:33.499+0300][1043.478s][36520] GC(24770)       Skipped Cards:                 Min: 0, Avg:  0.0, Max: 0, Diff: 0, Sum: 0, Workers: 2
[2025-05-12T23:25:33.499+0300][1043.478s][36520] GC(24770)   Evacuate Collection Set: 0.4ms
[2025-05-12T23:25:33.499+0300][1043.478s][36520] GC(24770)     Ext Root Scanning (ms):        Min:  0.1, Avg:  0.1, Max:  0.2, Diff:  0.1, Sum:  0.3, Workers: 2
[2025-05-12T23:25:33.499+0300][1043.478s][36520] GC(24770)     Scan Heap Roots (ms):          Min:  0.0, Avg:  0.0, Max:  0.1, Diff:  0.1, Sum:  0.1, Workers: 2
[2025-05-12T23:25:33.499+0300][1043.478s][36520] GC(24770)       Scanned Cards:                 Min: 14, Avg: 55.0, Max: 96, Diff: 82, Sum: 110, Workers: 2
[2025-05-12T23:25:33.499+0300][1043.478s][36520] GC(24770)       Scanned Blocks:                Min: 10, Avg: 37.0, Max: 64, Diff: 54, Sum: 74, Workers: 2
[2025-05-12T23:25:33.499+0300][1043.478s][36520] GC(24770)       Claimed Chunks:                Min: 8, Avg: 17.5, Max: 27, Diff: 19, Sum: 35, Workers: 2
[2025-05-12T23:25:33.499+0300][1043.478s][36520] GC(24770)       Found Roots:                   Min: 14, Avg: 72.0, Max: 130, Diff: 116, Sum: 144, Workers: 2
[2025-05-12T23:25:33.499+0300][1043.478s][36520] GC(24770)     Code Root Scan (ms):           Min:  0.0, Avg:  0.0, Max:  0.0, Diff:  0.0, Sum:  0.0, Workers: 2
[2025-05-12T23:25:33.499+0300][1043.478s][36520] GC(24770)     Object Copy (ms):              Min:  0.1, Avg:  0.2, Max:  0.2, Diff:  0.0, Sum:  0.3, Workers: 2
[2025-05-12T23:25:33.499+0300][1043.478s][36520] GC(24770)     Termination (ms):              Min:  0.0, Avg:  0.0, Max:  0.0, Diff:  0.0, Sum:  0.0, Workers: 2
[2025-05-12T23:25:33.499+0300][1043.478s][36520] GC(24770)       Termination Attempts:          Min: 1, Avg:  1.0, Max: 1, Diff: 0, Sum: 2, Workers: 2
[2025-05-12T23:25:33.499+0300][1043.478s][36520] GC(24770)     GC Worker Other (ms):          Min:  0.0, Avg:  0.0, Max:  0.0, Diff:  0.0, Sum:  0.0, Workers: 2
[2025-05-12T23:25:33.499+0300][1043.478s][36520] GC(24770)     GC Worker Total (ms):          Min:  0.3, Avg:  0.3, Max:  0.4, Diff:  0.0, Sum:  0.7, Workers: 2
[2025-05-12T23:25:33.499+0300][1043.478s][36520] GC(24770)   Post Evacuate Collection Set: 0.5ms
[2025-05-12T23:25:33.499+0300][1043.478s][36520] GC(24770)     NMethod List Cleanup: 0.0ms
[2025-05-12T23:25:33.499+0300][1043.478s][36520] GC(24770)     Reference Processing: 0.0ms
[2025-05-12T23:25:33.499+0300][1043.478s][36520] GC(24770)       Notify Soft/WeakReferences: 0.0ms
[2025-05-12T23:25:33.499+0300][1043.478s][36520] GC(24770)         SoftRef (ms):                  Min:  0.0, Avg:  0.0, Max:  0.0, Diff:  0.0, Sum:  0.0, Workers: 1
[2025-05-12T23:25:33.499+0300][1043.478s][36520] GC(24770)         WeakRef (ms):                  Min:  0.0, Avg:  0.0, Max:  0.0, Diff:  0.0, Sum:  0.0, Workers: 1
[2025-05-12T23:25:33.499+0300][1043.478s][36520] GC(24770)         FinalRef (ms):                 Min:  0.0, Avg:  0.0, Max:  0.0, Diff:  0.0, Sum:  0.0, Workers: 1
[2025-05-12T23:25:33.499+0300][1043.478s][36520] GC(24770)         Total (ms):                    Min:  0.0, Avg:  0.0, Max:  0.0, Diff:  0.0, Sum:  0.0, Workers: 1
[2025-05-12T23:25:33.499+0300][1043.478s][36520] GC(24770)       Notify and keep alive finalizable: 0.0ms
[2025-05-12T23:25:33.499+0300][1043.478s][36520] GC(24770)         FinalRef (ms):                 skipped
[2025-05-12T23:25:33.499+0300][1043.478s][36520] GC(24770)       Notify PhantomReferences: 0.0ms
[2025-05-12T23:25:33.499+0300][1043.478s][36520] GC(24770)         PhantomRef (ms):               skipped
[2025-05-12T23:25:33.499+0300][1043.478s][36520] GC(24770)       SoftReference Discovered: 0, Dropped: 0, Processed: 0
[2025-05-12T23:25:33.499+0300][1043.478s][36520] GC(24770)       WeakReference Discovered: 24, Dropped: 1, Processed: 23
[2025-05-12T23:25:33.499+0300][1043.478s][36520] GC(24770)       FinalReference Discovered: 0, Dropped: 0, Processed: 0
[2025-05-12T23:25:33.499+0300][1043.478s][36520] GC(24770)       PhantomReference Discovered: 0, Dropped: 0, Processed: 0
[2025-05-12T23:25:33.499+0300][1043.478s][36520] GC(24770)     Weak Processing: 0.1ms
[2025-05-12T23:25:33.499+0300][1043.478s][36520] GC(24770)       VM Weak                        Min:  0.0, Avg:  0.0, Max:  0.0, Diff:  0.0, Sum:  0.0, Workers: 10
[2025-05-12T23:25:33.499+0300][1043.478s][36520] GC(24770)         Dead                           Min: 0, Avg:  0.0, Max: 0, Diff: 0, Sum: 0, Workers: 10
[2025-05-12T23:25:33.499+0300][1043.478s][36520] GC(24770)         Total                          Min: 0, Avg:  6.7, Max: 41, Diff: 41, Sum: 67, Workers: 10
[2025-05-12T23:25:33.499+0300][1043.478s][36520] GC(24770)       ObjectSynchronizer Weak        Min:  0.0, Avg:  0.0, Max:  0.0, Diff:  0.0, Sum:  0.0, Workers: 10
[2025-05-12T23:25:33.499+0300][1043.478s][36520] GC(24770)         Dead                           Min: 0, Avg:  0.0, Max: 0, Diff: 0, Sum: 0, Workers: 10
[2025-05-12T23:25:33.499+0300][1043.478s][36520] GC(24770)         Total                          Min: 0, Avg:  0.1, Max: 1, Diff: 1, Sum: 1, Workers: 10
[2025-05-12T23:25:33.499+0300][1043.478s][36520] GC(24770)       JVMTI Tag Weak OopStorage      Min:  0.0, Avg:  0.1, Max:  0.1, Diff:  0.0, Sum:  0.5, Workers: 10
[2025-05-12T23:25:33.499+0300][1043.479s][36520] GC(24770)         Dead                           Min: 0, Avg:  0.0, Max: 0, Diff: 0, Sum: 0, Workers: 10
[2025-05-12T23:25:33.499+0300][1043.479s][36520] GC(24770)         Total                          Min: 2920, Avg: 6289.9, Max: 10737, Diff: 7817, Sum: 62899, Workers: 10
[2025-05-12T23:25:33.499+0300][1043.479s][36520] GC(24770)       StringTable Weak               Min:  0.0, Avg:  0.0, Max:  0.0, Diff:  0.0, Sum:  0.2, Workers: 10
[2025-05-12T23:25:33.499+0300][1043.479s][36520] GC(24770)         Dead                           Min: 0, Avg:  1.7, Max: 6, Diff: 6, Sum: 17, Workers: 10
[2025-05-12T23:25:33.499+0300][1043.479s][36520] GC(24770)         Total                          Min: 3264, Avg: 3952.9, Max: 4864, Diff: 1600, Sum: 39529, Workers: 10
[2025-05-12T23:25:33.499+0300][1043.479s][36520] GC(24770)       ResolvedMethodTable Weak       Min:  0.0, Avg:  0.0, Max:  0.0, Diff:  0.0, Sum:  0.0, Workers: 10
[2025-05-12T23:25:33.499+0300][1043.479s][36520] GC(24770)         Dead                           Min: 0, Avg:  0.0, Max: 0, Diff: 0, Sum: 0, Workers: 10
[2025-05-12T23:25:33.499+0300][1043.479s][36520] GC(24770)         Total                          Min: 0, Avg: 73.6, Max: 128, Diff: 128, Sum: 736, Workers: 10
[2025-05-12T23:25:33.499+0300][1043.479s][36520] GC(24770)       JNI Weak                       Min:  0.0, Avg:  0.0, Max:  0.0, Diff:  0.0, Sum:  0.0, Workers: 10
[2025-05-12T23:25:33.499+0300][1043.479s][36520] GC(24770)         Dead                           Min: 0, Avg:  0.0, Max: 0, Diff: 0, Sum: 0, Workers: 10
[2025-05-12T23:25:33.499+0300][1043.479s][36520] GC(24770)         Total                          Min: 0, Avg:  1.1, Max: 11, Diff: 11, Sum: 11, Workers: 10
[2025-05-12T23:25:33.499+0300][1043.479s][36520] GC(24770)       StringDedup Table Weak         Min:  0.0, Avg:  0.0, Max:  0.0, Diff:  0.0, Sum:  0.0, Workers: 10
[2025-05-12T23:25:33.499+0300][1043.479s][36520] GC(24770)         Dead                           Min: 0, Avg:  0.0, Max: 0, Diff: 0, Sum: 0, Workers: 10
[2025-05-12T23:25:33.500+0300][1043.479s][36520] GC(24770)         Total                          Min: 0, Avg:  0.0, Max: 0, Diff: 0, Sum: 0, Workers: 10
[2025-05-12T23:25:33.500+0300][1043.479s][36520] GC(24770)       StringDedup Requests0 Weak     Min:  0.0, Avg:  0.0, Max:  0.0, Diff:  0.0, Sum:  0.0, Workers: 10
[2025-05-12T23:25:33.500+0300][1043.479s][36520] GC(24770)         Dead                           Min: 0, Avg:  0.0, Max: 0, Diff: 0, Sum: 0, Workers: 10
[2025-05-12T23:25:33.500+0300][1043.479s][36520] GC(24770)         Total                          Min: 0, Avg:  0.0, Max: 0, Diff: 0, Sum: 0, Workers: 10
[2025-05-12T23:25:33.500+0300][1043.479s][36520] GC(24770)       StringDedup Requests1 Weak     Min:  0.0, Avg:  0.0, Max:  0.0, Diff:  0.0, Sum:  0.0, Workers: 10
[2025-05-12T23:25:33.500+0300][1043.479s][36520] GC(24770)         Dead                           Min: 0, Avg:  0.0, Max: 0, Diff: 0, Sum: 0, Workers: 10
[2025-05-12T23:25:33.500+0300][1043.479s][36520] GC(24770)         Total                          Min: 0, Avg:  0.0, Max: 0, Diff: 0, Sum: 0, Workers: 10
[2025-05-12T23:25:33.500+0300][1043.479s][36520] GC(24770)       Weak JFR Old Object Samples    Min:  0.0, Avg:  0.0, Max:  0.0, Diff:  0.0, Sum:  0.0, Workers: 10
[2025-05-12T23:25:33.500+0300][1043.479s][36520] GC(24770)         Dead                           Min: 0, Avg:  0.0, Max: 0, Diff: 0, Sum: 0, Workers: 10
[2025-05-12T23:25:33.500+0300][1043.479s][36520] GC(24770)         Total                          Min: 0, Avg:  0.0, Max: 0, Diff: 0, Sum: 0, Workers: 10
[2025-05-12T23:25:33.500+0300][1043.479s][36520] GC(24770)     Post Evacuate Cleanup 1: 0.1ms
[2025-05-12T23:25:33.500+0300][1043.479s][36520] GC(24770)       Merge Per-Thread State (ms):   Min:  0.0, Avg:  0.0, Max:  0.0, Diff:  0.0, Sum:  0.0, Workers: 1
[2025-05-12T23:25:33.500+0300][1043.479s][36520] GC(24770)         Copied Bytes                   Min: 0, Avg:  0.0, Max: 0, Diff: 0, Sum: 0, Workers: 2
[2025-05-12T23:25:33.500+0300][1043.479s][36520] GC(24770)         LAB Waste                      Min: 0, Avg:  0.0, Max: 0, Diff: 0, Sum: 0, Workers: 2
[2025-05-12T23:25:33.500+0300][1043.479s][36520] GC(24770)         LAB Undo Waste                 Min: 0, Avg:  0.0, Max: 0, Diff: 0, Sum: 0, Workers: 2
[2025-05-12T23:25:33.500+0300][1043.479s][36520] GC(24770)       Clear Logged Cards (ms):       Min:  0.0, Avg:  0.0, Max:  0.0, Diff:  0.0, Sum:  0.0, Workers: 2
[2025-05-12T23:25:33.500+0300][1043.479s][36520] GC(24770)       Recalculate Used Memory (ms):  Min:  0.0, Avg:  0.0, Max:  0.0, Diff:  0.0, Sum:  0.0, Workers: 1
[2025-05-12T23:25:33.500+0300][1043.479s][36520] GC(24770)       Restore Retained Regions (ms): Min:  0.0, Avg:  0.0, Max:  0.1, Diff:  0.0, Sum:  0.1, Workers: 2
[2025-05-12T23:25:33.500+0300][1043.479s][36520] GC(24770)         Evacuation Failure Regions:    Min: 1, Avg:  1.0, Max: 1, Diff: 0, Sum: 1, Workers: 1
[2025-05-12T23:25:33.500+0300][1043.479s][36520] GC(24770)         Remove Self Forwards (ms):     Min:  0.0, Avg:  0.0, Max:  0.1, Diff:  0.0, Sum:  0.1, Workers: 2
[2025-05-12T23:25:33.500+0300][1043.479s][36520] GC(24770)           Forward Chunks:                Min: 21, Avg: 27.5, Max: 34, Diff: 13, Sum: 55, Workers: 2
[2025-05-12T23:25:33.500+0300][1043.479s][36520] GC(24770)           Empty Forward Chunks:          Min: 3, Avg:  4.5, Max: 6, Diff: 3, Sum: 9, Workers: 2
[2025-05-12T23:25:33.500+0300][1043.479s][36520] GC(24770)           Forward Objects:               Min: 962, Avg: 1695.0, Max: 2428, Diff: 1466, Sum: 3390, Workers: 2
[2025-05-12T23:25:33.500+0300][1043.479s][36520] GC(24770)           Forward Bytes:                 Min: 42864, Avg: 79012.0, Max: 115160, Diff: 72296, Sum: 158024, Workers: 2
[2025-05-12T23:25:33.500+0300][1043.479s][36520] GC(24770)     Post Evacuate Cleanup 2: 0.1ms
[2025-05-12T23:25:33.500+0300][1043.479s][36520] GC(24770)       Recalculate Used Memory (ms):  Min:  0.0, Avg:  0.0, Max:  0.0, Diff:  0.0, Sum:  0.0, Workers: 1
[2025-05-12T23:25:33.500+0300][1043.479s][36520] GC(24770)       Restore Preserved Marks (ms):  Min:  0.0, Avg:  0.0, Max:  0.0, Diff:  0.0, Sum:  0.0, Workers: 2
[2025-05-12T23:25:33.500+0300][1043.479s][36520] GC(24770)       Clear Retained Region Bitmaps (ms): skipped
[2025-05-12T23:25:33.500+0300][1043.479s][36520] GC(24770)       Update Derived Pointers (ms):  Min:  0.0, Avg:  0.0, Max:  0.0, Diff:  0.0, Sum:  0.0, Workers: 1
[2025-05-12T23:25:33.500+0300][1043.479s][36520] GC(24770)       Eagerly Reclaim Humongous Objects (ms): skipped
[2025-05-12T23:25:33.500+0300][1043.479s][36520] GC(24770)         Humongous Total                skipped
[2025-05-12T23:25:33.500+0300][1043.479s][36520] GC(24770)         Humongous Candidates           skipped
[2025-05-12T23:25:33.500+0300][1043.479s][36520] GC(24770)         Humongous Reclaimed            skipped
[2025-05-12T23:25:33.500+0300][1043.479s][36520] GC(24770)       Redirty Logged Cards (ms):     Min:  0.0, Avg:  0.0, Max:  0.0, Diff:  0.0, Sum:  0.0, Workers: 2
[2025-05-12T23:25:33.500+0300][1043.479s][36520] GC(24770)         Redirtied Cards:               Min: 0, Avg:  0.0, Max: 0, Diff: 0, Sum: 0, Workers: 2
[2025-05-12T23:25:33.500+0300][1043.479s][36520] GC(24770)       Resize TLABs (ms):             Min:  0.0, Avg:  0.0, Max:  0.0, Diff:  0.0, Sum:  0.0, Workers: 2
[2025-05-12T23:25:33.500+0300][1043.479s][36520] GC(24770)       Free Collection Set (ms):      Min:  0.0, Avg:  0.0, Max:  0.0, Diff:  0.0, Sum:  0.0, Workers: 2
[2025-05-12T23:25:33.500+0300][1043.479s][36520] GC(24770)     Rebuild Free List: 0.1ms
[2025-05-12T23:25:33.500+0300][1043.479s][36520] GC(24770)     Prepare For Mutator: 0.1ms
[2025-05-12T23:25:33.500+0300][1043.479s][36520] GC(24770)     Expand Heap After Collection: 0.0ms
[2025-05-12T23:25:33.500+0300][1043.479s][36520] GC(24770)   Other: 0.2ms
[2025-05-12T23:25:33.500+0300][1043.479s][36520] GC(24770) Coarsening (recent): Inline->AoC 0 (0) AoC->Howl 0 (0) Howl->Full 0 (0) Inline->AoC 0 (0) AoC->BitMap 0 (0) BitMap->Full 0 (0) 
[2025-05-12T23:25:33.500+0300][1043.479s][36520] GC(24770) Coarsening (all): Inline->AoC 10920 (0) AoC->Howl 7731 (0) Howl->Full 0 (0) Inline->AoC 10809 (0) AoC->BitMap 7399 (0) BitMap->Full 0 (0) 
[2025-05-12T23:25:33.500+0300][1043.479s][36520] GC(24770) Eden regions: 1->0(0)
[2025-05-12T23:25:33.500+0300][1043.479s][36520] GC(24770) Survivor regions: 0->0(0)
[2025-05-12T23:25:33.500+0300][1043.479s][36520] GC(24770) Old regions: 11->12
[2025-05-12T23:25:33.500+0300][1043.479s][36520] GC(24770) Humongous regions: 0->0
[2025-05-12T23:25:33.500+0300][1043.479s][36520] GC(24770) Metaspace: 10759K(12736K)->10759K(12736K) NonClass: 9683K(11328K)->9683K(11328K) Class: 1076K(1408K)->1076K(1408K)
[2025-05-12T23:25:33.500+0300][1043.479s][36520] GC(24770) Heap after GC invocations=21222 (full 7117):
[2025-05-12T23:25:33.500+0300][1043.479s][36520] GC(24770)  garbage-first heap   total 12288K, used 12265K [0x00000000ff400000, 0x0000000100000000)
[2025-05-12T23:25:33.500+0300][1043.479s][36520] GC(24770)   region size 1024K, 0 young (0K), 0 survivors (0K)
[2025-05-12T23:25:33.500+0300][1043.479s][36520] GC(24770)  Metaspace       used 10759K, committed 12736K, reserved 1114112K
[2025-05-12T23:25:33.500+0300][1043.479s][36520] GC(24770)   class space    used 1076K, committed 1408K, reserved 1048576K
[2025-05-12T23:25:33.500+0300][1043.479s][36520] GC(24770) Pause Young (Concurrent Start) (G1 Evacuation Pause) (Evacuation Failure) 11M->11M(12M) 2.635ms
[2025-05-12T23:25:33.500+0300][1043.479s][36520] GC(24770) User=0.00s Sys=0.00s Real=0.00s
[2025-05-12T23:25:33.500+0300][1043.479s][36520] Attempt heap expansion (allocation request failed). Allocation request: 16400B
[2025-05-12T23:25:33.500+0300][1043.479s][34628] GC(24771) Concurrent Mark Cycle
[2025-05-12T23:25:33.500+0300][1043.479s][36520] Expand the heap. requested expansion amount: 1048576B expansion amount: 1048576B
[2025-05-12T23:25:33.500+0300][1043.479s][34628] GC(24771) Concurrent Scan Root Regions
[2025-05-12T23:25:33.500+0300][1043.479s][36520] Did not expand the heap (heap already fully expanded)
[2025-05-12T23:25:33.500+0300][1043.479s][34628] GC(24771) Concurrent Scan Root Regions 0.040ms
[2025-05-12T23:25:33.500+0300][1043.479s][36520] Attempting full compaction
[2025-05-12T23:25:33.500+0300][1043.479s][34628] GC(24771) Concurrent Mark
[2025-05-12T23:25:33.500+0300][1043.479s][36520] GC(24772) Pause Full (G1 Compaction Pause)
[2025-05-12T23:25:33.500+0300][1043.479s][34628] GC(24771) Concurrent Mark From Roots
[2025-05-12T23:25:33.500+0300][1043.479s][36520] GC(24772) Heap before GC invocations=21222 (full 7117):
[2025-05-12T23:25:33.500+0300][1043.479s][34628] GC(24771) Using 3 workers of 3 for marking
[2025-05-12T23:25:33.500+0300][1043.479s][36520] GC(24772)  garbage-first heap   total 12288K, used 12265K [0x00000000ff400000, 0x0000000100000000)
[2025-05-12T23:25:33.500+0300][1043.479s][36520] GC(24772)   region size 1024K, 0 young (0K), 0 survivors (0K)
[2025-05-12T23:25:33.500+0300][1043.480s][36520] GC(24772)  Metaspace       used 10759K, committed 12736K, reserved 1114112K
[2025-05-12T23:25:33.500+0300][1043.480s][36520] GC(24772)   class space    used 1076K, committed 1408K, reserved 1048576K
[2025-05-12T23:25:33.500+0300][1043.480s][36520] GC(24772) Requesting 1 active workers for full compaction (waste limited workers: 1, adaptive workers: 2, used limited workers: 12)
[2025-05-12T23:25:33.500+0300][1043.480s][36520] GC(24772) Using 1 workers of 10 for full compaction
[2025-05-12T23:25:33.500+0300][1043.480s][36520] GC(24772) Clear Bitmap
[2025-05-12T23:25:33.500+0300][1043.480s][36520] GC(24772) Running G1 Clear Bitmap with 1 workers for 1 work units.
[2025-05-12T23:25:33.500+0300][1043.480s][36520] GC(24772) Clear Bitmap 0.046ms
[2025-05-12T23:25:33.500+0300][1043.480s][36520] GC(24772) Mutator Allocation stats, regions: 0, wasted size: 0B ( 0.0%)
[2025-05-12T23:25:33.500+0300][1043.480s][36520] GC(24772) Phase 1: Mark live objects
[2025-05-12T23:25:33.507+0300][1043.487s][36520] GC(24772) Phase 1: Reference Processing
[2025-05-12T23:25:33.508+0300][1043.487s][36520] GC(24772) ReferenceProcessor::execute queues: 1, RefProcThreadModel::Single, marks_oops_alive: false
[2025-05-12T23:25:33.508+0300][1043.487s][36520] GC(24772) Skipped KeepAliveFinalRefsPhase of Reference Processing: no references
[2025-05-12T23:25:33.508+0300][1043.487s][36520] GC(24772) ReferenceProcessor::execute queues: 1, RefProcThreadModel::Single, marks_oops_alive: false
[2025-05-12T23:25:33.508+0300][1043.487s][36520] GC(24772) Reference Processing: 0.0ms
[2025-05-12T23:25:33.508+0300][1043.487s][36520] GC(24772)   Notify Soft/WeakReferences: 0.0ms
[2025-05-12T23:25:33.508+0300][1043.487s][36520] GC(24772)     SoftRef: 0.0ms
[2025-05-12T23:25:33.508+0300][1043.487s][36520] GC(24772)     WeakRef: 0.0ms
[2025-05-12T23:25:33.508+0300][1043.487s][36520] GC(24772)     FinalRef: 0.0ms
[2025-05-12T23:25:33.508+0300][1043.487s][36520] GC(24772)     Total: 0.0ms
[2025-05-12T23:25:33.508+0300][1043.487s][36520] GC(24772)   Notify and keep alive finalizable: 0.0ms
[2025-05-12T23:25:33.508+0300][1043.487s][36520] GC(24772)     FinalRef: skipped
[2025-05-12T23:25:33.508+0300][1043.487s][36520] GC(24772)   Notify PhantomReferences: 0.0ms
[2025-05-12T23:25:33.508+0300][1043.487s][36520] GC(24772)     PhantomRef: 0.0ms
[2025-05-12T23:25:33.508+0300][1043.487s][36520] GC(24772)   SoftReference Discovered: 46, Dropped: 4, Processed: 42
[2025-05-12T23:25:33.508+0300][1043.487s][36520] GC(24772)   WeakReference Discovered: 33, Dropped: 14, Processed: 19
[2025-05-12T23:25:33.508+0300][1043.487s][36520] GC(24772)   FinalReference Discovered: 0, Dropped: 0, Processed: 0
[2025-05-12T23:25:33.508+0300][1043.487s][36520] GC(24772)   PhantomReference Discovered: 23, Dropped: 23, Processed: 0
[2025-05-12T23:25:33.508+0300][1043.487s][36520] GC(24772) Phase 1: Reference Processing 0.236ms
[2025-05-12T23:25:33.508+0300][1043.487s][36520] GC(24772) Phase 1: Weak Processing
[2025-05-12T23:25:33.508+0300][1043.487s][36520] GC(24772)   VM Weak                        Min:  0.0, Avg:  0.0, Max:  0.0, Diff:  0.0, Sum:  0.0, Workers: 10
[2025-05-12T23:25:33.508+0300][1043.487s][36520] GC(24772)     Dead                           Min: 0, Avg:  2.0, Max: 20, Diff: 20, Sum: 20, Workers: 10
[2025-05-12T23:25:33.508+0300][1043.487s][36520] GC(24772)     Total                          Min: 0, Avg:  6.7, Max: 67, Diff: 67, Sum: 67, Workers: 10
[2025-05-12T23:25:33.508+0300][1043.487s][36520] GC(24772)   ObjectSynchronizer Weak        Min:  0.0, Avg:  0.0, Max:  0.0, Diff:  0.0, Sum:  0.0, Workers: 10
[2025-05-12T23:25:33.508+0300][1043.487s][36520] GC(24772)     Dead                           Min: 0, Avg:  0.0, Max: 0, Diff: 0, Sum: 0, Workers: 10
[2025-05-12T23:25:33.508+0300][1043.487s][36520] GC(24772)     Total                          Min: 0, Avg:  0.1, Max: 1, Diff: 1, Sum: 1, Workers: 10
[2025-05-12T23:25:33.508+0300][1043.487s][36520] GC(24772)   JVMTI Tag Weak OopStorage      Min:  0.0, Avg:  0.1, Max:  0.1, Diff:  0.1, Sum:  0.6, Workers: 10
[2025-05-12T23:25:33.508+0300][1043.487s][36520] GC(24772)     Dead                           Min: 0, Avg:  2.0, Max: 20, Diff: 20, Sum: 20, Workers: 10
[2025-05-12T23:25:33.508+0300][1043.487s][36520] GC(24772)     Total                          Min: 704, Avg: 6289.9, Max: 9525, Diff: 8821, Sum: 62899, Workers: 10
[2025-05-12T23:25:33.508+0300][1043.487s][36520] GC(24772)   StringTable Weak               Min:  0.0, Avg:  0.0, Max:  0.0, Diff:  0.0, Sum:  0.2, Workers: 10
[2025-05-12T23:25:33.508+0300][1043.487s][36520] GC(24772)     Dead                           Min: 2, Avg:  7.3, Max: 34, Diff: 32, Sum: 73, Workers: 10
[2025-05-12T23:25:33.508+0300][1043.487s][36520] GC(24772)     Total                          Min: 1201, Avg: 3952.9, Max: 4670, Diff: 3469, Sum: 39529, Workers: 10
[2025-05-12T23:25:33.508+0300][1043.487s][36520] GC(24772)   ResolvedMethodTable Weak       Min:  0.0, Avg:  0.0, Max:  0.0, Diff:  0.0, Sum:  0.0, Workers: 10
[2025-05-12T23:25:33.508+0300][1043.487s][36520] GC(24772)     Dead                           Min: 0, Avg:  3.7, Max: 12, Diff: 12, Sum: 37, Workers: 10
[2025-05-12T23:25:33.508+0300][1043.487s][36520] GC(24772)     Total                          Min: 0, Avg: 73.6, Max: 132, Diff: 132, Sum: 736, Workers: 10
[2025-05-12T23:25:33.508+0300][1043.487s][36520] GC(24772)   JNI Weak                       Min:  0.0, Avg:  0.0, Max:  0.0, Diff:  0.0, Sum:  0.0, Workers: 10
[2025-05-12T23:25:33.508+0300][1043.487s][36520] GC(24772)     Dead                           Min: 0, Avg:  0.0, Max: 0, Diff: 0, Sum: 0, Workers: 10
[2025-05-12T23:25:33.508+0300][1043.487s][36520] GC(24772)     Total                          Min: 0, Avg:  1.1, Max: 11, Diff: 11, Sum: 11, Workers: 10
[2025-05-12T23:25:33.508+0300][1043.487s][36520] GC(24772)   StringDedup Table Weak         Min:  0.0, Avg:  0.0, Max:  0.0, Diff:  0.0, Sum:  0.0, Workers: 10
[2025-05-12T23:25:33.508+0300][1043.487s][36520] GC(24772)     Dead                           Min: 0, Avg:  0.0, Max: 0, Diff: 0, Sum: 0, Workers: 10
[2025-05-12T23:25:33.508+0300][1043.487s][36520] GC(24772)     Total                          Min: 0, Avg:  0.0, Max: 0, Diff: 0, Sum: 0, Workers: 10
[2025-05-12T23:25:33.508+0300][1043.487s][36520] GC(24772)   StringDedup Requests0 Weak     Min:  0.0, Avg:  0.0, Max:  0.0, Diff:  0.0, Sum:  0.0, Workers: 10
[2025-05-12T23:25:33.508+0300][1043.487s][36520] GC(24772)     Dead                           Min: 0, Avg:  0.0, Max: 0, Diff: 0, Sum: 0, Workers: 10
[2025-05-12T23:25:33.508+0300][1043.487s][36520] GC(24772)     Total                          Min: 0, Avg:  0.0, Max: 0, Diff: 0, Sum: 0, Workers: 10
[2025-05-12T23:25:33.508+0300][1043.487s][36520] GC(24772)   StringDedup Requests1 Weak     Min:  0.0, Avg:  0.0, Max:  0.0, Diff:  0.0, Sum:  0.0, Workers: 10
[2025-05-12T23:25:33.508+0300][1043.487s][36520] GC(24772)     Dead                           Min: 0, Avg:  0.0, Max: 0, Diff: 0, Sum: 0, Workers: 10
[2025-05-12T23:25:33.508+0300][1043.487s][36520] GC(24772)     Total                          Min: 0, Avg:  0.0, Max: 0, Diff: 0, Sum: 0, Workers: 10
[2025-05-12T23:25:33.508+0300][1043.487s][36520] GC(24772)   Weak JFR Old Object Samples    Min:  0.0, Avg:  0.0, Max:  0.0, Diff:  0.0, Sum:  0.0, Workers: 10
[2025-05-12T23:25:33.508+0300][1043.487s][36520] GC(24772)     Dead                           Min: 0, Avg:  0.0, Max: 0, Diff: 0, Sum: 0, Workers: 10
[2025-05-12T23:25:33.508+0300][1043.487s][36520] GC(24772)     Total                          Min: 0, Avg:  0.0, Max: 0, Diff: 0, Sum: 0, Workers: 10
[2025-05-12T23:25:33.508+0300][1043.487s][36520] GC(24772) Phase 1: Weak Processing 0.505ms
[2025-05-12T23:25:33.508+0300][1043.487s][36520] GC(24772) Phase 1: Class Unloading and Cleanup
[2025-05-12T23:25:33.508+0300][1043.487s][36520] GC(24772) ClassLoaderData
[2025-05-12T23:25:33.508+0300][1043.488s][36520] GC(24772) ClassLoaderData 0.066ms
[2025-05-12T23:25:33.508+0300][1043.488s][36520] GC(24772) Trigger cleanups
[2025-05-12T23:25:33.508+0300][1043.488s][36520] GC(24772) Trigger cleanups 0.009ms
[2025-05-12T23:25:33.513+0300][1043.491s][36520] GC(24772) Phase 1: Class Unloading and Cleanup 3.861ms
[2025-05-12T23:25:33.513+0300][1043.491s][36520] GC(24772) Report Object Count
[2025-05-12T23:25:33.513+0300][1043.491s][36520] GC(24772) Report Object Count 0.015ms
[2025-05-12T23:25:33.513+0300][1043.491s][36520] GC(24772) Phase 1: Mark live objects 11.738ms
[2025-05-12T23:25:33.513+0300][1043.491s][36520] GC(24772) Phase 2: Prepare compaction
[2025-05-12T23:25:33.513+0300][1043.491s][36520] GC(24772) Phase 2: Determine work lists
[2025-05-12T23:25:33.513+0300][1043.491s][36520] GC(24772) Phase 2: Determine work lists 0.010ms
[2025-05-12T23:25:33.513+0300][1043.491s][36520] GC(24772) Phase 2: Prepare parallel compaction
[2025-05-12T23:25:33.513+0300][1043.492s][36520] GC(24772) Phase 2: Prepare parallel compaction 0.273ms
[2025-05-12T23:25:33.513+0300][1043.492s][36520] GC(24772) Phase 2: Prepare compaction 0.324ms
[2025-05-12T23:25:33.513+0300][1043.492s][36520] GC(24772) Phase 3: Adjust pointers
[2025-05-12T23:25:33.516+0300][1043.496s][36520] GC(24772) Phase 3: Adjust pointers 3.950ms
[2025-05-12T23:25:33.517+0300][1043.496s][36520] GC(24772) Phase 4: Compact heap
[2025-05-12T23:25:33.517+0300][1043.496s][36520] GC(24772) Phase 4: Compact heap 0.230ms
[2025-05-12T23:25:33.517+0300][1043.496s][36520] GC(24772) Phase 5: Reset Metadata
[2025-05-12T23:25:33.518+0300][1043.497s][36520] GC(24772) Phase 5: Reset Metadata 1.338ms
[2025-05-12T23:25:33.518+0300][1043.498s][36520] GC(24772) Running G1 Clear Bitmap with 1 workers for 1 work units.
[2025-05-12T23:25:33.520+0300][1043.499s][36520] Old generation allocation in the last mutator period, old gen allocated: 0B, humongous allocated: 0B, old gen growth: 0B.
[2025-05-12T23:25:33.520+0300][1043.499s][36520] GC(24772) Coarsening (recent): Inline->AoC 0 (0) AoC->Howl 0 (0) Howl->Full 0 (0) Inline->AoC 0 (0) AoC->BitMap 0 (0) BitMap->Full 0 (0) 
[2025-05-12T23:25:33.520+0300][1043.499s][36520] GC(24772) Coarsening (all): Inline->AoC 10920 (0) AoC->Howl 7731 (0) Howl->Full 0 (0) Inline->AoC 10809 (0) AoC->BitMap 7399 (0) BitMap->Full 0 (0) 
[2025-05-12T23:25:33.520+0300][1043.499s][36520] GC(24772) Eden regions: 0->0(1)
[2025-05-12T23:25:33.520+0300][1043.499s][36520] GC(24772) Survivor regions: 0->0(0)
[2025-05-12T23:25:33.520+0300][1043.499s][36520] GC(24772) Old regions: 12->11
[2025-05-12T23:25:33.520+0300][1043.499s][36520] GC(24772) Humongous regions: 0->0
[2025-05-12T23:25:33.520+0300][1043.499s][36520] GC(24772) Metaspace: 10759K(12736K)->10718K(12736K) NonClass: 9683K(11328K)->9653K(11328K) Class: 1076K(1408K)->1064K(1408K)
[2025-05-12T23:25:33.520+0300][1043.499s][36520] GC(24772) Heap after GC invocations=21223 (full 7118):
[2025-05-12T23:25:33.520+0300][1043.499s][36520] GC(24772)  garbage-first heap   total 12288K, used 11216K [0x00000000ff400000, 0x0000000100000000)
[2025-05-12T23:25:33.520+0300][1043.499s][36520] GC(24772)   region size 1024K, 0 young (0K), 0 survivors (0K)
[2025-05-12T23:25:33.520+0300][1043.499s][36520] GC(24772)  Metaspace       used 10718K, committed 12736K, reserved 1114112K
[2025-05-12T23:25:33.520+0300][1043.499s][36520] GC(24772)   class space    used 1064K, committed 1408K, reserved 1048576K
[2025-05-12T23:25:33.520+0300][1043.499s][36520] GC(24772) Pause Full (G1 Compaction Pause) 11M->10M(12M) 19.969ms
[2025-05-12T23:25:33.520+0300][1043.499s][36520] GC(24772) User=0.03s Sys=0.00s Real=0.02s
[2025-05-12T23:25:33.520+0300][1043.500s][9340 ] G1 Service Thread (Card Set Free Memory Task) (run: 21.677ms) (cpu: 0.000ms)
[2025-05-12T23:25:33.520+0300][1043.500s][34628] ---------------------------------------------------------------------
[2025-05-12T23:25:33.520+0300][1043.500s][34628] Marking Stats, task = 0, calls = 0
[2025-05-12T23:25:33.520+0300][1043.500s][34628]   Elapsed time = 0.00ms, Termination time = 0.00ms
[2025-05-12T23:25:33.520+0300][1043.500s][34628]   Step Times (cum): num = 5369, avg = 0.16ms, sd = 1.55ms max = 16.00ms, total = 833.00ms
[2025-05-12T23:25:33.520+0300][1043.500s][34628]   Mark Stats Cache: hits 4515 misses 0 ratio 100.000
[2025-05-12T23:25:33.520+0300][1043.500s][34628] ---------------------------------------------------------------------
[2025-05-12T23:25:33.520+0300][1043.500s][34628] Marking Stats, task = 1, calls = 0
[2025-05-12T23:25:33.520+0300][1043.500s][34628]   Elapsed time = 0.00ms, Termination time = 0.00ms
[2025-05-12T23:25:33.520+0300][1043.500s][34628]   Step Times (cum): num = 13793, avg = 0.02ms, sd = 0.58ms max = 16.00ms, total = 296.00ms
[2025-05-12T23:25:33.520+0300][1043.500s][34628]   Mark Stats Cache: hits 2056 misses 0 ratio 100.000
[2025-05-12T23:25:33.520+0300][1043.500s][34628] ---------------------------------------------------------------------
[2025-05-12T23:25:33.520+0300][1043.500s][34628] Marking Stats, task = 2, calls = 0
[2025-05-12T23:25:33.520+0300][1043.500s][34628]   Elapsed time = 0.00ms, Termination time = 0.00ms
[2025-05-12T23:25:33.520+0300][1043.500s][34628]   Step Times (cum): num = 13231, avg = 0.02ms, sd = 0.61ms max = 16.00ms, total = 313.00ms
[2025-05-12T23:25:33.520+0300][1043.500s][34628]   Mark Stats Cache: hits 0 misses 0 ratio 0.000
[2025-05-12T23:25:33.520+0300][1043.500s][34628] ---------------------------------------------------------------------
[2025-05-12T23:25:33.520+0300][1043.500s][34628] GC(24771) Concurrent Mark From Roots 20.320ms
[2025-05-12T23:25:33.520+0300][1043.500s][34628] GC(24771) Concurrent Mark Abort
[2025-05-12T23:25:33.520+0300][1043.500s][34628] GC(24771) Concurrent Mark Cycle 20.489ms
[2025-05-12T23:25:33.547+0300][1043.526s][36520] GC(24773) Pause Young (Normal) (G1 Evacuation Pause)
[2025-05-12T23:25:33.547+0300][1043.526s][36520] GC(24773) Heap before GC invocations=21223 (full 7118):
[2025-05-12T23:25:33.547+0300][1043.526s][36520] GC(24773)  garbage-first heap   total 12288K, used 12240K [0x00000000ff400000, 0x0000000100000000)
[2025-05-12T23:25:33.547+0300][1043.526s][36520] GC(24773)   region size 1024K, 1 young (1024K), 0 survivors (0K)
[2025-05-12T23:25:33.547+0300][1043.526s][36520] GC(24773)  Metaspace       used 10759K, committed 12736K, reserved 1114112K
[2025-05-12T23:25:33.547+0300][1043.526s][36520] GC(24773)   class space    used 1076K, committed 1408K, reserved 1048576K
[2025-05-12T23:25:33.547+0300][1043.526s][36520] GC(24773) Using 2 workers of 10 for evacuation
[2025-05-12T23:25:33.547+0300][1043.526s][36520] GC(24773) Desired survivor size 524288 bytes, new threshold 15 (max threshold 15)
[2025-05-12T23:25:33.547+0300][1043.526s][36520] GC(24773) TLAB totals: thrds: 1  refills: 311 max: 311 slow allocs: 152 max 152 waste: 22.0% gc: 0B max: 0B slow: 186232B max: 186232B
[2025-05-12T23:25:33.547+0300][1043.526s][36520] GC(24773) Mutator refinement: 0.00ms, refined: 0, precleaned: 0, dirtied: 100
[2025-05-12T23:25:33.547+0300][1043.526s][36520] GC(24773) Concurrent refinement: 0.00ms, refined: 0, precleaned: 0, dirtied: 0
[2025-05-12T23:25:33.547+0300][1043.526s][36520] GC(24773) Total refinement: 0.00ms, refined: 0, precleaned: 0, dirtied: 100
[2025-05-12T23:25:33.547+0300][1043.526s][36520] GC(24773) Generate dirty cards rate: 3.69 cards/ms
[2025-05-12T23:25:33.547+0300][1043.526s][36520] GC(24773) Mutator Allocation stats, regions: 1, wasted size: 1040B ( 0.1%)
[2025-05-12T23:25:33.547+0300][1043.526s][36520] GC(24773) No candidates to reclaim.
[2025-05-12T23:25:33.547+0300][1043.526s][36520] GC(24773) Running G1 Merge Heap Roots using 2 workers for 1 regions
[2025-05-12T23:25:33.547+0300][1043.526s][36520] GC(24773) Visited cards 1088 Total dirty 12288 (8.85%) Total old 26624 (4.09%)
[2025-05-12T23:25:33.547+0300][1043.526s][34024] GC(24773) Attempt heap expansion (region allocation request failed). Allocation request: 2064B
[2025-05-12T23:25:33.547+0300][1043.527s][34024] GC(24773) Did not expand the heap (heap already fully expanded)
[2025-05-12T23:25:33.547+0300][1043.527s][36520] GC(24773) ReferenceProcessor::execute queues: 1, RefProcThreadModel::Single, marks_oops_alive: false
[2025-05-12T23:25:33.547+0300][1043.527s][36520] GC(24773) Skipped KeepAliveFinalRefsPhase of Reference Processing: no references
[2025-05-12T23:25:33.547+0300][1043.527s][36520] GC(24773) Skipped PhantomRefsPhase of Reference Processing: no references
[2025-05-12T23:25:33.547+0300][1043.527s][36520] GC(24773) Initializing removing self forwards with 64 chunks per region
[2025-05-12T23:25:33.547+0300][1043.527s][36520] GC(24773) Running G1 Rebuild Free List Task using 2 workers for rebuilding free list of regions
[2025-05-12T23:25:33.548+0300][1043.527s][36520] GC(24773) Young PLAB allocation: allocated: 0B, wasted: 0B, unused: 0B, used: 0B, undo waste: 0B, 
[2025-05-12T23:25:33.548+0300][1043.527s][36520] GC(24773) Young other allocation: region end waste: 0B, regions filled: 0, num plab filled: 2, direct allocated: 0B, num direct allocated: 0, failure used: 0B, failure wasted: 0B
[2025-05-12T23:25:33.548+0300][1043.527s][36520] GC(24773) Young sizing: calculated: 0B, actual: 2064B
[2025-05-12T23:25:33.548+0300][1043.527s][36520] GC(24773) Old PLAB allocation: allocated: 0B, wasted: 0B, unused: 0B, used: 0B, undo waste: 0B, 
[2025-05-12T23:25:33.548+0300][1043.527s][36520] GC(24773) Old other allocation: region end waste: 0B, regions filled: 0, num plab filled: 2, direct allocated: 0B, num direct allocated: 0, failure used: 151432B, failure wasted: 897144B
[2025-05-12T23:25:33.548+0300][1043.527s][36520] GC(24773) Old sizing: calculated: 0B, actual: 2064B
[2025-05-12T23:25:33.548+0300][1043.527s][36520] GC(24773) Heap expansion: short term pause time ratio 38.86% long term pause time ratio 41.22% threshold 7.69% pause time ratio 7.69% fully expanded true resize by 0B
[2025-05-12T23:25:33.548+0300][1043.527s][9340 ] G1 Service Thread (Card Set Free Memory Task) (run 0.011ms after schedule)
[2025-05-12T23:25:33.548+0300][1043.527s][36520] GC(24773) Request concurrent cycle initiation (occupancy higher than threshold) occupancy: 12582912B allocation request: 0B threshold: 3676232B (29.22) source: end of GC
[2025-05-12T23:25:33.548+0300][1043.527s][36520] GC(24773) MMU: 5.4ms (200.0ms/201.0ms)
[2025-05-12T23:25:33.548+0300][1043.527s][36520] Old generation allocation in the last mutator period, old gen allocated: 1048576B, humongous allocated: 0B, old gen growth: 1048576B.
[2025-05-12T23:25:33.548+0300][1043.527s][36520] GC(24773) Basic information (value update), threshold: 3720887B (29.57), target occupancy: 12582912B, current occupancy: 12534176B, recent allocation size: 1048576B, recent allocation duration: 27.09ms, recent old gen allocation rate: 38706267.12B/s, recent marking phase length: 120.12ms
[2025-05-12T23:25:33.548+0300][1043.527s][36520] GC(24773) Adaptive IHOP information (value update), threshold: 3720887B (34.79), internal target occupancy: 10695475B, occupancy: 12534176B, additional buffer size: 1048576B, predicted old gen allocation rate: 49104009.54B/s, predicted marking phase length: 120.68ms, prediction active: true
[2025-05-12T23:25:33.548+0300][1043.527s][36520] GC(24773) GC refinement: goal: 18446744073709551615 + 104 / 20.00ms, actual: 100 / 0.04ms, 
[2025-05-12T23:25:33.548+0300][1043.527s][36520] GC(24773) Unchanged pending cards target: 18446744073709551615
[2025-05-12T23:25:33.548+0300][1043.527s][36520] GC(24773)   Pre Evacuate Collection Set: 0.1ms
[2025-05-12T23:25:33.548+0300][1043.527s][36520] GC(24773)     Pre Evacuate Prepare: 0.0ms
[2025-05-12T23:25:33.548+0300][1043.527s][36520] GC(24773)       JT Retire TLABs And Flush Logs (ms): Min:  0.0, Avg:  0.0, Max:  0.0, Diff:  0.0, Sum:  0.0, Workers: 2
[2025-05-12T23:25:33.548+0300][1043.527s][36520] GC(24773)       Non-JT Flush Logs (ms):        Min:  0.0, Avg:  0.0, Max:  0.0, Diff:  0.0, Sum:  0.0, Workers: 1
[2025-05-12T23:25:33.548+0300][1043.527s][36520] GC(24773)     Choose Collection Set: 0.0ms
[2025-05-12T23:25:33.548+0300][1043.527s][36520] GC(24773)     Region Register: 0.0ms
[2025-05-12T23:25:33.548+0300][1043.527s][36520] GC(24773)     Prepare Heap Roots: 0.0ms
[2025-05-12T23:25:33.548+0300][1043.527s][36520] GC(24773)   Merge Heap Roots: 0.0ms
[2025-05-12T23:25:33.548+0300][1043.527s][36520] GC(24773)     Prepare Merge Heap Roots: 0.0ms
[2025-05-12T23:25:33.548+0300][1043.527s][36520] GC(24773)     Remembered Sets (ms):          Min:  0.0, Avg:  0.0, Max:  0.0, Diff:  0.0, Sum:  0.0, Workers: 2
[2025-05-12T23:25:33.548+0300][1043.527s][36520] GC(24773)       Eager Reclaim (ms):            skipped
[2025-05-12T23:25:33.548+0300][1043.527s][36520] GC(24773)       Merged Inline                  Min: 0, Avg:  0.0, Max: 0, Diff: 0, Sum: 0, Workers: 2
[2025-05-12T23:25:33.548+0300][1043.527s][36520] GC(24773)       Merged ArrayOfCards            Min: 0, Avg:  0.0, Max: 0, Diff: 0, Sum: 0, Workers: 2
[2025-05-12T23:25:33.548+0300][1043.527s][36520] GC(24773)       Merged Howl                    Min: 0, Avg:  0.0, Max: 0, Diff: 0, Sum: 0, Workers: 2
[2025-05-12T23:25:33.548+0300][1043.527s][36520] GC(24773)       Merged Full                    Min: 0, Avg:  0.0, Max: 0, Diff: 0, Sum: 0, Workers: 2
[2025-05-12T23:25:33.548+0300][1043.527s][36520] GC(24773)       Merged Howl Inline             Min: 0, Avg:  0.0, Max: 0, Diff: 0, Sum: 0, Workers: 2
[2025-05-12T23:25:33.548+0300][1043.527s][36520] GC(24773)       Merged Howl ArrayOfCards       Min: 0, Avg:  0.0, Max: 0, Diff: 0, Sum: 0, Workers: 2
[2025-05-12T23:25:33.548+0300][1043.527s][36520] GC(24773)       Merged Howl BitMap             Min: 0, Avg:  0.0, Max: 0, Diff: 0, Sum: 0, Workers: 2
[2025-05-12T23:25:33.548+0300][1043.527s][36520] GC(24773)       Merged Howl Full               Min: 0, Avg:  0.0, Max: 0, Diff: 0, Sum: 0, Workers: 2
[2025-05-12T23:25:33.548+0300][1043.527s][36520] GC(24773)       Merged Cards                   Min: 8, Avg:  8.0, Max: 8, Diff: 0, Sum: 16, Workers: 2
[2025-05-12T23:25:33.548+0300][1043.528s][36520] GC(24773)     Log Buffers (ms):              Min:  0.0, Avg:  0.0, Max:  0.0, Diff:  0.0, Sum:  0.0, Workers: 2
[2025-05-12T23:25:33.548+0300][1043.528s][36520] GC(24773)       Dirty Cards:                   Min: 22, Avg: 50.0, Max: 78, Diff: 56, Sum: 100, Workers: 2
[2025-05-12T23:25:33.548+0300][1043.528s][36520] GC(24773)       Skipped Cards:                 Min: 0, Avg:  0.0, Max: 0, Diff: 0, Sum: 0, Workers: 2
[2025-05-12T23:25:33.548+0300][1043.528s][36520] GC(24773)   Evacuate Collection Set: 0.3ms
[2025-05-12T23:25:33.548+0300][1043.528s][36520] GC(24773)     Ext Root Scanning (ms):        Min:  0.1, Avg:  0.1, Max:  0.1, Diff:  0.0, Sum:  0.2, Workers: 2
[2025-05-12T23:25:33.548+0300][1043.528s][36520] GC(24773)     Scan Heap Roots (ms):          Min:  0.0, Avg:  0.0, Max:  0.0, Diff:  0.0, Sum:  0.1, Workers: 2
[2025-05-12T23:25:33.548+0300][1043.528s][36520] GC(24773)       Scanned Cards:                 Min: 34, Avg: 50.0, Max: 66, Diff: 32, Sum: 100, Workers: 2
[2025-05-12T23:25:33.548+0300][1043.528s][36520] GC(24773)       Scanned Blocks:                Min: 22, Avg: 33.5, Max: 45, Diff: 23, Sum: 67, Workers: 2
[2025-05-12T23:25:33.548+0300][1043.528s][36520] GC(24773)       Claimed Chunks:                Min: 11, Avg: 17.0, Max: 23, Diff: 12, Sum: 34, Workers: 2
[2025-05-12T23:25:33.548+0300][1043.528s][36520] GC(24773)       Found Roots:                   Min: 58, Avg: 59.0, Max: 60, Diff: 2, Sum: 118, Workers: 2
[2025-05-12T23:25:33.548+0300][1043.528s][36520] GC(24773)     Code Root Scan (ms):           Min:  0.0, Avg:  0.0, Max:  0.0, Diff:  0.0, Sum:  0.0, Workers: 2
[2025-05-12T23:25:33.548+0300][1043.528s][36520] GC(24773)     Object Copy (ms):              Min:  0.1, Avg:  0.1, Max:  0.1, Diff:  0.0, Sum:  0.3, Workers: 2
[2025-05-12T23:25:33.548+0300][1043.528s][36520] GC(24773)     Termination (ms):              Min:  0.0, Avg:  0.0, Max:  0.0, Diff:  0.0, Sum:  0.0, Workers: 2
[2025-05-12T23:25:33.548+0300][1043.528s][36520] GC(24773)       Termination Attempts:          Min: 1, Avg:  1.0, Max: 1, Diff: 0, Sum: 2, Workers: 2
[2025-05-12T23:25:33.548+0300][1043.528s][36520] GC(24773)     GC Worker Other (ms):          Min:  0.0, Avg:  0.0, Max:  0.0, Diff:  0.0, Sum:  0.0, Workers: 2
[2025-05-12T23:25:33.548+0300][1043.528s][36520] GC(24773)     GC Worker Total (ms):          Min:  0.3, Avg:  0.3, Max:  0.3, Diff:  0.0, Sum:  0.5, Workers: 2
[2025-05-12T23:25:33.548+0300][1043.528s][36520] GC(24773)   Post Evacuate Collection Set: 0.4ms
[2025-05-12T23:25:33.548+0300][1043.528s][36520] GC(24773)     NMethod List Cleanup: 0.0ms
[2025-05-12T23:25:33.548+0300][1043.528s][36520] GC(24773)     Reference Processing: 0.1ms
[2025-05-12T23:25:33.548+0300][1043.528s][36520] GC(24773)       Notify Soft/WeakReferences: 0.0ms
[2025-05-12T23:25:33.548+0300][1043.528s][36520] GC(24773)         SoftRef (ms):                  Min:  0.0, Avg:  0.0, Max:  0.0, Diff:  0.0, Sum:  0.0, Workers: 1
[2025-05-12T23:25:33.548+0300][1043.528s][36520] GC(24773)         WeakRef (ms):                  Min:  0.0, Avg:  0.0, Max:  0.0, Diff:  0.0, Sum:  0.0, Workers: 1
[2025-05-12T23:25:33.548+0300][1043.528s][36520] GC(24773)         FinalRef (ms):                 Min:  0.0, Avg:  0.0, Max:  0.0, Diff:  0.0, Sum:  0.0, Workers: 1
[2025-05-12T23:25:33.548+0300][1043.528s][36520] GC(24773)         Total (ms):                    Min:  0.0, Avg:  0.0, Max:  0.0, Diff:  0.0, Sum:  0.0, Workers: 1
[2025-05-12T23:25:33.548+0300][1043.528s][36520] GC(24773)       Notify and keep alive finalizable: 0.1ms
[2025-05-12T23:25:33.548+0300][1043.528s][36520] GC(24773)         FinalRef (ms):                 skipped
[2025-05-12T23:25:33.548+0300][1043.528s][36520] GC(24773)       Notify PhantomReferences: 0.0ms
[2025-05-12T23:25:33.548+0300][1043.528s][36520] GC(24773)         PhantomRef (ms):               skipped
[2025-05-12T23:25:33.548+0300][1043.528s][36520] GC(24773)       SoftReference Discovered: 0, Dropped: 0, Processed: 0
[2025-05-12T23:25:33.548+0300][1043.528s][36520] GC(24773)       WeakReference Discovered: 41, Dropped: 18, Processed: 23
[2025-05-12T23:25:33.548+0300][1043.528s][36520] GC(24773)       FinalReference Discovered: 0, Dropped: 0, Processed: 0
[2025-05-12T23:25:33.548+0300][1043.528s][36520] GC(24773)       PhantomReference Discovered: 0, Dropped: 0, Processed: 0
[2025-05-12T23:25:33.548+0300][1043.528s][36520] GC(24773)     Weak Processing: 0.1ms
[2025-05-12T23:25:33.548+0300][1043.528s][36520] GC(24773)       VM Weak                        Min:  0.0, Avg:  0.0, Max:  0.0, Diff:  0.0, Sum:  0.0, Workers: 10
[2025-05-12T23:25:33.548+0300][1043.528s][36520] GC(24773)         Dead                           Min: 0, Avg:  0.0, Max: 0, Diff: 0, Sum: 0, Workers: 10
[2025-05-12T23:25:33.548+0300][1043.528s][36520] GC(24773)         Total                          Min: 0, Avg:  6.7, Max: 59, Diff: 59, Sum: 67, Workers: 10
[2025-05-12T23:25:33.548+0300][1043.528s][36520] GC(24773)       ObjectSynchronizer Weak        Min:  0.0, Avg:  0.0, Max:  0.0, Diff:  0.0, Sum:  0.0, Workers: 10
[2025-05-12T23:25:33.548+0300][1043.528s][36520] GC(24773)         Dead                           Min: 0, Avg:  0.0, Max: 0, Diff: 0, Sum: 0, Workers: 10
[2025-05-12T23:25:33.548+0300][1043.528s][36520] GC(24773)         Total                          Min: 0, Avg:  0.1, Max: 1, Diff: 1, Sum: 1, Workers: 10
[2025-05-12T23:25:33.548+0300][1043.528s][36520] GC(24773)       JVMTI Tag Weak OopStorage      Min:  0.0, Avg:  0.1, Max:  0.1, Diff:  0.0, Sum:  0.6, Workers: 10
[2025-05-12T23:25:33.548+0300][1043.528s][36520] GC(24773)         Dead                           Min: 0, Avg:  0.0, Max: 0, Diff: 0, Sum: 0, Workers: 10
[2025-05-12T23:25:33.548+0300][1043.528s][36520] GC(24773)         Total                          Min: 5490, Avg: 6289.9, Max: 7057, Diff: 1567, Sum: 62899, Workers: 10
[2025-05-12T23:25:33.548+0300][1043.528s][36520] GC(24773)       StringTable Weak               Min:  0.0, Avg:  0.0, Max:  0.0, Diff:  0.0, Sum:  0.2, Workers: 10
[2025-05-12T23:25:33.548+0300][1043.528s][36520] GC(24773)         Dead                           Min: 0, Avg:  1.7, Max: 6, Diff: 6, Sum: 17, Workers: 10
[2025-05-12T23:25:33.548+0300][1043.528s][36520] GC(24773)         Total                          Min: 3520, Avg: 3952.9, Max: 4288, Diff: 768, Sum: 39529, Workers: 10
[2025-05-12T23:25:33.548+0300][1043.528s][36520] GC(24773)       ResolvedMethodTable Weak       Min:  0.0, Avg:  0.0, Max:  0.0, Diff:  0.0, Sum:  0.0, Workers: 10
[2025-05-12T23:25:33.548+0300][1043.528s][36520] GC(24773)         Dead                           Min: 0, Avg:  0.0, Max: 0, Diff: 0, Sum: 0, Workers: 10
[2025-05-12T23:25:33.548+0300][1043.528s][36520] GC(24773)         Total                          Min: 46, Avg: 74.4, Max: 126, Diff: 80, Sum: 744, Workers: 10
[2025-05-12T23:25:33.548+0300][1043.528s][36520] GC(24773)       JNI Weak                       Min:  0.0, Avg:  0.0, Max:  0.0, Diff:  0.0, Sum:  0.0, Workers: 10
[2025-05-12T23:25:33.548+0300][1043.528s][36520] GC(24773)         Dead                           Min: 0, Avg:  0.0, Max: 0, Diff: 0, Sum: 0, Workers: 10
[2025-05-12T23:25:33.548+0300][1043.528s][36520] GC(24773)         Total                          Min: 0, Avg:  1.1, Max: 11, Diff: 11, Sum: 11, Workers: 10
[2025-05-12T23:25:33.548+0300][1043.528s][36520] GC(24773)       StringDedup Table Weak         Min:  0.0, Avg:  0.0, Max:  0.0, Diff:  0.0, Sum:  0.0, Workers: 10
[2025-05-12T23:25:33.548+0300][1043.528s][36520] GC(24773)         Dead                           Min: 0, Avg:  0.0, Max: 0, Diff: 0, Sum: 0, Workers: 10
[2025-05-12T23:25:33.548+0300][1043.528s][36520] GC(24773)         Total                          Min: 0, Avg:  0.0, Max: 0, Diff: 0, Sum: 0, Workers: 10
[2025-05-12T23:25:33.548+0300][1043.528s][36520] GC(24773)       StringDedup Requests0 Weak     Min:  0.0, Avg:  0.0, Max:  0.0, Diff:  0.0, Sum:  0.0, Workers: 10
[2025-05-12T23:25:33.548+0300][1043.528s][36520] GC(24773)         Dead                           Min: 0, Avg:  0.0, Max: 0, Diff: 0, Sum: 0, Workers: 10
[2025-05-12T23:25:33.549+0300][1043.528s][36520] GC(24773)         Total                          Min: 0, Avg:  0.0, Max: 0, Diff: 0, Sum: 0, Workers: 10
[2025-05-12T23:25:33.549+0300][1043.528s][36520] GC(24773)       StringDedup Requests1 Weak     Min:  0.0, Avg:  0.0, Max:  0.0, Diff:  0.0, Sum:  0.0, Workers: 10
[2025-05-12T23:25:33.549+0300][1043.528s][36520] GC(24773)         Dead                           Min: 0, Avg:  0.0, Max: 0, Diff: 0, Sum: 0, Workers: 10
[2025-05-12T23:25:33.549+0300][1043.528s][36520] GC(24773)         Total                          Min: 0, Avg:  0.0, Max: 0, Diff: 0, Sum: 0, Workers: 10
[2025-05-12T23:25:33.549+0300][1043.528s][36520] GC(24773)       Weak JFR Old Object Samples    Min:  0.0, Avg:  0.0, Max:  0.0, Diff:  0.0, Sum:  0.0, Workers: 10
[2025-05-12T23:25:33.549+0300][1043.528s][36520] GC(24773)         Dead                           Min: 0, Avg:  0.0, Max: 0, Diff: 0, Sum: 0, Workers: 10
[2025-05-12T23:25:33.549+0300][1043.528s][36520] GC(24773)         Total                          Min: 0, Avg:  0.0, Max: 0, Diff: 0, Sum: 0, Workers: 10
[2025-05-12T23:25:33.549+0300][1043.528s][36520] GC(24773)     Post Evacuate Cleanup 1: 0.1ms
[2025-05-12T23:25:33.549+0300][1043.528s][36520] GC(24773)       Merge Per-Thread State (ms):   Min:  0.0, Avg:  0.0, Max:  0.0, Diff:  0.0, Sum:  0.0, Workers: 1
[2025-05-12T23:25:33.549+0300][1043.528s][36520] GC(24773)         Copied Bytes                   Min: 0, Avg:  0.0, Max: 0, Diff: 0, Sum: 0, Workers: 2
[2025-05-12T23:25:33.549+0300][1043.528s][36520] GC(24773)         LAB Waste                      Min: 0, Avg:  0.0, Max: 0, Diff: 0, Sum: 0, Workers: 2
[2025-05-12T23:25:33.549+0300][1043.528s][36520] GC(24773)         LAB Undo Waste                 Min: 0, Avg:  0.0, Max: 0, Diff: 0, Sum: 0, Workers: 2
[2025-05-12T23:25:33.549+0300][1043.528s][36520] GC(24773)       Clear Logged Cards (ms):       Min:  0.0, Avg:  0.0, Max:  0.0, Diff:  0.0, Sum:  0.0, Workers: 2
[2025-05-12T23:25:33.549+0300][1043.528s][36520] GC(24773)       Recalculate Used Memory (ms):  Min:  0.0, Avg:  0.0, Max:  0.0, Diff:  0.0, Sum:  0.0, Workers: 1
[2025-05-12T23:25:33.549+0300][1043.528s][36520] GC(24773)       Restore Retained Regions (ms): Min:  0.0, Avg:  0.0, Max:  0.0, Diff:  0.0, Sum:  0.1, Workers: 2
[2025-05-12T23:25:33.549+0300][1043.528s][36520] GC(24773)         Evacuation Failure Regions:    Min: 1, Avg:  1.0, Max: 1, Diff: 0, Sum: 1, Workers: 1
[2025-05-12T23:25:33.549+0300][1043.528s][36520] GC(24773)         Remove Self Forwards (ms):     Min:  0.0, Avg:  0.0, Max:  0.0, Diff:  0.0, Sum:  0.1, Workers: 2
[2025-05-12T23:25:33.549+0300][1043.528s][36520] GC(24773)           Forward Chunks:                Min: 25, Avg: 26.0, Max: 27, Diff: 2, Sum: 52, Workers: 2
[2025-05-12T23:25:33.549+0300][1043.528s][36520] GC(24773)           Empty Forward Chunks:          Min: 12, Avg: 12.0, Max: 12, Diff: 0, Sum: 12, Workers: 1
[2025-05-12T23:25:33.549+0300][1043.528s][36520] GC(24773)           Forward Objects:               Min: 1345, Avg: 1431.0, Max: 1517, Diff: 172, Sum: 2862, Workers: 2
[2025-05-12T23:25:33.549+0300][1043.528s][36520] GC(24773)           Forward Bytes:                 Min: 71360, Avg: 75716.0, Max: 80072, Diff: 8712, Sum: 151432, Workers: 2
[2025-05-12T23:25:33.549+0300][1043.528s][36520] GC(24773)     Post Evacuate Cleanup 2: 0.0ms
[2025-05-12T23:25:33.549+0300][1043.528s][36520] GC(24773)       Recalculate Used Memory (ms):  Min:  0.0, Avg:  0.0, Max:  0.0, Diff:  0.0, Sum:  0.0, Workers: 1
[2025-05-12T23:25:33.549+0300][1043.528s][36520] GC(24773)       Restore Preserved Marks (ms):  Min:  0.0, Avg:  0.0, Max:  0.0, Diff:  0.0, Sum:  0.0, Workers: 2
[2025-05-12T23:25:33.549+0300][1043.528s][36520] GC(24773)       Clear Retained Region Bitmaps (ms): Min:  0.0, Avg:  0.0, Max:  0.0, Diff:  0.0, Sum:  0.0, Workers: 2
[2025-05-12T23:25:33.549+0300][1043.528s][36520] GC(24773)       Update Derived Pointers (ms):  Min:  0.0, Avg:  0.0, Max:  0.0, Diff:  0.0, Sum:  0.0, Workers: 1
[2025-05-12T23:25:33.549+0300][1043.528s][36520] GC(24773)       Eagerly Reclaim Humongous Objects (ms): skipped
[2025-05-12T23:25:33.549+0300][1043.528s][36520] GC(24773)         Humongous Total                skipped
[2025-05-12T23:25:33.549+0300][1043.528s][36520] GC(24773)         Humongous Candidates           skipped
[2025-05-12T23:25:33.549+0300][1043.528s][36520] GC(24773)         Humongous Reclaimed            skipped
[2025-05-12T23:25:33.549+0300][1043.528s][36520] GC(24773)       Redirty Logged Cards (ms):     Min:  0.0, Avg:  0.0, Max:  0.0, Diff:  0.0, Sum:  0.0, Workers: 2
[2025-05-12T23:25:33.549+0300][1043.528s][36520] GC(24773)         Redirtied Cards:               Min: 0, Avg:  0.0, Max: 0, Diff: 0, Sum: 0, Workers: 2
[2025-05-12T23:25:33.549+0300][1043.528s][36520] GC(24773)       Resize TLABs (ms):             Min:  0.0, Avg:  0.0, Max:  0.0, Diff:  0.0, Sum:  0.0, Workers: 2
[2025-05-12T23:25:33.549+0300][1043.528s][36520] GC(24773)       Free Collection Set (ms):      Min:  0.0, Avg:  0.0, Max:  0.0, Diff:  0.0, Sum:  0.0, Workers: 2
[2025-05-12T23:25:33.549+0300][1043.528s][36520] GC(24773)     Rebuild Free List: 0.0ms
[2025-05-12T23:25:33.549+0300][1043.528s][36520] GC(24773)     Prepare For Mutator: 0.1ms
[2025-05-12T23:25:33.549+0300][1043.528s][36520] GC(24773)     Expand Heap After Collection: 0.0ms
[2025-05-12T23:25:33.549+0300][1043.528s][36520] GC(24773)   Other: 0.2ms
[2025-05-12T23:25:33.549+0300][1043.528s][36520] GC(24773) Coarsening (recent): Inline->AoC 0 (0) AoC->Howl 0 (0) Howl->Full 0 (0) Inline->AoC 0 (0) AoC->BitMap 0 (0) BitMap->Full 0 (0) 
[2025-05-12T23:25:33.549+0300][1043.528s][36520] GC(24773) Coarsening (all): Inline->AoC 10920 (0) AoC->Howl 7731 (0) Howl->Full 0 (0) Inline->AoC 10809 (0) AoC->BitMap 7399 (0) BitMap->Full 0 (0) 
[2025-05-12T23:25:33.549+0300][1043.528s][36520] GC(24773) Eden regions: 1->0(0)
[2025-05-12T23:25:33.549+0300][1043.528s][36520] GC(24773) Survivor regions: 0->0(0)
[2025-05-12T23:25:33.549+0300][1043.529s][36520] GC(24773) Old regions: 11->12
[2025-05-12T23:25:33.549+0300][1043.529s][36520] GC(24773) Humongous regions: 0->0
[2025-05-12T23:25:33.549+0300][1043.529s][36520] GC(24773) Metaspace: 10759K(12736K)->10759K(12736K) NonClass: 9683K(11328K)->9683K(11328K) Class: 1076K(1408K)->1076K(1408K)
[2025-05-12T23:25:33.549+0300][1043.529s][36520] GC(24773) Heap after GC invocations=21224 (full 7118):
[2025-05-12T23:25:33.549+0300][1043.529s][36520] GC(24773)  garbage-first heap   total 12288K, used 12240K [0x00000000ff400000, 0x0000000100000000)
[2025-05-12T23:25:33.549+0300][1043.529s][36520] GC(24773)   region size 1024K, 0 young (0K), 0 survivors (0K)
[2025-05-12T23:25:33.549+0300][1043.529s][36520] GC(24773)  Metaspace       used 10759K, committed 12736K, reserved 1114112K
[2025-05-12T23:25:33.549+0300][1043.529s][36520] GC(24773)   class space    used 1076K, committed 1408K, reserved 1048576K
[2025-05-12T23:25:33.549+0300][1043.529s][36520] GC(24773) Pause Young (Normal) (G1 Evacuation Pause) (Evacuation Failure) 11M->11M(12M) 2.451ms
[2025-05-12T23:25:33.549+0300][1043.529s][36520] GC(24773) User=0.00s Sys=0.00s Real=0.00s
[2025-05-12T23:25:33.549+0300][1043.529s][36520] Attempt heap expansion (allocation request failed). Allocation request: 2048B
[2025-05-12T23:25:33.549+0300][1043.529s][36520] Expand the heap. requested expansion amount: 1048576B expansion amount: 1048576B
[2025-05-12T23:25:33.549+0300][1043.529s][36520] Did not expand the heap (heap already fully expanded)
[2025-05-12T23:25:33.549+0300][1043.529s][36520] Attempting full compaction
[2025-05-12T23:25:33.549+0300][1043.529s][36520] GC(24774) Pause Full (G1 Compaction Pause)
[2025-05-12T23:25:33.549+0300][1043.529s][36520] GC(24774) Heap before GC invocations=21224 (full 7118):
[2025-05-12T23:25:33.549+0300][1043.529s][36520] GC(24774)  garbage-first heap   total 12288K, used 12240K [0x00000000ff400000, 0x0000000100000000)
[2025-05-12T23:25:33.549+0300][1043.529s][36520] GC(24774)   region size 1024K, 0 young (0K), 0 survivors (0K)
[2025-05-12T23:25:33.549+0300][1043.529s][36520] GC(24774)  Metaspace       used 10759K, committed 12736K, reserved 1114112K
[2025-05-12T23:25:33.549+0300][1043.529s][36520] GC(24774)   class space    used 1076K, committed 1408K, reserved 1048576K
[2025-05-12T23:25:33.549+0300][1043.529s][36520] GC(24774) Requesting 1 active workers for full compaction (waste limited workers: 1, adaptive workers: 2, used limited workers: 12)
[2025-05-12T23:25:33.549+0300][1043.529s][36520] GC(24774) Using 1 workers of 10 for full compaction
[2025-05-12T23:25:33.549+0300][1043.529s][36520] GC(24774) Mutator Allocation stats, regions: 0, wasted size: 0B ( 0.0%)
[2025-05-12T23:25:33.549+0300][1043.529s][36520] GC(24774) Phase 1: Mark live objects
[2025-05-12T23:25:33.557+0300][1043.536s][36520] GC(24774) Phase 1: Reference Processing
[2025-05-12T23:25:33.557+0300][1043.536s][36520] GC(24774) ReferenceProcessor::execute queues: 1, RefProcThreadModel::Single, marks_oops_alive: false
[2025-05-12T23:25:33.557+0300][1043.536s][36520] GC(24774) Skipped KeepAliveFinalRefsPhase of Reference Processing: no references
[2025-05-12T23:25:33.557+0300][1043.536s][36520] GC(24774) ReferenceProcessor::execute queues: 1, RefProcThreadModel::Single, marks_oops_alive: false
[2025-05-12T23:25:33.557+0300][1043.536s][36520] GC(24774) Reference Processing: 0.0ms
[2025-05-12T23:25:33.557+0300][1043.536s][36520] GC(24774)   Notify Soft/WeakReferences: 0.0ms
[2025-05-12T23:25:33.557+0300][1043.536s][36520] GC(24774)     SoftRef: 0.0ms
[2025-05-12T23:25:33.557+0300][1043.536s][36520] GC(24774)     WeakRef: 0.0ms
[2025-05-12T23:25:33.557+0300][1043.536s][36520] GC(24774)     FinalRef: 0.0ms
[2025-05-12T23:25:33.557+0300][1043.536s][36520] GC(24774)     Total: 0.0ms
[2025-05-12T23:25:33.557+0300][1043.536s][36520] GC(24774)   Notify and keep alive finalizable: 0.0ms
[2025-05-12T23:25:33.557+0300][1043.536s][36520] GC(24774)     FinalRef: skipped
[2025-05-12T23:25:33.557+0300][1043.536s][36520] GC(24774)   Notify PhantomReferences: 0.0ms
[2025-05-12T23:25:33.557+0300][1043.536s][36520] GC(24774)     PhantomRef: 0.0ms
[2025-05-12T23:25:33.557+0300][1043.536s][36520] GC(24774)   SoftReference Discovered: 46, Dropped: 4, Processed: 42
[2025-05-12T23:25:33.557+0300][1043.536s][36520] GC(24774)   WeakReference Discovered: 34, Dropped: 13, Processed: 21
[2025-05-12T23:25:33.557+0300][1043.536s][36520] GC(24774)   FinalReference Discovered: 0, Dropped: 0, Processed: 0
[2025-05-12T23:25:33.557+0300][1043.536s][36520] GC(24774)   PhantomReference Discovered: 23, Dropped: 23, Processed: 0
[2025-05-12T23:25:33.557+0300][1043.536s][36520] GC(24774) Phase 1: Reference Processing 0.248ms
[2025-05-12T23:25:33.557+0300][1043.536s][36520] GC(24774) Phase 1: Weak Processing
[2025-05-12T23:25:33.557+0300][1043.536s][36520] GC(24774)   VM Weak                        Min:  0.0, Avg:  0.0, Max:  0.0, Diff:  0.0, Sum:  0.0, Workers: 10
[2025-05-12T23:25:33.557+0300][1043.536s][36520] GC(24774)     Dead                           Min: 0, Avg:  2.1, Max: 21, Diff: 21, Sum: 21, Workers: 10
[2025-05-12T23:25:33.557+0300][1043.536s][36520] GC(24774)     Total                          Min: 0, Avg:  6.7, Max: 59, Diff: 59, Sum: 67, Workers: 10
[2025-05-12T23:25:33.557+0300][1043.536s][36520] GC(24774)   ObjectSynchronizer Weak        Min:  0.0, Avg:  0.0, Max:  0.0, Diff:  0.0, Sum:  0.0, Workers: 10
[2025-05-12T23:25:33.557+0300][1043.536s][36520] GC(24774)     Dead                           Min: 0, Avg:  0.0, Max: 0, Diff: 0, Sum: 0, Workers: 10
[2025-05-12T23:25:33.557+0300][1043.536s][36520] GC(24774)     Total                          Min: 0, Avg:  0.1, Max: 1, Diff: 1, Sum: 1, Workers: 10
[2025-05-12T23:25:33.557+0300][1043.536s][36520] GC(24774)   JVMTI Tag Weak OopStorage      Min:  0.1, Avg:  0.1, Max:  0.1, Diff:  0.0, Sum:  0.5, Workers: 10
[2025-05-12T23:25:33.557+0300][1043.536s][36520] GC(24774)     Dead                           Min: 0, Avg:  2.1, Max: 21, Diff: 21, Sum: 21, Workers: 10
[2025-05-12T23:25:33.557+0300][1043.536s][36520] GC(24774)     Total                          Min: 5838, Avg: 6289.9, Max: 7224, Diff: 1386, Sum: 62899, Workers: 10
[2025-05-12T23:25:33.557+0300][1043.536s][36520] GC(24774)   StringTable Weak               Min:  0.0, Avg:  0.0, Max:  0.0, Diff:  0.0, Sum:  0.2, Workers: 10
[2025-05-12T23:25:33.557+0300][1043.536s][36520] GC(24774)     Dead                           Min: 2, Avg: 14.1, Max: 56, Diff: 54, Sum: 141, Workers: 10
[2025-05-12T23:25:33.557+0300][1043.536s][36520] GC(24774)     Total                          Min: 3643, Avg: 3952.9, Max: 4160, Diff: 517, Sum: 39529, Workers: 10
[2025-05-12T23:25:33.557+0300][1043.536s][36520] GC(24774)   ResolvedMethodTable Weak       Min:  0.0, Avg:  0.0, Max:  0.0, Diff:  0.0, Sum:  0.0, Workers: 10
[2025-05-12T23:25:33.557+0300][1043.536s][36520] GC(24774)     Dead                           Min: 0, Avg:  5.2, Max: 32, Diff: 32, Sum: 52, Workers: 10
[2025-05-12T23:25:33.557+0300][1043.537s][36520] GC(24774)     Total                          Min: 42, Avg: 74.4, Max: 126, Diff: 84, Sum: 744, Workers: 10
[2025-05-12T23:25:33.557+0300][1043.537s][36520] GC(24774)   JNI Weak                       Min:  0.0, Avg:  0.0, Max:  0.0, Diff:  0.0, Sum:  0.0, Workers: 10
[2025-05-12T23:25:33.557+0300][1043.537s][36520] GC(24774)     Dead                           Min: 0, Avg:  0.0, Max: 0, Diff: 0, Sum: 0, Workers: 10
[2025-05-12T23:25:33.557+0300][1043.537s][36520] GC(24774)     Total                          Min: 0, Avg:  1.1, Max: 11, Diff: 11, Sum: 11, Workers: 10
[2025-05-12T23:25:33.557+0300][1043.537s][36520] GC(24774)   StringDedup Table Weak         Min:  0.0, Avg:  0.0, Max:  0.0, Diff:  0.0, Sum:  0.0, Workers: 10
[2025-05-12T23:25:33.557+0300][1043.537s][36520] GC(24774)     Dead                           Min: 0, Avg:  0.0, Max: 0, Diff: 0, Sum: 0, Workers: 10
[2025-05-12T23:25:33.557+0300][1043.537s][36520] GC(24774)     Total                          Min: 0, Avg:  0.0, Max: 0, Diff: 0, Sum: 0, Workers: 10
[2025-05-12T23:25:33.557+0300][1043.537s][36520] GC(24774)   StringDedup Requests0 Weak     Min:  0.0, Avg:  0.0, Max:  0.0, Diff:  0.0, Sum:  0.0, Workers: 10
[2025-05-12T23:25:33.557+0300][1043.537s][36520] GC(24774)     Dead                           Min: 0, Avg:  0.0, Max: 0, Diff: 0, Sum: 0, Workers: 10
[2025-05-12T23:25:33.557+0300][1043.537s][36520] GC(24774)     Total                          Min: 0, Avg:  0.0, Max: 0, Diff: 0, Sum: 0, Workers: 10
[2025-05-12T23:25:33.558+0300][1043.537s][36520] GC(24774)   StringDedup Requests1 Weak     Min:  0.0, Avg:  0.0, Max:  0.0, Diff:  0.0, Sum:  0.0, Workers: 10
[2025-05-12T23:25:33.558+0300][1043.537s][36520] GC(24774)     Dead                           Min: 0, Avg:  0.0, Max: 0, Diff: 0, Sum: 0, Workers: 10
[2025-05-12T23:25:33.558+0300][1043.537s][36520] GC(24774)     Total                          Min: 0, Avg:  0.0, Max: 0, Diff: 0, Sum: 0, Workers: 10
[2025-05-12T23:25:33.558+0300][1043.537s][36520] GC(24774)   Weak JFR Old Object Samples    Min:  0.0, Avg:  0.0, Max:  0.0, Diff:  0.0, Sum:  0.0, Workers: 10
[2025-05-12T23:25:33.558+0300][1043.537s][36520] GC(24774)     Dead                           Min: 0, Avg:  0.0, Max: 0, Diff: 0, Sum: 0, Workers: 10
[2025-05-12T23:25:33.558+0300][1043.537s][36520] GC(24774)     Total                          Min: 0, Avg:  0.0, Max: 0, Diff: 0, Sum: 0, Workers: 10
[2025-05-12T23:25:33.558+0300][1043.537s][36520] GC(24774) Phase 1: Weak Processing 0.469ms
[2025-05-12T23:25:33.558+0300][1043.537s][36520] GC(24774) Phase 1: Class Unloading and Cleanup
[2025-05-12T23:25:33.558+0300][1043.537s][36520] GC(24774) ClassLoaderData
[2025-05-12T23:25:33.558+0300][1043.537s][36520] GC(24774) ClassLoaderData 0.067ms
[2025-05-12T23:25:33.558+0300][1043.537s][36520] GC(24774) Trigger cleanups
[2025-05-12T23:25:33.558+0300][1043.537s][36520] GC(24774) Trigger cleanups 0.009ms
[2025-05-12T23:25:33.561+0300][1043.540s][36520] GC(24774) Phase 1: Class Unloading and Cleanup 3.684ms
[2025-05-12T23:25:33.561+0300][1043.540s][36520] GC(24774) Report Object Count
[2025-05-12T23:25:33.561+0300][1043.540s][36520] GC(24774) Report Object Count 0.011ms
[2025-05-12T23:25:33.561+0300][1043.540s][36520] GC(24774) Phase 1: Mark live objects 11.643ms
[2025-05-12T23:25:33.561+0300][1043.540s][36520] GC(24774) Phase 2: Prepare compaction
[2025-05-12T23:25:33.561+0300][1043.540s][36520] GC(24774) Phase 2: Determine work lists
[2025-05-12T23:25:33.561+0300][1043.540s][36520] GC(24774) Phase 2: Determine work lists 0.010ms
[2025-05-12T23:25:33.561+0300][1043.540s][36520] GC(24774) Phase 2: Prepare parallel compaction
[2025-05-12T23:25:33.561+0300][1043.541s][36520] GC(24774) Phase 2: Prepare parallel compaction 0.149ms
[2025-05-12T23:25:33.561+0300][1043.541s][36520] GC(24774) Phase 2: Prepare compaction 0.194ms
[2025-05-12T23:25:33.561+0300][1043.541s][36520] GC(24774) Phase 3: Adjust pointers
[2025-05-12T23:25:33.565+0300][1043.545s][36520] GC(24774) Phase 3: Adjust pointers 3.940ms
[2025-05-12T23:25:33.565+0300][1043.545s][36520] GC(24774) Phase 4: Compact heap
[2025-05-12T23:25:33.565+0300][1043.545s][36520] GC(24774) Phase 4: Compact heap 0.165ms
[2025-05-12T23:25:33.565+0300][1043.545s][36520] GC(24774) Phase 5: Reset Metadata
[2025-05-12T23:25:33.567+0300][1043.546s][36520] GC(24774) Phase 5: Reset Metadata 1.395ms
[2025-05-12T23:25:33.567+0300][1043.547s][36520] GC(24774) Running G1 Clear Bitmap with 1 workers for 1 work units.
[2025-05-12T23:25:33.568+0300][1043.548s][36520] GC(24774) Request concurrent cycle initiation (occupancy higher than threshold) occupancy: 11534336B allocation request: 0B threshold: 3720887B (29.57) source: end of Full GC
[2025-05-12T23:25:33.568+0300][1043.548s][36520] Old generation allocation in the last mutator period, old gen allocated: 0B, humongous allocated: 0B, old gen growth: 0B.
[2025-05-12T23:25:33.568+0300][1043.548s][36520] GC(24774) Coarsening (recent): Inline->AoC 0 (0) AoC->Howl 0 (0) Howl->Full 0 (0) Inline->AoC 0 (0) AoC->BitMap 0 (0) BitMap->Full 0 (0) 
[2025-05-12T23:25:33.568+0300][1043.548s][36520] GC(24774) Coarsening (all): Inline->AoC 10920 (0) AoC->Howl 7731 (0) Howl->Full 0 (0) Inline->AoC 10809 (0) AoC->BitMap 7399 (0) BitMap->Full 0 (0) 
[2025-05-12T23:25:33.568+0300][1043.548s][36520] GC(24774) Eden regions: 0->0(1)
[2025-05-12T23:25:33.568+0300][1043.548s][36520] GC(24774) Survivor regions: 0->0(0)
[2025-05-12T23:25:33.568+0300][1043.548s][36520] GC(24774) Old regions: 12->11
[2025-05-12T23:25:33.568+0300][1043.548s][36520] GC(24774) Humongous regions: 0->0
[2025-05-12T23:25:33.568+0300][1043.548s][36520] GC(24774) Metaspace: 10759K(12736K)->10716K(12736K) NonClass: 9683K(11328K)->9652K(11328K) Class: 1076K(1408K)->1064K(1408K)
[2025-05-12T23:25:33.568+0300][1043.548s][36520] GC(24774) Heap after GC invocations=21225 (full 7119):
[2025-05-12T23:25:33.568+0300][1043.548s][36520] GC(24774)  garbage-first heap   total 12288K, used 11173K [0x00000000ff400000, 0x0000000100000000)
[2025-05-12T23:25:33.568+0300][1043.548s][36520] GC(24774)   region size 1024K, 0 young (0K), 0 survivors (0K)
[2025-05-12T23:25:33.568+0300][1043.548s][36520] GC(24774)  Metaspace       used 10716K, committed 12736K, reserved 1114112K
[2025-05-12T23:25:33.568+0300][1043.548s][36520] GC(24774)   class space    used 1064K, committed 1408K, reserved 1048576K
[2025-05-12T23:25:33.568+0300][1043.548s][36520] GC(24774) Pause Full (G1 Compaction Pause) 11M->10M(12M) 19.380ms
[2025-05-12T23:25:33.568+0300][1043.548s][36520] GC(24774) User=0.02s Sys=0.00s Real=0.02s
[2025-05-12T23:25:33.568+0300][1043.548s][9340 ] G1 Service Thread (Card Set Free Memory Task) (run: 20.952ms) (cpu: 0.000ms)
[2025-05-12T23:25:33.586+0300][1043.565s][36520] GC(24775) Initiate concurrent cycle (concurrent cycle initiation requested)
[2025-05-12T23:25:33.586+0300][1043.565s][36520] GC(24775) Pause Young (Concurrent Start) (G1 Evacuation Pause)
[2025-05-12T23:25:33.586+0300][1043.565s][36520] GC(24775) Heap before GC invocations=21225 (full 7119):
[2025-05-12T23:25:33.587+0300][1043.565s][36520] GC(24775)  garbage-first heap   total 12288K, used 12197K [0x00000000ff400000, 0x0000000100000000)
[2025-05-12T23:25:33.587+0300][1043.565s][36520] GC(24775)   region size 1024K, 1 young (1024K), 0 survivors (0K)
[2025-05-12T23:25:33.587+0300][1043.565s][36520] GC(24775)  Metaspace       used 10757K, committed 12736K, reserved 1114112K
[2025-05-12T23:25:33.587+0300][1043.565s][36520] GC(24775)   class space    used 1075K, committed 1408K, reserved 1048576K
[2025-05-12T23:25:33.587+0300][1043.565s][36520] GC(24775) Using 2 workers of 10 for evacuation
[2025-05-12T23:25:33.587+0300][1043.565s][36520] GC(24775) Desired survivor size 524288 bytes, new threshold 15 (max threshold 15)
[2025-05-12T23:25:33.587+0300][1043.565s][36520] GC(24775) TLAB totals: thrds: 2  refills: 319 max: 318 slow allocs: 158 max 158 waste: 22.3% gc: 2352B max: 2352B slow: 190688B max: 190688B
[2025-05-12T23:25:33.587+0300][1043.565s][36520] GC(24775) Mutator refinement: 0.00ms, refined: 0, precleaned: 0, dirtied: 90
[2025-05-12T23:25:33.587+0300][1043.565s][36520] GC(24775) Concurrent refinement: 0.00ms, refined: 0, precleaned: 0, dirtied: 0
[2025-05-12T23:25:33.587+0300][1043.565s][36520] GC(24775) Total refinement: 0.00ms, refined: 0, precleaned: 0, dirtied: 90
[2025-05-12T23:25:33.587+0300][1043.565s][36520] GC(24775) Generate dirty cards rate: 5.15 cards/ms
[2025-05-12T23:25:33.587+0300][1043.565s][36520] GC(24775) Mutator Allocation stats, regions: 1, wasted size: 1472B ( 0.1%)
[2025-05-12T23:25:33.587+0300][1043.565s][36520] GC(24775) No candidates to reclaim.
[2025-05-12T23:25:33.587+0300][1043.565s][36520] GC(24775) Running G1 Merge Heap Roots using 2 workers for 1 regions
[2025-05-12T23:25:33.587+0300][1043.565s][36520] GC(24775) Visited cards 992 Total dirty 12288 (8.07%) Total old 26624 (3.73%)
[2025-05-12T23:25:33.587+0300][1043.566s][23404] GC(24775) Attempt heap expansion (region allocation request failed). Allocation request: 2064B
[2025-05-12T23:25:33.587+0300][1043.566s][23404] GC(24775) Did not expand the heap (heap already fully expanded)
[2025-05-12T23:25:33.587+0300][1043.566s][36520] GC(24775) ReferenceProcessor::execute queues: 1, RefProcThreadModel::Single, marks_oops_alive: false
[2025-05-12T23:25:33.587+0300][1043.566s][36520] GC(24775) Skipped KeepAliveFinalRefsPhase of Reference Processing: no references
[2025-05-12T23:25:33.587+0300][1043.566s][36520] GC(24775) Skipped PhantomRefsPhase of Reference Processing: no references
[2025-05-12T23:25:33.587+0300][1043.566s][36520] GC(24775) Initializing removing self forwards with 64 chunks per region
[2025-05-12T23:25:33.587+0300][1043.566s][36520] GC(24775) Running G1 Rebuild Free List Task using 2 workers for rebuilding free list of regions
[2025-05-12T23:25:33.588+0300][1043.566s][36520] GC(24775) Young PLAB allocation: allocated: 0B, wasted: 0B, unused: 0B, used: 0B, undo waste: 0B, 
[2025-05-12T23:25:33.588+0300][1043.566s][36520] GC(24775) Young other allocation: region end waste: 0B, regions filled: 0, num plab filled: 2, direct allocated: 0B, num direct allocated: 0, failure used: 0B, failure wasted: 0B
[2025-05-12T23:25:33.588+0300][1043.566s][36520] GC(24775) Young sizing: calculated: 0B, actual: 2064B
[2025-05-12T23:25:33.588+0300][1043.566s][36520] GC(24775) Old PLAB allocation: allocated: 0B, wasted: 0B, unused: 0B, used: 0B, undo waste: 0B, 
[2025-05-12T23:25:33.588+0300][1043.566s][36520] GC(24775) Old other allocation: region end waste: 0B, regions filled: 0, num plab filled: 2, direct allocated: 0B, num direct allocated: 0, failure used: 220936B, failure wasted: 827640B
[2025-05-12T23:25:33.588+0300][1043.566s][36520] GC(24775) Old sizing: calculated: 0B, actual: 2064B
[2025-05-12T23:25:33.588+0300][1043.566s][36520] GC(24775) Heap expansion: short term pause time ratio 39.16% long term pause time ratio 41.11% threshold 7.69% pause time ratio 7.69% fully expanded true resize by 0B
[2025-05-12T23:25:33.588+0300][1043.566s][9340 ] G1 Service Thread (Card Set Free Memory Task) (run 0.010ms after schedule)
[2025-05-12T23:25:33.588+0300][1043.566s][36520] GC(24775) MMU: 5.6ms (200.0ms/201.0ms)
[2025-05-12T23:25:33.588+0300][1043.566s][36520] Old generation allocation in the last mutator period, old gen allocated: 1048576B, humongous allocated: 0B, old gen growth: 1048576B.
[2025-05-12T23:25:33.588+0300][1043.566s][36520] GC(24775) Basic information (value update), threshold: 3603063B (28.63), target occupancy: 12582912B, current occupancy: 12490704B, recent allocation size: 1048576B, recent allocation duration: 17.46ms, recent old gen allocation rate: 60056587.13B/s, recent marking phase length: 120.12ms
[2025-05-12T23:25:33.588+0300][1043.566s][36520] GC(24775) Adaptive IHOP information (value update), threshold: 3603063B (33.69), internal target occupancy: 10695475B, occupancy: 12490704B, additional buffer size: 1048576B, predicted old gen allocation rate: 50080322.35B/s, predicted marking phase length: 120.68ms, prediction active: true
[2025-05-12T23:25:33.588+0300][1043.566s][36520] GC(24775) GC refinement: goal: 18446744073709551615 + 101 / 20.00ms, actual: 90 / 0.03ms, 
[2025-05-12T23:25:33.588+0300][1043.566s][36520] GC(24775) Unchanged pending cards target: 18446744073709551615
[2025-05-12T23:25:33.588+0300][1043.566s][36520] GC(24775)   Pre Evacuate Collection Set: 0.1ms
[2025-05-12T23:25:33.588+0300][1043.566s][36520] GC(24775)     Pre Evacuate Prepare: 0.0ms
[2025-05-12T23:25:33.588+0300][1043.566s][36520] GC(24775)       JT Retire TLABs And Flush Logs (ms): Min:  0.0, Avg:  0.0, Max:  0.0, Diff:  0.0, Sum:  0.0, Workers: 2
[2025-05-12T23:25:33.588+0300][1043.566s][36520] GC(24775)       Non-JT Flush Logs (ms):        Min:  0.0, Avg:  0.0, Max:  0.0, Diff:  0.0, Sum:  0.0, Workers: 1
[2025-05-12T23:25:33.588+0300][1043.566s][36520] GC(24775)     Choose Collection Set: 0.0ms
[2025-05-12T23:25:33.588+0300][1043.566s][36520] GC(24775)     Region Register: 0.0ms
[2025-05-12T23:25:33.588+0300][1043.566s][36520] GC(24775)     Prepare Heap Roots: 0.0ms
[2025-05-12T23:25:33.588+0300][1043.567s][36520] GC(24775)     Reset Marking State (ms):      Min:  0.0, Avg:  0.0, Max:  0.0, Diff:  0.0, Sum:  0.0, Workers: 1
[2025-05-12T23:25:33.588+0300][1043.567s][36520] GC(24775)     Note Start Of Mark (ms):       Min:  0.0, Avg:  0.0, Max:  0.0, Diff:  0.0, Sum:  0.0, Workers: 2
[2025-05-12T23:25:33.588+0300][1043.567s][36520] GC(24775)   Merge Heap Roots: 0.0ms
[2025-05-12T23:25:33.588+0300][1043.567s][36520] GC(24775)     Prepare Merge Heap Roots: 0.0ms
[2025-05-12T23:25:33.588+0300][1043.567s][36520] GC(24775)     Remembered Sets (ms):          Min:  0.0, Avg:  0.0, Max:  0.0, Diff:  0.0, Sum:  0.0, Workers: 2
[2025-05-12T23:25:33.588+0300][1043.567s][36520] GC(24775)       Eager Reclaim (ms):            skipped
[2025-05-12T23:25:33.588+0300][1043.567s][36520] GC(24775)       Merged Inline                  Min: 0, Avg:  0.0, Max: 0, Diff: 0, Sum: 0, Workers: 2
[2025-05-12T23:25:33.588+0300][1043.567s][36520] GC(24775)       Merged ArrayOfCards            Min: 0, Avg:  0.0, Max: 0, Diff: 0, Sum: 0, Workers: 2
[2025-05-12T23:25:33.588+0300][1043.567s][36520] GC(24775)       Merged Howl                    Min: 0, Avg:  0.0, Max: 0, Diff: 0, Sum: 0, Workers: 2
[2025-05-12T23:25:33.588+0300][1043.567s][36520] GC(24775)       Merged Full                    Min: 0, Avg:  0.0, Max: 0, Diff: 0, Sum: 0, Workers: 2
[2025-05-12T23:25:33.588+0300][1043.567s][36520] GC(24775)       Merged Howl Inline             Min: 0, Avg:  0.0, Max: 0, Diff: 0, Sum: 0, Workers: 2
[2025-05-12T23:25:33.588+0300][1043.567s][36520] GC(24775)       Merged Howl ArrayOfCards       Min: 0, Avg:  0.0, Max: 0, Diff: 0, Sum: 0, Workers: 2
[2025-05-12T23:25:33.588+0300][1043.567s][36520] GC(24775)       Merged Howl BitMap             Min: 0, Avg:  0.0, Max: 0, Diff: 0, Sum: 0, Workers: 2
[2025-05-12T23:25:33.588+0300][1043.567s][36520] GC(24775)       Merged Howl Full               Min: 0, Avg:  0.0, Max: 0, Diff: 0, Sum: 0, Workers: 2
[2025-05-12T23:25:33.588+0300][1043.567s][36520] GC(24775)       Merged Cards                   Min: 8, Avg:  8.0, Max: 8, Diff: 0, Sum: 16, Workers: 2
[2025-05-12T23:25:33.588+0300][1043.567s][36520] GC(24775)     Log Buffers (ms):              Min:  0.0, Avg:  0.0, Max:  0.0, Diff:  0.0, Sum:  0.0, Workers: 2
[2025-05-12T23:25:33.588+0300][1043.567s][36520] GC(24775)       Dirty Cards:                   Min: 16, Avg: 45.0, Max: 74, Diff: 58, Sum: 90, Workers: 2
[2025-05-12T23:25:33.588+0300][1043.567s][36520] GC(24775)       Skipped Cards:                 Min: 0, Avg:  0.0, Max: 0, Diff: 0, Sum: 0, Workers: 2
[2025-05-12T23:25:33.588+0300][1043.567s][36520] GC(24775)   Evacuate Collection Set: 0.4ms
[2025-05-12T23:25:33.588+0300][1043.567s][36520] GC(24775)     Ext Root Scanning (ms):        Min:  0.1, Avg:  0.2, Max:  0.2, Diff:  0.0, Sum:  0.3, Workers: 2
[2025-05-12T23:25:33.588+0300][1043.567s][36520] GC(24775)     Scan Heap Roots (ms):          Min:  0.0, Avg:  0.0, Max:  0.0, Diff:  0.0, Sum:  0.1, Workers: 2
[2025-05-12T23:25:33.588+0300][1043.567s][36520] GC(24775)       Scanned Cards:                 Min: 39, Avg: 45.0, Max: 51, Diff: 12, Sum: 90, Workers: 2
[2025-05-12T23:25:33.588+0300][1043.567s][36520] GC(24775)       Scanned Blocks:                Min: 24, Avg: 29.5, Max: 35, Diff: 11, Sum: 59, Workers: 2
[2025-05-12T23:25:33.588+0300][1043.567s][36520] GC(24775)       Claimed Chunks:                Min: 10, Avg: 15.5, Max: 21, Diff: 11, Sum: 31, Workers: 2
[2025-05-12T23:25:33.588+0300][1043.567s][36520] GC(24775)       Found Roots:                   Min: 43, Avg: 58.0, Max: 73, Diff: 30, Sum: 116, Workers: 2
[2025-05-12T23:25:33.588+0300][1043.567s][36520] GC(24775)     Code Root Scan (ms):           Min:  0.0, Avg:  0.0, Max:  0.0, Diff:  0.0, Sum:  0.0, Workers: 2
[2025-05-12T23:25:33.588+0300][1043.567s][36520] GC(24775)     Object Copy (ms):              Min:  0.2, Avg:  0.2, Max:  0.2, Diff:  0.0, Sum:  0.4, Workers: 2
[2025-05-12T23:25:33.588+0300][1043.567s][36520] GC(24775)     Termination (ms):              Min:  0.0, Avg:  0.0, Max:  0.0, Diff:  0.0, Sum:  0.0, Workers: 2
[2025-05-12T23:25:33.588+0300][1043.567s][36520] GC(24775)       Termination Attempts:          Min: 1, Avg:  1.0, Max: 1, Diff: 0, Sum: 2, Workers: 2
[2025-05-12T23:25:33.588+0300][1043.567s][36520] GC(24775)     GC Worker Other (ms):          Min:  0.0, Avg:  0.0, Max:  0.0, Diff:  0.0, Sum:  0.0, Workers: 2
[2025-05-12T23:25:33.588+0300][1043.567s][36520] GC(24775)     GC Worker Total (ms):          Min:  0.4, Avg:  0.4, Max:  0.4, Diff:  0.0, Sum:  0.8, Workers: 2
[2025-05-12T23:25:33.588+0300][1043.567s][36520] GC(24775)   Post Evacuate Collection Set: 0.4ms
[2025-05-12T23:25:33.588+0300][1043.567s][36520] GC(24775)     NMethod List Cleanup: 0.0ms
[2025-05-12T23:25:33.588+0300][1043.567s][36520] GC(24775)     Reference Processing: 0.1ms
[2025-05-12T23:25:33.588+0300][1043.567s][36520] GC(24775)       Notify Soft/WeakReferences: 0.0ms
[2025-05-12T23:25:33.588+0300][1043.567s][36520] GC(24775)         SoftRef (ms):                  Min:  0.0, Avg:  0.0, Max:  0.0, Diff:  0.0, Sum:  0.0, Workers: 1
[2025-05-12T23:25:33.588+0300][1043.567s][36520] GC(24775)         WeakRef (ms):                  Min:  0.0, Avg:  0.0, Max:  0.0, Diff:  0.0, Sum:  0.0, Workers: 1
[2025-05-12T23:25:33.588+0300][1043.567s][36520] GC(24775)         FinalRef (ms):                 Min:  0.0, Avg:  0.0, Max:  0.0, Diff:  0.0, Sum:  0.0, Workers: 1
[2025-05-12T23:25:33.588+0300][1043.567s][36520] GC(24775)         Total (ms):                    Min:  0.0, Avg:  0.0, Max:  0.0, Diff:  0.0, Sum:  0.0, Workers: 1
[2025-05-12T23:25:33.588+0300][1043.567s][36520] GC(24775)       Notify and keep alive finalizable: 0.0ms
[2025-05-12T23:25:33.588+0300][1043.567s][36520] GC(24775)         FinalRef (ms):                 skipped
[2025-05-12T23:25:33.588+0300][1043.567s][36520] GC(24775)       Notify PhantomReferences: 0.0ms
[2025-05-12T23:25:33.588+0300][1043.567s][36520] GC(24775)         PhantomRef (ms):               skipped
[2025-05-12T23:25:33.588+0300][1043.567s][36520] GC(24775)       SoftReference Discovered: 0, Dropped: 0, Processed: 0
[2025-05-12T23:25:33.588+0300][1043.567s][36520] GC(24775)       WeakReference Discovered: 34, Dropped: 11, Processed: 23
[2025-05-12T23:25:33.588+0300][1043.567s][36520] GC(24775)       FinalReference Discovered: 0, Dropped: 0, Processed: 0
[2025-05-12T23:25:33.588+0300][1043.567s][36520] GC(24775)       PhantomReference Discovered: 0, Dropped: 0, Processed: 0
[2025-05-12T23:25:33.588+0300][1043.567s][36520] GC(24775)     Weak Processing: 0.1ms
[2025-05-12T23:25:33.588+0300][1043.567s][36520] GC(24775)       VM Weak                        Min:  0.0, Avg:  0.0, Max:  0.0, Diff:  0.0, Sum:  0.0, Workers: 10
[2025-05-12T23:25:33.588+0300][1043.567s][36520] GC(24775)         Dead                           Min: 0, Avg:  0.0, Max: 0, Diff: 0, Sum: 0, Workers: 10
[2025-05-12T23:25:33.588+0300][1043.567s][36520] GC(24775)         Total                          Min: 0, Avg:  6.6, Max: 60, Diff: 60, Sum: 66, Workers: 10
[2025-05-12T23:25:33.588+0300][1043.567s][36520] GC(24775)       ObjectSynchronizer Weak        Min:  0.0, Avg:  0.0, Max:  0.0, Diff:  0.0, Sum:  0.0, Workers: 10
[2025-05-12T23:25:33.588+0300][1043.567s][36520] GC(24775)         Dead                           Min: 0, Avg:  0.0, Max: 0, Diff: 0, Sum: 0, Workers: 10
[2025-05-12T23:25:33.588+0300][1043.567s][36520] GC(24775)         Total                          Min: 0, Avg:  0.1, Max: 1, Diff: 1, Sum: 1, Workers: 10
[2025-05-12T23:25:33.588+0300][1043.567s][36520] GC(24775)       JVMTI Tag Weak OopStorage      Min:  0.1, Avg:  0.1, Max:  0.1, Diff:  0.0, Sum:  0.6, Workers: 10
[2025-05-12T23:25:33.588+0300][1043.567s][36520] GC(24775)         Dead                           Min: 0, Avg:  0.0, Max: 0, Diff: 0, Sum: 0, Workers: 10
[2025-05-12T23:25:33.588+0300][1043.567s][36520] GC(24775)         Total                          Min: 5953, Avg: 6289.8, Max: 7190, Diff: 1237, Sum: 62898, Workers: 10
[2025-05-12T23:25:33.588+0300][1043.567s][36520] GC(24775)       StringTable Weak               Min:  0.0, Avg:  0.0, Max:  0.0, Diff:  0.0, Sum:  0.2, Workers: 10
[2025-05-12T23:25:33.588+0300][1043.567s][36520] GC(24775)         Dead                           Min: 0, Avg:  0.0, Max: 0, Diff: 0, Sum: 0, Workers: 10
[2025-05-12T23:25:33.588+0300][1043.567s][36520] GC(24775)         Total                          Min: 3456, Avg: 3952.9, Max: 4288, Diff: 832, Sum: 39529, Workers: 10
[2025-05-12T23:25:33.588+0300][1043.567s][36520] GC(24775)       ResolvedMethodTable Weak       Min:  0.0, Avg:  0.0, Max:  0.0, Diff:  0.0, Sum:  0.0, Workers: 10
[2025-05-12T23:25:33.588+0300][1043.567s][36520] GC(24775)         Dead                           Min: 0, Avg:  0.0, Max: 0, Diff: 0, Sum: 0, Workers: 10
[2025-05-12T23:25:33.588+0300][1043.567s][36520] GC(24775)         Total                          Min: 0, Avg: 75.6, Max: 128, Diff: 128, Sum: 756, Workers: 10
[2025-05-12T23:25:33.588+0300][1043.567s][36520] GC(24775)       JNI Weak                       Min:  0.0, Avg:  0.0, Max:  0.0, Diff:  0.0, Sum:  0.0, Workers: 10
[2025-05-12T23:25:33.588+0300][1043.567s][36520] GC(24775)         Dead                           Min: 0, Avg:  0.0, Max: 0, Diff: 0, Sum: 0, Workers: 10
[2025-05-12T23:25:33.588+0300][1043.567s][36520] GC(24775)         Total                          Min: 0, Avg:  1.1, Max: 11, Diff: 11, Sum: 11, Workers: 10
[2025-05-12T23:25:33.588+0300][1043.567s][36520] GC(24775)       StringDedup Table Weak         Min:  0.0, Avg:  0.0, Max:  0.0, Diff:  0.0, Sum:  0.0, Workers: 10
[2025-05-12T23:25:33.588+0300][1043.567s][36520] GC(24775)         Dead                           Min: 0, Avg:  0.0, Max: 0, Diff: 0, Sum: 0, Workers: 10
[2025-05-12T23:25:33.588+0300][1043.567s][36520] GC(24775)         Total                          Min: 0, Avg:  0.0, Max: 0, Diff: 0, Sum: 0, Workers: 10
[2025-05-12T23:25:33.588+0300][1043.567s][36520] GC(24775)       StringDedup Requests0 Weak     Min:  0.0, Avg:  0.0, Max:  0.0, Diff:  0.0, Sum:  0.0, Workers: 10
[2025-05-12T23:25:33.588+0300][1043.567s][36520] GC(24775)         Dead                           Min: 0, Avg:  0.0, Max: 0, Diff: 0, Sum: 0, Workers: 10
[2025-05-12T23:25:33.588+0300][1043.567s][36520] GC(24775)         Total                          Min: 0, Avg:  0.0, Max: 0, Diff: 0, Sum: 0, Workers: 10
[2025-05-12T23:25:33.588+0300][1043.567s][36520] GC(24775)       StringDedup Requests1 Weak     Min:  0.0, Avg:  0.0, Max:  0.0, Diff:  0.0, Sum:  0.0, Workers: 10
[2025-05-12T23:25:33.588+0300][1043.567s][36520] GC(24775)         Dead                           Min: 0, Avg:  0.0, Max: 0, Diff: 0, Sum: 0, Workers: 10
[2025-05-12T23:25:33.588+0300][1043.567s][36520] GC(24775)         Total                          Min: 0, Avg:  0.0, Max: 0, Diff: 0, Sum: 0, Workers: 10
[2025-05-12T23:25:33.588+0300][1043.567s][36520] GC(24775)       Weak JFR Old Object Samples    Min:  0.0, Avg:  0.0, Max:  0.0, Diff:  0.0, Sum:  0.0, Workers: 10
[2025-05-12T23:25:33.588+0300][1043.567s][36520] GC(24775)         Dead                           Min: 0, Avg:  0.0, Max: 0, Diff: 0, Sum: 0, Workers: 10
[2025-05-12T23:25:33.588+0300][1043.567s][36520] GC(24775)         Total                          Min: 0, Avg:  0.0, Max: 0, Diff: 0, Sum: 0, Workers: 10
[2025-05-12T23:25:33.589+0300][1043.567s][36520] GC(24775)     Post Evacuate Cleanup 1: 0.1ms
[2025-05-12T23:25:33.589+0300][1043.567s][36520] GC(24775)       Merge Per-Thread State (ms):   Min:  0.0, Avg:  0.0, Max:  0.0, Diff:  0.0, Sum:  0.0, Workers: 1
[2025-05-12T23:25:33.589+0300][1043.567s][36520] GC(24775)         Copied Bytes                   Min: 0, Avg:  0.0, Max: 0, Diff: 0, Sum: 0, Workers: 2
[2025-05-12T23:25:33.589+0300][1043.567s][36520] GC(24775)         LAB Waste                      Min: 0, Avg:  0.0, Max: 0, Diff: 0, Sum: 0, Workers: 2
[2025-05-12T23:25:33.589+0300][1043.567s][36520] GC(24775)         LAB Undo Waste                 Min: 0, Avg:  0.0, Max: 0, Diff: 0, Sum: 0, Workers: 2
[2025-05-12T23:25:33.589+0300][1043.567s][36520] GC(24775)       Clear Logged Cards (ms):       Min:  0.0, Avg:  0.0, Max:  0.0, Diff:  0.0, Sum:  0.0, Workers: 2
[2025-05-12T23:25:33.589+0300][1043.567s][36520] GC(24775)       Recalculate Used Memory (ms):  Min:  0.0, Avg:  0.0, Max:  0.0, Diff:  0.0, Sum:  0.0, Workers: 1
[2025-05-12T23:25:33.589+0300][1043.567s][36520] GC(24775)       Restore Retained Regions (ms): Min:  0.1, Avg:  0.1, Max:  0.1, Diff:  0.0, Sum:  0.1, Workers: 2
[2025-05-12T23:25:33.589+0300][1043.567s][36520] GC(24775)         Evacuation Failure Regions:    Min: 1, Avg:  1.0, Max: 1, Diff: 0, Sum: 1, Workers: 1
[2025-05-12T23:25:33.589+0300][1043.567s][36520] GC(24775)         Remove Self Forwards (ms):     Min:  0.1, Avg:  0.1, Max:  0.1, Diff:  0.0, Sum:  0.1, Workers: 2
[2025-05-12T23:25:33.589+0300][1043.567s][36520] GC(24775)           Forward Chunks:                Min: 26, Avg: 29.0, Max: 32, Diff: 6, Sum: 58, Workers: 2
[2025-05-12T23:25:33.589+0300][1043.567s][36520] GC(24775)           Empty Forward Chunks:          Min: 1, Avg:  3.0, Max: 5, Diff: 4, Sum: 6, Workers: 2
[2025-05-12T23:25:33.589+0300][1043.567s][36520] GC(24775)           Forward Objects:               Min: 1990, Avg: 2129.0, Max: 2268, Diff: 278, Sum: 4258, Workers: 2
[2025-05-12T23:25:33.589+0300][1043.567s][36520] GC(24775)           Forward Bytes:                 Min: 93912, Avg: 110468.0, Max: 127024, Diff: 33112, Sum: 220936, Workers: 2
[2025-05-12T23:25:33.589+0300][1043.567s][36520] GC(24775)     Post Evacuate Cleanup 2: 0.0ms
[2025-05-12T23:25:33.589+0300][1043.567s][36520] GC(24775)       Recalculate Used Memory (ms):  Min:  0.0, Avg:  0.0, Max:  0.0, Diff:  0.0, Sum:  0.0, Workers: 1
[2025-05-12T23:25:33.589+0300][1043.567s][36520] GC(24775)       Restore Preserved Marks (ms):  Min:  0.0, Avg:  0.0, Max:  0.0, Diff:  0.0, Sum:  0.0, Workers: 2
[2025-05-12T23:25:33.589+0300][1043.567s][36520] GC(24775)       Clear Retained Region Bitmaps (ms): skipped
[2025-05-12T23:25:33.589+0300][1043.567s][36520] GC(24775)       Update Derived Pointers (ms):  Min:  0.0, Avg:  0.0, Max:  0.0, Diff:  0.0, Sum:  0.0, Workers: 1
[2025-05-12T23:25:33.589+0300][1043.567s][36520] GC(24775)       Eagerly Reclaim Humongous Objects (ms): skipped
[2025-05-12T23:25:33.589+0300][1043.567s][36520] GC(24775)         Humongous Total                skipped
[2025-05-12T23:25:33.589+0300][1043.567s][36520] GC(24775)         Humongous Candidates           skipped
[2025-05-12T23:25:33.589+0300][1043.567s][36520] GC(24775)         Humongous Reclaimed            skipped
[2025-05-12T23:25:33.589+0300][1043.567s][36520] GC(24775)       Redirty Logged Cards (ms):     Min:  0.0, Avg:  0.0, Max:  0.0, Diff:  0.0, Sum:  0.0, Workers: 2
[2025-05-12T23:25:33.589+0300][1043.567s][36520] GC(24775)         Redirtied Cards:               Min: 0, Avg:  0.0, Max: 0, Diff: 0, Sum: 0, Workers: 2
[2025-05-12T23:25:33.589+0300][1043.567s][36520] GC(24775)       Resize TLABs (ms):             Min:  0.0, Avg:  0.0, Max:  0.0, Diff:  0.0, Sum:  0.0, Workers: 2
[2025-05-12T23:25:33.589+0300][1043.567s][36520] GC(24775)       Free Collection Set (ms):      Min:  0.0, Avg:  0.0, Max:  0.0, Diff:  0.0, Sum:  0.0, Workers: 2
[2025-05-12T23:25:33.589+0300][1043.567s][36520] GC(24775)     Rebuild Free List: 0.0ms
[2025-05-12T23:25:33.589+0300][1043.567s][36520] GC(24775)     Prepare For Mutator: 0.1ms
[2025-05-12T23:25:33.589+0300][1043.568s][36520] GC(24775)     Expand Heap After Collection: 0.0ms
[2025-05-12T23:25:33.589+0300][1043.568s][36520] GC(24775)   Other: 0.2ms
[2025-05-12T23:25:33.589+0300][1043.568s][36520] GC(24775) Coarsening (recent): Inline->AoC 0 (0) AoC->Howl 0 (0) Howl->Full 0 (0) Inline->AoC 0 (0) AoC->BitMap 0 (0) BitMap->Full 0 (0) 
[2025-05-12T23:25:33.589+0300][1043.568s][36520] GC(24775) Coarsening (all): Inline->AoC 10920 (0) AoC->Howl 7731 (0) Howl->Full 0 (0) Inline->AoC 10809 (0) AoC->BitMap 7399 (0) BitMap->Full 0 (0) 
[2025-05-12T23:25:33.589+0300][1043.568s][36520] GC(24775) Eden regions: 1->0(0)
[2025-05-12T23:25:33.589+0300][1043.568s][36520] GC(24775) Survivor regions: 0->0(0)
[2025-05-12T23:25:33.589+0300][1043.568s][36520] GC(24775) Old regions: 11->12
[2025-05-12T23:25:33.589+0300][1043.568s][36520] GC(24775) Humongous regions: 0->0
[2025-05-12T23:25:33.589+0300][1043.568s][36520] GC(24775) Metaspace: 10757K(12736K)->10757K(12736K) NonClass: 9682K(11328K)->9682K(11328K) Class: 1075K(1408K)->1075K(1408K)
[2025-05-12T23:25:33.589+0300][1043.568s][36520] GC(24775) Heap after GC invocations=21226 (full 7119):
[2025-05-12T23:25:33.589+0300][1043.568s][36520] GC(24775)  garbage-first heap   total 12288K, used 12197K [0x00000000ff400000, 0x0000000100000000)
[2025-05-12T23:25:33.589+0300][1043.568s][36520] GC(24775)   region size 1024K, 0 young (0K), 0 survivors (0K)
[2025-05-12T23:25:33.589+0300][1043.568s][36520] GC(24775)  Metaspace       used 10757K, committed 12736K, reserved 1114112K
[2025-05-12T23:25:33.589+0300][1043.568s][36520] GC(24775)   class space    used 1075K, committed 1408K, reserved 1048576K
[2025-05-12T23:25:33.589+0300][1043.568s][36520] GC(24775) Pause Young (Concurrent Start) (G1 Evacuation Pause) (Evacuation Failure) 11M->11M(12M) 2.428ms
[2025-05-12T23:25:33.589+0300][1043.568s][36520] GC(24775) User=0.00s Sys=0.00s Real=0.00s
[2025-05-12T23:25:33.589+0300][1043.568s][34628] GC(24776) Concurrent Mark Cycle
[2025-05-12T23:25:33.589+0300][1043.568s][36520] Attempt heap expansion (allocation request failed). Allocation request: 2048B
[2025-05-12T23:25:33.589+0300][1043.568s][34628] GC(24776) Concurrent Scan Root Regions
[2025-05-12T23:25:33.589+0300][1043.568s][36520] Expand the heap. requested expansion amount: 1048576B expansion amount: 1048576B
[2025-05-12T23:25:33.589+0300][1043.568s][34628] GC(24776) Concurrent Scan Root Regions 0.037ms
[2025-05-12T23:25:33.589+0300][1043.568s][36520] Did not expand the heap (heap already fully expanded)
[2025-05-12T23:25:33.589+0300][1043.568s][34628] GC(24776) Concurrent Mark
[2025-05-12T23:25:33.589+0300][1043.568s][36520] Attempting full compaction
[2025-05-12T23:25:33.589+0300][1043.568s][34628] GC(24776) Concurrent Mark From Roots
[2025-05-12T23:25:33.589+0300][1043.568s][36520] GC(24777) Pause Full (G1 Compaction Pause)
[2025-05-12T23:25:33.589+0300][1043.568s][34628] GC(24776) Using 3 workers of 3 for marking
[2025-05-12T23:25:33.589+0300][1043.568s][36520] GC(24777) Heap before GC invocations=21226 (full 7119):
[2025-05-12T23:25:33.589+0300][1043.568s][36520] GC(24777)  garbage-first heap   total 12288K, used 12197K [0x00000000ff400000, 0x0000000100000000)
[2025-05-12T23:25:33.589+0300][1043.568s][36520] GC(24777)   region size 1024K, 0 young (0K), 0 survivors (0K)
[2025-05-12T23:25:33.589+0300][1043.568s][36520] GC(24777)  Metaspace       used 10757K, committed 12736K, reserved 1114112K
[2025-05-12T23:25:33.589+0300][1043.568s][36520] GC(24777)   class space    used 1075K, committed 1408K, reserved 1048576K
[2025-05-12T23:25:33.589+0300][1043.568s][36520] GC(24777) Requesting 1 active workers for full compaction (waste limited workers: 1, adaptive workers: 2, used limited workers: 12)
[2025-05-12T23:25:33.589+0300][1043.568s][36520] GC(24777) Using 1 workers of 10 for full compaction
[2025-05-12T23:25:33.589+0300][1043.568s][36520] GC(24777) Clear Bitmap
[2025-05-12T23:25:33.589+0300][1043.568s][36520] GC(24777) Running G1 Clear Bitmap with 1 workers for 1 work units.
[2025-05-12T23:25:33.589+0300][1043.568s][36520] GC(24777) Clear Bitmap 0.048ms
[2025-05-12T23:25:33.589+0300][1043.568s][36520] GC(24777) Mutator Allocation stats, regions: 0, wasted size: 0B ( 0.0%)
[2025-05-12T23:25:33.589+0300][1043.568s][36520] GC(24777) Phase 1: Mark live objects
[2025-05-12T23:25:33.596+0300][1043.575s][36520] GC(24777) Phase 1: Reference Processing
[2025-05-12T23:25:33.596+0300][1043.575s][36520] GC(24777) ReferenceProcessor::execute queues: 1, RefProcThreadModel::Single, marks_oops_alive: false
[2025-05-12T23:25:33.596+0300][1043.575s][36520] GC(24777) Skipped KeepAliveFinalRefsPhase of Reference Processing: no references
[2025-05-12T23:25:33.596+0300][1043.575s][36520] GC(24777) ReferenceProcessor::execute queues: 1, RefProcThreadModel::Single, marks_oops_alive: false
[2025-05-12T23:25:33.596+0300][1043.575s][36520] GC(24777) Reference Processing: 0.0ms
[2025-05-12T23:25:33.596+0300][1043.575s][36520] GC(24777)   Notify Soft/WeakReferences: 0.0ms
[2025-05-12T23:25:33.596+0300][1043.575s][36520] GC(24777)     SoftRef: 0.0ms
[2025-05-12T23:25:33.596+0300][1043.575s][36520] GC(24777)     WeakRef: 0.0ms
[2025-05-12T23:25:33.596+0300][1043.575s][36520] GC(24777)     FinalRef: 0.0ms
[2025-05-12T23:25:33.596+0300][1043.575s][36520] GC(24777)     Total: 0.0ms
[2025-05-12T23:25:33.596+0300][1043.575s][36520] GC(24777)   Notify and keep alive finalizable: 0.0ms
[2025-05-12T23:25:33.596+0300][1043.575s][36520] GC(24777)     FinalRef: skipped
[2025-05-12T23:25:33.596+0300][1043.575s][36520] GC(24777)   Notify PhantomReferences: 0.0ms
[2025-05-12T23:25:33.596+0300][1043.575s][36520] GC(24777)     PhantomRef: 0.0ms
[2025-05-12T23:25:33.596+0300][1043.575s][36520] GC(24777)   SoftReference Discovered: 47, Dropped: 4, Processed: 43
[2025-05-12T23:25:33.597+0300][1043.575s][36520] GC(24777)   WeakReference Discovered: 32, Dropped: 13, Processed: 19
[2025-05-12T23:25:33.597+0300][1043.575s][36520] GC(24777)   FinalReference Discovered: 0, Dropped: 0, Processed: 0
[2025-05-12T23:25:33.597+0300][1043.575s][36520] GC(24777)   PhantomReference Discovered: 23, Dropped: 23, Processed: 0
[2025-05-12T23:25:33.597+0300][1043.575s][36520] GC(24777) Phase 1: Reference Processing 0.215ms
[2025-05-12T23:25:33.597+0300][1043.575s][36520] GC(24777) Phase 1: Weak Processing
[2025-05-12T23:25:33.597+0300][1043.575s][36520] GC(24777)   VM Weak                        Min:  0.0, Avg:  0.0, Max:  0.0, Diff:  0.0, Sum:  0.0, Workers: 10
[2025-05-12T23:25:33.597+0300][1043.575s][36520] GC(24777)     Dead                           Min: 0, Avg:  1.8, Max: 18, Diff: 18, Sum: 18, Workers: 10
[2025-05-12T23:25:33.597+0300][1043.575s][36520] GC(24777)     Total                          Min: 0, Avg:  6.6, Max: 63, Diff: 63, Sum: 66, Workers: 10
[2025-05-12T23:25:33.597+0300][1043.575s][36520] GC(24777)   ObjectSynchronizer Weak        Min:  0.0, Avg:  0.0, Max:  0.0, Diff:  0.0, Sum:  0.0, Workers: 10
[2025-05-12T23:25:33.597+0300][1043.575s][36520] GC(24777)     Dead                           Min: 0, Avg:  0.0, Max: 0, Diff: 0, Sum: 0, Workers: 10
[2025-05-12T23:25:33.597+0300][1043.576s][36520] GC(24777)     Total                          Min: 0, Avg:  0.1, Max: 1, Diff: 1, Sum: 1, Workers: 10
[2025-05-12T23:25:33.597+0300][1043.576s][36520] GC(24777)   JVMTI Tag Weak OopStorage      Min:  0.1, Avg:  0.1, Max:  0.1, Diff:  0.0, Sum:  0.5, Workers: 10
[2025-05-12T23:25:33.597+0300][1043.576s][36520] GC(24777)     Dead                           Min: 0, Avg:  1.8, Max: 18, Diff: 18, Sum: 18, Workers: 10
[2025-05-12T23:25:33.597+0300][1043.576s][36520] GC(24777)     Total                          Min: 5959, Avg: 6289.8, Max: 7327, Diff: 1368, Sum: 62898, Workers: 10
[2025-05-12T23:25:33.597+0300][1043.576s][36520] GC(24777)   StringTable Weak               Min:  0.0, Avg:  0.0, Max:  0.0, Diff:  0.0, Sum:  0.2, Workers: 10
[2025-05-12T23:25:33.597+0300][1043.576s][36520] GC(24777)     Dead                           Min: 0, Avg:  6.8, Max: 26, Diff: 26, Sum: 68, Workers: 10
[2025-05-12T23:25:33.597+0300][1043.576s][36520] GC(24777)     Total                          Min: 3456, Avg: 3952.9, Max: 4352, Diff: 896, Sum: 39529, Workers: 10
[2025-05-12T23:25:33.597+0300][1043.576s][36520] GC(24777)   ResolvedMethodTable Weak       Min:  0.0, Avg:  0.0, Max:  0.0, Diff:  0.0, Sum:  0.0, Workers: 10
[2025-05-12T23:25:33.597+0300][1043.576s][36520] GC(24777)     Dead                           Min: 0, Avg:  3.5, Max: 25, Diff: 25, Sum: 35, Workers: 10
[2025-05-12T23:25:33.597+0300][1043.576s][36520] GC(24777)     Total                          Min: 0, Avg: 75.6, Max: 128, Diff: 128, Sum: 756, Workers: 10
[2025-05-12T23:25:33.597+0300][1043.576s][36520] GC(24777)   JNI Weak                       Min:  0.0, Avg:  0.0, Max:  0.0, Diff:  0.0, Sum:  0.0, Workers: 10
[2025-05-12T23:25:33.597+0300][1043.576s][36520] GC(24777)     Dead                           Min: 0, Avg:  0.0, Max: 0, Diff: 0, Sum: 0, Workers: 10
[2025-05-12T23:25:33.597+0300][1043.576s][36520] GC(24777)     Total                          Min: 0, Avg:  1.1, Max: 11, Diff: 11, Sum: 11, Workers: 10
[2025-05-12T23:25:33.597+0300][1043.576s][36520] GC(24777)   StringDedup Table Weak         Min:  0.0, Avg:  0.0, Max:  0.0, Diff:  0.0, Sum:  0.0, Workers: 10
[2025-05-12T23:25:33.597+0300][1043.576s][36520] GC(24777)     Dead                           Min: 0, Avg:  0.0, Max: 0, Diff: 0, Sum: 0, Workers: 10
[2025-05-12T23:25:33.597+0300][1043.576s][36520] GC(24777)     Total                          Min: 0, Avg:  0.0, Max: 0, Diff: 0, Sum: 0, Workers: 10
[2025-05-12T23:25:33.597+0300][1043.576s][36520] GC(24777)   StringDedup Requests0 Weak     Min:  0.0, Avg:  0.0, Max:  0.0, Diff:  0.0, Sum:  0.0, Workers: 10
[2025-05-12T23:25:33.597+0300][1043.576s][36520] GC(24777)     Dead                           Min: 0, Avg:  0.0, Max: 0, Diff: 0, Sum: 0, Workers: 10
[2025-05-12T23:25:33.597+0300][1043.576s][36520] GC(24777)     Total                          Min: 0, Avg:  0.0, Max: 0, Diff: 0, Sum: 0, Workers: 10
[2025-05-12T23:25:33.597+0300][1043.576s][36520] GC(24777)   StringDedup Requests1 Weak     Min:  0.0, Avg:  0.0, Max:  0.0, Diff:  0.0, Sum:  0.0, Workers: 10
[2025-05-12T23:25:33.597+0300][1043.576s][36520] GC(24777)     Dead                           Min: 0, Avg:  0.0, Max: 0, Diff: 0, Sum: 0, Workers: 10
[2025-05-12T23:25:33.597+0300][1043.576s][36520] GC(24777)     Total                          Min: 0, Avg:  0.0, Max: 0, Diff: 0, Sum: 0, Workers: 10
[2025-05-12T23:25:33.597+0300][1043.576s][36520] GC(24777)   Weak JFR Old Object Samples    Min:  0.0, Avg:  0.0, Max:  0.0, Diff:  0.0, Sum:  0.0, Workers: 10
[2025-05-12T23:25:33.597+0300][1043.576s][36520] GC(24777)     Dead                           Min: 0, Avg:  0.0, Max: 0, Diff: 0, Sum: 0, Workers: 10
[2025-05-12T23:25:33.597+0300][1043.576s][36520] GC(24777)     Total                          Min: 0, Avg:  0.0, Max: 0, Diff: 0, Sum: 0, Workers: 10
[2025-05-12T23:25:33.597+0300][1043.576s][36520] GC(24777) Phase 1: Weak Processing 0.463ms
[2025-05-12T23:25:33.597+0300][1043.576s][36520] GC(24777) Phase 1: Class Unloading and Cleanup
[2025-05-12T23:25:33.597+0300][1043.576s][36520] GC(24777) ClassLoaderData
[2025-05-12T23:25:33.597+0300][1043.576s][36520] GC(24777) ClassLoaderData 0.062ms
[2025-05-12T23:25:33.597+0300][1043.576s][36520] GC(24777) Trigger cleanups
[2025-05-12T23:25:33.597+0300][1043.576s][36520] GC(24777) Trigger cleanups 0.009ms
[2025-05-12T23:25:33.601+0300][1043.580s][36520] GC(24777) Phase 1: Class Unloading and Cleanup 4.099ms
[2025-05-12T23:25:33.601+0300][1043.580s][36520] GC(24777) Report Object Count
[2025-05-12T23:25:33.601+0300][1043.580s][36520] GC(24777) Report Object Count 0.012ms
[2025-05-12T23:25:33.601+0300][1043.580s][36520] GC(24777) Phase 1: Mark live objects 11.858ms
[2025-05-12T23:25:33.601+0300][1043.580s][36520] GC(24777) Phase 2: Prepare compaction
[2025-05-12T23:25:33.601+0300][1043.580s][36520] GC(24777) Phase 2: Determine work lists
[2025-05-12T23:25:33.601+0300][1043.580s][36520] GC(24777) Phase 2: Determine work lists 0.010ms
[2025-05-12T23:25:33.601+0300][1043.580s][36520] GC(24777) Phase 2: Prepare parallel compaction
[2025-05-12T23:25:33.601+0300][1043.580s][36520] GC(24777) Phase 2: Prepare parallel compaction 0.191ms
[2025-05-12T23:25:33.601+0300][1043.580s][36520] GC(24777) Phase 2: Prepare compaction 0.239ms
[2025-05-12T23:25:33.601+0300][1043.580s][36520] GC(24777) Phase 3: Adjust pointers
[2025-05-12T23:25:33.605+0300][1043.584s][36520] GC(24777) Phase 3: Adjust pointers 4.204ms
[2025-05-12T23:25:33.605+0300][1043.584s][36520] GC(24777) Phase 4: Compact heap
[2025-05-12T23:25:33.606+0300][1043.585s][36520] GC(24777) Phase 4: Compact heap 0.167ms
[2025-05-12T23:25:33.606+0300][1043.585s][36520] GC(24777) Phase 5: Reset Metadata
[2025-05-12T23:25:33.607+0300][1043.586s][36520] GC(24777) Phase 5: Reset Metadata 1.348ms
[2025-05-12T23:25:33.607+0300][1043.586s][36520] GC(24777) Running G1 Clear Bitmap with 1 workers for 1 work units.
[2025-05-12T23:25:33.608+0300][1043.588s][36520] Old generation allocation in the last mutator period, old gen allocated: 0B, humongous allocated: 0B, old gen growth: 0B.
[2025-05-12T23:25:33.609+0300][1043.588s][36520] GC(24777) Coarsening (recent): Inline->AoC 0 (0) AoC->Howl 0 (0) Howl->Full 0 (0) Inline->AoC 0 (0) AoC->BitMap 0 (0) BitMap->Full 0 (0) 
[2025-05-12T23:25:33.609+0300][1043.588s][36520] GC(24777) Coarsening (all): Inline->AoC 10920 (0) AoC->Howl 7731 (0) Howl->Full 0 (0) Inline->AoC 10809 (0) AoC->BitMap 7399 (0) BitMap->Full 0 (0) 
[2025-05-12T23:25:33.609+0300][1043.588s][36520] GC(24777) Eden regions: 0->0(1)
[2025-05-12T23:25:33.609+0300][1043.588s][36520] GC(24777) Survivor regions: 0->0(0)
[2025-05-12T23:25:33.609+0300][1043.588s][36520] GC(24777) Old regions: 12->11
[2025-05-12T23:25:33.609+0300][1043.588s][36520] GC(24777) Humongous regions: 0->0
[2025-05-12T23:25:33.609+0300][1043.588s][36520] GC(24777) Metaspace: 10757K(12736K)->10722K(12736K) NonClass: 9682K(11328K)->9656K(11328K) Class: 1075K(1408K)->1066K(1408K)
[2025-05-12T23:25:33.609+0300][1043.588s][36520] GC(24777) Heap after GC invocations=21227 (full 7120):
[2025-05-12T23:25:33.609+0300][1043.588s][36520] GC(24777)  garbage-first heap   total 12288K, used 11259K [0x00000000ff400000, 0x0000000100000000)
[2025-05-12T23:25:33.609+0300][1043.588s][36520] GC(24777)   region size 1024K, 0 young (0K), 0 survivors (0K)
[2025-05-12T23:25:33.609+0300][1043.588s][36520] GC(24777)  Metaspace       used 10722K, committed 12736K, reserved 1114112K
[2025-05-12T23:25:33.609+0300][1043.588s][36520] GC(24777)   class space    used 1066K, committed 1408K, reserved 1048576K
[2025-05-12T23:25:33.609+0300][1043.588s][36520] GC(24777) Pause Full (G1 Compaction Pause) 11M->10M(12M) 19.955ms
[2025-05-12T23:25:33.609+0300][1043.588s][36520] GC(24777) User=0.00s Sys=0.00s Real=0.02s
[2025-05-12T23:25:33.609+0300][1043.588s][34628] ---------------------------------------------------------------------
[2025-05-12T23:25:33.609+0300][1043.588s][9340 ] G1 Service Thread (Card Set Free Memory Task) (run: 21.537ms) (cpu: 0.000ms)
[2025-05-12T23:25:33.609+0300][1043.588s][34628] Marking Stats, task = 0, calls = 0
[2025-05-12T23:25:33.609+0300][1043.588s][34628]   Elapsed time = 0.00ms, Termination time = 0.00ms
[2025-05-12T23:25:33.609+0300][1043.588s][34628]   Step Times (cum): num = 5369, avg = 0.16ms, sd = 1.55ms max = 16.00ms, total = 833.00ms
[2025-05-12T23:25:33.609+0300][1043.588s][34628]   Mark Stats Cache: hits 2385 misses 0 ratio 100.000
[2025-05-12T23:25:33.609+0300][1043.588s][34628] ---------------------------------------------------------------------
[2025-05-12T23:25:33.609+0300][1043.588s][34628] Marking Stats, task = 1, calls = 0
[2025-05-12T23:25:33.609+0300][1043.588s][34628]   Elapsed time = 0.00ms, Termination time = 0.00ms
[2025-05-12T23:25:33.609+0300][1043.588s][34628]   Step Times (cum): num = 13793, avg = 0.02ms, sd = 0.58ms max = 16.00ms, total = 296.00ms
[2025-05-12T23:25:33.609+0300][1043.588s][34628]   Mark Stats Cache: hits 5085 misses 0 ratio 100.000
[2025-05-12T23:25:33.609+0300][1043.588s][34628] ---------------------------------------------------------------------
[2025-05-12T23:25:33.609+0300][1043.588s][34628] Marking Stats, task = 2, calls = 0
[2025-05-12T23:25:33.609+0300][1043.588s][34628]   Elapsed time = 0.00ms, Termination time = 0.00ms
[2025-05-12T23:25:33.609+0300][1043.588s][34628]   Step Times (cum): num = 13231, avg = 0.02ms, sd = 0.61ms max = 16.00ms, total = 313.00ms
[2025-05-12T23:25:33.609+0300][1043.588s][34628]   Mark Stats Cache: hits 0 misses 0 ratio 0.000
[2025-05-12T23:25:33.609+0300][1043.588s][34628] ---------------------------------------------------------------------
[2025-05-12T23:25:33.609+0300][1043.588s][34628] GC(24776) Concurrent Mark From Roots 20.245ms
[2025-05-12T23:25:33.609+0300][1043.588s][34628] GC(24776) Concurrent Mark Abort
[2025-05-12T23:25:33.609+0300][1043.588s][34628] GC(24776) Concurrent Mark Cycle 20.425ms
[2025-05-12T23:25:33.635+0300][1043.614s][36520] GC(24778) Pause Young (Normal) (G1 Evacuation Pause)
[2025-05-12T23:25:33.635+0300][1043.615s][36520] GC(24778) Heap before GC invocations=21227 (full 7120):
[2025-05-12T23:25:33.635+0300][1043.615s][36520] GC(24778)  garbage-first heap   total 12288K, used 12283K [0x00000000ff400000, 0x0000000100000000)
[2025-05-12T23:25:33.635+0300][1043.615s][36520] GC(24778)   region size 1024K, 1 young (1024K), 0 survivors (0K)
[2025-05-12T23:25:33.635+0300][1043.615s][36520] GC(24778)  Metaspace       used 10759K, committed 12736K, reserved 1114112K
[2025-05-12T23:25:33.635+0300][1043.615s][36520] GC(24778)   class space    used 1076K, committed 1408K, reserved 1048576K
[2025-05-12T23:25:33.635+0300][1043.615s][36520] GC(24778) Using 2 workers of 10 for evacuation
[2025-05-12T23:25:33.635+0300][1043.615s][36520] GC(24778) Desired survivor size 524288 bytes, new threshold 15 (max threshold 15)
[2025-05-12T23:25:33.635+0300][1043.615s][36520] GC(24778) TLAB totals: thrds: 1  refills: 317 max: 317 slow allocs: 151 max 151 waste: 22.1% gc: 624B max: 624B slow: 188864B max: 188864B
[2025-05-12T23:25:33.635+0300][1043.615s][36520] GC(24778) Mutator refinement: 0.00ms, refined: 0, precleaned: 0, dirtied: 101
[2025-05-12T23:25:33.635+0300][1043.615s][36520] GC(24778) Concurrent refinement: 0.00ms, refined: 0, precleaned: 0, dirtied: 0
[2025-05-12T23:25:33.635+0300][1043.615s][36520] GC(24778) Total refinement: 0.00ms, refined: 0, precleaned: 0, dirtied: 101
[2025-05-12T23:25:33.635+0300][1043.615s][36520] GC(24778) Generate dirty cards rate: 3.73 cards/ms
[2025-05-12T23:25:33.635+0300][1043.615s][36520] GC(24778) Mutator Allocation stats, regions: 1, wasted size: 0B ( 0.0%)
[2025-05-12T23:25:33.635+0300][1043.615s][36520] GC(24778) No candidates to reclaim.
[2025-05-12T23:25:33.635+0300][1043.615s][36520] GC(24778) Running G1 Merge Heap Roots using 2 workers for 1 regions
[2025-05-12T23:25:33.635+0300][1043.615s][36520] GC(24778) Visited cards 1120 Total dirty 12288 (9.11%) Total old 26624 (4.21%)
[2025-05-12T23:25:33.635+0300][1043.615s][16704] GC(24778) Attempt heap expansion (region allocation request failed). Allocation request: 2064B
[2025-05-12T23:25:33.636+0300][1043.615s][16704] GC(24778) Did not expand the heap (heap already fully expanded)
[2025-05-12T23:25:33.636+0300][1043.615s][36520] GC(24778) ReferenceProcessor::execute queues: 1, RefProcThreadModel::Single, marks_oops_alive: false
[2025-05-12T23:25:33.636+0300][1043.615s][36520] GC(24778) Skipped KeepAliveFinalRefsPhase of Reference Processing: no references
[2025-05-12T23:25:33.636+0300][1043.615s][36520] GC(24778) Skipped PhantomRefsPhase of Reference Processing: no references
[2025-05-12T23:25:33.636+0300][1043.616s][36520] GC(24778) Initializing removing self forwards with 64 chunks per region
[2025-05-12T23:25:33.636+0300][1043.616s][36520] GC(24778) Running G1 Rebuild Free List Task using 2 workers for rebuilding free list of regions
[2025-05-12T23:25:33.636+0300][1043.616s][36520] GC(24778) Young PLAB allocation: allocated: 0B, wasted: 0B, unused: 0B, used: 0B, undo waste: 0B, 
[2025-05-12T23:25:33.636+0300][1043.616s][36520] GC(24778) Young other allocation: region end waste: 0B, regions filled: 0, num plab filled: 2, direct allocated: 0B, num direct allocated: 0, failure used: 0B, failure wasted: 0B
[2025-05-12T23:25:33.636+0300][1043.616s][36520] GC(24778) Young sizing: calculated: 0B, actual: 2064B
[2025-05-12T23:25:33.636+0300][1043.616s][36520] GC(24778) Old PLAB allocation: allocated: 0B, wasted: 0B, unused: 0B, used: 0B, undo waste: 0B, 
[2025-05-12T23:25:33.636+0300][1043.616s][36520] GC(24778) Old other allocation: region end waste: 0B, regions filled: 0, num plab filled: 2, direct allocated: 0B, num direct allocated: 0, failure used: 184904B, failure wasted: 863672B
[2025-05-12T23:25:33.636+0300][1043.616s][36520] GC(24778) Old sizing: calculated: 0B, actual: 2064B
[2025-05-12T23:25:33.636+0300][1043.616s][36520] GC(24778) Heap expansion: short term pause time ratio 49.27% long term pause time ratio 41.69% threshold 7.69% pause time ratio 7.69% fully expanded true resize by 0B
[2025-05-12T23:25:33.636+0300][1043.616s][9340 ] G1 Service Thread (Card Set Free Memory Task) (run 0.011ms after schedule)
[2025-05-12T23:25:33.636+0300][1043.616s][36520] GC(24778) Request concurrent cycle initiation (occupancy higher than threshold) occupancy: 12582912B allocation request: 0B threshold: 3603063B (28.63) source: end of GC
[2025-05-12T23:25:33.636+0300][1043.616s][36520] GC(24778) MMU: 5.4ms (200.0ms/201.0ms)
[2025-05-12T23:25:33.636+0300][1043.616s][36520] Old generation allocation in the last mutator period, old gen allocated: 1048576B, humongous allocated: 0B, old gen growth: 1048576B.
[2025-05-12T23:25:33.636+0300][1043.616s][36520] GC(24778) Basic information (value update), threshold: 3650297B (29.01), target occupancy: 12582912B, current occupancy: 12578488B, recent allocation size: 1048576B, recent allocation duration: 27.06ms, recent old gen allocation rate: 38755909.06B/s, recent marking phase length: 120.12ms
[2025-05-12T23:25:33.636+0300][1043.616s][36520] GC(24778) Adaptive IHOP information (value update), threshold: 3650297B (34.13), internal target occupancy: 10695475B, occupancy: 12578488B, additional buffer size: 1048576B, predicted old gen allocation rate: 49688933.37B/s, predicted marking phase length: 120.68ms, prediction active: true
[2025-05-12T23:25:33.636+0300][1043.616s][36520] GC(24778) GC refinement: goal: 18446744073709551615 + 102 / 20.00ms, actual: 101 / 0.05ms, 
[2025-05-12T23:25:33.636+0300][1043.616s][36520] GC(24778) Unchanged pending cards target: 18446744073709551615
[2025-05-12T23:25:33.636+0300][1043.616s][36520] GC(24778)   Pre Evacuate Collection Set: 0.1ms
[2025-05-12T23:25:33.636+0300][1043.616s][36520] GC(24778)     Pre Evacuate Prepare: 0.0ms
[2025-05-12T23:25:33.636+0300][1043.616s][36520] GC(24778)       JT Retire TLABs And Flush Logs (ms): Min:  0.0, Avg:  0.0, Max:  0.0, Diff:  0.0, Sum:  0.0, Workers: 2
[2025-05-12T23:25:33.636+0300][1043.616s][36520] GC(24778)       Non-JT Flush Logs (ms):        Min:  0.0, Avg:  0.0, Max:  0.0, Diff:  0.0, Sum:  0.0, Workers: 1
[2025-05-12T23:25:33.636+0300][1043.616s][36520] GC(24778)     Choose Collection Set: 0.0ms
[2025-05-12T23:25:33.636+0300][1043.616s][36520] GC(24778)     Region Register: 0.0ms
[2025-05-12T23:25:33.637+0300][1043.616s][36520] GC(24778)     Prepare Heap Roots: 0.0ms
[2025-05-12T23:25:33.637+0300][1043.616s][36520] GC(24778)   Merge Heap Roots: 0.1ms
[2025-05-12T23:25:33.637+0300][1043.616s][36520] GC(24778)     Prepare Merge Heap Roots: 0.0ms
[2025-05-12T23:25:33.637+0300][1043.616s][36520] GC(24778)     Remembered Sets (ms):          Min:  0.0, Avg:  0.0, Max:  0.0, Diff:  0.0, Sum:  0.0, Workers: 2
[2025-05-12T23:25:33.637+0300][1043.616s][36520] GC(24778)       Eager Reclaim (ms):            skipped
[2025-05-12T23:25:33.637+0300][1043.616s][36520] GC(24778)       Merged Inline                  Min: 0, Avg:  0.0, Max: 0, Diff: 0, Sum: 0, Workers: 2
[2025-05-12T23:25:33.637+0300][1043.616s][36520] GC(24778)       Merged ArrayOfCards            Min: 0, Avg:  0.0, Max: 0, Diff: 0, Sum: 0, Workers: 2
[2025-05-12T23:25:33.637+0300][1043.616s][36520] GC(24778)       Merged Howl                    Min: 0, Avg:  0.0, Max: 0, Diff: 0, Sum: 0, Workers: 2
[2025-05-12T23:25:33.637+0300][1043.616s][36520] GC(24778)       Merged Full                    Min: 0, Avg:  0.0, Max: 0, Diff: 0, Sum: 0, Workers: 2
[2025-05-12T23:25:33.637+0300][1043.616s][36520] GC(24778)       Merged Howl Inline             Min: 0, Avg:  0.0, Max: 0, Diff: 0, Sum: 0, Workers: 2
[2025-05-12T23:25:33.637+0300][1043.616s][36520] GC(24778)       Merged Howl ArrayOfCards       Min: 0, Avg:  0.0, Max: 0, Diff: 0, Sum: 0, Workers: 2
[2025-05-12T23:25:33.637+0300][1043.616s][36520] GC(24778)       Merged Howl BitMap             Min: 0, Avg:  0.0, Max: 0, Diff: 0, Sum: 0, Workers: 2
[2025-05-12T23:25:33.637+0300][1043.616s][36520] GC(24778)       Merged Howl Full               Min: 0, Avg:  0.0, Max: 0, Diff: 0, Sum: 0, Workers: 2
[2025-05-12T23:25:33.637+0300][1043.616s][36520] GC(24778)       Merged Cards                   Min: 8, Avg:  8.0, Max: 8, Diff: 0, Sum: 16, Workers: 2
[2025-05-12T23:25:33.637+0300][1043.616s][36520] GC(24778)     Log Buffers (ms):              Min:  0.0, Avg:  0.0, Max:  0.0, Diff:  0.0, Sum:  0.0, Workers: 2
[2025-05-12T23:25:33.637+0300][1043.616s][36520] GC(24778)       Dirty Cards:                   Min: 25, Avg: 50.5, Max: 76, Diff: 51, Sum: 101, Workers: 2
[2025-05-12T23:25:33.637+0300][1043.616s][36520] GC(24778)       Skipped Cards:                 Min: 0, Avg:  0.0, Max: 0, Diff: 0, Sum: 0, Workers: 2
[2025-05-12T23:25:33.637+0300][1043.616s][36520] GC(24778)   Evacuate Collection Set: 0.4ms
[2025-05-12T23:25:33.637+0300][1043.616s][36520] GC(24778)     Ext Root Scanning (ms):        Min:  0.1, Avg:  0.1, Max:  0.1, Diff:  0.0, Sum:  0.2, Workers: 2
[2025-05-12T23:25:33.637+0300][1043.616s][36520] GC(24778)     Scan Heap Roots (ms):          Min:  0.0, Avg:  0.0, Max:  0.1, Diff:  0.0, Sum:  0.1, Workers: 2
[2025-05-12T23:25:33.637+0300][1043.616s][36520] GC(24778)       Scanned Cards:                 Min: 50, Avg: 50.5, Max: 51, Diff: 1, Sum: 101, Workers: 2
[2025-05-12T23:25:33.637+0300][1043.616s][36520] GC(24778)       Scanned Blocks:                Min: 35, Avg: 35.0, Max: 35, Diff: 0, Sum: 70, Workers: 2
[2025-05-12T23:25:33.637+0300][1043.616s][36520] GC(24778)       Claimed Chunks:                Min: 15, Avg: 17.5, Max: 20, Diff: 5, Sum: 35, Workers: 2
[2025-05-12T23:25:33.637+0300][1043.616s][36520] GC(24778)       Found Roots:                   Min: 32, Avg: 49.0, Max: 66, Diff: 34, Sum: 98, Workers: 2
[2025-05-12T23:25:33.637+0300][1043.616s][36520] GC(24778)     Code Root Scan (ms):           Min:  0.0, Avg:  0.0, Max:  0.0, Diff:  0.0, Sum:  0.0, Workers: 2
[2025-05-12T23:25:33.637+0300][1043.616s][36520] GC(24778)     Object Copy (ms):              Min:  0.2, Avg:  0.2, Max:  0.2, Diff:  0.0, Sum:  0.4, Workers: 2
[2025-05-12T23:25:33.637+0300][1043.616s][36520] GC(24778)     Termination (ms):              Min:  0.0, Avg:  0.0, Max:  0.0, Diff:  0.0, Sum:  0.0, Workers: 2
[2025-05-12T23:25:33.637+0300][1043.616s][36520] GC(24778)       Termination Attempts:          Min: 1, Avg:  1.0, Max: 1, Diff: 0, Sum: 2, Workers: 2
[2025-05-12T23:25:33.637+0300][1043.616s][36520] GC(24778)     GC Worker Other (ms):          Min:  0.0, Avg:  0.0, Max:  0.0, Diff:  0.0, Sum:  0.0, Workers: 2
[2025-05-12T23:25:33.637+0300][1043.616s][36520] GC(24778)     GC Worker Total (ms):          Min:  0.4, Avg:  0.4, Max:  0.4, Diff:  0.0, Sum:  0.7, Workers: 2
[2025-05-12T23:25:33.637+0300][1043.616s][36520] GC(24778)   Post Evacuate Collection Set: 0.5ms
[2025-05-12T23:25:33.637+0300][1043.616s][36520] GC(24778)     NMethod List Cleanup: 0.0ms
[2025-05-12T23:25:33.637+0300][1043.616s][36520] GC(24778)     Reference Processing: 0.1ms
[2025-05-12T23:25:33.637+0300][1043.616s][36520] GC(24778)       Notify Soft/WeakReferences: 0.0ms
[2025-05-12T23:25:33.637+0300][1043.616s][36520] GC(24778)         SoftRef (ms):                  Min:  0.0, Avg:  0.0, Max:  0.0, Diff:  0.0, Sum:  0.0, Workers: 1
[2025-05-12T23:25:33.637+0300][1043.616s][36520] GC(24778)         WeakRef (ms):                  Min:  0.0, Avg:  0.0, Max:  0.0, Diff:  0.0, Sum:  0.0, Workers: 1
[2025-05-12T23:25:33.637+0300][1043.616s][36520] GC(24778)         FinalRef (ms):                 Min:  0.0, Avg:  0.0, Max:  0.0, Diff:  0.0, Sum:  0.0, Workers: 1
[2025-05-12T23:25:33.637+0300][1043.616s][36520] GC(24778)         Total (ms):                    Min:  0.0, Avg:  0.0, Max:  0.0, Diff:  0.0, Sum:  0.0, Workers: 1
[2025-05-12T23:25:33.637+0300][1043.616s][36520] GC(24778)       Notify and keep alive finalizable: 0.0ms
[2025-05-12T23:25:33.637+0300][1043.616s][36520] GC(24778)         FinalRef (ms):                 skipped
[2025-05-12T23:25:33.637+0300][1043.616s][36520] GC(24778)       Notify PhantomReferences: 0.0ms
[2025-05-12T23:25:33.637+0300][1043.616s][36520] GC(24778)         PhantomRef (ms):               skipped
[2025-05-12T23:25:33.637+0300][1043.616s][36520] GC(24778)       SoftReference Discovered: 0, Dropped: 0, Processed: 0
[2025-05-12T23:25:33.637+0300][1043.616s][36520] GC(24778)       WeakReference Discovered: 41, Dropped: 19, Processed: 22
[2025-05-12T23:25:33.637+0300][1043.616s][36520] GC(24778)       FinalReference Discovered: 0, Dropped: 0, Processed: 0
[2025-05-12T23:25:33.637+0300][1043.616s][36520] GC(24778)       PhantomReference Discovered: 0, Dropped: 0, Processed: 0
[2025-05-12T23:25:33.637+0300][1043.616s][36520] GC(24778)     Weak Processing: 0.2ms
[2025-05-12T23:25:33.637+0300][1043.616s][36520] GC(24778)       VM Weak                        Min:  0.0, Avg:  0.0, Max:  0.0, Diff:  0.0, Sum:  0.0, Workers: 10
[2025-05-12T23:25:33.637+0300][1043.616s][36520] GC(24778)         Dead                           Min: 0, Avg:  0.0, Max: 0, Diff: 0, Sum: 0, Workers: 10
[2025-05-12T23:25:33.637+0300][1043.616s][36520] GC(24778)         Total                          Min: 0, Avg:  6.7, Max: 67, Diff: 67, Sum: 67, Workers: 10
[2025-05-12T23:25:33.637+0300][1043.616s][36520] GC(24778)       ObjectSynchronizer Weak        Min:  0.0, Avg:  0.0, Max:  0.0, Diff:  0.0, Sum:  0.0, Workers: 10
[2025-05-12T23:25:33.637+0300][1043.616s][36520] GC(24778)         Dead                           Min: 0, Avg:  0.0, Max: 0, Diff: 0, Sum: 0, Workers: 10
[2025-05-12T23:25:33.637+0300][1043.617s][36520] GC(24778)         Total                          Min: 0, Avg:  0.1, Max: 1, Diff: 1, Sum: 1, Workers: 10
[2025-05-12T23:25:33.637+0300][1043.617s][36520] GC(24778)       JVMTI Tag Weak OopStorage      Min:  0.0, Avg:  0.1, Max:  0.1, Diff:  0.1, Sum:  0.5, Workers: 10
[2025-05-12T23:25:33.637+0300][1043.617s][36520] GC(24778)         Dead                           Min: 0, Avg:  0.0, Max: 0, Diff: 0, Sum: 0, Workers: 10
[2025-05-12T23:25:33.637+0300][1043.617s][36520] GC(24778)         Total                          Min: 0, Avg: 6289.9, Max: 11081, Diff: 11081, Sum: 62899, Workers: 10
[2025-05-12T23:25:33.637+0300][1043.617s][36520] GC(24778)       StringTable Weak               Min:  0.0, Avg:  0.0, Max:  0.0, Diff:  0.0, Sum:  0.2, Workers: 10
[2025-05-12T23:25:33.637+0300][1043.617s][36520] GC(24778)         Dead                           Min: 0, Avg:  0.0, Max: 0, Diff: 0, Sum: 0, Workers: 10
[2025-05-12T23:25:33.637+0300][1043.617s][36520] GC(24778)         Total                          Min: 0, Avg: 3952.9, Max: 6848, Diff: 6848, Sum: 39529, Workers: 10
[2025-05-12T23:25:33.637+0300][1043.617s][36520] GC(24778)       ResolvedMethodTable Weak       Min:  0.0, Avg:  0.0, Max:  0.0, Diff:  0.0, Sum:  0.0, Workers: 10
[2025-05-12T23:25:33.637+0300][1043.617s][36520] GC(24778)         Dead                           Min: 0, Avg:  0.0, Max: 0, Diff: 0, Sum: 0, Workers: 10
[2025-05-12T23:25:33.637+0300][1043.617s][36520] GC(24778)         Total                          Min: 0, Avg: 76.6, Max: 166, Diff: 166, Sum: 766, Workers: 10
[2025-05-12T23:25:33.637+0300][1043.617s][36520] GC(24778)       JNI Weak                       Min:  0.0, Avg:  0.0, Max:  0.0, Diff:  0.0, Sum:  0.0, Workers: 10
[2025-05-12T23:25:33.637+0300][1043.617s][36520] GC(24778)         Dead                           Min: 0, Avg:  0.0, Max: 0, Diff: 0, Sum: 0, Workers: 10
[2025-05-12T23:25:33.637+0300][1043.617s][36520] GC(24778)         Total                          Min: 0, Avg:  1.1, Max: 11, Diff: 11, Sum: 11, Workers: 10
[2025-05-12T23:25:33.637+0300][1043.617s][36520] GC(24778)       StringDedup Table Weak         Min:  0.0, Avg:  0.0, Max:  0.0, Diff:  0.0, Sum:  0.0, Workers: 10
[2025-05-12T23:25:33.637+0300][1043.617s][36520] GC(24778)         Dead                           Min: 0, Avg:  0.0, Max: 0, Diff: 0, Sum: 0, Workers: 10
[2025-05-12T23:25:33.637+0300][1043.617s][36520] GC(24778)         Total                          Min: 0, Avg:  0.0, Max: 0, Diff: 0, Sum: 0, Workers: 10
[2025-05-12T23:25:33.637+0300][1043.617s][36520] GC(24778)       StringDedup Requests0 Weak     Min:  0.0, Avg:  0.0, Max:  0.0, Diff:  0.0, Sum:  0.0, Workers: 10
[2025-05-12T23:25:33.637+0300][1043.617s][36520] GC(24778)         Dead                           Min: 0, Avg:  0.0, Max: 0, Diff: 0, Sum: 0, Workers: 10
[2025-05-12T23:25:33.637+0300][1043.617s][36520] GC(24778)         Total                          Min: 0, Avg:  0.0, Max: 0, Diff: 0, Sum: 0, Workers: 10
[2025-05-12T23:25:33.637+0300][1043.617s][36520] GC(24778)       StringDedup Requests1 Weak     Min:  0.0, Avg:  0.0, Max:  0.0, Diff:  0.0, Sum:  0.0, Workers: 10
[2025-05-12T23:25:33.637+0300][1043.617s][36520] GC(24778)         Dead                           Min: 0, Avg:  0.0, Max: 0, Diff: 0, Sum: 0, Workers: 10
[2025-05-12T23:25:33.637+0300][1043.617s][36520] GC(24778)         Total                          Min: 0, Avg:  0.0, Max: 0, Diff: 0, Sum: 0, Workers: 10
[2025-05-12T23:25:33.637+0300][1043.617s][36520] GC(24778)       Weak JFR Old Object Samples    Min:  0.0, Avg:  0.0, Max:  0.0, Diff:  0.0, Sum:  0.0, Workers: 10
[2025-05-12T23:25:33.637+0300][1043.617s][36520] GC(24778)         Dead                           Min: 0, Avg:  0.0, Max: 0, Diff: 0, Sum: 0, Workers: 10
[2025-05-12T23:25:33.637+0300][1043.617s][36520] GC(24778)         Total                          Min: 0, Avg:  0.0, Max: 0, Diff: 0, Sum: 0, Workers: 10
[2025-05-12T23:25:33.637+0300][1043.617s][36520] GC(24778)     Post Evacuate Cleanup 1: 0.1ms
[2025-05-12T23:25:33.637+0300][1043.617s][36520] GC(24778)       Merge Per-Thread State (ms):   Min:  0.0, Avg:  0.0, Max:  0.0, Diff:  0.0, Sum:  0.0, Workers: 1
[2025-05-12T23:25:33.637+0300][1043.617s][36520] GC(24778)         Copied Bytes                   Min: 0, Avg:  0.0, Max: 0, Diff: 0, Sum: 0, Workers: 2
[2025-05-12T23:25:33.637+0300][1043.617s][36520] GC(24778)         LAB Waste                      Min: 0, Avg:  0.0, Max: 0, Diff: 0, Sum: 0, Workers: 2
[2025-05-12T23:25:33.637+0300][1043.617s][36520] GC(24778)         LAB Undo Waste                 Min: 0, Avg:  0.0, Max: 0, Diff: 0, Sum: 0, Workers: 2
[2025-05-12T23:25:33.637+0300][1043.617s][36520] GC(24778)       Clear Logged Cards (ms):       Min:  0.0, Avg:  0.0, Max:  0.0, Diff:  0.0, Sum:  0.0, Workers: 2
[2025-05-12T23:25:33.637+0300][1043.617s][36520] GC(24778)       Recalculate Used Memory (ms):  Min:  0.0, Avg:  0.0, Max:  0.0, Diff:  0.0, Sum:  0.0, Workers: 1
[2025-05-12T23:25:33.637+0300][1043.617s][36520] GC(24778)       Restore Retained Regions (ms): Min:  0.1, Avg:  0.1, Max:  0.1, Diff:  0.0, Sum:  0.1, Workers: 2
[2025-05-12T23:25:33.637+0300][1043.617s][36520] GC(24778)         Evacuation Failure Regions:    Min: 1, Avg:  1.0, Max: 1, Diff: 0, Sum: 1, Workers: 1
[2025-05-12T23:25:33.637+0300][1043.617s][36520] GC(24778)         Remove Self Forwards (ms):     Min:  0.0, Avg:  0.1, Max:  0.1, Diff:  0.0, Sum:  0.1, Workers: 2
[2025-05-12T23:25:33.637+0300][1043.617s][36520] GC(24778)           Forward Chunks:                Min: 21, Avg: 28.5, Max: 36, Diff: 15, Sum: 57, Workers: 2
[2025-05-12T23:25:33.637+0300][1043.617s][36520] GC(24778)           Empty Forward Chunks:          Min: 3, Avg:  3.5, Max: 4, Diff: 1, Sum: 7, Workers: 2
[2025-05-12T23:25:33.637+0300][1043.617s][36520] GC(24778)           Forward Objects:               Min: 1686, Avg: 1695.0, Max: 1704, Diff: 18, Sum: 3390, Workers: 2
[2025-05-12T23:25:33.638+0300][1043.617s][36520] GC(24778)           Forward Bytes:                 Min: 89880, Avg: 92452.0, Max: 95024, Diff: 5144, Sum: 184904, Workers: 2
[2025-05-12T23:25:33.638+0300][1043.617s][36520] GC(24778)     Post Evacuate Cleanup 2: 0.0ms
[2025-05-12T23:25:33.638+0300][1043.617s][36520] GC(24778)       Recalculate Used Memory (ms):  Min:  0.0, Avg:  0.0, Max:  0.0, Diff:  0.0, Sum:  0.0, Workers: 1
[2025-05-12T23:25:33.638+0300][1043.617s][36520] GC(24778)       Restore Preserved Marks (ms):  Min:  0.0, Avg:  0.0, Max:  0.0, Diff:  0.0, Sum:  0.0, Workers: 2
[2025-05-12T23:25:33.638+0300][1043.617s][36520] GC(24778)       Clear Retained Region Bitmaps (ms): Min:  0.0, Avg:  0.0, Max:  0.0, Diff:  0.0, Sum:  0.0, Workers: 2
[2025-05-12T23:25:33.638+0300][1043.617s][36520] GC(24778)       Update Derived Pointers (ms):  Min:  0.0, Avg:  0.0, Max:  0.0, Diff:  0.0, Sum:  0.0, Workers: 1
[2025-05-12T23:25:33.638+0300][1043.617s][36520] GC(24778)       Eagerly Reclaim Humongous Objects (ms): skipped
[2025-05-12T23:25:33.638+0300][1043.617s][36520] GC(24778)         Humongous Total                skipped
[2025-05-12T23:25:33.638+0300][1043.617s][36520] GC(24778)         Humongous Candidates           skipped
[2025-05-12T23:25:33.638+0300][1043.617s][36520] GC(24778)         Humongous Reclaimed            skipped
[2025-05-12T23:25:33.638+0300][1043.617s][36520] GC(24778)       Redirty Logged Cards (ms):     Min:  0.0, Avg:  0.0, Max:  0.0, Diff:  0.0, Sum:  0.0, Workers: 2
[2025-05-12T23:25:33.638+0300][1043.617s][36520] GC(24778)         Redirtied Cards:               Min: 0, Avg:  0.0, Max: 0, Diff: 0, Sum: 0, Workers: 2
[2025-05-12T23:25:33.638+0300][1043.617s][36520] GC(24778)       Resize TLABs (ms):             Min:  0.0, Avg:  0.0, Max:  0.0, Diff:  0.0, Sum:  0.0, Workers: 2
[2025-05-12T23:25:33.638+0300][1043.617s][36520] GC(24778)       Free Collection Set (ms):      Min:  0.0, Avg:  0.0, Max:  0.0, Diff:  0.0, Sum:  0.0, Workers: 2
[2025-05-12T23:25:33.638+0300][1043.617s][36520] GC(24778)     Rebuild Free List: 0.0ms
[2025-05-12T23:25:33.638+0300][1043.617s][36520] GC(24778)     Prepare For Mutator: 0.1ms
[2025-05-12T23:25:33.638+0300][1043.617s][36520] GC(24778)     Expand Heap After Collection: 0.0ms
[2025-05-12T23:25:33.638+0300][1043.617s][36520] GC(24778)   Other: 0.3ms
[2025-05-12T23:25:33.638+0300][1043.617s][36520] GC(24778) Coarsening (recent): Inline->AoC 0 (0) AoC->Howl 0 (0) Howl->Full 0 (0) Inline->AoC 0 (0) AoC->BitMap 0 (0) BitMap->Full 0 (0) 
[2025-05-12T23:25:33.638+0300][1043.617s][36520] GC(24778) Coarsening (all): Inline->AoC 10920 (0) AoC->Howl 7731 (0) Howl->Full 0 (0) Inline->AoC 10809 (0) AoC->BitMap 7399 (0) BitMap->Full 0 (0) 
[2025-05-12T23:25:33.638+0300][1043.617s][36520] GC(24778) Eden regions: 1->0(0)
[2025-05-12T23:25:33.638+0300][1043.617s][36520] GC(24778) Survivor regions: 0->0(0)
[2025-05-12T23:25:33.638+0300][1043.617s][36520] GC(24778) Old regions: 11->12
[2025-05-12T23:25:33.638+0300][1043.617s][36520] GC(24778) Humongous regions: 0->0
[2025-05-12T23:25:33.638+0300][1043.617s][36520] GC(24778) Metaspace: 10759K(12736K)->10759K(12736K) NonClass: 9683K(11328K)->9683K(11328K) Class: 1076K(1408K)->1076K(1408K)
[2025-05-12T23:25:33.638+0300][1043.617s][36520] GC(24778) Heap after GC invocations=21228 (full 7120):
[2025-05-12T23:25:33.638+0300][1043.617s][36520] GC(24778)  garbage-first heap   total 12288K, used 12283K [0x00000000ff400000, 0x0000000100000000)
[2025-05-12T23:25:33.638+0300][1043.617s][36520] GC(24778)   region size 1024K, 0 young (0K), 0 survivors (0K)
[2025-05-12T23:25:33.638+0300][1043.617s][36520] GC(24778)  Metaspace       used 10759K, committed 12736K, reserved 1114112K
[2025-05-12T23:25:33.638+0300][1043.617s][36520] GC(24778)   class space    used 1076K, committed 1408K, reserved 1048576K
[2025-05-12T23:25:33.638+0300][1043.617s][36520] GC(24778) Pause Young (Normal) (G1 Evacuation Pause) (Evacuation Failure) 11M->11M(12M) 2.782ms
[2025-05-12T23:25:33.638+0300][1043.617s][36520] GC(24778) User=0.00s Sys=0.00s Real=0.00s
[2025-05-12T23:25:33.638+0300][1043.617s][36520] Attempt heap expansion (allocation request failed). Allocation request: 56B
[2025-05-12T23:25:33.638+0300][1043.617s][36520] Expand the heap. requested expansion amount: 1048576B expansion amount: 1048576B
[2025-05-12T23:25:33.638+0300][1043.617s][36520] Did not expand the heap (heap already fully expanded)
[2025-05-12T23:25:33.638+0300][1043.617s][36520] Attempting full compaction
[2025-05-12T23:25:33.638+0300][1043.617s][36520] GC(24779) Pause Full (G1 Compaction Pause)
[2025-05-12T23:25:33.638+0300][1043.617s][36520] GC(24779) Heap before GC invocations=21228 (full 7120):
[2025-05-12T23:25:33.638+0300][1043.617s][36520] GC(24779)  garbage-first heap   total 12288K, used 12283K [0x00000000ff400000, 0x0000000100000000)
[2025-05-12T23:25:33.638+0300][1043.617s][36520] GC(24779)   region size 1024K, 0 young (0K), 0 survivors (0K)
[2025-05-12T23:25:33.638+0300][1043.617s][36520] GC(24779)  Metaspace       used 10759K, committed 12736K, reserved 1114112K
[2025-05-12T23:25:33.638+0300][1043.617s][36520] GC(24779)   class space    used 1076K, committed 1408K, reserved 1048576K
[2025-05-12T23:25:33.638+0300][1043.617s][36520] GC(24779) Requesting 1 active workers for full compaction (waste limited workers: 1, adaptive workers: 2, used limited workers: 12)
[2025-05-12T23:25:33.638+0300][1043.617s][36520] GC(24779) Using 1 workers of 10 for full compaction
[2025-05-12T23:25:33.638+0300][1043.617s][36520] GC(24779) Mutator Allocation stats, regions: 0, wasted size: 0B ( 0.0%)
[2025-05-12T23:25:33.638+0300][1043.617s][36520] GC(24779) Phase 1: Mark live objects
[2025-05-12T23:25:33.645+0300][1043.625s][36520] GC(24779) Phase 1: Reference Processing
[2025-05-12T23:25:33.645+0300][1043.625s][36520] GC(24779) ReferenceProcessor::execute queues: 1, RefProcThreadModel::Single, marks_oops_alive: false
[2025-05-12T23:25:33.645+0300][1043.625s][36520] GC(24779) Skipped KeepAliveFinalRefsPhase of Reference Processing: no references
[2025-05-12T23:25:33.645+0300][1043.625s][36520] GC(24779) ReferenceProcessor::execute queues: 1, RefProcThreadModel::Single, marks_oops_alive: false
[2025-05-12T23:25:33.645+0300][1043.625s][36520] GC(24779) Reference Processing: 0.0ms
[2025-05-12T23:25:33.645+0300][1043.625s][36520] GC(24779)   Notify Soft/WeakReferences: 0.0ms
[2025-05-12T23:25:33.645+0300][1043.625s][36520] GC(24779)     SoftRef: 0.0ms
[2025-05-12T23:25:33.645+0300][1043.625s][36520] GC(24779)     WeakRef: 0.0ms
[2025-05-12T23:25:33.645+0300][1043.625s][36520] GC(24779)     FinalRef: 0.0ms
[2025-05-12T23:25:33.645+0300][1043.625s][36520] GC(24779)     Total: 0.0ms
[2025-05-12T23:25:33.645+0300][1043.625s][36520] GC(24779)   Notify and keep alive finalizable: 0.0ms
[2025-05-12T23:25:33.645+0300][1043.625s][36520] GC(24779)     FinalRef: skipped
[2025-05-12T23:25:33.645+0300][1043.625s][36520] GC(24779)   Notify PhantomReferences: 0.0ms
[2025-05-12T23:25:33.645+0300][1043.625s][36520] GC(24779)     PhantomRef: 0.0ms
[2025-05-12T23:25:33.645+0300][1043.625s][36520] GC(24779)   SoftReference Discovered: 46, Dropped: 4, Processed: 42
[2025-05-12T23:25:33.645+0300][1043.625s][36520] GC(24779)   WeakReference Discovered: 32, Dropped: 13, Processed: 19
[2025-05-12T23:25:33.645+0300][1043.625s][36520] GC(24779)   FinalReference Discovered: 0, Dropped: 0, Processed: 0
[2025-05-12T23:25:33.645+0300][1043.625s][36520] GC(24779)   PhantomReference Discovered: 23, Dropped: 23, Processed: 0
[2025-05-12T23:25:33.645+0300][1043.625s][36520] GC(24779) Phase 1: Reference Processing 0.206ms
[2025-05-12T23:25:33.645+0300][1043.625s][36520] GC(24779) Phase 1: Weak Processing
[2025-05-12T23:25:33.645+0300][1043.625s][36520] GC(24779)   VM Weak                        Min:  0.0, Avg:  0.0, Max:  0.0, Diff:  0.0, Sum:  0.0, Workers: 10
[2025-05-12T23:25:33.645+0300][1043.625s][36520] GC(24779)     Dead                           Min: 0, Avg:  2.0, Max: 20, Diff: 20, Sum: 20, Workers: 10
[2025-05-12T23:25:33.645+0300][1043.625s][36520] GC(24779)     Total                          Min: 0, Avg:  6.7, Max: 59, Diff: 59, Sum: 67, Workers: 10
[2025-05-12T23:25:33.645+0300][1043.625s][36520] GC(24779)   ObjectSynchronizer Weak        Min:  0.0, Avg:  0.0, Max:  0.0, Diff:  0.0, Sum:  0.0, Workers: 10
[2025-05-12T23:25:33.646+0300][1043.625s][36520] GC(24779)     Dead                           Min: 0, Avg:  0.0, Max: 0, Diff: 0, Sum: 0, Workers: 10
[2025-05-12T23:25:33.646+0300][1043.625s][36520] GC(24779)     Total                          Min: 0, Avg:  0.1, Max: 1, Diff: 1, Sum: 1, Workers: 10
[2025-05-12T23:25:33.646+0300][1043.625s][36520] GC(24779)   JVMTI Tag Weak OopStorage      Min:  0.1, Avg:  0.1, Max:  0.1, Diff:  0.0, Sum:  0.5, Workers: 10
[2025-05-12T23:25:33.646+0300][1043.625s][36520] GC(24779)     Dead                           Min: 0, Avg:  2.0, Max: 20, Diff: 20, Sum: 20, Workers: 10
[2025-05-12T23:25:33.646+0300][1043.625s][36520] GC(24779)     Total                          Min: 5994, Avg: 6289.9, Max: 6682, Diff: 688, Sum: 62899, Workers: 10
[2025-05-12T23:25:33.646+0300][1043.625s][36520] GC(24779)   StringTable Weak               Min:  0.0, Avg:  0.0, Max:  0.0, Diff:  0.0, Sum:  0.2, Workers: 10
[2025-05-12T23:25:33.646+0300][1043.625s][36520] GC(24779)     Dead                           Min: 1, Avg:  9.0, Max: 36, Diff: 35, Sum: 90, Workers: 10
[2025-05-12T23:25:33.646+0300][1043.625s][36520] GC(24779)     Total                          Min: 3578, Avg: 3952.9, Max: 4352, Diff: 774, Sum: 39529, Workers: 10
[2025-05-12T23:25:33.646+0300][1043.625s][36520] GC(24779)   ResolvedMethodTable Weak       Min:  0.0, Avg:  0.0, Max:  0.0, Diff:  0.0, Sum:  0.0, Workers: 10
[2025-05-12T23:25:33.646+0300][1043.625s][36520] GC(24779)     Dead                           Min: 0, Avg:  3.7, Max: 16, Diff: 16, Sum: 37, Workers: 10
[2025-05-12T23:25:33.646+0300][1043.625s][36520] GC(24779)     Total                          Min: 0, Avg: 76.6, Max: 128, Diff: 128, Sum: 766, Workers: 10
[2025-05-12T23:25:33.646+0300][1043.625s][36520] GC(24779)   JNI Weak                       Min:  0.0, Avg:  0.0, Max:  0.0, Diff:  0.0, Sum:  0.0, Workers: 10
[2025-05-12T23:25:33.646+0300][1043.625s][36520] GC(24779)     Dead                           Min: 0, Avg:  0.0, Max: 0, Diff: 0, Sum: 0, Workers: 10
[2025-05-12T23:25:33.646+0300][1043.625s][36520] GC(24779)     Total                          Min: 0, Avg:  1.1, Max: 11, Diff: 11, Sum: 11, Workers: 10
[2025-05-12T23:25:33.646+0300][1043.625s][36520] GC(24779)   StringDedup Table Weak         Min:  0.0, Avg:  0.0, Max:  0.0, Diff:  0.0, Sum:  0.0, Workers: 10
[2025-05-12T23:25:33.646+0300][1043.625s][36520] GC(24779)     Dead                           Min: 0, Avg:  0.0, Max: 0, Diff: 0, Sum: 0, Workers: 10
[2025-05-12T23:25:33.646+0300][1043.625s][36520] GC(24779)     Total                          Min: 0, Avg:  0.0, Max: 0, Diff: 0, Sum: 0, Workers: 10
[2025-05-12T23:25:33.646+0300][1043.625s][36520] GC(24779)   StringDedup Requests0 Weak     Min:  0.0, Avg:  0.0, Max:  0.0, Diff:  0.0, Sum:  0.0, Workers: 10
[2025-05-12T23:25:33.646+0300][1043.625s][36520] GC(24779)     Dead                           Min: 0, Avg:  0.0, Max: 0, Diff: 0, Sum: 0, Workers: 10
[2025-05-12T23:25:33.646+0300][1043.625s][36520] GC(24779)     Total                          Min: 0, Avg:  0.0, Max: 0, Diff: 0, Sum: 0, Workers: 10
[2025-05-12T23:25:33.646+0300][1043.625s][36520] GC(24779)   StringDedup Requests1 Weak     Min:  0.0, Avg:  0.0, Max:  0.0, Diff:  0.0, Sum:  0.0, Workers: 10
[2025-05-12T23:25:33.646+0300][1043.625s][36520] GC(24779)     Dead                           Min: 0, Avg:  0.0, Max: 0, Diff: 0, Sum: 0, Workers: 10
[2025-05-12T23:25:33.646+0300][1043.625s][36520] GC(24779)     Total                          Min: 0, Avg:  0.0, Max: 0, Diff: 0, Sum: 0, Workers: 10
[2025-05-12T23:25:33.646+0300][1043.625s][36520] GC(24779)   Weak JFR Old Object Samples    Min:  0.0, Avg:  0.0, Max:  0.0, Diff:  0.0, Sum:  0.0, Workers: 10
[2025-05-12T23:25:33.646+0300][1043.625s][36520] GC(24779)     Dead                           Min: 0, Avg:  0.0, Max: 0, Diff: 0, Sum: 0, Workers: 10
[2025-05-12T23:25:33.646+0300][1043.625s][36520] GC(24779)     Total                          Min: 0, Avg:  0.0, Max: 0, Diff: 0, Sum: 0, Workers: 10
[2025-05-12T23:25:33.646+0300][1043.625s][36520] GC(24779) Phase 1: Weak Processing 0.447ms
[2025-05-12T23:25:33.646+0300][1043.625s][36520] GC(24779) Phase 1: Class Unloading and Cleanup
[2025-05-12T23:25:33.646+0300][1043.625s][36520] GC(24779) ClassLoaderData
[2025-05-12T23:25:33.646+0300][1043.625s][36520] GC(24779) ClassLoaderData 0.064ms
[2025-05-12T23:25:33.646+0300][1043.625s][36520] GC(24779) Trigger cleanups
[2025-05-12T23:25:33.646+0300][1043.625s][36520] GC(24779) Trigger cleanups 0.008ms
[2025-05-12T23:25:33.649+0300][1043.629s][36520] GC(24779) Phase 1: Class Unloading and Cleanup 3.649ms
[2025-05-12T23:25:33.649+0300][1043.629s][36520] GC(24779) Report Object Count
[2025-05-12T23:25:33.649+0300][1043.629s][36520] GC(24779) Report Object Count 0.013ms
[2025-05-12T23:25:33.649+0300][1043.629s][36520] GC(24779) Phase 1: Mark live objects 11.516ms
[2025-05-12T23:25:33.649+0300][1043.629s][36520] GC(24779) Phase 2: Prepare compaction
[2025-05-12T23:25:33.649+0300][1043.629s][36520] GC(24779) Phase 2: Determine work lists
[2025-05-12T23:25:33.649+0300][1043.629s][36520] GC(24779) Phase 2: Determine work lists 0.010ms
[2025-05-12T23:25:33.650+0300][1043.629s][36520] GC(24779) Phase 2: Prepare parallel compaction
[2025-05-12T23:25:33.650+0300][1043.629s][36520] GC(24779) Phase 2: Prepare parallel compaction 0.188ms
[2025-05-12T23:25:33.650+0300][1043.629s][36520] GC(24779) Phase 2: Prepare compaction 0.291ms
[2025-05-12T23:25:33.650+0300][1043.629s][36520] GC(24779) Phase 3: Adjust pointers
[2025-05-12T23:25:33.654+0300][1043.633s][36520] GC(24779) Phase 3: Adjust pointers 3.939ms
[2025-05-12T23:25:33.654+0300][1043.633s][36520] GC(24779) Phase 4: Compact heap
[2025-05-12T23:25:33.654+0300][1043.633s][36520] GC(24779) Phase 4: Compact heap 0.149ms
[2025-05-12T23:25:33.654+0300][1043.633s][36520] GC(24779) Phase 5: Reset Metadata
[2025-05-12T23:25:33.655+0300][1043.635s][36520] GC(24779) Phase 5: Reset Metadata 1.317ms
[2025-05-12T23:25:33.656+0300][1043.635s][36520] GC(24779) Running G1 Clear Bitmap with 1 workers for 1 work units.
[2025-05-12T23:25:33.657+0300][1043.636s][36520] GC(24779) Request concurrent cycle initiation (occupancy higher than threshold) occupancy: 11534336B allocation request: 0B threshold: 3650297B (29.01) source: end of Full GC
[2025-05-12T23:25:33.657+0300][1043.636s][36520] Old generation allocation in the last mutator period, old gen allocated: 0B, humongous allocated: 0B, old gen growth: 0B.
[2025-05-12T23:25:33.657+0300][1043.636s][36520] GC(24779) Coarsening (recent): Inline->AoC 0 (0) AoC->Howl 0 (0) Howl->Full 0 (0) Inline->AoC 0 (0) AoC->BitMap 0 (0) BitMap->Full 0 (0) 
[2025-05-12T23:25:33.657+0300][1043.636s][36520] GC(24779) Coarsening (all): Inline->AoC 10920 (0) AoC->Howl 7731 (0) Howl->Full 0 (0) Inline->AoC 10809 (0) AoC->BitMap 7399 (0) BitMap->Full 0 (0) 
[2025-05-12T23:25:33.657+0300][1043.636s][36520] GC(24779) Eden regions: 0->0(1)
[2025-05-12T23:25:33.657+0300][1043.636s][36520] GC(24779) Survivor regions: 0->0(0)
[2025-05-12T23:25:33.657+0300][1043.636s][36520] GC(24779) Old regions: 12->11
[2025-05-12T23:25:33.657+0300][1043.636s][36520] GC(24779) Humongous regions: 0->0
[2025-05-12T23:25:33.657+0300][1043.636s][36520] GC(24779) Metaspace: 10759K(12736K)->10718K(12736K) NonClass: 9683K(11328K)->9653K(11328K) Class: 1076K(1408K)->1064K(1408K)
[2025-05-12T23:25:33.657+0300][1043.636s][36520] GC(24779) Heap after GC invocations=21229 (full 7121):
[2025-05-12T23:25:33.657+0300][1043.636s][36520] GC(24779)  garbage-first heap   total 12288K, used 11250K [0x00000000ff400000, 0x0000000100000000)
[2025-05-12T23:25:33.657+0300][1043.636s][36520] GC(24779)   region size 1024K, 0 young (0K), 0 survivors (0K)
[2025-05-12T23:25:33.657+0300][1043.636s][36520] GC(24779)  Metaspace       used 10718K, committed 12736K, reserved 1114112K
[2025-05-12T23:25:33.657+0300][1043.636s][36520] GC(24779)   class space    used 1064K, committed 1408K, reserved 1048576K
[2025-05-12T23:25:33.657+0300][1043.636s][36520] GC(24779) Pause Full (G1 Compaction Pause) 11M->10M(12M) 19.138ms
[2025-05-12T23:25:33.657+0300][1043.637s][36520] GC(24779) User=0.00s Sys=0.00s Real=0.02s
[2025-05-12T23:25:33.657+0300][1043.637s][9340 ] G1 Service Thread (Card Set Free Memory Task) (run: 20.794ms) (cpu: 0.000ms)
[2025-05-12T23:25:33.686+0300][1043.665s][36520] GC(24780) Initiate concurrent cycle (concurrent cycle initiation requested)
[2025-05-12T23:25:33.686+0300][1043.665s][36520] GC(24780) Pause Young (Concurrent Start) (G1 Evacuation Pause)
[2025-05-12T23:25:33.686+0300][1043.665s][36520] GC(24780) Heap before GC invocations=21229 (full 7121):
[2025-05-12T23:25:33.686+0300][1043.665s][36520] GC(24780)  garbage-first heap   total 12288K, used 11250K [0x00000000ff400000, 0x0000000100000000)
[2025-05-12T23:25:33.686+0300][1043.665s][36520] GC(24780)   region size 1024K, 1 young (1024K), 0 survivors (0K)
[2025-05-12T23:25:33.686+0300][1043.665s][36520] GC(24780)  Metaspace       used 10759K, committed 12736K, reserved 1114112K
[2025-05-12T23:25:33.686+0300][1043.665s][36520] GC(24780)   class space    used 1076K, committed 1408K, reserved 1048576K
[2025-05-12T23:25:33.686+0300][1043.665s][36520] GC(24780) Using 2 workers of 10 for evacuation
[2025-05-12T23:25:33.686+0300][1043.666s][36520] GC(24780) Desired survivor size 524288 bytes, new threshold 15 (max threshold 15)
[2025-05-12T23:25:33.686+0300][1043.666s][36520] GC(24780) TLAB totals: thrds: 1  refills: 317 max: 317 slow allocs: 155 max 155 waste: 22.1% gc: 688B max: 688B slow: 189048B max: 189048B
[2025-05-12T23:25:33.686+0300][1043.666s][36520] GC(24780) Mutator refinement: 0.00ms, refined: 0, precleaned: 0, dirtied: 105
[2025-05-12T23:25:33.686+0300][1043.666s][36520] GC(24780) Concurrent refinement: 0.00ms, refined: 0, precleaned: 0, dirtied: 0
[2025-05-12T23:25:33.686+0300][1043.666s][36520] GC(24780) Total refinement: 0.00ms, refined: 0, precleaned: 0, dirtied: 105
[2025-05-12T23:25:33.686+0300][1043.666s][36520] GC(24780) Generate dirty cards rate: 3.59 cards/ms
[2025-05-12T23:25:33.686+0300][1043.666s][36520] GC(24780) Mutator Allocation stats, regions: 1, wasted size: 0B ( 0.0%)
[2025-05-12T23:25:33.686+0300][1043.666s][36520] GC(24780) No candidates to reclaim.
[2025-05-12T23:25:33.686+0300][1043.666s][36520] GC(24780) Running G1 Merge Heap Roots using 2 workers for 1 regions
[2025-05-12T23:25:33.686+0300][1043.666s][36520] GC(24780) Visited cards 1120 Total dirty 12288 (9.11%) Total old 26624 (4.21%)
[2025-05-12T23:25:33.686+0300][1043.666s][33648] GC(24780) Attempt heap expansion (region allocation request failed). Allocation request: 2064B
[2025-05-12T23:25:33.686+0300][1043.666s][33648] GC(24780) Did not expand the heap (heap already fully expanded)
[2025-05-12T23:25:33.687+0300][1043.666s][36520] GC(24780) ReferenceProcessor::execute queues: 1, RefProcThreadModel::Single, marks_oops_alive: false
[2025-05-12T23:25:33.687+0300][1043.666s][36520] GC(24780) Skipped KeepAliveFinalRefsPhase of Reference Processing: no references
[2025-05-12T23:25:33.687+0300][1043.666s][36520] GC(24780) Skipped PhantomRefsPhase of Reference Processing: no references
[2025-05-12T23:25:33.687+0300][1043.666s][36520] GC(24780) Initializing removing self forwards with 64 chunks per region
[2025-05-12T23:25:33.687+0300][1043.667s][36520] GC(24780) Running G1 Rebuild Free List Task using 2 workers for rebuilding free list of regions
[2025-05-12T23:25:33.687+0300][1043.667s][36520] GC(24780) Young PLAB allocation: allocated: 0B, wasted: 0B, unused: 0B, used: 0B, undo waste: 0B, 
[2025-05-12T23:25:33.687+0300][1043.667s][36520] GC(24780) Young other allocation: region end waste: 0B, regions filled: 0, num plab filled: 2, direct allocated: 0B, num direct allocated: 0, failure used: 0B, failure wasted: 0B
[2025-05-12T23:25:33.687+0300][1043.667s][36520] GC(24780) Young sizing: calculated: 0B, actual: 2064B
[2025-05-12T23:25:33.687+0300][1043.667s][36520] GC(24780) Old PLAB allocation: allocated: 0B, wasted: 0B, unused: 0B, used: 0B, undo waste: 0B, 
[2025-05-12T23:25:33.687+0300][1043.667s][36520] GC(24780) Old other allocation: region end waste: 0B, regions filled: 0, num plab filled: 2, direct allocated: 0B, num direct allocated: 0, failure used: 148856B, failure wasted: 899720B
[2025-05-12T23:25:33.687+0300][1043.667s][36520] GC(24780) Old sizing: calculated: 0B, actual: 2064B
[2025-05-12T23:25:33.687+0300][1043.667s][36520] GC(24780) Heap expansion: short term pause time ratio 38.66% long term pause time ratio 41.41% threshold 7.69% pause time ratio 7.69% fully expanded true resize by 0B
[2025-05-12T23:25:33.687+0300][1043.667s][9340 ] G1 Service Thread (Card Set Free Memory Task) (run 0.009ms after schedule)
[2025-05-12T23:25:33.687+0300][1043.667s][36520] GC(24780) MMU: 5.4ms (200.0ms/201.0ms)
[2025-05-12T23:25:33.687+0300][1043.667s][36520] Old generation allocation in the last mutator period, old gen allocated: 1048576B, humongous allocated: 0B, old gen growth: 1048576B.
[2025-05-12T23:25:33.687+0300][1043.667s][36520] GC(24780) Basic information (value update), threshold: 3708195B (29.47), target occupancy: 12582912B, current occupancy: 12562224B, recent allocation size: 1048576B, recent allocation duration: 29.23ms, recent old gen allocation rate: 35878190.65B/s, recent marking phase length: 120.12ms
[2025-05-12T23:25:33.687+0300][1043.667s][36520] GC(24780) Adaptive IHOP information (value update), threshold: 3708195B (34.67), internal target occupancy: 10695475B, occupancy: 12562224B, additional buffer size: 1048576B, predicted old gen allocation rate: 49209175.89B/s, predicted marking phase length: 120.68ms, prediction active: true
[2025-05-12T23:25:33.687+0300][1043.667s][36520] GC(24780) GC refinement: goal: 18446744073709551615 + 103 / 20.00ms, actual: 105 / 0.05ms, 
[2025-05-12T23:25:33.687+0300][1043.667s][36520] GC(24780) Unchanged pending cards target: 18446744073709551615
[2025-05-12T23:25:33.687+0300][1043.667s][36520] GC(24780)   Pre Evacuate Collection Set: 0.1ms
[2025-05-12T23:25:33.687+0300][1043.667s][36520] GC(24780)     Pre Evacuate Prepare: 0.0ms
[2025-05-12T23:25:33.687+0300][1043.667s][36520] GC(24780)       JT Retire TLABs And Flush Logs (ms): Min:  0.0, Avg:  0.0, Max:  0.0, Diff:  0.0, Sum:  0.0, Workers: 2
[2025-05-12T23:25:33.687+0300][1043.667s][36520] GC(24780)       Non-JT Flush Logs (ms):        Min:  0.0, Avg:  0.0, Max:  0.0, Diff:  0.0, Sum:  0.0, Workers: 1
[2025-05-12T23:25:33.687+0300][1043.667s][36520] GC(24780)     Choose Collection Set: 0.0ms
[2025-05-12T23:25:33.687+0300][1043.667s][36520] GC(24780)     Region Register: 0.0ms
[2025-05-12T23:25:33.687+0300][1043.667s][36520] GC(24780)     Prepare Heap Roots: 0.0ms
[2025-05-12T23:25:33.687+0300][1043.667s][36520] GC(24780)     Reset Marking State (ms):      Min:  0.0, Avg:  0.0, Max:  0.0, Diff:  0.0, Sum:  0.0, Workers: 1
[2025-05-12T23:25:33.687+0300][1043.667s][36520] GC(24780)     Note Start Of Mark (ms):       Min:  0.0, Avg:  0.0, Max:  0.0, Diff:  0.0, Sum:  0.0, Workers: 2
[2025-05-12T23:25:33.687+0300][1043.667s][36520] GC(24780)   Merge Heap Roots: 0.1ms
[2025-05-12T23:25:33.687+0300][1043.667s][36520] GC(24780)     Prepare Merge Heap Roots: 0.0ms
[2025-05-12T23:25:33.687+0300][1043.667s][36520] GC(24780)     Remembered Sets (ms):          Min:  0.0, Avg:  0.0, Max:  0.0, Diff:  0.0, Sum:  0.0, Workers: 2
[2025-05-12T23:25:33.687+0300][1043.667s][36520] GC(24780)       Eager Reclaim (ms):            skipped
[2025-05-12T23:25:33.687+0300][1043.667s][36520] GC(24780)       Merged Inline                  Min: 0, Avg:  0.0, Max: 0, Diff: 0, Sum: 0, Workers: 2
[2025-05-12T23:25:33.687+0300][1043.667s][36520] GC(24780)       Merged ArrayOfCards            Min: 0, Avg:  0.0, Max: 0, Diff: 0, Sum: 0, Workers: 2
[2025-05-12T23:25:33.687+0300][1043.667s][36520] GC(24780)       Merged Howl                    Min: 0, Avg:  0.0, Max: 0, Diff: 0, Sum: 0, Workers: 2
[2025-05-12T23:25:33.687+0300][1043.667s][36520] GC(24780)       Merged Full                    Min: 0, Avg:  0.0, Max: 0, Diff: 0, Sum: 0, Workers: 2
[2025-05-12T23:25:33.687+0300][1043.667s][36520] GC(24780)       Merged Howl Inline             Min: 0, Avg:  0.0, Max: 0, Diff: 0, Sum: 0, Workers: 2
[2025-05-12T23:25:33.687+0300][1043.667s][36520] GC(24780)       Merged Howl ArrayOfCards       Min: 0, Avg:  0.0, Max: 0, Diff: 0, Sum: 0, Workers: 2
[2025-05-12T23:25:33.687+0300][1043.667s][36520] GC(24780)       Merged Howl BitMap             Min: 0, Avg:  0.0, Max: 0, Diff: 0, Sum: 0, Workers: 2
[2025-05-12T23:25:33.687+0300][1043.667s][36520] GC(24780)       Merged Howl Full               Min: 0, Avg:  0.0, Max: 0, Diff: 0, Sum: 0, Workers: 2
[2025-05-12T23:25:33.687+0300][1043.667s][36520] GC(24780)       Merged Cards                   Min: 8, Avg:  8.0, Max: 8, Diff: 0, Sum: 16, Workers: 2
[2025-05-12T23:25:33.687+0300][1043.667s][36520] GC(24780)     Log Buffers (ms):              Min:  0.0, Avg:  0.0, Max:  0.0, Diff:  0.0, Sum:  0.0, Workers: 2
[2025-05-12T23:25:33.687+0300][1043.667s][36520] GC(24780)       Dirty Cards:                   Min: 21, Avg: 52.5, Max: 84, Diff: 63, Sum: 105, Workers: 2
[2025-05-12T23:25:33.687+0300][1043.667s][36520] GC(24780)       Skipped Cards:                 Min: 0, Avg:  0.0, Max: 0, Diff: 0, Sum: 0, Workers: 2
[2025-05-12T23:25:33.687+0300][1043.667s][36520] GC(24780)   Evacuate Collection Set: 0.5ms
[2025-05-12T23:25:33.687+0300][1043.667s][36520] GC(24780)     Ext Root Scanning (ms):        Min:  0.1, Avg:  0.2, Max:  0.3, Diff:  0.1, Sum:  0.4, Workers: 2
[2025-05-12T23:25:33.687+0300][1043.667s][36520] GC(24780)     Scan Heap Roots (ms):          Min:  0.0, Avg:  0.1, Max:  0.1, Diff:  0.1, Sum:  0.1, Workers: 2
[2025-05-12T23:25:33.687+0300][1043.667s][36520] GC(24780)       Scanned Cards:                 Min: 0, Avg: 52.5, Max: 105, Diff: 105, Sum: 105, Workers: 2
[2025-05-12T23:25:33.687+0300][1043.667s][36520] GC(24780)       Scanned Blocks:                Min: 0, Avg: 38.0, Max: 76, Diff: 76, Sum: 76, Workers: 2
[2025-05-12T23:25:33.687+0300][1043.667s][36520] GC(24780)       Claimed Chunks:                Min: 0, Avg: 17.5, Max: 35, Diff: 35, Sum: 35, Workers: 2
[2025-05-12T23:25:33.687+0300][1043.667s][36520] GC(24780)       Found Roots:                   Min: 0, Avg: 59.0, Max: 118, Diff: 118, Sum: 118, Workers: 2
[2025-05-12T23:25:33.687+0300][1043.667s][36520] GC(24780)     Code Root Scan (ms):           Min:  0.0, Avg:  0.0, Max:  0.0, Diff:  0.0, Sum:  0.0, Workers: 2
[2025-05-12T23:25:33.687+0300][1043.667s][36520] GC(24780)     Object Copy (ms):              Min:  0.2, Avg:  0.2, Max:  0.2, Diff:  0.0, Sum:  0.4, Workers: 2
[2025-05-12T23:25:33.687+0300][1043.667s][36520] GC(24780)     Termination (ms):              Min:  0.0, Avg:  0.0, Max:  0.0, Diff:  0.0, Sum:  0.0, Workers: 2
[2025-05-12T23:25:33.688+0300][1043.667s][36520] GC(24780)       Termination Attempts:          Min: 1, Avg:  1.0, Max: 1, Diff: 0, Sum: 2, Workers: 2
[2025-05-12T23:25:33.688+0300][1043.667s][36520] GC(24780)     GC Worker Other (ms):          Min:  0.0, Avg:  0.0, Max:  0.0, Diff:  0.0, Sum:  0.0, Workers: 2
[2025-05-12T23:25:33.688+0300][1043.667s][36520] GC(24780)     GC Worker Total (ms):          Min:  0.5, Avg:  0.5, Max:  0.5, Diff:  0.0, Sum:  0.9, Workers: 2
[2025-05-12T23:25:33.688+0300][1043.667s][36520] GC(24780)   Post Evacuate Collection Set: 0.4ms
[2025-05-12T23:25:33.688+0300][1043.667s][36520] GC(24780)     NMethod List Cleanup: 0.0ms
[2025-05-12T23:25:33.688+0300][1043.667s][36520] GC(24780)     Reference Processing: 0.1ms
[2025-05-12T23:25:33.688+0300][1043.667s][36520] GC(24780)       Notify Soft/WeakReferences: 0.0ms
[2025-05-12T23:25:33.688+0300][1043.667s][36520] GC(24780)         SoftRef (ms):                  Min:  0.0, Avg:  0.0, Max:  0.0, Diff:  0.0, Sum:  0.0, Workers: 1
[2025-05-12T23:25:33.688+0300][1043.667s][36520] GC(24780)         WeakRef (ms):                  Min:  0.0, Avg:  0.0, Max:  0.0, Diff:  0.0, Sum:  0.0, Workers: 1
[2025-05-12T23:25:33.688+0300][1043.667s][36520] GC(24780)         FinalRef (ms):                 Min:  0.0, Avg:  0.0, Max:  0.0, Diff:  0.0, Sum:  0.0, Workers: 1
[2025-05-12T23:25:33.688+0300][1043.667s][36520] GC(24780)         Total (ms):                    Min:  0.0, Avg:  0.0, Max:  0.0, Diff:  0.0, Sum:  0.0, Workers: 1
[2025-05-12T23:25:33.688+0300][1043.667s][36520] GC(24780)       Notify and keep alive finalizable: 0.0ms
[2025-05-12T23:25:33.688+0300][1043.667s][36520] GC(24780)         FinalRef (ms):                 skipped
[2025-05-12T23:25:33.688+0300][1043.667s][36520] GC(24780)       Notify PhantomReferences: 0.0ms
[2025-05-12T23:25:33.688+0300][1043.667s][36520] GC(24780)         PhantomRef (ms):               skipped
[2025-05-12T23:25:33.688+0300][1043.667s][36520] GC(24780)       SoftReference Discovered: 0, Dropped: 0, Processed: 0
[2025-05-12T23:25:33.688+0300][1043.667s][36520] GC(24780)       WeakReference Discovered: 26, Dropped: 3, Processed: 23
[2025-05-12T23:25:33.688+0300][1043.667s][36520] GC(24780)       FinalReference Discovered: 0, Dropped: 0, Processed: 0
[2025-05-12T23:25:33.688+0300][1043.667s][36520] GC(24780)       PhantomReference Discovered: 0, Dropped: 0, Processed: 0
[2025-05-12T23:25:33.688+0300][1043.667s][36520] GC(24780)     Weak Processing: 0.1ms
[2025-05-12T23:25:33.688+0300][1043.667s][36520] GC(24780)       VM Weak                        Min:  0.0, Avg:  0.0, Max:  0.0, Diff:  0.0, Sum:  0.0, Workers: 10
[2025-05-12T23:25:33.688+0300][1043.667s][36520] GC(24780)         Dead                           Min: 0, Avg:  0.0, Max: 0, Diff: 0, Sum: 0, Workers: 10
[2025-05-12T23:25:33.688+0300][1043.667s][36520] GC(24780)         Total                          Min: 0, Avg:  6.7, Max: 41, Diff: 41, Sum: 67, Workers: 10
[2025-05-12T23:25:33.688+0300][1043.667s][36520] GC(24780)       ObjectSynchronizer Weak        Min:  0.0, Avg:  0.0, Max:  0.0, Diff:  0.0, Sum:  0.0, Workers: 10
[2025-05-12T23:25:33.688+0300][1043.667s][36520] GC(24780)         Dead                           Min: 0, Avg:  0.0, Max: 0, Diff: 0, Sum: 0, Workers: 10
[2025-05-12T23:25:33.688+0300][1043.667s][36520] GC(24780)         Total                          Min: 0, Avg:  0.1, Max: 1, Diff: 1, Sum: 1, Workers: 10
[2025-05-12T23:25:33.688+0300][1043.667s][36520] GC(24780)       JVMTI Tag Weak OopStorage      Min:  0.1, Avg:  0.1, Max:  0.1, Diff:  0.0, Sum:  0.6, Workers: 10
[2025-05-12T23:25:33.688+0300][1043.667s][36520] GC(24780)         Dead                           Min: 0, Avg:  0.0, Max: 0, Diff: 0, Sum: 0, Workers: 10
[2025-05-12T23:25:33.688+0300][1043.667s][36520] GC(24780)         Total                          Min: 5608, Avg: 6289.9, Max: 6817, Diff: 1209, Sum: 62899, Workers: 10
[2025-05-12T23:25:33.688+0300][1043.667s][36520] GC(24780)       StringTable Weak               Min:  0.0, Avg:  0.0, Max:  0.0, Diff:  0.0, Sum:  0.3, Workers: 10
[2025-05-12T23:25:33.688+0300][1043.667s][36520] GC(24780)         Dead                           Min: 0, Avg:  1.7, Max: 6, Diff: 6, Sum: 17, Workers: 10
[2025-05-12T23:25:33.688+0300][1043.667s][36520] GC(24780)         Total                          Min: 3520, Avg: 3952.9, Max: 4224, Diff: 704, Sum: 39529, Workers: 10
[2025-05-12T23:25:33.688+0300][1043.667s][36520] GC(24780)       ResolvedMethodTable Weak       Min:  0.0, Avg:  0.0, Max:  0.0, Diff:  0.0, Sum:  0.0, Workers: 10
[2025-05-12T23:25:33.688+0300][1043.668s][36520] GC(24780)         Dead                           Min: 0, Avg:  0.0, Max: 0, Diff: 0, Sum: 0, Workers: 10
[2025-05-12T23:25:33.688+0300][1043.668s][36520] GC(24780)         Total                          Min: 0, Avg: 77.7, Max: 128, Diff: 128, Sum: 777, Workers: 10
[2025-05-12T23:25:33.688+0300][1043.668s][36520] GC(24780)       JNI Weak                       Min:  0.0, Avg:  0.0, Max:  0.0, Diff:  0.0, Sum:  0.0, Workers: 10
[2025-05-12T23:25:33.688+0300][1043.668s][36520] GC(24780)         Dead                           Min: 0, Avg:  0.0, Max: 0, Diff: 0, Sum: 0, Workers: 10
[2025-05-12T23:25:33.688+0300][1043.668s][36520] GC(24780)         Total                          Min: 0, Avg:  1.1, Max: 11, Diff: 11, Sum: 11, Workers: 10
[2025-05-12T23:25:33.688+0300][1043.668s][36520] GC(24780)       StringDedup Table Weak         Min:  0.0, Avg:  0.0, Max:  0.0, Diff:  0.0, Sum:  0.0, Workers: 10
[2025-05-12T23:25:33.688+0300][1043.668s][36520] GC(24780)         Dead                           Min: 0, Avg:  0.0, Max: 0, Diff: 0, Sum: 0, Workers: 10
[2025-05-12T23:25:33.688+0300][1043.668s][36520] GC(24780)         Total                          Min: 0, Avg:  0.0, Max: 0, Diff: 0, Sum: 0, Workers: 10
[2025-05-12T23:25:33.688+0300][1043.668s][36520] GC(24780)       StringDedup Requests0 Weak     Min:  0.0, Avg:  0.0, Max:  0.0, Diff:  0.0, Sum:  0.0, Workers: 10
[2025-05-12T23:25:33.688+0300][1043.668s][36520] GC(24780)         Dead                           Min: 0, Avg:  0.0, Max: 0, Diff: 0, Sum: 0, Workers: 10
[2025-05-12T23:25:33.688+0300][1043.668s][36520] GC(24780)         Total                          Min: 0, Avg:  0.0, Max: 0, Diff: 0, Sum: 0, Workers: 10
[2025-05-12T23:25:33.688+0300][1043.668s][36520] GC(24780)       StringDedup Requests1 Weak     Min:  0.0, Avg:  0.0, Max:  0.0, Diff:  0.0, Sum:  0.0, Workers: 10
[2025-05-12T23:25:33.688+0300][1043.668s][36520] GC(24780)         Dead                           Min: 0, Avg:  0.0, Max: 0, Diff: 0, Sum: 0, Workers: 10
[2025-05-12T23:25:33.688+0300][1043.668s][36520] GC(24780)         Total                          Min: 0, Avg:  0.0, Max: 0, Diff: 0, Sum: 0, Workers: 10
[2025-05-12T23:25:33.688+0300][1043.668s][36520] GC(24780)       Weak JFR Old Object Samples    Min:  0.0, Avg:  0.0, Max:  0.0, Diff:  0.0, Sum:  0.0, Workers: 10
[2025-05-12T23:25:33.688+0300][1043.668s][36520] GC(24780)         Dead                           Min: 0, Avg:  0.0, Max: 0, Diff: 0, Sum: 0, Workers: 10
[2025-05-12T23:25:33.688+0300][1043.668s][36520] GC(24780)         Total                          Min: 0, Avg:  0.0, Max: 0, Diff: 0, Sum: 0, Workers: 10
[2025-05-12T23:25:33.688+0300][1043.668s][36520] GC(24780)     Post Evacuate Cleanup 1: 0.1ms
[2025-05-12T23:25:33.688+0300][1043.668s][36520] GC(24780)       Merge Per-Thread State (ms):   Min:  0.0, Avg:  0.0, Max:  0.0, Diff:  0.0, Sum:  0.0, Workers: 1
[2025-05-12T23:25:33.688+0300][1043.668s][36520] GC(24780)         Copied Bytes                   Min: 0, Avg:  0.0, Max: 0, Diff: 0, Sum: 0, Workers: 2
[2025-05-12T23:25:33.688+0300][1043.668s][36520] GC(24780)         LAB Waste                      Min: 0, Avg:  0.0, Max: 0, Diff: 0, Sum: 0, Workers: 2
[2025-05-12T23:25:33.688+0300][1043.668s][36520] GC(24780)         LAB Undo Waste                 Min: 0, Avg:  0.0, Max: 0, Diff: 0, Sum: 0, Workers: 2
[2025-05-12T23:25:33.688+0300][1043.668s][36520] GC(24780)       Clear Logged Cards (ms):       Min:  0.0, Avg:  0.0, Max:  0.0, Diff:  0.0, Sum:  0.0, Workers: 2
[2025-05-12T23:25:33.688+0300][1043.668s][36520] GC(24780)       Recalculate Used Memory (ms):  Min:  0.0, Avg:  0.0, Max:  0.0, Diff:  0.0, Sum:  0.0, Workers: 1
[2025-05-12T23:25:33.688+0300][1043.668s][36520] GC(24780)       Restore Retained Regions (ms): Min:  0.0, Avg:  0.0, Max:  0.1, Diff:  0.0, Sum:  0.1, Workers: 2
[2025-05-12T23:25:33.688+0300][1043.668s][36520] GC(24780)         Evacuation Failure Regions:    Min: 1, Avg:  1.0, Max: 1, Diff: 0, Sum: 1, Workers: 1
[2025-05-12T23:25:33.688+0300][1043.668s][36520] GC(24780)         Remove Self Forwards (ms):     Min:  0.0, Avg:  0.0, Max:  0.0, Diff:  0.0, Sum:  0.1, Workers: 2
[2025-05-12T23:25:33.688+0300][1043.668s][36520] GC(24780)           Forward Chunks:                Min: 27, Avg: 27.0, Max: 27, Diff: 0, Sum: 54, Workers: 2
[2025-05-12T23:25:33.688+0300][1043.668s][36520] GC(24780)           Empty Forward Chunks:          Min: 5, Avg:  5.0, Max: 5, Diff: 0, Sum: 10, Workers: 2
[2025-05-12T23:25:33.688+0300][1043.668s][36520] GC(24780)           Forward Objects:               Min: 1374, Avg: 1608.0, Max: 1842, Diff: 468, Sum: 3216, Workers: 2
[2025-05-12T23:25:33.688+0300][1043.668s][36520] GC(24780)           Forward Bytes:                 Min: 63304, Avg: 74428.0, Max: 85552, Diff: 22248, Sum: 148856, Workers: 2
[2025-05-12T23:25:33.688+0300][1043.668s][36520] GC(24780)     Post Evacuate Cleanup 2: 0.0ms
[2025-05-12T23:25:33.688+0300][1043.668s][36520] GC(24780)       Recalculate Used Memory (ms):  Min:  0.0, Avg:  0.0, Max:  0.0, Diff:  0.0, Sum:  0.0, Workers: 1
[2025-05-12T23:25:33.688+0300][1043.668s][36520] GC(24780)       Restore Preserved Marks (ms):  Min:  0.0, Avg:  0.0, Max:  0.0, Diff:  0.0, Sum:  0.0, Workers: 2
[2025-05-12T23:25:33.688+0300][1043.668s][36520] GC(24780)       Clear Retained Region Bitmaps (ms): skipped
[2025-05-12T23:25:33.688+0300][1043.668s][36520] GC(24780)       Update Derived Pointers (ms):  Min:  0.0, Avg:  0.0, Max:  0.0, Diff:  0.0, Sum:  0.0, Workers: 1
[2025-05-12T23:25:33.688+0300][1043.668s][36520] GC(24780)       Eagerly Reclaim Humongous Objects (ms): skipped
[2025-05-12T23:25:33.688+0300][1043.668s][36520] GC(24780)         Humongous Total                skipped
[2025-05-12T23:25:33.688+0300][1043.668s][36520] GC(24780)         Humongous Candidates           skipped
[2025-05-12T23:25:33.688+0300][1043.668s][36520] GC(24780)         Humongous Reclaimed            skipped
[2025-05-12T23:25:33.688+0300][1043.668s][36520] GC(24780)       Redirty Logged Cards (ms):     Min:  0.0, Avg:  0.0, Max:  0.0, Diff:  0.0, Sum:  0.0, Workers: 2
[2025-05-12T23:25:33.688+0300][1043.668s][36520] GC(24780)         Redirtied Cards:               Min: 0, Avg:  0.0, Max: 0, Diff: 0, Sum: 0, Workers: 2
[2025-05-12T23:25:33.688+0300][1043.668s][36520] GC(24780)       Resize TLABs (ms):             Min:  0.0, Avg:  0.0, Max:  0.0, Diff:  0.0, Sum:  0.0, Workers: 2
[2025-05-12T23:25:33.688+0300][1043.668s][36520] GC(24780)       Free Collection Set (ms):      Min:  0.0, Avg:  0.0, Max:  0.0, Diff:  0.0, Sum:  0.0, Workers: 2
[2025-05-12T23:25:33.688+0300][1043.668s][36520] GC(24780)     Rebuild Free List: 0.0ms
[2025-05-12T23:25:33.688+0300][1043.668s][36520] GC(24780)     Prepare For Mutator: 0.1ms
[2025-05-12T23:25:33.688+0300][1043.668s][36520] GC(24780)     Expand Heap After Collection: 0.0ms
[2025-05-12T23:25:33.688+0300][1043.668s][36520] GC(24780)   Other: 0.3ms
[2025-05-12T23:25:33.688+0300][1043.668s][36520] GC(24780) Coarsening (recent): Inline->AoC 0 (0) AoC->Howl 0 (0) Howl->Full 0 (0) Inline->AoC 0 (0) AoC->BitMap 0 (0) BitMap->Full 0 (0) 
[2025-05-12T23:25:33.688+0300][1043.668s][36520] GC(24780) Coarsening (all): Inline->AoC 10920 (0) AoC->Howl 7731 (0) Howl->Full 0 (0) Inline->AoC 10809 (0) AoC->BitMap 7399 (0) BitMap->Full 0 (0) 
[2025-05-12T23:25:33.688+0300][1043.668s][36520] GC(24780) Eden regions: 1->0(0)
[2025-05-12T23:25:33.688+0300][1043.668s][36520] GC(24780) Survivor regions: 0->0(0)
[2025-05-12T23:25:33.688+0300][1043.668s][36520] GC(24780) Old regions: 11->12
[2025-05-12T23:25:33.688+0300][1043.668s][36520] GC(24780) Humongous regions: 0->0
[2025-05-12T23:25:33.688+0300][1043.668s][36520] GC(24780) Metaspace: 10759K(12736K)->10759K(12736K) NonClass: 9683K(11328K)->9683K(11328K) Class: 1076K(1408K)->1076K(1408K)
[2025-05-12T23:25:33.688+0300][1043.668s][36520] GC(24780) Heap after GC invocations=21230 (full 7121):
[2025-05-12T23:25:33.688+0300][1043.668s][36520] GC(24780)  garbage-first heap   total 12288K, used 12267K [0x00000000ff400000, 0x0000000100000000)
[2025-05-12T23:25:33.688+0300][1043.668s][36520] GC(24780)   region size 1024K, 0 young (0K), 0 survivors (0K)
[2025-05-12T23:25:33.688+0300][1043.668s][36520] GC(24780)  Metaspace       used 10759K, committed 12736K, reserved 1114112K
[2025-05-12T23:25:33.688+0300][1043.668s][36520] GC(24780)   class space    used 1076K, committed 1408K, reserved 1048576K
[2025-05-12T23:25:33.688+0300][1043.668s][36520] GC(24780) Pause Young (Concurrent Start) (G1 Evacuation Pause) (Evacuation Failure) 11M->11M(12M) 2.700ms
[2025-05-12T23:25:33.689+0300][1043.668s][36520] GC(24780) User=0.00s Sys=0.00s Real=0.00s
[2025-05-12T23:25:33.689+0300][1043.668s][34628] GC(24781) Concurrent Mark Cycle
[2025-05-12T23:25:33.689+0300][1043.668s][36520] Attempt heap expansion (allocation request failed). Allocation request: 16400B
[2025-05-12T23:25:33.689+0300][1043.668s][34628] GC(24781) Concurrent Scan Root Regions
[2025-05-12T23:25:33.689+0300][1043.668s][36520] Expand the heap. requested expansion amount: 1048576B expansion amount: 1048576B
[2025-05-12T23:25:33.689+0300][1043.668s][34628] GC(24781) Concurrent Scan Root Regions 0.055ms
[2025-05-12T23:25:33.689+0300][1043.668s][36520] Did not expand the heap (heap already fully expanded)
[2025-05-12T23:25:33.689+0300][1043.668s][34628] GC(24781) Concurrent Mark
[2025-05-12T23:25:33.689+0300][1043.668s][36520] Attempting full compaction
[2025-05-12T23:25:33.689+0300][1043.668s][34628] GC(24781) Concurrent Mark From Roots
[2025-05-12T23:25:33.689+0300][1043.668s][36520] GC(24782) Pause Full (G1 Compaction Pause)
[2025-05-12T23:25:33.689+0300][1043.668s][34628] GC(24781) Using 3 workers of 3 for marking
[2025-05-12T23:25:33.689+0300][1043.668s][36520] GC(24782) Heap before GC invocations=21230 (full 7121):
[2025-05-12T23:25:33.689+0300][1043.668s][36520] GC(24782)  garbage-first heap   total 12288K, used 12267K [0x00000000ff400000, 0x0000000100000000)
[2025-05-12T23:25:33.689+0300][1043.668s][36520] GC(24782)   region size 1024K, 0 young (0K), 0 survivors (0K)
[2025-05-12T23:25:33.689+0300][1043.668s][36520] GC(24782)  Metaspace       used 10759K, committed 12736K, reserved 1114112K
[2025-05-12T23:25:33.689+0300][1043.669s][36520] GC(24782)   class space    used 1076K, committed 1408K, reserved 1048576K
[2025-05-12T23:25:33.689+0300][1043.669s][36520] GC(24782) Requesting 1 active workers for full compaction (waste limited workers: 1, adaptive workers: 2, used limited workers: 12)
[2025-05-12T23:25:33.689+0300][1043.669s][36520] GC(24782) Using 1 workers of 10 for full compaction
[2025-05-12T23:25:33.689+0300][1043.669s][36520] GC(24782) Clear Bitmap
[2025-05-12T23:25:33.689+0300][1043.669s][36520] GC(24782) Running G1 Clear Bitmap with 1 workers for 1 work units.
[2025-05-12T23:25:33.689+0300][1043.669s][36520] GC(24782) Clear Bitmap 0.054ms
[2025-05-12T23:25:33.689+0300][1043.669s][36520] GC(24782) Mutator Allocation stats, regions: 0, wasted size: 0B ( 0.0%)
[2025-05-12T23:25:33.689+0300][1043.669s][36520] GC(24782) Phase 1: Mark live objects
[2025-05-12T23:25:33.698+0300][1043.677s][36520] GC(24782) Phase 1: Reference Processing
[2025-05-12T23:25:33.698+0300][1043.677s][36520] GC(24782) ReferenceProcessor::execute queues: 1, RefProcThreadModel::Single, marks_oops_alive: false
[2025-05-12T23:25:33.698+0300][1043.677s][36520] GC(24782) Skipped KeepAliveFinalRefsPhase of Reference Processing: no references
[2025-05-12T23:25:33.698+0300][1043.677s][36520] GC(24782) ReferenceProcessor::execute queues: 1, RefProcThreadModel::Single, marks_oops_alive: false
[2025-05-12T23:25:33.698+0300][1043.677s][36520] GC(24782) Reference Processing: 0.0ms
[2025-05-12T23:25:33.698+0300][1043.677s][36520] GC(24782)   Notify Soft/WeakReferences: 0.0ms
[2025-05-12T23:25:33.698+0300][1043.677s][36520] GC(24782)     SoftRef: 0.0ms
[2025-05-12T23:25:33.698+0300][1043.677s][36520] GC(24782)     WeakRef: 0.0ms
[2025-05-12T23:25:33.698+0300][1043.677s][36520] GC(24782)     FinalRef: 0.0ms
[2025-05-12T23:25:33.698+0300][1043.677s][36520] GC(24782)     Total: 0.0ms
[2025-05-12T23:25:33.698+0300][1043.677s][36520] GC(24782)   Notify and keep alive finalizable: 0.0ms
[2025-05-12T23:25:33.698+0300][1043.677s][36520] GC(24782)     FinalRef: skipped
[2025-05-12T23:25:33.698+0300][1043.677s][36520] GC(24782)   Notify PhantomReferences: 0.0ms
[2025-05-12T23:25:33.698+0300][1043.677s][36520] GC(24782)     PhantomRef: 0.0ms
[2025-05-12T23:25:33.698+0300][1043.677s][36520] GC(24782)   SoftReference Discovered: 46, Dropped: 4, Processed: 42
[2025-05-12T23:25:33.698+0300][1043.677s][36520] GC(24782)   WeakReference Discovered: 33, Dropped: 14, Processed: 19
[2025-05-12T23:25:33.698+0300][1043.677s][36520] GC(24782)   FinalReference Discovered: 0, Dropped: 0, Processed: 0
[2025-05-12T23:25:33.698+0300][1043.677s][36520] GC(24782)   PhantomReference Discovered: 23, Dropped: 23, Processed: 0
[2025-05-12T23:25:33.698+0300][1043.677s][36520] GC(24782) Phase 1: Reference Processing 0.219ms
[2025-05-12T23:25:33.698+0300][1043.677s][36520] GC(24782) Phase 1: Weak Processing
[2025-05-12T23:25:33.698+0300][1043.677s][36520] GC(24782)   VM Weak                        Min:  0.0, Avg:  0.0, Max:  0.0, Diff:  0.0, Sum:  0.0, Workers: 10
[2025-05-12T23:25:33.698+0300][1043.677s][36520] GC(24782)     Dead                           Min: 0, Avg:  2.0, Max: 20, Diff: 20, Sum: 20, Workers: 10
[2025-05-12T23:25:33.698+0300][1043.677s][36520] GC(24782)     Total                          Min: 0, Avg:  6.7, Max: 59, Diff: 59, Sum: 67, Workers: 10
[2025-05-12T23:25:33.698+0300][1043.677s][36520] GC(24782)   ObjectSynchronizer Weak        Min:  0.0, Avg:  0.0, Max:  0.0, Diff:  0.0, Sum:  0.0, Workers: 10
[2025-05-12T23:25:33.698+0300][1043.677s][36520] GC(24782)     Dead                           Min: 0, Avg:  0.0, Max: 0, Diff: 0, Sum: 0, Workers: 10
[2025-05-12T23:25:33.698+0300][1043.677s][36520] GC(24782)     Total                          Min: 0, Avg:  0.1, Max: 1, Diff: 1, Sum: 1, Workers: 10
[2025-05-12T23:25:33.698+0300][1043.677s][36520] GC(24782)   JVMTI Tag Weak OopStorage      Min:  0.0, Avg:  0.1, Max:  0.1, Diff:  0.1, Sum:  0.6, Workers: 10
[2025-05-12T23:25:33.698+0300][1043.677s][36520] GC(24782)     Dead                           Min: 0, Avg:  2.0, Max: 20, Diff: 20, Sum: 20, Workers: 10
[2025-05-12T23:25:33.698+0300][1043.677s][36520] GC(24782)     Total                          Min: 0, Avg: 6289.9, Max: 7171, Diff: 7171, Sum: 62899, Workers: 10
[2025-05-12T23:25:33.698+0300][1043.677s][36520] GC(24782)   StringTable Weak               Min:  0.0, Avg:  0.0, Max:  0.0, Diff:  0.0, Sum:  0.2, Workers: 10
[2025-05-12T23:25:33.698+0300][1043.677s][36520] GC(24782)     Dead                           Min: 0, Avg:  7.3, Max: 26, Diff: 26, Sum: 73, Workers: 10
[2025-05-12T23:25:33.698+0300][1043.677s][36520] GC(24782)     Total                          Min: 0, Avg: 3952.9, Max: 4736, Diff: 4736, Sum: 39529, Workers: 10
[2025-05-12T23:25:33.698+0300][1043.677s][36520] GC(24782)   ResolvedMethodTable Weak       Min:  0.0, Avg:  0.0, Max:  0.0, Diff:  0.0, Sum:  0.0, Workers: 10
[2025-05-12T23:25:33.698+0300][1043.677s][36520] GC(24782)     Dead                           Min: 0, Avg:  3.7, Max: 13, Diff: 13, Sum: 37, Workers: 10
[2025-05-12T23:25:33.698+0300][1043.677s][36520] GC(24782)     Total                          Min: 0, Avg: 77.7, Max: 128, Diff: 128, Sum: 777, Workers: 10
[2025-05-12T23:25:33.698+0300][1043.677s][36520] GC(24782)   JNI Weak                       Min:  0.0, Avg:  0.0, Max:  0.0, Diff:  0.0, Sum:  0.0, Workers: 10
[2025-05-12T23:25:33.698+0300][1043.677s][36520] GC(24782)     Dead                           Min: 0, Avg:  0.0, Max: 0, Diff: 0, Sum: 0, Workers: 10
[2025-05-12T23:25:33.698+0300][1043.677s][36520] GC(24782)     Total                          Min: 0, Avg:  1.1, Max: 11, Diff: 11, Sum: 11, Workers: 10
[2025-05-12T23:25:33.698+0300][1043.677s][36520] GC(24782)   StringDedup Table Weak         Min:  0.0, Avg:  0.0, Max:  0.0, Diff:  0.0, Sum:  0.0, Workers: 10
[2025-05-12T23:25:33.698+0300][1043.677s][36520] GC(24782)     Dead                           Min: 0, Avg:  0.0, Max: 0, Diff: 0, Sum: 0, Workers: 10
[2025-05-12T23:25:33.698+0300][1043.677s][36520] GC(24782)     Total                          Min: 0, Avg:  0.0, Max: 0, Diff: 0, Sum: 0, Workers: 10
[2025-05-12T23:25:33.698+0300][1043.677s][36520] GC(24782)   StringDedup Requests0 Weak     Min:  0.0, Avg:  0.0, Max:  0.0, Diff:  0.0, Sum:  0.0, Workers: 10
[2025-05-12T23:25:33.698+0300][1043.677s][36520] GC(24782)     Dead                           Min: 0, Avg:  0.0, Max: 0, Diff: 0, Sum: 0, Workers: 10
[2025-05-12T23:25:33.698+0300][1043.677s][36520] GC(24782)     Total                          Min: 0, Avg:  0.0, Max: 0, Diff: 0, Sum: 0, Workers: 10
[2025-05-12T23:25:33.698+0300][1043.677s][36520] GC(24782)   StringDedup Requests1 Weak     Min:  0.0, Avg:  0.0, Max:  0.0, Diff:  0.0, Sum:  0.0, Workers: 10
[2025-05-12T23:25:33.698+0300][1043.677s][36520] GC(24782)     Dead                           Min: 0, Avg:  0.0, Max: 0, Diff: 0, Sum: 0, Workers: 10
[2025-05-12T23:25:33.698+0300][1043.677s][36520] GC(24782)     Total                          Min: 0, Avg:  0.0, Max: 0, Diff: 0, Sum: 0, Workers: 10
[2025-05-12T23:25:33.698+0300][1043.677s][36520] GC(24782)   Weak JFR Old Object Samples    Min:  0.0, Avg:  0.0, Max:  0.0, Diff:  0.0, Sum:  0.0, Workers: 10
[2025-05-12T23:25:33.698+0300][1043.677s][36520] GC(24782)     Dead                           Min: 0, Avg:  0.0, Max: 0, Diff: 0, Sum: 0, Workers: 10
[2025-05-12T23:25:33.698+0300][1043.677s][36520] GC(24782)     Total                          Min: 0, Avg:  0.0, Max: 0, Diff: 0, Sum: 0, Workers: 10
[2025-05-12T23:25:33.698+0300][1043.677s][36520] GC(24782) Phase 1: Weak Processing 0.489ms
[2025-05-12T23:25:33.698+0300][1043.677s][36520] GC(24782) Phase 1: Class Unloading and Cleanup
[2025-05-12T23:25:33.698+0300][1043.677s][36520] GC(24782) ClassLoaderData
[2025-05-12T23:25:33.698+0300][1043.677s][36520] GC(24782) ClassLoaderData 0.079ms
[2025-05-12T23:25:33.698+0300][1043.677s][36520] GC(24782) Trigger cleanups
[2025-05-12T23:25:33.698+0300][1043.677s][36520] GC(24782) Trigger cleanups 0.011ms
[2025-05-12T23:25:33.704+0300][1043.683s][36520] GC(24782) Phase 1: Class Unloading and Cleanup 5.479ms
[2025-05-12T23:25:33.704+0300][1043.683s][36520] GC(24782) Report Object Count
[2025-05-12T23:25:33.704+0300][1043.683s][36520] GC(24782) Report Object Count 0.013ms
[2025-05-12T23:25:33.704+0300][1043.683s][36520] GC(24782) Phase 1: Mark live objects 14.260ms
[2025-05-12T23:25:33.704+0300][1043.683s][36520] GC(24782) Phase 2: Prepare compaction
[2025-05-12T23:25:33.704+0300][1043.683s][36520] GC(24782) Phase 2: Determine work lists
[2025-05-12T23:25:33.704+0300][1043.683s][36520] GC(24782) Phase 2: Determine work lists 0.010ms
[2025-05-12T23:25:33.704+0300][1043.683s][36520] GC(24782) Phase 2: Prepare parallel compaction
[2025-05-12T23:25:33.704+0300][1043.683s][36520] GC(24782) Phase 2: Prepare parallel compaction 0.184ms
[2025-05-12T23:25:33.704+0300][1043.683s][36520] GC(24782) Phase 2: Prepare compaction 0.232ms
[2025-05-12T23:25:33.704+0300][1043.683s][36520] GC(24782) Phase 3: Adjust pointers
[2025-05-12T23:25:33.709+0300][1043.687s][36520] GC(24782) Phase 3: Adjust pointers 4.222ms
[2025-05-12T23:25:33.709+0300][1043.687s][36520] GC(24782) Phase 4: Compact heap
[2025-05-12T23:25:33.709+0300][1043.688s][36520] GC(24782) Phase 4: Compact heap 0.157ms
[2025-05-12T23:25:33.709+0300][1043.688s][36520] GC(24782) Phase 5: Reset Metadata
[2025-05-12T23:25:33.711+0300][1043.689s][36520] GC(24782) Phase 5: Reset Metadata 1.690ms
[2025-05-12T23:25:33.711+0300][1043.690s][36520] GC(24782) Running G1 Clear Bitmap with 1 workers for 1 work units.
[2025-05-12T23:25:33.712+0300][1043.691s][36520] Old generation allocation in the last mutator period, old gen allocated: 0B, humongous allocated: 0B, old gen growth: 0B.
[2025-05-12T23:25:33.712+0300][1043.691s][36520] GC(24782) Coarsening (recent): Inline->AoC 0 (0) AoC->Howl 0 (0) Howl->Full 0 (0) Inline->AoC 0 (0) AoC->BitMap 0 (0) BitMap->Full 0 (0) 
[2025-05-12T23:25:33.712+0300][1043.691s][36520] GC(24782) Coarsening (all): Inline->AoC 10920 (0) AoC->Howl 7731 (0) Howl->Full 0 (0) Inline->AoC 10809 (0) AoC->BitMap 7399 (0) BitMap->Full 0 (0) 
[2025-05-12T23:25:33.712+0300][1043.691s][36520] GC(24782) Eden regions: 0->0(1)
[2025-05-12T23:25:33.712+0300][1043.691s][36520] GC(24782) Survivor regions: 0->0(0)
[2025-05-12T23:25:33.712+0300][1043.691s][36520] GC(24782) Old regions: 12->11
[2025-05-12T23:25:33.712+0300][1043.691s][36520] GC(24782) Humongous regions: 0->0
[2025-05-12T23:25:33.712+0300][1043.691s][36520] GC(24782) Metaspace: 10759K(12736K)->10718K(12736K) NonClass: 9683K(11328K)->9653K(11328K) Class: 1076K(1408K)->1064K(1408K)
[2025-05-12T23:25:33.712+0300][1043.691s][36520] GC(24782) Heap after GC invocations=21231 (full 7122):
[2025-05-12T23:25:33.712+0300][1043.691s][36520] GC(24782)  garbage-first heap   total 12288K, used 11217K [0x00000000ff400000, 0x0000000100000000)
[2025-05-12T23:25:33.712+0300][1043.691s][36520] GC(24782)   region size 1024K, 0 young (0K), 0 survivors (0K)
[2025-05-12T23:25:33.712+0300][1043.691s][36520] GC(24782)  Metaspace       used 10718K, committed 12736K, reserved 1114112K
[2025-05-12T23:25:33.712+0300][1043.691s][36520] GC(24782)   class space    used 1064K, committed 1408K, reserved 1048576K
[2025-05-12T23:25:33.712+0300][1043.691s][36520] GC(24782) Pause Full (G1 Compaction Pause) 11M->10M(12M) 22.690ms
[2025-05-12T23:25:33.712+0300][1043.691s][36520] GC(24782) User=0.00s Sys=0.00s Real=0.02s
[2025-05-12T23:25:33.712+0300][1043.691s][9340 ] G1 Service Thread (Card Set Free Memory Task) (run: 24.514ms) (cpu: 0.000ms)
[2025-05-12T23:25:33.712+0300][1043.691s][34628] ---------------------------------------------------------------------
[2025-05-12T23:25:33.712+0300][1043.691s][34628] Marking Stats, task = 0, calls = 0
[2025-05-12T23:25:33.712+0300][1043.691s][34628]   Elapsed time = 0.00ms, Termination time = 0.00ms
[2025-05-12T23:25:33.712+0300][1043.691s][34628]   Step Times (cum): num = 5369, avg = 0.16ms, sd = 1.55ms max = 16.00ms, total = 833.00ms
[2025-05-12T23:25:33.712+0300][1043.691s][34628]   Mark Stats Cache: hits 4424 misses 0 ratio 100.000
[2025-05-12T23:25:33.713+0300][1043.691s][34628] ---------------------------------------------------------------------
[2025-05-12T23:25:33.713+0300][1043.691s][34628] Marking Stats, task = 1, calls = 0
[2025-05-12T23:25:33.713+0300][1043.691s][34628]   Elapsed time = 0.00ms, Termination time = 0.00ms
[2025-05-12T23:25:33.713+0300][1043.691s][34628]   Step Times (cum): num = 13793, avg = 0.02ms, sd = 0.58ms max = 16.00ms, total = 296.00ms
[2025-05-12T23:25:33.713+0300][1043.691s][34628]   Mark Stats Cache: hits 1973 misses 0 ratio 100.000
[2025-05-12T23:25:33.713+0300][1043.691s][34628] ---------------------------------------------------------------------
[2025-05-12T23:25:33.713+0300][1043.691s][34628] Marking Stats, task = 2, calls = 0
[2025-05-12T23:25:33.713+0300][1043.691s][34628]   Elapsed time = 0.00ms, Termination time = 0.00ms
[2025-05-12T23:25:33.713+0300][1043.691s][34628]   Step Times (cum): num = 13231, avg = 0.02ms, sd = 0.61ms max = 16.00ms, total = 313.00ms
[2025-05-12T23:25:33.713+0300][1043.691s][34628]   Mark Stats Cache: hits 0 misses 0 ratio 0.000
[2025-05-12T23:25:33.713+0300][1043.691s][34628] ---------------------------------------------------------------------
[2025-05-12T23:25:33.713+0300][1043.691s][34628] GC(24781) Concurrent Mark From Roots 23.054ms
[2025-05-12T23:25:33.713+0300][1043.691s][34628] GC(24781) Concurrent Mark Abort
[2025-05-12T23:25:33.713+0300][1043.691s][34628] GC(24781) Concurrent Mark Cycle 23.277ms
[2025-05-12T23:25:33.740+0300][1043.719s][36520] GC(24783) Pause Young (Normal) (G1 Evacuation Pause)
[2025-05-12T23:25:33.740+0300][1043.719s][36520] GC(24783) Heap before GC invocations=21231 (full 7122):
[2025-05-12T23:25:33.740+0300][1043.719s][36520] GC(24783)  garbage-first heap   total 12288K, used 12241K [0x00000000ff400000, 0x0000000100000000)
[2025-05-12T23:25:33.740+0300][1043.719s][36520] GC(24783)   region size 1024K, 1 young (1024K), 0 survivors (0K)
[2025-05-12T23:25:33.740+0300][1043.719s][36520] GC(24783)  Metaspace       used 10759K, committed 12736K, reserved 1114112K
[2025-05-12T23:25:33.740+0300][1043.719s][36520] GC(24783)   class space    used 1076K, committed 1408K, reserved 1048576K
[2025-05-12T23:25:33.740+0300][1043.719s][36520] GC(24783) Using 2 workers of 10 for evacuation
[2025-05-12T23:25:33.740+0300][1043.719s][36520] GC(24783) Desired survivor size 524288 bytes, new threshold 15 (max threshold 15)
[2025-05-12T23:25:33.740+0300][1043.719s][36520] GC(24783) TLAB totals: thrds: 1  refills: 311 max: 311 slow allocs: 152 max 152 waste: 22.0% gc: 0B max: 0B slow: 186232B max: 186232B
[2025-05-12T23:25:33.740+0300][1043.719s][36520] GC(24783) Mutator refinement: 0.00ms, refined: 0, precleaned: 0, dirtied: 100
[2025-05-12T23:25:33.740+0300][1043.719s][36520] GC(24783) Concurrent refinement: 0.00ms, refined: 0, precleaned: 0, dirtied: 0
[2025-05-12T23:25:33.740+0300][1043.719s][36520] GC(24783) Total refinement: 0.00ms, refined: 0, precleaned: 0, dirtied: 100
[2025-05-12T23:25:33.740+0300][1043.719s][36520] GC(24783) Generate dirty cards rate: 3.55 cards/ms
[2025-05-12T23:25:33.740+0300][1043.719s][36520] GC(24783) Mutator Allocation stats, regions: 1, wasted size: 1040B ( 0.1%)
[2025-05-12T23:25:33.740+0300][1043.719s][36520] GC(24783) No candidates to reclaim.
[2025-05-12T23:25:33.740+0300][1043.719s][36520] GC(24783) Running G1 Merge Heap Roots using 2 workers for 1 regions
[2025-05-12T23:25:33.740+0300][1043.719s][36520] GC(24783) Visited cards 1120 Total dirty 12288 (9.11%) Total old 26624 (4.21%)
[2025-05-12T23:25:33.740+0300][1043.720s][23404] GC(24783) Attempt heap expansion (region allocation request failed). Allocation request: 2064B
[2025-05-12T23:25:33.740+0300][1043.720s][23404] GC(24783) Did not expand the heap (heap already fully expanded)
[2025-05-12T23:25:33.740+0300][1043.720s][36520] GC(24783) ReferenceProcessor::execute queues: 1, RefProcThreadModel::Single, marks_oops_alive: false
[2025-05-12T23:25:33.740+0300][1043.720s][36520] GC(24783) Skipped KeepAliveFinalRefsPhase of Reference Processing: no references
[2025-05-12T23:25:33.740+0300][1043.720s][36520] GC(24783) Skipped PhantomRefsPhase of Reference Processing: no references
[2025-05-12T23:25:33.740+0300][1043.720s][36520] GC(24783) Initializing removing self forwards with 64 chunks per region
[2025-05-12T23:25:33.740+0300][1043.720s][36520] GC(24783) Running G1 Rebuild Free List Task using 2 workers for rebuilding free list of regions
[2025-05-12T23:25:33.740+0300][1043.720s][36520] GC(24783) Young PLAB allocation: allocated: 0B, wasted: 0B, unused: 0B, used: 0B, undo waste: 0B, 
[2025-05-12T23:25:33.740+0300][1043.720s][36520] GC(24783) Young other allocation: region end waste: 0B, regions filled: 0, num plab filled: 2, direct allocated: 0B, num direct allocated: 0, failure used: 0B, failure wasted: 0B
[2025-05-12T23:25:33.740+0300][1043.720s][36520] GC(24783) Young sizing: calculated: 0B, actual: 2064B
[2025-05-12T23:25:33.740+0300][1043.720s][36520] GC(24783) Old PLAB allocation: allocated: 0B, wasted: 0B, unused: 0B, used: 0B, undo waste: 0B, 
[2025-05-12T23:25:33.740+0300][1043.720s][36520] GC(24783) Old other allocation: region end waste: 0B, regions filled: 0, num plab filled: 2, direct allocated: 0B, num direct allocated: 0, failure used: 151432B, failure wasted: 897144B
[2025-05-12T23:25:33.740+0300][1043.720s][36520] GC(24783) Old sizing: calculated: 0B, actual: 2064B
[2025-05-12T23:25:33.740+0300][1043.720s][36520] GC(24783) Heap expansion: short term pause time ratio 40.89% long term pause time ratio 40.49% threshold 7.69% pause time ratio 7.69% fully expanded true resize by 0B
[2025-05-12T23:25:33.742+0300][1043.720s][36520] GC(24783) Request concurrent cycle initiation (occupancy higher than threshold) occupancy: 12582912B allocation request: 0B threshold: 3708195B (29.47) source: end of GC
[2025-05-12T23:25:33.742+0300][1043.720s][9340 ] G1 Service Thread (Card Set Free Memory Task) (run 0.040ms after schedule)
[2025-05-12T23:25:33.742+0300][1043.720s][36520] GC(24783) MMU: 5.4ms (200.0ms/201.0ms)
[2025-05-12T23:25:33.742+0300][1043.720s][36520] Old generation allocation in the last mutator period, old gen allocated: 1048576B, humongous allocated: 0B, old gen growth: 1048576B.
[2025-05-12T23:25:33.742+0300][1043.720s][36520] GC(24783) Basic information (value update), threshold: 3758642B (29.87), target occupancy: 12582912B, current occupancy: 12535184B, recent allocation size: 1048576B, recent allocation duration: 28.19ms, recent old gen allocation rate: 37194361.48B/s, recent marking phase length: 120.12ms
[2025-05-12T23:25:33.742+0300][1043.720s][36520] GC(24783) Adaptive IHOP information (value update), threshold: 3758642B (35.14), internal target occupancy: 10695475B, occupancy: 12535184B, additional buffer size: 1048576B, predicted old gen allocation rate: 48791160.54B/s, predicted marking phase length: 120.68ms, prediction active: true
[2025-05-12T23:25:33.742+0300][1043.720s][36520] GC(24783) GC refinement: goal: 18446744073709551615 + 102 / 20.00ms, actual: 100 / 0.04ms, 
[2025-05-12T23:25:33.742+0300][1043.720s][36520] GC(24783) Unchanged pending cards target: 18446744073709551615
[2025-05-12T23:25:33.742+0300][1043.720s][36520] GC(24783)   Pre Evacuate Collection Set: 0.2ms
[2025-05-12T23:25:33.742+0300][1043.720s][36520] GC(24783)     Pre Evacuate Prepare: 0.1ms
[2025-05-12T23:25:33.742+0300][1043.720s][36520] GC(24783)       JT Retire TLABs And Flush Logs (ms): Min:  0.0, Avg:  0.0, Max:  0.0, Diff:  0.0, Sum:  0.0, Workers: 2
[2025-05-12T23:25:33.742+0300][1043.720s][36520] GC(24783)       Non-JT Flush Logs (ms):        Min:  0.0, Avg:  0.0, Max:  0.0, Diff:  0.0, Sum:  0.0, Workers: 1
[2025-05-12T23:25:33.742+0300][1043.720s][36520] GC(24783)     Choose Collection Set: 0.0ms
[2025-05-12T23:25:33.742+0300][1043.720s][36520] GC(24783)     Region Register: 0.1ms
[2025-05-12T23:25:33.742+0300][1043.720s][36520] GC(24783)     Prepare Heap Roots: 0.0ms
[2025-05-12T23:25:33.742+0300][1043.721s][36520] GC(24783)   Merge Heap Roots: 0.1ms
[2025-05-12T23:25:33.742+0300][1043.721s][36520] GC(24783)     Prepare Merge Heap Roots: 0.0ms
[2025-05-12T23:25:33.742+0300][1043.721s][36520] GC(24783)     Remembered Sets (ms):          Min:  0.0, Avg:  0.0, Max:  0.0, Diff:  0.0, Sum:  0.0, Workers: 2
[2025-05-12T23:25:33.742+0300][1043.721s][36520] GC(24783)       Eager Reclaim (ms):            skipped
[2025-05-12T23:25:33.742+0300][1043.721s][36520] GC(24783)       Merged Inline                  Min: 0, Avg:  0.0, Max: 0, Diff: 0, Sum: 0, Workers: 2
[2025-05-12T23:25:33.742+0300][1043.721s][36520] GC(24783)       Merged ArrayOfCards            Min: 0, Avg:  0.0, Max: 0, Diff: 0, Sum: 0, Workers: 2
[2025-05-12T23:25:33.742+0300][1043.721s][36520] GC(24783)       Merged Howl                    Min: 0, Avg:  0.0, Max: 0, Diff: 0, Sum: 0, Workers: 2
[2025-05-12T23:25:33.742+0300][1043.721s][36520] GC(24783)       Merged Full                    Min: 0, Avg:  0.0, Max: 0, Diff: 0, Sum: 0, Workers: 2
[2025-05-12T23:25:33.742+0300][1043.721s][36520] GC(24783)       Merged Howl Inline             Min: 0, Avg:  0.0, Max: 0, Diff: 0, Sum: 0, Workers: 2
[2025-05-12T23:25:33.742+0300][1043.721s][36520] GC(24783)       Merged Howl ArrayOfCards       Min: 0, Avg:  0.0, Max: 0, Diff: 0, Sum: 0, Workers: 2
[2025-05-12T23:25:33.742+0300][1043.721s][36520] GC(24783)       Merged Howl BitMap             Min: 0, Avg:  0.0, Max: 0, Diff: 0, Sum: 0, Workers: 2
[2025-05-12T23:25:33.742+0300][1043.721s][36520] GC(24783)       Merged Howl Full               Min: 0, Avg:  0.0, Max: 0, Diff: 0, Sum: 0, Workers: 2
[2025-05-12T23:25:33.742+0300][1043.721s][36520] GC(24783)       Merged Cards                   Min: 8, Avg:  8.0, Max: 8, Diff: 0, Sum: 16, Workers: 2
[2025-05-12T23:25:33.742+0300][1043.721s][36520] GC(24783)     Log Buffers (ms):              Min:  0.0, Avg:  0.0, Max:  0.0, Diff:  0.0, Sum:  0.0, Workers: 2
[2025-05-12T23:25:33.742+0300][1043.721s][36520] GC(24783)       Dirty Cards:                   Min: 0, Avg: 50.0, Max: 100, Diff: 100, Sum: 100, Workers: 2
[2025-05-12T23:25:33.742+0300][1043.721s][36520] GC(24783)       Skipped Cards:                 Min: 0, Avg:  0.0, Max: 0, Diff: 0, Sum: 0, Workers: 2
[2025-05-12T23:25:33.742+0300][1043.721s][36520] GC(24783)   Evacuate Collection Set: 0.3ms
[2025-05-12T23:25:33.742+0300][1043.721s][36520] GC(24783)     Ext Root Scanning (ms):        Min:  0.1, Avg:  0.1, Max:  0.1, Diff:  0.0, Sum:  0.2, Workers: 2
[2025-05-12T23:25:33.742+0300][1043.721s][36520] GC(24783)     Scan Heap Roots (ms):          Min:  0.0, Avg:  0.0, Max:  0.0, Diff:  0.0, Sum:  0.1, Workers: 2
[2025-05-12T23:25:33.742+0300][1043.721s][36520] GC(24783)       Scanned Cards:                 Min: 49, Avg: 50.0, Max: 51, Diff: 2, Sum: 100, Workers: 2
[2025-05-12T23:25:33.742+0300][1043.721s][36520] GC(24783)       Scanned Blocks:                Min: 31, Avg: 33.5, Max: 36, Diff: 5, Sum: 67, Workers: 2
[2025-05-12T23:25:33.742+0300][1043.721s][36520] GC(24783)       Claimed Chunks:                Min: 15, Avg: 17.5, Max: 20, Diff: 5, Sum: 35, Workers: 2
[2025-05-12T23:25:33.742+0300][1043.721s][36520] GC(24783)       Found Roots:                   Min: 43, Avg: 59.0, Max: 75, Diff: 32, Sum: 118, Workers: 2
[2025-05-12T23:25:33.742+0300][1043.721s][36520] GC(24783)     Code Root Scan (ms):           Min:  0.0, Avg:  0.0, Max:  0.0, Diff:  0.0, Sum:  0.0, Workers: 2
[2025-05-12T23:25:33.742+0300][1043.721s][36520] GC(24783)     Object Copy (ms):              Min:  0.1, Avg:  0.1, Max:  0.1, Diff:  0.0, Sum:  0.3, Workers: 2
[2025-05-12T23:25:33.742+0300][1043.721s][36520] GC(24783)     Termination (ms):              Min:  0.0, Avg:  0.0, Max:  0.0, Diff:  0.0, Sum:  0.0, Workers: 2
[2025-05-12T23:25:33.742+0300][1043.721s][36520] GC(24783)       Termination Attempts:          Min: 1, Avg:  1.0, Max: 1, Diff: 0, Sum: 2, Workers: 2
[2025-05-12T23:25:33.742+0300][1043.721s][36520] GC(24783)     GC Worker Other (ms):          Min:  0.0, Avg:  0.0, Max:  0.0, Diff:  0.0, Sum:  0.0, Workers: 2
[2025-05-12T23:25:33.742+0300][1043.721s][36520] GC(24783)     GC Worker Total (ms):          Min:  0.3, Avg:  0.3, Max:  0.3, Diff:  0.0, Sum:  0.5, Workers: 2
[2025-05-12T23:25:33.742+0300][1043.721s][36520] GC(24783)   Post Evacuate Collection Set: 0.5ms
[2025-05-12T23:25:33.742+0300][1043.721s][36520] GC(24783)     NMethod List Cleanup: 0.0ms
[2025-05-12T23:25:33.742+0300][1043.721s][36520] GC(24783)     Reference Processing: 0.1ms
[2025-05-12T23:25:33.742+0300][1043.721s][36520] GC(24783)       Notify Soft/WeakReferences: 0.1ms
[2025-05-12T23:25:33.742+0300][1043.721s][36520] GC(24783)         SoftRef (ms):                  Min:  0.0, Avg:  0.0, Max:  0.0, Diff:  0.0, Sum:  0.0, Workers: 1
[2025-05-12T23:25:33.742+0300][1043.721s][36520] GC(24783)         WeakRef (ms):                  Min:  0.0, Avg:  0.0, Max:  0.0, Diff:  0.0, Sum:  0.0, Workers: 1
[2025-05-12T23:25:33.742+0300][1043.721s][36520] GC(24783)         FinalRef (ms):                 Min:  0.0, Avg:  0.0, Max:  0.0, Diff:  0.0, Sum:  0.0, Workers: 1
[2025-05-12T23:25:33.742+0300][1043.721s][36520] GC(24783)         Total (ms):                    Min:  0.0, Avg:  0.0, Max:  0.0, Diff:  0.0, Sum:  0.0, Workers: 1
[2025-05-12T23:25:33.742+0300][1043.721s][36520] GC(24783)       Notify and keep alive finalizable: 0.0ms
[2025-05-12T23:25:33.742+0300][1043.721s][36520] GC(24783)         FinalRef (ms):                 skipped
[2025-05-12T23:25:33.742+0300][1043.721s][36520] GC(24783)       Notify PhantomReferences: 0.0ms
[2025-05-12T23:25:33.742+0300][1043.721s][36520] GC(24783)         PhantomRef (ms):               skipped
[2025-05-12T23:25:33.742+0300][1043.721s][36520] GC(24783)       SoftReference Discovered: 0, Dropped: 0, Processed: 0
[2025-05-12T23:25:33.742+0300][1043.721s][36520] GC(24783)       WeakReference Discovered: 26, Dropped: 3, Processed: 23
[2025-05-12T23:25:33.742+0300][1043.721s][36520] GC(24783)       FinalReference Discovered: 0, Dropped: 0, Processed: 0
[2025-05-12T23:25:33.742+0300][1043.721s][36520] GC(24783)       PhantomReference Discovered: 0, Dropped: 0, Processed: 0
[2025-05-12T23:25:33.742+0300][1043.721s][36520] GC(24783)     Weak Processing: 0.1ms
[2025-05-12T23:25:33.742+0300][1043.721s][36520] GC(24783)       VM Weak                        Min:  0.0, Avg:  0.0, Max:  0.0, Diff:  0.0, Sum:  0.0, Workers: 10
[2025-05-12T23:25:33.742+0300][1043.721s][36520] GC(24783)         Dead                           Min: 0, Avg:  0.0, Max: 0, Diff: 0, Sum: 0, Workers: 10
[2025-05-12T23:25:33.742+0300][1043.721s][36520] GC(24783)         Total                          Min: 0, Avg:  6.7, Max: 60, Diff: 60, Sum: 67, Workers: 10
[2025-05-12T23:25:33.742+0300][1043.721s][36520] GC(24783)       ObjectSynchronizer Weak        Min:  0.0, Avg:  0.0, Max:  0.0, Diff:  0.0, Sum:  0.0, Workers: 10
[2025-05-12T23:25:33.742+0300][1043.721s][36520] GC(24783)         Dead                           Min: 0, Avg:  0.0, Max: 0, Diff: 0, Sum: 0, Workers: 10
[2025-05-12T23:25:33.742+0300][1043.721s][36520] GC(24783)         Total                          Min: 0, Avg:  0.1, Max: 1, Diff: 1, Sum: 1, Workers: 10
[2025-05-12T23:25:33.742+0300][1043.721s][36520] GC(24783)       JVMTI Tag Weak OopStorage      Min:  0.0, Avg:  0.1, Max:  0.1, Diff:  0.1, Sum:  0.7, Workers: 10
[2025-05-12T23:25:33.742+0300][1043.721s][36520] GC(24783)         Dead                           Min: 0, Avg:  0.0, Max: 0, Diff: 0, Sum: 0, Workers: 10
[2025-05-12T23:25:33.742+0300][1043.721s][36520] GC(24783)         Total                          Min: 4868, Avg: 6289.9, Max: 8774, Diff: 3906, Sum: 62899, Workers: 10
[2025-05-12T23:25:33.742+0300][1043.721s][36520] GC(24783)       StringTable Weak               Min:  0.0, Avg:  0.0, Max:  0.0, Diff:  0.0, Sum:  0.2, Workers: 10
[2025-05-12T23:25:33.742+0300][1043.721s][36520] GC(24783)         Dead                           Min: 0, Avg:  1.7, Max: 6, Diff: 6, Sum: 17, Workers: 10
[2025-05-12T23:25:33.742+0300][1043.721s][36520] GC(24783)         Total                          Min: 3134, Avg: 3952.9, Max: 4224, Diff: 1090, Sum: 39529, Workers: 10
[2025-05-12T23:25:33.742+0300][1043.721s][36520] GC(24783)       ResolvedMethodTable Weak       Min:  0.0, Avg:  0.0, Max:  0.0, Diff:  0.0, Sum:  0.0, Workers: 10
[2025-05-12T23:25:33.742+0300][1043.721s][36520] GC(24783)         Dead                           Min: 0, Avg:  0.0, Max: 0, Diff: 0, Sum: 0, Workers: 10
[2025-05-12T23:25:33.742+0300][1043.721s][36520] GC(24783)         Total                          Min: 0, Avg: 78.9, Max: 128, Diff: 128, Sum: 789, Workers: 10
[2025-05-12T23:25:33.742+0300][1043.721s][36520] GC(24783)       JNI Weak                       Min:  0.0, Avg:  0.0, Max:  0.0, Diff:  0.0, Sum:  0.0, Workers: 10
[2025-05-12T23:25:33.742+0300][1043.721s][36520] GC(24783)         Dead                           Min: 0, Avg:  0.0, Max: 0, Diff: 0, Sum: 0, Workers: 10
[2025-05-12T23:25:33.742+0300][1043.721s][36520] GC(24783)         Total                          Min: 0, Avg:  1.1, Max: 11, Diff: 11, Sum: 11, Workers: 10
[2025-05-12T23:25:33.742+0300][1043.721s][36520] GC(24783)       StringDedup Table Weak         Min:  0.0, Avg:  0.0, Max:  0.0, Diff:  0.0, Sum:  0.0, Workers: 10
[2025-05-12T23:25:33.742+0300][1043.721s][36520] GC(24783)         Dead                           Min: 0, Avg:  0.0, Max: 0, Diff: 0, Sum: 0, Workers: 10
[2025-05-12T23:25:33.742+0300][1043.721s][36520] GC(24783)         Total                          Min: 0, Avg:  0.0, Max: 0, Diff: 0, Sum: 0, Workers: 10
[2025-05-12T23:25:33.742+0300][1043.721s][36520] GC(24783)       StringDedup Requests0 Weak     Min:  0.0, Avg:  0.0, Max:  0.0, Diff:  0.0, Sum:  0.0, Workers: 10
[2025-05-12T23:25:33.742+0300][1043.721s][36520] GC(24783)         Dead                           Min: 0, Avg:  0.0, Max: 0, Diff: 0, Sum: 0, Workers: 10
[2025-05-12T23:25:33.742+0300][1043.721s][36520] GC(24783)         Total                          Min: 0, Avg:  0.0, Max: 0, Diff: 0, Sum: 0, Workers: 10
[2025-05-12T23:25:33.742+0300][1043.721s][36520] GC(24783)       StringDedup Requests1 Weak     Min:  0.0, Avg:  0.0, Max:  0.0, Diff:  0.0, Sum:  0.0, Workers: 10
[2025-05-12T23:25:33.742+0300][1043.721s][36520] GC(24783)         Dead                           Min: 0, Avg:  0.0, Max: 0, Diff: 0, Sum: 0, Workers: 10
[2025-05-12T23:25:33.742+0300][1043.721s][36520] GC(24783)         Total                          Min: 0, Avg:  0.0, Max: 0, Diff: 0, Sum: 0, Workers: 10
[2025-05-12T23:25:33.742+0300][1043.721s][36520] GC(24783)       Weak JFR Old Object Samples    Min:  0.0, Avg:  0.0, Max:  0.0, Diff:  0.0, Sum:  0.0, Workers: 10
[2025-05-12T23:25:33.742+0300][1043.721s][36520] GC(24783)         Dead                           Min: 0, Avg:  0.0, Max: 0, Diff: 0, Sum: 0, Workers: 10
[2025-05-12T23:25:33.742+0300][1043.721s][36520] GC(24783)         Total                          Min: 0, Avg:  0.0, Max: 0, Diff: 0, Sum: 0, Workers: 10
[2025-05-12T23:25:33.742+0300][1043.721s][36520] GC(24783)     Post Evacuate Cleanup 1: 0.1ms
[2025-05-12T23:25:33.742+0300][1043.721s][36520] GC(24783)       Merge Per-Thread State (ms):   Min:  0.0, Avg:  0.0, Max:  0.0, Diff:  0.0, Sum:  0.0, Workers: 1
[2025-05-12T23:25:33.742+0300][1043.721s][36520] GC(24783)         Copied Bytes                   Min: 0, Avg:  0.0, Max: 0, Diff: 0, Sum: 0, Workers: 2
[2025-05-12T23:25:33.742+0300][1043.721s][36520] GC(24783)         LAB Waste                      Min: 0, Avg:  0.0, Max: 0, Diff: 0, Sum: 0, Workers: 2
[2025-05-12T23:25:33.742+0300][1043.721s][36520] GC(24783)         LAB Undo Waste                 Min: 0, Avg:  0.0, Max: 0, Diff: 0, Sum: 0, Workers: 2
[2025-05-12T23:25:33.742+0300][1043.721s][36520] GC(24783)       Clear Logged Cards (ms):       Min:  0.0, Avg:  0.0, Max:  0.0, Diff:  0.0, Sum:  0.0, Workers: 2
[2025-05-12T23:25:33.742+0300][1043.721s][36520] GC(24783)       Recalculate Used Memory (ms):  Min:  0.0, Avg:  0.0, Max:  0.0, Diff:  0.0, Sum:  0.0, Workers: 1
[2025-05-12T23:25:33.742+0300][1043.721s][36520] GC(24783)       Restore Retained Regions (ms): Min:  0.1, Avg:  0.1, Max:  0.1, Diff:  0.0, Sum:  0.1, Workers: 2
[2025-05-12T23:25:33.742+0300][1043.721s][36520] GC(24783)         Evacuation Failure Regions:    Min: 1, Avg:  1.0, Max: 1, Diff: 0, Sum: 1, Workers: 1
[2025-05-12T23:25:33.743+0300][1043.721s][36520] GC(24783)         Remove Self Forwards (ms):     Min:  0.1, Avg:  0.1, Max:  0.1, Diff:  0.0, Sum:  0.1, Workers: 2
[2025-05-12T23:25:33.743+0300][1043.721s][36520] GC(24783)           Forward Chunks:                Min: 24, Avg: 26.0, Max: 28, Diff: 4, Sum: 52, Workers: 2
[2025-05-12T23:25:33.743+0300][1043.721s][36520] GC(24783)           Empty Forward Chunks:          Min: 3, Avg:  6.0, Max: 9, Diff: 6, Sum: 12, Workers: 2
[2025-05-12T23:25:33.743+0300][1043.721s][36520] GC(24783)           Forward Objects:               Min: 1331, Avg: 1431.0, Max: 1531, Diff: 200, Sum: 2862, Workers: 2
[2025-05-12T23:25:33.743+0300][1043.721s][36520] GC(24783)           Forward Bytes:                 Min: 71952, Avg: 75716.0, Max: 79480, Diff: 7528, Sum: 151432, Workers: 2
[2025-05-12T23:25:33.743+0300][1043.721s][36520] GC(24783)     Post Evacuate Cleanup 2: 0.1ms
[2025-05-12T23:25:33.743+0300][1043.721s][36520] GC(24783)       Recalculate Used Memory (ms):  Min:  0.0, Avg:  0.0, Max:  0.0, Diff:  0.0, Sum:  0.0, Workers: 1
[2025-05-12T23:25:33.743+0300][1043.721s][36520] GC(24783)       Restore Preserved Marks (ms):  Min:  0.0, Avg:  0.0, Max:  0.0, Diff:  0.0, Sum:  0.0, Workers: 2
[2025-05-12T23:25:33.743+0300][1043.721s][36520] GC(24783)       Clear Retained Region Bitmaps (ms): Min:  0.0, Avg:  0.0, Max:  0.0, Diff:  0.0, Sum:  0.0, Workers: 2
[2025-05-12T23:25:33.743+0300][1043.721s][36520] GC(24783)       Update Derived Pointers (ms):  Min:  0.0, Avg:  0.0, Max:  0.0, Diff:  0.0, Sum:  0.0, Workers: 1
[2025-05-12T23:25:33.743+0300][1043.721s][36520] GC(24783)       Eagerly Reclaim Humongous Objects (ms): skipped
[2025-05-12T23:25:33.743+0300][1043.721s][36520] GC(24783)         Humongous Total                skipped
[2025-05-12T23:25:33.743+0300][1043.721s][36520] GC(24783)         Humongous Candidates           skipped
[2025-05-12T23:25:33.743+0300][1043.721s][36520] GC(24783)         Humongous Reclaimed            skipped
[2025-05-12T23:25:33.743+0300][1043.721s][36520] GC(24783)       Redirty Logged Cards (ms):     Min:  0.0, Avg:  0.0, Max:  0.0, Diff:  0.0, Sum:  0.0, Workers: 2
[2025-05-12T23:25:33.743+0300][1043.721s][36520] GC(24783)         Redirtied Cards:               Min: 0, Avg:  0.0, Max: 0, Diff: 0, Sum: 0, Workers: 2
[2025-05-12T23:25:33.743+0300][1043.721s][36520] GC(24783)       Resize TLABs (ms):             Min:  0.0, Avg:  0.0, Max:  0.0, Diff:  0.0, Sum:  0.0, Workers: 2
[2025-05-12T23:25:33.743+0300][1043.721s][36520] GC(24783)       Free Collection Set (ms):      Min:  0.0, Avg:  0.0, Max:  0.0, Diff:  0.0, Sum:  0.0, Workers: 2
[2025-05-12T23:25:33.743+0300][1043.721s][36520] GC(24783)     Rebuild Free List: 0.0ms
[2025-05-12T23:25:33.743+0300][1043.721s][36520] GC(24783)     Prepare For Mutator: 0.1ms
[2025-05-12T23:25:33.743+0300][1043.721s][36520] GC(24783)     Expand Heap After Collection: 0.0ms
[2025-05-12T23:25:33.743+0300][1043.721s][36520] GC(24783)   Other: 0.3ms
[2025-05-12T23:25:33.743+0300][1043.721s][36520] GC(24783) Coarsening (recent): Inline->AoC 0 (0) AoC->Howl 0 (0) Howl->Full 0 (0) Inline->AoC 0 (0) AoC->BitMap 0 (0) BitMap->Full 0 (0) 
[2025-05-12T23:25:33.743+0300][1043.722s][36520] GC(24783) Coarsening (all): Inline->AoC 10920 (0) AoC->Howl 7731 (0) Howl->Full 0 (0) Inline->AoC 10809 (0) AoC->BitMap 7399 (0) BitMap->Full 0 (0) 
[2025-05-12T23:25:33.743+0300][1043.722s][36520] GC(24783) Eden regions: 1->0(0)
[2025-05-12T23:25:33.743+0300][1043.722s][36520] GC(24783) Survivor regions: 0->0(0)
[2025-05-12T23:25:33.743+0300][1043.722s][36520] GC(24783) Old regions: 11->12
[2025-05-12T23:25:33.743+0300][1043.722s][36520] GC(24783) Humongous regions: 0->0
[2025-05-12T23:25:33.743+0300][1043.722s][36520] GC(24783) Metaspace: 10759K(12736K)->10759K(12736K) NonClass: 9683K(11328K)->9683K(11328K) Class: 1076K(1408K)->1076K(1408K)
[2025-05-12T23:25:33.743+0300][1043.722s][36520] GC(24783) Heap after GC invocations=21232 (full 7122):
[2025-05-12T23:25:33.743+0300][1043.722s][36520] GC(24783)  garbage-first heap   total 12288K, used 12241K [0x00000000ff400000, 0x0000000100000000)
[2025-05-12T23:25:33.743+0300][1043.722s][36520] GC(24783)   region size 1024K, 0 young (0K), 0 survivors (0K)
[2025-05-12T23:25:33.743+0300][1043.722s][36520] GC(24783)  Metaspace       used 10759K, committed 12736K, reserved 1114112K
[2025-05-12T23:25:33.743+0300][1043.722s][36520] GC(24783)   class space    used 1076K, committed 1408K, reserved 1048576K
[2025-05-12T23:25:33.743+0300][1043.722s][36520] GC(24783) Pause Young (Normal) (G1 Evacuation Pause) (Evacuation Failure) 11M->11M(12M) 2.761ms
[2025-05-12T23:25:33.743+0300][1043.722s][36520] GC(24783) User=0.00s Sys=0.00s Real=0.00s
[2025-05-12T23:25:33.743+0300][1043.722s][36520] Attempt heap expansion (allocation request failed). Allocation request: 2048B
[2025-05-12T23:25:33.743+0300][1043.722s][36520] Expand the heap. requested expansion amount: 1048576B expansion amount: 1048576B
[2025-05-12T23:25:33.743+0300][1043.722s][36520] Did not expand the heap (heap already fully expanded)
[2025-05-12T23:25:33.743+0300][1043.722s][36520] Attempting full compaction
[2025-05-12T23:25:33.743+0300][1043.722s][36520] GC(24784) Pause Full (G1 Compaction Pause)
[2025-05-12T23:25:33.743+0300][1043.722s][36520] GC(24784) Heap before GC invocations=21232 (full 7122):
[2025-05-12T23:25:33.743+0300][1043.722s][36520] GC(24784)  garbage-first heap   total 12288K, used 12241K [0x00000000ff400000, 0x0000000100000000)
[2025-05-12T23:25:33.743+0300][1043.722s][36520] GC(24784)   region size 1024K, 0 young (0K), 0 survivors (0K)
[2025-05-12T23:25:33.743+0300][1043.722s][36520] GC(24784)  Metaspace       used 10759K, committed 12736K, reserved 1114112K
[2025-05-12T23:25:33.743+0300][1043.722s][36520] GC(24784)   class space    used 1076K, committed 1408K, reserved 1048576K
[2025-05-12T23:25:33.743+0300][1043.722s][36520] GC(24784) Requesting 1 active workers for full compaction (waste limited workers: 1, adaptive workers: 2, used limited workers: 12)
[2025-05-12T23:25:33.743+0300][1043.722s][36520] GC(24784) Using 1 workers of 10 for full compaction
[2025-05-12T23:25:33.743+0300][1043.722s][36520] GC(24784) Mutator Allocation stats, regions: 0, wasted size: 0B ( 0.0%)
[2025-05-12T23:25:33.743+0300][1043.722s][36520] GC(24784) Phase 1: Mark live objects
[2025-05-12T23:25:33.750+0300][1043.729s][36520] GC(24784) Phase 1: Reference Processing
[2025-05-12T23:25:33.750+0300][1043.729s][36520] GC(24784) ReferenceProcessor::execute queues: 1, RefProcThreadModel::Single, marks_oops_alive: false
[2025-05-12T23:25:33.750+0300][1043.729s][36520] GC(24784) Skipped KeepAliveFinalRefsPhase of Reference Processing: no references
[2025-05-12T23:25:33.750+0300][1043.729s][36520] GC(24784) ReferenceProcessor::execute queues: 1, RefProcThreadModel::Single, marks_oops_alive: false
[2025-05-12T23:25:33.750+0300][1043.729s][36520] GC(24784) Reference Processing: 0.0ms
[2025-05-12T23:25:33.750+0300][1043.729s][36520] GC(24784)   Notify Soft/WeakReferences: 0.0ms
[2025-05-12T23:25:33.750+0300][1043.729s][36520] GC(24784)     SoftRef: 0.0ms
[2025-05-12T23:25:33.750+0300][1043.729s][36520] GC(24784)     WeakRef: 0.0ms
[2025-05-12T23:25:33.750+0300][1043.729s][36520] GC(24784)     FinalRef: 0.0ms
[2025-05-12T23:25:33.750+0300][1043.729s][36520] GC(24784)     Total: 0.0ms
[2025-05-12T23:25:33.750+0300][1043.729s][36520] GC(24784)   Notify and keep alive finalizable: 0.0ms
[2025-05-12T23:25:33.750+0300][1043.729s][36520] GC(24784)     FinalRef: skipped
[2025-05-12T23:25:33.750+0300][1043.729s][36520] GC(24784)   Notify PhantomReferences: 0.0ms
[2025-05-12T23:25:33.750+0300][1043.729s][36520] GC(24784)     PhantomRef: 0.0ms
[2025-05-12T23:25:33.750+0300][1043.729s][36520] GC(24784)   SoftReference Discovered: 46, Dropped: 4, Processed: 42
[2025-05-12T23:25:33.750+0300][1043.729s][36520] GC(24784)   WeakReference Discovered: 34, Dropped: 13, Processed: 21
[2025-05-12T23:25:33.750+0300][1043.729s][36520] GC(24784)   FinalReference Discovered: 0, Dropped: 0, Processed: 0
[2025-05-12T23:25:33.750+0300][1043.729s][36520] GC(24784)   PhantomReference Discovered: 23, Dropped: 23, Processed: 0
[2025-05-12T23:25:33.750+0300][1043.729s][36520] GC(24784) Phase 1: Reference Processing 0.237ms
[2025-05-12T23:25:33.750+0300][1043.729s][36520] GC(24784) Phase 1: Weak Processing
[2025-05-12T23:25:33.750+0300][1043.729s][36520] GC(24784)   VM Weak                        Min:  0.0, Avg:  0.0, Max:  0.0, Diff:  0.0, Sum:  0.0, Workers: 10
[2025-05-12T23:25:33.750+0300][1043.729s][36520] GC(24784)     Dead                           Min: 0, Avg:  2.1, Max: 21, Diff: 21, Sum: 21, Workers: 10
[2025-05-12T23:25:33.750+0300][1043.729s][36520] GC(24784)     Total                          Min: 0, Avg:  6.7, Max: 59, Diff: 59, Sum: 67, Workers: 10
[2025-05-12T23:25:33.750+0300][1043.729s][36520] GC(24784)   ObjectSynchronizer Weak        Min:  0.0, Avg:  0.0, Max:  0.0, Diff:  0.0, Sum:  0.0, Workers: 10
[2025-05-12T23:25:33.750+0300][1043.729s][36520] GC(24784)     Dead                           Min: 0, Avg:  0.0, Max: 0, Diff: 0, Sum: 0, Workers: 10
[2025-05-12T23:25:33.750+0300][1043.729s][36520] GC(24784)     Total                          Min: 0, Avg:  0.1, Max: 1, Diff: 1, Sum: 1, Workers: 10
[2025-05-12T23:25:33.750+0300][1043.729s][36520] GC(24784)   JVMTI Tag Weak OopStorage      Min:  0.0, Avg:  0.1, Max:  0.1, Diff:  0.0, Sum:  0.6, Workers: 10
[2025-05-12T23:25:33.750+0300][1043.729s][36520] GC(24784)     Dead                           Min: 0, Avg:  2.1, Max: 21, Diff: 21, Sum: 21, Workers: 10
[2025-05-12T23:25:33.750+0300][1043.729s][36520] GC(24784)     Total                          Min: 4677, Avg: 6289.9, Max: 10311, Diff: 5634, Sum: 62899, Workers: 10
[2025-05-12T23:25:33.750+0300][1043.729s][36520] GC(24784)   StringTable Weak               Min:  0.0, Avg:  0.0, Max:  0.0, Diff:  0.0, Sum:  0.2, Workers: 10
[2025-05-12T23:25:33.751+0300][1043.729s][36520] GC(24784)     Dead                           Min: 2, Avg: 14.1, Max: 48, Diff: 46, Sum: 141, Workers: 10
[2025-05-12T23:25:33.751+0300][1043.729s][36520] GC(24784)     Total                          Min: 3453, Avg: 3952.9, Max: 4800, Diff: 1347, Sum: 39529, Workers: 10
[2025-05-12T23:25:33.751+0300][1043.729s][36520] GC(24784)   ResolvedMethodTable Weak       Min:  0.0, Avg:  0.0, Max:  0.0, Diff:  0.0, Sum:  0.0, Workers: 10
[2025-05-12T23:25:33.751+0300][1043.729s][36520] GC(24784)     Dead                           Min: 0, Avg:  5.2, Max: 23, Diff: 23, Sum: 52, Workers: 10
[2025-05-12T23:25:33.751+0300][1043.729s][36520] GC(24784)     Total                          Min: 0, Avg: 78.9, Max: 127, Diff: 127, Sum: 789, Workers: 10
[2025-05-12T23:25:33.751+0300][1043.729s][36520] GC(24784)   JNI Weak                       Min:  0.0, Avg:  0.0, Max:  0.0, Diff:  0.0, Sum:  0.0, Workers: 10
[2025-05-12T23:25:33.751+0300][1043.729s][36520] GC(24784)     Dead                           Min: 0, Avg:  0.0, Max: 0, Diff: 0, Sum: 0, Workers: 10
[2025-05-12T23:25:33.751+0300][1043.729s][36520] GC(24784)     Total                          Min: 0, Avg:  1.1, Max: 11, Diff: 11, Sum: 11, Workers: 10
[2025-05-12T23:25:33.751+0300][1043.729s][36520] GC(24784)   StringDedup Table Weak         Min:  0.0, Avg:  0.0, Max:  0.0, Diff:  0.0, Sum:  0.0, Workers: 10
[2025-05-12T23:25:33.751+0300][1043.729s][36520] GC(24784)     Dead                           Min: 0, Avg:  0.0, Max: 0, Diff: 0, Sum: 0, Workers: 10
[2025-05-12T23:25:33.751+0300][1043.729s][36520] GC(24784)     Total                          Min: 0, Avg:  0.0, Max: 0, Diff: 0, Sum: 0, Workers: 10
[2025-05-12T23:25:33.751+0300][1043.729s][36520] GC(24784)   StringDedup Requests0 Weak     Min:  0.0, Avg:  0.0, Max:  0.0, Diff:  0.0, Sum:  0.0, Workers: 10
[2025-05-12T23:25:33.751+0300][1043.730s][36520] GC(24784)     Dead                           Min: 0, Avg:  0.0, Max: 0, Diff: 0, Sum: 0, Workers: 10
[2025-05-12T23:25:33.751+0300][1043.730s][36520] GC(24784)     Total                          Min: 0, Avg:  0.0, Max: 0, Diff: 0, Sum: 0, Workers: 10
[2025-05-12T23:25:33.751+0300][1043.730s][36520] GC(24784)   StringDedup Requests1 Weak     Min:  0.0, Avg:  0.0, Max:  0.0, Diff:  0.0, Sum:  0.0, Workers: 10
[2025-05-12T23:25:33.751+0300][1043.730s][36520] GC(24784)     Dead                           Min: 0, Avg:  0.0, Max: 0, Diff: 0, Sum: 0, Workers: 10
[2025-05-12T23:25:33.751+0300][1043.730s][36520] GC(24784)     Total                          Min: 0, Avg:  0.0, Max: 0, Diff: 0, Sum: 0, Workers: 10
[2025-05-12T23:25:33.751+0300][1043.730s][36520] GC(24784)   Weak JFR Old Object Samples    Min:  0.0, Avg:  0.0, Max:  0.0, Diff:  0.0, Sum:  0.0, Workers: 10
[2025-05-12T23:25:33.751+0300][1043.730s][36520] GC(24784)     Dead                           Min: 0, Avg:  0.0, Max: 0, Diff: 0, Sum: 0, Workers: 10
[2025-05-12T23:25:33.751+0300][1043.730s][36520] GC(24784)     Total                          Min: 0, Avg:  0.0, Max: 0, Diff: 0, Sum: 0, Workers: 10
[2025-05-12T23:25:33.751+0300][1043.730s][36520] GC(24784) Phase 1: Weak Processing 0.605ms
[2025-05-12T23:25:33.751+0300][1043.730s][36520] GC(24784) Phase 1: Class Unloading and Cleanup
[2025-05-12T23:25:33.751+0300][1043.730s][36520] GC(24784) ClassLoaderData
[2025-05-12T23:25:33.751+0300][1043.730s][36520] GC(24784) ClassLoaderData 0.064ms
[2025-05-12T23:25:33.751+0300][1043.730s][36520] GC(24784) Trigger cleanups
[2025-05-12T23:25:33.751+0300][1043.730s][36520] GC(24784) Trigger cleanups 0.009ms
[2025-05-12T23:25:33.754+0300][1043.734s][36520] GC(24784) Phase 1: Class Unloading and Cleanup 4.034ms
[2025-05-12T23:25:33.754+0300][1043.734s][36520] GC(24784) Report Object Count
[2025-05-12T23:25:33.754+0300][1043.734s][36520] GC(24784) Report Object Count 0.012ms
[2025-05-12T23:25:33.754+0300][1043.734s][36520] GC(24784) Phase 1: Mark live objects 11.853ms
[2025-05-12T23:25:33.754+0300][1043.734s][36520] GC(24784) Phase 2: Prepare compaction
[2025-05-12T23:25:33.754+0300][1043.734s][36520] GC(24784) Phase 2: Determine work lists
[2025-05-12T23:25:33.754+0300][1043.734s][36520] GC(24784) Phase 2: Determine work lists 0.010ms
[2025-05-12T23:25:33.754+0300][1043.734s][36520] GC(24784) Phase 2: Prepare parallel compaction
[2025-05-12T23:25:33.755+0300][1043.734s][36520] GC(24784) Phase 2: Prepare parallel compaction 0.189ms
[2025-05-12T23:25:33.755+0300][1043.734s][36520] GC(24784) Phase 2: Prepare compaction 0.237ms
[2025-05-12T23:25:33.755+0300][1043.734s][36520] GC(24784) Phase 3: Adjust pointers
[2025-05-12T23:25:33.759+0300][1043.738s][36520] GC(24784) Phase 3: Adjust pointers 4.389ms
[2025-05-12T23:25:33.759+0300][1043.738s][36520] GC(24784) Phase 4: Compact heap
[2025-05-12T23:25:33.759+0300][1043.739s][36520] GC(24784) Phase 4: Compact heap 0.150ms
[2025-05-12T23:25:33.759+0300][1043.739s][36520] GC(24784) Phase 5: Reset Metadata
[2025-05-12T23:25:33.761+0300][1043.740s][36520] GC(24784) Phase 5: Reset Metadata 1.310ms
[2025-05-12T23:25:33.762+0300][1043.740s][36520] GC(24784) Running G1 Clear Bitmap with 1 workers for 1 work units.
[2025-05-12T23:25:33.763+0300][1043.742s][36520] GC(24784) Request concurrent cycle initiation (occupancy higher than threshold) occupancy: 11534336B allocation request: 0B threshold: 3758642B (29.87) source: end of Full GC
[2025-05-12T23:25:33.763+0300][1043.742s][36520] Old generation allocation in the last mutator period, old gen allocated: 0B, humongous allocated: 0B, old gen growth: 0B.
[2025-05-12T23:25:33.763+0300][1043.742s][36520] GC(24784) Coarsening (recent): Inline->AoC 0 (0) AoC->Howl 0 (0) Howl->Full 0 (0) Inline->AoC 0 (0) AoC->BitMap 0 (0) BitMap->Full 0 (0) 
[2025-05-12T23:25:33.763+0300][1043.742s][36520] GC(24784) Coarsening (all): Inline->AoC 10920 (0) AoC->Howl 7731 (0) Howl->Full 0 (0) Inline->AoC 10809 (0) AoC->BitMap 7399 (0) BitMap->Full 0 (0) 
[2025-05-12T23:25:33.763+0300][1043.742s][36520] GC(24784) Eden regions: 0->0(1)
[2025-05-12T23:25:33.763+0300][1043.742s][36520] GC(24784) Survivor regions: 0->0(0)
[2025-05-12T23:25:33.763+0300][1043.742s][36520] GC(24784) Old regions: 12->11
[2025-05-12T23:25:33.763+0300][1043.742s][36520] GC(24784) Humongous regions: 0->0
[2025-05-12T23:25:33.763+0300][1043.742s][36520] GC(24784) Metaspace: 10759K(12736K)->10716K(12736K) NonClass: 9683K(11328K)->9652K(11328K) Class: 1076K(1408K)->1064K(1408K)
[2025-05-12T23:25:33.763+0300][1043.742s][36520] GC(24784) Heap after GC invocations=21233 (full 7123):
[2025-05-12T23:25:33.763+0300][1043.742s][36520] GC(24784)  garbage-first heap   total 12288K, used 11174K [0x00000000ff400000, 0x0000000100000000)
[2025-05-12T23:25:33.763+0300][1043.742s][36520] GC(24784)   region size 1024K, 0 young (0K), 0 survivors (0K)
[2025-05-12T23:25:33.763+0300][1043.742s][36520] GC(24784)  Metaspace       used 10716K, committed 12736K, reserved 1114112K
[2025-05-12T23:25:33.763+0300][1043.742s][36520] GC(24784)   class space    used 1064K, committed 1408K, reserved 1048576K
[2025-05-12T23:25:33.763+0300][1043.742s][36520] GC(24784) Pause Full (G1 Compaction Pause) 11M->10M(12M) 20.241ms
[2025-05-12T23:25:33.763+0300][1043.742s][36520] GC(24784) User=0.00s Sys=0.00s Real=0.02s
[2025-05-12T23:25:33.763+0300][1043.742s][9340 ] G1 Service Thread (Card Set Free Memory Task) (run: 21.796ms) (cpu: 0.000ms)
[2025-05-12T23:25:33.780+0300][1043.759s][36520] GC(24785) Initiate concurrent cycle (concurrent cycle initiation requested)
[2025-05-12T23:25:33.780+0300][1043.759s][36520] GC(24785) Pause Young (Concurrent Start) (G1 Evacuation Pause)
[2025-05-12T23:25:33.780+0300][1043.759s][36520] GC(24785) Heap before GC invocations=21233 (full 7123):
[2025-05-12T23:25:33.780+0300][1043.759s][36520] GC(24785)  garbage-first heap   total 12288K, used 12198K [0x00000000ff400000, 0x0000000100000000)
[2025-05-12T23:25:33.780+0300][1043.759s][36520] GC(24785)   region size 1024K, 1 young (1024K), 0 survivors (0K)
[2025-05-12T23:25:33.780+0300][1043.759s][36520] GC(24785)  Metaspace       used 10757K, committed 12736K, reserved 1114112K
[2025-05-12T23:25:33.780+0300][1043.759s][36520] GC(24785)   class space    used 1075K, committed 1408K, reserved 1048576K
[2025-05-12T23:25:33.780+0300][1043.759s][36520] GC(24785) Using 2 workers of 10 for evacuation
[2025-05-12T23:25:33.780+0300][1043.759s][36520] GC(24785) Desired survivor size 524288 bytes, new threshold 15 (max threshold 15)
[2025-05-12T23:25:33.780+0300][1043.759s][36520] GC(24785) TLAB totals: thrds: 1  refills: 319 max: 319 slow allocs: 159 max 159 waste: 22.1% gc: 0B max: 0B slow: 191328B max: 191328B
[2025-05-12T23:25:33.780+0300][1043.759s][36520] GC(24785) Mutator refinement: 0.00ms, refined: 0, precleaned: 0, dirtied: 90
[2025-05-12T23:25:33.780+0300][1043.759s][36520] GC(24785) Concurrent refinement: 0.00ms, refined: 0, precleaned: 0, dirtied: 0
[2025-05-12T23:25:33.780+0300][1043.759s][36520] GC(24785) Total refinement: 0.00ms, refined: 0, precleaned: 0, dirtied: 90
[2025-05-12T23:25:33.780+0300][1043.759s][36520] GC(24785) Generate dirty cards rate: 5.22 cards/ms
[2025-05-12T23:25:33.780+0300][1043.759s][36520] GC(24785) Mutator Allocation stats, regions: 1, wasted size: 1368B ( 0.1%)
[2025-05-12T23:25:33.780+0300][1043.759s][36520] GC(24785) No candidates to reclaim.
[2025-05-12T23:25:33.781+0300][1043.759s][36520] GC(24785) Running G1 Merge Heap Roots using 2 workers for 1 regions
[2025-05-12T23:25:33.781+0300][1043.759s][36520] GC(24785) Visited cards 992 Total dirty 12288 (8.07%) Total old 26624 (3.73%)
[2025-05-12T23:25:33.781+0300][1043.760s][15708] GC(24785) Attempt heap expansion (region allocation request failed). Allocation request: 2064B
[2025-05-12T23:25:33.781+0300][1043.760s][15708] GC(24785) Did not expand the heap (heap already fully expanded)
[2025-05-12T23:25:33.781+0300][1043.760s][36520] GC(24785) ReferenceProcessor::execute queues: 1, RefProcThreadModel::Single, marks_oops_alive: false
[2025-05-12T23:25:33.781+0300][1043.760s][36520] GC(24785) Skipped KeepAliveFinalRefsPhase of Reference Processing: no references
[2025-05-12T23:25:33.781+0300][1043.760s][36520] GC(24785) Skipped PhantomRefsPhase of Reference Processing: no references
[2025-05-12T23:25:33.781+0300][1043.760s][36520] GC(24785) Initializing removing self forwards with 64 chunks per region
[2025-05-12T23:25:33.782+0300][1043.761s][36520] GC(24785) Running G1 Rebuild Free List Task using 2 workers for rebuilding free list of regions
[2025-05-12T23:25:33.782+0300][1043.761s][36520] GC(24785) Young PLAB allocation: allocated: 0B, wasted: 0B, unused: 0B, used: 0B, undo waste: 0B, 
[2025-05-12T23:25:33.782+0300][1043.761s][36520] GC(24785) Young other allocation: region end waste: 0B, regions filled: 0, num plab filled: 2, direct allocated: 0B, num direct allocated: 0, failure used: 0B, failure wasted: 0B
[2025-05-12T23:25:33.782+0300][1043.761s][36520] GC(24785) Young sizing: calculated: 0B, actual: 2064B
[2025-05-12T23:25:33.782+0300][1043.761s][36520] GC(24785) Old PLAB allocation: allocated: 0B, wasted: 0B, unused: 0B, used: 0B, undo waste: 0B, 
[2025-05-12T23:25:33.782+0300][1043.761s][36520] GC(24785) Old other allocation: region end waste: 0B, regions filled: 0, num plab filled: 2, direct allocated: 0B, num direct allocated: 0, failure used: 221112B, failure wasted: 827464B
[2025-05-12T23:25:33.782+0300][1043.761s][36520] GC(24785) Old sizing: calculated: 0B, actual: 2064B
[2025-05-12T23:25:33.782+0300][1043.761s][36520] GC(24785) Heap expansion: short term pause time ratio 39.14% long term pause time ratio 40.56% threshold 7.69% pause time ratio 7.69% fully expanded true resize by 0B
[2025-05-12T23:25:33.782+0300][1043.761s][9340 ] G1 Service Thread (Card Set Free Memory Task) (run 0.009ms after schedule)
[2025-05-12T23:25:33.782+0300][1043.761s][36520] GC(24785) MMU: 6.3ms (200.0ms/201.0ms)
[2025-05-12T23:25:33.782+0300][1043.761s][36520] Old generation allocation in the last mutator period, old gen allocated: 1048576B, humongous allocated: 0B, old gen growth: 1048576B.
[2025-05-12T23:25:33.782+0300][1043.761s][36520] GC(24785) Basic information (value update), threshold: 3630439B (28.85), target occupancy: 12582912B, current occupancy: 12491712B, recent allocation size: 1048576B, recent allocation duration: 17.26ms, recent old gen allocation rate: 60763061.52B/s, recent marking phase length: 120.12ms
[2025-05-12T23:25:33.782+0300][1043.761s][36520] GC(24785) Adaptive IHOP information (value update), threshold: 3630439B (33.94), internal target occupancy: 10695475B, occupancy: 12491712B, additional buffer size: 1048576B, predicted old gen allocation rate: 49853479.09B/s, predicted marking phase length: 120.68ms, prediction active: true
[2025-05-12T23:25:33.782+0300][1043.761s][36520] GC(24785) GC refinement: goal: 18446744073709551615 + 100 / 20.00ms, actual: 90 / 0.04ms, 
[2025-05-12T23:25:33.782+0300][1043.761s][36520] GC(24785) Unchanged pending cards target: 18446744073709551615
[2025-05-12T23:25:33.782+0300][1043.761s][36520] GC(24785)   Pre Evacuate Collection Set: 0.3ms
[2025-05-12T23:25:33.782+0300][1043.761s][36520] GC(24785)     Pre Evacuate Prepare: 0.1ms
[2025-05-12T23:25:33.782+0300][1043.761s][36520] GC(24785)       JT Retire TLABs And Flush Logs (ms): Min:  0.0, Avg:  0.0, Max:  0.0, Diff:  0.0, Sum:  0.0, Workers: 2
[2025-05-12T23:25:33.782+0300][1043.761s][36520] GC(24785)       Non-JT Flush Logs (ms):        Min:  0.0, Avg:  0.0, Max:  0.0, Diff:  0.0, Sum:  0.0, Workers: 1
[2025-05-12T23:25:33.782+0300][1043.761s][36520] GC(24785)     Choose Collection Set: 0.0ms
[2025-05-12T23:25:33.782+0300][1043.761s][36520] GC(24785)     Region Register: 0.1ms
[2025-05-12T23:25:33.782+0300][1043.761s][36520] GC(24785)     Prepare Heap Roots: 0.0ms
[2025-05-12T23:25:33.782+0300][1043.761s][36520] GC(24785)     Reset Marking State (ms):      Min:  0.0, Avg:  0.0, Max:  0.0, Diff:  0.0, Sum:  0.0, Workers: 1
[2025-05-12T23:25:33.782+0300][1043.761s][36520] GC(24785)     Note Start Of Mark (ms):       Min:  0.0, Avg:  0.0, Max:  0.0, Diff:  0.0, Sum:  0.0, Workers: 2
[2025-05-12T23:25:33.782+0300][1043.761s][36520] GC(24785)   Merge Heap Roots: 0.1ms
[2025-05-12T23:25:33.782+0300][1043.761s][36520] GC(24785)     Prepare Merge Heap Roots: 0.0ms
[2025-05-12T23:25:33.782+0300][1043.761s][36520] GC(24785)     Remembered Sets (ms):          Min:  0.0, Avg:  0.0, Max:  0.0, Diff:  0.0, Sum:  0.0, Workers: 2
[2025-05-12T23:25:33.782+0300][1043.761s][36520] GC(24785)       Eager Reclaim (ms):            skipped
[2025-05-12T23:25:33.782+0300][1043.761s][36520] GC(24785)       Merged Inline                  Min: 0, Avg:  0.0, Max: 0, Diff: 0, Sum: 0, Workers: 2
[2025-05-12T23:25:33.782+0300][1043.761s][36520] GC(24785)       Merged ArrayOfCards            Min: 0, Avg:  0.0, Max: 0, Diff: 0, Sum: 0, Workers: 2
[2025-05-12T23:25:33.782+0300][1043.761s][36520] GC(24785)       Merged Howl                    Min: 0, Avg:  0.0, Max: 0, Diff: 0, Sum: 0, Workers: 2
[2025-05-12T23:25:33.782+0300][1043.761s][36520] GC(24785)       Merged Full                    Min: 0, Avg:  0.0, Max: 0, Diff: 0, Sum: 0, Workers: 2
[2025-05-12T23:25:33.782+0300][1043.761s][36520] GC(24785)       Merged Howl Inline             Min: 0, Avg:  0.0, Max: 0, Diff: 0, Sum: 0, Workers: 2
[2025-05-12T23:25:33.782+0300][1043.761s][36520] GC(24785)       Merged Howl ArrayOfCards       Min: 0, Avg:  0.0, Max: 0, Diff: 0, Sum: 0, Workers: 2
[2025-05-12T23:25:33.782+0300][1043.761s][36520] GC(24785)       Merged Howl BitMap             Min: 0, Avg:  0.0, Max: 0, Diff: 0, Sum: 0, Workers: 2
[2025-05-12T23:25:33.782+0300][1043.761s][36520] GC(24785)       Merged Howl Full               Min: 0, Avg:  0.0, Max: 0, Diff: 0, Sum: 0, Workers: 2
[2025-05-12T23:25:33.782+0300][1043.761s][36520] GC(24785)       Merged Cards                   Min: 8, Avg:  8.0, Max: 8, Diff: 0, Sum: 16, Workers: 2
[2025-05-12T23:25:33.782+0300][1043.761s][36520] GC(24785)     Log Buffers (ms):              Min:  0.0, Avg:  0.0, Max:  0.0, Diff:  0.0, Sum:  0.0, Workers: 2
[2025-05-12T23:25:33.782+0300][1043.761s][36520] GC(24785)       Dirty Cards:                   Min: 16, Avg: 45.0, Max: 74, Diff: 58, Sum: 90, Workers: 2
[2025-05-12T23:25:33.782+0300][1043.761s][36520] GC(24785)       Skipped Cards:                 Min: 0, Avg:  0.0, Max: 0, Diff: 0, Sum: 0, Workers: 2
[2025-05-12T23:25:33.782+0300][1043.761s][36520] GC(24785)   Evacuate Collection Set: 0.5ms
[2025-05-12T23:25:33.782+0300][1043.761s][36520] GC(24785)     Ext Root Scanning (ms):        Min:  0.1, Avg:  0.2, Max:  0.2, Diff:  0.0, Sum:  0.3, Workers: 2
[2025-05-12T23:25:33.782+0300][1043.761s][36520] GC(24785)     Scan Heap Roots (ms):          Min:  0.0, Avg:  0.0, Max:  0.0, Diff:  0.0, Sum:  0.1, Workers: 2
[2025-05-12T23:25:33.782+0300][1043.761s][36520] GC(24785)       Scanned Cards:                 Min: 38, Avg: 45.0, Max: 52, Diff: 14, Sum: 90, Workers: 2
[2025-05-12T23:25:33.782+0300][1043.761s][36520] GC(24785)       Scanned Blocks:                Min: 16, Avg: 29.5, Max: 43, Diff: 27, Sum: 59, Workers: 2
[2025-05-12T23:25:33.782+0300][1043.761s][36520] GC(24785)       Claimed Chunks:                Min: 9, Avg: 15.5, Max: 22, Diff: 13, Sum: 31, Workers: 2
[2025-05-12T23:25:33.782+0300][1043.761s][36520] GC(24785)       Found Roots:                   Min: 57, Avg: 58.0, Max: 59, Diff: 2, Sum: 116, Workers: 2
[2025-05-12T23:25:33.782+0300][1043.761s][36520] GC(24785)     Code Root Scan (ms):           Min:  0.0, Avg:  0.0, Max:  0.0, Diff:  0.0, Sum:  0.0, Workers: 2
[2025-05-12T23:25:33.782+0300][1043.761s][36520] GC(24785)     Object Copy (ms):              Min:  0.2, Avg:  0.2, Max:  0.2, Diff:  0.0, Sum:  0.4, Workers: 2
[2025-05-12T23:25:33.782+0300][1043.761s][36520] GC(24785)     Termination (ms):              Min:  0.0, Avg:  0.0, Max:  0.0, Diff:  0.0, Sum:  0.0, Workers: 2
[2025-05-12T23:25:33.782+0300][1043.761s][36520] GC(24785)       Termination Attempts:          Min: 1, Avg:  1.0, Max: 1, Diff: 0, Sum: 2, Workers: 2
[2025-05-12T23:25:33.782+0300][1043.761s][36520] GC(24785)     GC Worker Other (ms):          Min:  0.0, Avg:  0.0, Max:  0.0, Diff:  0.0, Sum:  0.0, Workers: 2
[2025-05-12T23:25:33.782+0300][1043.761s][36520] GC(24785)     GC Worker Total (ms):          Min:  0.4, Avg:  0.4, Max:  0.4, Diff:  0.0, Sum:  0.8, Workers: 2
[2025-05-12T23:25:33.782+0300][1043.761s][36520] GC(24785)   Post Evacuate Collection Set: 0.6ms
[2025-05-12T23:25:33.782+0300][1043.761s][36520] GC(24785)     NMethod List Cleanup: 0.0ms
[2025-05-12T23:25:33.782+0300][1043.761s][36520] GC(24785)     Reference Processing: 0.1ms
[2025-05-12T23:25:33.782+0300][1043.761s][36520] GC(24785)       Notify Soft/WeakReferences: 0.1ms
[2025-05-12T23:25:33.782+0300][1043.761s][36520] GC(24785)         SoftRef (ms):                  Min:  0.0, Avg:  0.0, Max:  0.0, Diff:  0.0, Sum:  0.0, Workers: 1
[2025-05-12T23:25:33.782+0300][1043.761s][36520] GC(24785)         WeakRef (ms):                  Min:  0.0, Avg:  0.0, Max:  0.0, Diff:  0.0, Sum:  0.0, Workers: 1
[2025-05-12T23:25:33.782+0300][1043.761s][36520] GC(24785)         FinalRef (ms):                 Min:  0.0, Avg:  0.0, Max:  0.0, Diff:  0.0, Sum:  0.0, Workers: 1
[2025-05-12T23:25:33.782+0300][1043.761s][36520] GC(24785)         Total (ms):                    Min:  0.0, Avg:  0.0, Max:  0.0, Diff:  0.0, Sum:  0.0, Workers: 1
[2025-05-12T23:25:33.782+0300][1043.761s][36520] GC(24785)       Notify and keep alive finalizable: 0.0ms
[2025-05-12T23:25:33.782+0300][1043.761s][36520] GC(24785)         FinalRef (ms):                 skipped
[2025-05-12T23:25:33.782+0300][1043.761s][36520] GC(24785)       Notify PhantomReferences: 0.0ms
[2025-05-12T23:25:33.782+0300][1043.761s][36520] GC(24785)         PhantomRef (ms):               skipped
[2025-05-12T23:25:33.782+0300][1043.761s][36520] GC(24785)       SoftReference Discovered: 0, Dropped: 0, Processed: 0
[2025-05-12T23:25:33.782+0300][1043.761s][36520] GC(24785)       WeakReference Discovered: 44, Dropped: 21, Processed: 23
[2025-05-12T23:25:33.782+0300][1043.761s][36520] GC(24785)       FinalReference Discovered: 0, Dropped: 0, Processed: 0
[2025-05-12T23:25:33.782+0300][1043.761s][36520] GC(24785)       PhantomReference Discovered: 0, Dropped: 0, Processed: 0
[2025-05-12T23:25:33.782+0300][1043.761s][36520] GC(24785)     Weak Processing: 0.1ms
[2025-05-12T23:25:33.782+0300][1043.761s][36520] GC(24785)       VM Weak                        Min:  0.0, Avg:  0.0, Max:  0.0, Diff:  0.0, Sum:  0.0, Workers: 10
[2025-05-12T23:25:33.782+0300][1043.761s][36520] GC(24785)         Dead                           Min: 0, Avg:  0.0, Max: 0, Diff: 0, Sum: 0, Workers: 10
[2025-05-12T23:25:33.782+0300][1043.761s][36520] GC(24785)         Total                          Min: 0, Avg:  6.6, Max: 58, Diff: 58, Sum: 66, Workers: 10
[2025-05-12T23:25:33.782+0300][1043.761s][36520] GC(24785)       ObjectSynchronizer Weak        Min:  0.0, Avg:  0.0, Max:  0.0, Diff:  0.0, Sum:  0.0, Workers: 10
[2025-05-12T23:25:33.782+0300][1043.761s][36520] GC(24785)         Dead                           Min: 0, Avg:  0.0, Max: 0, Diff: 0, Sum: 0, Workers: 10
[2025-05-12T23:25:33.782+0300][1043.761s][36520] GC(24785)         Total                          Min: 0, Avg:  0.1, Max: 1, Diff: 1, Sum: 1, Workers: 10
[2025-05-12T23:25:33.782+0300][1043.761s][36520] GC(24785)       JVMTI Tag Weak OopStorage      Min:  0.0, Avg:  0.1, Max:  0.1, Diff:  0.0, Sum:  0.7, Workers: 10
[2025-05-12T23:25:33.782+0300][1043.761s][36520] GC(24785)         Dead                           Min: 0, Avg:  0.0, Max: 0, Diff: 0, Sum: 0, Workers: 10
[2025-05-12T23:25:33.782+0300][1043.761s][36520] GC(24785)         Total                          Min: 4453, Avg: 6289.8, Max: 9710, Diff: 5257, Sum: 62898, Workers: 10
[2025-05-12T23:25:33.782+0300][1043.761s][36520] GC(24785)       StringTable Weak               Min:  0.0, Avg:  0.0, Max:  0.0, Diff:  0.0, Sum:  0.2, Workers: 10
[2025-05-12T23:25:33.782+0300][1043.761s][36520] GC(24785)         Dead                           Min: 0, Avg:  0.0, Max: 0, Diff: 0, Sum: 0, Workers: 10
[2025-05-12T23:25:33.782+0300][1043.761s][36520] GC(24785)         Total                          Min: 3454, Avg: 3952.9, Max: 4732, Diff: 1278, Sum: 39529, Workers: 10
[2025-05-12T23:25:33.782+0300][1043.762s][36520] GC(24785)       ResolvedMethodTable Weak       Min:  0.0, Avg:  0.0, Max:  0.0, Diff:  0.0, Sum:  0.0, Workers: 10
[2025-05-12T23:25:33.783+0300][1043.762s][36520] GC(24785)         Dead                           Min: 0, Avg:  0.0, Max: 0, Diff: 0, Sum: 0, Workers: 10
[2025-05-12T23:25:33.783+0300][1043.762s][36520] GC(24785)         Total                          Min: 0, Avg: 80.5, Max: 128, Diff: 128, Sum: 805, Workers: 10
[2025-05-12T23:25:33.783+0300][1043.762s][36520] GC(24785)       JNI Weak                       Min:  0.0, Avg:  0.0, Max:  0.0, Diff:  0.0, Sum:  0.0, Workers: 10
[2025-05-12T23:25:33.783+0300][1043.762s][36520] GC(24785)         Dead                           Min: 0, Avg:  0.0, Max: 0, Diff: 0, Sum: 0, Workers: 10
[2025-05-12T23:25:33.783+0300][1043.762s][36520] GC(24785)         Total                          Min: 0, Avg:  1.1, Max: 11, Diff: 11, Sum: 11, Workers: 10
[2025-05-12T23:25:33.783+0300][1043.762s][36520] GC(24785)       StringDedup Table Weak         Min:  0.0, Avg:  0.0, Max:  0.0, Diff:  0.0, Sum:  0.0, Workers: 10
[2025-05-12T23:25:33.783+0300][1043.762s][36520] GC(24785)         Dead                           Min: 0, Avg:  0.0, Max: 0, Diff: 0, Sum: 0, Workers: 10
[2025-05-12T23:25:33.783+0300][1043.762s][36520] GC(24785)         Total                          Min: 0, Avg:  0.0, Max: 0, Diff: 0, Sum: 0, Workers: 10
[2025-05-12T23:25:33.783+0300][1043.762s][36520] GC(24785)       StringDedup Requests0 Weak     Min:  0.0, Avg:  0.0, Max:  0.0, Diff:  0.0, Sum:  0.0, Workers: 10
[2025-05-12T23:25:33.783+0300][1043.762s][36520] GC(24785)         Dead                           Min: 0, Avg:  0.0, Max: 0, Diff: 0, Sum: 0, Workers: 10
[2025-05-12T23:25:33.783+0300][1043.762s][36520] GC(24785)         Total                          Min: 0, Avg:  0.0, Max: 0, Diff: 0, Sum: 0, Workers: 10
[2025-05-12T23:25:33.783+0300][1043.762s][36520] GC(24785)       StringDedup Requests1 Weak     Min:  0.0, Avg:  0.0, Max:  0.0, Diff:  0.0, Sum:  0.0, Workers: 10
[2025-05-12T23:25:33.783+0300][1043.762s][36520] GC(24785)         Dead                           Min: 0, Avg:  0.0, Max: 0, Diff: 0, Sum: 0, Workers: 10
[2025-05-12T23:25:33.783+0300][1043.762s][36520] GC(24785)         Total                          Min: 0, Avg:  0.0, Max: 0, Diff: 0, Sum: 0, Workers: 10
[2025-05-12T23:25:33.783+0300][1043.762s][36520] GC(24785)       Weak JFR Old Object Samples    Min:  0.0, Avg:  0.0, Max:  0.0, Diff:  0.0, Sum:  0.0, Workers: 10
[2025-05-12T23:25:33.783+0300][1043.762s][36520] GC(24785)         Dead                           Min: 0, Avg:  0.0, Max: 0, Diff: 0, Sum: 0, Workers: 10
[2025-05-12T23:25:33.783+0300][1043.762s][36520] GC(24785)         Total                          Min: 0, Avg:  0.0, Max: 0, Diff: 0, Sum: 0, Workers: 10
[2025-05-12T23:25:33.783+0300][1043.762s][36520] GC(24785)     Post Evacuate Cleanup 1: 0.2ms
[2025-05-12T23:25:33.783+0300][1043.762s][36520] GC(24785)       Merge Per-Thread State (ms):   Min:  0.0, Avg:  0.0, Max:  0.0, Diff:  0.0, Sum:  0.0, Workers: 1
[2025-05-12T23:25:33.783+0300][1043.762s][36520] GC(24785)         Copied Bytes                   Min: 0, Avg:  0.0, Max: 0, Diff: 0, Sum: 0, Workers: 2
[2025-05-12T23:25:33.783+0300][1043.762s][36520] GC(24785)         LAB Waste                      Min: 0, Avg:  0.0, Max: 0, Diff: 0, Sum: 0, Workers: 2
[2025-05-12T23:25:33.783+0300][1043.762s][36520] GC(24785)         LAB Undo Waste                 Min: 0, Avg:  0.0, Max: 0, Diff: 0, Sum: 0, Workers: 2
[2025-05-12T23:25:33.783+0300][1043.762s][36520] GC(24785)       Clear Logged Cards (ms):       Min:  0.0, Avg:  0.0, Max:  0.0, Diff:  0.0, Sum:  0.0, Workers: 2
[2025-05-12T23:25:33.783+0300][1043.762s][36520] GC(24785)       Recalculate Used Memory (ms):  Min:  0.0, Avg:  0.0, Max:  0.0, Diff:  0.0, Sum:  0.0, Workers: 1
[2025-05-12T23:25:33.783+0300][1043.762s][36520] GC(24785)       Restore Retained Regions (ms): Min:  0.1, Avg:  0.1, Max:  0.1, Diff:  0.0, Sum:  0.2, Workers: 2
[2025-05-12T23:25:33.783+0300][1043.762s][36520] GC(24785)         Evacuation Failure Regions:    Min: 1, Avg:  1.0, Max: 1, Diff: 0, Sum: 1, Workers: 1
[2025-05-12T23:25:33.783+0300][1043.762s][36520] GC(24785)         Remove Self Forwards (ms):     Min:  0.1, Avg:  0.1, Max:  0.1, Diff:  0.0, Sum:  0.2, Workers: 2
[2025-05-12T23:25:33.783+0300][1043.762s][36520] GC(24785)           Forward Chunks:                Min: 24, Avg: 28.5, Max: 33, Diff: 9, Sum: 57, Workers: 2
[2025-05-12T23:25:33.783+0300][1043.762s][36520] GC(24785)           Empty Forward Chunks:          Min: 2, Avg:  3.5, Max: 5, Diff: 3, Sum: 7, Workers: 2
[2025-05-12T23:25:33.783+0300][1043.762s][36520] GC(24785)           Forward Objects:               Min: 2009, Avg: 2131.0, Max: 2253, Diff: 244, Sum: 4262, Workers: 2
[2025-05-12T23:25:33.783+0300][1043.762s][36520] GC(24785)           Forward Bytes:                 Min: 95264, Avg: 110556.0, Max: 125848, Diff: 30584, Sum: 221112, Workers: 2
[2025-05-12T23:25:33.783+0300][1043.762s][36520] GC(24785)     Post Evacuate Cleanup 2: 0.1ms
[2025-05-12T23:25:33.783+0300][1043.762s][36520] GC(24785)       Recalculate Used Memory (ms):  Min:  0.0, Avg:  0.0, Max:  0.0, Diff:  0.0, Sum:  0.0, Workers: 1
[2025-05-12T23:25:33.783+0300][1043.762s][36520] GC(24785)       Restore Preserved Marks (ms):  Min:  0.0, Avg:  0.0, Max:  0.0, Diff:  0.0, Sum:  0.0, Workers: 2
[2025-05-12T23:25:33.783+0300][1043.762s][36520] GC(24785)       Clear Retained Region Bitmaps (ms): skipped
[2025-05-12T23:25:33.783+0300][1043.762s][36520] GC(24785)       Update Derived Pointers (ms):  Min:  0.0, Avg:  0.0, Max:  0.0, Diff:  0.0, Sum:  0.0, Workers: 1
[2025-05-12T23:25:33.783+0300][1043.762s][36520] GC(24785)       Eagerly Reclaim Humongous Objects (ms): skipped
[2025-05-12T23:25:33.783+0300][1043.762s][36520] GC(24785)         Humongous Total                skipped
[2025-05-12T23:25:33.783+0300][1043.762s][36520] GC(24785)         Humongous Candidates           skipped
[2025-05-12T23:25:33.783+0300][1043.762s][36520] GC(24785)         Humongous Reclaimed            skipped
[2025-05-12T23:25:33.783+0300][1043.762s][36520] GC(24785)       Redirty Logged Cards (ms):     Min:  0.0, Avg:  0.0, Max:  0.0, Diff:  0.0, Sum:  0.0, Workers: 2
[2025-05-12T23:25:33.783+0300][1043.762s][36520] GC(24785)         Redirtied Cards:               Min: 0, Avg:  0.0, Max: 0, Diff: 0, Sum: 0, Workers: 2
[2025-05-12T23:25:33.783+0300][1043.762s][36520] GC(24785)       Resize TLABs (ms):             Min:  0.0, Avg:  0.0, Max:  0.0, Diff:  0.0, Sum:  0.0, Workers: 2
[2025-05-12T23:25:33.783+0300][1043.762s][36520] GC(24785)       Free Collection Set (ms):      Min:  0.0, Avg:  0.0, Max:  0.0, Diff:  0.0, Sum:  0.0, Workers: 2
[2025-05-12T23:25:33.783+0300][1043.762s][36520] GC(24785)     Rebuild Free List: 0.0ms
[2025-05-12T23:25:33.783+0300][1043.762s][36520] GC(24785)     Prepare For Mutator: 0.1ms
[2025-05-12T23:25:33.783+0300][1043.762s][36520] GC(24785)     Expand Heap After Collection: 0.0ms
[2025-05-12T23:25:33.783+0300][1043.762s][36520] GC(24785)   Other: 0.3ms
[2025-05-12T23:25:33.783+0300][1043.762s][36520] GC(24785) Coarsening (recent): Inline->AoC 0 (0) AoC->Howl 0 (0) Howl->Full 0 (0) Inline->AoC 0 (0) AoC->BitMap 0 (0) BitMap->Full 0 (0) 
[2025-05-12T23:25:33.783+0300][1043.762s][36520] GC(24785) Coarsening (all): Inline->AoC 10920 (0) AoC->Howl 7731 (0) Howl->Full 0 (0) Inline->AoC 10809 (0) AoC->BitMap 7399 (0) BitMap->Full 0 (0) 
[2025-05-12T23:25:33.783+0300][1043.762s][36520] GC(24785) Eden regions: 1->0(0)
[2025-05-12T23:25:33.783+0300][1043.762s][36520] GC(24785) Survivor regions: 0->0(0)
[2025-05-12T23:25:33.783+0300][1043.762s][36520] GC(24785) Old regions: 11->12
[2025-05-12T23:25:33.783+0300][1043.762s][36520] GC(24785) Humongous regions: 0->0
[2025-05-12T23:25:33.783+0300][1043.762s][36520] GC(24785) Metaspace: 10757K(12736K)->10757K(12736K) NonClass: 9682K(11328K)->9682K(11328K) Class: 1075K(1408K)->1075K(1408K)
[2025-05-12T23:25:33.783+0300][1043.762s][36520] GC(24785) Heap after GC invocations=21234 (full 7123):
[2025-05-12T23:25:33.783+0300][1043.762s][36520] GC(24785)  garbage-first heap   total 12288K, used 12198K [0x00000000ff400000, 0x0000000100000000)
[2025-05-12T23:25:33.783+0300][1043.762s][36520] GC(24785)   region size 1024K, 0 young (0K), 0 survivors (0K)
[2025-05-12T23:25:33.783+0300][1043.762s][36520] GC(24785)  Metaspace       used 10757K, committed 12736K, reserved 1114112K
[2025-05-12T23:25:33.783+0300][1043.762s][36520] GC(24785)   class space    used 1075K, committed 1408K, reserved 1048576K
[2025-05-12T23:25:33.783+0300][1043.762s][36520] GC(24785) Pause Young (Concurrent Start) (G1 Evacuation Pause) (Evacuation Failure) 11M->11M(12M) 3.155ms
[2025-05-12T23:25:33.783+0300][1043.762s][36520] GC(24785) User=0.00s Sys=0.00s Real=0.00s
[2025-05-12T23:25:33.783+0300][1043.762s][36520] Attempt heap expansion (allocation request failed). Allocation request: 2048B
[2025-05-12T23:25:33.783+0300][1043.762s][34628] GC(24786) Concurrent Mark Cycle
[2025-05-12T23:25:33.783+0300][1043.762s][36520] Expand the heap. requested expansion amount: 1048576B expansion amount: 1048576B
[2025-05-12T23:25:33.783+0300][1043.762s][34628] GC(24786) Concurrent Scan Root Regions
[2025-05-12T23:25:33.783+0300][1043.762s][36520] Did not expand the heap (heap already fully expanded)
[2025-05-12T23:25:33.783+0300][1043.762s][34628] GC(24786) Concurrent Scan Root Regions 0.082ms
[2025-05-12T23:25:33.783+0300][1043.762s][36520] Attempting full compaction
[2025-05-12T23:25:33.783+0300][1043.762s][34628] GC(24786) Concurrent Mark
[2025-05-12T23:25:33.783+0300][1043.762s][36520] GC(24787) Pause Full (G1 Compaction Pause)
[2025-05-12T23:25:33.783+0300][1043.762s][34628] GC(24786) Concurrent Mark From Roots
[2025-05-12T23:25:33.783+0300][1043.762s][36520] GC(24787) Heap before GC invocations=21234 (full 7123):
[2025-05-12T23:25:33.783+0300][1043.762s][34628] GC(24786) Using 3 workers of 3 for marking
[2025-05-12T23:25:33.783+0300][1043.762s][36520] GC(24787)  garbage-first heap   total 12288K, used 12198K [0x00000000ff400000, 0x0000000100000000)
[2025-05-12T23:25:33.783+0300][1043.762s][36520] GC(24787)   region size 1024K, 0 young (0K), 0 survivors (0K)
[2025-05-12T23:25:33.783+0300][1043.762s][36520] GC(24787)  Metaspace       used 10757K, committed 12736K, reserved 1114112K
[2025-05-12T23:25:33.783+0300][1043.763s][36520] GC(24787)   class space    used 1075K, committed 1408K, reserved 1048576K
[2025-05-12T23:25:33.783+0300][1043.763s][36520] GC(24787) Requesting 1 active workers for full compaction (waste limited workers: 1, adaptive workers: 2, used limited workers: 12)
[2025-05-12T23:25:33.783+0300][1043.763s][36520] GC(24787) Using 1 workers of 10 for full compaction
[2025-05-12T23:25:33.784+0300][1043.763s][36520] GC(24787) Clear Bitmap
[2025-05-12T23:25:33.784+0300][1043.763s][36520] GC(24787) Running G1 Clear Bitmap with 1 workers for 1 work units.
[2025-05-12T23:25:33.784+0300][1043.763s][36520] GC(24787) Clear Bitmap 0.047ms
[2025-05-12T23:25:33.784+0300][1043.763s][36520] GC(24787) Mutator Allocation stats, regions: 0, wasted size: 0B ( 0.0%)
[2025-05-12T23:25:33.784+0300][1043.763s][36520] GC(24787) Phase 1: Mark live objects
[2025-05-12T23:25:33.790+0300][1043.770s][36520] GC(24787) Phase 1: Reference Processing
[2025-05-12T23:25:33.790+0300][1043.770s][36520] GC(24787) ReferenceProcessor::execute queues: 1, RefProcThreadModel::Single, marks_oops_alive: false
[2025-05-12T23:25:33.790+0300][1043.770s][36520] GC(24787) Skipped KeepAliveFinalRefsPhase of Reference Processing: no references
[2025-05-12T23:25:33.790+0300][1043.770s][36520] GC(24787) ReferenceProcessor::execute queues: 1, RefProcThreadModel::Single, marks_oops_alive: false
[2025-05-12T23:25:33.790+0300][1043.770s][36520] GC(24787) Reference Processing: 0.0ms
[2025-05-12T23:25:33.790+0300][1043.770s][36520] GC(24787)   Notify Soft/WeakReferences: 0.0ms
[2025-05-12T23:25:33.790+0300][1043.770s][36520] GC(24787)     SoftRef: 0.0ms
[2025-05-12T23:25:33.790+0300][1043.770s][36520] GC(24787)     WeakRef: 0.0ms
[2025-05-12T23:25:33.790+0300][1043.770s][36520] GC(24787)     FinalRef: 0.0ms
[2025-05-12T23:25:33.790+0300][1043.770s][36520] GC(24787)     Total: 0.0ms
[2025-05-12T23:25:33.790+0300][1043.770s][36520] GC(24787)   Notify and keep alive finalizable: 0.0ms
[2025-05-12T23:25:33.790+0300][1043.770s][36520] GC(24787)     FinalRef: skipped
[2025-05-12T23:25:33.790+0300][1043.770s][36520] GC(24787)   Notify PhantomReferences: 0.0ms
[2025-05-12T23:25:33.790+0300][1043.770s][36520] GC(24787)     PhantomRef: 0.0ms
[2025-05-12T23:25:33.790+0300][1043.770s][36520] GC(24787)   SoftReference Discovered: 47, Dropped: 4, Processed: 43
[2025-05-12T23:25:33.790+0300][1043.770s][36520] GC(24787)   WeakReference Discovered: 32, Dropped: 13, Processed: 19
[2025-05-12T23:25:33.790+0300][1043.770s][36520] GC(24787)   FinalReference Discovered: 0, Dropped: 0, Processed: 0
[2025-05-12T23:25:33.790+0300][1043.770s][36520] GC(24787)   PhantomReference Discovered: 23, Dropped: 23, Processed: 0
[2025-05-12T23:25:33.790+0300][1043.770s][36520] GC(24787) Phase 1: Reference Processing 0.210ms
[2025-05-12T23:25:33.790+0300][1043.770s][36520] GC(24787) Phase 1: Weak Processing
[2025-05-12T23:25:33.790+0300][1043.770s][36520] GC(24787)   VM Weak                        Min:  0.0, Avg:  0.0, Max:  0.0, Diff:  0.0, Sum:  0.0, Workers: 10
[2025-05-12T23:25:33.790+0300][1043.770s][36520] GC(24787)     Dead                           Min: 0, Avg:  1.8, Max: 18, Diff: 18, Sum: 18, Workers: 10
[2025-05-12T23:25:33.790+0300][1043.770s][36520] GC(24787)     Total                          Min: 0, Avg:  6.6, Max: 58, Diff: 58, Sum: 66, Workers: 10
[2025-05-12T23:25:33.790+0300][1043.770s][36520] GC(24787)   ObjectSynchronizer Weak        Min:  0.0, Avg:  0.0, Max:  0.0, Diff:  0.0, Sum:  0.0, Workers: 10
[2025-05-12T23:25:33.790+0300][1043.770s][36520] GC(24787)     Dead                           Min: 0, Avg:  0.0, Max: 0, Diff: 0, Sum: 0, Workers: 10
[2025-05-12T23:25:33.790+0300][1043.770s][36520] GC(24787)     Total                          Min: 0, Avg:  0.1, Max: 1, Diff: 1, Sum: 1, Workers: 10
[2025-05-12T23:25:33.790+0300][1043.770s][36520] GC(24787)   JVMTI Tag Weak OopStorage      Min:  0.0, Avg:  0.1, Max:  0.1, Diff:  0.0, Sum:  0.5, Workers: 10
[2025-05-12T23:25:33.790+0300][1043.770s][36520] GC(24787)     Dead                           Min: 0, Avg:  1.8, Max: 18, Diff: 18, Sum: 18, Workers: 10
[2025-05-12T23:25:33.790+0300][1043.770s][36520] GC(24787)     Total                          Min: 5604, Avg: 6289.8, Max: 8502, Diff: 2898, Sum: 62898, Workers: 10
[2025-05-12T23:25:33.790+0300][1043.770s][36520] GC(24787)   StringTable Weak               Min:  0.0, Avg:  0.0, Max:  0.0, Diff:  0.0, Sum:  0.2, Workers: 10
[2025-05-12T23:25:33.790+0300][1043.770s][36520] GC(24787)     Dead                           Min: 1, Avg:  6.8, Max: 30, Diff: 29, Sum: 68, Workers: 10
[2025-05-12T23:25:33.790+0300][1043.770s][36520] GC(24787)     Total                          Min: 3455, Avg: 3952.9, Max: 4864, Diff: 1409, Sum: 39529, Workers: 10
[2025-05-12T23:25:33.790+0300][1043.770s][36520] GC(24787)   ResolvedMethodTable Weak       Min:  0.0, Avg:  0.0, Max:  0.0, Diff:  0.0, Sum:  0.0, Workers: 10
[2025-05-12T23:25:33.790+0300][1043.770s][36520] GC(24787)     Dead                           Min: 0, Avg:  3.5, Max: 20, Diff: 20, Sum: 35, Workers: 10
[2025-05-12T23:25:33.790+0300][1043.770s][36520] GC(24787)     Total                          Min: 46, Avg: 80.5, Max: 128, Diff: 82, Sum: 805, Workers: 10
[2025-05-12T23:25:33.790+0300][1043.770s][36520] GC(24787)   JNI Weak                       Min:  0.0, Avg:  0.0, Max:  0.0, Diff:  0.0, Sum:  0.0, Workers: 10
[2025-05-12T23:25:33.790+0300][1043.770s][36520] GC(24787)     Dead                           Min: 0, Avg:  0.0, Max: 0, Diff: 0, Sum: 0, Workers: 10
[2025-05-12T23:25:33.790+0300][1043.770s][36520] GC(24787)     Total                          Min: 0, Avg:  1.1, Max: 11, Diff: 11, Sum: 11, Workers: 10
[2025-05-12T23:25:33.790+0300][1043.770s][36520] GC(24787)   StringDedup Table Weak         Min:  0.0, Avg:  0.0, Max:  0.0, Diff:  0.0, Sum:  0.0, Workers: 10
[2025-05-12T23:25:33.790+0300][1043.770s][36520] GC(24787)     Dead                           Min: 0, Avg:  0.0, Max: 0, Diff: 0, Sum: 0, Workers: 10
[2025-05-12T23:25:33.790+0300][1043.770s][36520] GC(24787)     Total                          Min: 0, Avg:  0.0, Max: 0, Diff: 0, Sum: 0, Workers: 10
[2025-05-12T23:25:33.790+0300][1043.770s][36520] GC(24787)   StringDedup Requests0 Weak     Min:  0.0, Avg:  0.0, Max:  0.0, Diff:  0.0, Sum:  0.0, Workers: 10
[2025-05-12T23:25:33.792+0300][1043.770s][36520] GC(24787)     Dead                           Min: 0, Avg:  0.0, Max: 0, Diff: 0, Sum: 0, Workers: 10
[2025-05-12T23:25:33.792+0300][1043.770s][36520] GC(24787)     Total                          Min: 0, Avg:  0.0, Max: 0, Diff: 0, Sum: 0, Workers: 10
[2025-05-12T23:25:33.792+0300][1043.770s][36520] GC(24787)   StringDedup Requests1 Weak     Min:  0.0, Avg:  0.0, Max:  0.0, Diff:  0.0, Sum:  0.0, Workers: 10
[2025-05-12T23:25:33.792+0300][1043.770s][36520] GC(24787)     Dead                           Min: 0, Avg:  0.0, Max: 0, Diff: 0, Sum: 0, Workers: 10
[2025-05-12T23:25:33.792+0300][1043.770s][36520] GC(24787)     Total                          Min: 0, Avg:  0.0, Max: 0, Diff: 0, Sum: 0, Workers: 10
[2025-05-12T23:25:33.792+0300][1043.770s][36520] GC(24787)   Weak JFR Old Object Samples    Min:  0.0, Avg:  0.0, Max:  0.0, Diff:  0.0, Sum:  0.0, Workers: 10
[2025-05-12T23:25:33.792+0300][1043.770s][36520] GC(24787)     Dead                           Min: 0, Avg:  0.0, Max: 0, Diff: 0, Sum: 0, Workers: 10
[2025-05-12T23:25:33.792+0300][1043.770s][36520] GC(24787)     Total                          Min: 0, Avg:  0.0, Max: 0, Diff: 0, Sum: 0, Workers: 10
[2025-05-12T23:25:33.792+0300][1043.770s][36520] GC(24787) Phase 1: Weak Processing 0.432ms
[2025-05-12T23:25:33.792+0300][1043.770s][36520] GC(24787) Phase 1: Class Unloading and Cleanup
[2025-05-12T23:25:33.792+0300][1043.770s][36520] GC(24787) ClassLoaderData
[2025-05-12T23:25:33.792+0300][1043.770s][36520] GC(24787) ClassLoaderData 0.061ms
[2025-05-12T23:25:33.792+0300][1043.770s][36520] GC(24787) Trigger cleanups
[2025-05-12T23:25:33.792+0300][1043.771s][36520] GC(24787) Trigger cleanups 0.009ms
[2025-05-12T23:25:33.795+0300][1043.774s][36520] GC(24787) Phase 1: Class Unloading and Cleanup 3.819ms
[2025-05-12T23:25:33.795+0300][1043.774s][36520] GC(24787) Report Object Count
[2025-05-12T23:25:33.795+0300][1043.774s][36520] GC(24787) Report Object Count 0.011ms
[2025-05-12T23:25:33.795+0300][1043.774s][36520] GC(24787) Phase 1: Mark live objects 11.644ms
[2025-05-12T23:25:33.795+0300][1043.774s][36520] GC(24787) Phase 2: Prepare compaction
[2025-05-12T23:25:33.795+0300][1043.774s][36520] GC(24787) Phase 2: Determine work lists
[2025-05-12T23:25:33.795+0300][1043.774s][36520] GC(24787) Phase 2: Determine work lists 0.010ms
[2025-05-12T23:25:33.795+0300][1043.774s][36520] GC(24787) Phase 2: Prepare parallel compaction
[2025-05-12T23:25:33.796+0300][1043.775s][36520] GC(24787) Phase 2: Prepare parallel compaction 0.247ms
[2025-05-12T23:25:33.796+0300][1043.775s][36520] GC(24787) Phase 2: Prepare compaction 0.352ms
[2025-05-12T23:25:33.796+0300][1043.775s][36520] GC(24787) Phase 3: Adjust pointers
[2025-05-12T23:25:33.800+0300][1043.779s][36520] GC(24787) Phase 3: Adjust pointers 4.261ms
[2025-05-12T23:25:33.800+0300][1043.779s][36520] GC(24787) Phase 4: Compact heap
[2025-05-12T23:25:33.800+0300][1043.779s][36520] GC(24787) Phase 4: Compact heap 0.144ms
[2025-05-12T23:25:33.800+0300][1043.779s][36520] GC(24787) Phase 5: Reset Metadata
[2025-05-12T23:25:33.802+0300][1043.781s][36520] GC(24787) Phase 5: Reset Metadata 1.585ms
[2025-05-12T23:25:33.802+0300][1043.781s][36520] GC(24787) Running G1 Clear Bitmap with 1 workers for 1 work units.
[2025-05-12T23:25:33.804+0300][1043.782s][36520] Old generation allocation in the last mutator period, old gen allocated: 0B, humongous allocated: 0B, old gen growth: 0B.
[2025-05-12T23:25:33.804+0300][1043.783s][36520] GC(24787) Coarsening (recent): Inline->AoC 0 (0) AoC->Howl 0 (0) Howl->Full 0 (0) Inline->AoC 0 (0) AoC->BitMap 0 (0) BitMap->Full 0 (0) 
[2025-05-12T23:25:33.804+0300][1043.783s][36520] GC(24787) Coarsening (all): Inline->AoC 10920 (0) AoC->Howl 7731 (0) Howl->Full 0 (0) Inline->AoC 10809 (0) AoC->BitMap 7399 (0) BitMap->Full 0 (0) 
[2025-05-12T23:25:33.804+0300][1043.783s][36520] GC(24787) Eden regions: 0->0(1)
[2025-05-12T23:25:33.804+0300][1043.783s][36520] GC(24787) Survivor regions: 0->0(0)
[2025-05-12T23:25:33.804+0300][1043.783s][36520] GC(24787) Old regions: 12->11
[2025-05-12T23:25:33.804+0300][1043.783s][36520] GC(24787) Humongous regions: 0->0
[2025-05-12T23:25:33.804+0300][1043.783s][36520] GC(24787) Metaspace: 10757K(12736K)->10722K(12736K) NonClass: 9682K(11328K)->9656K(11328K) Class: 1075K(1408K)->1066K(1408K)
[2025-05-12T23:25:33.804+0300][1043.783s][36520] GC(24787) Heap after GC invocations=21235 (full 7124):
[2025-05-12T23:25:33.804+0300][1043.783s][36520] GC(24787)  garbage-first heap   total 12288K, used 11260K [0x00000000ff400000, 0x0000000100000000)
[2025-05-12T23:25:33.804+0300][1043.783s][36520] GC(24787)   region size 1024K, 0 young (0K), 0 survivors (0K)
[2025-05-12T23:25:33.804+0300][1043.783s][36520] GC(24787)  Metaspace       used 10722K, committed 12736K, reserved 1114112K
[2025-05-12T23:25:33.804+0300][1043.783s][36520] GC(24787)   class space    used 1066K, committed 1408K, reserved 1048576K
[2025-05-12T23:25:33.804+0300][1043.783s][36520] GC(24787) Pause Full (G1 Compaction Pause) 11M->10M(12M) 20.267ms
[2025-05-12T23:25:33.804+0300][1043.783s][36520] GC(24787) User=0.00s Sys=0.00s Real=0.02s
[2025-05-12T23:25:33.804+0300][1043.783s][34628] ---------------------------------------------------------------------
[2025-05-12T23:25:33.804+0300][1043.783s][9340 ] G1 Service Thread (Card Set Free Memory Task) (run: 22.052ms) (cpu: 0.000ms)
[2025-05-12T23:25:33.804+0300][1043.783s][34628] Marking Stats, task = 0, calls = 0
[2025-05-12T23:25:33.804+0300][1043.783s][9340 ] G1 Service Thread (Periodic GC Task) (run 5.418ms after schedule)
[2025-05-12T23:25:33.804+0300][1043.783s][34628]   Elapsed time = 0.00ms, Termination time = 0.00ms
[2025-05-12T23:25:33.804+0300][1043.783s][9340 ] G1 Service Thread (Periodic GC Task) (run: 0.046ms) (cpu: 0.000ms)
[2025-05-12T23:25:33.804+0300][1043.783s][34628]   Step Times (cum): num = 5369, avg = 0.16ms, sd = 1.55ms max = 16.00ms, total = 833.00ms
[2025-05-12T23:25:33.804+0300][1043.783s][34628]   Mark Stats Cache: hits 2324 misses 0 ratio 100.000
[2025-05-12T23:25:33.804+0300][1043.783s][34628] ---------------------------------------------------------------------
[2025-05-12T23:25:33.804+0300][1043.783s][34628] Marking Stats, task = 1, calls = 0
[2025-05-12T23:25:33.804+0300][1043.783s][34628]   Elapsed time = 0.00ms, Termination time = 0.00ms
[2025-05-12T23:25:33.804+0300][1043.783s][34628]   Step Times (cum): num = 13793, avg = 0.02ms, sd = 0.58ms max = 16.00ms, total = 296.00ms
[2025-05-12T23:25:33.804+0300][1043.783s][34628]   Mark Stats Cache: hits 5154 misses 0 ratio 100.000
[2025-05-12T23:25:33.804+0300][1043.783s][34628] ---------------------------------------------------------------------
[2025-05-12T23:25:33.804+0300][1043.783s][34628] Marking Stats, task = 2, calls = 0
[2025-05-12T23:25:33.804+0300][1043.783s][34628]   Elapsed time = 0.00ms, Termination time = 0.00ms
[2025-05-12T23:25:33.804+0300][1043.783s][34628]   Step Times (cum): num = 13231, avg = 0.02ms, sd = 0.61ms max = 16.00ms, total = 313.00ms
[2025-05-12T23:25:33.804+0300][1043.783s][34628]   Mark Stats Cache: hits 0 misses 0 ratio 0.000
[2025-05-12T23:25:33.804+0300][1043.783s][34628] ---------------------------------------------------------------------
[2025-05-12T23:25:33.804+0300][1043.783s][34628] GC(24786) Concurrent Mark From Roots 20.612ms
[2025-05-12T23:25:33.804+0300][1043.783s][34628] GC(24786) Concurrent Mark Abort
[2025-05-12T23:25:33.804+0300][1043.783s][34628] GC(24786) Concurrent Mark Cycle 20.927ms
[2025-05-12T23:25:33.832+0300][1043.811s][36520] GC(24788) Pause Young (Normal) (G1 Evacuation Pause)
[2025-05-12T23:25:33.832+0300][1043.811s][36520] GC(24788) Heap before GC invocations=21235 (full 7124):
[2025-05-12T23:25:33.832+0300][1043.811s][36520] GC(24788)  garbage-first heap   total 12288K, used 12284K [0x00000000ff400000, 0x0000000100000000)
[2025-05-12T23:25:33.832+0300][1043.811s][36520] GC(24788)   region size 1024K, 1 young (1024K), 0 survivors (0K)
[2025-05-12T23:25:33.832+0300][1043.811s][36520] GC(24788)  Metaspace       used 10759K, committed 12736K, reserved 1114112K
[2025-05-12T23:25:33.832+0300][1043.811s][36520] GC(24788)   class space    used 1076K, committed 1408K, reserved 1048576K
[2025-05-12T23:25:33.832+0300][1043.811s][36520] GC(24788) Using 2 workers of 10 for evacuation
[2025-05-12T23:25:33.832+0300][1043.811s][36520] GC(24788) Desired survivor size 524288 bytes, new threshold 15 (max threshold 15)
[2025-05-12T23:25:33.832+0300][1043.811s][36520] GC(24788) TLAB totals: thrds: 1  refills: 317 max: 317 slow allocs: 151 max 151 waste: 22.1% gc: 0B max: 0B slow: 189528B max: 189528B
[2025-05-12T23:25:33.832+0300][1043.811s][36520] GC(24788) Mutator refinement: 0.00ms, refined: 0, precleaned: 0, dirtied: 103
[2025-05-12T23:25:33.832+0300][1043.811s][36520] GC(24788) Concurrent refinement: 0.00ms, refined: 0, precleaned: 0, dirtied: 0
[2025-05-12T23:25:33.832+0300][1043.811s][36520] GC(24788) Total refinement: 0.00ms, refined: 0, precleaned: 0, dirtied: 103
[2025-05-12T23:25:33.832+0300][1043.811s][36520] GC(24788) Generate dirty cards rate: 3.63 cards/ms
[2025-05-12T23:25:33.832+0300][1043.811s][36520] GC(24788) Mutator Allocation stats, regions: 1, wasted size: 0B ( 0.0%)
[2025-05-12T23:25:33.832+0300][1043.811s][36520] GC(24788) No candidates to reclaim.
[2025-05-12T23:25:33.832+0300][1043.811s][36520] GC(24788) Running G1 Merge Heap Roots using 2 workers for 1 regions
[2025-05-12T23:25:33.832+0300][1043.811s][36520] GC(24788) Visited cards 1120 Total dirty 12288 (9.11%) Total old 26624 (4.21%)
[2025-05-12T23:25:33.832+0300][1043.811s][28072] GC(24788) Attempt heap expansion (region allocation request failed). Allocation request: 2064B
[2025-05-12T23:25:33.832+0300][1043.811s][28072] GC(24788) Did not expand the heap (heap already fully expanded)
[2025-05-12T23:25:33.833+0300][1043.811s][36520] GC(24788) ReferenceProcessor::execute queues: 1, RefProcThreadModel::Single, marks_oops_alive: false
[2025-05-12T23:25:33.833+0300][1043.811s][36520] GC(24788) Skipped KeepAliveFinalRefsPhase of Reference Processing: no references
[2025-05-12T23:25:33.833+0300][1043.811s][36520] GC(24788) Skipped PhantomRefsPhase of Reference Processing: no references
[2025-05-12T23:25:33.833+0300][1043.812s][36520] GC(24788) Initializing removing self forwards with 64 chunks per region
[2025-05-12T23:25:33.833+0300][1043.812s][36520] GC(24788) Running G1 Rebuild Free List Task using 2 workers for rebuilding free list of regions
[2025-05-12T23:25:33.833+0300][1043.812s][36520] GC(24788) Young PLAB allocation: allocated: 0B, wasted: 0B, unused: 0B, used: 0B, undo waste: 0B, 
[2025-05-12T23:25:33.833+0300][1043.812s][36520] GC(24788) Young other allocation: region end waste: 0B, regions filled: 0, num plab filled: 2, direct allocated: 0B, num direct allocated: 0, failure used: 0B, failure wasted: 0B
[2025-05-12T23:25:33.833+0300][1043.812s][36520] GC(24788) Young sizing: calculated: 0B, actual: 2064B
[2025-05-12T23:25:33.833+0300][1043.812s][36520] GC(24788) Old PLAB allocation: allocated: 0B, wasted: 0B, unused: 0B, used: 0B, undo waste: 0B, 
[2025-05-12T23:25:33.833+0300][1043.812s][36520] GC(24788) Old other allocation: region end waste: 0B, regions filled: 0, num plab filled: 2, direct allocated: 0B, num direct allocated: 0, failure used: 186776B, failure wasted: 861800B
[2025-05-12T23:25:33.833+0300][1043.812s][36520] GC(24788) Old sizing: calculated: 0B, actual: 2064B
[2025-05-12T23:25:33.833+0300][1043.812s][36520] GC(24788) Heap expansion: short term pause time ratio 48.89% long term pause time ratio 41.51% threshold 7.69% pause time ratio 7.69% fully expanded true resize by 0B
[2025-05-12T23:25:33.833+0300][1043.812s][9340 ] G1 Service Thread (Card Set Free Memory Task) (run 0.010ms after schedule)
[2025-05-12T23:25:33.833+0300][1043.812s][36520] GC(24788) Request concurrent cycle initiation (occupancy higher than threshold) occupancy: 12582912B allocation request: 0B threshold: 3630439B (28.85) source: end of GC
[2025-05-12T23:25:33.833+0300][1043.812s][36520] GC(24788) MMU: 6.3ms (200.0ms/201.0ms)
[2025-05-12T23:25:33.833+0300][1043.812s][36520] Old generation allocation in the last mutator period, old gen allocated: 1048576B, humongous allocated: 0B, old gen growth: 1048576B.
[2025-05-12T23:25:33.833+0300][1043.812s][36520] GC(24788) Basic information (value update), threshold: 3684588B (29.28), target occupancy: 12582912B, current occupancy: 12579672B, recent allocation size: 1048576B, recent allocation duration: 28.36ms, recent old gen allocation rate: 36967900.02B/s, recent marking phase length: 120.12ms
[2025-05-12T23:25:33.833+0300][1043.812s][36520] GC(24788) Adaptive IHOP information (value update), threshold: 3684588B (34.45), internal target occupancy: 10695475B, occupancy: 12579672B, additional buffer size: 1048576B, predicted old gen allocation rate: 49404788.76B/s, predicted marking phase length: 120.68ms, prediction active: true
[2025-05-12T23:25:33.833+0300][1043.812s][36520] GC(24788) GC refinement: goal: 18446744073709551615 + 102 / 20.00ms, actual: 103 / 0.04ms, 
[2025-05-12T23:25:33.833+0300][1043.812s][36520] GC(24788) Unchanged pending cards target: 18446744073709551615
[2025-05-12T23:25:33.833+0300][1043.812s][36520] GC(24788)   Pre Evacuate Collection Set: 0.1ms
[2025-05-12T23:25:33.833+0300][1043.812s][36520] GC(24788)     Pre Evacuate Prepare: 0.1ms
[2025-05-12T23:25:33.833+0300][1043.812s][36520] GC(24788)       JT Retire TLABs And Flush Logs (ms): Min:  0.0, Avg:  0.0, Max:  0.0, Diff:  0.0, Sum:  0.0, Workers: 2
[2025-05-12T23:25:33.833+0300][1043.812s][36520] GC(24788)       Non-JT Flush Logs (ms):        Min:  0.0, Avg:  0.0, Max:  0.0, Diff:  0.0, Sum:  0.0, Workers: 1
[2025-05-12T23:25:33.833+0300][1043.812s][36520] GC(24788)     Choose Collection Set: 0.0ms
[2025-05-12T23:25:33.833+0300][1043.812s][36520] GC(24788)     Region Register: 0.0ms
[2025-05-12T23:25:33.833+0300][1043.812s][36520] GC(24788)     Prepare Heap Roots: 0.0ms
[2025-05-12T23:25:33.833+0300][1043.812s][36520] GC(24788)   Merge Heap Roots: 0.1ms
[2025-05-12T23:25:33.833+0300][1043.812s][36520] GC(24788)     Prepare Merge Heap Roots: 0.0ms
[2025-05-12T23:25:33.833+0300][1043.812s][36520] GC(24788)     Remembered Sets (ms):          Min:  0.0, Avg:  0.0, Max:  0.0, Diff:  0.0, Sum:  0.0, Workers: 2
[2025-05-12T23:25:33.833+0300][1043.812s][36520] GC(24788)       Eager Reclaim (ms):            skipped
[2025-05-12T23:25:33.833+0300][1043.812s][36520] GC(24788)       Merged Inline                  Min: 0, Avg:  0.0, Max: 0, Diff: 0, Sum: 0, Workers: 2
[2025-05-12T23:25:33.833+0300][1043.812s][36520] GC(24788)       Merged ArrayOfCards            Min: 0, Avg:  0.0, Max: 0, Diff: 0, Sum: 0, Workers: 2
[2025-05-12T23:25:33.833+0300][1043.812s][36520] GC(24788)       Merged Howl                    Min: 0, Avg:  0.0, Max: 0, Diff: 0, Sum: 0, Workers: 2
[2025-05-12T23:25:33.833+0300][1043.812s][36520] GC(24788)       Merged Full                    Min: 0, Avg:  0.0, Max: 0, Diff: 0, Sum: 0, Workers: 2
[2025-05-12T23:25:33.833+0300][1043.812s][36520] GC(24788)       Merged Howl Inline             Min: 0, Avg:  0.0, Max: 0, Diff: 0, Sum: 0, Workers: 2
[2025-05-12T23:25:33.833+0300][1043.812s][36520] GC(24788)       Merged Howl ArrayOfCards       Min: 0, Avg:  0.0, Max: 0, Diff: 0, Sum: 0, Workers: 2
[2025-05-12T23:25:33.833+0300][1043.812s][36520] GC(24788)       Merged Howl BitMap             Min: 0, Avg:  0.0, Max: 0, Diff: 0, Sum: 0, Workers: 2
[2025-05-12T23:25:33.833+0300][1043.812s][36520] GC(24788)       Merged Howl Full               Min: 0, Avg:  0.0, Max: 0, Diff: 0, Sum: 0, Workers: 2
[2025-05-12T23:25:33.833+0300][1043.812s][36520] GC(24788)       Merged Cards                   Min: 8, Avg:  8.0, Max: 8, Diff: 0, Sum: 16, Workers: 2
[2025-05-12T23:25:33.833+0300][1043.812s][36520] GC(24788)     Log Buffers (ms):              Min:  0.0, Avg:  0.0, Max:  0.0, Diff:  0.0, Sum:  0.0, Workers: 2
[2025-05-12T23:25:33.834+0300][1043.812s][36520] GC(24788)       Dirty Cards:                   Min: 0, Avg: 51.5, Max: 103, Diff: 103, Sum: 103, Workers: 2
[2025-05-12T23:25:33.834+0300][1043.812s][36520] GC(24788)       Skipped Cards:                 Min: 0, Avg:  0.0, Max: 0, Diff: 0, Sum: 0, Workers: 2
[2025-05-12T23:25:33.834+0300][1043.812s][36520] GC(24788)   Evacuate Collection Set: 0.3ms
[2025-05-12T23:25:33.834+0300][1043.812s][36520] GC(24788)     Ext Root Scanning (ms):        Min:  0.1, Avg:  0.1, Max:  0.1, Diff:  0.0, Sum:  0.2, Workers: 2
[2025-05-12T23:25:33.834+0300][1043.812s][36520] GC(24788)     Scan Heap Roots (ms):          Min:  0.0, Avg:  0.0, Max:  0.1, Diff:  0.0, Sum:  0.1, Workers: 2
[2025-05-12T23:25:33.834+0300][1043.812s][36520] GC(24788)       Scanned Cards:                 Min: 16, Avg: 51.5, Max: 87, Diff: 71, Sum: 103, Workers: 2
[2025-05-12T23:25:33.834+0300][1043.812s][36520] GC(24788)       Scanned Blocks:                Min: 8, Avg: 36.5, Max: 65, Diff: 57, Sum: 73, Workers: 2
[2025-05-12T23:25:33.834+0300][1043.812s][36520] GC(24788)       Claimed Chunks:                Min: 7, Avg: 17.5, Max: 28, Diff: 21, Sum: 35, Workers: 2
[2025-05-12T23:25:33.834+0300][1043.812s][36520] GC(24788)       Found Roots:                   Min: 33, Avg: 50.0, Max: 67, Diff: 34, Sum: 100, Workers: 2
[2025-05-12T23:25:33.834+0300][1043.812s][36520] GC(24788)     Code Root Scan (ms):           Min:  0.0, Avg:  0.0, Max:  0.0, Diff:  0.0, Sum:  0.0, Workers: 2
[2025-05-12T23:25:33.834+0300][1043.812s][36520] GC(24788)     Object Copy (ms):              Min:  0.1, Avg:  0.1, Max:  0.2, Diff:  0.0, Sum:  0.3, Workers: 2
[2025-05-12T23:25:33.834+0300][1043.812s][36520] GC(24788)     Termination (ms):              Min:  0.0, Avg:  0.0, Max:  0.0, Diff:  0.0, Sum:  0.0, Workers: 2
[2025-05-12T23:25:33.834+0300][1043.812s][36520] GC(24788)       Termination Attempts:          Min: 1, Avg:  1.0, Max: 1, Diff: 0, Sum: 2, Workers: 2
[2025-05-12T23:25:33.834+0300][1043.812s][36520] GC(24788)     GC Worker Other (ms):          Min:  0.0, Avg:  0.0, Max:  0.0, Diff:  0.0, Sum:  0.0, Workers: 2
[2025-05-12T23:25:33.834+0300][1043.812s][36520] GC(24788)     GC Worker Total (ms):          Min:  0.3, Avg:  0.3, Max:  0.3, Diff:  0.0, Sum:  0.6, Workers: 2
[2025-05-12T23:25:33.834+0300][1043.812s][36520] GC(24788)   Post Evacuate Collection Set: 0.5ms
[2025-05-12T23:25:33.834+0300][1043.812s][36520] GC(24788)     NMethod List Cleanup: 0.0ms
[2025-05-12T23:25:33.834+0300][1043.812s][36520] GC(24788)     Reference Processing: 0.1ms
[2025-05-12T23:25:33.834+0300][1043.812s][36520] GC(24788)       Notify Soft/WeakReferences: 0.0ms
[2025-05-12T23:25:33.834+0300][1043.812s][36520] GC(24788)         SoftRef (ms):                  Min:  0.0, Avg:  0.0, Max:  0.0, Diff:  0.0, Sum:  0.0, Workers: 1
[2025-05-12T23:25:33.834+0300][1043.812s][36520] GC(24788)         WeakRef (ms):                  Min:  0.0, Avg:  0.0, Max:  0.0, Diff:  0.0, Sum:  0.0, Workers: 1
[2025-05-12T23:25:33.834+0300][1043.812s][36520] GC(24788)         FinalRef (ms):                 Min:  0.0, Avg:  0.0, Max:  0.0, Diff:  0.0, Sum:  0.0, Workers: 1
[2025-05-12T23:25:33.834+0300][1043.812s][36520] GC(24788)         Total (ms):                    Min:  0.0, Avg:  0.0, Max:  0.0, Diff:  0.0, Sum:  0.0, Workers: 1
[2025-05-12T23:25:33.834+0300][1043.812s][36520] GC(24788)       Notify and keep alive finalizable: 0.0ms
[2025-05-12T23:25:33.834+0300][1043.812s][36520] GC(24788)         FinalRef (ms):                 skipped
[2025-05-12T23:25:33.834+0300][1043.812s][36520] GC(24788)       Notify PhantomReferences: 0.0ms
[2025-05-12T23:25:33.834+0300][1043.812s][36520] GC(24788)         PhantomRef (ms):               skipped
[2025-05-12T23:25:33.834+0300][1043.812s][36520] GC(24788)       SoftReference Discovered: 0, Dropped: 0, Processed: 0
[2025-05-12T23:25:33.834+0300][1043.812s][36520] GC(24788)       WeakReference Discovered: 36, Dropped: 14, Processed: 22
[2025-05-12T23:25:33.834+0300][1043.813s][36520] GC(24788)       FinalReference Discovered: 0, Dropped: 0, Processed: 0
[2025-05-12T23:25:33.834+0300][1043.813s][36520] GC(24788)       PhantomReference Discovered: 0, Dropped: 0, Processed: 0
[2025-05-12T23:25:33.834+0300][1043.813s][36520] GC(24788)     Weak Processing: 0.1ms
[2025-05-12T23:25:33.834+0300][1043.813s][36520] GC(24788)       VM Weak                        Min:  0.0, Avg:  0.0, Max:  0.0, Diff:  0.0, Sum:  0.0, Workers: 10
[2025-05-12T23:25:33.834+0300][1043.813s][36520] GC(24788)         Dead                           Min: 0, Avg:  0.0, Max: 0, Diff: 0, Sum: 0, Workers: 10
[2025-05-12T23:25:33.834+0300][1043.813s][36520] GC(24788)         Total                          Min: 0, Avg:  6.7, Max: 41, Diff: 41, Sum: 67, Workers: 10
[2025-05-12T23:25:33.834+0300][1043.813s][36520] GC(24788)       ObjectSynchronizer Weak        Min:  0.0, Avg:  0.0, Max:  0.0, Diff:  0.0, Sum:  0.0, Workers: 10
[2025-05-12T23:25:33.834+0300][1043.813s][36520] GC(24788)         Dead                           Min: 0, Avg:  0.0, Max: 0, Diff: 0, Sum: 0, Workers: 10
[2025-05-12T23:25:33.834+0300][1043.813s][36520] GC(24788)         Total                          Min: 0, Avg:  0.1, Max: 1, Diff: 1, Sum: 1, Workers: 10
[2025-05-12T23:25:33.834+0300][1043.813s][36520] GC(24788)       JVMTI Tag Weak OopStorage      Min:  0.0, Avg:  0.1, Max:  0.1, Diff:  0.0, Sum:  0.5, Workers: 10
[2025-05-12T23:25:33.834+0300][1043.813s][36520] GC(24788)         Dead                           Min: 0, Avg:  0.0, Max: 0, Diff: 0, Sum: 0, Workers: 10
[2025-05-12T23:25:33.834+0300][1043.813s][36520] GC(24788)         Total                          Min: 3173, Avg: 6289.9, Max: 11055, Diff: 7882, Sum: 62899, Workers: 10
[2025-05-12T23:25:33.834+0300][1043.813s][36520] GC(24788)       StringTable Weak               Min:  0.0, Avg:  0.0, Max:  0.0, Diff:  0.0, Sum:  0.2, Workers: 10
[2025-05-12T23:25:33.834+0300][1043.813s][36520] GC(24788)         Dead                           Min: 0, Avg:  0.0, Max: 0, Diff: 0, Sum: 0, Workers: 10
[2025-05-12T23:25:33.834+0300][1043.813s][36520] GC(24788)         Total                          Min: 3455, Avg: 3952.9, Max: 4992, Diff: 1537, Sum: 39529, Workers: 10
[2025-05-12T23:25:33.834+0300][1043.813s][36520] GC(24788)       ResolvedMethodTable Weak       Min:  0.0, Avg:  0.0, Max:  0.0, Diff:  0.0, Sum:  0.0, Workers: 10
[2025-05-12T23:25:33.834+0300][1043.813s][36520] GC(24788)         Dead                           Min: 0, Avg:  0.0, Max: 0, Diff: 0, Sum: 0, Workers: 10
[2025-05-12T23:25:33.834+0300][1043.813s][36520] GC(24788)         Total                          Min: 0, Avg: 81.6, Max: 128, Diff: 128, Sum: 816, Workers: 10
[2025-05-12T23:25:33.834+0300][1043.813s][36520] GC(24788)       JNI Weak                       Min:  0.0, Avg:  0.0, Max:  0.0, Diff:  0.0, Sum:  0.0, Workers: 10
[2025-05-12T23:25:33.834+0300][1043.813s][36520] GC(24788)         Dead                           Min: 0, Avg:  0.0, Max: 0, Diff: 0, Sum: 0, Workers: 10
[2025-05-12T23:25:33.834+0300][1043.813s][36520] GC(24788)         Total                          Min: 0, Avg:  1.1, Max: 11, Diff: 11, Sum: 11, Workers: 10
[2025-05-12T23:25:33.834+0300][1043.813s][36520] GC(24788)       StringDedup Table Weak         Min:  0.0, Avg:  0.0, Max:  0.0, Diff:  0.0, Sum:  0.0, Workers: 10
[2025-05-12T23:25:33.834+0300][1043.813s][36520] GC(24788)         Dead                           Min: 0, Avg:  0.0, Max: 0, Diff: 0, Sum: 0, Workers: 10
[2025-05-12T23:25:33.834+0300][1043.813s][36520] GC(24788)         Total                          Min: 0, Avg:  0.0, Max: 0, Diff: 0, Sum: 0, Workers: 10
[2025-05-12T23:25:33.834+0300][1043.813s][36520] GC(24788)       StringDedup Requests0 Weak     Min:  0.0, Avg:  0.0, Max:  0.0, Diff:  0.0, Sum:  0.0, Workers: 10
[2025-05-12T23:25:33.834+0300][1043.813s][36520] GC(24788)         Dead                           Min: 0, Avg:  0.0, Max: 0, Diff: 0, Sum: 0, Workers: 10
[2025-05-12T23:25:33.834+0300][1043.813s][36520] GC(24788)         Total                          Min: 0, Avg:  0.0, Max: 0, Diff: 0, Sum: 0, Workers: 10
[2025-05-12T23:25:33.834+0300][1043.813s][36520] GC(24788)       StringDedup Requests1 Weak     Min:  0.0, Avg:  0.0, Max:  0.0, Diff:  0.0, Sum:  0.0, Workers: 10
[2025-05-12T23:25:33.834+0300][1043.813s][36520] GC(24788)         Dead                           Min: 0, Avg:  0.0, Max: 0, Diff: 0, Sum: 0, Workers: 10
[2025-05-12T23:25:33.834+0300][1043.813s][36520] GC(24788)         Total                          Min: 0, Avg:  0.0, Max: 0, Diff: 0, Sum: 0, Workers: 10
[2025-05-12T23:25:33.834+0300][1043.813s][36520] GC(24788)       Weak JFR Old Object Samples    Min:  0.0, Avg:  0.0, Max:  0.0, Diff:  0.0, Sum:  0.0, Workers: 10
[2025-05-12T23:25:33.834+0300][1043.813s][36520] GC(24788)         Dead                           Min: 0, Avg:  0.0, Max: 0, Diff: 0, Sum: 0, Workers: 10
[2025-05-12T23:25:33.834+0300][1043.813s][36520] GC(24788)         Total                          Min: 0, Avg:  0.0, Max: 0, Diff: 0, Sum: 0, Workers: 10
[2025-05-12T23:25:33.834+0300][1043.813s][36520] GC(24788)     Post Evacuate Cleanup 1: 0.1ms
[2025-05-12T23:25:33.834+0300][1043.813s][36520] GC(24788)       Merge Per-Thread State (ms):   Min:  0.0, Avg:  0.0, Max:  0.0, Diff:  0.0, Sum:  0.0, Workers: 1
[2025-05-12T23:25:33.834+0300][1043.813s][36520] GC(24788)         Copied Bytes                   Min: 0, Avg:  0.0, Max: 0, Diff: 0, Sum: 0, Workers: 2
[2025-05-12T23:25:33.834+0300][1043.813s][36520] GC(24788)         LAB Waste                      Min: 0, Avg:  0.0, Max: 0, Diff: 0, Sum: 0, Workers: 2
[2025-05-12T23:25:33.834+0300][1043.813s][36520] GC(24788)         LAB Undo Waste                 Min: 0, Avg:  0.0, Max: 0, Diff: 0, Sum: 0, Workers: 2
[2025-05-12T23:25:33.834+0300][1043.813s][36520] GC(24788)       Clear Logged Cards (ms):       Min:  0.0, Avg:  0.0, Max:  0.0, Diff:  0.0, Sum:  0.0, Workers: 2
[2025-05-12T23:25:33.834+0300][1043.813s][36520] GC(24788)       Recalculate Used Memory (ms):  Min:  0.0, Avg:  0.0, Max:  0.0, Diff:  0.0, Sum:  0.0, Workers: 1
[2025-05-12T23:25:33.834+0300][1043.813s][36520] GC(24788)       Restore Retained Regions (ms): Min:  0.0, Avg:  0.0, Max:  0.0, Diff:  0.0, Sum:  0.1, Workers: 2
[2025-05-12T23:25:33.834+0300][1043.813s][36520] GC(24788)         Evacuation Failure Regions:    Min: 1, Avg:  1.0, Max: 1, Diff: 0, Sum: 1, Workers: 1
[2025-05-12T23:25:33.834+0300][1043.813s][36520] GC(24788)         Remove Self Forwards (ms):     Min:  0.0, Avg:  0.0, Max:  0.0, Diff:  0.0, Sum:  0.1, Workers: 2
[2025-05-12T23:25:33.834+0300][1043.813s][36520] GC(24788)           Forward Chunks:                Min: 23, Avg: 28.0, Max: 33, Diff: 10, Sum: 56, Workers: 2
[2025-05-12T23:25:33.834+0300][1043.813s][36520] GC(24788)           Empty Forward Chunks:          Min: 3, Avg:  4.0, Max: 5, Diff: 2, Sum: 8, Workers: 2
[2025-05-12T23:25:33.834+0300][1043.813s][36520] GC(24788)           Forward Objects:               Min: 1634, Avg: 1712.5, Max: 1791, Diff: 157, Sum: 3425, Workers: 2
[2025-05-12T23:25:33.834+0300][1043.813s][36520] GC(24788)           Forward Bytes:                 Min: 77800, Avg: 93388.0, Max: 108976, Diff: 31176, Sum: 186776, Workers: 2
[2025-05-12T23:25:33.834+0300][1043.813s][36520] GC(24788)     Post Evacuate Cleanup 2: 0.1ms
[2025-05-12T23:25:33.834+0300][1043.813s][36520] GC(24788)       Recalculate Used Memory (ms):  Min:  0.0, Avg:  0.0, Max:  0.0, Diff:  0.0, Sum:  0.0, Workers: 1
[2025-05-12T23:25:33.834+0300][1043.813s][36520] GC(24788)       Restore Preserved Marks (ms):  Min:  0.0, Avg:  0.0, Max:  0.0, Diff:  0.0, Sum:  0.0, Workers: 2
[2025-05-12T23:25:33.834+0300][1043.813s][36520] GC(24788)       Clear Retained Region Bitmaps (ms): Min:  0.0, Avg:  0.0, Max:  0.0, Diff:  0.0, Sum:  0.0, Workers: 2
[2025-05-12T23:25:33.834+0300][1043.813s][36520] GC(24788)       Update Derived Pointers (ms):  Min:  0.0, Avg:  0.0, Max:  0.0, Diff:  0.0, Sum:  0.0, Workers: 1
[2025-05-12T23:25:33.834+0300][1043.813s][36520] GC(24788)       Eagerly Reclaim Humongous Objects (ms): skipped
[2025-05-12T23:25:33.834+0300][1043.813s][36520] GC(24788)         Humongous Total                skipped
[2025-05-12T23:25:33.834+0300][1043.813s][36520] GC(24788)         Humongous Candidates           skipped
[2025-05-12T23:25:33.834+0300][1043.813s][36520] GC(24788)         Humongous Reclaimed            skipped
[2025-05-12T23:25:33.834+0300][1043.813s][36520] GC(24788)       Redirty Logged Cards (ms):     Min:  0.0, Avg:  0.0, Max:  0.0, Diff:  0.0, Sum:  0.0, Workers: 2
[2025-05-12T23:25:33.834+0300][1043.813s][36520] GC(24788)         Redirtied Cards:               Min: 0, Avg:  0.0, Max: 0, Diff: 0, Sum: 0, Workers: 2
[2025-05-12T23:25:33.834+0300][1043.813s][36520] GC(24788)       Resize TLABs (ms):             Min:  0.0, Avg:  0.0, Max:  0.0, Diff:  0.0, Sum:  0.0, Workers: 2
[2025-05-12T23:25:33.834+0300][1043.813s][36520] GC(24788)       Free Collection Set (ms):      Min:  0.0, Avg:  0.0, Max:  0.0, Diff:  0.0, Sum:  0.0, Workers: 2
[2025-05-12T23:25:33.834+0300][1043.813s][36520] GC(24788)     Rebuild Free List: 0.1ms
[2025-05-12T23:25:33.834+0300][1043.813s][36520] GC(24788)     Prepare For Mutator: 0.1ms
[2025-05-12T23:25:33.834+0300][1043.813s][36520] GC(24788)     Expand Heap After Collection: 0.0ms
[2025-05-12T23:25:33.834+0300][1043.813s][36520] GC(24788)   Other: 0.2ms
[2025-05-12T23:25:33.834+0300][1043.813s][36520] GC(24788) Coarsening (recent): Inline->AoC 0 (0) AoC->Howl 0 (0) Howl->Full 0 (0) Inline->AoC 0 (0) AoC->BitMap 0 (0) BitMap->Full 0 (0) 
[2025-05-12T23:25:33.834+0300][1043.813s][36520] GC(24788) Coarsening (all): Inline->AoC 10920 (0) AoC->Howl 7731 (0) Howl->Full 0 (0) Inline->AoC 10809 (0) AoC->BitMap 7399 (0) BitMap->Full 0 (0) 
[2025-05-12T23:25:33.834+0300][1043.813s][36520] GC(24788) Eden regions: 1->0(0)
[2025-05-12T23:25:33.834+0300][1043.813s][36520] GC(24788) Survivor regions: 0->0(0)
[2025-05-12T23:25:33.834+0300][1043.813s][36520] GC(24788) Old regions: 11->12
[2025-05-12T23:25:33.834+0300][1043.813s][36520] GC(24788) Humongous regions: 0->0
[2025-05-12T23:25:33.834+0300][1043.813s][36520] GC(24788) Metaspace: 10759K(12736K)->10759K(12736K) NonClass: 9683K(11328K)->9683K(11328K) Class: 1076K(1408K)->1076K(1408K)
[2025-05-12T23:25:33.834+0300][1043.813s][36520] GC(24788) Heap after GC invocations=21236 (full 7124):
[2025-05-12T23:25:33.834+0300][1043.813s][36520] GC(24788)  garbage-first heap   total 12288K, used 12284K [0x00000000ff400000, 0x0000000100000000)
[2025-05-12T23:25:33.834+0300][1043.813s][36520] GC(24788)   region size 1024K, 0 young (0K), 0 survivors (0K)
[2025-05-12T23:25:33.834+0300][1043.813s][36520] GC(24788)  Metaspace       used 10759K, committed 12736K, reserved 1114112K
[2025-05-12T23:25:33.835+0300][1043.813s][36520] GC(24788)   class space    used 1076K, committed 1408K, reserved 1048576K
[2025-05-12T23:25:33.835+0300][1043.813s][36520] GC(24788) Pause Young (Normal) (G1 Evacuation Pause) (Evacuation Failure) 11M->11M(12M) 2.534ms
[2025-05-12T23:25:33.835+0300][1043.813s][36520] GC(24788) User=0.00s Sys=0.00s Real=0.00s
[2025-05-12T23:25:33.835+0300][1043.813s][36520] Attempt heap expansion (allocation request failed). Allocation request: 2048B
[2025-05-12T23:25:33.835+0300][1043.813s][36520] Expand the heap. requested expansion amount: 1048576B expansion amount: 1048576B
[2025-05-12T23:25:33.835+0300][1043.813s][36520] Did not expand the heap (heap already fully expanded)
[2025-05-12T23:25:33.835+0300][1043.813s][36520] Attempting full compaction
[2025-05-12T23:25:33.835+0300][1043.813s][36520] GC(24789) Pause Full (G1 Compaction Pause)
[2025-05-12T23:25:33.835+0300][1043.813s][36520] GC(24789) Heap before GC invocations=21236 (full 7124):
[2025-05-12T23:25:33.835+0300][1043.813s][36520] GC(24789)  garbage-first heap   total 12288K, used 12284K [0x00000000ff400000, 0x0000000100000000)
[2025-05-12T23:25:33.835+0300][1043.813s][36520] GC(24789)   region size 1024K, 0 young (0K), 0 survivors (0K)
[2025-05-12T23:25:33.835+0300][1043.813s][36520] GC(24789)  Metaspace       used 10759K, committed 12736K, reserved 1114112K
[2025-05-12T23:25:33.835+0300][1043.813s][36520] GC(24789)   class space    used 1076K, committed 1408K, reserved 1048576K
[2025-05-12T23:25:33.835+0300][1043.813s][36520] GC(24789) Requesting 1 active workers for full compaction (waste limited workers: 1, adaptive workers: 2, used limited workers: 12)
[2025-05-12T23:25:33.835+0300][1043.813s][36520] GC(24789) Using 1 workers of 10 for full compaction
[2025-05-12T23:25:33.835+0300][1043.813s][36520] GC(24789) Mutator Allocation stats, regions: 0, wasted size: 0B ( 0.0%)
[2025-05-12T23:25:33.835+0300][1043.813s][36520] GC(24789) Phase 1: Mark live objects
[2025-05-12T23:25:33.842+0300][1043.820s][36520] GC(24789) Phase 1: Reference Processing
[2025-05-12T23:25:33.842+0300][1043.820s][36520] GC(24789) ReferenceProcessor::execute queues: 1, RefProcThreadModel::Single, marks_oops_alive: false
[2025-05-12T23:25:33.842+0300][1043.820s][36520] GC(24789) Skipped KeepAliveFinalRefsPhase of Reference Processing: no references
[2025-05-12T23:25:33.842+0300][1043.820s][36520] GC(24789) ReferenceProcessor::execute queues: 1, RefProcThreadModel::Single, marks_oops_alive: false
[2025-05-12T23:25:33.842+0300][1043.820s][36520] GC(24789) Reference Processing: 0.0ms
[2025-05-12T23:25:33.842+0300][1043.820s][36520] GC(24789)   Notify Soft/WeakReferences: 0.0ms
[2025-05-12T23:25:33.842+0300][1043.820s][36520] GC(24789)     SoftRef: 0.0ms
[2025-05-12T23:25:33.842+0300][1043.820s][36520] GC(24789)     WeakRef: 0.0ms
[2025-05-12T23:25:33.842+0300][1043.820s][36520] GC(24789)     FinalRef: 0.0ms
[2025-05-12T23:25:33.842+0300][1043.820s][36520] GC(24789)     Total: 0.0ms
[2025-05-12T23:25:33.842+0300][1043.820s][36520] GC(24789)   Notify and keep alive finalizable: 0.0ms
[2025-05-12T23:25:33.842+0300][1043.820s][36520] GC(24789)     FinalRef: skipped
[2025-05-12T23:25:33.842+0300][1043.820s][36520] GC(24789)   Notify PhantomReferences: 0.0ms
[2025-05-12T23:25:33.842+0300][1043.820s][36520] GC(24789)     PhantomRef: 0.0ms
[2025-05-12T23:25:33.842+0300][1043.820s][36520] GC(24789)   SoftReference Discovered: 46, Dropped: 4, Processed: 42
[2025-05-12T23:25:33.842+0300][1043.820s][36520] GC(24789)   WeakReference Discovered: 32, Dropped: 13, Processed: 19
[2025-05-12T23:25:33.842+0300][1043.820s][36520] GC(24789)   FinalReference Discovered: 0, Dropped: 0, Processed: 0
[2025-05-12T23:25:33.842+0300][1043.821s][36520] GC(24789)   PhantomReference Discovered: 23, Dropped: 23, Processed: 0
[2025-05-12T23:25:33.842+0300][1043.821s][36520] GC(24789) Phase 1: Reference Processing 0.201ms
[2025-05-12T23:25:33.842+0300][1043.821s][36520] GC(24789) Phase 1: Weak Processing
[2025-05-12T23:25:33.842+0300][1043.821s][36520] GC(24789)   VM Weak                        Min:  0.0, Avg:  0.0, Max:  0.0, Diff:  0.0, Sum:  0.0, Workers: 10
[2025-05-12T23:25:33.842+0300][1043.821s][36520] GC(24789)     Dead                           Min: 0, Avg:  2.0, Max: 20, Diff: 20, Sum: 20, Workers: 10
[2025-05-12T23:25:33.842+0300][1043.821s][36520] GC(24789)     Total                          Min: 0, Avg:  6.7, Max: 41, Diff: 41, Sum: 67, Workers: 10
[2025-05-12T23:25:33.842+0300][1043.821s][36520] GC(24789)   ObjectSynchronizer Weak        Min:  0.0, Avg:  0.0, Max:  0.0, Diff:  0.0, Sum:  0.0, Workers: 10
[2025-05-12T23:25:33.842+0300][1043.821s][36520] GC(24789)     Dead                           Min: 0, Avg:  0.0, Max: 0, Diff: 0, Sum: 0, Workers: 10
[2025-05-12T23:25:33.842+0300][1043.821s][36520] GC(24789)     Total                          Min: 0, Avg:  0.1, Max: 1, Diff: 1, Sum: 1, Workers: 10
[2025-05-12T23:25:33.842+0300][1043.821s][36520] GC(24789)   JVMTI Tag Weak OopStorage      Min:  0.0, Avg:  0.0, Max:  0.1, Diff:  0.0, Sum:  0.5, Workers: 10
[2025-05-12T23:25:33.842+0300][1043.821s][36520] GC(24789)     Dead                           Min: 0, Avg:  2.0, Max: 20, Diff: 20, Sum: 20, Workers: 10
[2025-05-12T23:25:33.842+0300][1043.821s][36520] GC(24789)     Total                          Min: 3636, Avg: 6289.9, Max: 13254, Diff: 9618, Sum: 62899, Workers: 10
[2025-05-12T23:25:33.842+0300][1043.821s][36520] GC(24789)   StringTable Weak               Min:  0.0, Avg:  0.0, Max:  0.0, Diff:  0.0, Sum:  0.2, Workers: 10
[2025-05-12T23:25:33.842+0300][1043.821s][36520] GC(24789)     Dead                           Min: 0, Avg:  9.0, Max: 36, Diff: 36, Sum: 90, Workers: 10
[2025-05-12T23:25:33.842+0300][1043.821s][36520] GC(24789)     Total                          Min: 3581, Avg: 3952.9, Max: 4928, Diff: 1347, Sum: 39529, Workers: 10
[2025-05-12T23:25:33.842+0300][1043.821s][36520] GC(24789)   ResolvedMethodTable Weak       Min:  0.0, Avg:  0.0, Max:  0.0, Diff:  0.0, Sum:  0.0, Workers: 10
[2025-05-12T23:25:33.842+0300][1043.821s][36520] GC(24789)     Dead                           Min: 0, Avg:  3.7, Max: 13, Diff: 13, Sum: 37, Workers: 10
[2025-05-12T23:25:33.842+0300][1043.821s][36520] GC(24789)     Total                          Min: 0, Avg: 81.6, Max: 128, Diff: 128, Sum: 816, Workers: 10
[2025-05-12T23:25:33.842+0300][1043.821s][36520] GC(24789)   JNI Weak                       Min:  0.0, Avg:  0.0, Max:  0.0, Diff:  0.0, Sum:  0.0, Workers: 10
[2025-05-12T23:25:33.842+0300][1043.821s][36520] GC(24789)     Dead                           Min: 0, Avg:  0.0, Max: 0, Diff: 0, Sum: 0, Workers: 10
[2025-05-12T23:25:33.842+0300][1043.821s][36520] GC(24789)     Total                          Min: 0, Avg:  1.1, Max: 11, Diff: 11, Sum: 11, Workers: 10
[2025-05-12T23:25:33.842+0300][1043.821s][36520] GC(24789)   StringDedup Table Weak         Min:  0.0, Avg:  0.0, Max:  0.0, Diff:  0.0, Sum:  0.0, Workers: 10
[2025-05-12T23:25:33.842+0300][1043.821s][36520] GC(24789)     Dead                           Min: 0, Avg:  0.0, Max: 0, Diff: 0, Sum: 0, Workers: 10
[2025-05-12T23:25:33.842+0300][1043.821s][36520] GC(24789)     Total                          Min: 0, Avg:  0.0, Max: 0, Diff: 0, Sum: 0, Workers: 10
[2025-05-12T23:25:33.842+0300][1043.821s][36520] GC(24789)   StringDedup Requests0 Weak     Min:  0.0, Avg:  0.0, Max:  0.0, Diff:  0.0, Sum:  0.0, Workers: 10
[2025-05-12T23:25:33.842+0300][1043.821s][36520] GC(24789)     Dead                           Min: 0, Avg:  0.0, Max: 0, Diff: 0, Sum: 0, Workers: 10
[2025-05-12T23:25:33.842+0300][1043.821s][36520] GC(24789)     Total                          Min: 0, Avg:  0.0, Max: 0, Diff: 0, Sum: 0, Workers: 10
[2025-05-12T23:25:33.842+0300][1043.821s][36520] GC(24789)   StringDedup Requests1 Weak     Min:  0.0, Avg:  0.0, Max:  0.0, Diff:  0.0, Sum:  0.0, Workers: 10
[2025-05-12T23:25:33.842+0300][1043.821s][36520] GC(24789)     Dead                           Min: 0, Avg:  0.0, Max: 0, Diff: 0, Sum: 0, Workers: 10
[2025-05-12T23:25:33.842+0300][1043.821s][36520] GC(24789)     Total                          Min: 0, Avg:  0.0, Max: 0, Diff: 0, Sum: 0, Workers: 10
[2025-05-12T23:25:33.842+0300][1043.821s][36520] GC(24789)   Weak JFR Old Object Samples    Min:  0.0, Avg:  0.0, Max:  0.0, Diff:  0.0, Sum:  0.0, Workers: 10
[2025-05-12T23:25:33.842+0300][1043.821s][36520] GC(24789)     Dead                           Min: 0, Avg:  0.0, Max: 0, Diff: 0, Sum: 0, Workers: 10
[2025-05-12T23:25:33.842+0300][1043.821s][36520] GC(24789)     Total                          Min: 0, Avg:  0.0, Max: 0, Diff: 0, Sum: 0, Workers: 10
[2025-05-12T23:25:33.842+0300][1043.821s][36520] GC(24789) Phase 1: Weak Processing 0.453ms
[2025-05-12T23:25:33.842+0300][1043.821s][36520] GC(24789) Phase 1: Class Unloading and Cleanup
[2025-05-12T23:25:33.842+0300][1043.821s][36520] GC(24789) ClassLoaderData
[2025-05-12T23:25:33.842+0300][1043.821s][36520] GC(24789) ClassLoaderData 0.065ms
[2025-05-12T23:25:33.842+0300][1043.821s][36520] GC(24789) Trigger cleanups
[2025-05-12T23:25:33.842+0300][1043.821s][36520] GC(24789) Trigger cleanups 0.009ms
[2025-05-12T23:25:33.846+0300][1043.825s][36520] GC(24789) Phase 1: Class Unloading and Cleanup 3.847ms
[2025-05-12T23:25:33.846+0300][1043.825s][36520] GC(24789) Report Object Count
[2025-05-12T23:25:33.846+0300][1043.825s][36520] GC(24789) Report Object Count 0.012ms
[2025-05-12T23:25:33.846+0300][1043.825s][36520] GC(24789) Phase 1: Mark live objects 11.441ms
[2025-05-12T23:25:33.846+0300][1043.825s][36520] GC(24789) Phase 2: Prepare compaction
[2025-05-12T23:25:33.846+0300][1043.825s][36520] GC(24789) Phase 2: Determine work lists
[2025-05-12T23:25:33.846+0300][1043.825s][36520] GC(24789) Phase 2: Determine work lists 0.010ms
[2025-05-12T23:25:33.846+0300][1043.825s][36520] GC(24789) Phase 2: Prepare parallel compaction
[2025-05-12T23:25:33.846+0300][1043.825s][36520] GC(24789) Phase 2: Prepare parallel compaction 0.238ms
[2025-05-12T23:25:33.846+0300][1043.825s][36520] GC(24789) Phase 2: Prepare compaction 0.280ms
[2025-05-12T23:25:33.846+0300][1043.825s][36520] GC(24789) Phase 3: Adjust pointers
[2025-05-12T23:25:33.851+0300][1043.829s][36520] GC(24789) Phase 3: Adjust pointers 4.221ms
[2025-05-12T23:25:33.851+0300][1043.829s][36520] GC(24789) Phase 4: Compact heap
[2025-05-12T23:25:33.851+0300][1043.830s][36520] GC(24789) Phase 4: Compact heap 0.193ms
[2025-05-12T23:25:33.851+0300][1043.830s][36520] GC(24789) Phase 5: Reset Metadata
[2025-05-12T23:25:33.852+0300][1043.831s][36520] GC(24789) Phase 5: Reset Metadata 1.327ms
[2025-05-12T23:25:33.852+0300][1043.831s][36520] GC(24789) Running G1 Clear Bitmap with 1 workers for 1 work units.
[2025-05-12T23:25:33.853+0300][1043.833s][36520] GC(24789) Request concurrent cycle initiation (occupancy higher than threshold) occupancy: 11534336B allocation request: 0B threshold: 3684588B (29.28) source: end of Full GC
[2025-05-12T23:25:33.853+0300][1043.833s][36520] Old generation allocation in the last mutator period, old gen allocated: 0B, humongous allocated: 0B, old gen growth: 0B.
[2025-05-12T23:25:33.853+0300][1043.833s][36520] GC(24789) Coarsening (recent): Inline->AoC 0 (0) AoC->Howl 0 (0) Howl->Full 0 (0) Inline->AoC 0 (0) AoC->BitMap 0 (0) BitMap->Full 0 (0) 
[2025-05-12T23:25:33.853+0300][1043.833s][36520] GC(24789) Coarsening (all): Inline->AoC 10920 (0) AoC->Howl 7731 (0) Howl->Full 0 (0) Inline->AoC 10809 (0) AoC->BitMap 7399 (0) BitMap->Full 0 (0) 
[2025-05-12T23:25:33.853+0300][1043.833s][36520] GC(24789) Eden regions: 0->0(1)
[2025-05-12T23:25:33.853+0300][1043.833s][36520] GC(24789) Survivor regions: 0->0(0)
[2025-05-12T23:25:33.853+0300][1043.833s][36520] GC(24789) Old regions: 12->11
[2025-05-12T23:25:33.853+0300][1043.833s][36520] GC(24789) Humongous regions: 0->0
[2025-05-12T23:25:33.853+0300][1043.833s][36520] GC(24789) Metaspace: 10759K(12736K)->10718K(12736K) NonClass: 9683K(11328K)->9653K(11328K) Class: 1076K(1408K)->1064K(1408K)
[2025-05-12T23:25:33.853+0300][1043.833s][36520] GC(24789) Heap after GC invocations=21237 (full 7125):
[2025-05-12T23:25:33.853+0300][1043.833s][36520] GC(24789)  garbage-first heap   total 12288K, used 11253K [0x00000000ff400000, 0x0000000100000000)
[2025-05-12T23:25:33.853+0300][1043.833s][36520] GC(24789)   region size 1024K, 0 young (0K), 0 survivors (0K)
[2025-05-12T23:25:33.853+0300][1043.833s][36520] GC(24789)  Metaspace       used 10718K, committed 12736K, reserved 1114112K
[2025-05-12T23:25:33.854+0300][1043.833s][36520] GC(24789)   class space    used 1064K, committed 1408K, reserved 1048576K
[2025-05-12T23:25:33.854+0300][1043.833s][36520] GC(24789) Pause Full (G1 Compaction Pause) 11M->10M(12M) 19.464ms
[2025-05-12T23:25:33.854+0300][1043.833s][36520] GC(24789) User=0.00s Sys=0.00s Real=0.02s
[2025-05-12T23:25:33.854+0300][1043.833s][9340 ] G1 Service Thread (Card Set Free Memory Task) (run: 20.959ms) (cpu: 0.000ms)
[2025-05-12T23:25:33.882+0300][1043.861s][36520] GC(24790) Initiate concurrent cycle (concurrent cycle initiation requested)
[2025-05-12T23:25:33.882+0300][1043.861s][36520] GC(24790) Pause Young (Concurrent Start) (G1 Evacuation Pause)
[2025-05-12T23:25:33.882+0300][1043.861s][36520] GC(24790) Heap before GC invocations=21237 (full 7125):
[2025-05-12T23:25:33.882+0300][1043.861s][36520] GC(24790)  garbage-first heap   total 12288K, used 11253K [0x00000000ff400000, 0x0000000100000000)
[2025-05-12T23:25:33.882+0300][1043.861s][36520] GC(24790)   region size 1024K, 1 young (1024K), 0 survivors (0K)
[2025-05-12T23:25:33.882+0300][1043.861s][36520] GC(24790)  Metaspace       used 10759K, committed 12736K, reserved 1114112K
[2025-05-12T23:25:33.882+0300][1043.861s][36520] GC(24790)   class space    used 1076K, committed 1408K, reserved 1048576K
[2025-05-12T23:25:33.882+0300][1043.861s][36520] GC(24790) Using 2 workers of 10 for evacuation
[2025-05-12T23:25:33.882+0300][1043.861s][36520] GC(24790) Desired survivor size 524288 bytes, new threshold 15 (max threshold 15)
[2025-05-12T23:25:33.882+0300][1043.862s][36520] GC(24790) TLAB totals: thrds: 1  refills: 316 max: 316 slow allocs: 157 max 157 waste: 22.1% gc: 688B max: 688B slow: 188472B max: 188472B
[2025-05-12T23:25:33.882+0300][1043.862s][36520] GC(24790) Mutator refinement: 0.00ms, refined: 0, precleaned: 0, dirtied: 107
[2025-05-12T23:25:33.882+0300][1043.862s][36520] GC(24790) Concurrent refinement: 0.00ms, refined: 0, precleaned: 0, dirtied: 0
[2025-05-12T23:25:33.882+0300][1043.862s][36520] GC(24790) Total refinement: 0.00ms, refined: 0, precleaned: 0, dirtied: 107
[2025-05-12T23:25:33.882+0300][1043.862s][36520] GC(24790) Generate dirty cards rate: 3.70 cards/ms
[2025-05-12T23:25:33.882+0300][1043.862s][36520] GC(24790) Mutator Allocation stats, regions: 1, wasted size: 0B ( 0.0%)
[2025-05-12T23:25:33.882+0300][1043.862s][36520] GC(24790) No candidates to reclaim.
[2025-05-12T23:25:33.882+0300][1043.862s][36520] GC(24790) Running G1 Merge Heap Roots using 2 workers for 1 regions
[2025-05-12T23:25:33.882+0300][1043.862s][36520] GC(24790) Visited cards 1120 Total dirty 12288 (9.11%) Total old 26624 (4.21%)
[2025-05-12T23:25:33.882+0300][1043.862s][16704] GC(24790) Attempt heap expansion (region allocation request failed). Allocation request: 2064B
[2025-05-12T23:25:33.882+0300][1043.862s][16704] GC(24790) Did not expand the heap (heap already fully expanded)
[2025-05-12T23:25:33.883+0300][1043.862s][36520] GC(24790) ReferenceProcessor::execute queues: 1, RefProcThreadModel::Single, marks_oops_alive: false
[2025-05-12T23:25:33.883+0300][1043.862s][36520] GC(24790) Skipped KeepAliveFinalRefsPhase of Reference Processing: no references
[2025-05-12T23:25:33.883+0300][1043.862s][36520] GC(24790) Skipped PhantomRefsPhase of Reference Processing: no references
[2025-05-12T23:25:33.883+0300][1043.863s][36520] GC(24790) Initializing removing self forwards with 64 chunks per region
[2025-05-12T23:25:33.883+0300][1043.863s][36520] GC(24790) Running G1 Rebuild Free List Task using 2 workers for rebuilding free list of regions
[2025-05-12T23:25:33.883+0300][1043.863s][36520] GC(24790) Young PLAB allocation: allocated: 0B, wasted: 0B, unused: 0B, used: 0B, undo waste: 0B, 
[2025-05-12T23:25:33.883+0300][1043.863s][36520] GC(24790) Young other allocation: region end waste: 0B, regions filled: 0, num plab filled: 2, direct allocated: 0B, num direct allocated: 0, failure used: 0B, failure wasted: 0B
[2025-05-12T23:25:33.883+0300][1043.863s][36520] GC(24790) Young sizing: calculated: 0B, actual: 2064B
[2025-05-12T23:25:33.883+0300][1043.863s][36520] GC(24790) Old PLAB allocation: allocated: 0B, wasted: 0B, unused: 0B, used: 0B, undo waste: 0B, 
[2025-05-12T23:25:33.883+0300][1043.863s][36520] GC(24790) Old other allocation: region end waste: 0B, regions filled: 0, num plab filled: 2, direct allocated: 0B, num direct allocated: 0, failure used: 158024B, failure wasted: 890552B
[2025-05-12T23:25:33.883+0300][1043.863s][36520] GC(24790) Old sizing: calculated: 0B, actual: 2064B
[2025-05-12T23:25:33.883+0300][1043.863s][36520] GC(24790) Heap expansion: short term pause time ratio 38.24% long term pause time ratio 41.58% threshold 7.69% pause time ratio 7.69% fully expanded true resize by 0B
[2025-05-12T23:25:33.883+0300][1043.863s][36520] GC(24790) MMU: 6.7ms (200.0ms/201.0ms)
[2025-05-12T23:25:33.883+0300][1043.863s][36520] Old generation allocation in the last mutator period, old gen allocated: 1048576B, humongous allocated: 0B, old gen growth: 1048576B.
[2025-05-12T23:25:33.883+0300][1043.863s][36520] GC(24790) Basic information (value update), threshold: 3739619B (29.72), target occupancy: 12582912B, current occupancy: 12562288B, recent allocation size: 1048576B, recent allocation duration: 28.88ms, recent old gen allocation rate: 36302251.03B/s, recent marking phase length: 120.12ms
[2025-05-12T23:25:33.883+0300][1043.863s][9340 ] G1 Service Thread (Card Set Free Memory Task) (run 0.043ms after schedule)
[2025-05-12T23:25:33.883+0300][1043.863s][36520] GC(24790) Adaptive IHOP information (value update), threshold: 3739619B (34.96), internal target occupancy: 10695475B, occupancy: 12562288B, additional buffer size: 1048576B, predicted old gen allocation rate: 48948794.88B/s, predicted marking phase length: 120.68ms, prediction active: true
[2025-05-12T23:25:33.883+0300][1043.863s][36520] GC(24790) GC refinement: goal: 18446744073709551615 + 104 / 20.00ms, actual: 107 / 0.04ms, 
[2025-05-12T23:25:33.884+0300][1043.863s][36520] GC(24790) Unchanged pending cards target: 18446744073709551615
[2025-05-12T23:25:33.884+0300][1043.863s][36520] GC(24790)   Pre Evacuate Collection Set: 0.2ms
[2025-05-12T23:25:33.884+0300][1043.863s][36520] GC(24790)     Pre Evacuate Prepare: 0.1ms
[2025-05-12T23:25:33.884+0300][1043.863s][36520] GC(24790)       JT Retire TLABs And Flush Logs (ms): Min:  0.0, Avg:  0.0, Max:  0.0, Diff:  0.0, Sum:  0.0, Workers: 2
[2025-05-12T23:25:33.884+0300][1043.863s][36520] GC(24790)       Non-JT Flush Logs (ms):        Min:  0.0, Avg:  0.0, Max:  0.0, Diff:  0.0, Sum:  0.0, Workers: 1
[2025-05-12T23:25:33.884+0300][1043.863s][36520] GC(24790)     Choose Collection Set: 0.0ms
[2025-05-12T23:25:33.884+0300][1043.863s][36520] GC(24790)     Region Register: 0.1ms
[2025-05-12T23:25:33.884+0300][1043.863s][36520] GC(24790)     Prepare Heap Roots: 0.0ms
[2025-05-12T23:25:33.884+0300][1043.863s][36520] GC(24790)     Reset Marking State (ms):      Min:  0.0, Avg:  0.0, Max:  0.0, Diff:  0.0, Sum:  0.0, Workers: 1
[2025-05-12T23:25:33.884+0300][1043.863s][36520] GC(24790)     Note Start Of Mark (ms):       Min:  0.0, Avg:  0.0, Max:  0.0, Diff:  0.0, Sum:  0.0, Workers: 2
[2025-05-12T23:25:33.884+0300][1043.863s][36520] GC(24790)   Merge Heap Roots: 0.1ms
[2025-05-12T23:25:33.884+0300][1043.863s][36520] GC(24790)     Prepare Merge Heap Roots: 0.0ms
[2025-05-12T23:25:33.884+0300][1043.863s][36520] GC(24790)     Remembered Sets (ms):          Min:  0.0, Avg:  0.0, Max:  0.0, Diff:  0.0, Sum:  0.0, Workers: 2
[2025-05-12T23:25:33.884+0300][1043.863s][36520] GC(24790)       Eager Reclaim (ms):            skipped
[2025-05-12T23:25:33.884+0300][1043.863s][36520] GC(24790)       Merged Inline                  Min: 0, Avg:  0.0, Max: 0, Diff: 0, Sum: 0, Workers: 2
[2025-05-12T23:25:33.884+0300][1043.863s][36520] GC(24790)       Merged ArrayOfCards            Min: 0, Avg:  0.0, Max: 0, Diff: 0, Sum: 0, Workers: 2
[2025-05-12T23:25:33.884+0300][1043.863s][36520] GC(24790)       Merged Howl                    Min: 0, Avg:  0.0, Max: 0, Diff: 0, Sum: 0, Workers: 2
[2025-05-12T23:25:33.884+0300][1043.863s][36520] GC(24790)       Merged Full                    Min: 0, Avg:  0.0, Max: 0, Diff: 0, Sum: 0, Workers: 2
[2025-05-12T23:25:33.884+0300][1043.863s][36520] GC(24790)       Merged Howl Inline             Min: 0, Avg:  0.0, Max: 0, Diff: 0, Sum: 0, Workers: 2
[2025-05-12T23:25:33.884+0300][1043.863s][36520] GC(24790)       Merged Howl ArrayOfCards       Min: 0, Avg:  0.0, Max: 0, Diff: 0, Sum: 0, Workers: 2
[2025-05-12T23:25:33.884+0300][1043.863s][36520] GC(24790)       Merged Howl BitMap             Min: 0, Avg:  0.0, Max: 0, Diff: 0, Sum: 0, Workers: 2
[2025-05-12T23:25:33.884+0300][1043.863s][36520] GC(24790)       Merged Howl Full               Min: 0, Avg:  0.0, Max: 0, Diff: 0, Sum: 0, Workers: 2
[2025-05-12T23:25:33.884+0300][1043.863s][36520] GC(24790)       Merged Cards                   Min: 8, Avg:  8.0, Max: 8, Diff: 0, Sum: 16, Workers: 2
[2025-05-12T23:25:33.884+0300][1043.863s][36520] GC(24790)     Log Buffers (ms):              Min:  0.0, Avg:  0.0, Max:  0.0, Diff:  0.0, Sum:  0.0, Workers: 2
[2025-05-12T23:25:33.884+0300][1043.863s][36520] GC(24790)       Dirty Cards:                   Min: 21, Avg: 53.5, Max: 86, Diff: 65, Sum: 107, Workers: 2
[2025-05-12T23:25:33.884+0300][1043.863s][36520] GC(24790)       Skipped Cards:                 Min: 0, Avg:  0.0, Max: 0, Diff: 0, Sum: 0, Workers: 2
[2025-05-12T23:25:33.884+0300][1043.863s][36520] GC(24790)   Evacuate Collection Set: 0.4ms
[2025-05-12T23:25:33.884+0300][1043.863s][36520] GC(24790)     Ext Root Scanning (ms):        Min:  0.1, Avg:  0.1, Max:  0.2, Diff:  0.1, Sum:  0.3, Workers: 2
[2025-05-12T23:25:33.884+0300][1043.863s][36520] GC(24790)     Scan Heap Roots (ms):          Min:  0.0, Avg:  0.0, Max:  0.1, Diff:  0.0, Sum:  0.1, Workers: 2
[2025-05-12T23:25:33.884+0300][1043.863s][36520] GC(24790)       Scanned Cards:                 Min: 31, Avg: 53.5, Max: 76, Diff: 45, Sum: 107, Workers: 2
[2025-05-12T23:25:33.884+0300][1043.863s][36520] GC(24790)       Scanned Blocks:                Min: 25, Avg: 37.5, Max: 50, Diff: 25, Sum: 75, Workers: 2
[2025-05-12T23:25:33.884+0300][1043.863s][36520] GC(24790)       Claimed Chunks:                Min: 15, Avg: 17.5, Max: 20, Diff: 5, Sum: 35, Workers: 2
[2025-05-12T23:25:33.884+0300][1043.863s][36520] GC(24790)       Found Roots:                   Min: 32, Avg: 72.0, Max: 112, Diff: 80, Sum: 144, Workers: 2
[2025-05-12T23:25:33.884+0300][1043.863s][36520] GC(24790)     Code Root Scan (ms):           Min:  0.0, Avg:  0.0, Max:  0.0, Diff:  0.0, Sum:  0.0, Workers: 2
[2025-05-12T23:25:33.884+0300][1043.863s][36520] GC(24790)     Object Copy (ms):              Min:  0.1, Avg:  0.2, Max:  0.2, Diff:  0.0, Sum:  0.3, Workers: 2
[2025-05-12T23:25:33.884+0300][1043.863s][36520] GC(24790)     Termination (ms):              Min:  0.0, Avg:  0.0, Max:  0.0, Diff:  0.0, Sum:  0.0, Workers: 2
[2025-05-12T23:25:33.884+0300][1043.863s][36520] GC(24790)       Termination Attempts:          Min: 1, Avg:  1.0, Max: 1, Diff: 0, Sum: 2, Workers: 2
[2025-05-12T23:25:33.884+0300][1043.863s][36520] GC(24790)     GC Worker Other (ms):          Min:  0.0, Avg:  0.0, Max:  0.0, Diff:  0.0, Sum:  0.0, Workers: 2
[2025-05-12T23:25:33.884+0300][1043.863s][36520] GC(24790)     GC Worker Total (ms):          Min:  0.3, Avg:  0.3, Max:  0.3, Diff:  0.0, Sum:  0.7, Workers: 2
[2025-05-12T23:25:33.884+0300][1043.864s][36520] GC(24790)   Post Evacuate Collection Set: 0.6ms
[2025-05-12T23:25:33.884+0300][1043.864s][36520] GC(24790)     NMethod List Cleanup: 0.0ms
[2025-05-12T23:25:33.884+0300][1043.864s][36520] GC(24790)     Reference Processing: 0.1ms
[2025-05-12T23:25:33.884+0300][1043.864s][36520] GC(24790)       Notify Soft/WeakReferences: 0.0ms
[2025-05-12T23:25:33.884+0300][1043.864s][36520] GC(24790)         SoftRef (ms):                  Min:  0.0, Avg:  0.0, Max:  0.0, Diff:  0.0, Sum:  0.0, Workers: 1
[2025-05-12T23:25:33.884+0300][1043.864s][36520] GC(24790)         WeakRef (ms):                  Min:  0.0, Avg:  0.0, Max:  0.0, Diff:  0.0, Sum:  0.0, Workers: 1
[2025-05-12T23:25:33.884+0300][1043.864s][36520] GC(24790)         FinalRef (ms):                 Min:  0.0, Avg:  0.0, Max:  0.0, Diff:  0.0, Sum:  0.0, Workers: 1
[2025-05-12T23:25:33.884+0300][1043.864s][36520] GC(24790)         Total (ms):                    Min:  0.0, Avg:  0.0, Max:  0.0, Diff:  0.0, Sum:  0.0, Workers: 1
[2025-05-12T23:25:33.884+0300][1043.864s][36520] GC(24790)       Notify and keep alive finalizable: 0.0ms
[2025-05-12T23:25:33.884+0300][1043.864s][36520] GC(24790)         FinalRef (ms):                 skipped
[2025-05-12T23:25:33.884+0300][1043.864s][36520] GC(24790)       Notify PhantomReferences: 0.0ms
[2025-05-12T23:25:33.884+0300][1043.864s][36520] GC(24790)         PhantomRef (ms):               skipped
[2025-05-12T23:25:33.884+0300][1043.864s][36520] GC(24790)       SoftReference Discovered: 0, Dropped: 0, Processed: 0
[2025-05-12T23:25:33.884+0300][1043.864s][36520] GC(24790)       WeakReference Discovered: 42, Dropped: 19, Processed: 23
[2025-05-12T23:25:33.884+0300][1043.864s][36520] GC(24790)       FinalReference Discovered: 0, Dropped: 0, Processed: 0
[2025-05-12T23:25:33.884+0300][1043.864s][36520] GC(24790)       PhantomReference Discovered: 0, Dropped: 0, Processed: 0
[2025-05-12T23:25:33.884+0300][1043.864s][36520] GC(24790)     Weak Processing: 0.1ms
[2025-05-12T23:25:33.884+0300][1043.864s][36520] GC(24790)       VM Weak                        Min:  0.0, Avg:  0.0, Max:  0.0, Diff:  0.0, Sum:  0.0, Workers: 10
[2025-05-12T23:25:33.884+0300][1043.864s][36520] GC(24790)         Dead                           Min: 0, Avg:  0.0, Max: 0, Diff: 0, Sum: 0, Workers: 10
[2025-05-12T23:25:33.884+0300][1043.864s][36520] GC(24790)         Total                          Min: 0, Avg:  6.7, Max: 66, Diff: 66, Sum: 67, Workers: 10
[2025-05-12T23:25:33.884+0300][1043.864s][36520] GC(24790)       ObjectSynchronizer Weak        Min:  0.0, Avg:  0.0, Max:  0.0, Diff:  0.0, Sum:  0.0, Workers: 10
[2025-05-12T23:25:33.884+0300][1043.864s][36520] GC(24790)         Dead                           Min: 0, Avg:  0.0, Max: 0, Diff: 0, Sum: 0, Workers: 10
[2025-05-12T23:25:33.884+0300][1043.864s][36520] GC(24790)         Total                          Min: 0, Avg:  0.1, Max: 1, Diff: 1, Sum: 1, Workers: 10
[2025-05-12T23:25:33.884+0300][1043.864s][36520] GC(24790)       JVMTI Tag Weak OopStorage      Min:  0.0, Avg:  0.1, Max:  0.1, Diff:  0.0, Sum:  0.5, Workers: 10
[2025-05-12T23:25:33.884+0300][1043.864s][36520] GC(24790)         Dead                           Min: 0, Avg:  0.0, Max: 0, Diff: 0, Sum: 0, Workers: 10
[2025-05-12T23:25:33.884+0300][1043.864s][36520] GC(24790)         Total                          Min: 3965, Avg: 6289.9, Max: 13924, Diff: 9959, Sum: 62899, Workers: 10
[2025-05-12T23:25:33.884+0300][1043.864s][36520] GC(24790)       StringTable Weak               Min:  0.0, Avg:  0.0, Max:  0.0, Diff:  0.0, Sum:  0.2, Workers: 10
[2025-05-12T23:25:33.884+0300][1043.864s][36520] GC(24790)         Dead                           Min: 0, Avg:  1.7, Max: 5, Diff: 5, Sum: 17, Workers: 10
[2025-05-12T23:25:33.884+0300][1043.864s][36520] GC(24790)         Total                          Min: 3520, Avg: 3952.9, Max: 4287, Diff: 767, Sum: 39529, Workers: 10
[2025-05-12T23:25:33.884+0300][1043.864s][36520] GC(24790)       ResolvedMethodTable Weak       Min:  0.0, Avg:  0.0, Max:  0.0, Diff:  0.0, Sum:  0.0, Workers: 10
[2025-05-12T23:25:33.884+0300][1043.864s][36520] GC(24790)         Dead                           Min: 0, Avg:  0.0, Max: 0, Diff: 0, Sum: 0, Workers: 10
[2025-05-12T23:25:33.884+0300][1043.864s][36520] GC(24790)         Total                          Min: 63, Avg: 82.9, Max: 128, Diff: 65, Sum: 829, Workers: 10
[2025-05-12T23:25:33.884+0300][1043.864s][36520] GC(24790)       JNI Weak                       Min:  0.0, Avg:  0.0, Max:  0.0, Diff:  0.0, Sum:  0.0, Workers: 10
[2025-05-12T23:25:33.884+0300][1043.864s][36520] GC(24790)         Dead                           Min: 0, Avg:  0.0, Max: 0, Diff: 0, Sum: 0, Workers: 10
[2025-05-12T23:25:33.884+0300][1043.864s][36520] GC(24790)         Total                          Min: 0, Avg:  1.1, Max: 11, Diff: 11, Sum: 11, Workers: 10
[2025-05-12T23:25:33.884+0300][1043.864s][36520] GC(24790)       StringDedup Table Weak         Min:  0.0, Avg:  0.0, Max:  0.0, Diff:  0.0, Sum:  0.0, Workers: 10
[2025-05-12T23:25:33.884+0300][1043.864s][36520] GC(24790)         Dead                           Min: 0, Avg:  0.0, Max: 0, Diff: 0, Sum: 0, Workers: 10
[2025-05-12T23:25:33.884+0300][1043.864s][36520] GC(24790)         Total                          Min: 0, Avg:  0.0, Max: 0, Diff: 0, Sum: 0, Workers: 10
[2025-05-12T23:25:33.884+0300][1043.864s][36520] GC(24790)       StringDedup Requests0 Weak     Min:  0.0, Avg:  0.0, Max:  0.0, Diff:  0.0, Sum:  0.0, Workers: 10
[2025-05-12T23:25:33.884+0300][1043.864s][36520] GC(24790)         Dead                           Min: 0, Avg:  0.0, Max: 0, Diff: 0, Sum: 0, Workers: 10
[2025-05-12T23:25:33.884+0300][1043.864s][36520] GC(24790)         Total                          Min: 0, Avg:  0.0, Max: 0, Diff: 0, Sum: 0, Workers: 10
[2025-05-12T23:25:33.884+0300][1043.864s][36520] GC(24790)       StringDedup Requests1 Weak     Min:  0.0, Avg:  0.0, Max:  0.0, Diff:  0.0, Sum:  0.0, Workers: 10
[2025-05-12T23:25:33.884+0300][1043.864s][36520] GC(24790)         Dead                           Min: 0, Avg:  0.0, Max: 0, Diff: 0, Sum: 0, Workers: 10
[2025-05-12T23:25:33.884+0300][1043.864s][36520] GC(24790)         Total                          Min: 0, Avg:  0.0, Max: 0, Diff: 0, Sum: 0, Workers: 10
[2025-05-12T23:25:33.884+0300][1043.864s][36520] GC(24790)       Weak JFR Old Object Samples    Min:  0.0, Avg:  0.0, Max:  0.0, Diff:  0.0, Sum:  0.0, Workers: 10
[2025-05-12T23:25:33.884+0300][1043.864s][36520] GC(24790)         Dead                           Min: 0, Avg:  0.0, Max: 0, Diff: 0, Sum: 0, Workers: 10
[2025-05-12T23:25:33.884+0300][1043.864s][36520] GC(24790)         Total                          Min: 0, Avg:  0.0, Max: 0, Diff: 0, Sum: 0, Workers: 10
[2025-05-12T23:25:33.884+0300][1043.864s][36520] GC(24790)     Post Evacuate Cleanup 1: 0.1ms
[2025-05-12T23:25:33.884+0300][1043.864s][36520] GC(24790)       Merge Per-Thread State (ms):   Min:  0.0, Avg:  0.0, Max:  0.0, Diff:  0.0, Sum:  0.0, Workers: 1
[2025-05-12T23:25:33.884+0300][1043.864s][36520] GC(24790)         Copied Bytes                   Min: 0, Avg:  0.0, Max: 0, Diff: 0, Sum: 0, Workers: 2
[2025-05-12T23:25:33.884+0300][1043.864s][36520] GC(24790)         LAB Waste                      Min: 0, Avg:  0.0, Max: 0, Diff: 0, Sum: 0, Workers: 2
[2025-05-12T23:25:33.884+0300][1043.864s][36520] GC(24790)         LAB Undo Waste                 Min: 0, Avg:  0.0, Max: 0, Diff: 0, Sum: 0, Workers: 2
[2025-05-12T23:25:33.884+0300][1043.864s][36520] GC(24790)       Clear Logged Cards (ms):       Min:  0.0, Avg:  0.0, Max:  0.0, Diff:  0.0, Sum:  0.0, Workers: 2
[2025-05-12T23:25:33.884+0300][1043.864s][36520] GC(24790)       Recalculate Used Memory (ms):  Min:  0.0, Avg:  0.0, Max:  0.0, Diff:  0.0, Sum:  0.0, Workers: 1
[2025-05-12T23:25:33.884+0300][1043.864s][36520] GC(24790)       Restore Retained Regions (ms): Min:  0.0, Avg:  0.0, Max:  0.1, Diff:  0.0, Sum:  0.1, Workers: 2
[2025-05-12T23:25:33.884+0300][1043.864s][36520] GC(24790)         Evacuation Failure Regions:    Min: 1, Avg:  1.0, Max: 1, Diff: 0, Sum: 1, Workers: 1
[2025-05-12T23:25:33.884+0300][1043.864s][36520] GC(24790)         Remove Self Forwards (ms):     Min:  0.0, Avg:  0.0, Max:  0.1, Diff:  0.0, Sum:  0.1, Workers: 2
[2025-05-12T23:25:33.884+0300][1043.864s][36520] GC(24790)           Forward Chunks:                Min: 19, Avg: 27.5, Max: 36, Diff: 17, Sum: 55, Workers: 2
[2025-05-12T23:25:33.884+0300][1043.864s][36520] GC(24790)           Empty Forward Chunks:          Min: 3, Avg:  4.5, Max: 6, Diff: 3, Sum: 9, Workers: 2
[2025-05-12T23:25:33.884+0300][1043.864s][36520] GC(24790)           Forward Objects:               Min: 733, Avg: 1695.0, Max: 2657, Diff: 1924, Sum: 3390, Workers: 2
[2025-05-12T23:25:33.884+0300][1043.864s][36520] GC(24790)           Forward Bytes:                 Min: 32928, Avg: 79012.0, Max: 125096, Diff: 92168, Sum: 158024, Workers: 2
[2025-05-12T23:25:33.884+0300][1043.864s][36520] GC(24790)     Post Evacuate Cleanup 2: 0.1ms
[2025-05-12T23:25:33.884+0300][1043.864s][36520] GC(24790)       Recalculate Used Memory (ms):  Min:  0.0, Avg:  0.0, Max:  0.0, Diff:  0.0, Sum:  0.0, Workers: 1
[2025-05-12T23:25:33.884+0300][1043.864s][36520] GC(24790)       Restore Preserved Marks (ms):  Min:  0.0, Avg:  0.0, Max:  0.0, Diff:  0.0, Sum:  0.0, Workers: 2
[2025-05-12T23:25:33.884+0300][1043.864s][36520] GC(24790)       Clear Retained Region Bitmaps (ms): skipped
[2025-05-12T23:25:33.884+0300][1043.864s][36520] GC(24790)       Update Derived Pointers (ms):  Min:  0.0, Avg:  0.0, Max:  0.0, Diff:  0.0, Sum:  0.0, Workers: 1
[2025-05-12T23:25:33.884+0300][1043.864s][36520] GC(24790)       Eagerly Reclaim Humongous Objects (ms): skipped
[2025-05-12T23:25:33.885+0300][1043.864s][36520] GC(24790)         Humongous Total                skipped
[2025-05-12T23:25:33.885+0300][1043.864s][36520] GC(24790)         Humongous Candidates           skipped
[2025-05-12T23:25:33.885+0300][1043.864s][36520] GC(24790)         Humongous Reclaimed            skipped
[2025-05-12T23:25:33.885+0300][1043.864s][36520] GC(24790)       Redirty Logged Cards (ms):     Min:  0.0, Avg:  0.0, Max:  0.0, Diff:  0.0, Sum:  0.0, Workers: 2
[2025-05-12T23:25:33.885+0300][1043.864s][36520] GC(24790)         Redirtied Cards:               Min: 0, Avg:  0.0, Max: 0, Diff: 0, Sum: 0, Workers: 2
[2025-05-12T23:25:33.885+0300][1043.864s][36520] GC(24790)       Resize TLABs (ms):             Min:  0.0, Avg:  0.0, Max:  0.0, Diff:  0.0, Sum:  0.0, Workers: 2
[2025-05-12T23:25:33.885+0300][1043.864s][36520] GC(24790)       Free Collection Set (ms):      Min:  0.0, Avg:  0.0, Max:  0.0, Diff:  0.0, Sum:  0.0, Workers: 2
[2025-05-12T23:25:33.885+0300][1043.864s][36520] GC(24790)     Rebuild Free List: 0.1ms
[2025-05-12T23:25:33.885+0300][1043.864s][36520] GC(24790)     Prepare For Mutator: 0.1ms
[2025-05-12T23:25:33.885+0300][1043.864s][36520] GC(24790)     Expand Heap After Collection: 0.0ms
[2025-05-12T23:25:33.885+0300][1043.864s][36520] GC(24790)   Other: 0.3ms
[2025-05-12T23:25:33.885+0300][1043.864s][36520] GC(24790) Coarsening (recent): Inline->AoC 0 (0) AoC->Howl 0 (0) Howl->Full 0 (0) Inline->AoC 0 (0) AoC->BitMap 0 (0) BitMap->Full 0 (0) 
[2025-05-12T23:25:33.885+0300][1043.864s][36520] GC(24790) Coarsening (all): Inline->AoC 10920 (0) AoC->Howl 7731 (0) Howl->Full 0 (0) Inline->AoC 10809 (0) AoC->BitMap 7399 (0) BitMap->Full 0 (0) 
[2025-05-12T23:25:33.885+0300][1043.864s][36520] GC(24790) Eden regions: 1->0(0)
[2025-05-12T23:25:33.885+0300][1043.864s][36520] GC(24790) Survivor regions: 0->0(0)
[2025-05-12T23:25:33.885+0300][1043.864s][36520] GC(24790) Old regions: 11->12
[2025-05-12T23:25:33.885+0300][1043.864s][36520] GC(24790) Humongous regions: 0->0
[2025-05-12T23:25:33.885+0300][1043.864s][36520] GC(24790) Metaspace: 10759K(12736K)->10759K(12736K) NonClass: 9683K(11328K)->9683K(11328K) Class: 1076K(1408K)->1076K(1408K)
[2025-05-12T23:25:33.885+0300][1043.864s][36520] GC(24790) Heap after GC invocations=21238 (full 7125):
[2025-05-12T23:25:33.885+0300][1043.864s][36520] GC(24790)  garbage-first heap   total 12288K, used 12267K [0x00000000ff400000, 0x0000000100000000)
[2025-05-12T23:25:33.885+0300][1043.864s][36520] GC(24790)   region size 1024K, 0 young (0K), 0 survivors (0K)
[2025-05-12T23:25:33.885+0300][1043.864s][36520] GC(24790)  Metaspace       used 10759K, committed 12736K, reserved 1114112K
[2025-05-12T23:25:33.885+0300][1043.864s][36520] GC(24790)   class space    used 1076K, committed 1408K, reserved 1048576K
[2025-05-12T23:25:33.885+0300][1043.864s][36520] GC(24790) Pause Young (Concurrent Start) (G1 Evacuation Pause) (Evacuation Failure) 11M->11M(12M) 2.973ms
[2025-05-12T23:25:33.885+0300][1043.864s][36520] GC(24790) User=0.00s Sys=0.00s Real=0.00s
[2025-05-12T23:25:33.885+0300][1043.864s][36520] Attempt heap expansion (allocation request failed). Allocation request: 16400B
[2025-05-12T23:25:33.885+0300][1043.864s][36520] Expand the heap. requested expansion amount: 1048576B expansion amount: 1048576B
[2025-05-12T23:25:33.885+0300][1043.864s][36520] Did not expand the heap (heap already fully expanded)
[2025-05-12T23:25:33.885+0300][1043.864s][36520] Attempting full compaction
[2025-05-12T23:25:33.885+0300][1043.864s][36520] GC(24792) Pause Full (G1 Compaction Pause)
[2025-05-12T23:25:33.885+0300][1043.864s][34628] GC(24791) Concurrent Mark Cycle
[2025-05-12T23:25:33.885+0300][1043.864s][36520] GC(24792) Heap before GC invocations=21238 (full 7125):
[2025-05-12T23:25:33.885+0300][1043.864s][34628] GC(24791) Concurrent Scan Root Regions
[2025-05-12T23:25:33.885+0300][1043.864s][36520] GC(24792)  garbage-first heap   total 12288K, used 12267K [0x00000000ff400000, 0x0000000100000000)
[2025-05-12T23:25:33.885+0300][1043.865s][34628] GC(24791) Concurrent Scan Root Regions 0.085ms
[2025-05-12T23:25:33.885+0300][1043.865s][36520] GC(24792)   region size 1024K, 0 young (0K), 0 survivors (0K)
[2025-05-12T23:25:33.885+0300][1043.865s][34628] GC(24791) Concurrent Mark
[2025-05-12T23:25:33.885+0300][1043.865s][36520] GC(24792)  Metaspace       used 10759K, committed 12736K, reserved 1114112K
[2025-05-12T23:25:33.885+0300][1043.865s][34628] GC(24791) Concurrent Mark From Roots
[2025-05-12T23:25:33.885+0300][1043.865s][36520] GC(24792)   class space    used 1076K, committed 1408K, reserved 1048576K
[2025-05-12T23:25:33.885+0300][1043.865s][34628] GC(24791) Using 3 workers of 3 for marking
[2025-05-12T23:25:33.885+0300][1043.865s][36520] GC(24792) Requesting 1 active workers for full compaction (waste limited workers: 1, adaptive workers: 2, used limited workers: 12)
[2025-05-12T23:25:33.885+0300][1043.865s][36520] GC(24792) Using 1 workers of 10 for full compaction
[2025-05-12T23:25:33.885+0300][1043.865s][36520] GC(24792) Clear Bitmap
[2025-05-12T23:25:33.885+0300][1043.865s][36520] GC(24792) Running G1 Clear Bitmap with 1 workers for 1 work units.
[2025-05-12T23:25:33.885+0300][1043.865s][36520] GC(24792) Clear Bitmap 0.081ms
[2025-05-12T23:25:33.885+0300][1043.865s][36520] GC(24792) Mutator Allocation stats, regions: 0, wasted size: 0B ( 0.0%)
[2025-05-12T23:25:33.885+0300][1043.865s][36520] GC(24792) Phase 1: Mark live objects
[2025-05-12T23:25:33.893+0300][1043.872s][36520] GC(24792) Phase 1: Reference Processing
[2025-05-12T23:25:33.893+0300][1043.872s][36520] GC(24792) ReferenceProcessor::execute queues: 1, RefProcThreadModel::Single, marks_oops_alive: false
[2025-05-12T23:25:33.893+0300][1043.872s][36520] GC(24792) Skipped KeepAliveFinalRefsPhase of Reference Processing: no references
[2025-05-12T23:25:33.893+0300][1043.872s][36520] GC(24792) ReferenceProcessor::execute queues: 1, RefProcThreadModel::Single, marks_oops_alive: false
[2025-05-12T23:25:33.893+0300][1043.872s][36520] GC(24792) Reference Processing: 0.0ms
[2025-05-12T23:25:33.893+0300][1043.872s][36520] GC(24792)   Notify Soft/WeakReferences: 0.0ms
[2025-05-12T23:25:33.893+0300][1043.872s][36520] GC(24792)     SoftRef: 0.0ms
[2025-05-12T23:25:33.893+0300][1043.872s][36520] GC(24792)     WeakRef: 0.0ms
[2025-05-12T23:25:33.893+0300][1043.872s][36520] GC(24792)     FinalRef: 0.0ms
[2025-05-12T23:25:33.893+0300][1043.872s][36520] GC(24792)     Total: 0.0ms
[2025-05-12T23:25:33.893+0300][1043.872s][36520] GC(24792)   Notify and keep alive finalizable: 0.0ms
[2025-05-12T23:25:33.893+0300][1043.872s][36520] GC(24792)     FinalRef: skipped
[2025-05-12T23:25:33.893+0300][1043.872s][36520] GC(24792)   Notify PhantomReferences: 0.0ms
[2025-05-12T23:25:33.893+0300][1043.872s][36520] GC(24792)     PhantomRef: 0.0ms
[2025-05-12T23:25:33.893+0300][1043.872s][36520] GC(24792)   SoftReference Discovered: 46, Dropped: 4, Processed: 42
[2025-05-12T23:25:33.893+0300][1043.872s][36520] GC(24792)   WeakReference Discovered: 33, Dropped: 14, Processed: 19
[2025-05-12T23:25:33.893+0300][1043.872s][36520] GC(24792)   FinalReference Discovered: 0, Dropped: 0, Processed: 0
[2025-05-12T23:25:33.893+0300][1043.872s][36520] GC(24792)   PhantomReference Discovered: 23, Dropped: 23, Processed: 0
[2025-05-12T23:25:33.893+0300][1043.872s][36520] GC(24792) Phase 1: Reference Processing 0.190ms
[2025-05-12T23:25:33.893+0300][1043.872s][36520] GC(24792) Phase 1: Weak Processing
[2025-05-12T23:25:33.893+0300][1043.872s][36520] GC(24792)   VM Weak                        Min:  0.0, Avg:  0.0, Max:  0.0, Diff:  0.0, Sum:  0.0, Workers: 10
[2025-05-12T23:25:33.893+0300][1043.872s][36520] GC(24792)     Dead                           Min: 0, Avg:  2.0, Max: 20, Diff: 20, Sum: 20, Workers: 10
[2025-05-12T23:25:33.893+0300][1043.872s][36520] GC(24792)     Total                          Min: 0, Avg:  6.7, Max: 61, Diff: 61, Sum: 67, Workers: 10
[2025-05-12T23:25:33.893+0300][1043.872s][36520] GC(24792)   ObjectSynchronizer Weak        Min:  0.0, Avg:  0.0, Max:  0.0, Diff:  0.0, Sum:  0.0, Workers: 10
[2025-05-12T23:25:33.893+0300][1043.872s][36520] GC(24792)     Dead                           Min: 0, Avg:  0.0, Max: 0, Diff: 0, Sum: 0, Workers: 10
[2025-05-12T23:25:33.893+0300][1043.872s][36520] GC(24792)     Total                          Min: 0, Avg:  0.1, Max: 1, Diff: 1, Sum: 1, Workers: 10
[2025-05-12T23:25:33.893+0300][1043.872s][36520] GC(24792)   JVMTI Tag Weak OopStorage      Min:  0.0, Avg:  0.1, Max:  0.1, Diff:  0.1, Sum:  0.5, Workers: 10
[2025-05-12T23:25:33.893+0300][1043.872s][36520] GC(24792)     Dead                           Min: 0, Avg:  2.0, Max: 20, Diff: 20, Sum: 20, Workers: 10
[2025-05-12T23:25:33.893+0300][1043.872s][36520] GC(24792)     Total                          Min: 2182, Avg: 6289.9, Max: 8731, Diff: 6549, Sum: 62899, Workers: 10
[2025-05-12T23:25:33.893+0300][1043.872s][36520] GC(24792)   StringTable Weak               Min:  0.0, Avg:  0.0, Max:  0.0, Diff:  0.0, Sum:  0.2, Workers: 10
[2025-05-12T23:25:33.893+0300][1043.872s][36520] GC(24792)     Dead                           Min: 0, Avg:  7.3, Max: 33, Diff: 33, Sum: 73, Workers: 10
[2025-05-12T23:25:33.893+0300][1043.872s][36520] GC(24792)     Total                          Min: 3517, Avg: 3952.9, Max: 4224, Diff: 707, Sum: 39529, Workers: 10
[2025-05-12T23:25:33.893+0300][1043.872s][36520] GC(24792)   ResolvedMethodTable Weak       Min:  0.0, Avg:  0.0, Max:  0.0, Diff:  0.0, Sum:  0.0, Workers: 10
[2025-05-12T23:25:33.893+0300][1043.872s][36520] GC(24792)     Dead                           Min: 0, Avg:  3.7, Max: 18, Diff: 18, Sum: 37, Workers: 10
[2025-05-12T23:25:33.893+0300][1043.872s][36520] GC(24792)     Total                          Min: 0, Avg: 82.9, Max: 128, Diff: 128, Sum: 829, Workers: 10
[2025-05-12T23:25:33.893+0300][1043.872s][36520] GC(24792)   JNI Weak                       Min:  0.0, Avg:  0.0, Max:  0.0, Diff:  0.0, Sum:  0.0, Workers: 10
[2025-05-12T23:25:33.893+0300][1043.872s][36520] GC(24792)     Dead                           Min: 0, Avg:  0.0, Max: 0, Diff: 0, Sum: 0, Workers: 10
[2025-05-12T23:25:33.893+0300][1043.872s][36520] GC(24792)     Total                          Min: 0, Avg:  1.1, Max: 11, Diff: 11, Sum: 11, Workers: 10
[2025-05-12T23:25:33.893+0300][1043.872s][36520] GC(24792)   StringDedup Table Weak         Min:  0.0, Avg:  0.0, Max:  0.0, Diff:  0.0, Sum:  0.0, Workers: 10
[2025-05-12T23:25:33.893+0300][1043.872s][36520] GC(24792)     Dead                           Min: 0, Avg:  0.0, Max: 0, Diff: 0, Sum: 0, Workers: 10
[2025-05-12T23:25:33.893+0300][1043.872s][36520] GC(24792)     Total                          Min: 0, Avg:  0.0, Max: 0, Diff: 0, Sum: 0, Workers: 10
[2025-05-12T23:25:33.893+0300][1043.872s][36520] GC(24792)   StringDedup Requests0 Weak     Min:  0.0, Avg:  0.0, Max:  0.0, Diff:  0.0, Sum:  0.0, Workers: 10
[2025-05-12T23:25:33.893+0300][1043.873s][36520] GC(24792)     Dead                           Min: 0, Avg:  0.0, Max: 0, Diff: 0, Sum: 0, Workers: 10
[2025-05-12T23:25:33.893+0300][1043.873s][36520] GC(24792)     Total                          Min: 0, Avg:  0.0, Max: 0, Diff: 0, Sum: 0, Workers: 10
[2025-05-12T23:25:33.893+0300][1043.873s][36520] GC(24792)   StringDedup Requests1 Weak     Min:  0.0, Avg:  0.0, Max:  0.0, Diff:  0.0, Sum:  0.0, Workers: 10
[2025-05-12T23:25:33.893+0300][1043.873s][36520] GC(24792)     Dead                           Min: 0, Avg:  0.0, Max: 0, Diff: 0, Sum: 0, Workers: 10
[2025-05-12T23:25:33.893+0300][1043.873s][36520] GC(24792)     Total                          Min: 0, Avg:  0.0, Max: 0, Diff: 0, Sum: 0, Workers: 10
[2025-05-12T23:25:33.893+0300][1043.873s][36520] GC(24792)   Weak JFR Old Object Samples    Min:  0.0, Avg:  0.0, Max:  0.0, Diff:  0.0, Sum:  0.0, Workers: 10
[2025-05-12T23:25:33.893+0300][1043.873s][36520] GC(24792)     Dead                           Min: 0, Avg:  0.0, Max: 0, Diff: 0, Sum: 0, Workers: 10
[2025-05-12T23:25:33.893+0300][1043.873s][36520] GC(24792)     Total                          Min: 0, Avg:  0.0, Max: 0, Diff: 0, Sum: 0, Workers: 10
[2025-05-12T23:25:33.893+0300][1043.873s][36520] GC(24792) Phase 1: Weak Processing 0.442ms
[2025-05-12T23:25:33.893+0300][1043.873s][36520] GC(24792) Phase 1: Class Unloading and Cleanup
[2025-05-12T23:25:33.893+0300][1043.873s][36520] GC(24792) ClassLoaderData
[2025-05-12T23:25:33.894+0300][1043.873s][36520] GC(24792) ClassLoaderData 0.074ms
[2025-05-12T23:25:33.894+0300][1043.873s][36520] GC(24792) Trigger cleanups
[2025-05-12T23:25:33.894+0300][1043.873s][36520] GC(24792) Trigger cleanups 0.009ms
[2025-05-12T23:25:33.897+0300][1043.876s][36520] GC(24792) Phase 1: Class Unloading and Cleanup 3.749ms
[2025-05-12T23:25:33.897+0300][1043.876s][36520] GC(24792) Report Object Count
[2025-05-12T23:25:33.897+0300][1043.876s][36520] GC(24792) Report Object Count 0.010ms
[2025-05-12T23:25:33.897+0300][1043.876s][36520] GC(24792) Phase 1: Mark live objects 11.529ms
[2025-05-12T23:25:33.897+0300][1043.876s][36520] GC(24792) Phase 2: Prepare compaction
[2025-05-12T23:25:33.897+0300][1043.876s][36520] GC(24792) Phase 2: Determine work lists
[2025-05-12T23:25:33.897+0300][1043.876s][36520] GC(24792) Phase 2: Determine work lists 0.009ms
[2025-05-12T23:25:33.897+0300][1043.876s][36520] GC(24792) Phase 2: Prepare parallel compaction
[2025-05-12T23:25:33.898+0300][1043.877s][36520] GC(24792) Phase 2: Prepare parallel compaction 0.252ms
[2025-05-12T23:25:33.898+0300][1043.877s][36520] GC(24792) Phase 2: Prepare compaction 0.301ms
[2025-05-12T23:25:33.898+0300][1043.877s][36520] GC(24792) Phase 3: Adjust pointers
[2025-05-12T23:25:33.901+0300][1043.881s][36520] GC(24792) Phase 3: Adjust pointers 4.412ms
[2025-05-12T23:25:33.902+0300][1043.881s][36520] GC(24792) Phase 4: Compact heap
[2025-05-12T23:25:33.903+0300][1043.881s][36520] GC(24792) Phase 4: Compact heap 0.198ms
[2025-05-12T23:25:33.903+0300][1043.881s][36520] GC(24792) Phase 5: Reset Metadata
[2025-05-12T23:25:33.904+0300][1043.883s][36520] GC(24792) Phase 5: Reset Metadata 1.270ms
[2025-05-12T23:25:33.905+0300][1043.883s][36520] GC(24792) Running G1 Clear Bitmap with 1 workers for 1 work units.
[2025-05-12T23:25:33.906+0300][1043.885s][36520] Old generation allocation in the last mutator period, old gen allocated: 0B, humongous allocated: 0B, old gen growth: 0B.
[2025-05-12T23:25:33.906+0300][1043.885s][36520] GC(24792) Coarsening (recent): Inline->AoC 0 (0) AoC->Howl 0 (0) Howl->Full 0 (0) Inline->AoC 0 (0) AoC->BitMap 0 (0) BitMap->Full 0 (0) 
[2025-05-12T23:25:33.906+0300][1043.885s][36520] GC(24792) Coarsening (all): Inline->AoC 10920 (0) AoC->Howl 7731 (0) Howl->Full 0 (0) Inline->AoC 10809 (0) AoC->BitMap 7399 (0) BitMap->Full 0 (0) 
[2025-05-12T23:25:33.906+0300][1043.885s][36520] GC(24792) Eden regions: 0->0(1)
[2025-05-12T23:25:33.906+0300][1043.885s][36520] GC(24792) Survivor regions: 0->0(0)
[2025-05-12T23:25:33.906+0300][1043.885s][36520] GC(24792) Old regions: 12->11
[2025-05-12T23:25:33.906+0300][1043.885s][36520] GC(24792) Humongous regions: 0->0
[2025-05-12T23:25:33.906+0300][1043.885s][36520] GC(24792) Metaspace: 10759K(12736K)->10718K(12736K) NonClass: 9683K(11328K)->9653K(11328K) Class: 1076K(1408K)->1064K(1408K)
[2025-05-12T23:25:33.906+0300][1043.885s][36520] GC(24792) Heap after GC invocations=21239 (full 7126):
[2025-05-12T23:25:33.906+0300][1043.885s][36520] GC(24792)  garbage-first heap   total 12288K, used 11218K [0x00000000ff400000, 0x0000000100000000)
[2025-05-12T23:25:33.906+0300][1043.885s][36520] GC(24792)   region size 1024K, 0 young (0K), 0 survivors (0K)
[2025-05-12T23:25:33.906+0300][1043.885s][36520] GC(24792)  Metaspace       used 10718K, committed 12736K, reserved 1114112K
[2025-05-12T23:25:33.906+0300][1043.885s][36520] GC(24792)   class space    used 1064K, committed 1408K, reserved 1048576K
[2025-05-12T23:25:33.906+0300][1043.885s][36520] GC(24792) Pause Full (G1 Compaction Pause) 11M->10M(12M) 20.256ms
[2025-05-12T23:25:33.906+0300][1043.885s][36520] GC(24792) User=0.00s Sys=0.00s Real=0.02s
[2025-05-12T23:25:33.906+0300][1043.885s][9340 ] G1 Service Thread (Card Set Free Memory Task) (run: 21.750ms) (cpu: 0.000ms)
[2025-05-12T23:25:33.906+0300][1043.885s][34628] ---------------------------------------------------------------------
[2025-05-12T23:25:33.906+0300][1043.885s][34628] Marking Stats, task = 0, calls = 0
[2025-05-12T23:25:33.906+0300][1043.885s][34628]   Elapsed time = 0.00ms, Termination time = 0.00ms
[2025-05-12T23:25:33.906+0300][1043.885s][34628]   Step Times (cum): num = 5369, avg = 0.16ms, sd = 1.55ms max = 16.00ms, total = 833.00ms
[2025-05-12T23:25:33.906+0300][1043.885s][34628]   Mark Stats Cache: hits 1930 misses 0 ratio 100.000
[2025-05-12T23:25:33.906+0300][1043.885s][34628] ---------------------------------------------------------------------
[2025-05-12T23:25:33.906+0300][1043.885s][34628] Marking Stats, task = 1, calls = 0
[2025-05-12T23:25:33.906+0300][1043.885s][34628]   Elapsed time = 0.00ms, Termination time = 0.00ms
[2025-05-12T23:25:33.906+0300][1043.885s][34628]   Step Times (cum): num = 13793, avg = 0.02ms, sd = 0.58ms max = 16.00ms, total = 296.00ms
[2025-05-12T23:25:33.906+0300][1043.885s][34628]   Mark Stats Cache: hits 4641 misses 0 ratio 100.000
[2025-05-12T23:25:33.906+0300][1043.885s][34628] ---------------------------------------------------------------------
[2025-05-12T23:25:33.906+0300][1043.885s][34628] Marking Stats, task = 2, calls = 0
[2025-05-12T23:25:33.906+0300][1043.885s][34628]   Elapsed time = 0.00ms, Termination time = 0.00ms
[2025-05-12T23:25:33.906+0300][1043.885s][34628]   Step Times (cum): num = 13231, avg = 0.02ms, sd = 0.61ms max = 16.00ms, total = 313.00ms
[2025-05-12T23:25:33.906+0300][1043.885s][34628]   Mark Stats Cache: hits 0 misses 0 ratio 0.000
[2025-05-12T23:25:33.906+0300][1043.885s][34628] ---------------------------------------------------------------------
[2025-05-12T23:25:33.906+0300][1043.885s][34628] GC(24791) Concurrent Mark From Roots 20.369ms
[2025-05-12T23:25:33.906+0300][1043.885s][34628] GC(24791) Concurrent Mark Abort
[2025-05-12T23:25:33.906+0300][1043.885s][34628] GC(24791) Concurrent Mark Cycle 20.596ms
[2025-05-12T23:25:33.933+0300][1043.912s][36520] GC(24793) Pause Young (Normal) (G1 Evacuation Pause)
[2025-05-12T23:25:33.933+0300][1043.912s][36520] GC(24793) Heap before GC invocations=21239 (full 7126):
[2025-05-12T23:25:33.933+0300][1043.912s][36520] GC(24793)  garbage-first heap   total 12288K, used 12242K [0x00000000ff400000, 0x0000000100000000)
[2025-05-12T23:25:33.933+0300][1043.912s][36520] GC(24793)   region size 1024K, 1 young (1024K), 0 survivors (0K)
[2025-05-12T23:25:33.933+0300][1043.912s][36520] GC(24793)  Metaspace       used 10759K, committed 12736K, reserved 1114112K
[2025-05-12T23:25:33.933+0300][1043.912s][36520] GC(24793)   class space    used 1076K, committed 1408K, reserved 1048576K
[2025-05-12T23:25:33.933+0300][1043.912s][36520] GC(24793) Using 2 workers of 10 for evacuation
[2025-05-12T23:25:33.933+0300][1043.912s][36520] GC(24793) Desired survivor size 524288 bytes, new threshold 15 (max threshold 15)
[2025-05-12T23:25:33.933+0300][1043.912s][36520] GC(24793) TLAB totals: thrds: 1  refills: 311 max: 311 slow allocs: 152 max 152 waste: 22.0% gc: 0B max: 0B slow: 186232B max: 186232B
[2025-05-12T23:25:33.933+0300][1043.913s][36520] GC(24793) Mutator refinement: 0.00ms, refined: 0, precleaned: 0, dirtied: 99
[2025-05-12T23:25:33.933+0300][1043.913s][36520] GC(24793) Concurrent refinement: 0.00ms, refined: 0, precleaned: 0, dirtied: 0
[2025-05-12T23:25:33.933+0300][1043.913s][36520] GC(24793) Total refinement: 0.00ms, refined: 0, precleaned: 0, dirtied: 99
[2025-05-12T23:25:33.933+0300][1043.913s][36520] GC(24793) Generate dirty cards rate: 3.55 cards/ms
[2025-05-12T23:25:33.933+0300][1043.913s][36520] GC(24793) Mutator Allocation stats, regions: 1, wasted size: 1040B ( 0.1%)
[2025-05-12T23:25:33.933+0300][1043.913s][36520] GC(24793) No candidates to reclaim.
[2025-05-12T23:25:33.933+0300][1043.913s][36520] GC(24793) Running G1 Merge Heap Roots using 2 workers for 1 regions
[2025-05-12T23:25:33.933+0300][1043.913s][36520] GC(24793) Visited cards 1088 Total dirty 12288 (8.85%) Total old 26624 (4.09%)
[2025-05-12T23:25:33.933+0300][1043.913s][13972] GC(24793) Attempt heap expansion (region allocation request failed). Allocation request: 2064B
[2025-05-12T23:25:33.933+0300][1043.913s][13972] GC(24793) Did not expand the heap (heap already fully expanded)
[2025-05-12T23:25:33.934+0300][1043.913s][36520] GC(24793) ReferenceProcessor::execute queues: 1, RefProcThreadModel::Single, marks_oops_alive: false
[2025-05-12T23:25:33.934+0300][1043.913s][36520] GC(24793) Skipped KeepAliveFinalRefsPhase of Reference Processing: no references
[2025-05-12T23:25:33.934+0300][1043.913s][36520] GC(24793) Skipped PhantomRefsPhase of Reference Processing: no references
[2025-05-12T23:25:33.934+0300][1043.913s][36520] GC(24793) Initializing removing self forwards with 64 chunks per region
[2025-05-12T23:25:33.934+0300][1043.914s][36520] GC(24793) Running G1 Rebuild Free List Task using 2 workers for rebuilding free list of regions
[2025-05-12T23:25:33.934+0300][1043.914s][36520] GC(24793) Young PLAB allocation: allocated: 0B, wasted: 0B, unused: 0B, used: 0B, undo waste: 0B, 
[2025-05-12T23:25:33.934+0300][1043.914s][36520] GC(24793) Young other allocation: region end waste: 0B, regions filled: 0, num plab filled: 2, direct allocated: 0B, num direct allocated: 0, failure used: 0B, failure wasted: 0B
[2025-05-12T23:25:33.934+0300][1043.914s][36520] GC(24793) Young sizing: calculated: 0B, actual: 2064B
[2025-05-12T23:25:33.934+0300][1043.914s][36520] GC(24793) Old PLAB allocation: allocated: 0B, wasted: 0B, unused: 0B, used: 0B, undo waste: 0B, 
[2025-05-12T23:25:33.934+0300][1043.914s][36520] GC(24793) Old other allocation: region end waste: 0B, regions filled: 0, num plab filled: 2, direct allocated: 0B, num direct allocated: 0, failure used: 151432B, failure wasted: 897144B
[2025-05-12T23:25:33.934+0300][1043.914s][36520] GC(24793) Old sizing: calculated: 0B, actual: 2064B
[2025-05-12T23:25:33.934+0300][1043.914s][36520] GC(24793) Heap expansion: short term pause time ratio 38.06% long term pause time ratio 40.59% threshold 7.69% pause time ratio 7.69% fully expanded true resize by 0B
[2025-05-12T23:25:33.934+0300][1043.914s][36520] GC(24793) Request concurrent cycle initiation (occupancy higher than threshold) occupancy: 12582912B allocation request: 0B threshold: 3739619B (29.72) source: end of GC
[2025-05-12T23:25:33.934+0300][1043.914s][36520] GC(24793) MMU: 7.1ms (200.0ms/201.0ms)
[2025-05-12T23:25:33.934+0300][1043.914s][36520] Old generation allocation in the last mutator period, old gen allocated: 1048576B, humongous allocated: 0B, old gen growth: 1048576B.
[2025-05-12T23:25:33.934+0300][1043.914s][36520] GC(24793) Basic information (value update), threshold: 3787132B (30.10), target occupancy: 12582912B, current occupancy: 12536192B, recent allocation size: 1048576B, recent allocation duration: 27.88ms, recent old gen allocation rate: 37606013.66B/s, recent marking phase length: 120.12ms
[2025-05-12T23:25:33.934+0300][1043.914s][9340 ] G1 Service Thread (Card Set Free Memory Task) (run 0.051ms after schedule)
[2025-05-12T23:25:33.934+0300][1043.914s][36520] GC(24793) Adaptive IHOP information (value update), threshold: 3787132B (35.41), internal target occupancy: 10695475B, occupancy: 12536192B, additional buffer size: 1048576B, predicted old gen allocation rate: 48555091.06B/s, predicted marking phase length: 120.68ms, prediction active: true
[2025-05-12T23:25:33.934+0300][1043.914s][36520] GC(24793) GC refinement: goal: 18446744073709551615 + 103 / 20.00ms, actual: 99 / 0.04ms, 
[2025-05-12T23:25:33.934+0300][1043.914s][36520] GC(24793) Unchanged pending cards target: 18446744073709551615
[2025-05-12T23:25:33.934+0300][1043.914s][36520] GC(24793)   Pre Evacuate Collection Set: 0.2ms
[2025-05-12T23:25:33.934+0300][1043.914s][36520] GC(24793)     Pre Evacuate Prepare: 0.1ms
[2025-05-12T23:25:33.934+0300][1043.914s][36520] GC(24793)       JT Retire TLABs And Flush Logs (ms): Min:  0.0, Avg:  0.0, Max:  0.0, Diff:  0.0, Sum:  0.0, Workers: 2
[2025-05-12T23:25:33.934+0300][1043.914s][36520] GC(24793)       Non-JT Flush Logs (ms):        Min:  0.0, Avg:  0.0, Max:  0.0, Diff:  0.0, Sum:  0.0, Workers: 1
[2025-05-12T23:25:33.934+0300][1043.914s][36520] GC(24793)     Choose Collection Set: 0.0ms
[2025-05-12T23:25:33.935+0300][1043.914s][36520] GC(24793)     Region Register: 0.1ms
[2025-05-12T23:25:33.935+0300][1043.914s][36520] GC(24793)     Prepare Heap Roots: 0.0ms
[2025-05-12T23:25:33.935+0300][1043.914s][36520] GC(24793)   Merge Heap Roots: 0.1ms
[2025-05-12T23:25:33.935+0300][1043.914s][36520] GC(24793)     Prepare Merge Heap Roots: 0.0ms
[2025-05-12T23:25:33.935+0300][1043.914s][36520] GC(24793)     Remembered Sets (ms):          Min:  0.0, Avg:  0.0, Max:  0.0, Diff:  0.0, Sum:  0.0, Workers: 2
[2025-05-12T23:25:33.935+0300][1043.914s][36520] GC(24793)       Eager Reclaim (ms):            skipped
[2025-05-12T23:25:33.935+0300][1043.914s][36520] GC(24793)       Merged Inline                  Min: 0, Avg:  0.0, Max: 0, Diff: 0, Sum: 0, Workers: 2
[2025-05-12T23:25:33.935+0300][1043.914s][36520] GC(24793)       Merged ArrayOfCards            Min: 0, Avg:  0.0, Max: 0, Diff: 0, Sum: 0, Workers: 2
[2025-05-12T23:25:33.935+0300][1043.914s][36520] GC(24793)       Merged Howl                    Min: 0, Avg:  0.0, Max: 0, Diff: 0, Sum: 0, Workers: 2
[2025-05-12T23:25:33.935+0300][1043.914s][36520] GC(24793)       Merged Full                    Min: 0, Avg:  0.0, Max: 0, Diff: 0, Sum: 0, Workers: 2
[2025-05-12T23:25:33.935+0300][1043.914s][36520] GC(24793)       Merged Howl Inline             Min: 0, Avg:  0.0, Max: 0, Diff: 0, Sum: 0, Workers: 2
[2025-05-12T23:25:33.935+0300][1043.914s][36520] GC(24793)       Merged Howl ArrayOfCards       Min: 0, Avg:  0.0, Max: 0, Diff: 0, Sum: 0, Workers: 2
[2025-05-12T23:25:33.935+0300][1043.914s][36520] GC(24793)       Merged Howl BitMap             Min: 0, Avg:  0.0, Max: 0, Diff: 0, Sum: 0, Workers: 2
[2025-05-12T23:25:33.935+0300][1043.914s][36520] GC(24793)       Merged Howl Full               Min: 0, Avg:  0.0, Max: 0, Diff: 0, Sum: 0, Workers: 2
[2025-05-12T23:25:33.935+0300][1043.914s][36520] GC(24793)       Merged Cards                   Min: 8, Avg:  8.0, Max: 8, Diff: 0, Sum: 16, Workers: 2
[2025-05-12T23:25:33.935+0300][1043.914s][36520] GC(24793)     Log Buffers (ms):              Min:  0.0, Avg:  0.0, Max:  0.0, Diff:  0.0, Sum:  0.0, Workers: 2
[2025-05-12T23:25:33.935+0300][1043.914s][36520] GC(24793)       Dirty Cards:                   Min: 22, Avg: 49.5, Max: 77, Diff: 55, Sum: 99, Workers: 2
[2025-05-12T23:25:33.935+0300][1043.914s][36520] GC(24793)       Skipped Cards:                 Min: 0, Avg:  0.0, Max: 0, Diff: 0, Sum: 0, Workers: 2
[2025-05-12T23:25:33.935+0300][1043.914s][36520] GC(24793)   Evacuate Collection Set: 0.4ms
[2025-05-12T23:25:33.935+0300][1043.914s][36520] GC(24793)     Ext Root Scanning (ms):        Min:  0.1, Avg:  0.1, Max:  0.1, Diff:  0.0, Sum:  0.3, Workers: 2
[2025-05-12T23:25:33.935+0300][1043.914s][36520] GC(24793)     Scan Heap Roots (ms):          Min:  0.0, Avg:  0.0, Max:  0.0, Diff:  0.0, Sum:  0.1, Workers: 2
[2025-05-12T23:25:33.935+0300][1043.914s][36520] GC(24793)       Scanned Cards:                 Min: 47, Avg: 49.5, Max: 52, Diff: 5, Sum: 99, Workers: 2
[2025-05-12T23:25:33.935+0300][1043.914s][36520] GC(24793)       Scanned Blocks:                Min: 33, Avg: 34.0, Max: 35, Diff: 2, Sum: 68, Workers: 2
[2025-05-12T23:25:33.935+0300][1043.914s][36520] GC(24793)       Claimed Chunks:                Min: 16, Avg: 17.0, Max: 18, Diff: 2, Sum: 34, Workers: 2
[2025-05-12T23:25:33.935+0300][1043.914s][36520] GC(24793)       Found Roots:                   Min: 34, Avg: 59.0, Max: 84, Diff: 50, Sum: 118, Workers: 2
[2025-05-12T23:25:33.935+0300][1043.914s][36520] GC(24793)     Code Root Scan (ms):           Min:  0.0, Avg:  0.0, Max:  0.0, Diff:  0.0, Sum:  0.0, Workers: 2
[2025-05-12T23:25:33.935+0300][1043.914s][36520] GC(24793)     Object Copy (ms):              Min:  0.1, Avg:  0.1, Max:  0.1, Diff:  0.0, Sum:  0.3, Workers: 2
[2025-05-12T23:25:33.935+0300][1043.914s][36520] GC(24793)     Termination (ms):              Min:  0.0, Avg:  0.0, Max:  0.0, Diff:  0.0, Sum:  0.0, Workers: 2
[2025-05-12T23:25:33.935+0300][1043.914s][36520] GC(24793)       Termination Attempts:          Min: 1, Avg:  1.0, Max: 1, Diff: 0, Sum: 2, Workers: 2
[2025-05-12T23:25:33.935+0300][1043.914s][36520] GC(24793)     GC Worker Other (ms):          Min:  0.0, Avg:  0.0, Max:  0.0, Diff:  0.0, Sum:  0.0, Workers: 2
[2025-05-12T23:25:33.935+0300][1043.914s][36520] GC(24793)     GC Worker Total (ms):          Min:  0.3, Avg:  0.3, Max:  0.3, Diff:  0.0, Sum:  0.6, Workers: 2
[2025-05-12T23:25:33.935+0300][1043.914s][36520] GC(24793)   Post Evacuate Collection Set: 0.7ms
[2025-05-12T23:25:33.935+0300][1043.914s][36520] GC(24793)     NMethod List Cleanup: 0.0ms
[2025-05-12T23:25:33.935+0300][1043.914s][36520] GC(24793)     Reference Processing: 0.1ms
[2025-05-12T23:25:33.935+0300][1043.914s][36520] GC(24793)       Notify Soft/WeakReferences: 0.0ms
[2025-05-12T23:25:33.935+0300][1043.914s][36520] GC(24793)         SoftRef (ms):                  Min:  0.0, Avg:  0.0, Max:  0.0, Diff:  0.0, Sum:  0.0, Workers: 1
[2025-05-12T23:25:33.935+0300][1043.914s][36520] GC(24793)         WeakRef (ms):                  Min:  0.0, Avg:  0.0, Max:  0.0, Diff:  0.0, Sum:  0.0, Workers: 1
[2025-05-12T23:25:33.935+0300][1043.914s][36520] GC(24793)         FinalRef (ms):                 Min:  0.0, Avg:  0.0, Max:  0.0, Diff:  0.0, Sum:  0.0, Workers: 1
[2025-05-12T23:25:33.935+0300][1043.914s][36520] GC(24793)         Total (ms):                    Min:  0.0, Avg:  0.0, Max:  0.0, Diff:  0.0, Sum:  0.0, Workers: 1
[2025-05-12T23:25:33.935+0300][1043.914s][36520] GC(24793)       Notify and keep alive finalizable: 0.0ms
[2025-05-12T23:25:33.935+0300][1043.914s][36520] GC(24793)         FinalRef (ms):                 skipped
[2025-05-12T23:25:33.935+0300][1043.914s][36520] GC(24793)       Notify PhantomReferences: 0.0ms
[2025-05-12T23:25:33.935+0300][1043.914s][36520] GC(24793)         PhantomRef (ms):               skipped
[2025-05-12T23:25:33.935+0300][1043.915s][36520] GC(24793)       SoftReference Discovered: 0, Dropped: 0, Processed: 0
[2025-05-12T23:25:33.935+0300][1043.915s][36520] GC(24793)       WeakReference Discovered: 26, Dropped: 3, Processed: 23
[2025-05-12T23:25:33.935+0300][1043.915s][36520] GC(24793)       FinalReference Discovered: 0, Dropped: 0, Processed: 0
[2025-05-12T23:25:33.935+0300][1043.915s][36520] GC(24793)       PhantomReference Discovered: 0, Dropped: 0, Processed: 0
[2025-05-12T23:25:33.935+0300][1043.915s][36520] GC(24793)     Weak Processing: 0.2ms
[2025-05-12T23:25:33.935+0300][1043.915s][36520] GC(24793)       VM Weak                        Min:  0.0, Avg:  0.0, Max:  0.0, Diff:  0.0, Sum:  0.0, Workers: 10
[2025-05-12T23:25:33.935+0300][1043.915s][36520] GC(24793)         Dead                           Min: 0, Avg:  0.0, Max: 0, Diff: 0, Sum: 0, Workers: 10
[2025-05-12T23:25:33.935+0300][1043.915s][36520] GC(24793)         Total                          Min: 0, Avg:  6.7, Max: 67, Diff: 67, Sum: 67, Workers: 10
[2025-05-12T23:25:33.935+0300][1043.915s][36520] GC(24793)       ObjectSynchronizer Weak        Min:  0.0, Avg:  0.0, Max:  0.0, Diff:  0.0, Sum:  0.0, Workers: 10
[2025-05-12T23:25:33.935+0300][1043.915s][36520] GC(24793)         Dead                           Min: 0, Avg:  0.0, Max: 0, Diff: 0, Sum: 0, Workers: 10
[2025-05-12T23:25:33.935+0300][1043.915s][36520] GC(24793)         Total                          Min: 0, Avg:  0.1, Max: 1, Diff: 1, Sum: 1, Workers: 10
[2025-05-12T23:25:33.935+0300][1043.915s][36520] GC(24793)       JVMTI Tag Weak OopStorage      Min:  0.0, Avg:  0.1, Max:  0.1, Diff:  0.1, Sum:  0.5, Workers: 10
[2025-05-12T23:25:33.935+0300][1043.915s][36520] GC(24793)         Dead                           Min: 0, Avg:  0.0, Max: 0, Diff: 0, Sum: 0, Workers: 10
[2025-05-12T23:25:33.935+0300][1043.915s][36520] GC(24793)         Total                          Min: 4396, Avg: 6289.9, Max: 15947, Diff: 11551, Sum: 62899, Workers: 10
[2025-05-12T23:25:33.935+0300][1043.915s][36520] GC(24793)       StringTable Weak               Min:  0.0, Avg:  0.0, Max:  0.0, Diff:  0.0, Sum:  0.2, Workers: 10
[2025-05-12T23:25:33.935+0300][1043.915s][36520] GC(24793)         Dead                           Min: 0, Avg:  1.7, Max: 5, Diff: 5, Sum: 17, Workers: 10
[2025-05-12T23:25:33.935+0300][1043.915s][36520] GC(24793)         Total                          Min: 3326, Avg: 3952.9, Max: 4800, Diff: 1474, Sum: 39529, Workers: 10
[2025-05-12T23:25:33.935+0300][1043.915s][36520] GC(24793)       ResolvedMethodTable Weak       Min:  0.0, Avg:  0.0, Max:  0.0, Diff:  0.0, Sum:  0.0, Workers: 10
[2025-05-12T23:25:33.935+0300][1043.915s][36520] GC(24793)         Dead                           Min: 0, Avg:  0.0, Max: 0, Diff: 0, Sum: 0, Workers: 10
[2025-05-12T23:25:33.935+0300][1043.915s][36520] GC(24793)         Total                          Min: 0, Avg: 84.0, Max: 127, Diff: 127, Sum: 840, Workers: 10
[2025-05-12T23:25:33.935+0300][1043.915s][36520] GC(24793)       JNI Weak                       Min:  0.0, Avg:  0.0, Max:  0.0, Diff:  0.0, Sum:  0.0, Workers: 10
[2025-05-12T23:25:33.935+0300][1043.915s][36520] GC(24793)         Dead                           Min: 0, Avg:  0.0, Max: 0, Diff: 0, Sum: 0, Workers: 10
[2025-05-12T23:25:33.935+0300][1043.915s][36520] GC(24793)         Total                          Min: 0, Avg:  1.1, Max: 11, Diff: 11, Sum: 11, Workers: 10
[2025-05-12T23:25:33.935+0300][1043.915s][36520] GC(24793)       StringDedup Table Weak         Min:  0.0, Avg:  0.0, Max:  0.0, Diff:  0.0, Sum:  0.0, Workers: 10
[2025-05-12T23:25:33.935+0300][1043.915s][36520] GC(24793)         Dead                           Min: 0, Avg:  0.0, Max: 0, Diff: 0, Sum: 0, Workers: 10
[2025-05-12T23:25:33.935+0300][1043.915s][36520] GC(24793)         Total                          Min: 0, Avg:  0.0, Max: 0, Diff: 0, Sum: 0, Workers: 10
[2025-05-12T23:25:33.935+0300][1043.915s][36520] GC(24793)       StringDedup Requests0 Weak     Min:  0.0, Avg:  0.0, Max:  0.0, Diff:  0.0, Sum:  0.0, Workers: 10
[2025-05-12T23:25:33.935+0300][1043.915s][36520] GC(24793)         Dead                           Min: 0, Avg:  0.0, Max: 0, Diff: 0, Sum: 0, Workers: 10
[2025-05-12T23:25:33.935+0300][1043.915s][36520] GC(24793)         Total                          Min: 0, Avg:  0.0, Max: 0, Diff: 0, Sum: 0, Workers: 10
[2025-05-12T23:25:33.935+0300][1043.915s][36520] GC(24793)       StringDedup Requests1 Weak     Min:  0.0, Avg:  0.0, Max:  0.0, Diff:  0.0, Sum:  0.0, Workers: 10
[2025-05-12T23:25:33.935+0300][1043.915s][36520] GC(24793)         Dead                           Min: 0, Avg:  0.0, Max: 0, Diff: 0, Sum: 0, Workers: 10
[2025-05-12T23:25:33.935+0300][1043.915s][36520] GC(24793)         Total                          Min: 0, Avg:  0.0, Max: 0, Diff: 0, Sum: 0, Workers: 10
[2025-05-12T23:25:33.935+0300][1043.915s][36520] GC(24793)       Weak JFR Old Object Samples    Min:  0.0, Avg:  0.0, Max:  0.0, Diff:  0.0, Sum:  0.0, Workers: 10
[2025-05-12T23:25:33.935+0300][1043.915s][36520] GC(24793)         Dead                           Min: 0, Avg:  0.0, Max: 0, Diff: 0, Sum: 0, Workers: 10
[2025-05-12T23:25:33.935+0300][1043.915s][36520] GC(24793)         Total                          Min: 0, Avg:  0.0, Max: 0, Diff: 0, Sum: 0, Workers: 10
[2025-05-12T23:25:33.935+0300][1043.915s][36520] GC(24793)     Post Evacuate Cleanup 1: 0.2ms
[2025-05-12T23:25:33.935+0300][1043.915s][36520] GC(24793)       Merge Per-Thread State (ms):   Min:  0.0, Avg:  0.0, Max:  0.0, Diff:  0.0, Sum:  0.0, Workers: 1
[2025-05-12T23:25:33.935+0300][1043.915s][36520] GC(24793)         Copied Bytes                   Min: 0, Avg:  0.0, Max: 0, Diff: 0, Sum: 0, Workers: 2
[2025-05-12T23:25:33.935+0300][1043.915s][36520] GC(24793)         LAB Waste                      Min: 0, Avg:  0.0, Max: 0, Diff: 0, Sum: 0, Workers: 2
[2025-05-12T23:25:33.935+0300][1043.915s][36520] GC(24793)         LAB Undo Waste                 Min: 0, Avg:  0.0, Max: 0, Diff: 0, Sum: 0, Workers: 2
[2025-05-12T23:25:33.935+0300][1043.915s][36520] GC(24793)       Clear Logged Cards (ms):       Min:  0.0, Avg:  0.0, Max:  0.0, Diff:  0.0, Sum:  0.0, Workers: 2
[2025-05-12T23:25:33.935+0300][1043.915s][36520] GC(24793)       Recalculate Used Memory (ms):  Min:  0.0, Avg:  0.0, Max:  0.0, Diff:  0.0, Sum:  0.0, Workers: 1
[2025-05-12T23:25:33.935+0300][1043.915s][36520] GC(24793)       Restore Retained Regions (ms): Min:  0.0, Avg:  0.0, Max:  0.0, Diff:  0.0, Sum:  0.1, Workers: 2
[2025-05-12T23:25:33.935+0300][1043.915s][36520] GC(24793)         Evacuation Failure Regions:    Min: 1, Avg:  1.0, Max: 1, Diff: 0, Sum: 1, Workers: 1
[2025-05-12T23:25:33.935+0300][1043.915s][36520] GC(24793)         Remove Self Forwards (ms):     Min:  0.0, Avg:  0.0, Max:  0.0, Diff:  0.0, Sum:  0.1, Workers: 2
[2025-05-12T23:25:33.935+0300][1043.915s][36520] GC(24793)           Forward Chunks:                Min: 25, Avg: 26.0, Max: 27, Diff: 2, Sum: 52, Workers: 2
[2025-05-12T23:25:33.935+0300][1043.915s][36520] GC(24793)           Empty Forward Chunks:          Min: 12, Avg: 12.0, Max: 12, Diff: 0, Sum: 12, Workers: 1
[2025-05-12T23:25:33.935+0300][1043.915s][36520] GC(24793)           Forward Objects:               Min: 1345, Avg: 1431.0, Max: 1517, Diff: 172, Sum: 2862, Workers: 2
[2025-05-12T23:25:33.935+0300][1043.915s][36520] GC(24793)           Forward Bytes:                 Min: 71360, Avg: 75716.0, Max: 80072, Diff: 8712, Sum: 151432, Workers: 2
[2025-05-12T23:25:33.935+0300][1043.915s][36520] GC(24793)     Post Evacuate Cleanup 2: 0.1ms
[2025-05-12T23:25:33.935+0300][1043.915s][36520] GC(24793)       Recalculate Used Memory (ms):  Min:  0.0, Avg:  0.0, Max:  0.0, Diff:  0.0, Sum:  0.0, Workers: 1
[2025-05-12T23:25:33.935+0300][1043.915s][36520] GC(24793)       Restore Preserved Marks (ms):  Min:  0.0, Avg:  0.0, Max:  0.0, Diff:  0.0, Sum:  0.0, Workers: 2
[2025-05-12T23:25:33.935+0300][1043.915s][36520] GC(24793)       Clear Retained Region Bitmaps (ms): Min:  0.0, Avg:  0.0, Max:  0.0, Diff:  0.0, Sum:  0.0, Workers: 2
[2025-05-12T23:25:33.935+0300][1043.915s][36520] GC(24793)       Update Derived Pointers (ms):  Min:  0.0, Avg:  0.0, Max:  0.0, Diff:  0.0, Sum:  0.0, Workers: 1
[2025-05-12T23:25:33.935+0300][1043.915s][36520] GC(24793)       Eagerly Reclaim Humongous Objects (ms): skipped
[2025-05-12T23:25:33.935+0300][1043.915s][36520] GC(24793)         Humongous Total                skipped
[2025-05-12T23:25:33.936+0300][1043.915s][36520] GC(24793)         Humongous Candidates           skipped
[2025-05-12T23:25:33.936+0300][1043.915s][36520] GC(24793)         Humongous Reclaimed            skipped
[2025-05-12T23:25:33.936+0300][1043.915s][36520] GC(24793)       Redirty Logged Cards (ms):     Min:  0.0, Avg:  0.0, Max:  0.0, Diff:  0.0, Sum:  0.0, Workers: 2
[2025-05-12T23:25:33.936+0300][1043.915s][36520] GC(24793)         Redirtied Cards:               Min: 0, Avg:  0.0, Max: 0, Diff: 0, Sum: 0, Workers: 2
[2025-05-12T23:25:33.936+0300][1043.915s][36520] GC(24793)       Resize TLABs (ms):             Min:  0.0, Avg:  0.0, Max:  0.0, Diff:  0.0, Sum:  0.0, Workers: 2
[2025-05-12T23:25:33.936+0300][1043.915s][36520] GC(24793)       Free Collection Set (ms):      Min:  0.0, Avg:  0.0, Max:  0.0, Diff:  0.0, Sum:  0.0, Workers: 2
[2025-05-12T23:25:33.936+0300][1043.915s][36520] GC(24793)     Rebuild Free List: 0.1ms
[2025-05-12T23:25:33.936+0300][1043.915s][36520] GC(24793)     Prepare For Mutator: 0.1ms
[2025-05-12T23:25:33.936+0300][1043.915s][36520] GC(24793)     Expand Heap After Collection: 0.0ms
[2025-05-12T23:25:33.936+0300][1043.915s][36520] GC(24793)   Other: 0.2ms
[2025-05-12T23:25:33.936+0300][1043.915s][36520] GC(24793) Coarsening (recent): Inline->AoC 0 (0) AoC->Howl 0 (0) Howl->Full 0 (0) Inline->AoC 0 (0) AoC->BitMap 0 (0) BitMap->Full 0 (0) 
[2025-05-12T23:25:33.936+0300][1043.915s][36520] GC(24793) Coarsening (all): Inline->AoC 10920 (0) AoC->Howl 7731 (0) Howl->Full 0 (0) Inline->AoC 10809 (0) AoC->BitMap 7399 (0) BitMap->Full 0 (0) 
[2025-05-12T23:25:33.936+0300][1043.915s][36520] GC(24793) Eden regions: 1->0(0)
[2025-05-12T23:25:33.936+0300][1043.915s][36520] GC(24793) Survivor regions: 0->0(0)
[2025-05-12T23:25:33.936+0300][1043.915s][36520] GC(24793) Old regions: 11->12
[2025-05-12T23:25:33.936+0300][1043.915s][36520] GC(24793) Humongous regions: 0->0
[2025-05-12T23:25:33.936+0300][1043.915s][36520] GC(24793) Metaspace: 10759K(12736K)->10759K(12736K) NonClass: 9683K(11328K)->9683K(11328K) Class: 1076K(1408K)->1076K(1408K)
[2025-05-12T23:25:33.936+0300][1043.915s][36520] GC(24793) Heap after GC invocations=21240 (full 7126):
[2025-05-12T23:25:33.936+0300][1043.915s][36520] GC(24793)  garbage-first heap   total 12288K, used 12242K [0x00000000ff400000, 0x0000000100000000)
[2025-05-12T23:25:33.936+0300][1043.915s][36520] GC(24793)   region size 1024K, 0 young (0K), 0 survivors (0K)
[2025-05-12T23:25:33.936+0300][1043.915s][36520] GC(24793)  Metaspace       used 10759K, committed 12736K, reserved 1114112K
[2025-05-12T23:25:33.936+0300][1043.915s][36520] GC(24793)   class space    used 1076K, committed 1408K, reserved 1048576K
[2025-05-12T23:25:33.936+0300][1043.915s][36520] GC(24793) Pause Young (Normal) (G1 Evacuation Pause) (Evacuation Failure) 11M->11M(12M) 3.032ms
[2025-05-12T23:25:33.936+0300][1043.915s][36520] GC(24793) User=0.00s Sys=0.00s Real=0.00s
[2025-05-12T23:25:33.936+0300][1043.915s][36520] Attempt heap expansion (allocation request failed). Allocation request: 2048B
[2025-05-12T23:25:33.936+0300][1043.915s][36520] Expand the heap. requested expansion amount: 1048576B expansion amount: 1048576B
[2025-05-12T23:25:33.936+0300][1043.915s][36520] Did not expand the heap (heap already fully expanded)
[2025-05-12T23:25:33.936+0300][1043.915s][36520] Attempting full compaction
[2025-05-12T23:25:33.936+0300][1043.915s][36520] GC(24794) Pause Full (G1 Compaction Pause)
[2025-05-12T23:25:33.936+0300][1043.915s][36520] GC(24794) Heap before GC invocations=21240 (full 7126):
[2025-05-12T23:25:33.936+0300][1043.915s][36520] GC(24794)  garbage-first heap   total 12288K, used 12242K [0x00000000ff400000, 0x0000000100000000)
[2025-05-12T23:25:33.936+0300][1043.915s][36520] GC(24794)   region size 1024K, 0 young (0K), 0 survivors (0K)
[2025-05-12T23:25:33.936+0300][1043.915s][36520] GC(24794)  Metaspace       used 10759K, committed 12736K, reserved 1114112K
[2025-05-12T23:25:33.936+0300][1043.915s][36520] GC(24794)   class space    used 1076K, committed 1408K, reserved 1048576K
[2025-05-12T23:25:33.936+0300][1043.915s][36520] GC(24794) Requesting 1 active workers for full compaction (waste limited workers: 1, adaptive workers: 2, used limited workers: 12)
[2025-05-12T23:25:33.936+0300][1043.915s][36520] GC(24794) Using 1 workers of 10 for full compaction
[2025-05-12T23:25:33.936+0300][1043.915s][36520] GC(24794) Mutator Allocation stats, regions: 0, wasted size: 0B ( 0.0%)
[2025-05-12T23:25:33.936+0300][1043.915s][36520] GC(24794) Phase 1: Mark live objects
[2025-05-12T23:25:33.944+0300][1043.922s][36520] GC(24794) Phase 1: Reference Processing
[2025-05-12T23:25:33.944+0300][1043.922s][36520] GC(24794) ReferenceProcessor::execute queues: 1, RefProcThreadModel::Single, marks_oops_alive: false
[2025-05-12T23:25:33.944+0300][1043.922s][36520] GC(24794) Skipped KeepAliveFinalRefsPhase of Reference Processing: no references
[2025-05-12T23:25:33.944+0300][1043.923s][36520] GC(24794) ReferenceProcessor::execute queues: 1, RefProcThreadModel::Single, marks_oops_alive: false
[2025-05-12T23:25:33.944+0300][1043.923s][36520] GC(24794) Reference Processing: 0.0ms
[2025-05-12T23:25:33.944+0300][1043.923s][36520] GC(24794)   Notify Soft/WeakReferences: 0.0ms
[2025-05-12T23:25:33.944+0300][1043.923s][36520] GC(24794)     SoftRef: 0.0ms
[2025-05-12T23:25:33.944+0300][1043.923s][36520] GC(24794)     WeakRef: 0.0ms
[2025-05-12T23:25:33.944+0300][1043.923s][36520] GC(24794)     FinalRef: 0.0ms
[2025-05-12T23:25:33.944+0300][1043.923s][36520] GC(24794)     Total: 0.0ms
[2025-05-12T23:25:33.944+0300][1043.923s][36520] GC(24794)   Notify and keep alive finalizable: 0.0ms
[2025-05-12T23:25:33.944+0300][1043.923s][36520] GC(24794)     FinalRef: skipped
[2025-05-12T23:25:33.944+0300][1043.923s][36520] GC(24794)   Notify PhantomReferences: 0.0ms
[2025-05-12T23:25:33.944+0300][1043.923s][36520] GC(24794)     PhantomRef: 0.0ms
[2025-05-12T23:25:33.944+0300][1043.923s][36520] GC(24794)   SoftReference Discovered: 46, Dropped: 4, Processed: 42
[2025-05-12T23:25:33.944+0300][1043.923s][36520] GC(24794)   WeakReference Discovered: 34, Dropped: 13, Processed: 21
[2025-05-12T23:25:33.944+0300][1043.923s][36520] GC(24794)   FinalReference Discovered: 0, Dropped: 0, Processed: 0
[2025-05-12T23:25:33.944+0300][1043.923s][36520] GC(24794)   PhantomReference Discovered: 23, Dropped: 23, Processed: 0
[2025-05-12T23:25:33.944+0300][1043.923s][36520] GC(24794) Phase 1: Reference Processing 0.240ms
[2025-05-12T23:25:33.944+0300][1043.923s][36520] GC(24794) Phase 1: Weak Processing
[2025-05-12T23:25:33.944+0300][1043.923s][36520] GC(24794)   VM Weak                        Min:  0.0, Avg:  0.0, Max:  0.0, Diff:  0.0, Sum:  0.0, Workers: 10
[2025-05-12T23:25:33.944+0300][1043.923s][36520] GC(24794)     Dead                           Min: 0, Avg:  2.1, Max: 21, Diff: 21, Sum: 21, Workers: 10
[2025-05-12T23:25:33.944+0300][1043.923s][36520] GC(24794)     Total                          Min: 0, Avg:  6.7, Max: 63, Diff: 63, Sum: 67, Workers: 10
[2025-05-12T23:25:33.944+0300][1043.923s][36520] GC(24794)   ObjectSynchronizer Weak        Min:  0.0, Avg:  0.0, Max:  0.0, Diff:  0.0, Sum:  0.0, Workers: 10
[2025-05-12T23:25:33.944+0300][1043.923s][36520] GC(24794)     Dead                           Min: 0, Avg:  0.0, Max: 0, Diff: 0, Sum: 0, Workers: 10
[2025-05-12T23:25:33.944+0300][1043.923s][36520] GC(24794)     Total                          Min: 0, Avg:  0.1, Max: 1, Diff: 1, Sum: 1, Workers: 10
[2025-05-12T23:25:33.944+0300][1043.923s][36520] GC(24794)   JVMTI Tag Weak OopStorage      Min:  0.0, Avg:  0.0, Max:  0.1, Diff:  0.0, Sum:  0.5, Workers: 10
[2025-05-12T23:25:33.944+0300][1043.923s][36520] GC(24794)     Dead                           Min: 0, Avg:  2.1, Max: 21, Diff: 21, Sum: 21, Workers: 10
[2025-05-12T23:25:33.944+0300][1043.923s][36520] GC(24794)     Total                          Min: 4516, Avg: 6289.9, Max: 15784, Diff: 11268, Sum: 62899, Workers: 10
[2025-05-12T23:25:33.944+0300][1043.923s][36520] GC(24794)   StringTable Weak               Min:  0.0, Avg:  0.0, Max:  0.0, Diff:  0.0, Sum:  0.2, Workers: 10
[2025-05-12T23:25:33.944+0300][1043.923s][36520] GC(24794)     Dead                           Min: 4, Avg: 14.1, Max: 51, Diff: 47, Sum: 141, Workers: 10
[2025-05-12T23:25:33.944+0300][1043.923s][36520] GC(24794)     Total                          Min: 3454, Avg: 3952.9, Max: 4991, Diff: 1537, Sum: 39529, Workers: 10
[2025-05-12T23:25:33.944+0300][1043.923s][36520] GC(24794)   ResolvedMethodTable Weak       Min:  0.0, Avg:  0.0, Max:  0.0, Diff:  0.0, Sum:  0.0, Workers: 10
[2025-05-12T23:25:33.944+0300][1043.923s][36520] GC(24794)     Dead                           Min: 0, Avg:  5.2, Max: 24, Diff: 24, Sum: 52, Workers: 10
[2025-05-12T23:25:33.944+0300][1043.923s][36520] GC(24794)     Total                          Min: 0, Avg: 84.0, Max: 127, Diff: 127, Sum: 840, Workers: 10
[2025-05-12T23:25:33.944+0300][1043.923s][36520] GC(24794)   JNI Weak                       Min:  0.0, Avg:  0.0, Max:  0.0, Diff:  0.0, Sum:  0.0, Workers: 10
[2025-05-12T23:25:33.944+0300][1043.923s][36520] GC(24794)     Dead                           Min: 0, Avg:  0.0, Max: 0, Diff: 0, Sum: 0, Workers: 10
[2025-05-12T23:25:33.944+0300][1043.923s][36520] GC(24794)     Total                          Min: 0, Avg:  1.1, Max: 11, Diff: 11, Sum: 11, Workers: 10
[2025-05-12T23:25:33.944+0300][1043.923s][36520] GC(24794)   StringDedup Table Weak         Min:  0.0, Avg:  0.0, Max:  0.0, Diff:  0.0, Sum:  0.0, Workers: 10
[2025-05-12T23:25:33.944+0300][1043.923s][36520] GC(24794)     Dead                           Min: 0, Avg:  0.0, Max: 0, Diff: 0, Sum: 0, Workers: 10
[2025-05-12T23:25:33.944+0300][1043.923s][36520] GC(24794)     Total                          Min: 0, Avg:  0.0, Max: 0, Diff: 0, Sum: 0, Workers: 10
[2025-05-12T23:25:33.944+0300][1043.923s][36520] GC(24794)   StringDedup Requests0 Weak     Min:  0.0, Avg:  0.0, Max:  0.0, Diff:  0.0, Sum:  0.0, Workers: 10
[2025-05-12T23:25:33.944+0300][1043.923s][36520] GC(24794)     Dead                           Min: 0, Avg:  0.0, Max: 0, Diff: 0, Sum: 0, Workers: 10
[2025-05-12T23:25:33.944+0300][1043.923s][36520] GC(24794)     Total                          Min: 0, Avg:  0.0, Max: 0, Diff: 0, Sum: 0, Workers: 10
[2025-05-12T23:25:33.944+0300][1043.923s][36520] GC(24794)   StringDedup Requests1 Weak     Min:  0.0, Avg:  0.0, Max:  0.0, Diff:  0.0, Sum:  0.0, Workers: 10
[2025-05-12T23:25:33.944+0300][1043.923s][36520] GC(24794)     Dead                           Min: 0, Avg:  0.0, Max: 0, Diff: 0, Sum: 0, Workers: 10
[2025-05-12T23:25:33.944+0300][1043.923s][36520] GC(24794)     Total                          Min: 0, Avg:  0.0, Max: 0, Diff: 0, Sum: 0, Workers: 10
[2025-05-12T23:25:33.944+0300][1043.923s][36520] GC(24794)   Weak JFR Old Object Samples    Min:  0.0, Avg:  0.0, Max:  0.0, Diff:  0.0, Sum:  0.0, Workers: 10
[2025-05-12T23:25:33.944+0300][1043.923s][36520] GC(24794)     Dead                           Min: 0, Avg:  0.0, Max: 0, Diff: 0, Sum: 0, Workers: 10
[2025-05-12T23:25:33.944+0300][1043.923s][36520] GC(24794)     Total                          Min: 0, Avg:  0.0, Max: 0, Diff: 0, Sum: 0, Workers: 10
[2025-05-12T23:25:33.944+0300][1043.923s][36520] GC(24794) Phase 1: Weak Processing 0.493ms
[2025-05-12T23:25:33.944+0300][1043.923s][36520] GC(24794) Phase 1: Class Unloading and Cleanup
[2025-05-12T23:25:33.944+0300][1043.923s][36520] GC(24794) ClassLoaderData
[2025-05-12T23:25:33.945+0300][1043.923s][36520] GC(24794) ClassLoaderData 0.069ms
[2025-05-12T23:25:33.945+0300][1043.923s][36520] GC(24794) Trigger cleanups
[2025-05-12T23:25:33.945+0300][1043.923s][36520] GC(24794) Trigger cleanups 0.009ms
[2025-05-12T23:25:33.948+0300][1043.927s][36520] GC(24794) Phase 1: Class Unloading and Cleanup 3.966ms
[2025-05-12T23:25:33.948+0300][1043.927s][36520] GC(24794) Report Object Count
[2025-05-12T23:25:33.948+0300][1043.927s][36520] GC(24794) Report Object Count 0.012ms
[2025-05-12T23:25:33.948+0300][1043.927s][36520] GC(24794) Phase 1: Mark live objects 11.711ms
[2025-05-12T23:25:33.948+0300][1043.927s][36520] GC(24794) Phase 2: Prepare compaction
[2025-05-12T23:25:33.949+0300][1043.927s][36520] GC(24794) Phase 2: Determine work lists
[2025-05-12T23:25:33.949+0300][1043.927s][36520] GC(24794) Phase 2: Determine work lists 0.010ms
[2025-05-12T23:25:33.949+0300][1043.927s][36520] GC(24794) Phase 2: Prepare parallel compaction
[2025-05-12T23:25:33.949+0300][1043.927s][36520] GC(24794) Phase 2: Prepare parallel compaction 0.247ms
[2025-05-12T23:25:33.949+0300][1043.928s][36520] GC(24794) Phase 2: Prepare compaction 0.302ms
[2025-05-12T23:25:33.949+0300][1043.928s][36520] GC(24794) Phase 3: Adjust pointers
[2025-05-12T23:25:33.953+0300][1043.932s][36520] GC(24794) Phase 3: Adjust pointers 4.275ms
[2025-05-12T23:25:33.953+0300][1043.932s][36520] GC(24794) Phase 4: Compact heap
[2025-05-12T23:25:33.953+0300][1043.932s][36520] GC(24794) Phase 4: Compact heap 0.190ms
[2025-05-12T23:25:33.953+0300][1043.932s][36520] GC(24794) Phase 5: Reset Metadata
[2025-05-12T23:25:33.954+0300][1043.934s][36520] GC(24794) Phase 5: Reset Metadata 1.508ms
[2025-05-12T23:25:33.955+0300][1043.934s][36520] GC(24794) Running G1 Clear Bitmap with 1 workers for 1 work units.
[2025-05-12T23:25:33.956+0300][1043.935s][36520] GC(24794) Request concurrent cycle initiation (occupancy higher than threshold) occupancy: 11534336B allocation request: 0B threshold: 3787132B (30.10) source: end of Full GC
[2025-05-12T23:25:33.956+0300][1043.935s][36520] Old generation allocation in the last mutator period, old gen allocated: 0B, humongous allocated: 0B, old gen growth: 0B.
[2025-05-12T23:25:33.956+0300][1043.935s][36520] GC(24794) Coarsening (recent): Inline->AoC 0 (0) AoC->Howl 0 (0) Howl->Full 0 (0) Inline->AoC 0 (0) AoC->BitMap 0 (0) BitMap->Full 0 (0) 
[2025-05-12T23:25:33.956+0300][1043.935s][36520] GC(24794) Coarsening (all): Inline->AoC 10920 (0) AoC->Howl 7731 (0) Howl->Full 0 (0) Inline->AoC 10809 (0) AoC->BitMap 7399 (0) BitMap->Full 0 (0) 
[2025-05-12T23:25:33.956+0300][1043.935s][36520] GC(24794) Eden regions: 0->0(1)
[2025-05-12T23:25:33.956+0300][1043.936s][36520] GC(24794) Survivor regions: 0->0(0)
[2025-05-12T23:25:33.956+0300][1043.936s][36520] GC(24794) Old regions: 12->11
[2025-05-12T23:25:33.956+0300][1043.936s][36520] GC(24794) Humongous regions: 0->0
[2025-05-12T23:25:33.956+0300][1043.936s][36520] GC(24794) Metaspace: 10759K(12736K)->10716K(12736K) NonClass: 9683K(11328K)->9652K(11328K) Class: 1076K(1408K)->1064K(1408K)
[2025-05-12T23:25:33.956+0300][1043.936s][36520] GC(24794) Heap after GC invocations=21241 (full 7127):
[2025-05-12T23:25:33.956+0300][1043.936s][36520] GC(24794)  garbage-first heap   total 12288K, used 11175K [0x00000000ff400000, 0x0000000100000000)
[2025-05-12T23:25:33.956+0300][1043.936s][36520] GC(24794)   region size 1024K, 0 young (0K), 0 survivors (0K)
[2025-05-12T23:25:33.956+0300][1043.936s][36520] GC(24794)  Metaspace       used 10716K, committed 12736K, reserved 1114112K
[2025-05-12T23:25:33.956+0300][1043.936s][36520] GC(24794)   class space    used 1064K, committed 1408K, reserved 1048576K
[2025-05-12T23:25:33.956+0300][1043.936s][36520] GC(24794) Pause Full (G1 Compaction Pause) 11M->10M(12M) 20.218ms
[2025-05-12T23:25:33.956+0300][1043.936s][36520] GC(24794) User=0.00s Sys=0.00s Real=0.02s
[2025-05-12T23:25:33.956+0300][1043.936s][9340 ] G1 Service Thread (Card Set Free Memory Task) (run: 21.814ms) (cpu: 0.000ms)
[2025-05-12T23:25:33.972+0300][1043.951s][36520] GC(24795) Initiate concurrent cycle (concurrent cycle initiation requested)
[2025-05-12T23:25:33.972+0300][1043.951s][36520] GC(24795) Pause Young (Concurrent Start) (G1 Evacuation Pause)
[2025-05-12T23:25:33.972+0300][1043.951s][36520] GC(24795) Heap before GC invocations=21241 (full 7127):
[2025-05-12T23:25:33.972+0300][1043.951s][36520] GC(24795)  garbage-first heap   total 12288K, used 12199K [0x00000000ff400000, 0x0000000100000000)
[2025-05-12T23:25:33.972+0300][1043.951s][36520] GC(24795)   region size 1024K, 1 young (1024K), 0 survivors (0K)
[2025-05-12T23:25:33.972+0300][1043.951s][36520] GC(24795)  Metaspace       used 10757K, committed 12736K, reserved 1114112K
[2025-05-12T23:25:33.972+0300][1043.951s][36520] GC(24795)   class space    used 1075K, committed 1408K, reserved 1048576K
[2025-05-12T23:25:33.972+0300][1043.951s][36520] GC(24795) Using 2 workers of 10 for evacuation
[2025-05-12T23:25:33.972+0300][1043.951s][36520] GC(24795) Desired survivor size 524288 bytes, new threshold 15 (max threshold 15)
[2025-05-12T23:25:33.973+0300][1043.951s][36520] GC(24795) TLAB totals: thrds: 1  refills: 319 max: 319 slow allocs: 159 max 159 waste: 22.1% gc: 0B max: 0B slow: 191328B max: 191328B
[2025-05-12T23:25:33.973+0300][1043.951s][36520] GC(24795) Mutator refinement: 0.00ms, refined: 0, precleaned: 0, dirtied: 89
[2025-05-12T23:25:33.973+0300][1043.951s][36520] GC(24795) Concurrent refinement: 0.00ms, refined: 0, precleaned: 0, dirtied: 0
[2025-05-12T23:25:33.973+0300][1043.951s][36520] GC(24795) Total refinement: 0.00ms, refined: 0, precleaned: 0, dirtied: 89
[2025-05-12T23:25:33.973+0300][1043.951s][36520] GC(24795) Generate dirty cards rate: 5.58 cards/ms
[2025-05-12T23:25:33.973+0300][1043.951s][36520] GC(24795) Mutator Allocation stats, regions: 1, wasted size: 1368B ( 0.1%)
[2025-05-12T23:25:33.973+0300][1043.951s][36520] GC(24795) No candidates to reclaim.
[2025-05-12T23:25:33.973+0300][1043.952s][36520] GC(24795) Running G1 Merge Heap Roots using 2 workers for 1 regions
[2025-05-12T23:25:33.973+0300][1043.952s][36520] GC(24795) Visited cards 992 Total dirty 12288 (8.07%) Total old 26624 (3.73%)
[2025-05-12T23:25:33.973+0300][1043.952s][28072] GC(24795) Attempt heap expansion (region allocation request failed). Allocation request: 2064B
[2025-05-12T23:25:33.973+0300][1043.952s][28072] GC(24795) Did not expand the heap (heap already fully expanded)
[2025-05-12T23:25:33.973+0300][1043.952s][36520] GC(24795) ReferenceProcessor::execute queues: 1, RefProcThreadModel::Single, marks_oops_alive: false
[2025-05-12T23:25:33.973+0300][1043.952s][36520] GC(24795) Skipped KeepAliveFinalRefsPhase of Reference Processing: no references
[2025-05-12T23:25:33.973+0300][1043.952s][36520] GC(24795) Skipped PhantomRefsPhase of Reference Processing: no references
[2025-05-12T23:25:33.973+0300][1043.952s][36520] GC(24795) Initializing removing self forwards with 64 chunks per region
[2025-05-12T23:25:33.974+0300][1043.953s][36520] GC(24795) Running G1 Rebuild Free List Task using 2 workers for rebuilding free list of regions
[2025-05-12T23:25:33.974+0300][1043.953s][36520] GC(24795) Young PLAB allocation: allocated: 0B, wasted: 0B, unused: 0B, used: 0B, undo waste: 0B, 
[2025-05-12T23:25:33.974+0300][1043.953s][36520] GC(24795) Young other allocation: region end waste: 0B, regions filled: 0, num plab filled: 2, direct allocated: 0B, num direct allocated: 0, failure used: 0B, failure wasted: 0B
[2025-05-12T23:25:33.974+0300][1043.953s][36520] GC(24795) Young sizing: calculated: 0B, actual: 2064B
[2025-05-12T23:25:33.974+0300][1043.953s][36520] GC(24795) Old PLAB allocation: allocated: 0B, wasted: 0B, unused: 0B, used: 0B, undo waste: 0B, 
[2025-05-12T23:25:33.974+0300][1043.953s][36520] GC(24795) Old other allocation: region end waste: 0B, regions filled: 0, num plab filled: 2, direct allocated: 0B, num direct allocated: 0, failure used: 221112B, failure wasted: 827464B
[2025-05-12T23:25:33.974+0300][1043.953s][36520] GC(24795) Old sizing: calculated: 0B, actual: 2064B
[2025-05-12T23:25:33.974+0300][1043.953s][36520] GC(24795) Heap expansion: short term pause time ratio 39.10% long term pause time ratio 40.69% threshold 7.69% pause time ratio 7.69% fully expanded true resize by 0B
[2025-05-12T23:25:33.974+0300][1043.953s][36520] GC(24795) MMU: 7.4ms (200.0ms/201.0ms)
[2025-05-12T23:25:33.974+0300][1043.953s][36520] Old generation allocation in the last mutator period, old gen allocated: 1048576B, humongous allocated: 0B, old gen growth: 1048576B.
[2025-05-12T23:25:33.974+0300][1043.953s][36520] GC(24795) Basic information (value update), threshold: 3601103B (28.62), target occupancy: 12582912B, current occupancy: 12492720B, recent allocation size: 1048576B, recent allocation duration: 15.95ms, recent old gen allocation rate: 65760819.80B/s, recent marking phase length: 120.12ms
[2025-05-12T23:25:33.974+0300][1043.953s][9340 ] G1 Service Thread (Card Set Free Memory Task) (run 0.043ms after schedule)
[2025-05-12T23:25:33.974+0300][1043.953s][36520] GC(24795) Adaptive IHOP information (value update), threshold: 3601103B (33.67), internal target occupancy: 10695475B, occupancy: 12492720B, additional buffer size: 1048576B, predicted old gen allocation rate: 50096558.42B/s, predicted marking phase length: 120.68ms, prediction active: true
[2025-05-12T23:25:33.974+0300][1043.953s][36520] GC(24795) GC refinement: goal: 18446744073709551615 + 100 / 20.00ms, actual: 89 / 0.03ms, 
[2025-05-12T23:25:33.974+0300][1043.953s][36520] GC(24795) Unchanged pending cards target: 18446744073709551615
[2025-05-12T23:25:33.974+0300][1043.953s][36520] GC(24795)   Pre Evacuate Collection Set: 0.2ms
[2025-05-12T23:25:33.974+0300][1043.953s][36520] GC(24795)     Pre Evacuate Prepare: 0.1ms
[2025-05-12T23:25:33.974+0300][1043.953s][36520] GC(24795)       JT Retire TLABs And Flush Logs (ms): Min:  0.0, Avg:  0.0, Max:  0.0, Diff:  0.0, Sum:  0.0, Workers: 2
[2025-05-12T23:25:33.974+0300][1043.953s][36520] GC(24795)       Non-JT Flush Logs (ms):        Min:  0.0, Avg:  0.0, Max:  0.0, Diff:  0.0, Sum:  0.0, Workers: 1
[2025-05-12T23:25:33.974+0300][1043.953s][36520] GC(24795)     Choose Collection Set: 0.0ms
[2025-05-12T23:25:33.974+0300][1043.953s][36520] GC(24795)     Region Register: 0.1ms
[2025-05-12T23:25:33.974+0300][1043.953s][36520] GC(24795)     Prepare Heap Roots: 0.0ms
[2025-05-12T23:25:33.974+0300][1043.953s][36520] GC(24795)     Reset Marking State (ms):      Min:  0.0, Avg:  0.0, Max:  0.0, Diff:  0.0, Sum:  0.0, Workers: 1
[2025-05-12T23:25:33.974+0300][1043.953s][36520] GC(24795)     Note Start Of Mark (ms):       Min:  0.0, Avg:  0.0, Max:  0.0, Diff:  0.0, Sum:  0.0, Workers: 2
[2025-05-12T23:25:33.974+0300][1043.953s][36520] GC(24795)   Merge Heap Roots: 0.1ms
[2025-05-12T23:25:33.974+0300][1043.953s][36520] GC(24795)     Prepare Merge Heap Roots: 0.0ms
[2025-05-12T23:25:33.974+0300][1043.953s][36520] GC(24795)     Remembered Sets (ms):          Min:  0.0, Avg:  0.0, Max:  0.0, Diff:  0.0, Sum:  0.0, Workers: 2
[2025-05-12T23:25:33.974+0300][1043.953s][36520] GC(24795)       Eager Reclaim (ms):            skipped
[2025-05-12T23:25:33.974+0300][1043.953s][36520] GC(24795)       Merged Inline                  Min: 0, Avg:  0.0, Max: 0, Diff: 0, Sum: 0, Workers: 2
[2025-05-12T23:25:33.974+0300][1043.953s][36520] GC(24795)       Merged ArrayOfCards            Min: 0, Avg:  0.0, Max: 0, Diff: 0, Sum: 0, Workers: 2
[2025-05-12T23:25:33.974+0300][1043.953s][36520] GC(24795)       Merged Howl                    Min: 0, Avg:  0.0, Max: 0, Diff: 0, Sum: 0, Workers: 2
[2025-05-12T23:25:33.974+0300][1043.953s][36520] GC(24795)       Merged Full                    Min: 0, Avg:  0.0, Max: 0, Diff: 0, Sum: 0, Workers: 2
[2025-05-12T23:25:33.974+0300][1043.953s][36520] GC(24795)       Merged Howl Inline             Min: 0, Avg:  0.0, Max: 0, Diff: 0, Sum: 0, Workers: 2
[2025-05-12T23:25:33.974+0300][1043.953s][36520] GC(24795)       Merged Howl ArrayOfCards       Min: 0, Avg:  0.0, Max: 0, Diff: 0, Sum: 0, Workers: 2
[2025-05-12T23:25:33.974+0300][1043.953s][36520] GC(24795)       Merged Howl BitMap             Min: 0, Avg:  0.0, Max: 0, Diff: 0, Sum: 0, Workers: 2
[2025-05-12T23:25:33.974+0300][1043.953s][36520] GC(24795)       Merged Howl Full               Min: 0, Avg:  0.0, Max: 0, Diff: 0, Sum: 0, Workers: 2
[2025-05-12T23:25:33.974+0300][1043.953s][36520] GC(24795)       Merged Cards                   Min: 8, Avg:  8.0, Max: 8, Diff: 0, Sum: 16, Workers: 2
[2025-05-12T23:25:33.974+0300][1043.953s][36520] GC(24795)     Log Buffers (ms):              Min:  0.0, Avg:  0.0, Max:  0.0, Diff:  0.0, Sum:  0.0, Workers: 2
[2025-05-12T23:25:33.974+0300][1043.953s][36520] GC(24795)       Dirty Cards:                   Min: 0, Avg: 44.5, Max: 89, Diff: 89, Sum: 89, Workers: 2
[2025-05-12T23:25:33.974+0300][1043.953s][36520] GC(24795)       Skipped Cards:                 Min: 0, Avg:  0.0, Max: 0, Diff: 0, Sum: 0, Workers: 2
[2025-05-12T23:25:33.974+0300][1043.953s][36520] GC(24795)   Evacuate Collection Set: 0.5ms
[2025-05-12T23:25:33.974+0300][1043.953s][36520] GC(24795)     Ext Root Scanning (ms):        Min:  0.1, Avg:  0.2, Max:  0.2, Diff:  0.0, Sum:  0.3, Workers: 2
[2025-05-12T23:25:33.974+0300][1043.953s][36520] GC(24795)     Scan Heap Roots (ms):          Min:  0.0, Avg:  0.0, Max:  0.0, Diff:  0.0, Sum:  0.1, Workers: 2
[2025-05-12T23:25:33.974+0300][1043.953s][36520] GC(24795)       Scanned Cards:                 Min: 38, Avg: 44.5, Max: 51, Diff: 13, Sum: 89, Workers: 2
[2025-05-12T23:25:33.974+0300][1043.953s][36520] GC(24795)       Scanned Blocks:                Min: 19, Avg: 29.5, Max: 40, Diff: 21, Sum: 59, Workers: 2
[2025-05-12T23:25:33.974+0300][1043.953s][36520] GC(24795)       Claimed Chunks:                Min: 12, Avg: 15.5, Max: 19, Diff: 7, Sum: 31, Workers: 2
[2025-05-12T23:25:33.974+0300][1043.953s][36520] GC(24795)       Found Roots:                   Min: 52, Avg: 58.0, Max: 64, Diff: 12, Sum: 116, Workers: 2
[2025-05-12T23:25:33.974+0300][1043.953s][36520] GC(24795)     Code Root Scan (ms):           Min:  0.0, Avg:  0.0, Max:  0.0, Diff:  0.0, Sum:  0.0, Workers: 2
[2025-05-12T23:25:33.974+0300][1043.953s][36520] GC(24795)     Object Copy (ms):              Min:  0.2, Avg:  0.2, Max:  0.2, Diff:  0.1, Sum:  0.4, Workers: 2
[2025-05-12T23:25:33.974+0300][1043.953s][36520] GC(24795)     Termination (ms):              Min:  0.0, Avg:  0.0, Max:  0.0, Diff:  0.0, Sum:  0.0, Workers: 2
[2025-05-12T23:25:33.974+0300][1043.953s][36520] GC(24795)       Termination Attempts:          Min: 1, Avg:  1.0, Max: 1, Diff: 0, Sum: 2, Workers: 2
[2025-05-12T23:25:33.974+0300][1043.953s][36520] GC(24795)     GC Worker Other (ms):          Min:  0.0, Avg:  0.0, Max:  0.0, Diff:  0.0, Sum:  0.0, Workers: 2
[2025-05-12T23:25:33.974+0300][1043.953s][36520] GC(24795)     GC Worker Total (ms):          Min:  0.4, Avg:  0.4, Max:  0.4, Diff:  0.0, Sum:  0.8, Workers: 2
[2025-05-12T23:25:33.974+0300][1043.953s][36520] GC(24795)   Post Evacuate Collection Set: 0.6ms
[2025-05-12T23:25:33.974+0300][1043.953s][36520] GC(24795)     NMethod List Cleanup: 0.0ms
[2025-05-12T23:25:33.974+0300][1043.953s][36520] GC(24795)     Reference Processing: 0.1ms
[2025-05-12T23:25:33.974+0300][1043.953s][36520] GC(24795)       Notify Soft/WeakReferences: 0.1ms
[2025-05-12T23:25:33.974+0300][1043.953s][36520] GC(24795)         SoftRef (ms):                  Min:  0.0, Avg:  0.0, Max:  0.0, Diff:  0.0, Sum:  0.0, Workers: 1
[2025-05-12T23:25:33.974+0300][1043.953s][36520] GC(24795)         WeakRef (ms):                  Min:  0.0, Avg:  0.0, Max:  0.0, Diff:  0.0, Sum:  0.0, Workers: 1
[2025-05-12T23:25:33.974+0300][1043.953s][36520] GC(24795)         FinalRef (ms):                 Min:  0.0, Avg:  0.0, Max:  0.0, Diff:  0.0, Sum:  0.0, Workers: 1
[2025-05-12T23:25:33.974+0300][1043.953s][36520] GC(24795)         Total (ms):                    Min:  0.0, Avg:  0.0, Max:  0.0, Diff:  0.0, Sum:  0.0, Workers: 1
[2025-05-12T23:25:33.974+0300][1043.953s][36520] GC(24795)       Notify and keep alive finalizable: 0.0ms
[2025-05-12T23:25:33.974+0300][1043.953s][36520] GC(24795)         FinalRef (ms):                 skipped
[2025-05-12T23:25:33.974+0300][1043.953s][36520] GC(24795)       Notify PhantomReferences: 0.0ms
[2025-05-12T23:25:33.974+0300][1043.953s][36520] GC(24795)         PhantomRef (ms):               skipped
[2025-05-12T23:25:33.974+0300][1043.953s][36520] GC(24795)       SoftReference Discovered: 0, Dropped: 0, Processed: 0
[2025-05-12T23:25:33.974+0300][1043.953s][36520] GC(24795)       WeakReference Discovered: 37, Dropped: 14, Processed: 23
[2025-05-12T23:25:33.974+0300][1043.953s][36520] GC(24795)       FinalReference Discovered: 0, Dropped: 0, Processed: 0
[2025-05-12T23:25:33.974+0300][1043.954s][36520] GC(24795)       PhantomReference Discovered: 0, Dropped: 0, Processed: 0
[2025-05-12T23:25:33.974+0300][1043.954s][36520] GC(24795)     Weak Processing: 0.1ms
[2025-05-12T23:25:33.974+0300][1043.954s][36520] GC(24795)       VM Weak                        Min:  0.0, Avg:  0.0, Max:  0.0, Diff:  0.0, Sum:  0.0, Workers: 10
[2025-05-12T23:25:33.974+0300][1043.954s][36520] GC(24795)         Dead                           Min: 0, Avg:  0.0, Max: 0, Diff: 0, Sum: 0, Workers: 10
[2025-05-12T23:25:33.974+0300][1043.954s][36520] GC(24795)         Total                          Min: 0, Avg:  6.6, Max: 40, Diff: 40, Sum: 66, Workers: 10
[2025-05-12T23:25:33.974+0300][1043.954s][36520] GC(24795)       ObjectSynchronizer Weak        Min:  0.0, Avg:  0.0, Max:  0.0, Diff:  0.0, Sum:  0.0, Workers: 10
[2025-05-12T23:25:33.974+0300][1043.954s][36520] GC(24795)         Dead                           Min: 0, Avg:  0.0, Max: 0, Diff: 0, Sum: 0, Workers: 10
[2025-05-12T23:25:33.974+0300][1043.954s][36520] GC(24795)         Total                          Min: 0, Avg:  0.1, Max: 1, Diff: 1, Sum: 1, Workers: 10
[2025-05-12T23:25:33.974+0300][1043.954s][36520] GC(24795)       JVMTI Tag Weak OopStorage      Min:  0.0, Avg:  0.1, Max:  0.1, Diff:  0.0, Sum:  0.5, Workers: 10
[2025-05-12T23:25:33.974+0300][1043.954s][36520] GC(24795)         Dead                           Min: 0, Avg:  0.0, Max: 0, Diff: 0, Sum: 0, Workers: 10
[2025-05-12T23:25:33.974+0300][1043.954s][36520] GC(24795)         Total                          Min: 2756, Avg: 6289.8, Max: 9721, Diff: 6965, Sum: 62898, Workers: 10
[2025-05-12T23:25:33.974+0300][1043.954s][36520] GC(24795)       StringTable Weak               Min:  0.0, Avg:  0.0, Max:  0.0, Diff:  0.0, Sum:  0.2, Workers: 10
